
=== RUN 24/80 (GA clear_path_dyn) ===

[0.032s][info][gc,ref] Reference Processor created, Macros: ZUseSeparateDiscoveredLists=0, ZUseDynamicArray=1, ZUseOptimisedClearPath=1
[1.831s][info][gc,ref] GC(0) O:                           Encountered       Discovered Cleared/Enqueued 
[1.831s][info][gc,ref] GC(0) O: Soft References:                    0                0                0 
[1.831s][info][gc,ref] GC(0) O: Weak References:                    0                0                0 
[1.831s][info][gc,ref] GC(0) O: Weak (No Queue):                    0                0                0 
[1.831s][info][gc,ref] GC(0) O: Weak Fields:                        0                0                0 
[1.831s][info][gc,ref] GC(0) O: Final References:                   0                0                0 
[1.831s][info][gc,ref] GC(0) O: Phantom References:                 0                0                0 
[2.359s][info][gc,ref] GC(1) O:                           Encountered       Discovered Cleared/Enqueued 
[2.359s][info][gc,ref] GC(1) O: Soft References:                  142                0                0 
[2.359s][info][gc,ref] GC(1) O: Weak References:                  588                0                0 
[2.359s][info][gc,ref] GC(1) O: Weak (No Queue):                    3                0                0 
[2.359s][info][gc,ref] GC(1) O: Weak Fields:                        0                0                0 
[2.359s][info][gc,ref] GC(1) O: Final References:                   0                0                0 
[2.359s][info][gc,ref] GC(1) O: Phantom References:                 1                0                0 
[2.891s][info][gc,ref] GC(2) O:                           Encountered       Discovered Cleared/Enqueued 
[2.891s][info][gc,ref] GC(2) O: Soft References:                  161                0                0 
[2.891s][info][gc,ref] GC(2) O: Weak References:                  793                0                0 
[2.891s][info][gc,ref] GC(2) O: Weak (No Queue):                    3                0                0 
[2.891s][info][gc,ref] GC(2) O: Weak Fields:                        0                0                0 
[2.891s][info][gc,ref] GC(2) O: Final References:                   0                0                0 
[2.891s][info][gc,ref] GC(2) O: Phantom References:                 1                0                0 
WeakRefMultiObjectBenchmark: objects=7340009 minSize=509 maxSize=1097 sleepMillis=3000 iterations=3

=== Iteration 1 ===
Phase 1: Allocating references and objects...
[3.440s][info][gc,ref] GC(3) O:                           Encountered       Discovered Cleared/Enqueued 
[3.440s][info][gc,ref] GC(3) O: Soft References:                  238                0                0 
[3.440s][info][gc,ref] GC(3) O: Weak References:                 1349              200              121 
[3.440s][info][gc,ref] GC(3) O: Weak (No Queue):                    3                1                0 
[3.440s][info][gc,ref] GC(3) O: Weak Fields:                        0                0                0 
[3.440s][info][gc,ref] GC(3) O: Final References:                   0                0                0 
[3.440s][info][gc,ref] GC(3) O: Phantom References:                 1                0                0 
[4.204s][info][gc,ref] GC(4) O:                           Encountered       Discovered Cleared/Enqueued 
[4.204s][info][gc,ref] GC(4) O: Soft References:                  238                0                0 
[4.204s][info][gc,ref] GC(4) O: Weak References:                 1228              436               62 
[4.204s][info][gc,ref] GC(4) O: Weak (No Queue):                    3                3                0 
[4.204s][info][gc,ref] GC(4) O: Weak Fields:                        0                0                0 
[4.204s][info][gc,ref] GC(4) O: Final References:                   0                0                0 
[4.204s][info][gc,ref] GC(4) O: Phantom References:                 1                1                0 
[5.618s][info][gc,ref] GC(5) O:                           Encountered       Discovered Cleared/Enqueued 
[5.618s][info][gc,ref] GC(5) O: Soft References:                  238                0                0 
[5.618s][info][gc,ref] GC(5) O: Weak References:               368167              728              152 
[5.618s][info][gc,ref] GC(5) O: Weak (No Queue):              1041288                0                0 
[5.618s][info][gc,ref] GC(5) O: Weak Fields:                        0                0                0 
[5.618s][info][gc,ref] GC(5) O: Final References:                   0                0                0 
[5.618s][info][gc,ref] GC(5) O: Phantom References:                 1                1                0 
Allocated 7340009 objects in 4.35 seconds
Phase 2: Sleeping for 3000 ms...
[8.710s][info][gc,ref] GC(6) O:                           Encountered       Discovered Cleared/Enqueued 
[8.710s][info][gc,ref] GC(6) O: Soft References:                  238                0                0 
[8.710s][info][gc,ref] GC(6) O: Weak References:               368015              101                0 
[8.710s][info][gc,ref] GC(6) O: Weak (No Queue):              3979764                0                0 
[8.710s][info][gc,ref] GC(6) O: Weak Fields:                        0                0                0 
[8.710s][info][gc,ref] GC(6) O: Final References:                   0                0                0 
[8.710s][info][gc,ref] GC(6) O: Phantom References:                 1                0                0 
Phase 3.1: Clearing strong references...
Cleared 1468002 strong references, 5872007 remaining
Waiting 3000 ms...
[13.831s][info][gc,ref] GC(7) O:                           Encountered       Discovered Cleared/Enqueued 
[13.831s][info][gc,ref] GC(7) O: Soft References:                  238                0                0 
[13.831s][info][gc,ref] GC(7) O: Weak References:               368015           101116                0 
[13.831s][info][gc,ref] GC(7) O: Weak (No Queue):              6973011           286352                0 
[13.831s][info][gc,ref] GC(7) O: Weak Fields:                        0                0                0 
[13.831s][info][gc,ref] GC(7) O: Final References:                   0                0                0 
[13.831s][info][gc,ref] GC(7) O: Phantom References:                 1                0                0 
Phase 3.2: Clearing strong references...
Cleared 1468002 strong references, 4404005 remaining
Waiting 3000 ms...
Phase 3.3: Clearing strong references...
Cleared 1468002 strong references, 2936003 remaining
Waiting 3000 ms...
[19.580s][info][gc,ref] GC(8) O:                           Encountered       Discovered Cleared/Enqueued 
[19.580s][info][gc,ref] GC(8) O: Soft References:                  238                0                0 
[19.580s][info][gc,ref] GC(8) O: Weak References:               368015           264111           146292 
[19.580s][info][gc,ref] GC(8) O: Weak (No Queue):              6973011          2867079          1592052 
[19.580s][info][gc,ref] GC(8) O: Weak Fields:                        0                0                0 
[19.580s][info][gc,ref] GC(8) O: Final References:                   0                0                0 
[19.580s][info][gc,ref] GC(8) O: Phantom References:                 1                1                0 
Phase 3.4: Clearing strong references...
Cleared 1468002 strong references, 1468001 remaining
Waiting 3000 ms...
Phase 3.5: Clearing strong references...
Cleared 1468001 strong references, 0 remaining
Waiting 3000 ms...
[26.655s][info][gc,ref] GC(9) O:                           Encountered       Discovered Cleared/Enqueued 
[26.655s][info][gc,ref] GC(9) O: Soft References:                  238                0                0 
[26.655s][info][gc,ref] GC(9) O: Weak References:               221723           155749            73179 
[26.655s][info][gc,ref] GC(9) O: Weak (No Queue):              5380959          4141146          2592483 
[26.655s][info][gc,ref] GC(9) O: Weak Fields:                        0                0                0 
[26.655s][info][gc,ref] GC(9) O: Final References:                   0                0                0 
[26.655s][info][gc,ref] GC(9) O: Phantom References:                 1                1                0 
Waiting 6000 ms...
[32.602s][info][gc,ref] GC(10) O:                           Encountered       Discovered Cleared/Enqueued 
[32.602s][info][gc,ref] GC(10) O: Soft References:                  238                0                0 
[32.602s][info][gc,ref] GC(10) O: Weak References:               148544           147733           147530 
[32.602s][info][gc,ref] GC(10) O: Weak (No Queue):              2788476          2788473          2788473 
[32.602s][info][gc,ref] GC(10) O: Weak Fields:                        0                0                0 
[32.602s][info][gc,ref] GC(10) O: Final References:                   0                0                0 
[32.602s][info][gc,ref] GC(10) O: Phantom References:                 1                0                0 
Phase 4: Final weak reference checks...
Final count of alive weak references: 0
References enqueued in ReferenceQueue: 367001
Cooling down for 5 seconds...
[36.010s][info][gc,ref] GC(11) O:                           Encountered       Discovered Cleared/Enqueued 
[36.010s][info][gc,ref] GC(11) O: Soft References:                  238                0                0 
[36.010s][info][gc,ref] GC(11) O: Weak References:                 1014              428                0 
[36.010s][info][gc,ref] GC(11) O: Weak (No Queue):                    3                0                0 
[36.010s][info][gc,ref] GC(11) O: Weak Fields:                        0                0                0 
[36.010s][info][gc,ref] GC(11) O: Final References:                   0                0                0 
[36.010s][info][gc,ref] GC(11) O: Phantom References:                 1                1                0 
[36.551s][info][gc,ref] GC(12) O:                           Encountered       Discovered Cleared/Enqueued 
[36.551s][info][gc,ref] GC(12) O: Soft References:                  238                0                0 
[36.551s][info][gc,ref] GC(12) O: Weak References:                 1014              245                0 
[36.551s][info][gc,ref] GC(12) O: Weak (No Queue):                    3                3                0 
[36.551s][info][gc,ref] GC(12) O: Weak Fields:                        0                0                0 
[36.551s][info][gc,ref] GC(12) O: Final References:                   0                0                0 
[36.551s][info][gc,ref] GC(12) O: Phantom References:                 1                1                0 
[37.085s][info][gc,ref] GC(13) O:                           Encountered       Discovered Cleared/Enqueued 
[37.085s][info][gc,ref] GC(13) O: Soft References:                  238                0                0 
[37.085s][info][gc,ref] GC(13) O: Weak References:                 1014               62                0 
[37.085s][info][gc,ref] GC(13) O: Weak (No Queue):                    3                0                0 
[37.085s][info][gc,ref] GC(13) O: Weak Fields:                        0                0                0 
[37.085s][info][gc,ref] GC(13) O: Final References:                   0                0                0 
[37.085s][info][gc,ref] GC(13) O: Phantom References:                 1                1                0 
[37.621s][info][gc,ref] GC(14) O:                           Encountered       Discovered Cleared/Enqueued 
[37.621s][info][gc,ref] GC(14) O: Soft References:                  238                0                0 
[37.621s][info][gc,ref] GC(14) O: Weak References:                 1014                1                0 
[37.621s][info][gc,ref] GC(14) O: Weak (No Queue):                    3                0                0 
[37.621s][info][gc,ref] GC(14) O: Weak Fields:                        0                0                0 
[37.621s][info][gc,ref] GC(14) O: Final References:                   0                0                0 
[37.621s][info][gc,ref] GC(14) O: Phantom References:                 1                0                0 
[38.147s][info][gc,ref] GC(15) O:                           Encountered       Discovered Cleared/Enqueued 
[38.147s][info][gc,ref] GC(15) O: Soft References:                  238                0                0 
[38.147s][info][gc,ref] GC(15) O: Weak References:                 1014              120                0 
[38.147s][info][gc,ref] GC(15) O: Weak (No Queue):                    3                0                0 
[38.147s][info][gc,ref] GC(15) O: Weak Fields:                        0                0                0 
[38.147s][info][gc,ref] GC(15) O: Final References:                   0                0                0 
[38.147s][info][gc,ref] GC(15) O: Phantom References:                 1                0                0 
[38.681s][info][gc,ref] GC(16) O:                           Encountered       Discovered Cleared/Enqueued 
[38.681s][info][gc,ref] GC(16) O: Soft References:                  238                0                0 
[38.681s][info][gc,ref] GC(16) O: Weak References:                 1014               94                0 
[38.681s][info][gc,ref] GC(16) O: Weak (No Queue):                    3                3                0 
[38.681s][info][gc,ref] GC(16) O: Weak Fields:                        0                0                0 
[38.681s][info][gc,ref] GC(16) O: Final References:                   0                0                0 
[38.681s][info][gc,ref] GC(16) O: Phantom References:                 1                1                0 
[39.208s][info][gc,ref] GC(17) O:                           Encountered       Discovered Cleared/Enqueued 
[39.208s][info][gc,ref] GC(17) O: Soft References:                  238                0                0 
[39.208s][info][gc,ref] GC(17) O: Weak References:                 1014               89                0 
[39.208s][info][gc,ref] GC(17) O: Weak (No Queue):                    3                0                0 
[39.208s][info][gc,ref] GC(17) O: Weak Fields:                        0                0                0 
[39.208s][info][gc,ref] GC(17) O: Final References:                   0                0                0 
[39.208s][info][gc,ref] GC(17) O: Phantom References:                 1                0                0 
[39.735s][info][gc,ref] GC(18) O:                           Encountered       Discovered Cleared/Enqueued 
[39.735s][info][gc,ref] GC(18) O: Soft References:                  238                0                0 
[39.735s][info][gc,ref] GC(18) O: Weak References:                 1014              104                0 
[39.735s][info][gc,ref] GC(18) O: Weak (No Queue):                    3                0                0 
[39.735s][info][gc,ref] GC(18) O: Weak Fields:                        0                0                0 
[39.735s][info][gc,ref] GC(18) O: Final References:                   0                0                0 
[39.735s][info][gc,ref] GC(18) O: Phantom References:                 1                0                0 

=== Iteration 2 ===
Phase 1: Allocating references and objects...
[40.283s][info][gc,ref] GC(19) O:                           Encountered       Discovered Cleared/Enqueued 
[40.283s][info][gc,ref] GC(19) O: Soft References:                  238                0                0 
[40.283s][info][gc,ref] GC(19) O: Weak References:                 1014               95                0 
[40.283s][info][gc,ref] GC(19) O: Weak (No Queue):                    3                1                0 
[40.283s][info][gc,ref] GC(19) O: Weak Fields:                        0                0                0 
[40.283s][info][gc,ref] GC(19) O: Final References:                   0                0                0 
[40.283s][info][gc,ref] GC(19) O: Phantom References:                 1                1                0 
[41.009s][info][gc,ref] GC(20) O:                           Encountered       Discovered Cleared/Enqueued 
[41.009s][info][gc,ref] GC(20) O: Soft References:                  238                0                0 
[41.009s][info][gc,ref] GC(20) O: Weak References:                 1014              381                0 
[41.009s][info][gc,ref] GC(20) O: Weak (No Queue):                    3                0                0 
[41.009s][info][gc,ref] GC(20) O: Weak Fields:                        0                0                0 
[41.009s][info][gc,ref] GC(20) O: Final References:                   0                0                0 
[41.009s][info][gc,ref] GC(20) O: Phantom References:                 1                1                0 
Allocated 7340009 objects in 1.97 seconds
Phase 2: Sleeping for 3000 ms...
[43.757s][info][gc,ref] GC(21) O:                           Encountered       Discovered Cleared/Enqueued 
[43.757s][info][gc,ref] GC(21) O: Soft References:                  238                0                0 
[43.757s][info][gc,ref] GC(21) O: Weak References:               368015               77                0 
[43.757s][info][gc,ref] GC(21) O: Weak (No Queue):              3704315                3                0 
[43.757s][info][gc,ref] GC(21) O: Weak Fields:                        0                0                0 
[43.757s][info][gc,ref] GC(21) O: Final References:                   0                0                0 
[43.757s][info][gc,ref] GC(21) O: Phantom References:                 1                1                0 
Phase 3.1: Clearing strong references...
Cleared 1468002 strong references, 5872007 remaining
Waiting 3000 ms...
Phase 3.2: Clearing strong references...
Cleared 1468002 strong references, 4404005 remaining
Waiting 3000 ms...
[48.890s][info][gc,ref] GC(22) O:                           Encountered       Discovered Cleared/Enqueued 
[48.890s][info][gc,ref] GC(22) O: Soft References:                  238                0                0 
[48.890s][info][gc,ref] GC(22) O: Weak References:               368015              102                0 
[48.890s][info][gc,ref] GC(22) O: Weak (No Queue):              6973011                0                0 
[48.890s][info][gc,ref] GC(22) O: Weak Fields:                        0                0                0 
[48.890s][info][gc,ref] GC(22) O: Final References:                   0                0                0 
[48.890s][info][gc,ref] GC(22) O: Phantom References:                 1                1                0 
Phase 3.3: Clearing strong references...
Cleared 1468002 strong references, 2936003 remaining
Waiting 3000 ms...
[54.612s][info][gc,ref] GC(23) O:                           Encountered       Discovered Cleared/Enqueued 
[54.612s][info][gc,ref] GC(23) O: Soft References:                  238                0                0 
[54.612s][info][gc,ref] GC(23) O: Weak References:               368015           179805           146019 
[54.612s][info][gc,ref] GC(23) O: Weak (No Queue):              6973011          1817985          1482252 
[54.612s][info][gc,ref] GC(23) O: Weak Fields:                        0                0                0 
[54.612s][info][gc,ref] GC(23) O: Final References:                   0                0                0 
[54.612s][info][gc,ref] GC(23) O: Phantom References:                 1                1                0 
Phase 3.4: Clearing strong references...
Cleared 1468002 strong references, 1468001 remaining
Waiting 3000 ms...
Phase 3.5: Clearing strong references...
Cleared 1468001 strong references, 0 remaining
Waiting 3000 ms...
Waiting 6000 ms...
[61.283s][info][gc,ref] GC(24) O:                           Encountered       Discovered Cleared/Enqueued 
[61.283s][info][gc,ref] GC(24) O: Soft References:                  238                0                0 
[61.283s][info][gc,ref] GC(24) O: Weak References:               221996           161805           147745 
[61.283s][info][gc,ref] GC(24) O: Weak (No Queue):              5490759          4353496          4095992 
[61.283s][info][gc,ref] GC(24) O: Weak Fields:                        0                0                0 
[61.283s][info][gc,ref] GC(24) O: Final References:                   0                0                0 
[61.283s][info][gc,ref] GC(24) O: Phantom References:                 1                0                0 
[66.899s][info][gc,ref] GC(25) O:                           Encountered       Discovered Cleared/Enqueued 
[66.899s][info][gc,ref] GC(25) O: Soft References:                  238                0                0 
[66.899s][info][gc,ref] GC(25) O: Weak References:                74251            73335            73237 
[66.899s][info][gc,ref] GC(25) O: Weak (No Queue):              1394767          1394767          1394764 
[66.899s][info][gc,ref] GC(25) O: Weak Fields:                        0                0                0 
[66.899s][info][gc,ref] GC(25) O: Final References:                   0                0                0 
[66.899s][info][gc,ref] GC(25) O: Phantom References:                 1                1                0 
Phase 4: Final weak reference checks...
Final count of alive weak references: 0
References enqueued in ReferenceQueue: 367001
Cooling down for 5 seconds...
[70.177s][info][gc,ref] GC(26) O:                           Encountered       Discovered Cleared/Enqueued 
[70.178s][info][gc,ref] GC(26) O: Soft References:                  238                0                0 
[70.178s][info][gc,ref] GC(26) O: Weak References:                 1014               34                0 
[70.178s][info][gc,ref] GC(26) O: Weak (No Queue):                    3                1                0 
[70.178s][info][gc,ref] GC(26) O: Weak Fields:                        0                0                0 
[70.178s][info][gc,ref] GC(26) O: Final References:                   0                0                0 
[70.178s][info][gc,ref] GC(26) O: Phantom References:                 1                0                0 
[70.727s][info][gc,ref] GC(27) O:                           Encountered       Discovered Cleared/Enqueued 
[70.727s][info][gc,ref] GC(27) O: Soft References:                  238                0                0 
[70.727s][info][gc,ref] GC(27) O: Weak References:                 1014               38                0 
[70.727s][info][gc,ref] GC(27) O: Weak (No Queue):                    3                3                0 
[70.727s][info][gc,ref] GC(27) O: Weak Fields:                        0                0                0 
[70.727s][info][gc,ref] GC(27) O: Final References:                   0                0                0 
[70.727s][info][gc,ref] GC(27) O: Phantom References:                 1                1                0 
[71.259s][info][gc,ref] GC(28) O:                           Encountered       Discovered Cleared/Enqueued 
[71.259s][info][gc,ref] GC(28) O: Soft References:                  238                0                0 
[71.259s][info][gc,ref] GC(28) O: Weak References:                 1014              432                0 
[71.259s][info][gc,ref] GC(28) O: Weak (No Queue):                    3                3                0 
[71.259s][info][gc,ref] GC(28) O: Weak Fields:                        0                0                0 
[71.259s][info][gc,ref] GC(28) O: Final References:                   0                0                0 
[71.259s][info][gc,ref] GC(28) O: Phantom References:                 1                1                0 
[71.794s][info][gc,ref] GC(29) O:                           Encountered       Discovered Cleared/Enqueued 
[71.794s][info][gc,ref] GC(29) O: Soft References:                  238                0                0 
[71.794s][info][gc,ref] GC(29) O: Weak References:                 1014              168                0 
[71.794s][info][gc,ref] GC(29) O: Weak (No Queue):                    3                0                0 
[71.794s][info][gc,ref] GC(29) O: Weak Fields:                        0                0                0 
[71.794s][info][gc,ref] GC(29) O: Final References:                   0                0                0 
[71.794s][info][gc,ref] GC(29) O: Phantom References:                 1                0                0 
[72.329s][info][gc,ref] GC(30) O:                           Encountered       Discovered Cleared/Enqueued 
[72.329s][info][gc,ref] GC(30) O: Soft References:                  238                0                0 
[72.329s][info][gc,ref] GC(30) O: Weak References:                 1014               99                0 
[72.329s][info][gc,ref] GC(30) O: Weak (No Queue):                    3                0                0 
[72.329s][info][gc,ref] GC(30) O: Weak Fields:                        0                0                0 
[72.329s][info][gc,ref] GC(30) O: Final References:                   0                0                0 
[72.329s][info][gc,ref] GC(30) O: Phantom References:                 1                1                0 
[72.855s][info][gc,ref] GC(31) O:                           Encountered       Discovered Cleared/Enqueued 
[72.855s][info][gc,ref] GC(31) O: Soft References:                  238                0                0 
[72.855s][info][gc,ref] GC(31) O: Weak References:                 1014              202                0 
[72.855s][info][gc,ref] GC(31) O: Weak (No Queue):                    3                3                0 
[72.855s][info][gc,ref] GC(31) O: Weak Fields:                        0                0                0 
[72.855s][info][gc,ref] GC(31) O: Final References:                   0                0                0 
[72.855s][info][gc,ref] GC(31) O: Phantom References:                 1                1                0 
[73.381s][info][gc,ref] GC(32) O:                           Encountered       Discovered Cleared/Enqueued 
[73.381s][info][gc,ref] GC(32) O: Soft References:                  238                0                0 
[73.381s][info][gc,ref] GC(32) O: Weak References:                 1014              192                0 
[73.381s][info][gc,ref] GC(32) O: Weak (No Queue):                    3                3                0 
[73.381s][info][gc,ref] GC(32) O: Weak Fields:                        0                0                0 
[73.381s][info][gc,ref] GC(32) O: Final References:                   0                0                0 
[73.381s][info][gc,ref] GC(32) O: Phantom References:                 1                1                0 
[73.906s][info][gc,ref] GC(33) O:                           Encountered       Discovered Cleared/Enqueued 
[73.906s][info][gc,ref] GC(33) O: Soft References:                  238                0                0 
[73.906s][info][gc,ref] GC(33) O: Weak References:                 1014               54                0 
[73.906s][info][gc,ref] GC(33) O: Weak (No Queue):                    3                0                0 
[73.906s][info][gc,ref] GC(33) O: Weak Fields:                        0                0                0 
[73.906s][info][gc,ref] GC(33) O: Final References:                   0                0                0 
[73.906s][info][gc,ref] GC(33) O: Phantom References:                 1                0                0 
[74.432s][info][gc,ref] GC(34) O:                           Encountered       Discovered Cleared/Enqueued 
[74.432s][info][gc,ref] GC(34) O: Soft References:                  238                0                0 
[74.432s][info][gc,ref] GC(34) O: Weak References:                 1014              183                0 
[74.432s][info][gc,ref] GC(34) O: Weak (No Queue):                    3                2                0 
[74.432s][info][gc,ref] GC(34) O: Weak Fields:                        0                0                0 
[74.432s][info][gc,ref] GC(34) O: Final References:                   0                0                0 
[74.432s][info][gc,ref] GC(34) O: Phantom References:                 1                1                0 

=== Iteration 3 ===
Phase 1: Allocating references and objects...
[74.978s][info][gc,ref] GC(35) O:                           Encountered       Discovered Cleared/Enqueued 
[74.978s][info][gc,ref] GC(35) O: Soft References:                  238                0                0 
[74.978s][info][gc,ref] GC(35) O: Weak References:                 1014              241                0 
[74.978s][info][gc,ref] GC(35) O: Weak (No Queue):                    3                0                0 
[74.978s][info][gc,ref] GC(35) O: Weak Fields:                        0                0                0 
[74.978s][info][gc,ref] GC(35) O: Final References:                   0                0                0 
[74.978s][info][gc,ref] GC(35) O: Phantom References:                 1                1                0 
Allocated 7340009 objects in 1.88 seconds
Phase 2: Sleeping for 3000 ms...
[77.865s][info][gc,ref] GC(36) O:                           Encountered       Discovered Cleared/Enqueued 
[77.865s][info][gc,ref] GC(36) O: Soft References:                  238                0                0 
[77.865s][info][gc,ref] GC(36) O: Weak References:               368015              111                0 
[77.865s][info][gc,ref] GC(36) O: Weak (No Queue):              1053282                3                0 
[77.865s][info][gc,ref] GC(36) O: Weak Fields:                        0                0                0 
[77.865s][info][gc,ref] GC(36) O: Final References:                   0                0                0 
[77.865s][info][gc,ref] GC(36) O: Phantom References:                 1                1                0 
Phase 3.1: Clearing strong references...
Cleared 1468002 strong references, 5872007 remaining
Waiting 3000 ms...
[82.459s][info][gc,ref] GC(37) O:                           Encountered       Discovered Cleared/Enqueued 
[82.459s][info][gc,ref] GC(37) O: Soft References:                  238                0                0 
[82.459s][info][gc,ref] GC(37) O: Weak References:               368015              177                0 
[82.459s][info][gc,ref] GC(37) O: Weak (No Queue):              6973011                3                0 
[82.459s][info][gc,ref] GC(37) O: Weak Fields:                        0                0                0 
[82.459s][info][gc,ref] GC(37) O: Final References:                   0                0                0 
[82.459s][info][gc,ref] GC(37) O: Phantom References:                 1                1                0 
Phase 3.2: Clearing strong references...
Cleared 1468002 strong references, 4404005 remaining
Waiting 3000 ms...
Phase 3.3: Clearing strong references...
Cleared 1468002 strong references, 2936003 remaining
Waiting 3000 ms...
[87.592s][info][gc,ref] GC(38) O:                           Encountered       Discovered Cleared/Enqueued 
[87.592s][info][gc,ref] GC(38) O: Soft References:                  238                0                0 
[87.592s][info][gc,ref] GC(38) O: Weak References:               368015           264952            85936 
[87.592s][info][gc,ref] GC(38) O: Weak (No Queue):              6973011           759653           245769 
[87.592s][info][gc,ref] GC(38) O: Weak Fields:                        0                0                0 
[87.592s][info][gc,ref] GC(38) O: Final References:                   0                0                0 
[87.592s][info][gc,ref] GC(38) O: Phantom References:                 1                1                0 
Phase 3.4: Clearing strong references...
Cleared 1468002 strong references, 1468001 remaining
Waiting 3000 ms...
Phase 3.5: Clearing strong references...
Cleared 1468001 strong references, 0 remaining
Waiting 3000 ms...
[94.098s][info][gc,ref] GC(39) O:                           Encountered       Discovered Cleared/Enqueued 
[94.098s][info][gc,ref] GC(39) O: Soft References:                  238                0                0 
[94.098s][info][gc,ref] GC(39) O: Weak References:               282079           254185           134454 
[94.098s][info][gc,ref] GC(39) O: Weak (No Queue):              6727242          6204729          3937847 
[94.098s][info][gc,ref] GC(39) O: Weak Fields:                        0                0                0 
[94.098s][info][gc,ref] GC(39) O: Final References:                   0                0                0 
[94.098s][info][gc,ref] GC(39) O: Phantom References:                 1                1                0 
Waiting 6000 ms...
[100.047s][info][gc,ref] GC(40) O:                           Encountered       Discovered Cleared/Enqueued 
[100.047s][info][gc,ref] GC(40) O: Soft References:                  238                0                0 
[100.047s][info][gc,ref] GC(40) O: Weak References:               147625           146662           146611 
[100.047s][info][gc,ref] GC(40) O: Weak (No Queue):              2789395          2789393          2789392 
[100.047s][info][gc,ref] GC(40) O: Weak Fields:                        0                0                0 
[100.047s][info][gc,ref] GC(40) O: Final References:                   0                0                0 
[100.047s][info][gc,ref] GC(40) O: Phantom References:                 1                1                0 
Phase 4: Final weak reference checks...
Final count of alive weak references: 0
References enqueued in ReferenceQueue: 367001
Cooling down for 5 seconds...
[103.859s][info][gc,ref] GC(41) O:                           Encountered       Discovered Cleared/Enqueued 
[103.859s][info][gc,ref] GC(41) O: Soft References:                  238                0                0 
[103.859s][info][gc,ref] GC(41) O: Weak References:                 1014                4                0 
[103.859s][info][gc,ref] GC(41) O: Weak (No Queue):                    3                1                0 
[103.859s][info][gc,ref] GC(41) O: Weak Fields:                        0                0                0 
[103.859s][info][gc,ref] GC(41) O: Final References:                   0                0                0 
[103.859s][info][gc,ref] GC(41) O: Phantom References:                 1                0                0 
[104.396s][info][gc,ref] GC(42) O:                           Encountered       Discovered Cleared/Enqueued 
[104.396s][info][gc,ref] GC(42) O: Soft References:                  238                0                0 
[104.396s][info][gc,ref] GC(42) O: Weak References:                 1014              119                0 
[104.396s][info][gc,ref] GC(42) O: Weak (No Queue):                    3                0                0 
[104.396s][info][gc,ref] GC(42) O: Weak Fields:                        0                0                0 
[104.396s][info][gc,ref] GC(42) O: Final References:                   0                0                0 
[104.396s][info][gc,ref] GC(42) O: Phantom References:                 1                1                0 
[104.931s][info][gc,ref] GC(43) O:                           Encountered       Discovered Cleared/Enqueued 
[104.931s][info][gc,ref] GC(43) O: Soft References:                  238                0                0 
[104.931s][info][gc,ref] GC(43) O: Weak References:                 1014              121                0 
[104.931s][info][gc,ref] GC(43) O: Weak (No Queue):                    3                0                0 
[104.931s][info][gc,ref] GC(43) O: Weak Fields:                        0                0                0 
[104.931s][info][gc,ref] GC(43) O: Final References:                   0                0                0 
[104.931s][info][gc,ref] GC(43) O: Phantom References:                 1                0                0 
[105.457s][info][gc,ref] GC(44) O:                           Encountered       Discovered Cleared/Enqueued 
[105.458s][info][gc,ref] GC(44) O: Soft References:                  238                0                0 
[105.458s][info][gc,ref] GC(44) O: Weak References:                 1014               97                0 
[105.458s][info][gc,ref] GC(44) O: Weak (No Queue):                    3                0                0 
[105.458s][info][gc,ref] GC(44) O: Weak Fields:                        0                0                0 
[105.458s][info][gc,ref] GC(44) O: Final References:                   0                0                0 
[105.458s][info][gc,ref] GC(44) O: Phantom References:                 1                0                0 
[105.993s][info][gc,ref] GC(45) O:                           Encountered       Discovered Cleared/Enqueued 
[105.993s][info][gc,ref] GC(45) O: Soft References:                  238                0                0 
[105.993s][info][gc,ref] GC(45) O: Weak References:                 1014              106                0 
[105.993s][info][gc,ref] GC(45) O: Weak (No Queue):                    3                0                0 
[105.993s][info][gc,ref] GC(45) O: Weak Fields:                        0                0                0 
[105.993s][info][gc,ref] GC(45) O: Final References:                   0                0                0 
[105.993s][info][gc,ref] GC(45) O: Phantom References:                 1                0                0 
[106.528s][info][gc,ref] GC(46) O:                           Encountered       Discovered Cleared/Enqueued 
[106.528s][info][gc,ref] GC(46) O: Soft References:                  238                0                0 
[106.528s][info][gc,ref] GC(46) O: Weak References:                 1014               73                0 
[106.528s][info][gc,ref] GC(46) O: Weak (No Queue):                    3                0                0 
[106.528s][info][gc,ref] GC(46) O: Weak Fields:                        0                0                0 
[106.528s][info][gc,ref] GC(46) O: Final References:                   0                0                0 
[106.528s][info][gc,ref] GC(46) O: Phantom References:                 1                0                0 
[107.064s][info][gc,ref] GC(47) O:                           Encountered       Discovered Cleared/Enqueued 
[107.064s][info][gc,ref] GC(47) O: Soft References:                  238                0                0 
[107.064s][info][gc,ref] GC(47) O: Weak References:                 1014              168                0 
[107.064s][info][gc,ref] GC(47) O: Weak (No Queue):                    3                0                0 
[107.064s][info][gc,ref] GC(47) O: Weak Fields:                        0                0                0 
[107.064s][info][gc,ref] GC(47) O: Final References:                   0                0                0 
[107.064s][info][gc,ref] GC(47) O: Phantom References:                 1                0                0 
[107.600s][info][gc,ref] GC(48) O:                           Encountered       Discovered Cleared/Enqueued 
[107.600s][info][gc,ref] GC(48) O: Soft References:                  238                0                0 
[107.600s][info][gc,ref] GC(48) O: Weak References:                 1014              100                0 
[107.600s][info][gc,ref] GC(48) O: Weak (No Queue):                    3                0                0 
[107.600s][info][gc,ref] GC(48) O: Weak Fields:                        0                0                0 
[107.600s][info][gc,ref] GC(48) O: Final References:                   0                0                0 
[107.600s][info][gc,ref] GC(48) O: Phantom References:                 1                1                0 
[107.853s][info][gc,stats] === Garbage Collection Statistics =======================================================================================================================
[107.853s][info][gc,stats]                                                              Last 10s              Last 10m              Last 10h                Total
[107.853s][info][gc,stats]                                                              Avg / Max             Avg / Max             Avg / Max             Avg / Max
[107.853s][info][gc,stats]        Contention: Mark Segment Reset Contention                     0 / 0                 0 / 18                0 / 18                0 / 18          ops/s
[107.853s][info][gc,stats]        Contention: Mark SeqNum Reset Contention                      0 / 0                 0 / 2                 0 / 2                 0 / 2           ops/s
[107.853s][info][gc,stats]          Critical: Allocation Stall                                  0 / 0                 0 / 0                 0 / 0                 0 / 0           ops/s
[107.853s][info][gc,stats]          Critical: Allocation Stall                              0.000 / 0.000         0.000 / 0.000         0.000 / 0.000         0.000 / 0.000       ms
[107.853s][info][gc,stats]          Critical: JNI Critical Stall                                0 / 0                 0 / 0                 0 / 0                 0 / 0           ops/s
[107.853s][info][gc,stats]          Critical: JNI Critical Stall                            0.000 / 0.000         0.000 / 0.000         0.000 / 0.000         0.000 / 0.000       ms
[107.853s][info][gc,stats]          Critical: Relocation Stall                                  0 / 0                 0 / 0                 0 / 0                 0 / 0           ops/s
[107.853s][info][gc,stats]          Critical: Relocation Stall                              0.000 / 0.000         0.000 / 0.000         0.000 / 0.000         0.000 / 0.000       ms
[107.853s][info][gc,stats]  Major Collection: Major Collection                            993.510 / 5440.408   1663.653 / 6573.380   1663.653 / 6573.380   1663.653 / 6573.380    ms
[107.853s][info][gc,stats]            Memory: Allocation Rate                                   0 / 2               190 / 5228            190 / 5228            190 / 5228        MB/s
[107.853s][info][gc,stats]            Memory: Defragment                                        0 / 0                 0 / 0                 0 / 0                 0 / 0           ops/s
[107.853s][info][gc,stats]            Memory: Mapped Cache Harvest                              0 / 0                 0 / 0                 0 / 0                 0 / 0           MB/s
[107.853s][info][gc,stats]            Memory: Out Of Memory                                     0 / 0                 0 / 0                 0 / 0                 0 / 0           ops/s
[107.853s][info][gc,stats]            Memory: Uncommit                                          0 / 0                 0 / 0                 0 / 0                 0 / 0           MB/s
[107.853s][info][gc,stats]            Memory: Undo Object Allocation Failed                     0 / 0                 0 / 0                 0 / 0                 0 / 0           ops/s
[107.853s][info][gc,stats]            Memory: Undo Object Allocation Succeeded                  0 / 0                 0 / 0                 0 / 0                 0 / 0           ops/s
[107.853s][info][gc,stats]            Memory: Undo Page Allocation                              0 / 0                 0 / 0                 0 / 0                 0 / 0           ops/s
[107.853s][info][gc,stats]  Minor Collection: Minor Collection                              0.000 / 0.000         0.000 / 0.000         0.000 / 0.000         0.000 / 0.000       ms
[107.853s][info][gc,stats]    Old Generation: Old Generation                              975.050 / 5337.599   1113.306 / 6470.405   1113.306 / 6470.405   1113.306 / 6470.405    ms
[107.853s][info][gc,stats]         Old Pause: Pause Mark End                                0.012 / 0.015         0.012 / 0.015         0.012 / 0.015         0.012 / 0.015       ms
[107.853s][info][gc,stats]         Old Pause: Pause Relocate Start                          0.010 / 0.013         0.010 / 0.025         0.010 / 0.025         0.010 / 0.025       ms
[107.853s][info][gc,stats]         Old Phase: Concurrent Mark                             887.401 / 4604.722    939.066 / 5321.468    939.066 / 5321.468    939.066 / 5321.468    ms
[107.853s][info][gc,stats]         Old Phase: Concurrent Mark Continue                      0.000 / 0.000         0.000 / 0.000         0.000 / 0.000         0.000 / 0.000       ms
[107.853s][info][gc,stats]         Old Phase: Concurrent Mark Free                          0.004 / 0.005         0.004 / 0.019         0.004 / 0.019         0.004 / 0.019       ms
[107.853s][info][gc,stats]         Old Phase: Concurrent Process Non-Strong                19.846 / 161.755      37.372 / 423.610      37.372 / 423.610      37.372 / 423.610     ms
[107.853s][info][gc,stats]         Old Phase: Concurrent Relocate                          58.891 / 522.582     104.478 / 828.350     104.478 / 828.350     104.478 / 828.350     ms
[107.853s][info][gc,stats]         Old Phase: Concurrent Remap Roots                        3.490 / 26.175       21.040 / 166.959      21.040 / 166.959      21.040 / 166.959     ms
[107.853s][info][gc,stats]         Old Phase: Concurrent Reset Relocation Set               0.026 / 0.151         0.017 / 0.151         0.017 / 0.151         0.017 / 0.151       ms
[107.853s][info][gc,stats]         Old Phase: Concurrent Select Relocation Set              5.158 / 21.911       11.081 / 94.625       11.081 / 94.625       11.081 / 94.625      ms
[107.853s][info][gc,stats]      Old Subphase: Concurrent Classes Purge                      0.005 / 0.007         0.018 / 0.193         0.018 / 0.193         0.018 / 0.193       ms
[107.853s][info][gc,stats]      Old Subphase: Concurrent Classes Unlink                     1.485 / 1.573         1.442 / 2.004         1.442 / 2.004         1.442 / 2.004       ms
[107.853s][info][gc,stats]      Old Subphase: Concurrent Mark Follow                      887.251 / 4604.528    938.915 / 5321.330    938.915 / 5321.330    938.915 / 5321.330    ms
[107.853s][info][gc,stats]      Old Subphase: Concurrent Mark Root Colored                  0.044 / 0.089         0.033 / 0.112         0.033 / 0.112         0.033 / 0.112       ms
[107.853s][info][gc,stats]      Old Subphase: Concurrent Mark Root Uncolored                0.020 / 0.053         0.028 / 0.121         0.028 / 0.121         0.028 / 0.121       ms
[107.853s][info][gc,stats]      Old Subphase: Concurrent Mark Roots                         0.142 / 0.192         0.148 / 0.329         0.148 / 0.329         0.148 / 0.329       ms
[107.853s][info][gc,stats]      Old Subphase: Concurrent References Enqueue                 0.000 / 0.003         0.001 / 0.005         0.001 / 0.005         0.001 / 0.005       ms
[107.853s][info][gc,stats]      Old Subphase: Concurrent References Process                17.868 / 159.705      35.489 / 421.567      35.489 / 421.567      35.489 / 421.567     ms
[107.853s][info][gc,stats]      Old Subphase: Concurrent Remap Remembered                   3.069 / 25.661       15.961 / 166.431      15.961 / 166.431      15.961 / 166.431     ms
[107.853s][info][gc,stats]      Old Subphase: Concurrent Remap Roots Colored                0.055 / 0.113         0.136 / 0.471         0.136 / 0.471         0.136 / 0.471       ms
[107.853s][info][gc,stats]      Old Subphase: Concurrent Remap Roots Uncolored              0.240 / 0.323         0.229 / 0.344         0.229 / 0.344         0.229 / 0.344       ms
[107.853s][info][gc,stats]      Old Subphase: Concurrent Roots ClassLoaderDataGraph         0.034 / 0.080         0.083 / 0.418         0.083 / 0.418         0.083 / 0.418       ms
[107.853s][info][gc,stats]      Old Subphase: Concurrent Roots CodeCache                    0.238 / 0.318         0.229 / 0.339         0.229 / 0.339         0.229 / 0.339       ms
[107.853s][info][gc,stats]      Old Subphase: Concurrent Roots JavaThreads                  0.008 / 0.053         0.011 / 0.121         0.011 / 0.121         0.011 / 0.121       ms
[107.853s][info][gc,stats]      Old Subphase: Concurrent Roots OopStorageSet                0.004 / 0.010         0.004 / 0.030         0.004 / 0.030         0.004 / 0.030       ms
[107.853s][info][gc,stats]      Old Subphase: Concurrent Weak Roots OopStorageSet           0.089 / 0.195         0.086 / 0.268         0.086 / 0.268         0.086 / 0.268       ms
[107.853s][info][gc,stats]            System: Java Threads                                     11 / 11               11 / 13               11 / 13               11 / 13          threads
[107.853s][info][gc,stats]  Young Generation: Young Generation                              7.816 / 35.165      550.243 / 4223.782    550.243 / 4223.782    550.243 / 4223.782    ms
[107.853s][info][gc,stats]  Young Generation: Young Generation                              0.000 / 0.000         0.000 / 0.000         0.000 / 0.000         0.000 / 0.000       ms
[107.853s][info][gc,stats]  Young Generation: Young Generation (Collect Roots)              0.000 / 0.000         0.000 / 0.000         0.000 / 0.000         0.000 / 0.000       ms
[107.853s][info][gc,stats]  Young Generation: Young Generation (Promote All)                0.000 / 0.000         0.000 / 0.000         0.000 / 0.000         0.000 / 0.000       ms
[107.853s][info][gc,stats]       Young Pause: Pause Mark End                                0.010 / 0.012         0.011 / 0.022         0.011 / 0.022         0.011 / 0.022       ms
[107.853s][info][gc,stats]       Young Pause: Pause Mark Start                              0.000 / 0.000         0.000 / 0.000         0.000 / 0.000         0.000 / 0.000       ms
[107.853s][info][gc,stats]       Young Pause: Pause Mark Start (Major)                      0.015 / 0.016         0.015 / 0.023         0.015 / 0.023         0.015 / 0.023       ms
[107.853s][info][gc,stats]       Young Pause: Pause Relocate Start                          0.008 / 0.013         0.008 / 0.013         0.008 / 0.013         0.008 / 0.013       ms
[107.853s][info][gc,stats]       Young Phase: Concurrent Mark                               6.794 / 34.566      491.507 / 3789.006    491.507 / 3789.006    491.507 / 3789.006    ms
[107.853s][info][gc,stats]       Young Phase: Concurrent Mark Continue                      0.000 / 0.000         0.000 / 0.000         0.000 / 0.000         0.000 / 0.000       ms
[107.853s][info][gc,stats]       Young Phase: Concurrent Mark Free                          0.001 / 0.001         0.002 / 0.008         0.002 / 0.008         0.002 / 0.008       ms
[107.853s][info][gc,stats]       Young Phase: Concurrent Relocate                           0.109 / 0.353        33.132 / 318.970      33.132 / 318.970      33.132 / 318.970     ms
[107.853s][info][gc,stats]       Young Phase: Concurrent Reset Relocation Set               0.000 / 0.000         0.066 / 0.892         0.066 / 0.892         0.066 / 0.892       ms
[107.853s][info][gc,stats]       Young Phase: Concurrent Select Relocation Set              0.506 / 0.821        25.002 / 243.380      25.002 / 243.380      25.002 / 243.380     ms
[107.853s][info][gc,stats]    Young Subphase: Concurrent Mark Follow                        5.660 / 33.424      490.332 / 3787.841    490.332 / 3787.841    490.332 / 3787.841    ms
[107.853s][info][gc,stats]    Young Subphase: Concurrent Mark Root Colored                  0.650 / 0.698         0.690 / 1.296         0.690 / 1.296         0.690 / 1.296       ms
[107.853s][info][gc,stats]    Young Subphase: Concurrent Mark Root Uncolored                0.268 / 0.313         0.270 / 0.398         0.270 / 0.398         0.270 / 0.398       ms
[107.853s][info][gc,stats]    Young Subphase: Concurrent Mark Roots                         1.132 / 1.236         1.172 / 1.375         1.172 / 1.375         1.172 / 1.375       ms
[107.853s][info][gc,stats]    Young Subphase: Concurrent Relocate Remset FP                 0.026 / 0.123        32.842 / 318.655      32.842 / 318.655      32.842 / 318.655     ms
[107.853s][info][gc,stats]    Young Subphase: Concurrent Roots ClassLoaderDataGraph         0.552 / 0.584         0.562 / 0.746         0.562 / 0.746         0.562 / 0.746       ms
[107.853s][info][gc,stats]    Young Subphase: Concurrent Roots CodeCache                    0.238 / 0.286         0.239 / 0.374         0.239 / 0.374         0.239 / 0.374       ms
[107.853s][info][gc,stats]    Young Subphase: Concurrent Roots JavaThreads                  0.015 / 0.047         0.018 / 0.213         0.018 / 0.213         0.018 / 0.213       ms
[107.853s][info][gc,stats]    Young Subphase: Concurrent Roots OopStorageSet                0.005 / 0.008         0.052 / 1.294         0.052 / 1.294         0.052 / 1.294       ms
[107.853s][info][gc,stats]    Young Subphase: Concurrent Weak Roots OopStorageSet           0.094 / 0.114         0.106 / 0.239         0.106 / 0.239         0.106 / 0.239       ms
[107.853s][info][gc,stats] =========================================================================================================================================================
