
=== RUN 37/80 (GA clear_path_dyn) ===

[0.027s][info][gc,ref] Reference Processor created, Macros: ZUseSeparateDiscoveredLists=0, ZUseDynamicArray=1, ZUseOptimisedClearPath=1
[1.836s][info][gc,ref] GC(0) O:                           Encountered       Discovered Cleared/Enqueued 
[1.836s][info][gc,ref] GC(0) O: Soft References:                    0                0                0 
[1.836s][info][gc,ref] GC(0) O: Weak References:                    0                0                0 
[1.836s][info][gc,ref] GC(0) O: Weak (No Queue):                    0                0                0 
[1.836s][info][gc,ref] GC(0) O: Weak Fields:                        0                0                0 
[1.836s][info][gc,ref] GC(0) O: Final References:                   0                0                0 
[1.836s][info][gc,ref] GC(0) O: Phantom References:                 0                0                0 
[2.361s][info][gc,ref] GC(1) O:                           Encountered       Discovered Cleared/Enqueued 
[2.361s][info][gc,ref] GC(1) O: Soft References:                  148                0                0 
[2.361s][info][gc,ref] GC(1) O: Weak References:                  605                0                0 
[2.361s][info][gc,ref] GC(1) O: Weak (No Queue):                    3                0                0 
[2.361s][info][gc,ref] GC(1) O: Weak Fields:                        0                0                0 
[2.361s][info][gc,ref] GC(1) O: Final References:                   0                0                0 
[2.361s][info][gc,ref] GC(1) O: Phantom References:                 1                0                0 
[2.891s][info][gc,ref] GC(2) O:                           Encountered       Discovered Cleared/Enqueued 
[2.891s][info][gc,ref] GC(2) O: Soft References:                  164                0                0 
[2.891s][info][gc,ref] GC(2) O: Weak References:                  904                0                0 
[2.891s][info][gc,ref] GC(2) O: Weak (No Queue):                    4                0                0 
[2.891s][info][gc,ref] GC(2) O: Weak Fields:                        0                0                0 
[2.891s][info][gc,ref] GC(2) O: Final References:                   0                0                0 
[2.891s][info][gc,ref] GC(2) O: Phantom References:                 1                0                0 
WeakRefMultiObjectBenchmark: objects=7340009 minSize=509 maxSize=1097 sleepMillis=3000 iterations=3

=== Iteration 1 ===
Phase 1: Allocating references and objects...
[3.435s][info][gc,ref] GC(3) O:                           Encountered       Discovered Cleared/Enqueued 
[3.435s][info][gc,ref] GC(3) O: Soft References:                  238                0                0 
[3.435s][info][gc,ref] GC(3) O: Weak References:                 1349              478              129 
[3.435s][info][gc,ref] GC(3) O: Weak (No Queue):                    3                1                0 
[3.435s][info][gc,ref] GC(3) O: Weak Fields:                        0                0                0 
[3.435s][info][gc,ref] GC(3) O: Final References:                   0                0                0 
[3.435s][info][gc,ref] GC(3) O: Phantom References:                 1                1                0 
[4.186s][info][gc,ref] GC(4) O:                           Encountered       Discovered Cleared/Enqueued 
[4.186s][info][gc,ref] GC(4) O: Soft References:                  238                0                0 
[4.186s][info][gc,ref] GC(4) O: Weak References:                24952              237               84 
[4.186s][info][gc,ref] GC(4) O: Weak (No Queue):                    3                0                0 
[4.186s][info][gc,ref] GC(4) O: Weak Fields:                        0                0                0 
[4.186s][info][gc,ref] GC(4) O: Final References:                   0                0                0 
[4.186s][info][gc,ref] GC(4) O: Phantom References:                 1                0                0 
[5.623s][info][gc,ref] GC(5) O:                           Encountered       Discovered Cleared/Enqueued 
[5.623s][info][gc,ref] GC(5) O: Soft References:                  238                0                0 
[5.623s][info][gc,ref] GC(5) O: Weak References:               368137              721              122 
[5.623s][info][gc,ref] GC(5) O: Weak (No Queue):              1164107                1                0 
[5.623s][info][gc,ref] GC(5) O: Weak Fields:                        0                0                0 
[5.623s][info][gc,ref] GC(5) O: Final References:                   0                0                0 
[5.623s][info][gc,ref] GC(5) O: Phantom References:                 1                1                0 
Allocated 7340009 objects in 4.30 seconds
Phase 2: Sleeping for 3000 ms...
[8.757s][info][gc,ref] GC(6) O:                           Encountered       Discovered Cleared/Enqueued 
[8.757s][info][gc,ref] GC(6) O: Soft References:                  238                0                0 
[8.757s][info][gc,ref] GC(6) O: Weak References:               368015             9309                0 
[8.757s][info][gc,ref] GC(6) O: Weak (No Queue):              4168436                2                0 
[8.757s][info][gc,ref] GC(6) O: Weak Fields:                        0                0                0 
[8.757s][info][gc,ref] GC(6) O: Final References:                   0                0                0 
[8.757s][info][gc,ref] GC(6) O: Phantom References:                 1                1                0 
Phase 3.1: Clearing strong references...
Cleared 1468002 strong references, 5872007 remaining
Waiting 3000 ms...
[13.842s][info][gc,ref] GC(7) O:                           Encountered       Discovered Cleared/Enqueued 
[13.842s][info][gc,ref] GC(7) O: Soft References:                  238                0                0 
[13.842s][info][gc,ref] GC(7) O: Weak References:               368015            97235                0 
[13.842s][info][gc,ref] GC(7) O: Weak (No Queue):              6973011           307175                0 
[13.842s][info][gc,ref] GC(7) O: Weak Fields:                        0                0                0 
[13.842s][info][gc,ref] GC(7) O: Final References:                   0                0                0 
[13.842s][info][gc,ref] GC(7) O: Phantom References:                 1                1                0 
Phase 3.2: Clearing strong references...
Cleared 1468002 strong references, 4404005 remaining
Waiting 3000 ms...
Phase 3.3: Clearing strong references...
Cleared 1468002 strong references, 2936003 remaining
Waiting 3000 ms...
[19.674s][info][gc,ref] GC(8) O:                           Encountered       Discovered Cleared/Enqueued 
[19.674s][info][gc,ref] GC(8) O: Soft References:                  238                0                0 
[19.674s][info][gc,ref] GC(8) O: Weak References:               368015           180397           146292 
[19.674s][info][gc,ref] GC(8) O: Weak (No Queue):              6973011          2053015          1667348 
[19.674s][info][gc,ref] GC(8) O: Weak Fields:                        0                0                0 
[19.674s][info][gc,ref] GC(8) O: Final References:                   0                0                0 
[19.674s][info][gc,ref] GC(8) O: Phantom References:                 1                1                0 
Phase 3.4: Clearing strong references...
Cleared 1468002 strong references, 1468001 remaining
Waiting 3000 ms...
Phase 3.5: Clearing strong references...
Cleared 1468001 strong references, 0 remaining
Waiting 3000 ms...
[26.822s][info][gc,ref] GC(9) O:                           Encountered       Discovered Cleared/Enqueued 
[26.822s][info][gc,ref] GC(9) O: Soft References:                  238                0                0 
[26.822s][info][gc,ref] GC(9) O: Weak References:               221723            85369            73179 
[26.822s][info][gc,ref] GC(9) O: Weak (No Queue):              5305663          2727924          2517187 
[26.822s][info][gc,ref] GC(9) O: Weak Fields:                        0                0                0 
[26.822s][info][gc,ref] GC(9) O: Final References:                   0                0                0 
[26.822s][info][gc,ref] GC(9) O: Phantom References:                 1                0                0 
Waiting 6000 ms...
[32.821s][info][gc,ref] GC(10) O:                           Encountered       Discovered Cleared/Enqueued 
[32.821s][info][gc,ref] GC(10) O: Soft References:                  238                0                0 
[32.821s][info][gc,ref] GC(10) O: Weak References:               148544           148270           147530 
[32.821s][info][gc,ref] GC(10) O: Weak (No Queue):              2788476          2788476          2788473 
[32.821s][info][gc,ref] GC(10) O: Weak Fields:                        0                0                0 
[32.821s][info][gc,ref] GC(10) O: Final References:                   0                0                0 
[32.821s][info][gc,ref] GC(10) O: Phantom References:                 1                1                0 
Phase 4: Final weak reference checks...
Final count of alive weak references: 0
References enqueued in ReferenceQueue: 367001
Cooling down for 5 seconds...
[36.122s][info][gc,ref] GC(11) O:                           Encountered       Discovered Cleared/Enqueued 
[36.122s][info][gc,ref] GC(11) O: Soft References:                  238                0                0 
[36.122s][info][gc,ref] GC(11) O: Weak References:                 1014              812                0 
[36.122s][info][gc,ref] GC(11) O: Weak (No Queue):                    3                3                0 
[36.122s][info][gc,ref] GC(11) O: Weak Fields:                        0                0                0 
[36.122s][info][gc,ref] GC(11) O: Final References:                   0                0                0 
[36.122s][info][gc,ref] GC(11) O: Phantom References:                 1                1                0 
[36.659s][info][gc,ref] GC(12) O:                           Encountered       Discovered Cleared/Enqueued 
[36.659s][info][gc,ref] GC(12) O: Soft References:                  238                0                0 
[36.659s][info][gc,ref] GC(12) O: Weak References:                 1014              586                0 
[36.659s][info][gc,ref] GC(12) O: Weak (No Queue):                    3                3                0 
[36.659s][info][gc,ref] GC(12) O: Weak Fields:                        0                0                0 
[36.659s][info][gc,ref] GC(12) O: Final References:                   0                0                0 
[36.659s][info][gc,ref] GC(12) O: Phantom References:                 1                1                0 
[37.195s][info][gc,ref] GC(13) O:                           Encountered       Discovered Cleared/Enqueued 
[37.195s][info][gc,ref] GC(13) O: Soft References:                  238                0                0 
[37.195s][info][gc,ref] GC(13) O: Weak References:                 1014              746                0 
[37.195s][info][gc,ref] GC(13) O: Weak (No Queue):                    3                3                0 
[37.195s][info][gc,ref] GC(13) O: Weak Fields:                        0                0                0 
[37.195s][info][gc,ref] GC(13) O: Final References:                   0                0                0 
[37.195s][info][gc,ref] GC(13) O: Phantom References:                 1                1                0 
[37.730s][info][gc,ref] GC(14) O:                           Encountered       Discovered Cleared/Enqueued 
[37.730s][info][gc,ref] GC(14) O: Soft References:                  238                0                0 
[37.730s][info][gc,ref] GC(14) O: Weak References:                 1014              824                0 
[37.730s][info][gc,ref] GC(14) O: Weak (No Queue):                    3                0                0 
[37.730s][info][gc,ref] GC(14) O: Weak Fields:                        0                0                0 
[37.730s][info][gc,ref] GC(14) O: Final References:                   0                0                0 
[37.730s][info][gc,ref] GC(14) O: Phantom References:                 1                1                0 
[38.265s][info][gc,ref] GC(15) O:                           Encountered       Discovered Cleared/Enqueued 
[38.265s][info][gc,ref] GC(15) O: Soft References:                  238                0                0 
[38.266s][info][gc,ref] GC(15) O: Weak References:                 1014              851                0 
[38.266s][info][gc,ref] GC(15) O: Weak (No Queue):                    3                1                0 
[38.266s][info][gc,ref] GC(15) O: Weak Fields:                        0                0                0 
[38.266s][info][gc,ref] GC(15) O: Final References:                   0                0                0 
[38.266s][info][gc,ref] GC(15) O: Phantom References:                 1                1                0 
[38.801s][info][gc,ref] GC(16) O:                           Encountered       Discovered Cleared/Enqueued 
[38.801s][info][gc,ref] GC(16) O: Soft References:                  238                0                0 
[38.801s][info][gc,ref] GC(16) O: Weak References:                 1014              848                0 
[38.801s][info][gc,ref] GC(16) O: Weak (No Queue):                    3                3                0 
[38.801s][info][gc,ref] GC(16) O: Weak Fields:                        0                0                0 
[38.801s][info][gc,ref] GC(16) O: Final References:                   0                0                0 
[38.801s][info][gc,ref] GC(16) O: Phantom References:                 1                1                0 
[39.336s][info][gc,ref] GC(17) O:                           Encountered       Discovered Cleared/Enqueued 
[39.336s][info][gc,ref] GC(17) O: Soft References:                  238                0                0 
[39.336s][info][gc,ref] GC(17) O: Weak References:                 1014              877                0 
[39.336s][info][gc,ref] GC(17) O: Weak (No Queue):                    3                1                0 
[39.336s][info][gc,ref] GC(17) O: Weak Fields:                        0                0                0 
[39.336s][info][gc,ref] GC(17) O: Final References:                   0                0                0 
[39.336s][info][gc,ref] GC(17) O: Phantom References:                 1                1                0 
[39.870s][info][gc,ref] GC(18) O:                           Encountered       Discovered Cleared/Enqueued 
[39.870s][info][gc,ref] GC(18) O: Soft References:                  238                0                0 
[39.870s][info][gc,ref] GC(18) O: Weak References:                 1014              877                0 
[39.870s][info][gc,ref] GC(18) O: Weak (No Queue):                    3                3                0 
[39.870s][info][gc,ref] GC(18) O: Weak Fields:                        0                0                0 
[39.870s][info][gc,ref] GC(18) O: Final References:                   0                0                0 
[39.870s][info][gc,ref] GC(18) O: Phantom References:                 1                1                0 

=== Iteration 2 ===
Phase 1: Allocating references and objects...
[40.421s][info][gc,ref] GC(19) O:                           Encountered       Discovered Cleared/Enqueued 
[40.421s][info][gc,ref] GC(19) O: Soft References:                  238                0                0 
[40.421s][info][gc,ref] GC(19) O: Weak References:                 1014              851                0 
[40.421s][info][gc,ref] GC(19) O: Weak (No Queue):                    3                3                0 
[40.421s][info][gc,ref] GC(19) O: Weak Fields:                        0                0                0 
[40.421s][info][gc,ref] GC(19) O: Final References:                   0                0                0 
[40.421s][info][gc,ref] GC(19) O: Phantom References:                 1                1                0 
[41.413s][info][gc,ref] GC(20) O:                           Encountered       Discovered Cleared/Enqueued 
[41.413s][info][gc,ref] GC(20) O: Soft References:                  238                0                0 
[41.413s][info][gc,ref] GC(20) O: Weak References:                79504              833                0 
[41.413s][info][gc,ref] GC(20) O: Weak (No Queue):                    3                3                0 
[41.413s][info][gc,ref] GC(20) O: Weak Fields:                        0                0                0 
[41.413s][info][gc,ref] GC(20) O: Final References:                   0                0                0 
[41.413s][info][gc,ref] GC(20) O: Phantom References:                 1                1                0 
Allocated 7340009 objects in 1.97 seconds
Phase 2: Sleeping for 3000 ms...
[45.384s][info][gc,ref] GC(21) O:                           Encountered       Discovered Cleared/Enqueued 
[45.384s][info][gc,ref] GC(21) O: Soft References:                  238                0                0 
[45.384s][info][gc,ref] GC(21) O: Weak References:               368015              813                0 
[45.384s][info][gc,ref] GC(21) O: Weak (No Queue):              5743092                3                0 
[45.384s][info][gc,ref] GC(21) O: Weak Fields:                        0                0                0 
[45.384s][info][gc,ref] GC(21) O: Final References:                   0                0                0 
[45.384s][info][gc,ref] GC(21) O: Phantom References:                 1                1                0 
Phase 3.1: Clearing strong references...
Cleared 1468002 strong references, 5872007 remaining
Waiting 3000 ms...
Phase 3.2: Clearing strong references...
Cleared 1468002 strong references, 4404005 remaining
Waiting 3000 ms...
[50.315s][info][gc,ref] GC(22) O:                           Encountered       Discovered Cleared/Enqueued 
[50.315s][info][gc,ref] GC(22) O: Soft References:                  238                0                0 
[50.315s][info][gc,ref] GC(22) O: Weak References:               368015            59157            15684 
[50.315s][info][gc,ref] GC(22) O: Weak (No Queue):              6973011                3                0 
[50.315s][info][gc,ref] GC(22) O: Weak Fields:                        0                0                0 
[50.315s][info][gc,ref] GC(22) O: Final References:                   0                0                0 
[50.315s][info][gc,ref] GC(22) O: Phantom References:                 1                1                0 
Phase 3.3: Clearing strong references...
Cleared 1468002 strong references, 2936003 remaining
Waiting 3000 ms...
Phase 3.4: Clearing strong references...
Cleared 1468002 strong references, 1468001 remaining
Waiting 3000 ms...
[56.624s][info][gc,ref] GC(23) O:                           Encountered       Discovered Cleared/Enqueued 
[56.624s][info][gc,ref] GC(23) O: Soft References:                  238                0                0 
[56.624s][info][gc,ref] GC(23) O: Weak References:               352331           261175           130335 
[56.624s][info][gc,ref] GC(23) O: Weak (No Queue):              6973011          4325577          2297266 
[56.624s][info][gc,ref] GC(23) O: Weak Fields:                        0                0                0 
[56.624s][info][gc,ref] GC(23) O: Final References:                   0                0                0 
[56.624s][info][gc,ref] GC(23) O: Phantom References:                 1                1                0 
Phase 3.5: Clearing strong references...
Cleared 1468001 strong references, 0 remaining
Waiting 3000 ms...
Waiting 6000 ms...
[63.393s][info][gc,ref] GC(24) O:                           Encountered       Discovered Cleared/Enqueued 
[63.393s][info][gc,ref] GC(24) O: Soft References:                  238                0                0 
[63.393s][info][gc,ref] GC(24) O: Weak References:               221996           209657           147745 
[63.393s][info][gc,ref] GC(24) O: Weak (No Queue):              4675745          4450449          3280978 
[63.393s][info][gc,ref] GC(24) O: Weak Fields:                        0                0                0 
[63.393s][info][gc,ref] GC(24) O: Final References:                   0                0                0 
[63.393s][info][gc,ref] GC(24) O: Phantom References:                 1                1                0 
Phase 4: Final weak reference checks...
Final count of alive weak references: 1468001
References enqueued in ReferenceQueue: 293764
Cooling down for 5 seconds...
[68.588s][info][gc,ref] GC(25) O:                           Encountered       Discovered Cleared/Enqueued 
[68.588s][info][gc,ref] GC(25) O: Soft References:                  238                0                0 
[68.588s][info][gc,ref] GC(25) O: Weak References:                74251            73900                0 
[68.588s][info][gc,ref] GC(25) O: Weak (No Queue):              1394767          1394748                0 
[68.588s][info][gc,ref] GC(25) O: Weak Fields:                        0                0                0 
[68.588s][info][gc,ref] GC(25) O: Final References:                   0                0                0 
[68.588s][info][gc,ref] GC(25) O: Phantom References:                 1                1                0 
[69.148s][info][gc,ref] GC(26) O:                           Encountered       Discovered Cleared/Enqueued 
[69.148s][info][gc,ref] GC(26) O: Soft References:                  238                0                0 
[69.148s][info][gc,ref] GC(26) O: Weak References:                 1014              312                0 
[69.148s][info][gc,ref] GC(26) O: Weak (No Queue):                    3                0                0 
[69.148s][info][gc,ref] GC(26) O: Weak Fields:                        0                0                0 
[69.148s][info][gc,ref] GC(26) O: Final References:                   0                0                0 
[69.148s][info][gc,ref] GC(26) O: Phantom References:                 1                1                0 
[69.681s][info][gc,ref] GC(27) O:                           Encountered       Discovered Cleared/Enqueued 
[69.681s][info][gc,ref] GC(27) O: Soft References:                  238                0                0 
[69.681s][info][gc,ref] GC(27) O: Weak References:                 1014              739                0 
[69.681s][info][gc,ref] GC(27) O: Weak (No Queue):                    3                0                0 
[69.681s][info][gc,ref] GC(27) O: Weak Fields:                        0                0                0 
[69.681s][info][gc,ref] GC(27) O: Final References:                   0                0                0 
[69.681s][info][gc,ref] GC(27) O: Phantom References:                 1                0                0 
[70.217s][info][gc,ref] GC(28) O:                           Encountered       Discovered Cleared/Enqueued 
[70.217s][info][gc,ref] GC(28) O: Soft References:                  238                0                0 
[70.217s][info][gc,ref] GC(28) O: Weak References:                 1014              729                0 
[70.217s][info][gc,ref] GC(28) O: Weak (No Queue):                    3                2                0 
[70.217s][info][gc,ref] GC(28) O: Weak Fields:                        0                0                0 
[70.217s][info][gc,ref] GC(28) O: Final References:                   0                0                0 
[70.217s][info][gc,ref] GC(28) O: Phantom References:                 1                1                0 
[70.752s][info][gc,ref] GC(29) O:                           Encountered       Discovered Cleared/Enqueued 
[70.752s][info][gc,ref] GC(29) O: Soft References:                  238                0                0 
[70.752s][info][gc,ref] GC(29) O: Weak References:                 1014              729                0 
[70.752s][info][gc,ref] GC(29) O: Weak (No Queue):                    3                2                0 
[70.752s][info][gc,ref] GC(29) O: Weak Fields:                        0                0                0 
[70.752s][info][gc,ref] GC(29) O: Final References:                   0                0                0 
[70.752s][info][gc,ref] GC(29) O: Phantom References:                 1                1                0 
[71.277s][info][gc,ref] GC(30) O:                           Encountered       Discovered Cleared/Enqueued 
[71.277s][info][gc,ref] GC(30) O: Soft References:                  238                0                0 
[71.277s][info][gc,ref] GC(30) O: Weak References:                 1014              705                0 
[71.277s][info][gc,ref] GC(30) O: Weak (No Queue):                    3                1                0 
[71.277s][info][gc,ref] GC(30) O: Weak Fields:                        0                0                0 
[71.277s][info][gc,ref] GC(30) O: Final References:                   0                0                0 
[71.277s][info][gc,ref] GC(30) O: Phantom References:                 1                1                0 
[71.806s][info][gc,ref] GC(31) O:                           Encountered       Discovered Cleared/Enqueued 
[71.806s][info][gc,ref] GC(31) O: Soft References:                  238                0                0 
[71.806s][info][gc,ref] GC(31) O: Weak References:                 1014              356                0 
[71.806s][info][gc,ref] GC(31) O: Weak (No Queue):                    3                0                0 
[71.806s][info][gc,ref] GC(31) O: Weak Fields:                        0                0                0 
[71.806s][info][gc,ref] GC(31) O: Final References:                   0                0                0 
[71.806s][info][gc,ref] GC(31) O: Phantom References:                 1                0                0 
[72.340s][info][gc,ref] GC(32) O:                           Encountered       Discovered Cleared/Enqueued 
[72.340s][info][gc,ref] GC(32) O: Soft References:                  238                0                0 
[72.340s][info][gc,ref] GC(32) O: Weak References:                 1014              775                0 
[72.340s][info][gc,ref] GC(32) O: Weak (No Queue):                    3                3                0 
[72.340s][info][gc,ref] GC(32) O: Weak Fields:                        0                0                0 
[72.340s][info][gc,ref] GC(32) O: Final References:                   0                0                0 
[72.340s][info][gc,ref] GC(32) O: Phantom References:                 1                1                0 
[72.876s][info][gc,ref] GC(33) O:                           Encountered       Discovered Cleared/Enqueued 
[72.876s][info][gc,ref] GC(33) O: Soft References:                  238                0                0 
[72.876s][info][gc,ref] GC(33) O: Weak References:                 1014              728                0 
[72.876s][info][gc,ref] GC(33) O: Weak (No Queue):                    3                2                0 
[72.876s][info][gc,ref] GC(33) O: Weak Fields:                        0                0                0 
[72.876s][info][gc,ref] GC(33) O: Final References:                   0                0                0 
[72.876s][info][gc,ref] GC(33) O: Phantom References:                 1                1                0 

=== Iteration 3 ===
Phase 1: Allocating references and objects...
[73.427s][info][gc,ref] GC(34) O:                           Encountered       Discovered Cleared/Enqueued 
[73.427s][info][gc,ref] GC(34) O: Soft References:                  238                0                0 
[73.427s][info][gc,ref] GC(34) O: Weak References:                 1014              420                0 
[73.427s][info][gc,ref] GC(34) O: Weak (No Queue):                    3                2                0 
[73.427s][info][gc,ref] GC(34) O: Weak Fields:                        0                0                0 
[73.427s][info][gc,ref] GC(34) O: Final References:                   0                0                0 
[73.427s][info][gc,ref] GC(34) O: Phantom References:                 1                1                0 
Allocated 7340009 objects in 1.77 seconds
Phase 2: Sleeping for 3000 ms...
[75.792s][info][gc,ref] GC(35) O:                           Encountered       Discovered Cleared/Enqueued 
[75.792s][info][gc,ref] GC(35) O: Soft References:                  238                0                0 
[75.792s][info][gc,ref] GC(35) O: Weak References:               368015              333                0 
[75.792s][info][gc,ref] GC(35) O: Weak (No Queue):               693902                1                0 
[75.792s][info][gc,ref] GC(35) O: Weak Fields:                        0                0                0 
[75.792s][info][gc,ref] GC(35) O: Final References:                   0                0                0 
[75.792s][info][gc,ref] GC(35) O: Phantom References:                 1                1                0 
Phase 3.1: Clearing strong references...
Cleared 1468002 strong references, 5872007 remaining
Waiting 3000 ms...
[80.505s][info][gc,ref] GC(36) O:                           Encountered       Discovered Cleared/Enqueued 
[80.505s][info][gc,ref] GC(36) O: Soft References:                  238                0                0 
[80.505s][info][gc,ref] GC(36) O: Weak References:               368015              426                0 
[80.505s][info][gc,ref] GC(36) O: Weak (No Queue):              6973011                2                0 
[80.505s][info][gc,ref] GC(36) O: Weak Fields:                        0                0                0 
[80.505s][info][gc,ref] GC(36) O: Final References:                   0                0                0 
[80.505s][info][gc,ref] GC(36) O: Phantom References:                 1                1                0 
Phase 3.2: Clearing strong references...
Cleared 1468002 strong references, 4404005 remaining
Waiting 3000 ms...
Phase 3.3: Clearing strong references...
Cleared 1468002 strong references, 2936003 remaining
Waiting 3000 ms...
[85.591s][info][gc,ref] GC(37) O:                           Encountered       Discovered Cleared/Enqueued 
[85.591s][info][gc,ref] GC(37) O: Soft References:                  238                0                0 
[85.591s][info][gc,ref] GC(37) O: Weak References:               368015           266964            73779 
[85.591s][info][gc,ref] GC(37) O: Weak (No Queue):              6973011           504182           139213 
[85.591s][info][gc,ref] GC(37) O: Weak Fields:                        0                0                0 
[85.591s][info][gc,ref] GC(37) O: Final References:                   0                0                0 
[85.591s][info][gc,ref] GC(37) O: Phantom References:                 1                1                0 
Phase 3.4: Clearing strong references...
Cleared 1468002 strong references, 1468001 remaining
Waiting 3000 ms...
Phase 3.5: Clearing strong references...
Cleared 1468001 strong references, 0 remaining
Waiting 3000 ms...
[91.942s][info][gc,ref] GC(38) O:                           Encountered       Discovered Cleared/Enqueued 
[91.942s][info][gc,ref] GC(38) O: Soft References:                  238                0                0 
[91.942s][info][gc,ref] GC(38) O: Weak References:               294236           270601           146611 
[91.942s][info][gc,ref] GC(38) O: Weak (No Queue):              6833798          6385843          4044403 
[91.942s][info][gc,ref] GC(38) O: Weak Fields:                        0                0                0 
[91.942s][info][gc,ref] GC(38) O: Final References:                   0                0                0 
[91.942s][info][gc,ref] GC(38) O: Phantom References:                 1                1                0 
Waiting 6000 ms...
[97.884s][info][gc,ref] GC(39) O:                           Encountered       Discovered Cleared/Enqueued 
[97.884s][info][gc,ref] GC(39) O: Soft References:                  238                0                0 
[97.884s][info][gc,ref] GC(39) O: Weak References:               147625           147369           146611 
[97.884s][info][gc,ref] GC(39) O: Weak (No Queue):              2789395          2789392          2789392 
[97.884s][info][gc,ref] GC(39) O: Weak Fields:                        0                0                0 
[97.884s][info][gc,ref] GC(39) O: Final References:                   0                0                0 
[97.884s][info][gc,ref] GC(39) O: Phantom References:                 1                1                0 
Phase 4: Final weak reference checks...
Final count of alive weak references: 0
References enqueued in ReferenceQueue: 367001
Cooling down for 5 seconds...
[101.722s][info][gc,ref] GC(40) O:                           Encountered       Discovered Cleared/Enqueued 
[101.722s][info][gc,ref] GC(40) O: Soft References:                  238                0                0 
[101.722s][info][gc,ref] GC(40) O: Weak References:                 1014              521                0 
[101.722s][info][gc,ref] GC(40) O: Weak (No Queue):                    3                0                0 
[101.722s][info][gc,ref] GC(40) O: Weak Fields:                        0                0                0 
[101.722s][info][gc,ref] GC(40) O: Final References:                   0                0                0 
[101.722s][info][gc,ref] GC(40) O: Phantom References:                 1                1                0 
[102.258s][info][gc,ref] GC(41) O:                           Encountered       Discovered Cleared/Enqueued 
[102.258s][info][gc,ref] GC(41) O: Soft References:                  238                0                0 
[102.258s][info][gc,ref] GC(41) O: Weak References:                 1014              814                0 
[102.258s][info][gc,ref] GC(41) O: Weak (No Queue):                    3                3                0 
[102.258s][info][gc,ref] GC(41) O: Weak Fields:                        0                0                0 
[102.258s][info][gc,ref] GC(41) O: Final References:                   0                0                0 
[102.258s][info][gc,ref] GC(41) O: Phantom References:                 1                1                0 
[102.784s][info][gc,ref] GC(42) O:                           Encountered       Discovered Cleared/Enqueued 
[102.784s][info][gc,ref] GC(42) O: Soft References:                  238                0                0 
[102.784s][info][gc,ref] GC(42) O: Weak References:                 1014              736                0 
[102.784s][info][gc,ref] GC(42) O: Weak (No Queue):                    3                0                0 
[102.784s][info][gc,ref] GC(42) O: Weak Fields:                        0                0                0 
[102.784s][info][gc,ref] GC(42) O: Final References:                   0                0                0 
[102.784s][info][gc,ref] GC(42) O: Phantom References:                 1                0                0 
[103.314s][info][gc,ref] GC(43) O:                           Encountered       Discovered Cleared/Enqueued 
[103.314s][info][gc,ref] GC(43) O: Soft References:                  238                0                0 
[103.314s][info][gc,ref] GC(43) O: Weak References:                 1014              808                0 
[103.314s][info][gc,ref] GC(43) O: Weak (No Queue):                    3                0                0 
[103.314s][info][gc,ref] GC(43) O: Weak Fields:                        0                0                0 
[103.314s][info][gc,ref] GC(43) O: Final References:                   0                0                0 
[103.314s][info][gc,ref] GC(43) O: Phantom References:                 1                0                0 
[103.862s][info][gc,ref] GC(44) O:                           Encountered       Discovered Cleared/Enqueued 
[103.862s][info][gc,ref] GC(44) O: Soft References:                  238                0                0 
[103.862s][info][gc,ref] GC(44) O: Weak References:                 1014              754                0 
[103.862s][info][gc,ref] GC(44) O: Weak (No Queue):                    3                3                0 
[103.862s][info][gc,ref] GC(44) O: Weak Fields:                        0                0                0 
[103.862s][info][gc,ref] GC(44) O: Final References:                   0                0                0 
[103.862s][info][gc,ref] GC(44) O: Phantom References:                 1                1                0 
[104.404s][info][gc,ref] GC(45) O:                           Encountered       Discovered Cleared/Enqueued 
[104.404s][info][gc,ref] GC(45) O: Soft References:                  238                0                0 
[104.404s][info][gc,ref] GC(45) O: Weak References:                 1014              753                0 
[104.404s][info][gc,ref] GC(45) O: Weak (No Queue):                    3                0                0 
[104.404s][info][gc,ref] GC(45) O: Weak Fields:                        0                0                0 
[104.404s][info][gc,ref] GC(45) O: Final References:                   0                0                0 
[104.404s][info][gc,ref] GC(45) O: Phantom References:                 1                1                0 
[104.945s][info][gc,ref] GC(46) O:                           Encountered       Discovered Cleared/Enqueued 
[104.945s][info][gc,ref] GC(46) O: Soft References:                  238                0                0 
[104.945s][info][gc,ref] GC(46) O: Weak References:                 1014              753                0 
[104.945s][info][gc,ref] GC(46) O: Weak (No Queue):                    3                0                0 
[104.945s][info][gc,ref] GC(46) O: Weak Fields:                        0                0                0 
[104.945s][info][gc,ref] GC(46) O: Final References:                   0                0                0 
[104.945s][info][gc,ref] GC(46) O: Phantom References:                 1                1                0 
[105.474s][info][gc,ref] GC(47) O:                           Encountered       Discovered Cleared/Enqueued 
[105.474s][info][gc,ref] GC(47) O: Soft References:                  238                0                0 
[105.474s][info][gc,ref] GC(47) O: Weak References:                 1014              397                0 
[105.474s][info][gc,ref] GC(47) O: Weak (No Queue):                    3                2                0 
[105.474s][info][gc,ref] GC(47) O: Weak Fields:                        0                0                0 
[105.474s][info][gc,ref] GC(47) O: Final References:                   0                0                0 
[105.474s][info][gc,ref] GC(47) O: Phantom References:                 1                1                0 
[105.999s][info][gc,ref] GC(48) O:                           Encountered       Discovered Cleared/Enqueued 
[105.999s][info][gc,ref] GC(48) O: Soft References:                  238                0                0 
[105.999s][info][gc,ref] GC(48) O: Weak References:                 1014              742                0 
[105.999s][info][gc,ref] GC(48) O: Weak (No Queue):                    3                0                0 
[105.999s][info][gc,ref] GC(48) O: Weak Fields:                        0                0                0 
[105.999s][info][gc,ref] GC(48) O: Final References:                   0                0                0 
[105.999s][info][gc,ref] GC(48) O: Phantom References:                 1                1                0 
[106.089s][info][gc,stats] === Garbage Collection Statistics =======================================================================================================================
[106.089s][info][gc,stats]                                                              Last 10s              Last 10m              Last 10h                Total
[106.089s][info][gc,stats]                                                              Avg / Max             Avg / Max             Avg / Max             Avg / Max
[106.089s][info][gc,stats]        Contention: Mark Segment Reset Contention                     0 / 1                 0 / 15                0 / 15                0 / 15          ops/s
[106.089s][info][gc,stats]        Contention: Mark SeqNum Reset Contention                      0 / 0                 0 / 3                 0 / 3                 0 / 3           ops/s
[106.089s][info][gc,stats]          Critical: Allocation Stall                                  0 / 0                 0 / 0                 0 / 0                 0 / 0           ops/s
[106.089s][info][gc,stats]          Critical: Allocation Stall                              0.000 / 0.000         0.000 / 0.000         0.000 / 0.000         0.000 / 0.000       ms
[106.089s][info][gc,stats]          Critical: JNI Critical Stall                                0 / 0                 0 / 0                 0 / 0                 0 / 0           ops/s
[106.089s][info][gc,stats]          Critical: JNI Critical Stall                            0.000 / 0.000         0.000 / 0.000         0.000 / 0.000         0.000 / 0.000       ms
[106.089s][info][gc,stats]          Critical: Relocation Stall                                  0 / 0                 0 / 0                 0 / 0                 0 / 0           ops/s
[106.089s][info][gc,stats]          Critical: Relocation Stall                              0.000 / 0.000         0.000 / 0.000         0.000 / 0.000         0.000 / 0.000       ms
[106.089s][info][gc,stats]  Major Collection: Major Collection                            998.412 / 5437.837   1664.106 / 6644.083   1664.106 / 6644.083   1664.106 / 6644.083    ms
[106.089s][info][gc,stats]            Memory: Allocation Rate                                   0 / 2               194 / 6210            194 / 6210            194 / 6210        MB/s
[106.089s][info][gc,stats]            Memory: Defragment                                        0 / 0                 0 / 0                 0 / 0                 0 / 0           ops/s
[106.089s][info][gc,stats]            Memory: Mapped Cache Harvest                              0 / 0                 0 / 0                 0 / 0                 0 / 0           MB/s
[106.089s][info][gc,stats]            Memory: Out Of Memory                                     0 / 0                 0 / 0                 0 / 0                 0 / 0           ops/s
[106.089s][info][gc,stats]            Memory: Uncommit                                          0 / 0                 0 / 0                 0 / 0                 0 / 0           MB/s
[106.089s][info][gc,stats]            Memory: Undo Object Allocation Failed                     0 / 0                 0 / 0                 0 / 0                 0 / 0           ops/s
[106.089s][info][gc,stats]            Memory: Undo Object Allocation Succeeded                  0 / 0                 0 / 0                 0 / 0                 0 / 0           ops/s
[106.089s][info][gc,stats]            Memory: Undo Page Allocation                              0 / 0                 0 / 0                 0 / 0                 0 / 0           ops/s
[106.089s][info][gc,stats]  Minor Collection: Minor Collection                              0.000 / 0.000         0.000 / 0.000         0.000 / 0.000         0.000 / 0.000       ms
[106.089s][info][gc,stats]    Old Generation: Old Generation                              980.199 / 5333.586   1104.712 / 6552.051   1104.712 / 6552.051   1104.712 / 6552.051    ms
[106.089s][info][gc,stats]         Old Pause: Pause Mark End                                0.012 / 0.014         0.012 / 0.015         0.012 / 0.015         0.012 / 0.015       ms
[106.089s][info][gc,stats]         Old Pause: Pause Relocate Start                          0.008 / 0.012         0.010 / 0.016         0.010 / 0.016         0.010 / 0.016       ms
[106.089s][info][gc,stats]         Old Phase: Concurrent Mark                             896.606 / 4625.843    934.450 / 5522.768    934.450 / 5522.768    934.450 / 5522.768    ms
[106.089s][info][gc,stats]         Old Phase: Concurrent Mark Continue                      0.000 / 0.000         0.000 / 0.000         0.000 / 0.000         0.000 / 0.000       ms
[106.089s][info][gc,stats]         Old Phase: Concurrent Mark Free                          0.004 / 0.006         0.004 / 0.007         0.004 / 0.007         0.004 / 0.007       ms
[106.089s][info][gc,stats]         Old Phase: Concurrent Process Non-Strong                17.909 / 156.420      38.572 / 433.972      38.572 / 433.972      38.572 / 433.972     ms
[106.089s][info][gc,stats]         Old Phase: Concurrent Relocate                          57.271 / 504.312     100.586 / 818.596     100.586 / 818.596     100.586 / 818.596     ms
[106.089s][info][gc,stats]         Old Phase: Concurrent Remap Roots                        3.077 / 24.453       19.488 / 97.317       19.488 / 97.317       19.488 / 97.317      ms
[106.089s][info][gc,stats]         Old Phase: Concurrent Reset Relocation Set               0.024 / 0.151         0.018 / 0.151         0.018 / 0.151         0.018 / 0.151       ms
[106.089s][info][gc,stats]         Old Phase: Concurrent Select Relocation Set              5.130 / 22.200       11.305 / 90.141       11.305 / 90.141       11.305 / 90.141      ms
[106.089s][info][gc,stats]      Old Subphase: Concurrent Classes Purge                      0.004 / 0.011         0.071 / 2.432         0.071 / 2.432         0.071 / 2.432       ms
[106.089s][info][gc,stats]      Old Subphase: Concurrent Classes Unlink                     0.161 / 0.248         0.821 / 1.584         0.821 / 1.584         0.821 / 1.584       ms
[106.089s][info][gc,stats]      Old Subphase: Concurrent Mark Follow                      896.445 / 4625.642    934.291 / 5522.663    934.291 / 5522.663    934.291 / 5522.663    ms
[106.089s][info][gc,stats]      Old Subphase: Concurrent Mark Root Colored                  0.042 / 0.103         0.032 / 0.103         0.032 / 0.103         0.032 / 0.103       ms
[106.089s][info][gc,stats]      Old Subphase: Concurrent Mark Root Uncolored                0.021 / 0.049         0.028 / 0.150         0.028 / 0.150         0.028 / 0.150       ms
[106.089s][info][gc,stats]      Old Subphase: Concurrent Mark Roots                         0.154 / 0.219         0.156 / 0.365         0.156 / 0.365         0.156 / 0.365       ms
[106.089s][info][gc,stats]      Old Subphase: Concurrent References Enqueue                 0.001 / 0.003         0.001 / 0.006         0.001 / 0.006         0.001 / 0.006       ms
[106.089s][info][gc,stats]      Old Subphase: Concurrent References Process                17.367 / 155.701      37.242 / 433.099      37.242 / 433.099      37.242 / 433.099     ms
[106.089s][info][gc,stats]      Old Subphase: Concurrent Remap Remembered                   2.905 / 24.149       15.214 / 96.787       15.214 / 96.787       15.214 / 96.787      ms
[106.089s][info][gc,stats]      Old Subphase: Concurrent Remap Roots Colored                0.058 / 0.123         0.159 / 0.599         0.159 / 0.599         0.159 / 0.599       ms
[106.089s][info][gc,stats]      Old Subphase: Concurrent Remap Roots Uncolored              0.023 / 0.036         0.122 / 0.330         0.122 / 0.330         0.122 / 0.330       ms
[106.089s][info][gc,stats]      Old Subphase: Concurrent Roots ClassLoaderDataGraph         0.035 / 0.079         0.101 / 0.567         0.101 / 0.567         0.101 / 0.567       ms
[106.089s][info][gc,stats]      Old Subphase: Concurrent Roots CodeCache                    0.021 / 0.033         0.122 / 0.327         0.122 / 0.327         0.122 / 0.327       ms
[106.089s][info][gc,stats]      Old Subphase: Concurrent Roots JavaThreads                  0.009 / 0.048         0.011 / 0.150         0.011 / 0.150         0.011 / 0.150       ms
[106.089s][info][gc,stats]      Old Subphase: Concurrent Roots OopStorageSet                0.004 / 0.022         0.004 / 0.022         0.004 / 0.022         0.004 / 0.022       ms
[106.089s][info][gc,stats]      Old Subphase: Concurrent Weak Roots OopStorageSet           0.095 / 0.209         0.089 / 0.214         0.089 / 0.214         0.089 / 0.214       ms
[106.089s][info][gc,stats]            System: Java Threads                                     11 / 11               11 / 13               11 / 13               11 / 13          threads
[106.089s][info][gc,stats]  Young Generation: Young Generation                              7.358 / 36.508      559.293 / 4167.375    559.293 / 4167.375    559.293 / 4167.375    ms
[106.089s][info][gc,stats]  Young Generation: Young Generation                              0.000 / 0.000         0.000 / 0.000         0.000 / 0.000         0.000 / 0.000       ms
[106.089s][info][gc,stats]  Young Generation: Young Generation (Collect Roots)              0.000 / 0.000         0.000 / 0.000         0.000 / 0.000         0.000 / 0.000       ms
[106.089s][info][gc,stats]  Young Generation: Young Generation (Promote All)                0.000 / 0.000         0.000 / 0.000         0.000 / 0.000         0.000 / 0.000       ms
[106.089s][info][gc,stats]       Young Pause: Pause Mark End                                0.009 / 0.013         0.011 / 0.014         0.011 / 0.014         0.011 / 0.014       ms
[106.089s][info][gc,stats]       Young Pause: Pause Mark Start                              0.000 / 0.000         0.000 / 0.000         0.000 / 0.000         0.000 / 0.000       ms
[106.089s][info][gc,stats]       Young Pause: Pause Mark Start (Major)                      0.018 / 0.039         0.016 / 0.039         0.016 / 0.039         0.016 / 0.039       ms
[106.089s][info][gc,stats]       Young Pause: Pause Relocate Start                          0.007 / 0.008         0.008 / 0.014         0.008 / 0.014         0.008 / 0.014       ms
[106.089s][info][gc,stats]       Young Phase: Concurrent Mark                               6.622 / 35.791      499.019 / 3793.288    499.019 / 3793.288    499.019 / 3793.288    ms
[106.089s][info][gc,stats]       Young Phase: Concurrent Mark Continue                      0.000 / 0.000         0.000 / 0.000         0.000 / 0.000         0.000 / 0.000       ms
[106.089s][info][gc,stats]       Young Phase: Concurrent Mark Free                          0.001 / 0.001         0.002 / 0.007         0.002 / 0.007         0.002 / 0.007       ms
[106.089s][info][gc,stats]       Young Phase: Concurrent Relocate                           0.076 / 0.234        34.709 / 340.815      34.709 / 340.815      34.709 / 340.815     ms
[106.089s][info][gc,stats]       Young Phase: Concurrent Reset Relocation Set               0.000 / 0.000         0.072 / 0.952         0.072 / 0.952         0.072 / 0.952       ms
[106.089s][info][gc,stats]       Young Phase: Concurrent Select Relocation Set              0.333 / 0.694        24.989 / 260.257      24.989 / 260.257      24.989 / 260.257     ms
[106.089s][info][gc,stats]    Young Subphase: Concurrent Mark Follow                        5.580 / 34.726      497.906 / 3792.325    497.906 / 3792.325    497.906 / 3792.325    ms
[106.089s][info][gc,stats]    Young Subphase: Concurrent Mark Root Colored                  0.766 / 0.866         0.721 / 1.014         0.721 / 1.014         0.721 / 1.014       ms
[106.089s][info][gc,stats]    Young Subphase: Concurrent Mark Root Uncolored                0.054 / 0.067         0.171 / 0.411         0.171 / 0.411         0.171 / 0.411       ms
[106.089s][info][gc,stats]    Young Subphase: Concurrent Mark Roots                         1.039 / 1.088         1.110 / 1.414         1.110 / 1.414         1.110 / 1.414       ms
[106.089s][info][gc,stats]    Young Subphase: Concurrent Relocate Remset FP                 0.025 / 0.129        34.408 / 340.667      34.408 / 340.667      34.408 / 340.667     ms
[106.089s][info][gc,stats]    Young Subphase: Concurrent Roots ClassLoaderDataGraph         0.644 / 0.671         0.590 / 0.724         0.590 / 0.724         0.590 / 0.724       ms
[106.089s][info][gc,stats]    Young Subphase: Concurrent Roots CodeCache                    0.025 / 0.030         0.134 / 0.387         0.134 / 0.387         0.134 / 0.387       ms
[106.089s][info][gc,stats]    Young Subphase: Concurrent Roots JavaThreads                  0.015 / 0.043         0.021 / 0.373         0.021 / 0.373         0.021 / 0.373       ms
[106.089s][info][gc,stats]    Young Subphase: Concurrent Roots OopStorageSet                0.008 / 0.012         0.017 / 0.247         0.017 / 0.247         0.017 / 0.247       ms
[106.089s][info][gc,stats]    Young Subphase: Concurrent Weak Roots OopStorageSet           0.116 / 0.192         0.125 / 0.241         0.125 / 0.241         0.125 / 0.241       ms
[106.089s][info][gc,stats] =========================================================================================================================================================
