
=== RUN 42/80 (GA clear_path_sep) ===

[0.027s][info][gc,ref] Reference Processor created, Macros: ZUseSeparateDiscoveredLists=1, ZUseDynamicArray=0, ZUseOptimisedClearPath=1
[1.826s][info][gc,ref] GC(0) O:                           Encountered       Discovered Cleared/Enqueued 
[1.826s][info][gc,ref] GC(0) O: Soft References:                    0                0                0 
[1.826s][info][gc,ref] GC(0) O: Weak References:                    0                0                0 
[1.826s][info][gc,ref] GC(0) O: Weak (No Queue):                    0                0                0 
[1.826s][info][gc,ref] GC(0) O: Weak Fields:                        0                0                0 
[1.826s][info][gc,ref] GC(0) O: Final References:                   0                0                0 
[1.826s][info][gc,ref] GC(0) O: Phantom References:                 0                0                0 
[2.352s][info][gc,ref] GC(1) O:                           Encountered       Discovered Cleared/Enqueued 
[2.352s][info][gc,ref] GC(1) O: Soft References:                  141                0                0 
[2.352s][info][gc,ref] GC(1) O: Weak References:                  588                0                0 
[2.352s][info][gc,ref] GC(1) O: Weak (No Queue):                    3                0                0 
[2.352s][info][gc,ref] GC(1) O: Weak Fields:                        0                0                0 
[2.352s][info][gc,ref] GC(1) O: Final References:                   0                0                0 
[2.352s][info][gc,ref] GC(1) O: Phantom References:                 1                0                0 
[2.885s][info][gc,ref] GC(2) O:                           Encountered       Discovered Cleared/Enqueued 
[2.885s][info][gc,ref] GC(2) O: Soft References:                  159                0                0 
[2.885s][info][gc,ref] GC(2) O: Weak References:                  748                0                0 
[2.885s][info][gc,ref] GC(2) O: Weak (No Queue):                    3                0                0 
[2.885s][info][gc,ref] GC(2) O: Weak Fields:                        0                0                0 
[2.885s][info][gc,ref] GC(2) O: Final References:                   0                0                0 
[2.885s][info][gc,ref] GC(2) O: Phantom References:                 1                0                0 
WeakRefMultiObjectBenchmark: objects=7340009 minSize=509 maxSize=1097 sleepMillis=3000 iterations=3

=== Iteration 1 ===
Phase 1: Allocating references and objects...
[3.433s][info][gc,ref] GC(3) O:                           Encountered       Discovered Cleared/Enqueued 
[3.433s][info][gc,ref] GC(3) O: Soft References:                  238                0                0 
[3.433s][info][gc,ref] GC(3) O: Weak References:                 1349              423              121 
[3.433s][info][gc,ref] GC(3) O: Weak (No Queue):                    3                3                0 
[3.433s][info][gc,ref] GC(3) O: Weak Fields:                        0                0                0 
[3.433s][info][gc,ref] GC(3) O: Final References:                   0                0                0 
[3.433s][info][gc,ref] GC(3) O: Phantom References:                 1                1                0 
[4.177s][info][gc,ref] GC(4) O:                           Encountered       Discovered Cleared/Enqueued 
[4.177s][info][gc,ref] GC(4) O: Soft References:                  238                0                0 
[4.177s][info][gc,ref] GC(4) O: Weak References:                 1228              495               45 
[4.177s][info][gc,ref] GC(4) O: Weak (No Queue):                    3                3                0 
[4.177s][info][gc,ref] GC(4) O: Weak Fields:                        0                0                0 
[4.177s][info][gc,ref] GC(4) O: Final References:                   0                0                0 
[4.177s][info][gc,ref] GC(4) O: Phantom References:                 1                1                0 
[5.463s][info][gc,ref] GC(5) O:                           Encountered       Discovered Cleared/Enqueued 
[5.463s][info][gc,ref] GC(5) O: Soft References:                  238                0                0 
[5.463s][info][gc,ref] GC(5) O: Weak References:               368184              416              169 
[5.463s][info][gc,ref] GC(5) O: Weak (No Queue):               925967                2                0 
[5.463s][info][gc,ref] GC(5) O: Weak Fields:                        0                0                0 
[5.463s][info][gc,ref] GC(5) O: Final References:                   0                0                0 
[5.463s][info][gc,ref] GC(5) O: Phantom References:                 1                1                0 
Allocated 7340009 objects in 4.35 seconds
Phase 2: Sleeping for 3000 ms...
[8.274s][info][gc,ref] GC(6) O:                           Encountered       Discovered Cleared/Enqueued 
[8.274s][info][gc,ref] GC(6) O: Soft References:                  238                0                0 
[8.274s][info][gc,ref] GC(6) O: Weak References:               368015              943                0 
[8.274s][info][gc,ref] GC(6) O: Weak (No Queue):              3593694                3                0 
[8.274s][info][gc,ref] GC(6) O: Weak Fields:                        0                0                0 
[8.274s][info][gc,ref] GC(6) O: Final References:                   0                0                0 
[8.274s][info][gc,ref] GC(6) O: Phantom References:                 1                1                0 
Phase 3.1: Clearing strong references...
Cleared 1468002 strong references, 5872007 remaining
Waiting 3000 ms...
[13.343s][info][gc,ref] GC(7) O:                           Encountered       Discovered Cleared/Enqueued 
[13.343s][info][gc,ref] GC(7) O: Soft References:                  238                0                0 
[13.343s][info][gc,ref] GC(7) O: Weak References:               368015           105602                0 
[13.343s][info][gc,ref] GC(7) O: Weak (No Queue):              6973011           264408                0 
[13.343s][info][gc,ref] GC(7) O: Weak Fields:                        0                0                0 
[13.343s][info][gc,ref] GC(7) O: Final References:                   0                0                0 
[13.343s][info][gc,ref] GC(7) O: Phantom References:                 1                1                0 
Phase 3.2: Clearing strong references...
Cleared 1468002 strong references, 4404005 remaining
Waiting 3000 ms...
Phase 3.3: Clearing strong references...
Cleared 1468002 strong references, 2936003 remaining
Waiting 3000 ms...
[19.353s][info][gc,ref] GC(8) O:                           Encountered       Discovered Cleared/Enqueued 
[19.353s][info][gc,ref] GC(8) O: Soft References:                  238                0                0 
[19.353s][info][gc,ref] GC(8) O: Weak References:               368015           214493            73247 
[19.353s][info][gc,ref] GC(8) O: Weak (No Queue):              6973011          2101071           718821 
[19.353s][info][gc,ref] GC(8) O: Weak Fields:                        0                0                0 
[19.353s][info][gc,ref] GC(8) O: Final References:                   0                0                0 
[19.353s][info][gc,ref] GC(8) O: Phantom References:                 1                1                0 
Phase 3.4: Clearing strong references...
Cleared 1468002 strong references, 1468001 remaining
Waiting 3000 ms...
Phase 3.5: Clearing strong references...
Cleared 1468001 strong references, 0 remaining
Waiting 3000 ms...
[26.638s][info][gc,ref] GC(9) O:                           Encountered       Discovered Cleared/Enqueued 
[26.638s][info][gc,ref] GC(9) O: Soft References:                  238                0                0 
[26.638s][info][gc,ref] GC(9) O: Weak References:               294768           260314           146224 
[26.638s][info][gc,ref] GC(9) O: Weak (No Queue):              6254190          5598539          3465714 
[26.638s][info][gc,ref] GC(9) O: Weak Fields:                        0                0                0 
[26.638s][info][gc,ref] GC(9) O: Final References:                   0                0                0 
[26.638s][info][gc,ref] GC(9) O: Phantom References:                 1                1                0 
Waiting 6000 ms...
[32.680s][info][gc,ref] GC(10) O:                           Encountered       Discovered Cleared/Enqueued 
[32.680s][info][gc,ref] GC(10) O: Soft References:                  238                0                0 
[32.680s][info][gc,ref] GC(10) O: Weak References:               148544           148488           147530 
[32.680s][info][gc,ref] GC(10) O: Weak (No Queue):              2788476          2788476          2788473 
[32.680s][info][gc,ref] GC(10) O: Weak Fields:                        0                0                0 
[32.680s][info][gc,ref] GC(10) O: Final References:                   0                0                0 
[32.680s][info][gc,ref] GC(10) O: Phantom References:                 1                1                0 
Phase 4: Final weak reference checks...
Final count of alive weak references: 0
References enqueued in ReferenceQueue: 367001
Cooling down for 5 seconds...
[36.046s][info][gc,ref] GC(11) O:                           Encountered       Discovered Cleared/Enqueued 
[36.046s][info][gc,ref] GC(11) O: Soft References:                  238                0                0 
[36.046s][info][gc,ref] GC(11) O: Weak References:                 1014              933                0 
[36.046s][info][gc,ref] GC(11) O: Weak (No Queue):                    3                3                0 
[36.046s][info][gc,ref] GC(11) O: Weak Fields:                        0                0                0 
[36.046s][info][gc,ref] GC(11) O: Final References:                   0                0                0 
[36.046s][info][gc,ref] GC(11) O: Phantom References:                 1                1                0 
[36.589s][info][gc,ref] GC(12) O:                           Encountered       Discovered Cleared/Enqueued 
[36.589s][info][gc,ref] GC(12) O: Soft References:                  238                0                0 
[36.589s][info][gc,ref] GC(12) O: Weak References:                 1014              865                0 
[36.589s][info][gc,ref] GC(12) O: Weak (No Queue):                    3                3                0 
[36.589s][info][gc,ref] GC(12) O: Weak Fields:                        0                0                0 
[36.589s][info][gc,ref] GC(12) O: Final References:                   0                0                0 
[36.589s][info][gc,ref] GC(12) O: Phantom References:                 1                1                0 
[37.122s][info][gc,ref] GC(13) O:                           Encountered       Discovered Cleared/Enqueued 
[37.122s][info][gc,ref] GC(13) O: Soft References:                  238                0                0 
[37.122s][info][gc,ref] GC(13) O: Weak References:                 1014              816                0 
[37.122s][info][gc,ref] GC(13) O: Weak (No Queue):                    3                3                0 
[37.122s][info][gc,ref] GC(13) O: Weak Fields:                        0                0                0 
[37.122s][info][gc,ref] GC(13) O: Final References:                   0                0                0 
[37.122s][info][gc,ref] GC(13) O: Phantom References:                 1                1                0 
[37.657s][info][gc,ref] GC(14) O:                           Encountered       Discovered Cleared/Enqueued 
[37.657s][info][gc,ref] GC(14) O: Soft References:                  238                0                0 
[37.657s][info][gc,ref] GC(14) O: Weak References:                 1014              795                0 
[37.657s][info][gc,ref] GC(14) O: Weak (No Queue):                    3                3                0 
[37.657s][info][gc,ref] GC(14) O: Weak Fields:                        0                0                0 
[37.657s][info][gc,ref] GC(14) O: Final References:                   0                0                0 
[37.657s][info][gc,ref] GC(14) O: Phantom References:                 1                1                0 
[38.193s][info][gc,ref] GC(15) O:                           Encountered       Discovered Cleared/Enqueued 
[38.193s][info][gc,ref] GC(15) O: Soft References:                  238                0                0 
[38.193s][info][gc,ref] GC(15) O: Weak References:                 1014              794                0 
[38.193s][info][gc,ref] GC(15) O: Weak (No Queue):                    3                3                0 
[38.193s][info][gc,ref] GC(15) O: Weak Fields:                        0                0                0 
[38.193s][info][gc,ref] GC(15) O: Final References:                   0                0                0 
[38.193s][info][gc,ref] GC(15) O: Phantom References:                 1                1                0 
[38.727s][info][gc,ref] GC(16) O:                           Encountered       Discovered Cleared/Enqueued 
[38.728s][info][gc,ref] GC(16) O: Soft References:                  238                0                0 
[38.728s][info][gc,ref] GC(16) O: Weak References:                 1014              733                0 
[38.728s][info][gc,ref] GC(16) O: Weak (No Queue):                    3                1                0 
[38.728s][info][gc,ref] GC(16) O: Weak Fields:                        0                0                0 
[38.728s][info][gc,ref] GC(16) O: Final References:                   0                0                0 
[38.728s][info][gc,ref] GC(16) O: Phantom References:                 1                0                0 
[39.263s][info][gc,ref] GC(17) O:                           Encountered       Discovered Cleared/Enqueued 
[39.263s][info][gc,ref] GC(17) O: Soft References:                  238                0                0 
[39.263s][info][gc,ref] GC(17) O: Weak References:                 1014              793                0 
[39.263s][info][gc,ref] GC(17) O: Weak (No Queue):                    3                3                0 
[39.263s][info][gc,ref] GC(17) O: Weak Fields:                        0                0                0 
[39.263s][info][gc,ref] GC(17) O: Final References:                   0                0                0 
[39.263s][info][gc,ref] GC(17) O: Phantom References:                 1                1                0 
[39.798s][info][gc,ref] GC(18) O:                           Encountered       Discovered Cleared/Enqueued 
[39.798s][info][gc,ref] GC(18) O: Soft References:                  238                0                0 
[39.798s][info][gc,ref] GC(18) O: Weak References:                 1014              858                0 
[39.798s][info][gc,ref] GC(18) O: Weak (No Queue):                    3                3                0 
[39.798s][info][gc,ref] GC(18) O: Weak Fields:                        0                0                0 
[39.798s][info][gc,ref] GC(18) O: Final References:                   0                0                0 
[39.798s][info][gc,ref] GC(18) O: Phantom References:                 1                1                0 
[40.333s][info][gc,ref] GC(19) O:                           Encountered       Discovered Cleared/Enqueued 
[40.333s][info][gc,ref] GC(19) O: Soft References:                  238                0                0 
[40.333s][info][gc,ref] GC(19) O: Weak References:                 1014              791                0 
[40.333s][info][gc,ref] GC(19) O: Weak (No Queue):                    3                3                0 
[40.333s][info][gc,ref] GC(19) O: Weak Fields:                        0                0                0 
[40.333s][info][gc,ref] GC(19) O: Final References:                   0                0                0 
[40.333s][info][gc,ref] GC(19) O: Phantom References:                 1                1                0 

=== Iteration 2 ===
Phase 1: Allocating references and objects...
[40.894s][info][gc,ref] GC(20) O:                           Encountered       Discovered Cleared/Enqueued 
[40.894s][info][gc,ref] GC(20) O: Soft References:                  238                0                0 
[40.894s][info][gc,ref] GC(20) O: Weak References:                 1014              764                0 
[40.894s][info][gc,ref] GC(20) O: Weak (No Queue):                    3                3                0 
[40.894s][info][gc,ref] GC(20) O: Weak Fields:                        0                0                0 
[40.894s][info][gc,ref] GC(20) O: Final References:                   0                0                0 
[40.894s][info][gc,ref] GC(20) O: Phantom References:                 1                1                0 
Allocated 7340009 objects in 1.92 seconds
Phase 2: Sleeping for 3000 ms...
[44.406s][info][gc,ref] GC(21) O:                           Encountered       Discovered Cleared/Enqueued 
[44.406s][info][gc,ref] GC(21) O: Soft References:                  238                0                0 
[44.406s][info][gc,ref] GC(21) O: Weak References:               368015              814                0 
[44.406s][info][gc,ref] GC(21) O: Weak (No Queue):              1531300                3                0 
[44.406s][info][gc,ref] GC(21) O: Weak Fields:                        0                0                0 
[44.406s][info][gc,ref] GC(21) O: Final References:                   0                0                0 
[44.406s][info][gc,ref] GC(21) O: Phantom References:                 1                1                0 
Phase 3.1: Clearing strong references...
Cleared 1468002 strong references, 5872007 remaining
Waiting 3000 ms...
Phase 3.2: Clearing strong references...
Cleared 1468002 strong references, 4404005 remaining
Waiting 3000 ms...
[49.140s][info][gc,ref] GC(22) O:                           Encountered       Discovered Cleared/Enqueued 
[49.140s][info][gc,ref] GC(22) O: Soft References:                  238                0                0 
[49.140s][info][gc,ref] GC(22) O: Weak References:               368015              937                0 
[49.140s][info][gc,ref] GC(22) O: Weak (No Queue):              6973011                3                0 
[49.140s][info][gc,ref] GC(22) O: Weak Fields:                        0                0                0 
[49.140s][info][gc,ref] GC(22) O: Final References:                   0                0                0 
[49.140s][info][gc,ref] GC(22) O: Phantom References:                 1                1                0 
Phase 3.3: Clearing strong references...
Cleared 1468002 strong references, 2936003 remaining
Waiting 3000 ms...
[54.308s][info][gc,ref] GC(23) O:                           Encountered       Discovered Cleared/Enqueued 
[54.308s][info][gc,ref] GC(23) O: Soft References:                  238                0                0 
[54.308s][info][gc,ref] GC(23) O: Weak References:               368015           319114           146019 
[54.308s][info][gc,ref] GC(23) O: Weak (No Queue):              6973011          1329493           613253 
[54.308s][info][gc,ref] GC(23) O: Weak Fields:                        0                0                0 
[54.308s][info][gc,ref] GC(23) O: Final References:                   0                0                0 
[54.308s][info][gc,ref] GC(23) O: Phantom References:                 1                1                0 
Phase 3.4: Clearing strong references...
Cleared 1468002 strong references, 1468001 remaining
Waiting 3000 ms...
Phase 3.5: Clearing strong references...
Cleared 1468001 strong references, 0 remaining
Waiting 3000 ms...
[60.863s][info][gc,ref] GC(24) O:                           Encountered       Discovered Cleared/Enqueued 
[60.863s][info][gc,ref] GC(24) O: Soft References:                  238                0                0 
[60.863s][info][gc,ref] GC(24) O: Weak References:               221996           197847            73781 
[60.863s][info][gc,ref] GC(24) O: Weak (No Queue):              6359758          5909266          3570953 
[60.863s][info][gc,ref] GC(24) O: Weak Fields:                        0                0                0 
[60.863s][info][gc,ref] GC(24) O: Final References:                   0                0                0 
[60.863s][info][gc,ref] GC(24) O: Phantom References:                 1                1                0 
Waiting 6000 ms...
[66.876s][info][gc,ref] GC(25) O:                           Encountered       Discovered Cleared/Enqueued 
[66.876s][info][gc,ref] GC(25) O: Soft References:                  238                0                0 
[66.876s][info][gc,ref] GC(25) O: Weak References:               148215           148038           147201 
[66.876s][info][gc,ref] GC(25) O: Weak (No Queue):              2788805          2788803          2788802 
[66.876s][info][gc,ref] GC(25) O: Weak Fields:                        0                0                0 
[66.876s][info][gc,ref] GC(25) O: Final References:                   0                0                0 
[66.876s][info][gc,ref] GC(25) O: Phantom References:                 1                1                0 
Phase 4: Final weak reference checks...
Final count of alive weak references: 0
References enqueued in ReferenceQueue: 367001
Cooling down for 5 seconds...
[70.436s][info][gc,ref] GC(26) O:                           Encountered       Discovered Cleared/Enqueued 
[70.437s][info][gc,ref] GC(26) O: Soft References:                  238                0                0 
[70.437s][info][gc,ref] GC(26) O: Weak References:                 1014              818                0 
[70.437s][info][gc,ref] GC(26) O: Weak (No Queue):                    3                1                0 
[70.437s][info][gc,ref] GC(26) O: Weak Fields:                        0                0                0 
[70.437s][info][gc,ref] GC(26) O: Final References:                   0                0                0 
[70.437s][info][gc,ref] GC(26) O: Phantom References:                 1                1                0 
[70.977s][info][gc,ref] GC(27) O:                           Encountered       Discovered Cleared/Enqueued 
[70.977s][info][gc,ref] GC(27) O: Soft References:                  238                0                0 
[70.977s][info][gc,ref] GC(27) O: Weak References:                 1014              753                0 
[70.977s][info][gc,ref] GC(27) O: Weak (No Queue):                    3                3                0 
[70.977s][info][gc,ref] GC(27) O: Weak Fields:                        0                0                0 
[70.977s][info][gc,ref] GC(27) O: Final References:                   0                0                0 
[70.977s][info][gc,ref] GC(27) O: Phantom References:                 1                1                0 
[71.507s][info][gc,ref] GC(28) O:                           Encountered       Discovered Cleared/Enqueued 
[71.507s][info][gc,ref] GC(28) O: Soft References:                  238                0                0 
[71.507s][info][gc,ref] GC(28) O: Weak References:                 1014              737                0 
[71.507s][info][gc,ref] GC(28) O: Weak (No Queue):                    3                3                0 
[71.507s][info][gc,ref] GC(28) O: Weak Fields:                        0                0                0 
[71.507s][info][gc,ref] GC(28) O: Final References:                   0                0                0 
[71.507s][info][gc,ref] GC(28) O: Phantom References:                 1                1                0 
[72.037s][info][gc,ref] GC(29) O:                           Encountered       Discovered Cleared/Enqueued 
[72.037s][info][gc,ref] GC(29) O: Soft References:                  238                0                0 
[72.037s][info][gc,ref] GC(29) O: Weak References:                 1014              863                0 
[72.037s][info][gc,ref] GC(29) O: Weak (No Queue):                    3                1                0 
[72.037s][info][gc,ref] GC(29) O: Weak Fields:                        0                0                0 
[72.037s][info][gc,ref] GC(29) O: Final References:                   0                0                0 
[72.037s][info][gc,ref] GC(29) O: Phantom References:                 1                0                0 
[72.562s][info][gc,ref] GC(30) O:                           Encountered       Discovered Cleared/Enqueued 
[72.562s][info][gc,ref] GC(30) O: Soft References:                  238                0                0 
[72.562s][info][gc,ref] GC(30) O: Weak References:                 1014              810                0 
[72.562s][info][gc,ref] GC(30) O: Weak (No Queue):                    3                3                0 
[72.562s][info][gc,ref] GC(30) O: Weak Fields:                        0                0                0 
[72.562s][info][gc,ref] GC(30) O: Final References:                   0                0                0 
[72.562s][info][gc,ref] GC(30) O: Phantom References:                 1                1                0 
[73.096s][info][gc,ref] GC(31) O:                           Encountered       Discovered Cleared/Enqueued 
[73.096s][info][gc,ref] GC(31) O: Soft References:                  238                0                0 
[73.096s][info][gc,ref] GC(31) O: Weak References:                 1014              819                0 
[73.096s][info][gc,ref] GC(31) O: Weak (No Queue):                    3                3                0 
[73.096s][info][gc,ref] GC(31) O: Weak Fields:                        0                0                0 
[73.096s][info][gc,ref] GC(31) O: Final References:                   0                0                0 
[73.096s][info][gc,ref] GC(31) O: Phantom References:                 1                1                0 
[73.620s][info][gc,ref] GC(32) O:                           Encountered       Discovered Cleared/Enqueued 
[73.620s][info][gc,ref] GC(32) O: Soft References:                  238                0                0 
[73.620s][info][gc,ref] GC(32) O: Weak References:                 1014              810                0 
[73.620s][info][gc,ref] GC(32) O: Weak (No Queue):                    3                3                0 
[73.620s][info][gc,ref] GC(32) O: Weak Fields:                        0                0                0 
[73.620s][info][gc,ref] GC(32) O: Final References:                   0                0                0 
[73.620s][info][gc,ref] GC(32) O: Phantom References:                 1                1                0 
[74.147s][info][gc,ref] GC(33) O:                           Encountered       Discovered Cleared/Enqueued 
[74.147s][info][gc,ref] GC(33) O: Soft References:                  238                0                0 
[74.147s][info][gc,ref] GC(33) O: Weak References:                 1014              737                0 
[74.147s][info][gc,ref] GC(33) O: Weak (No Queue):                    3                3                0 
[74.147s][info][gc,ref] GC(33) O: Weak Fields:                        0                0                0 
[74.147s][info][gc,ref] GC(33) O: Final References:                   0                0                0 
[74.147s][info][gc,ref] GC(33) O: Phantom References:                 1                1                0 

=== Iteration 3 ===
Phase 1: Allocating references and objects...
[74.700s][info][gc,ref] GC(34) O:                           Encountered       Discovered Cleared/Enqueued 
[74.700s][info][gc,ref] GC(34) O: Soft References:                  238                0                0 
[74.700s][info][gc,ref] GC(34) O: Weak References:                 1014              826                0 
[74.700s][info][gc,ref] GC(34) O: Weak (No Queue):                    3                3                0 
[74.700s][info][gc,ref] GC(34) O: Weak Fields:                        0                0                0 
[74.700s][info][gc,ref] GC(34) O: Final References:                   0                0                0 
[74.700s][info][gc,ref] GC(34) O: Phantom References:                 1                1                0 
[76.073s][info][gc,ref] GC(35) O:                           Encountered       Discovered Cleared/Enqueued 
[76.073s][info][gc,ref] GC(35) O: Soft References:                  238                0                0 
[76.073s][info][gc,ref] GC(35) O: Weak References:               368015              814                0 
[76.073s][info][gc,ref] GC(35) O: Weak (No Queue):                35605                3                0 
[76.073s][info][gc,ref] GC(35) O: Weak Fields:                        0                0                0 
[76.073s][info][gc,ref] GC(35) O: Final References:                   0                0                0 
[76.073s][info][gc,ref] GC(35) O: Phantom References:                 1                1                0 
Allocated 7340009 objects in 1.83 seconds
Phase 2: Sleeping for 3000 ms...
Phase 3.1: Clearing strong references...
Cleared 1468002 strong references, 5872007 remaining
Waiting 3000 ms...
[80.624s][info][gc,ref] GC(36) O:                           Encountered       Discovered Cleared/Enqueued 
[80.624s][info][gc,ref] GC(36) O: Soft References:                  238                0                0 
[80.624s][info][gc,ref] GC(36) O: Weak References:               368015              827                0 
[80.624s][info][gc,ref] GC(36) O: Weak (No Queue):              6973011                0                0 
[80.624s][info][gc,ref] GC(36) O: Weak Fields:                        0                0                0 
[80.624s][info][gc,ref] GC(36) O: Final References:                   0                0                0 
[80.624s][info][gc,ref] GC(36) O: Phantom References:                 1                1                0 
Phase 3.2: Clearing strong references...
Cleared 1468002 strong references, 4404005 remaining
Waiting 3000 ms...
[85.671s][info][gc,ref] GC(37) O:                           Encountered       Discovered Cleared/Enqueued 
[85.671s][info][gc,ref] GC(37) O: Soft References:                  238                0                0 
[85.671s][info][gc,ref] GC(37) O: Weak References:               368015           285888            73779 
[85.671s][info][gc,ref] GC(37) O: Weak (No Queue):              6973011            27766             7062 
[85.671s][info][gc,ref] GC(37) O: Weak Fields:                        0                0                0 
[85.671s][info][gc,ref] GC(37) O: Final References:                   0                0                0 
[85.671s][info][gc,ref] GC(37) O: Phantom References:                 1                1                0 
Phase 3.3: Clearing strong references...
Cleared 1468002 strong references, 2936003 remaining
Waiting 3000 ms...
Phase 3.4: Clearing strong references...
Cleared 1468002 strong references, 1468001 remaining
Waiting 3000 ms...
[92.086s][info][gc,ref] GC(38) O:                           Encountered       Discovered Cleared/Enqueued 
[92.086s][info][gc,ref] GC(38) O: Soft References:                  238                0                0 
[92.086s][info][gc,ref] GC(38) O: Weak References:               294236           271150           146611 
[92.086s][info][gc,ref] GC(38) O: Weak (No Queue):              6965949          6525913          4176554 
[92.086s][info][gc,ref] GC(38) O: Weak Fields:                        0                0                0 
[92.086s][info][gc,ref] GC(38) O: Final References:                   0                0                0 
[92.086s][info][gc,ref] GC(38) O: Phantom References:                 1                1                0 
Phase 3.5: Clearing strong references...
Cleared 1468001 strong references, 0 remaining
Waiting 3000 ms...
Waiting 6000 ms...
[98.111s][info][gc,ref] GC(39) O:                           Encountered       Discovered Cleared/Enqueued 
[98.111s][info][gc,ref] GC(39) O: Soft References:                  238                0                0 
[98.111s][info][gc,ref] GC(39) O: Weak References:               147625           147425           146611 
[98.111s][info][gc,ref] GC(39) O: Weak (No Queue):              2789395          2789392          2789392 
[98.111s][info][gc,ref] GC(39) O: Weak Fields:                        0                0                0 
[98.111s][info][gc,ref] GC(39) O: Final References:                   0                0                0 
[98.111s][info][gc,ref] GC(39) O: Phantom References:                 1                1                0 
Phase 4: Final weak reference checks...
Final count of alive weak references: 0
References enqueued in ReferenceQueue: 367001
Cooling down for 5 seconds...
[102.365s][info][gc,ref] GC(40) O:                           Encountered       Discovered Cleared/Enqueued 
[102.365s][info][gc,ref] GC(40) O: Soft References:                  238                0                0 
[102.365s][info][gc,ref] GC(40) O: Weak References:                 1014              863                0 
[102.365s][info][gc,ref] GC(40) O: Weak (No Queue):                    3                3                0 
[102.365s][info][gc,ref] GC(40) O: Weak Fields:                        0                0                0 
[102.365s][info][gc,ref] GC(40) O: Final References:                   0                0                0 
[102.365s][info][gc,ref] GC(40) O: Phantom References:                 1                1                0 
[102.895s][info][gc,ref] GC(41) O:                           Encountered       Discovered Cleared/Enqueued 
[102.895s][info][gc,ref] GC(41) O: Soft References:                  238                0                0 
[102.895s][info][gc,ref] GC(41) O: Weak References:                 1014              830                0 
[102.895s][info][gc,ref] GC(41) O: Weak (No Queue):                    3                1                0 
[102.895s][info][gc,ref] GC(41) O: Weak Fields:                        0                0                0 
[102.895s][info][gc,ref] GC(41) O: Final References:                   0                0                0 
[102.895s][info][gc,ref] GC(41) O: Phantom References:                 1                1                0 
[103.426s][info][gc,ref] GC(42) O:                           Encountered       Discovered Cleared/Enqueued 
[103.426s][info][gc,ref] GC(42) O: Soft References:                  238                0                0 
[103.426s][info][gc,ref] GC(42) O: Weak References:                 1014              732                0 
[103.426s][info][gc,ref] GC(42) O: Weak (No Queue):                    3                3                0 
[103.426s][info][gc,ref] GC(42) O: Weak Fields:                        0                0                0 
[103.426s][info][gc,ref] GC(42) O: Final References:                   0                0                0 
[103.426s][info][gc,ref] GC(42) O: Phantom References:                 1                1                0 
[103.959s][info][gc,ref] GC(43) O:                           Encountered       Discovered Cleared/Enqueued 
[103.959s][info][gc,ref] GC(43) O: Soft References:                  238                0                0 
[103.959s][info][gc,ref] GC(43) O: Weak References:                 1014              810                0 
[103.959s][info][gc,ref] GC(43) O: Weak (No Queue):                    3                3                0 
[103.959s][info][gc,ref] GC(43) O: Weak Fields:                        0                0                0 
[103.959s][info][gc,ref] GC(43) O: Final References:                   0                0                0 
[103.959s][info][gc,ref] GC(43) O: Phantom References:                 1                1                0 
[104.485s][info][gc,ref] GC(44) O:                           Encountered       Discovered Cleared/Enqueued 
[104.485s][info][gc,ref] GC(44) O: Soft References:                  238                0                0 
[104.485s][info][gc,ref] GC(44) O: Weak References:                 1014              814                0 
[104.485s][info][gc,ref] GC(44) O: Weak (No Queue):                    3                3                0 
[104.485s][info][gc,ref] GC(44) O: Weak Fields:                        0                0                0 
[104.485s][info][gc,ref] GC(44) O: Final References:                   0                0                0 
[104.485s][info][gc,ref] GC(44) O: Phantom References:                 1                1                0 
[105.009s][info][gc,ref] GC(45) O:                           Encountered       Discovered Cleared/Enqueued 
[105.009s][info][gc,ref] GC(45) O: Soft References:                  238                0                0 
[105.009s][info][gc,ref] GC(45) O: Weak References:                 1014              811                0 
[105.009s][info][gc,ref] GC(45) O: Weak (No Queue):                    3                3                0 
[105.009s][info][gc,ref] GC(45) O: Weak Fields:                        0                0                0 
[105.009s][info][gc,ref] GC(45) O: Final References:                   0                0                0 
[105.009s][info][gc,ref] GC(45) O: Phantom References:                 1                1                0 
[105.536s][info][gc,ref] GC(46) O:                           Encountered       Discovered Cleared/Enqueued 
[105.536s][info][gc,ref] GC(46) O: Soft References:                  238                0                0 
[105.536s][info][gc,ref] GC(46) O: Weak References:                 1014              733                0 
[105.536s][info][gc,ref] GC(46) O: Weak (No Queue):                    3                1                0 
[105.536s][info][gc,ref] GC(46) O: Weak Fields:                        0                0                0 
[105.536s][info][gc,ref] GC(46) O: Final References:                   0                0                0 
[105.536s][info][gc,ref] GC(46) O: Phantom References:                 1                0                0 
[106.061s][info][gc,ref] GC(47) O:                           Encountered       Discovered Cleared/Enqueued 
[106.061s][info][gc,ref] GC(47) O: Soft References:                  238                0                0 
[106.061s][info][gc,ref] GC(47) O: Weak References:                 1014              811                0 
[106.061s][info][gc,ref] GC(47) O: Weak (No Queue):                    3                3                0 
[106.061s][info][gc,ref] GC(47) O: Weak Fields:                        0                0                0 
[106.061s][info][gc,ref] GC(47) O: Final References:                   0                0                0 
[106.061s][info][gc,ref] GC(47) O: Phantom References:                 1                1                0 
[106.586s][info][gc,ref] GC(48) O:                           Encountered       Discovered Cleared/Enqueued 
[106.586s][info][gc,ref] GC(48) O: Soft References:                  238                0                0 
[106.586s][info][gc,ref] GC(48) O: Weak References:                 1014              810                0 
[106.586s][info][gc,ref] GC(48) O: Weak (No Queue):                    3                3                0 
[106.586s][info][gc,ref] GC(48) O: Weak Fields:                        0                0                0 
[106.586s][info][gc,ref] GC(48) O: Final References:                   0                0                0 
[106.586s][info][gc,ref] GC(48) O: Phantom References:                 1                1                0 
[107.112s][info][gc,ref] GC(49) O:                           Encountered       Discovered Cleared/Enqueued 
[107.112s][info][gc,ref] GC(49) O: Soft References:                  238                0                0 
[107.112s][info][gc,ref] GC(49) O: Weak References:                 1014              815                0 
[107.112s][info][gc,ref] GC(49) O: Weak (No Queue):                    3                3                0 
[107.112s][info][gc,ref] GC(49) O: Weak Fields:                        0                0                0 
[107.112s][info][gc,ref] GC(49) O: Final References:                   0                0                0 
[107.112s][info][gc,ref] GC(49) O: Phantom References:                 1                1                0 
[107.138s][info][gc,stats] === Garbage Collection Statistics =======================================================================================================================
[107.138s][info][gc,stats]                                                              Last 10s              Last 10m              Last 10h                Total
[107.138s][info][gc,stats]                                                              Avg / Max             Avg / Max             Avg / Max             Avg / Max
[107.138s][info][gc,stats]        Contention: Mark Segment Reset Contention                     0 / 1                 0 / 14                0 / 14                0 / 14          ops/s
[107.138s][info][gc,stats]        Contention: Mark SeqNum Reset Contention                      0 / 0                 0 / 5                 0 / 5                 0 / 5           ops/s
[107.138s][info][gc,stats]          Critical: Allocation Stall                                  0 / 0                 0 / 0                 0 / 0                 0 / 0           ops/s
[107.138s][info][gc,stats]          Critical: Allocation Stall                              0.000 / 0.000         0.000 / 0.000         0.000 / 0.000         0.000 / 0.000       ms
[107.138s][info][gc,stats]          Critical: JNI Critical Stall                                0 / 0                 0 / 0                 0 / 0                 0 / 0           ops/s
[107.138s][info][gc,stats]          Critical: JNI Critical Stall                            0.000 / 0.000         0.000 / 0.000         0.000 / 0.000         0.000 / 0.000       ms
[107.138s][info][gc,stats]          Critical: Relocation Stall                                  0 / 0                 0 / 0                 0 / 0                 0 / 0           ops/s
[107.138s][info][gc,stats]          Critical: Relocation Stall                              0.000 / 0.000         0.000 / 0.000         0.000 / 0.000         0.000 / 0.000       ms
[107.138s][info][gc,stats]  Major Collection: Major Collection                            946.886 / 5521.306   1643.101 / 6782.800   1643.101 / 6782.800   1643.101 / 6782.800    ms
[107.138s][info][gc,stats]            Memory: Allocation Rate                                   0 / 2               192 / 4162            192 / 4162            192 / 4162        MB/s
[107.138s][info][gc,stats]            Memory: Defragment                                        0 / 0                 0 / 0                 0 / 0                 0 / 0           ops/s
[107.138s][info][gc,stats]            Memory: Mapped Cache Harvest                              0 / 0                 0 / 0                 0 / 0                 0 / 0           MB/s
[107.138s][info][gc,stats]            Memory: Out Of Memory                                     0 / 0                 0 / 0                 0 / 0                 0 / 0           ops/s
[107.138s][info][gc,stats]            Memory: Uncommit                                          0 / 0                 0 / 0                 0 / 0                 0 / 0           MB/s
[107.138s][info][gc,stats]            Memory: Undo Object Allocation Failed                     0 / 0                 0 / 0                 0 / 0                 0 / 0           ops/s
[107.138s][info][gc,stats]            Memory: Undo Object Allocation Succeeded                  0 / 0                 0 / 0                 0 / 0                 0 / 0           ops/s
[107.138s][info][gc,stats]            Memory: Undo Page Allocation                              0 / 0                 0 / 0                 0 / 0                 0 / 0           ops/s
[107.138s][info][gc,stats]  Minor Collection: Minor Collection                              0.000 / 0.000         0.000 / 0.000         0.000 / 0.000         0.000 / 0.000       ms
[107.138s][info][gc,stats]    Old Generation: Old Generation                              930.009 / 5408.493   1075.797 / 6671.180   1075.797 / 6671.180   1075.797 / 6671.180    ms
[107.138s][info][gc,stats]         Old Pause: Pause Mark End                                0.012 / 0.020         0.012 / 0.020         0.012 / 0.020         0.012 / 0.020       ms
[107.138s][info][gc,stats]         Old Pause: Pause Relocate Start                          0.009 / 0.020         0.010 / 0.020         0.010 / 0.020         0.010 / 0.020       ms
[107.138s][info][gc,stats]         Old Phase: Concurrent Mark                             844.858 / 4598.235    881.287 / 5158.362    881.287 / 5158.362    881.287 / 5158.362    ms
[107.138s][info][gc,stats]         Old Phase: Concurrent Mark Continue                      0.000 / 0.000         0.000 / 0.000         0.000 / 0.000         0.000 / 0.000       ms
[107.138s][info][gc,stats]         Old Phase: Concurrent Mark Free                          0.003 / 0.006         0.004 / 0.013         0.004 / 0.013         0.004 / 0.013       ms
[107.138s][info][gc,stats]         Old Phase: Concurrent Process Non-Strong                27.567 / 270.345      67.745 / 745.149      67.745 / 745.149      67.745 / 745.149     ms
[107.138s][info][gc,stats]         Old Phase: Concurrent Relocate                          50.589 / 494.477      97.993 / 829.783      97.993 / 829.783      97.993 / 829.783     ms
[107.138s][info][gc,stats]         Old Phase: Concurrent Remap Roots                        2.573 / 22.622       18.716 / 100.903      18.716 / 100.903      18.716 / 100.903     ms
[107.138s][info][gc,stats]         Old Phase: Concurrent Reset Relocation Set               0.025 / 0.161         0.017 / 0.161         0.017 / 0.161         0.017 / 0.161       ms
[107.138s][info][gc,stats]         Old Phase: Concurrent Select Relocation Set              4.215 / 22.314        9.765 / 98.180        9.765 / 98.180        9.765 / 98.180      ms
[107.138s][info][gc,stats]      Old Subphase: Concurrent Classes Purge                      0.004 / 0.007         0.063 / 2.145         0.063 / 2.145         0.063 / 2.145       ms
[107.138s][info][gc,stats]      Old Subphase: Concurrent Classes Unlink                     0.170 / 0.293         0.789 / 1.900         0.789 / 1.900         0.789 / 1.900       ms
[107.138s][info][gc,stats]      Old Subphase: Concurrent Mark Follow                      844.738 / 4598.086    881.158 / 5158.193    881.158 / 5158.193    881.158 / 5158.193    ms
[107.138s][info][gc,stats]      Old Subphase: Concurrent Mark Root Colored                  0.038 / 0.094         0.030 / 0.098         0.030 / 0.098         0.030 / 0.098       ms
[107.138s][info][gc,stats]      Old Subphase: Concurrent Mark Root Uncolored                0.019 / 0.039         0.026 / 0.107         0.026 / 0.107         0.026 / 0.107       ms
[107.138s][info][gc,stats]      Old Subphase: Concurrent Mark Roots                         0.115 / 0.168         0.127 / 0.286         0.127 / 0.286         0.127 / 0.286       ms
[107.138s][info][gc,stats]      Old Subphase: Concurrent References Enqueue                 0.001 / 0.003         0.001 / 0.005         0.001 / 0.005         0.001 / 0.005       ms
[107.138s][info][gc,stats]      Old Subphase: Concurrent References Process                27.030 / 269.504      66.496 / 744.345      66.496 / 744.345      66.496 / 744.345     ms
[107.138s][info][gc,stats]      Old Subphase: Concurrent Remap Remembered                   2.438 / 22.444       14.603 / 100.313      14.603 / 100.313      14.603 / 100.313     ms
[107.138s][info][gc,stats]      Old Subphase: Concurrent Remap Roots Colored                0.053 / 0.138         0.144 / 0.576         0.144 / 0.576         0.144 / 0.576       ms
[107.138s][info][gc,stats]      Old Subphase: Concurrent Remap Roots Uncolored              0.022 / 0.042         0.117 / 0.342         0.117 / 0.342         0.117 / 0.342       ms
[107.138s][info][gc,stats]      Old Subphase: Concurrent Roots ClassLoaderDataGraph         0.034 / 0.078         0.098 / 0.536         0.098 / 0.536         0.098 / 0.536       ms
[107.138s][info][gc,stats]      Old Subphase: Concurrent Roots CodeCache                    0.020 / 0.037         0.115 / 0.339         0.115 / 0.339         0.115 / 0.339       ms
[107.138s][info][gc,stats]      Old Subphase: Concurrent Roots JavaThreads                  0.008 / 0.039         0.010 / 0.107         0.010 / 0.107         0.010 / 0.107       ms
[107.138s][info][gc,stats]      Old Subphase: Concurrent Roots OopStorageSet                0.004 / 0.016         0.005 / 0.020         0.005 / 0.020         0.005 / 0.020       ms
[107.138s][info][gc,stats]      Old Subphase: Concurrent Weak Roots OopStorageSet           0.088 / 0.195         0.088 / 0.271         0.088 / 0.271         0.088 / 0.271       ms
[107.138s][info][gc,stats]            System: Java Threads                                     11 / 11               11 / 13               11 / 13               11 / 13          threads
[107.138s][info][gc,stats]  Young Generation: Young Generation                              6.120 / 34.438      567.203 / 4066.031    567.203 / 4066.031    567.203 / 4066.031    ms
[107.138s][info][gc,stats]  Young Generation: Young Generation                              0.000 / 0.000         0.000 / 0.000         0.000 / 0.000         0.000 / 0.000       ms
[107.138s][info][gc,stats]  Young Generation: Young Generation (Collect Roots)              0.000 / 0.000         0.000 / 0.000         0.000 / 0.000         0.000 / 0.000       ms
[107.138s][info][gc,stats]  Young Generation: Young Generation (Promote All)                0.000 / 0.000         0.000 / 0.000         0.000 / 0.000         0.000 / 0.000       ms
[107.138s][info][gc,stats]       Young Pause: Pause Mark End                                0.009 / 0.012         0.011 / 0.015         0.011 / 0.015         0.011 / 0.015       ms
[107.138s][info][gc,stats]       Young Pause: Pause Mark Start                              0.000 / 0.000         0.000 / 0.000         0.000 / 0.000         0.000 / 0.000       ms
[107.138s][info][gc,stats]       Young Pause: Pause Mark Start (Major)                      0.015 / 0.016         0.015 / 0.046         0.015 / 0.046         0.015 / 0.046       ms
[107.138s][info][gc,stats]       Young Pause: Pause Relocate Start                          0.005 / 0.007         0.007 / 0.023         0.007 / 0.023         0.007 / 0.023       ms
[107.138s][info][gc,stats]       Young Phase: Concurrent Mark                               5.558 / 33.984      511.046 / 3748.484    511.046 / 3748.484    511.046 / 3748.484    ms
[107.138s][info][gc,stats]       Young Phase: Concurrent Mark Continue                      0.000 / 0.000         0.000 / 0.000         0.000 / 0.000         0.000 / 0.000       ms
[107.138s][info][gc,stats]       Young Phase: Concurrent Mark Free                          0.001 / 0.001         0.002 / 0.009         0.002 / 0.009         0.002 / 0.009       ms
[107.138s][info][gc,stats]       Young Phase: Concurrent Relocate                           0.040 / 0.048        32.696 / 388.011      32.696 / 388.011      32.696 / 388.011     ms
[107.138s][info][gc,stats]       Young Phase: Concurrent Reset Relocation Set               0.000 / 0.000         0.066 / 1.072         0.066 / 1.072         0.066 / 1.072       ms
[107.138s][info][gc,stats]       Young Phase: Concurrent Select Relocation Set              0.188 / 0.285        22.954 / 297.249      22.954 / 297.249      22.954 / 297.249     ms
[107.138s][info][gc,stats]    Young Subphase: Concurrent Mark Follow                        4.689 / 33.088      509.874 / 3747.501    509.874 / 3747.501    509.874 / 3747.501    ms
[107.138s][info][gc,stats]    Young Subphase: Concurrent Mark Root Colored                  0.712 / 0.806         0.736 / 1.302         0.736 / 1.302         0.736 / 1.302       ms
[107.138s][info][gc,stats]    Young Subphase: Concurrent Mark Root Uncolored                0.054 / 0.081         0.195 / 4.163         0.195 / 4.163         0.195 / 4.163       ms
[107.138s][info][gc,stats]    Young Subphase: Concurrent Mark Roots                         0.867 / 0.899         1.169 / 5.091         1.169 / 5.091         1.169 / 5.091       ms
[107.138s][info][gc,stats]    Young Subphase: Concurrent Relocate Remset FP                 0.010 / 0.013        32.403 / 387.961      32.403 / 387.961      32.403 / 387.961     ms
[107.138s][info][gc,stats]    Young Subphase: Concurrent Roots ClassLoaderDataGraph         0.589 / 0.649         0.585 / 0.716         0.585 / 0.716         0.585 / 0.716       ms
[107.138s][info][gc,stats]    Young Subphase: Concurrent Roots CodeCache                    0.025 / 0.029         0.132 / 0.315         0.132 / 0.315         0.132 / 0.315       ms
[107.138s][info][gc,stats]    Young Subphase: Concurrent Roots JavaThreads                  0.015 / 0.059         0.034 / 4.162         0.034 / 4.162         0.034 / 4.162       ms
[107.138s][info][gc,stats]    Young Subphase: Concurrent Roots OopStorageSet                0.007 / 0.008         0.075 / 1.300         0.075 / 1.300         0.075 / 1.300       ms
[107.138s][info][gc,stats]    Young Subphase: Concurrent Weak Roots OopStorageSet           0.118 / 0.198         0.130 / 0.409         0.130 / 0.409         0.130 / 0.409       ms
[107.138s][info][gc,stats] =========================================================================================================================================================
