
=== RUN 35/80 (GA dyn_only) ===

[0.026s][info][gc,ref] Reference Processor created, Macros: ZUseSeparateDiscoveredLists=0, ZUseDynamicArray=1, ZUseOptimisedClearPath=0
[1.837s][info][gc,ref] GC(0) O:                           Encountered       Discovered Cleared/Enqueued 
[1.837s][info][gc,ref] GC(0) O: Soft References:                    0                0                0 
[1.837s][info][gc,ref] GC(0) O: Weak References:                    0                0                0 
[1.837s][info][gc,ref] GC(0) O: Weak (No Queue):                    0                0                0 
[1.837s][info][gc,ref] GC(0) O: Weak Fields:                        0                0                0 
[1.837s][info][gc,ref] GC(0) O: Final References:                   0                0                0 
[1.837s][info][gc,ref] GC(0) O: Phantom References:                 0                0                0 
[2.360s][info][gc,ref] GC(1) O:                           Encountered       Discovered Cleared/Enqueued 
[2.360s][info][gc,ref] GC(1) O: Soft References:                  148                0                0 
[2.360s][info][gc,ref] GC(1) O: Weak References:                  605                0                0 
[2.360s][info][gc,ref] GC(1) O: Weak (No Queue):                    3                0                0 
[2.360s][info][gc,ref] GC(1) O: Weak Fields:                        0                0                0 
[2.360s][info][gc,ref] GC(1) O: Final References:                   0                0                0 
[2.360s][info][gc,ref] GC(1) O: Phantom References:                 1                0                0 
[2.888s][info][gc,ref] GC(2) O:                           Encountered       Discovered Cleared/Enqueued 
[2.888s][info][gc,ref] GC(2) O: Soft References:                  161                0                0 
[2.888s][info][gc,ref] GC(2) O: Weak References:                  794                0                0 
[2.888s][info][gc,ref] GC(2) O: Weak (No Queue):                    3                0                0 
[2.888s][info][gc,ref] GC(2) O: Weak Fields:                        0                0                0 
[2.888s][info][gc,ref] GC(2) O: Final References:                   0                0                0 
[2.888s][info][gc,ref] GC(2) O: Phantom References:                 1                0                0 
WeakRefMultiObjectBenchmark: objects=7340009 minSize=509 maxSize=1097 sleepMillis=3000 iterations=3

=== Iteration 1 ===
Phase 1: Allocating references and objects...
[3.423s][info][gc,ref] GC(3) O:                           Encountered       Discovered Cleared/Enqueued 
[3.423s][info][gc,ref] GC(3) O: Soft References:                  238                0                0 
[3.423s][info][gc,ref] GC(3) O: Weak References:                 1349              351              129 
[3.423s][info][gc,ref] GC(3) O: Weak (No Queue):                    3                3                0 
[3.423s][info][gc,ref] GC(3) O: Weak Fields:                        0                0                0 
[3.423s][info][gc,ref] GC(3) O: Final References:                   0                0                0 
[3.423s][info][gc,ref] GC(3) O: Phantom References:                 1                1                0 
[4.130s][info][gc,ref] GC(4) O:                           Encountered       Discovered Cleared/Enqueued 
[4.130s][info][gc,ref] GC(4) O: Soft References:                  238                0                0 
[4.130s][info][gc,ref] GC(4) O: Weak References:                 1220              386               55 
[4.130s][info][gc,ref] GC(4) O: Weak (No Queue):                    3                3                0 
[4.130s][info][gc,ref] GC(4) O: Weak Fields:                        0                0                0 
[4.130s][info][gc,ref] GC(4) O: Final References:                   0                0                0 
[4.130s][info][gc,ref] GC(4) O: Phantom References:                 1                1                0 
[5.301s][info][gc,ref] GC(5) O:                           Encountered       Discovered Cleared/Enqueued 
[5.302s][info][gc,ref] GC(5) O: Soft References:                  238                0                0 
[5.302s][info][gc,ref] GC(5) O: Weak References:               368166              851              151 
[5.302s][info][gc,ref] GC(5) O: Weak (No Queue):               756832                3                0 
[5.302s][info][gc,ref] GC(5) O: Weak Fields:                        0                0                0 
[5.302s][info][gc,ref] GC(5) O: Final References:                   0                0                0 
[5.302s][info][gc,ref] GC(5) O: Phantom References:                 1                1                0 
Allocated 7340009 objects in 4.35 seconds
Phase 2: Sleeping for 3000 ms...
[7.910s][info][gc,ref] GC(6) O:                           Encountered       Discovered Cleared/Enqueued 
[7.910s][info][gc,ref] GC(6) O: Soft References:                  238                0                0 
[7.910s][info][gc,ref] GC(6) O: Weak References:               368015              725                0 
[7.910s][info][gc,ref] GC(6) O: Weak (No Queue):              3176490                3                0 
[7.910s][info][gc,ref] GC(6) O: Weak Fields:                        0                0                0 
[7.910s][info][gc,ref] GC(6) O: Final References:                   0                0                0 
[7.910s][info][gc,ref] GC(6) O: Phantom References:                 1                1                0 
Phase 3.1: Clearing strong references...
Cleared 1468002 strong references, 5872007 remaining
Waiting 3000 ms...
[12.859s][info][gc,ref] GC(7) O:                           Encountered       Discovered Cleared/Enqueued 
[12.859s][info][gc,ref] GC(7) O: Soft References:                  238                0                0 
[12.859s][info][gc,ref] GC(7) O: Weak References:               368015           100459                0 
[12.859s][info][gc,ref] GC(7) O: Weak (No Queue):              6973011           205825                0 
[12.859s][info][gc,ref] GC(7) O: Weak Fields:                        0                0                0 
[12.859s][info][gc,ref] GC(7) O: Final References:                   0                0                0 
[12.859s][info][gc,ref] GC(7) O: Phantom References:                 1                1                0 
Phase 3.2: Clearing strong references...
Cleared 1468002 strong references, 4404005 remaining
Waiting 3000 ms...
Phase 3.3: Clearing strong references...
Cleared 1468002 strong references, 2936003 remaining
Waiting 3000 ms...
[18.662s][info][gc,ref] GC(8) O:                           Encountered       Discovered Cleared/Enqueued 
[18.662s][info][gc,ref] GC(8) O: Soft References:                  238                0                0 
[18.662s][info][gc,ref] GC(8) O: Weak References:               368015           261013            73247 
[18.662s][info][gc,ref] GC(8) O: Weak (No Queue):              6973011          2257414           635538 
[18.662s][info][gc,ref] GC(8) O: Weak Fields:                        0                0                0 
[18.662s][info][gc,ref] GC(8) O: Final References:                   0                0                0 
[18.662s][info][gc,ref] GC(8) O: Phantom References:                 1                1                0 
Phase 3.4: Clearing strong references...
Cleared 1468002 strong references, 1468001 remaining
Waiting 3000 ms...
Phase 3.5: Clearing strong references...
Cleared 1468001 strong references, 0 remaining
Waiting 3000 ms...
[25.751s][info][gc,ref] GC(9) O:                           Encountered       Discovered Cleared/Enqueued 
[25.751s][info][gc,ref] GC(9) O: Soft References:                  238                0                0 
[25.751s][info][gc,ref] GC(9) O: Weak References:               294768           289456           146224 
[25.751s][info][gc,ref] GC(9) O: Weak (No Queue):              6337473          6242376          3548997 
[25.751s][info][gc,ref] GC(9) O: Weak Fields:                        0                0                0 
[25.751s][info][gc,ref] GC(9) O: Final References:                   0                0                0 
[25.751s][info][gc,ref] GC(9) O: Phantom References:                 1                1                0 
Waiting 6000 ms...
[31.744s][info][gc,ref] GC(10) O:                           Encountered       Discovered Cleared/Enqueued 
[31.744s][info][gc,ref] GC(10) O: Soft References:                  238                0                0 
[31.744s][info][gc,ref] GC(10) O: Weak References:               148544           148274           147530 
[31.744s][info][gc,ref] GC(10) O: Weak (No Queue):              2788476          2788476          2788473 
[31.744s][info][gc,ref] GC(10) O: Weak Fields:                        0                0                0 
[31.744s][info][gc,ref] GC(10) O: Final References:                   0                0                0 
[31.744s][info][gc,ref] GC(10) O: Phantom References:                 1                1                0 
Phase 4: Final weak reference checks...
Final count of alive weak references: 0
References enqueued in ReferenceQueue: 367001
Cooling down for 5 seconds...
[35.366s][info][gc,ref] GC(11) O:                           Encountered       Discovered Cleared/Enqueued 
[35.366s][info][gc,ref] GC(11) O: Soft References:                  238                0                0 
[35.366s][info][gc,ref] GC(11) O: Weak References:                 1014              641                0 
[35.366s][info][gc,ref] GC(11) O: Weak (No Queue):                    3                0                0 
[35.366s][info][gc,ref] GC(11) O: Weak Fields:                        0                0                0 
[35.366s][info][gc,ref] GC(11) O: Final References:                   0                0                0 
[35.366s][info][gc,ref] GC(11) O: Phantom References:                 1                1                0 
[35.924s][info][gc,ref] GC(12) O:                           Encountered       Discovered Cleared/Enqueued 
[35.924s][info][gc,ref] GC(12) O: Soft References:                  238                0                0 
[35.924s][info][gc,ref] GC(12) O: Weak References:                 1014              641                0 
[35.924s][info][gc,ref] GC(12) O: Weak (No Queue):                    3                0                0 
[35.924s][info][gc,ref] GC(12) O: Weak Fields:                        0                0                0 
[35.924s][info][gc,ref] GC(12) O: Final References:                   0                0                0 
[35.924s][info][gc,ref] GC(12) O: Phantom References:                 1                1                0 
[36.456s][info][gc,ref] GC(13) O:                           Encountered       Discovered Cleared/Enqueued 
[36.456s][info][gc,ref] GC(13) O: Soft References:                  238                0                0 
[36.456s][info][gc,ref] GC(13) O: Weak References:                 1014              623                0 
[36.456s][info][gc,ref] GC(13) O: Weak (No Queue):                    3                0                0 
[36.456s][info][gc,ref] GC(13) O: Weak Fields:                        0                0                0 
[36.456s][info][gc,ref] GC(13) O: Final References:                   0                0                0 
[36.456s][info][gc,ref] GC(13) O: Phantom References:                 1                1                0 
[36.991s][info][gc,ref] GC(14) O:                           Encountered       Discovered Cleared/Enqueued 
[36.991s][info][gc,ref] GC(14) O: Soft References:                  238                0                0 
[36.991s][info][gc,ref] GC(14) O: Weak References:                 1014              713                0 
[36.991s][info][gc,ref] GC(14) O: Weak (No Queue):                    3                0                0 
[36.991s][info][gc,ref] GC(14) O: Weak Fields:                        0                0                0 
[36.991s][info][gc,ref] GC(14) O: Final References:                   0                0                0 
[36.991s][info][gc,ref] GC(14) O: Phantom References:                 1                1                0 
[37.536s][info][gc,ref] GC(15) O:                           Encountered       Discovered Cleared/Enqueued 
[37.536s][info][gc,ref] GC(15) O: Soft References:                  238                0                0 
[37.536s][info][gc,ref] GC(15) O: Weak References:                 1014              626                0 
[37.536s][info][gc,ref] GC(15) O: Weak (No Queue):                    3                0                0 
[37.536s][info][gc,ref] GC(15) O: Weak Fields:                        0                0                0 
[37.536s][info][gc,ref] GC(15) O: Final References:                   0                0                0 
[37.536s][info][gc,ref] GC(15) O: Phantom References:                 1                1                0 
[38.069s][info][gc,ref] GC(16) O:                           Encountered       Discovered Cleared/Enqueued 
[38.069s][info][gc,ref] GC(16) O: Soft References:                  238                0                0 
[38.069s][info][gc,ref] GC(16) O: Weak References:                 1014              692                0 
[38.069s][info][gc,ref] GC(16) O: Weak (No Queue):                    3                3                0 
[38.069s][info][gc,ref] GC(16) O: Weak Fields:                        0                0                0 
[38.069s][info][gc,ref] GC(16) O: Final References:                   0                0                0 
[38.069s][info][gc,ref] GC(16) O: Phantom References:                 1                1                0 
[38.607s][info][gc,ref] GC(17) O:                           Encountered       Discovered Cleared/Enqueued 
[38.607s][info][gc,ref] GC(17) O: Soft References:                  238                0                0 
[38.607s][info][gc,ref] GC(17) O: Weak References:                 1014              736                0 
[38.607s][info][gc,ref] GC(17) O: Weak (No Queue):                    3                3                0 
[38.607s][info][gc,ref] GC(17) O: Weak Fields:                        0                0                0 
[38.607s][info][gc,ref] GC(17) O: Final References:                   0                0                0 
[38.607s][info][gc,ref] GC(17) O: Phantom References:                 1                1                0 
[39.152s][info][gc,ref] GC(18) O:                           Encountered       Discovered Cleared/Enqueued 
[39.152s][info][gc,ref] GC(18) O: Soft References:                  238                0                0 
[39.152s][info][gc,ref] GC(18) O: Weak References:                 1014              756                0 
[39.152s][info][gc,ref] GC(18) O: Weak (No Queue):                    3                3                0 
[39.152s][info][gc,ref] GC(18) O: Weak Fields:                        0                0                0 
[39.152s][info][gc,ref] GC(18) O: Final References:                   0                0                0 
[39.152s][info][gc,ref] GC(18) O: Phantom References:                 1                1                0 

=== Iteration 2 ===
Phase 1: Allocating references and objects...
[39.688s][info][gc,ref] GC(19) O:                           Encountered       Discovered Cleared/Enqueued 
[39.688s][info][gc,ref] GC(19) O: Soft References:                  238                0                0 
[39.688s][info][gc,ref] GC(19) O: Weak References:                 1014              753                0 
[39.688s][info][gc,ref] GC(19) O: Weak (No Queue):                    3                3                0 
[39.688s][info][gc,ref] GC(19) O: Weak Fields:                        0                0                0 
[39.688s][info][gc,ref] GC(19) O: Final References:                   0                0                0 
[39.688s][info][gc,ref] GC(19) O: Phantom References:                 1                1                0 
[40.390s][info][gc,ref] GC(20) O:                           Encountered       Discovered Cleared/Enqueued 
[40.390s][info][gc,ref] GC(20) O: Soft References:                  238                0                0 
[40.390s][info][gc,ref] GC(20) O: Weak References:                 1014              625                0 
[40.390s][info][gc,ref] GC(20) O: Weak (No Queue):                    3                0                0 
[40.390s][info][gc,ref] GC(20) O: Weak Fields:                        0                0                0 
[40.390s][info][gc,ref] GC(20) O: Final References:                   0                0                0 
[40.390s][info][gc,ref] GC(20) O: Phantom References:                 1                1                0 
Allocated 7340009 objects in 1.90 seconds
Phase 2: Sleeping for 3000 ms...
[43.498s][info][gc,ref] GC(21) O:                           Encountered       Discovered Cleared/Enqueued 
[43.498s][info][gc,ref] GC(21) O: Soft References:                  238                0                0 
[43.498s][info][gc,ref] GC(21) O: Weak References:               368015              723                0 
[43.498s][info][gc,ref] GC(21) O: Weak (No Queue):              2542523                3                0 
[43.498s][info][gc,ref] GC(21) O: Weak Fields:                        0                0                0 
[43.498s][info][gc,ref] GC(21) O: Final References:                   0                0                0 
[43.498s][info][gc,ref] GC(21) O: Phantom References:                 1                1                0 
Phase 3.1: Clearing strong references...
Cleared 1468002 strong references, 5872007 remaining
Waiting 3000 ms...
Phase 3.2: Clearing strong references...
Cleared 1468002 strong references, 4404005 remaining
Waiting 3000 ms...
[48.469s][info][gc,ref] GC(22) O:                           Encountered       Discovered Cleared/Enqueued 
[48.469s][info][gc,ref] GC(22) O: Soft References:                  238                0                0 
[48.469s][info][gc,ref] GC(22) O: Weak References:               368015              647                0 
[48.469s][info][gc,ref] GC(22) O: Weak (No Queue):              6973011                3                0 
[48.469s][info][gc,ref] GC(22) O: Weak Fields:                        0                0                0 
[48.469s][info][gc,ref] GC(22) O: Final References:                   0                0                0 
[48.469s][info][gc,ref] GC(22) O: Phantom References:                 1                1                0 
Phase 3.3: Clearing strong references...
Cleared 1468002 strong references, 2936003 remaining
Waiting 3000 ms...
[53.898s][info][gc,ref] GC(23) O:                           Encountered       Discovered Cleared/Enqueued 
[53.898s][info][gc,ref] GC(23) O: Soft References:                  238                0                0 
[53.898s][info][gc,ref] GC(23) O: Weak References:               368015           270579           146019 
[53.898s][info][gc,ref] GC(23) O: Weak (No Queue):              6973011          1873856          1017373 
[53.898s][info][gc,ref] GC(23) O: Weak Fields:                        0                0                0 
[53.898s][info][gc,ref] GC(23) O: Final References:                   0                0                0 
[53.898s][info][gc,ref] GC(23) O: Phantom References:                 1                1                0 
Phase 3.4: Clearing strong references...
Cleared 1468002 strong references, 1468001 remaining
Waiting 3000 ms...
Phase 3.5: Clearing strong references...
Cleared 1468001 strong references, 0 remaining
Waiting 3000 ms...
[60.380s][info][gc,ref] GC(24) O:                           Encountered       Discovered Cleared/Enqueued 
[60.380s][info][gc,ref] GC(24) O: Soft References:                  238                0                0 
[60.380s][info][gc,ref] GC(24) O: Weak References:               221996           206547           105732 
[60.380s][info][gc,ref] GC(24) O: Weak (No Queue):              5955638          5669346          3768883 
[60.380s][info][gc,ref] GC(24) O: Weak Fields:                        0                0                0 
[60.380s][info][gc,ref] GC(24) O: Final References:                   0                0                0 
[60.380s][info][gc,ref] GC(24) O: Phantom References:                 1                1                0 
Waiting 6000 ms...
[66.120s][info][gc,ref] GC(25) O:                           Encountered       Discovered Cleared/Enqueued 
[66.120s][info][gc,ref] GC(25) O: Soft References:                  238                0                0 
[66.120s][info][gc,ref] GC(25) O: Weak References:               116264           115947           115250 
[66.120s][info][gc,ref] GC(25) O: Weak (No Queue):              2186755          2186755          2186752 
[66.120s][info][gc,ref] GC(25) O: Weak Fields:                        0                0                0 
[66.120s][info][gc,ref] GC(25) O: Final References:                   0                0                0 
[66.120s][info][gc,ref] GC(25) O: Phantom References:                 1                1                0 
Phase 4: Final weak reference checks...
Final count of alive weak references: 0
References enqueued in ReferenceQueue: 367001
Cooling down for 5 seconds...
[69.649s][info][gc,ref] GC(26) O:                           Encountered       Discovered Cleared/Enqueued 
[69.649s][info][gc,ref] GC(26) O: Soft References:                  238                0                0 
[69.649s][info][gc,ref] GC(26) O: Weak References:                 1014              697                0 
[69.649s][info][gc,ref] GC(26) O: Weak (No Queue):                    3                3                0 
[69.649s][info][gc,ref] GC(26) O: Weak Fields:                        0                0                0 
[69.649s][info][gc,ref] GC(26) O: Final References:                   0                0                0 
[69.649s][info][gc,ref] GC(26) O: Phantom References:                 1                1                0 
[70.199s][info][gc,ref] GC(27) O:                           Encountered       Discovered Cleared/Enqueued 
[70.199s][info][gc,ref] GC(27) O: Soft References:                  238                0                0 
[70.199s][info][gc,ref] GC(27) O: Weak References:                 1014              696                0 
[70.199s][info][gc,ref] GC(27) O: Weak (No Queue):                    3                3                0 
[70.199s][info][gc,ref] GC(27) O: Weak Fields:                        0                0                0 
[70.199s][info][gc,ref] GC(27) O: Final References:                   0                0                0 
[70.199s][info][gc,ref] GC(27) O: Phantom References:                 1                1                0 
[70.724s][info][gc,ref] GC(28) O:                           Encountered       Discovered Cleared/Enqueued 
[70.724s][info][gc,ref] GC(28) O: Soft References:                  238                0                0 
[70.724s][info][gc,ref] GC(28) O: Weak References:                 1014              742                0 
[70.724s][info][gc,ref] GC(28) O: Weak (No Queue):                    3                0                0 
[70.724s][info][gc,ref] GC(28) O: Weak Fields:                        0                0                0 
[70.724s][info][gc,ref] GC(28) O: Final References:                   0                0                0 
[70.724s][info][gc,ref] GC(28) O: Phantom References:                 1                0                0 
[71.249s][info][gc,ref] GC(29) O:                           Encountered       Discovered Cleared/Enqueued 
[71.249s][info][gc,ref] GC(29) O: Soft References:                  238                0                0 
[71.249s][info][gc,ref] GC(29) O: Weak References:                 1014              692                0 
[71.249s][info][gc,ref] GC(29) O: Weak (No Queue):                    3                3                0 
[71.249s][info][gc,ref] GC(29) O: Weak Fields:                        0                0                0 
[71.249s][info][gc,ref] GC(29) O: Final References:                   0                0                0 
[71.249s][info][gc,ref] GC(29) O: Phantom References:                 1                0                0 
[71.776s][info][gc,ref] GC(30) O:                           Encountered       Discovered Cleared/Enqueued 
[71.776s][info][gc,ref] GC(30) O: Soft References:                  238                0                0 
[71.776s][info][gc,ref] GC(30) O: Weak References:                 1014              731                0 
[71.776s][info][gc,ref] GC(30) O: Weak (No Queue):                    3                0                0 
[71.776s][info][gc,ref] GC(30) O: Weak Fields:                        0                0                0 
[71.776s][info][gc,ref] GC(30) O: Final References:                   0                0                0 
[71.776s][info][gc,ref] GC(30) O: Phantom References:                 1                0                0 
[72.304s][info][gc,ref] GC(31) O:                           Encountered       Discovered Cleared/Enqueued 
[72.304s][info][gc,ref] GC(31) O: Soft References:                  238                0                0 
[72.304s][info][gc,ref] GC(31) O: Weak References:                 1014              693                0 
[72.304s][info][gc,ref] GC(31) O: Weak (No Queue):                    3                3                0 
[72.304s][info][gc,ref] GC(31) O: Weak Fields:                        0                0                0 
[72.304s][info][gc,ref] GC(31) O: Final References:                   0                0                0 
[72.304s][info][gc,ref] GC(31) O: Phantom References:                 1                0                0 
[72.837s][info][gc,ref] GC(32) O:                           Encountered       Discovered Cleared/Enqueued 
[72.837s][info][gc,ref] GC(32) O: Soft References:                  238                0                0 
[72.837s][info][gc,ref] GC(32) O: Weak References:                 1014              745                0 
[72.837s][info][gc,ref] GC(32) O: Weak (No Queue):                    3                0                0 
[72.837s][info][gc,ref] GC(32) O: Weak Fields:                        0                0                0 
[72.837s][info][gc,ref] GC(32) O: Final References:                   0                0                0 
[72.837s][info][gc,ref] GC(32) O: Phantom References:                 1                0                0 
[73.361s][info][gc,ref] GC(33) O:                           Encountered       Discovered Cleared/Enqueued 
[73.361s][info][gc,ref] GC(33) O: Soft References:                  238                0                0 
[73.361s][info][gc,ref] GC(33) O: Weak References:                 1014              618                0 
[73.361s][info][gc,ref] GC(33) O: Weak (No Queue):                    3                0                0 
[73.361s][info][gc,ref] GC(33) O: Weak Fields:                        0                0                0 
[73.361s][info][gc,ref] GC(33) O: Final References:                   0                0                0 
[73.361s][info][gc,ref] GC(33) O: Phantom References:                 1                1                0 

=== Iteration 3 ===
Phase 1: Allocating references and objects...
[73.901s][info][gc,ref] GC(34) O:                           Encountered       Discovered Cleared/Enqueued 
[73.901s][info][gc,ref] GC(34) O: Soft References:                  238                0                0 
[73.901s][info][gc,ref] GC(34) O: Weak References:                 1014              622                0 
[73.901s][info][gc,ref] GC(34) O: Weak (No Queue):                    3                0                0 
[73.902s][info][gc,ref] GC(34) O: Weak Fields:                        0                0                0 
[73.902s][info][gc,ref] GC(34) O: Final References:                   0                0                0 
[73.902s][info][gc,ref] GC(34) O: Phantom References:                 1                1                0 
[74.620s][info][gc,ref] GC(35) O:                           Encountered       Discovered Cleared/Enqueued 
[74.620s][info][gc,ref] GC(35) O: Soft References:                  238                0                0 
[74.620s][info][gc,ref] GC(35) O: Weak References:                 1014              622                0 
[74.620s][info][gc,ref] GC(35) O: Weak (No Queue):                    3                0                0 
[74.620s][info][gc,ref] GC(35) O: Weak Fields:                        0                0                0 
[74.620s][info][gc,ref] GC(35) O: Final References:                   0                0                0 
[74.620s][info][gc,ref] GC(35) O: Phantom References:                 1                1                0 
Allocated 7340009 objects in 2.01 seconds
Phase 2: Sleeping for 3000 ms...
[76.956s][info][gc,ref] GC(36) O:                           Encountered       Discovered Cleared/Enqueued 
[76.956s][info][gc,ref] GC(36) O: Soft References:                  238                0                0 
[76.956s][info][gc,ref] GC(36) O: Weak References:               368015              658                0 
[76.956s][info][gc,ref] GC(36) O: Weak (No Queue):              3084676                0                0 
[76.956s][info][gc,ref] GC(36) O: Weak Fields:                        0                0                0 
[76.956s][info][gc,ref] GC(36) O: Final References:                   0                0                0 
[76.956s][info][gc,ref] GC(36) O: Phantom References:                 1                1                0 
Phase 3.1: Clearing strong references...
Cleared 1468002 strong references, 5872007 remaining
Waiting 3000 ms...
[81.982s][info][gc,ref] GC(37) O:                           Encountered       Discovered Cleared/Enqueued 
[81.982s][info][gc,ref] GC(37) O: Soft References:                  238                0                0 
[81.982s][info][gc,ref] GC(37) O: Weak References:               368015              726                0 
[81.982s][info][gc,ref] GC(37) O: Weak (No Queue):              6973011                0                0 
[81.982s][info][gc,ref] GC(37) O: Weak Fields:                        0                0                0 
[81.982s][info][gc,ref] GC(37) O: Final References:                   0                0                0 
[81.982s][info][gc,ref] GC(37) O: Phantom References:                 1                1                0 
Phase 3.2: Clearing strong references...
Cleared 1468002 strong references, 4404005 remaining
Waiting 3000 ms...
Phase 3.3: Clearing strong references...
Cleared 1468002 strong references, 2936003 remaining
Waiting 3000 ms...
[87.542s][info][gc,ref] GC(38) O:                           Encountered       Discovered Cleared/Enqueued 
[87.542s][info][gc,ref] GC(38) O: Soft References:                  238                0                0 
[87.542s][info][gc,ref] GC(38) O: Weak References:               368015           330481           147190 
[87.542s][info][gc,ref] GC(38) O: Weak (No Queue):              6973011          2768406          1233141 
[87.542s][info][gc,ref] GC(38) O: Weak Fields:                        0                0                0 
[87.542s][info][gc,ref] GC(38) O: Final References:                   0                0                0 
[87.542s][info][gc,ref] GC(38) O: Phantom References:                 1                1                0 
Phase 3.4: Clearing strong references...
Cleared 1468002 strong references, 1468001 remaining
Waiting 3000 ms...
Phase 3.5: Clearing strong references...
Cleared 1468001 strong references, 0 remaining
Waiting 3000 ms...
[94.286s][info][gc,ref] GC(39) O:                           Encountered       Discovered Cleared/Enqueued 
[94.286s][info][gc,ref] GC(39) O: Soft References:                  238                0                0 
[94.286s][info][gc,ref] GC(39) O: Weak References:               220825           197174            73200 
[94.286s][info][gc,ref] GC(39) O: Weak (No Queue):              5739870          5291445          2950475 
[94.286s][info][gc,ref] GC(39) O: Weak Fields:                        0                0                0 
[94.286s][info][gc,ref] GC(39) O: Final References:                   0                0                0 
[94.286s][info][gc,ref] GC(39) O: Phantom References:                 1                1                0 
Waiting 6000 ms...
[100.321s][info][gc,ref] GC(40) O:                           Encountered       Discovered Cleared/Enqueued 
[100.321s][info][gc,ref] GC(40) O: Soft References:                  238                0                0 
[100.321s][info][gc,ref] GC(40) O: Weak References:               147625           147304           146611 
[100.321s][info][gc,ref] GC(40) O: Weak (No Queue):              2789395          2789392          2789392 
[100.321s][info][gc,ref] GC(40) O: Weak Fields:                        0                0                0 
[100.321s][info][gc,ref] GC(40) O: Final References:                   0                0                0 
[100.321s][info][gc,ref] GC(40) O: Phantom References:                 1                1                0 
Phase 4: Final weak reference checks...
Final count of alive weak references: 0
References enqueued in ReferenceQueue: 367001
Cooling down for 5 seconds...
[103.888s][info][gc,ref] GC(41) O:                           Encountered       Discovered Cleared/Enqueued 
[103.888s][info][gc,ref] GC(41) O: Soft References:                  238                0                0 
[103.888s][info][gc,ref] GC(41) O: Weak References:                 1014              705                0 
[103.888s][info][gc,ref] GC(41) O: Weak (No Queue):                    3                3                0 
[103.888s][info][gc,ref] GC(41) O: Weak Fields:                        0                0                0 
[103.888s][info][gc,ref] GC(41) O: Final References:                   0                0                0 
[103.888s][info][gc,ref] GC(41) O: Phantom References:                 1                1                0 
[104.435s][info][gc,ref] GC(42) O:                           Encountered       Discovered Cleared/Enqueued 
[104.435s][info][gc,ref] GC(42) O: Soft References:                  238                0                0 
[104.435s][info][gc,ref] GC(42) O: Weak References:                 1014              691                0 
[104.435s][info][gc,ref] GC(42) O: Weak (No Queue):                    3                3                0 
[104.435s][info][gc,ref] GC(42) O: Weak Fields:                        0                0                0 
[104.435s][info][gc,ref] GC(42) O: Final References:                   0                0                0 
[104.435s][info][gc,ref] GC(42) O: Phantom References:                 1                1                0 
[104.965s][info][gc,ref] GC(43) O:                           Encountered       Discovered Cleared/Enqueued 
[104.965s][info][gc,ref] GC(43) O: Soft References:                  238                0                0 
[104.965s][info][gc,ref] GC(43) O: Weak References:                 1014              731                0 
[104.965s][info][gc,ref] GC(43) O: Weak (No Queue):                    3                0                0 
[104.965s][info][gc,ref] GC(43) O: Weak Fields:                        0                0                0 
[104.965s][info][gc,ref] GC(43) O: Final References:                   0                0                0 
[104.965s][info][gc,ref] GC(43) O: Phantom References:                 1                0                0 
[105.489s][info][gc,ref] GC(44) O:                           Encountered       Discovered Cleared/Enqueued 
[105.489s][info][gc,ref] GC(44) O: Soft References:                  238                0                0 
[105.489s][info][gc,ref] GC(44) O: Weak References:                 1014              696                0 
[105.489s][info][gc,ref] GC(44) O: Weak (No Queue):                    3                3                0 
[105.489s][info][gc,ref] GC(44) O: Weak Fields:                        0                0                0 
[105.489s][info][gc,ref] GC(44) O: Final References:                   0                0                0 
[105.489s][info][gc,ref] GC(44) O: Phantom References:                 1                0                0 
[106.015s][info][gc,ref] GC(45) O:                           Encountered       Discovered Cleared/Enqueued 
[106.015s][info][gc,ref] GC(45) O: Soft References:                  238                0                0 
[106.015s][info][gc,ref] GC(45) O: Weak References:                 1014              619                0 
[106.015s][info][gc,ref] GC(45) O: Weak (No Queue):                    3                0                0 
[106.015s][info][gc,ref] GC(45) O: Weak Fields:                        0                0                0 
[106.015s][info][gc,ref] GC(45) O: Final References:                   0                0                0 
[106.015s][info][gc,ref] GC(45) O: Phantom References:                 1                1                0 
[106.540s][info][gc,ref] GC(46) O:                           Encountered       Discovered Cleared/Enqueued 
[106.540s][info][gc,ref] GC(46) O: Soft References:                  238                0                0 
[106.540s][info][gc,ref] GC(46) O: Weak References:                 1014              734                0 
[106.540s][info][gc,ref] GC(46) O: Weak (No Queue):                    3                3                0 
[106.540s][info][gc,ref] GC(46) O: Weak Fields:                        0                0                0 
[106.540s][info][gc,ref] GC(46) O: Final References:                   0                0                0 
[106.540s][info][gc,ref] GC(46) O: Phantom References:                 1                1                0 
[107.067s][info][gc,ref] GC(47) O:                           Encountered       Discovered Cleared/Enqueued 
[107.067s][info][gc,ref] GC(47) O: Soft References:                  238                0                0 
[107.067s][info][gc,ref] GC(47) O: Weak References:                 1014              618                0 
[107.067s][info][gc,ref] GC(47) O: Weak (No Queue):                    3                0                0 
[107.067s][info][gc,ref] GC(47) O: Weak Fields:                        0                0                0 
[107.067s][info][gc,ref] GC(47) O: Final References:                   0                0                0 
[107.067s][info][gc,ref] GC(47) O: Phantom References:                 1                1                0 
[107.594s][info][gc,ref] GC(48) O:                           Encountered       Discovered Cleared/Enqueued 
[107.594s][info][gc,ref] GC(48) O: Soft References:                  238                0                0 
[107.594s][info][gc,ref] GC(48) O: Weak References:                 1014              736                0 
[107.594s][info][gc,ref] GC(48) O: Weak (No Queue):                    3                3                0 
[107.594s][info][gc,ref] GC(48) O: Weak Fields:                        0                0                0 
[107.594s][info][gc,ref] GC(48) O: Final References:                   0                0                0 
[107.594s][info][gc,ref] GC(48) O: Phantom References:                 1                1                0 
[107.928s][info][gc,stats] === Garbage Collection Statistics =======================================================================================================================
[107.928s][info][gc,stats]                                                              Last 10s              Last 10m              Last 10h                Total
[107.928s][info][gc,stats]                                                              Avg / Max             Avg / Max             Avg / Max             Avg / Max
[107.928s][info][gc,stats]        Contention: Mark Segment Reset Contention                     0 / 0                 0 / 20                0 / 20                0 / 20          ops/s
[107.928s][info][gc,stats]        Contention: Mark SeqNum Reset Contention                      0 / 0                 0 / 3                 0 / 3                 0 / 3           ops/s
[107.928s][info][gc,stats]          Critical: Allocation Stall                                  0 / 0                 0 / 0                 0 / 0                 0 / 0           ops/s
[107.928s][info][gc,stats]          Critical: Allocation Stall                              0.000 / 0.000         0.000 / 0.000         0.000 / 0.000         0.000 / 0.000       ms
[107.928s][info][gc,stats]          Critical: JNI Critical Stall                                0 / 0                 0 / 0                 0 / 0                 0 / 0           ops/s
[107.928s][info][gc,stats]          Critical: JNI Critical Stall                            0.000 / 0.000         0.000 / 0.000         0.000 / 0.000         0.000 / 0.000       ms
[107.928s][info][gc,stats]          Critical: Relocation Stall                                  0 / 0                 0 / 0                 0 / 0                 0 / 0           ops/s
[107.928s][info][gc,stats]          Critical: Relocation Stall                              0.000 / 0.000         0.000 / 0.000         0.000 / 0.000         0.000 / 0.000       ms
[107.928s][info][gc,stats]  Major Collection: Major Collection                            974.844 / 5527.341   1663.684 / 6588.772   1663.684 / 6588.772   1663.684 / 6588.772    ms
[107.928s][info][gc,stats]            Memory: Allocation Rate                                   0 / 2               190 / 5026            190 / 5026            190 / 5026        MB/s
[107.928s][info][gc,stats]            Memory: Defragment                                        0 / 0                 0 / 0                 0 / 0                 0 / 0           ops/s
[107.928s][info][gc,stats]            Memory: Mapped Cache Harvest                              0 / 0                 0 / 0                 0 / 0                 0 / 0           MB/s
[107.928s][info][gc,stats]            Memory: Out Of Memory                                     0 / 0                 0 / 0                 0 / 0                 0 / 0           ops/s
[107.928s][info][gc,stats]            Memory: Uncommit                                          0 / 0                 0 / 0                 0 / 0                 0 / 0           MB/s
[107.928s][info][gc,stats]            Memory: Undo Object Allocation Failed                     0 / 0                 0 / 0                 0 / 0                 0 / 0           ops/s
[107.928s][info][gc,stats]            Memory: Undo Object Allocation Succeeded                  0 / 0                 0 / 0                 0 / 0                 0 / 0           ops/s
[107.928s][info][gc,stats]            Memory: Undo Page Allocation                              0 / 0                 0 / 0                 0 / 0                 0 / 0           ops/s
[107.928s][info][gc,stats]  Minor Collection: Minor Collection                              0.000 / 0.000         0.000 / 0.000         0.000 / 0.000         0.000 / 0.000       ms
[107.928s][info][gc,stats]    Old Generation: Old Generation                              958.704 / 5438.661   1125.887 / 6470.422   1125.887 / 6470.422   1125.887 / 6470.422    ms
[107.928s][info][gc,stats]         Old Pause: Pause Mark End                                0.011 / 0.014         0.012 / 0.016         0.012 / 0.016         0.012 / 0.016       ms
[107.928s][info][gc,stats]         Old Pause: Pause Relocate Start                          0.008 / 0.012         0.009 / 0.016         0.009 / 0.016         0.009 / 0.016       ms
[107.928s][info][gc,stats]         Old Phase: Concurrent Mark                             857.400 / 4576.352    928.910 / 5007.750    928.910 / 5007.750    928.910 / 5007.750    ms
[107.928s][info][gc,stats]         Old Phase: Concurrent Mark Continue                      0.000 / 0.000         0.000 / 0.000         0.000 / 0.000         0.000 / 0.000       ms
[107.928s][info][gc,stats]         Old Phase: Concurrent Mark Free                          0.004 / 0.011         0.004 / 0.011         0.004 / 0.011         0.004 / 0.011       ms
[107.928s][info][gc,stats]         Old Phase: Concurrent Process Non-Strong                36.521 / 323.490      59.084 / 571.898      59.084 / 571.898      59.084 / 571.898     ms
[107.928s][info][gc,stats]         Old Phase: Concurrent Relocate                          55.421 / 486.552     105.161 / 789.417     105.161 / 789.417     105.161 / 789.417     ms
[107.928s][info][gc,stats]         Old Phase: Concurrent Remap Roots                        3.292 / 26.461       21.437 / 100.234      21.437 / 100.234      21.437 / 100.234     ms
[107.928s][info][gc,stats]         Old Phase: Concurrent Reset Relocation Set               0.025 / 0.153         0.017 / 0.153         0.017 / 0.153         0.017 / 0.153       ms
[107.928s][info][gc,stats]         Old Phase: Concurrent Select Relocation Set              5.828 / 25.382       10.994 / 87.138       10.994 / 87.138       10.994 / 87.138      ms
[107.928s][info][gc,stats]      Old Subphase: Concurrent Classes Purge                      0.005 / 0.007         0.061 / 2.137         0.061 / 2.137         0.061 / 2.137       ms
[107.928s][info][gc,stats]      Old Subphase: Concurrent Classes Unlink                     0.224 / 0.296         0.856 / 1.951         0.856 / 1.951         0.856 / 1.951       ms
[107.928s][info][gc,stats]      Old Subphase: Concurrent Mark Follow                      857.289 / 4576.237    928.762 / 5007.572    928.762 / 5007.572    928.762 / 5007.572    ms
[107.928s][info][gc,stats]      Old Subphase: Concurrent Mark Root Colored                  0.047 / 0.098         0.033 / 0.098         0.033 / 0.098         0.033 / 0.098       ms
[107.928s][info][gc,stats]      Old Subphase: Concurrent Mark Root Uncolored                0.019 / 0.052         0.026 / 0.131         0.026 / 0.131         0.026 / 0.131       ms
[107.928s][info][gc,stats]      Old Subphase: Concurrent Mark Roots                         0.109 / 0.125         0.145 / 0.272         0.145 / 0.272         0.145 / 0.272       ms
[107.928s][info][gc,stats]      Old Subphase: Concurrent References Enqueue                 0.001 / 0.003         0.001 / 0.004         0.001 / 0.004         0.001 / 0.004       ms
[107.928s][info][gc,stats]      Old Subphase: Concurrent References Process                35.924 / 322.613      57.727 / 569.590      57.727 / 569.590      57.727 / 569.590     ms
[107.928s][info][gc,stats]      Old Subphase: Concurrent Remap Remembered                   3.121 / 26.169       16.211 / 99.831       16.211 / 99.831       16.211 / 99.831      ms
[107.928s][info][gc,stats]      Old Subphase: Concurrent Remap Roots Colored                0.052 / 0.120         0.139 / 0.529         0.139 / 0.529         0.139 / 0.529       ms
[107.928s][info][gc,stats]      Old Subphase: Concurrent Remap Roots Uncolored              0.029 / 0.041         0.126 / 0.340         0.126 / 0.340         0.126 / 0.340       ms
[107.928s][info][gc,stats]      Old Subphase: Concurrent Roots ClassLoaderDataGraph         0.034 / 0.090         0.087 / 0.512         0.087 / 0.512         0.087 / 0.512       ms
[107.928s][info][gc,stats]      Old Subphase: Concurrent Roots CodeCache                    0.027 / 0.039         0.125 / 0.337         0.125 / 0.337         0.125 / 0.337       ms
[107.928s][info][gc,stats]      Old Subphase: Concurrent Roots JavaThreads                  0.008 / 0.052         0.011 / 0.130         0.011 / 0.130         0.011 / 0.130       ms
[107.928s][info][gc,stats]      Old Subphase: Concurrent Roots OopStorageSet                0.006 / 0.032         0.005 / 0.032         0.005 / 0.032         0.005 / 0.032       ms
[107.928s][info][gc,stats]      Old Subphase: Concurrent Weak Roots OopStorageSet           0.083 / 0.199         0.083 / 0.220         0.083 / 0.220         0.083 / 0.220       ms
[107.928s][info][gc,stats]            System: Java Threads                                     11 / 11               11 / 13               11 / 13               11 / 13          threads
[107.928s][info][gc,stats]  Young Generation: Young Generation                              6.979 / 35.425      537.698 / 4084.403    537.698 / 4084.403    537.698 / 4084.403    ms
[107.928s][info][gc,stats]  Young Generation: Young Generation                              0.000 / 0.000         0.000 / 0.000         0.000 / 0.000         0.000 / 0.000       ms
[107.928s][info][gc,stats]  Young Generation: Young Generation (Collect Roots)              0.000 / 0.000         0.000 / 0.000         0.000 / 0.000         0.000 / 0.000       ms
[107.928s][info][gc,stats]  Young Generation: Young Generation (Promote All)                0.000 / 0.000         0.000 / 0.000         0.000 / 0.000         0.000 / 0.000       ms
[107.928s][info][gc,stats]       Young Pause: Pause Mark End                                0.010 / 0.013         0.011 / 0.016         0.011 / 0.016         0.011 / 0.016       ms
[107.928s][info][gc,stats]       Young Pause: Pause Mark Start                              0.000 / 0.000         0.000 / 0.000         0.000 / 0.000         0.000 / 0.000       ms
[107.928s][info][gc,stats]       Young Pause: Pause Mark Start (Major)                      0.015 / 0.016         0.015 / 0.039         0.015 / 0.039         0.015 / 0.039       ms
[107.928s][info][gc,stats]       Young Pause: Pause Relocate Start                          0.006 / 0.008         0.008 / 0.014         0.008 / 0.014         0.008 / 0.014       ms
[107.928s][info][gc,stats]       Young Phase: Concurrent Mark                               6.381 / 34.713      477.327 / 3742.202    477.327 / 3742.202    477.327 / 3742.202    ms
[107.928s][info][gc,stats]       Young Phase: Concurrent Mark Continue                      0.000 / 0.000         0.000 / 0.000         0.000 / 0.000         0.000 / 0.000       ms
[107.928s][info][gc,stats]       Young Phase: Concurrent Mark Free                          0.001 / 0.001         0.002 / 0.007         0.002 / 0.007         0.002 / 0.007       ms
[107.928s][info][gc,stats]       Young Phase: Concurrent Relocate                           0.032 / 0.036        34.417 / 253.140      34.417 / 253.140      34.417 / 253.140     ms
[107.928s][info][gc,stats]       Young Phase: Concurrent Reset Relocation Set               0.000 / 0.000         0.112 / 2.485         0.112 / 2.485         0.112 / 2.485       ms
[107.928s][info][gc,stats]       Young Phase: Concurrent Select Relocation Set              0.271 / 0.628        25.401 / 201.105      25.401 / 201.105      25.401 / 201.105     ms
[107.928s][info][gc,stats]    Young Subphase: Concurrent Mark Follow                        5.404 / 33.685      476.242 / 3741.224    476.242 / 3741.224    476.242 / 3741.224    ms
[107.928s][info][gc,stats]    Young Subphase: Concurrent Mark Root Colored                  0.699 / 0.796         0.684 / 0.979         0.684 / 0.979         0.684 / 0.979       ms
[107.928s][info][gc,stats]    Young Subphase: Concurrent Mark Root Uncolored                0.062 / 0.073         0.172 / 0.439         0.172 / 0.439         0.172 / 0.439       ms
[107.928s][info][gc,stats]    Young Subphase: Concurrent Mark Roots                         0.974 / 1.025         1.082 / 1.488         1.082 / 1.488         1.082 / 1.488       ms
[107.928s][info][gc,stats]    Young Subphase: Concurrent Relocate Remset FP                 0.009 / 0.013        34.191 / 252.958      34.191 / 252.958      34.191 / 252.958     ms
[107.928s][info][gc,stats]    Young Subphase: Concurrent Roots ClassLoaderDataGraph         0.578 / 0.607         0.548 / 0.727         0.548 / 0.727         0.548 / 0.727       ms
[107.928s][info][gc,stats]    Young Subphase: Concurrent Roots CodeCache                    0.033 / 0.048         0.138 / 0.332         0.138 / 0.332         0.138 / 0.332       ms
[107.928s][info][gc,stats]    Young Subphase: Concurrent Roots JavaThreads                  0.015 / 0.048         0.019 / 0.438         0.019 / 0.438         0.019 / 0.438       ms
[107.928s][info][gc,stats]    Young Subphase: Concurrent Roots OopStorageSet                0.006 / 0.008         0.024 / 0.503         0.024 / 0.503         0.024 / 0.503       ms
[107.928s][info][gc,stats]    Young Subphase: Concurrent Weak Roots OopStorageSet           0.117 / 0.191         0.123 / 0.233         0.123 / 0.233         0.123 / 0.233       ms
[107.928s][info][gc,stats] =========================================================================================================================================================
