
=== RUN 38/80 (GA none) ===

[0.031s][info][gc,ref] Reference Processor created, Macros: ZUseSeparateDiscoveredLists=0, ZUseDynamicArray=0, ZUseOptimisedClearPath=0
[1.828s][info][gc,ref] GC(0) O:                           Encountered       Discovered Cleared/Enqueued 
[1.828s][info][gc,ref] GC(0) O: Soft References:                    0                0                0 
[1.828s][info][gc,ref] GC(0) O: Weak References:                    0                0                0 
[1.828s][info][gc,ref] GC(0) O: Weak (No Queue):                    0                0                0 
[1.828s][info][gc,ref] GC(0) O: Weak Fields:                        0                0                0 
[1.828s][info][gc,ref] GC(0) O: Final References:                   0                0                0 
[1.828s][info][gc,ref] GC(0) O: Phantom References:                 0                0                0 
[2.350s][info][gc,ref] GC(1) O:                           Encountered       Discovered Cleared/Enqueued 
[2.350s][info][gc,ref] GC(1) O: Soft References:                  136                0                0 
[2.350s][info][gc,ref] GC(1) O: Weak References:                  555                0                0 
[2.350s][info][gc,ref] GC(1) O: Weak (No Queue):                    3                0                0 
[2.350s][info][gc,ref] GC(1) O: Weak Fields:                        0                0                0 
[2.350s][info][gc,ref] GC(1) O: Final References:                   0                0                0 
[2.350s][info][gc,ref] GC(1) O: Phantom References:                 1                0                0 
[2.870s][info][gc,ref] GC(2) O:                           Encountered       Discovered Cleared/Enqueued 
[2.870s][info][gc,ref] GC(2) O: Soft References:                  152                0                0 
[2.870s][info][gc,ref] GC(2) O: Weak References:                  670                0                0 
[2.870s][info][gc,ref] GC(2) O: Weak (No Queue):                    3                0                0 
[2.870s][info][gc,ref] GC(2) O: Weak Fields:                        0                0                0 
[2.870s][info][gc,ref] GC(2) O: Final References:                   0                0                0 
[2.870s][info][gc,ref] GC(2) O: Phantom References:                 1                0                0 
WeakRefMultiObjectBenchmark: objects=7340009 minSize=509 maxSize=1097 sleepMillis=3000 iterations=3

=== Iteration 1 ===
Phase 1: Allocating references and objects...
[3.413s][info][gc,ref] GC(3) O:                           Encountered       Discovered Cleared/Enqueued 
[3.413s][info][gc,ref] GC(3) O: Soft References:                  238                0                0 
[3.413s][info][gc,ref] GC(3) O: Weak References:                 1349              342              111 
[3.413s][info][gc,ref] GC(3) O: Weak (No Queue):                    3                3                0 
[3.413s][info][gc,ref] GC(3) O: Weak Fields:                        0                0                0 
[3.413s][info][gc,ref] GC(3) O: Final References:                   0                0                0 
[3.413s][info][gc,ref] GC(3) O: Phantom References:                 1                1                0 
[4.120s][info][gc,ref] GC(4) O:                           Encountered       Discovered Cleared/Enqueued 
[4.120s][info][gc,ref] GC(4) O: Soft References:                  238                0                0 
[4.121s][info][gc,ref] GC(4) O: Weak References:                 1238              331               41 
[4.121s][info][gc,ref] GC(4) O: Weak (No Queue):                    3                2                0 
[4.121s][info][gc,ref] GC(4) O: Weak Fields:                        0                0                0 
[4.121s][info][gc,ref] GC(4) O: Final References:                   0                0                0 
[4.121s][info][gc,ref] GC(4) O: Phantom References:                 1                0                0 
[5.344s][info][gc,ref] GC(5) O:                           Encountered       Discovered Cleared/Enqueued 
[5.344s][info][gc,ref] GC(5) O: Soft References:                  238                0                0 
[5.344s][info][gc,ref] GC(5) O: Weak References:               368198              961              183 
[5.344s][info][gc,ref] GC(5) O: Weak (No Queue):               747773                0                0 
[5.344s][info][gc,ref] GC(5) O: Weak Fields:                        0                0                0 
[5.344s][info][gc,ref] GC(5) O: Final References:                   0                0                0 
[5.344s][info][gc,ref] GC(5) O: Phantom References:                 1                1                0 
Allocated 7340009 objects in 4.36 seconds
Phase 2: Sleeping for 3000 ms...
[8.037s][info][gc,ref] GC(6) O:                           Encountered       Discovered Cleared/Enqueued 
[8.037s][info][gc,ref] GC(6) O: Soft References:                  238                0                0 
[8.037s][info][gc,ref] GC(6) O: Weak References:               368015              233                0 
[8.037s][info][gc,ref] GC(6) O: Weak (No Queue):              3300156                3                0 
[8.037s][info][gc,ref] GC(6) O: Weak Fields:                        0                0                0 
[8.037s][info][gc,ref] GC(6) O: Final References:                   0                0                0 
[8.037s][info][gc,ref] GC(6) O: Phantom References:                 1                1                0 
Phase 3.1: Clearing strong references...
Cleared 1468002 strong references, 5872007 remaining
Waiting 3000 ms...
[13.025s][info][gc,ref] GC(7) O:                           Encountered       Discovered Cleared/Enqueued 
[13.025s][info][gc,ref] GC(7) O: Soft References:                  238                0                0 
[13.025s][info][gc,ref] GC(7) O: Weak References:               368015           103645                0 
[13.025s][info][gc,ref] GC(7) O: Weak (No Queue):              6973011           209387                0 
[13.025s][info][gc,ref] GC(7) O: Weak Fields:                        0                0                0 
[13.025s][info][gc,ref] GC(7) O: Final References:                   0                0                0 
[13.025s][info][gc,ref] GC(7) O: Phantom References:                 1                1                0 
Phase 3.2: Clearing strong references...
Cleared 1468002 strong references, 4404005 remaining
Waiting 3000 ms...
Phase 3.3: Clearing strong references...
Cleared 1468002 strong references, 2936003 remaining
Waiting 3000 ms...
[18.947s][info][gc,ref] GC(8) O:                           Encountered       Discovered Cleared/Enqueued 
[18.947s][info][gc,ref] GC(8) O: Soft References:                  238                0                0 
[18.947s][info][gc,ref] GC(8) O: Weak References:               368015           169286            73247 
[18.947s][info][gc,ref] GC(8) O: Weak (No Queue):              6973011          1519024           660375 
[18.947s][info][gc,ref] GC(8) O: Weak Fields:                        0                0                0 
[18.947s][info][gc,ref] GC(8) O: Final References:                   0                0                0 
[18.947s][info][gc,ref] GC(8) O: Phantom References:                 1                1                0 
Phase 3.4: Clearing strong references...
Cleared 1468002 strong references, 1468001 remaining
Waiting 3000 ms...
Phase 3.5: Clearing strong references...
Cleared 1468001 strong references, 0 remaining
Waiting 3000 ms...
[26.147s][info][gc,ref] GC(9) O:                           Encountered       Discovered Cleared/Enqueued 
[26.147s][info][gc,ref] GC(9) O: Soft References:                  238                0                0 
[26.147s][info][gc,ref] GC(9) O: Weak References:               294768           251868           146224 
[26.147s][info][gc,ref] GC(9) O: Weak (No Queue):              6312636          5498703          3524160 
[26.147s][info][gc,ref] GC(9) O: Weak Fields:                        0                0                0 
[26.147s][info][gc,ref] GC(9) O: Final References:                   0                0                0 
[26.147s][info][gc,ref] GC(9) O: Phantom References:                 1                1                0 
Waiting 6000 ms...
[32.226s][info][gc,ref] GC(10) O:                           Encountered       Discovered Cleared/Enqueued 
[32.226s][info][gc,ref] GC(10) O: Soft References:                  238                0                0 
[32.226s][info][gc,ref] GC(10) O: Weak References:               148544           148478           147530 
[32.226s][info][gc,ref] GC(10) O: Weak (No Queue):              2788476          2788476          2788473 
[32.226s][info][gc,ref] GC(10) O: Weak Fields:                        0                0                0 
[32.226s][info][gc,ref] GC(10) O: Final References:                   0                0                0 
[32.226s][info][gc,ref] GC(10) O: Phantom References:                 1                1                0 
Phase 4: Final weak reference checks...
Final count of alive weak references: 0
References enqueued in ReferenceQueue: 367001
Cooling down for 5 seconds...
[35.739s][info][gc,ref] GC(11) O:                           Encountered       Discovered Cleared/Enqueued 
[35.740s][info][gc,ref] GC(11) O: Soft References:                  238                0                0 
[35.740s][info][gc,ref] GC(11) O: Weak References:                 1014              857                0 
[35.740s][info][gc,ref] GC(11) O: Weak (No Queue):                    3                2                0 
[35.740s][info][gc,ref] GC(11) O: Weak Fields:                        0                0                0 
[35.740s][info][gc,ref] GC(11) O: Final References:                   0                0                0 
[35.740s][info][gc,ref] GC(11) O: Phantom References:                 1                1                0 
[36.282s][info][gc,ref] GC(12) O:                           Encountered       Discovered Cleared/Enqueued 
[36.282s][info][gc,ref] GC(12) O: Soft References:                  238                0                0 
[36.282s][info][gc,ref] GC(12) O: Weak References:                 1014              529                0 
[36.282s][info][gc,ref] GC(12) O: Weak (No Queue):                    3                0                0 
[36.282s][info][gc,ref] GC(12) O: Weak Fields:                        0                0                0 
[36.282s][info][gc,ref] GC(12) O: Final References:                   0                0                0 
[36.282s][info][gc,ref] GC(12) O: Phantom References:                 1                1                0 
[36.806s][info][gc,ref] GC(13) O:                           Encountered       Discovered Cleared/Enqueued 
[36.806s][info][gc,ref] GC(13) O: Soft References:                  238                0                0 
[36.806s][info][gc,ref] GC(13) O: Weak References:                 1014              517                0 
[36.806s][info][gc,ref] GC(13) O: Weak (No Queue):                    3                0                0 
[36.806s][info][gc,ref] GC(13) O: Weak Fields:                        0                0                0 
[36.806s][info][gc,ref] GC(13) O: Final References:                   0                0                0 
[36.806s][info][gc,ref] GC(13) O: Phantom References:                 1                1                0 
[37.333s][info][gc,ref] GC(14) O:                           Encountered       Discovered Cleared/Enqueued 
[37.333s][info][gc,ref] GC(14) O: Soft References:                  238                0                0 
[37.333s][info][gc,ref] GC(14) O: Weak References:                 1014              356                0 
[37.333s][info][gc,ref] GC(14) O: Weak (No Queue):                    3                0                0 
[37.333s][info][gc,ref] GC(14) O: Weak Fields:                        0                0                0 
[37.333s][info][gc,ref] GC(14) O: Final References:                   0                0                0 
[37.333s][info][gc,ref] GC(14) O: Phantom References:                 1                0                0 
[37.858s][info][gc,ref] GC(15) O:                           Encountered       Discovered Cleared/Enqueued 
[37.858s][info][gc,ref] GC(15) O: Soft References:                  238                0                0 
[37.858s][info][gc,ref] GC(15) O: Weak References:                 1014              357                0 
[37.858s][info][gc,ref] GC(15) O: Weak (No Queue):                    3                0                0 
[37.858s][info][gc,ref] GC(15) O: Weak Fields:                        0                0                0 
[37.858s][info][gc,ref] GC(15) O: Final References:                   0                0                0 
[37.858s][info][gc,ref] GC(15) O: Phantom References:                 1                0                0 
[38.383s][info][gc,ref] GC(16) O:                           Encountered       Discovered Cleared/Enqueued 
[38.383s][info][gc,ref] GC(16) O: Soft References:                  238                0                0 
[38.383s][info][gc,ref] GC(16) O: Weak References:                 1014              210                0 
[38.383s][info][gc,ref] GC(16) O: Weak (No Queue):                    3                2                0 
[38.383s][info][gc,ref] GC(16) O: Weak Fields:                        0                0                0 
[38.383s][info][gc,ref] GC(16) O: Final References:                   0                0                0 
[38.383s][info][gc,ref] GC(16) O: Phantom References:                 1                1                0 
[38.909s][info][gc,ref] GC(17) O:                           Encountered       Discovered Cleared/Enqueued 
[38.909s][info][gc,ref] GC(17) O: Soft References:                  238                0                0 
[38.909s][info][gc,ref] GC(17) O: Weak References:                 1014              228                0 
[38.909s][info][gc,ref] GC(17) O: Weak (No Queue):                    3                2                0 
[38.909s][info][gc,ref] GC(17) O: Weak Fields:                        0                0                0 
[38.909s][info][gc,ref] GC(17) O: Final References:                   0                0                0 
[38.909s][info][gc,ref] GC(17) O: Phantom References:                 1                1                0 
[39.435s][info][gc,ref] GC(18) O:                           Encountered       Discovered Cleared/Enqueued 
[39.435s][info][gc,ref] GC(18) O: Soft References:                  238                0                0 
[39.435s][info][gc,ref] GC(18) O: Weak References:                 1014              237                0 
[39.435s][info][gc,ref] GC(18) O: Weak (No Queue):                    3                2                0 
[39.435s][info][gc,ref] GC(18) O: Weak Fields:                        0                0                0 
[39.435s][info][gc,ref] GC(18) O: Final References:                   0                0                0 
[39.435s][info][gc,ref] GC(18) O: Phantom References:                 1                1                0 

=== Iteration 2 ===
Phase 1: Allocating references and objects...
[39.975s][info][gc,ref] GC(19) O:                           Encountered       Discovered Cleared/Enqueued 
[39.975s][info][gc,ref] GC(19) O: Soft References:                  238                0                0 
[39.975s][info][gc,ref] GC(19) O: Weak References:                 1014               93                0 
[39.975s][info][gc,ref] GC(19) O: Weak (No Queue):                    3                3                0 
[39.975s][info][gc,ref] GC(19) O: Weak Fields:                        0                0                0 
[39.975s][info][gc,ref] GC(19) O: Final References:                   0                0                0 
[39.975s][info][gc,ref] GC(19) O: Phantom References:                 1                1                0 
[41.107s][info][gc,ref] GC(20) O:                           Encountered       Discovered Cleared/Enqueued 
[41.107s][info][gc,ref] GC(20) O: Soft References:                  238                0                0 
[41.107s][info][gc,ref] GC(20) O: Weak References:               228331              629                0 
[41.107s][info][gc,ref] GC(20) O: Weak (No Queue):                    3                0                0 
[41.107s][info][gc,ref] GC(20) O: Weak Fields:                        0                0                0 
[41.107s][info][gc,ref] GC(20) O: Final References:                   0                0                0 
[41.107s][info][gc,ref] GC(20) O: Phantom References:                 1                1                0 
Allocated 7340009 objects in 1.92 seconds
Phase 2: Sleeping for 3000 ms...
Phase 3.1: Clearing strong references...
Cleared 1468002 strong references, 5872007 remaining
Waiting 3000 ms...
[45.600s][info][gc,ref] GC(21) O:                           Encountered       Discovered Cleared/Enqueued 
[45.600s][info][gc,ref] GC(21) O: Soft References:                  238                0                0 
[45.600s][info][gc,ref] GC(21) O: Weak References:               368015              125                0 
[45.600s][info][gc,ref] GC(21) O: Weak (No Queue):              6973011                0                0 
[45.600s][info][gc,ref] GC(21) O: Weak Fields:                        0                0                0 
[45.600s][info][gc,ref] GC(21) O: Final References:                   0                0                0 
[45.600s][info][gc,ref] GC(21) O: Phantom References:                 1                1                0 
Phase 3.2: Clearing strong references...
Cleared 1468002 strong references, 4404005 remaining
Waiting 3000 ms...
[50.561s][info][gc,ref] GC(22) O:                           Encountered       Discovered Cleared/Enqueued 
[50.561s][info][gc,ref] GC(22) O: Soft References:                  238                0                0 
[50.561s][info][gc,ref] GC(22) O: Weak References:               368015           200881            45389 
[50.561s][info][gc,ref] GC(22) O: Weak (No Queue):              6973011                2                0 
[50.561s][info][gc,ref] GC(22) O: Weak Fields:                        0                0                0 
[50.561s][info][gc,ref] GC(22) O: Final References:                   0                0                0 
[50.561s][info][gc,ref] GC(22) O: Phantom References:                 1                1                0 
Phase 3.3: Clearing strong references...
Cleared 1468002 strong references, 2936003 remaining
Waiting 3000 ms...
Phase 3.4: Clearing strong references...
Cleared 1468002 strong references, 1468001 remaining
Waiting 3000 ms...
[57.314s][info][gc,ref] GC(23) O:                           Encountered       Discovered Cleared/Enqueued 
[57.314s][info][gc,ref] GC(23) O: Soft References:                  238                0                0 
[57.314s][info][gc,ref] GC(23) O: Weak References:               322626           219504           100630 
[57.314s][info][gc,ref] GC(23) O: Weak (No Queue):              6973011          5031740          2789985 
[57.314s][info][gc,ref] GC(23) O: Weak Fields:                        0                0                0 
[57.314s][info][gc,ref] GC(23) O: Final References:                   0                0                0 
[57.314s][info][gc,ref] GC(23) O: Phantom References:                 1                0                0 
Phase 3.5: Clearing strong references...
Cleared 1468001 strong references, 0 remaining
Waiting 3000 ms...
Waiting 6000 ms...
[64.117s][info][gc,ref] GC(24) O:                           Encountered       Discovered Cleared/Enqueued 
[64.117s][info][gc,ref] GC(24) O: Soft References:                  238                0                0 
[64.117s][info][gc,ref] GC(24) O: Weak References:               221996           186064           162961 
[64.117s][info][gc,ref] GC(24) O: Weak (No Queue):              4183026          3505064          3077044 
[64.117s][info][gc,ref] GC(24) O: Weak Fields:                        0                0                0 
[64.117s][info][gc,ref] GC(24) O: Final References:                   0                0                0 
[64.117s][info][gc,ref] GC(24) O: Phantom References:                 1                1                0 
Phase 4: Final weak reference checks...
Final count of alive weak references: 1164000
References enqueued in ReferenceQueue: 308980
Cooling down for 5 seconds...
[68.974s][info][gc,ref] GC(25) O:                           Encountered       Discovered Cleared/Enqueued 
[68.974s][info][gc,ref] GC(25) O: Soft References:                  238                0                0 
[68.974s][info][gc,ref] GC(25) O: Weak References:                59035            58285                0 
[68.974s][info][gc,ref] GC(25) O: Weak (No Queue):              1105982          1105940                0 
[68.974s][info][gc,ref] GC(25) O: Weak Fields:                        0                0                0 
[68.974s][info][gc,ref] GC(25) O: Final References:                   0                0                0 
[68.974s][info][gc,ref] GC(25) O: Phantom References:                 1                1                0 
[69.541s][info][gc,ref] GC(26) O:                           Encountered       Discovered Cleared/Enqueued 
[69.541s][info][gc,ref] GC(26) O: Soft References:                  238                0                0 
[69.541s][info][gc,ref] GC(26) O: Weak References:                 1014              159                0 
[69.541s][info][gc,ref] GC(26) O: Weak (No Queue):                    3                3                0 
[69.541s][info][gc,ref] GC(26) O: Weak Fields:                        0                0                0 
[69.541s][info][gc,ref] GC(26) O: Final References:                   0                0                0 
[69.541s][info][gc,ref] GC(26) O: Phantom References:                 1                1                0 
[70.078s][info][gc,ref] GC(27) O:                           Encountered       Discovered Cleared/Enqueued 
[70.078s][info][gc,ref] GC(27) O: Soft References:                  238                0                0 
[70.078s][info][gc,ref] GC(27) O: Weak References:                 1014              100                0 
[70.078s][info][gc,ref] GC(27) O: Weak (No Queue):                    3                3                0 
[70.078s][info][gc,ref] GC(27) O: Weak Fields:                        0                0                0 
[70.078s][info][gc,ref] GC(27) O: Final References:                   0                0                0 
[70.078s][info][gc,ref] GC(27) O: Phantom References:                 1                1                0 
[70.610s][info][gc,ref] GC(28) O:                           Encountered       Discovered Cleared/Enqueued 
[70.610s][info][gc,ref] GC(28) O: Soft References:                  238                0                0 
[70.610s][info][gc,ref] GC(28) O: Weak References:                 1014              108                0 
[70.610s][info][gc,ref] GC(28) O: Weak (No Queue):                    3                3                0 
[70.610s][info][gc,ref] GC(28) O: Weak Fields:                        0                0                0 
[70.610s][info][gc,ref] GC(28) O: Final References:                   0                0                0 
[70.610s][info][gc,ref] GC(28) O: Phantom References:                 1                1                0 
[71.136s][info][gc,ref] GC(29) O:                           Encountered       Discovered Cleared/Enqueued 
[71.136s][info][gc,ref] GC(29) O: Soft References:                  238                0                0 
[71.136s][info][gc,ref] GC(29) O: Weak References:                 1014              108                0 
[71.136s][info][gc,ref] GC(29) O: Weak (No Queue):                    3                3                0 
[71.136s][info][gc,ref] GC(29) O: Weak Fields:                        0                0                0 
[71.136s][info][gc,ref] GC(29) O: Final References:                   0                0                0 
[71.136s][info][gc,ref] GC(29) O: Phantom References:                 1                1                0 
[71.671s][info][gc,ref] GC(30) O:                           Encountered       Discovered Cleared/Enqueued 
[71.671s][info][gc,ref] GC(30) O: Soft References:                  238                0                0 
[71.671s][info][gc,ref] GC(30) O: Weak References:                 1014              110                0 
[71.671s][info][gc,ref] GC(30) O: Weak (No Queue):                    3                3                0 
[71.671s][info][gc,ref] GC(30) O: Weak Fields:                        0                0                0 
[71.671s][info][gc,ref] GC(30) O: Final References:                   0                0                0 
[71.671s][info][gc,ref] GC(30) O: Phantom References:                 1                1                0 
[72.197s][info][gc,ref] GC(31) O:                           Encountered       Discovered Cleared/Enqueued 
[72.197s][info][gc,ref] GC(31) O: Soft References:                  238                0                0 
[72.197s][info][gc,ref] GC(31) O: Weak References:                 1014              106                0 
[72.197s][info][gc,ref] GC(31) O: Weak (No Queue):                    3                3                0 
[72.197s][info][gc,ref] GC(31) O: Weak Fields:                        0                0                0 
[72.197s][info][gc,ref] GC(31) O: Final References:                   0                0                0 
[72.197s][info][gc,ref] GC(31) O: Phantom References:                 1                1                0 
[72.733s][info][gc,ref] GC(32) O:                           Encountered       Discovered Cleared/Enqueued 
[72.733s][info][gc,ref] GC(32) O: Soft References:                  238                0                0 
[72.733s][info][gc,ref] GC(32) O: Weak References:                 1014              100                0 
[72.733s][info][gc,ref] GC(32) O: Weak (No Queue):                    3                3                0 
[72.733s][info][gc,ref] GC(32) O: Weak Fields:                        0                0                0 
[72.733s][info][gc,ref] GC(32) O: Final References:                   0                0                0 
[72.733s][info][gc,ref] GC(32) O: Phantom References:                 1                1                0 

=== Iteration 3 ===
Phase 1: Allocating references and objects...
[73.278s][info][gc,ref] GC(33) O:                           Encountered       Discovered Cleared/Enqueued 
[73.278s][info][gc,ref] GC(33) O: Soft References:                  238                0                0 
[73.278s][info][gc,ref] GC(33) O: Weak References:                 1014               95                0 
[73.278s][info][gc,ref] GC(33) O: Weak (No Queue):                    3                3                0 
[73.278s][info][gc,ref] GC(33) O: Weak Fields:                        0                0                0 
[73.278s][info][gc,ref] GC(33) O: Final References:                   0                0                0 
[73.278s][info][gc,ref] GC(33) O: Phantom References:                 1                1                0 
Allocated 7340009 objects in 1.80 seconds
Phase 2: Sleeping for 3000 ms...
[74.949s][info][gc,ref] GC(34) O:                           Encountered       Discovered Cleared/Enqueued 
[74.949s][info][gc,ref] GC(34) O: Soft References:                  238                0                0 
[74.949s][info][gc,ref] GC(34) O: Weak References:               368015              146                0 
[74.949s][info][gc,ref] GC(34) O: Weak (No Queue):               181021                3                0 
[74.949s][info][gc,ref] GC(34) O: Weak Fields:                        0                0                0 
[74.949s][info][gc,ref] GC(34) O: Final References:                   0                0                0 
[74.949s][info][gc,ref] GC(34) O: Phantom References:                 1                1                0 
Phase 3.1: Clearing strong references...
Cleared 1468002 strong references, 5872007 remaining
Waiting 3000 ms...
[79.601s][info][gc,ref] GC(35) O:                           Encountered       Discovered Cleared/Enqueued 
[79.602s][info][gc,ref] GC(35) O: Soft References:                  238                0                0 
[79.602s][info][gc,ref] GC(35) O: Weak References:               368015              649                0 
[79.602s][info][gc,ref] GC(35) O: Weak (No Queue):              6973011                0                0 
[79.602s][info][gc,ref] GC(35) O: Weak Fields:                        0                0                0 
[79.602s][info][gc,ref] GC(35) O: Final References:                   0                0                0 
[79.602s][info][gc,ref] GC(35) O: Phantom References:                 1                1                0 
Phase 3.2: Clearing strong references...
Cleared 1468002 strong references, 4404005 remaining
Waiting 3000 ms...
Phase 3.3: Clearing strong references...
Cleared 1468002 strong references, 2936003 remaining
Waiting 3000 ms...
[84.730s][info][gc,ref] GC(36) O:                           Encountered       Discovered Cleared/Enqueued 
[84.730s][info][gc,ref] GC(36) O: Soft References:                  238                0                0 
[84.730s][info][gc,ref] GC(36) O: Weak References:               368015           329675            73779 
[84.730s][info][gc,ref] GC(36) O: Weak (No Queue):              6973011           162212            36354 
[84.730s][info][gc,ref] GC(36) O: Weak Fields:                        0                0                0 
[84.730s][info][gc,ref] GC(36) O: Final References:                   0                0                0 
[84.730s][info][gc,ref] GC(36) O: Phantom References:                 1                1                0 
Phase 3.4: Clearing strong references...
Cleared 1468002 strong references, 1468001 remaining
Waiting 3000 ms...
Phase 3.5: Clearing strong references...
Cleared 1468001 strong references, 0 remaining
Waiting 3000 ms...
[91.185s][info][gc,ref] GC(37) O:                           Encountered       Discovered Cleared/Enqueued 
[91.186s][info][gc,ref] GC(37) O: Soft References:                  238                0                0 
[91.186s][info][gc,ref] GC(37) O: Weak References:               294236           183625           146611 
[91.186s][info][gc,ref] GC(37) O: Weak (No Queue):              6936657          4843131          4147262 
[91.186s][info][gc,ref] GC(37) O: Weak Fields:                        0                0                0 
[91.186s][info][gc,ref] GC(37) O: Final References:                   0                0                0 
[91.186s][info][gc,ref] GC(37) O: Phantom References:                 1                1                0 
Waiting 6000 ms...
[97.193s][info][gc,ref] GC(38) O:                           Encountered       Discovered Cleared/Enqueued 
[97.194s][info][gc,ref] GC(38) O: Soft References:                  238                0                0 
[97.194s][info][gc,ref] GC(38) O: Weak References:               147625           147015           146611 
[97.194s][info][gc,ref] GC(38) O: Weak (No Queue):              2789395          2789394          2789392 
[97.194s][info][gc,ref] GC(38) O: Weak Fields:                        0                0                0 
[97.194s][info][gc,ref] GC(38) O: Final References:                   0                0                0 
[97.194s][info][gc,ref] GC(38) O: Phantom References:                 1                1                0 
Phase 4: Final weak reference checks...
Final count of alive weak references: 0
References enqueued in ReferenceQueue: 367001
Cooling down for 5 seconds...
[101.343s][info][gc,ref] GC(39) O:                           Encountered       Discovered Cleared/Enqueued 
[101.343s][info][gc,ref] GC(39) O: Soft References:                  238                0                0 
[101.343s][info][gc,ref] GC(39) O: Weak References:                 1014              819                0 
[101.343s][info][gc,ref] GC(39) O: Weak (No Queue):                    3                3                0 
[101.343s][info][gc,ref] GC(39) O: Weak Fields:                        0                0                0 
[101.343s][info][gc,ref] GC(39) O: Final References:                   0                0                0 
[101.343s][info][gc,ref] GC(39) O: Phantom References:                 1                1                0 
[101.884s][info][gc,ref] GC(40) O:                           Encountered       Discovered Cleared/Enqueued 
[101.884s][info][gc,ref] GC(40) O: Soft References:                  238                0                0 
[101.884s][info][gc,ref] GC(40) O: Weak References:                 1014              751                0 
[101.884s][info][gc,ref] GC(40) O: Weak (No Queue):                    3                1                0 
[101.884s][info][gc,ref] GC(40) O: Weak Fields:                        0                0                0 
[101.884s][info][gc,ref] GC(40) O: Final References:                   0                0                0 
[101.884s][info][gc,ref] GC(40) O: Phantom References:                 1                1                0 
[102.413s][info][gc,ref] GC(41) O:                           Encountered       Discovered Cleared/Enqueued 
[102.413s][info][gc,ref] GC(41) O: Soft References:                  238                0                0 
[102.413s][info][gc,ref] GC(41) O: Weak References:                 1014              120                0 
[102.413s][info][gc,ref] GC(41) O: Weak (No Queue):                    3                3                0 
[102.413s][info][gc,ref] GC(41) O: Weak Fields:                        0                0                0 
[102.413s][info][gc,ref] GC(41) O: Final References:                   0                0                0 
[102.413s][info][gc,ref] GC(41) O: Phantom References:                 1                1                0 
[102.939s][info][gc,ref] GC(42) O:                           Encountered       Discovered Cleared/Enqueued 
[102.939s][info][gc,ref] GC(42) O: Soft References:                  238                0                0 
[102.939s][info][gc,ref] GC(42) O: Weak References:                 1014              106                0 
[102.939s][info][gc,ref] GC(42) O: Weak (No Queue):                    3                3                0 
[102.939s][info][gc,ref] GC(42) O: Weak Fields:                        0                0                0 
[102.939s][info][gc,ref] GC(42) O: Final References:                   0                0                0 
[102.939s][info][gc,ref] GC(42) O: Phantom References:                 1                1                0 
[103.464s][info][gc,ref] GC(43) O:                           Encountered       Discovered Cleared/Enqueued 
[103.464s][info][gc,ref] GC(43) O: Soft References:                  238                0                0 
[103.464s][info][gc,ref] GC(43) O: Weak References:                 1014               35                0 
[103.464s][info][gc,ref] GC(43) O: Weak (No Queue):                    3                0                0 
[103.464s][info][gc,ref] GC(43) O: Weak Fields:                        0                0                0 
[103.464s][info][gc,ref] GC(43) O: Final References:                   0                0                0 
[103.464s][info][gc,ref] GC(43) O: Phantom References:                 1                0                0 
[103.990s][info][gc,ref] GC(44) O:                           Encountered       Discovered Cleared/Enqueued 
[103.990s][info][gc,ref] GC(44) O: Soft References:                  238                0                0 
[103.990s][info][gc,ref] GC(44) O: Weak References:                 1014              108                0 
[103.990s][info][gc,ref] GC(44) O: Weak (No Queue):                    3                3                0 
[103.990s][info][gc,ref] GC(44) O: Weak Fields:                        0                0                0 
[103.990s][info][gc,ref] GC(44) O: Final References:                   0                0                0 
[103.990s][info][gc,ref] GC(44) O: Phantom References:                 1                1                0 
[104.515s][info][gc,ref] GC(45) O:                           Encountered       Discovered Cleared/Enqueued 
[104.515s][info][gc,ref] GC(45) O: Soft References:                  238                0                0 
[104.515s][info][gc,ref] GC(45) O: Weak References:                 1014              100                0 
[104.515s][info][gc,ref] GC(45) O: Weak (No Queue):                    3                3                0 
[104.515s][info][gc,ref] GC(45) O: Weak Fields:                        0                0                0 
[104.515s][info][gc,ref] GC(45) O: Final References:                   0                0                0 
[104.515s][info][gc,ref] GC(45) O: Phantom References:                 1                1                0 
[105.043s][info][gc,ref] GC(46) O:                           Encountered       Discovered Cleared/Enqueued 
[105.043s][info][gc,ref] GC(46) O: Soft References:                  238                0                0 
[105.043s][info][gc,ref] GC(46) O: Weak References:                 1014              153                0 
[105.043s][info][gc,ref] GC(46) O: Weak (No Queue):                    3                2                0 
[105.043s][info][gc,ref] GC(46) O: Weak Fields:                        0                0                0 
[105.043s][info][gc,ref] GC(46) O: Final References:                   0                0                0 
[105.043s][info][gc,ref] GC(46) O: Phantom References:                 1                1                0 
[105.568s][info][gc,ref] GC(47) O:                           Encountered       Discovered Cleared/Enqueued 
[105.568s][info][gc,ref] GC(47) O: Soft References:                  238                0                0 
[105.568s][info][gc,ref] GC(47) O: Weak References:                 1014              108                0 
[105.568s][info][gc,ref] GC(47) O: Weak (No Queue):                    3                3                0 
[105.568s][info][gc,ref] GC(47) O: Weak Fields:                        0                0                0 
[105.568s][info][gc,ref] GC(47) O: Final References:                   0                0                0 
[105.568s][info][gc,ref] GC(47) O: Phantom References:                 1                1                0 
[105.752s][info][gc,stats] === Garbage Collection Statistics =======================================================================================================================
[105.752s][info][gc,stats]                                                              Last 10s              Last 10m              Last 10h                Total
[105.752s][info][gc,stats]                                                              Avg / Max             Avg / Max             Avg / Max             Avg / Max
[105.752s][info][gc,stats]        Contention: Mark Segment Reset Contention                     0 / 1                 0 / 6                 0 / 6                 0 / 6           ops/s
[105.752s][info][gc,stats]        Contention: Mark SeqNum Reset Contention                      0 / 0                 0 / 5                 0 / 5                 0 / 5           ops/s
[105.752s][info][gc,stats]          Critical: Allocation Stall                                  0 / 0                 0 / 0                 0 / 0                 0 / 0           ops/s
[105.752s][info][gc,stats]          Critical: Allocation Stall                              0.000 / 0.000         0.000 / 0.000         0.000 / 0.000         0.000 / 0.000       ms
[105.752s][info][gc,stats]          Critical: JNI Critical Stall                                0 / 0                 0 / 0                 0 / 0                 0 / 0           ops/s
[105.752s][info][gc,stats]          Critical: JNI Critical Stall                            0.000 / 0.000         0.000 / 0.000         0.000 / 0.000         0.000 / 0.000       ms
[105.752s][info][gc,stats]          Critical: Relocation Stall                                  0 / 0                 0 / 0                 0 / 0                 0 / 0           ops/s
[105.752s][info][gc,stats]          Critical: Relocation Stall                              0.000 / 0.000         0.000 / 0.000         0.000 / 0.000         0.000 / 0.000       ms
[105.752s][info][gc,stats]  Major Collection: Major Collection                           1162.824 / 5500.374   1739.525 / 6697.546   1739.525 / 6697.546   1739.525 / 6697.546    ms
[105.752s][info][gc,stats]            Memory: Allocation Rate                                   0 / 2               196 / 5808            196 / 5808            196 / 5808        MB/s
[105.752s][info][gc,stats]            Memory: Defragment                                        0 / 0                 0 / 0                 0 / 0                 0 / 0           ops/s
[105.752s][info][gc,stats]            Memory: Mapped Cache Harvest                              0 / 0                 0 / 0                 0 / 0                 0 / 0           MB/s
[105.752s][info][gc,stats]            Memory: Out Of Memory                                     0 / 0                 0 / 0                 0 / 0                 0 / 0           ops/s
[105.752s][info][gc,stats]            Memory: Uncommit                                          0 / 0                 0 / 0                 0 / 0                 0 / 0           MB/s
[105.752s][info][gc,stats]            Memory: Undo Object Allocation Failed                     0 / 0                 0 / 0                 0 / 0                 0 / 0           ops/s
[105.752s][info][gc,stats]            Memory: Undo Object Allocation Succeeded                  0 / 0                 0 / 1                 0 / 1                 0 / 1           ops/s
[105.752s][info][gc,stats]            Memory: Undo Page Allocation                              0 / 0                 0 / 0                 0 / 0                 0 / 0           ops/s
[105.752s][info][gc,stats]  Minor Collection: Minor Collection                              0.000 / 0.000         0.000 / 0.000         0.000 / 0.000         0.000 / 0.000       ms
[105.752s][info][gc,stats]    Old Generation: Old Generation                             1144.207 / 5405.558   1161.998 / 6585.124   1161.998 / 6585.124   1161.998 / 6585.124    ms
[105.752s][info][gc,stats]         Old Pause: Pause Mark End                                0.012 / 0.014         0.012 / 0.015         0.012 / 0.015         0.012 / 0.015       ms
[105.752s][info][gc,stats]         Old Pause: Pause Relocate Start                          0.010 / 0.015         0.010 / 0.017         0.010 / 0.017         0.010 / 0.017       ms
[105.752s][info][gc,stats]         Old Phase: Concurrent Mark                            1033.312 / 4562.909    952.349 / 5078.851    952.349 / 5078.851    952.349 / 5078.851    ms
[105.752s][info][gc,stats]         Old Phase: Concurrent Mark Continue                      0.000 / 0.000         0.000 / 0.000         0.000 / 0.000         0.000 / 0.000       ms
[105.752s][info][gc,stats]         Old Phase: Concurrent Mark Free                          0.004 / 0.006         0.004 / 0.006         0.004 / 0.006         0.004 / 0.006       ms
[105.752s][info][gc,stats]         Old Phase: Concurrent Process Non-Strong                38.495 / 295.651      71.820 / 660.053      71.820 / 660.053      71.820 / 660.053     ms
[105.752s][info][gc,stats]         Old Phase: Concurrent Relocate                          63.530 / 501.252     105.147 / 905.982     105.147 / 905.982     105.147 / 905.982     ms
[105.752s][info][gc,stats]         Old Phase: Concurrent Remap Roots                        3.417 / 23.180       21.462 / 146.493      21.462 / 146.493      21.462 / 146.493     ms
[105.752s][info][gc,stats]         Old Phase: Concurrent Reset Relocation Set               0.030 / 0.170         0.019 / 0.176         0.019 / 0.176         0.019 / 0.176       ms
[105.752s][info][gc,stats]         Old Phase: Concurrent Select Relocation Set              5.161 / 22.139       10.901 / 110.101      10.901 / 110.101      10.901 / 110.101     ms
[105.752s][info][gc,stats]      Old Subphase: Concurrent Classes Purge                      0.004 / 0.006         0.022 / 0.208         0.022 / 0.208         0.022 / 0.208       ms
[105.752s][info][gc,stats]      Old Subphase: Concurrent Classes Unlink                     1.338 / 1.459         1.351 / 1.592         1.351 / 1.592         1.351 / 1.592       ms
[105.752s][info][gc,stats]      Old Subphase: Concurrent Mark Follow                     1033.179 / 4562.710    952.193 / 5078.647    952.193 / 5078.647    952.193 / 5078.647    ms
[105.752s][info][gc,stats]      Old Subphase: Concurrent Mark Root Colored                  0.040 / 0.098         0.032 / 0.110         0.032 / 0.110         0.032 / 0.110       ms
[105.752s][info][gc,stats]      Old Subphase: Concurrent Mark Root Uncolored                0.020 / 0.041         0.032 / 0.296         0.032 / 0.296         0.032 / 0.296       ms
[105.752s][info][gc,stats]      Old Subphase: Concurrent Mark Roots                         0.122 / 0.157         0.153 / 0.372         0.153 / 0.372         0.153 / 0.372       ms
[105.752s][info][gc,stats]      Old Subphase: Concurrent References Enqueue                 0.001 / 0.004         0.001 / 0.006         0.001 / 0.006         0.001 / 0.006       ms
[105.752s][info][gc,stats]      Old Subphase: Concurrent References Process                36.776 / 293.796      69.998 / 658.072      69.998 / 658.072      69.998 / 658.072     ms
[105.752s][info][gc,stats]      Old Subphase: Concurrent Remap Remembered                   3.072 / 22.707       16.426 / 145.939      16.426 / 145.939      16.426 / 145.939     ms
[105.752s][info][gc,stats]      Old Subphase: Concurrent Remap Roots Colored                0.052 / 0.129         0.145 / 0.521         0.145 / 0.521         0.145 / 0.521       ms
[105.752s][info][gc,stats]      Old Subphase: Concurrent Remap Roots Uncolored              0.207 / 0.274         0.212 / 0.349         0.212 / 0.349         0.212 / 0.349       ms
[105.752s][info][gc,stats]      Old Subphase: Concurrent Roots ClassLoaderDataGraph         0.038 / 0.078         0.099 / 0.481         0.099 / 0.481         0.099 / 0.481       ms
[105.752s][info][gc,stats]      Old Subphase: Concurrent Roots CodeCache                    0.205 / 0.270         0.209 / 0.344         0.209 / 0.344         0.209 / 0.344       ms
[105.752s][info][gc,stats]      Old Subphase: Concurrent Roots JavaThreads                  0.008 / 0.041         0.012 / 0.296         0.012 / 0.296         0.012 / 0.296       ms
[105.752s][info][gc,stats]      Old Subphase: Concurrent Roots OopStorageSet                0.005 / 0.021         0.005 / 0.021         0.005 / 0.021         0.005 / 0.021       ms
[105.752s][info][gc,stats]      Old Subphase: Concurrent Weak Roots OopStorageSet           0.084 / 0.199         0.087 / 0.213         0.087 / 0.213         0.087 / 0.213       ms
[105.752s][info][gc,stats]            System: Java Threads                                     11 / 11               11 / 13               11 / 13               11 / 13          threads
[105.752s][info][gc,stats]  Young Generation: Young Generation                              7.634 / 34.342      577.426 / 4125.019    577.426 / 4125.019    577.426 / 4125.019    ms
[105.752s][info][gc,stats]  Young Generation: Young Generation                              0.000 / 0.000         0.000 / 0.000         0.000 / 0.000         0.000 / 0.000       ms
[105.752s][info][gc,stats]  Young Generation: Young Generation (Collect Roots)              0.000 / 0.000         0.000 / 0.000         0.000 / 0.000         0.000 / 0.000       ms
[105.752s][info][gc,stats]  Young Generation: Young Generation (Promote All)                0.000 / 0.000         0.000 / 0.000         0.000 / 0.000         0.000 / 0.000       ms
[105.752s][info][gc,stats]       Young Pause: Pause Mark End                                0.011 / 0.016         0.011 / 0.016         0.011 / 0.016         0.011 / 0.016       ms
[105.752s][info][gc,stats]       Young Pause: Pause Mark Start                              0.000 / 0.000         0.000 / 0.000         0.000 / 0.000         0.000 / 0.000       ms
[105.752s][info][gc,stats]       Young Pause: Pause Mark Start (Major)                      0.016 / 0.022         0.015 / 0.022         0.015 / 0.022         0.015 / 0.022       ms
[105.752s][info][gc,stats]       Young Pause: Pause Relocate Start                          0.007 / 0.008         0.008 / 0.017         0.008 / 0.017         0.008 / 0.017       ms
[105.752s][info][gc,stats]       Young Phase: Concurrent Mark                               6.913 / 33.563      516.439 / 3777.093    516.439 / 3777.093    516.439 / 3777.093    ms
[105.752s][info][gc,stats]       Young Phase: Concurrent Mark Continue                      0.000 / 0.000         0.000 / 0.000         0.000 / 0.000         0.000 / 0.000       ms
[105.752s][info][gc,stats]       Young Phase: Concurrent Mark Free                          0.001 / 0.001         0.003 / 0.008         0.003 / 0.008         0.003 / 0.008       ms
[105.752s][info][gc,stats]       Young Phase: Concurrent Relocate                           0.043 / 0.054        34.822 / 379.363      34.822 / 379.363      34.822 / 379.363     ms
[105.752s][info][gc,stats]       Young Phase: Concurrent Reset Relocation Set               0.000 / 0.000         0.070 / 1.066         0.070 / 1.066         0.070 / 1.066       ms
[105.753s][info][gc,stats]       Young Phase: Concurrent Select Relocation Set              0.258 / 0.282        25.579 / 296.040      25.579 / 296.040      25.579 / 296.040     ms
[105.753s][info][gc,stats]    Young Subphase: Concurrent Mark Follow                        5.856 / 32.494      515.324 / 3776.025    515.324 / 3776.025    515.324 / 3776.025    ms
[105.753s][info][gc,stats]    Young Subphase: Concurrent Mark Root Colored                  0.707 / 0.794         0.699 / 1.439         0.699 / 1.439         0.699 / 1.439       ms
[105.753s][info][gc,stats]    Young Subphase: Concurrent Mark Root Uncolored                0.244 / 0.258         0.266 / 0.369         0.266 / 0.369         0.266 / 0.369       ms
[105.753s][info][gc,stats]    Young Subphase: Concurrent Mark Roots                         1.054 / 1.090         1.113 / 1.552         1.113 / 1.552         1.113 / 1.552       ms
[105.753s][info][gc,stats]    Young Subphase: Concurrent Relocate Remset FP                 0.011 / 0.013        34.507 / 379.035      34.507 / 379.035      34.507 / 379.035     ms
[105.753s][info][gc,stats]    Young Subphase: Concurrent Roots ClassLoaderDataGraph         0.603 / 0.621         0.553 / 0.744         0.553 / 0.744         0.553 / 0.744       ms
[105.753s][info][gc,stats]    Young Subphase: Concurrent Roots CodeCache                    0.212 / 0.228         0.234 / 0.332         0.234 / 0.332         0.234 / 0.332       ms
[105.753s][info][gc,stats]    Young Subphase: Concurrent Roots JavaThreads                  0.016 / 0.050         0.019 / 0.369         0.019 / 0.369         0.019 / 0.369       ms
[105.753s][info][gc,stats]    Young Subphase: Concurrent Roots OopStorageSet                0.008 / 0.008         0.079 / 1.405         0.079 / 1.405         0.079 / 1.405       ms
[105.753s][info][gc,stats]    Young Subphase: Concurrent Weak Roots OopStorageSet           0.100 / 0.165         0.111 / 0.207         0.111 / 0.207         0.111 / 0.207       ms
[105.753s][info][gc,stats] =========================================================================================================================================================
