
=== RUN 72/80 (GA clear_path_only) ===

[0.030s][info][gc,ref] Reference Processor created, Macros: ZUseSeparateDiscoveredLists=0, ZUseDynamicArray=0, ZUseOptimisedClearPath=1
[1.839s][info][gc,ref] GC(0) O:                           Encountered       Discovered Cleared/Enqueued 
[1.839s][info][gc,ref] GC(0) O: Soft References:                    0                0                0 
[1.839s][info][gc,ref] GC(0) O: Weak References:                    0                0                0 
[1.839s][info][gc,ref] GC(0) O: Weak (No Queue):                    0                0                0 
[1.839s][info][gc,ref] GC(0) O: Weak Fields:                        0                0                0 
[1.839s][info][gc,ref] GC(0) O: Final References:                   0                0                0 
[1.839s][info][gc,ref] GC(0) O: Phantom References:                 0                0                0 
[2.364s][info][gc,ref] GC(1) O:                           Encountered       Discovered Cleared/Enqueued 
[2.364s][info][gc,ref] GC(1) O: Soft References:                  140                0                0 
[2.364s][info][gc,ref] GC(1) O: Weak References:                  581                0                0 
[2.364s][info][gc,ref] GC(1) O: Weak (No Queue):                    3                0                0 
[2.364s][info][gc,ref] GC(1) O: Weak Fields:                        0                0                0 
[2.364s][info][gc,ref] GC(1) O: Final References:                   0                0                0 
[2.364s][info][gc,ref] GC(1) O: Phantom References:                 1                0                0 
[2.892s][info][gc,ref] GC(2) O:                           Encountered       Discovered Cleared/Enqueued 
[2.892s][info][gc,ref] GC(2) O: Soft References:                  158                0                0 
[2.892s][info][gc,ref] GC(2) O: Weak References:                  740                0                0 
[2.892s][info][gc,ref] GC(2) O: Weak (No Queue):                    3                0                0 
[2.892s][info][gc,ref] GC(2) O: Weak Fields:                        0                0                0 
[2.892s][info][gc,ref] GC(2) O: Final References:                   0                0                0 
[2.892s][info][gc,ref] GC(2) O: Phantom References:                 1                0                0 
WeakRefMultiObjectBenchmark: objects=7340009 minSize=509 maxSize=1097 sleepMillis=3000 iterations=3

=== Iteration 1 ===
Phase 1: Allocating references and objects...
[3.447s][info][gc,ref] GC(3) O:                           Encountered       Discovered Cleared/Enqueued 
[3.447s][info][gc,ref] GC(3) O: Soft References:                  238                0                0 
[3.447s][info][gc,ref] GC(3) O: Weak References:                 1349              285              118 
[3.447s][info][gc,ref] GC(3) O: Weak (No Queue):                    3                3                0 
[3.447s][info][gc,ref] GC(3) O: Weak Fields:                        0                0                0 
[3.447s][info][gc,ref] GC(3) O: Final References:                   0                0                0 
[3.447s][info][gc,ref] GC(3) O: Phantom References:                 1                1                0 
[4.145s][info][gc,ref] GC(4) O:                           Encountered       Discovered Cleared/Enqueued 
[4.145s][info][gc,ref] GC(4) O: Soft References:                  238                0                0 
[4.145s][info][gc,ref] GC(4) O: Weak References:                 1231              266               48 
[4.145s][info][gc,ref] GC(4) O: Weak (No Queue):                    3                0                0 
[4.145s][info][gc,ref] GC(4) O: Weak Fields:                        0                0                0 
[4.145s][info][gc,ref] GC(4) O: Final References:                   0                0                0 
[4.145s][info][gc,ref] GC(4) O: Phantom References:                 1                1                0 
[5.449s][info][gc,ref] GC(5) O:                           Encountered       Discovered Cleared/Enqueued 
[5.449s][info][gc,ref] GC(5) O: Soft References:                  238                0                0 
[5.449s][info][gc,ref] GC(5) O: Weak References:               368184              245              169 
[5.449s][info][gc,ref] GC(5) O: Weak (No Queue):               874837                1                0 
[5.449s][info][gc,ref] GC(5) O: Weak Fields:                        0                0                0 
[5.449s][info][gc,ref] GC(5) O: Final References:                   0                0                0 
[5.449s][info][gc,ref] GC(5) O: Phantom References:                 1                1                0 
Allocated 7340009 objects in 4.31 seconds
Phase 2: Sleeping for 3000 ms...
[8.380s][info][gc,ref] GC(6) O:                           Encountered       Discovered Cleared/Enqueued 
[8.380s][info][gc,ref] GC(6) O: Soft References:                  238                0                0 
[8.380s][info][gc,ref] GC(6) O: Weak References:               368015              695                0 
[8.380s][info][gc,ref] GC(6) O: Weak (No Queue):              3614659                0                0 
[8.380s][info][gc,ref] GC(6) O: Weak Fields:                        0                0                0 
[8.380s][info][gc,ref] GC(6) O: Final References:                   0                0                0 
[8.380s][info][gc,ref] GC(6) O: Phantom References:                 1                1                0 
Phase 3.1: Clearing strong references...
Cleared 1468002 strong references, 5872007 remaining
Waiting 3000 ms...
[13.436s][info][gc,ref] GC(7) O:                           Encountered       Discovered Cleared/Enqueued 
[13.436s][info][gc,ref] GC(7) O: Soft References:                  238                0                0 
[13.436s][info][gc,ref] GC(7) O: Weak References:               368015           325467                0 
[13.436s][info][gc,ref] GC(7) O: Weak (No Queue):              6973011           773399                0 
[13.436s][info][gc,ref] GC(7) O: Weak Fields:                        0                0                0 
[13.436s][info][gc,ref] GC(7) O: Final References:                   0                0                0 
[13.436s][info][gc,ref] GC(7) O: Phantom References:                 1                1                0 
Phase 3.2: Clearing strong references...
Cleared 1468002 strong references, 4404005 remaining
Waiting 3000 ms...
Phase 3.3: Clearing strong references...
Cleared 1468002 strong references, 2936003 remaining
Waiting 3000 ms...
[19.402s][info][gc,ref] GC(8) O:                           Encountered       Discovered Cleared/Enqueued 
[19.402s][info][gc,ref] GC(8) O: Soft References:                  238                0                0 
[19.402s][info][gc,ref] GC(8) O: Weak References:               368015           363838            73247 
[19.402s][info][gc,ref] GC(8) O: Weak (No Queue):              6973011          3574863           722962 
[19.402s][info][gc,ref] GC(8) O: Weak Fields:                        0                0                0 
[19.402s][info][gc,ref] GC(8) O: Final References:                   0                0                0 
[19.402s][info][gc,ref] GC(8) O: Phantom References:                 1                1                0 
Phase 3.4: Clearing strong references...
Cleared 1468002 strong references, 1468001 remaining
Waiting 3000 ms...
Phase 3.5: Clearing strong references...
Cleared 1468001 strong references, 0 remaining
Waiting 3000 ms...
[26.679s][info][gc,ref] GC(9) O:                           Encountered       Discovered Cleared/Enqueued 
[26.679s][info][gc,ref] GC(9) O: Soft References:                  238                0                0 
[26.679s][info][gc,ref] GC(9) O: Weak References:               294768           242615           146224 
[26.679s][info][gc,ref] GC(9) O: Weak (No Queue):              6250049          5264811          3461573 
[26.679s][info][gc,ref] GC(9) O: Weak Fields:                        0                0                0 
[26.679s][info][gc,ref] GC(9) O: Final References:                   0                0                0 
[26.679s][info][gc,ref] GC(9) O: Phantom References:                 1                1                0 
Waiting 6000 ms...
Phase 4: Final weak reference checks...
[32.964s][info][gc,ref] GC(10) O:                           Encountered       Discovered Cleared/Enqueued 
[32.964s][info][gc,ref] GC(10) O: Soft References:                  238                0                0 
[32.964s][info][gc,ref] GC(10) O: Weak References:               148544           148073           147530 
[32.964s][info][gc,ref] GC(10) O: Weak (No Queue):              2788476          2788476          2788473 
[32.964s][info][gc,ref] GC(10) O: Weak Fields:                        0                0                0 
[32.964s][info][gc,ref] GC(10) O: Final References:                   0                0                0 
[32.964s][info][gc,ref] GC(10) O: Phantom References:                 1                1                0 
Final count of alive weak references: 0
References enqueued in ReferenceQueue: 367001
Cooling down for 5 seconds...
[36.387s][info][gc,ref] GC(11) O:                           Encountered       Discovered Cleared/Enqueued 
[36.387s][info][gc,ref] GC(11) O: Soft References:                  238                0                0 
[36.387s][info][gc,ref] GC(11) O: Weak References:                 1014              224                0 
[36.387s][info][gc,ref] GC(11) O: Weak (No Queue):                    3                0                0 
[36.387s][info][gc,ref] GC(11) O: Weak Fields:                        0                0                0 
[36.387s][info][gc,ref] GC(11) O: Final References:                   0                0                0 
[36.387s][info][gc,ref] GC(11) O: Phantom References:                 1                1                0 
[36.939s][info][gc,ref] GC(12) O:                           Encountered       Discovered Cleared/Enqueued 
[36.939s][info][gc,ref] GC(12) O: Soft References:                  238                0                0 
[36.939s][info][gc,ref] GC(12) O: Weak References:                 1014              506                0 
[36.939s][info][gc,ref] GC(12) O: Weak (No Queue):                    3                1                0 
[36.939s][info][gc,ref] GC(12) O: Weak Fields:                        0                0                0 
[36.939s][info][gc,ref] GC(12) O: Final References:                   0                0                0 
[36.939s][info][gc,ref] GC(12) O: Phantom References:                 1                0                0 
[37.467s][info][gc,ref] GC(13) O:                           Encountered       Discovered Cleared/Enqueued 
[37.467s][info][gc,ref] GC(13) O: Soft References:                  238                0                0 
[37.467s][info][gc,ref] GC(13) O: Weak References:                 1014              372                0 
[37.467s][info][gc,ref] GC(13) O: Weak (No Queue):                    3                2                0 
[37.467s][info][gc,ref] GC(13) O: Weak Fields:                        0                0                0 
[37.467s][info][gc,ref] GC(13) O: Final References:                   0                0                0 
[37.467s][info][gc,ref] GC(13) O: Phantom References:                 1                1                0 
[37.994s][info][gc,ref] GC(14) O:                           Encountered       Discovered Cleared/Enqueued 
[37.994s][info][gc,ref] GC(14) O: Soft References:                  238                0                0 
[37.994s][info][gc,ref] GC(14) O: Weak References:                 1014              496                0 
[37.994s][info][gc,ref] GC(14) O: Weak (No Queue):                    3                0                0 
[37.994s][info][gc,ref] GC(14) O: Weak Fields:                        0                0                0 
[37.994s][info][gc,ref] GC(14) O: Final References:                   0                0                0 
[37.994s][info][gc,ref] GC(14) O: Phantom References:                 1                0                0 
[38.532s][info][gc,ref] GC(15) O:                           Encountered       Discovered Cleared/Enqueued 
[38.532s][info][gc,ref] GC(15) O: Soft References:                  238                0                0 
[38.532s][info][gc,ref] GC(15) O: Weak References:                 1014              700                0 
[38.532s][info][gc,ref] GC(15) O: Weak (No Queue):                    3                3                0 
[38.532s][info][gc,ref] GC(15) O: Weak Fields:                        0                0                0 
[38.532s][info][gc,ref] GC(15) O: Final References:                   0                0                0 
[38.532s][info][gc,ref] GC(15) O: Phantom References:                 1                1                0 
[39.066s][info][gc,ref] GC(16) O:                           Encountered       Discovered Cleared/Enqueued 
[39.066s][info][gc,ref] GC(16) O: Soft References:                  238                0                0 
[39.066s][info][gc,ref] GC(16) O: Weak References:                 1014              580                0 
[39.066s][info][gc,ref] GC(16) O: Weak (No Queue):                    3                0                0 
[39.066s][info][gc,ref] GC(16) O: Weak Fields:                        0                0                0 
[39.066s][info][gc,ref] GC(16) O: Final References:                   0                0                0 
[39.066s][info][gc,ref] GC(16) O: Phantom References:                 1                0                0 
[39.603s][info][gc,ref] GC(17) O:                           Encountered       Discovered Cleared/Enqueued 
[39.603s][info][gc,ref] GC(17) O: Soft References:                  238                0                0 
[39.603s][info][gc,ref] GC(17) O: Weak References:                 1014              722                0 
[39.603s][info][gc,ref] GC(17) O: Weak (No Queue):                    3                3                0 
[39.603s][info][gc,ref] GC(17) O: Weak Fields:                        0                0                0 
[39.603s][info][gc,ref] GC(17) O: Final References:                   0                0                0 
[39.603s][info][gc,ref] GC(17) O: Phantom References:                 1                1                0 

=== Iteration 2 ===
[40.139s][info][gc,ref] GC(18) O:                           Encountered       Discovered Cleared/Enqueued 
[40.139s][info][gc,ref] GC(18) O: Soft References:                  238                0                0 
[40.139s][info][gc,ref] GC(18) O: Weak References:                 1014              512                0 
[40.139s][info][gc,ref] GC(18) O: Weak (No Queue):                    3                0                0 
[40.139s][info][gc,ref] GC(18) O: Weak Fields:                        0                0                0 
[40.139s][info][gc,ref] GC(18) O: Final References:                   0                0                0 
[40.139s][info][gc,ref] GC(18) O: Phantom References:                 1                0                0 
Phase 1: Allocating references and objects...
[40.697s][info][gc,ref] GC(19) O:                           Encountered       Discovered Cleared/Enqueued 
[40.697s][info][gc,ref] GC(19) O: Soft References:                  238                0                0 
[40.697s][info][gc,ref] GC(19) O: Weak References:                 1014              795                0 
[40.697s][info][gc,ref] GC(19) O: Weak (No Queue):                    3                3                0 
[40.697s][info][gc,ref] GC(19) O: Weak Fields:                        0                0                0 
[40.697s][info][gc,ref] GC(19) O: Final References:                   0                0                0 
[40.697s][info][gc,ref] GC(19) O: Phantom References:                 1                1                0 
Allocated 7340009 objects in 1.81 seconds
Phase 2: Sleeping for 3000 ms...
[44.350s][info][gc,ref] GC(20) O:                           Encountered       Discovered Cleared/Enqueued 
[44.350s][info][gc,ref] GC(20) O: Soft References:                  238                0                0 
[44.350s][info][gc,ref] GC(20) O: Weak References:               368015              150                0 
[44.350s][info][gc,ref] GC(20) O: Weak (No Queue):              1674909                1                0 
[44.350s][info][gc,ref] GC(20) O: Weak Fields:                        0                0                0 
[44.350s][info][gc,ref] GC(20) O: Final References:                   0                0                0 
[44.350s][info][gc,ref] GC(20) O: Phantom References:                 1                1                0 
Phase 3.1: Clearing strong references...
Cleared 1468002 strong references, 5872007 remaining
Waiting 3000 ms...
Phase 3.2: Clearing strong references...
Cleared 1468002 strong references, 4404005 remaining
Waiting 3000 ms...
[49.049s][info][gc,ref] GC(21) O:                           Encountered       Discovered Cleared/Enqueued 
[49.049s][info][gc,ref] GC(21) O: Soft References:                  238                0                0 
[49.049s][info][gc,ref] GC(21) O: Weak References:               368015              764                0 
[49.049s][info][gc,ref] GC(21) O: Weak (No Queue):              6973011                3                0 
[49.049s][info][gc,ref] GC(21) O: Weak Fields:                        0                0                0 
[49.049s][info][gc,ref] GC(21) O: Final References:                   0                0                0 
[49.049s][info][gc,ref] GC(21) O: Phantom References:                 1                1                0 
Phase 3.3: Clearing strong references...
Cleared 1468002 strong references, 2936003 remaining
Waiting 3000 ms...
[54.338s][info][gc,ref] GC(22) O:                           Encountered       Discovered Cleared/Enqueued 
[54.338s][info][gc,ref] GC(22) O: Soft References:                  238                0                0 
[54.338s][info][gc,ref] GC(22) O: Weak References:               368015           329933           146019 
[54.338s][info][gc,ref] GC(22) O: Weak (No Queue):              6973011          1502355           670880 
[54.338s][info][gc,ref] GC(22) O: Weak Fields:                        0                0                0 
[54.338s][info][gc,ref] GC(22) O: Final References:                   0                0                0 
[54.338s][info][gc,ref] GC(22) O: Phantom References:                 1                1                0 
Phase 3.4: Clearing strong references...
Cleared 1468002 strong references, 1468001 remaining
Waiting 3000 ms...
Phase 3.5: Clearing strong references...
Cleared 1468001 strong references, 0 remaining
Waiting 3000 ms...
[60.790s][info][gc,ref] GC(23) O:                           Encountered       Discovered Cleared/Enqueued 
[60.790s][info][gc,ref] GC(23) O: Soft References:                  238                0                0 
[60.790s][info][gc,ref] GC(23) O: Weak References:               221996           204514           106391 
[60.790s][info][gc,ref] GC(23) O: Weak (No Queue):              6302131          5980899          4128717 
[60.790s][info][gc,ref] GC(23) O: Weak Fields:                        0                0                0 
[60.790s][info][gc,ref] GC(23) O: Final References:                   0                0                0 
[60.790s][info][gc,ref] GC(23) O: Phantom References:                 1                0                0 
Waiting 6000 ms...
[66.614s][info][gc,ref] GC(24) O:                           Encountered       Discovered Cleared/Enqueued 
[66.614s][info][gc,ref] GC(24) O: Soft References:                  238                0                0 
[66.614s][info][gc,ref] GC(24) O: Weak References:               115605           115399           114591 
[66.614s][info][gc,ref] GC(24) O: Weak (No Queue):              2173414          2173411          2173411 
[66.614s][info][gc,ref] GC(24) O: Weak Fields:                        0                0                0 
[66.614s][info][gc,ref] GC(24) O: Final References:                   0                0                0 
[66.614s][info][gc,ref] GC(24) O: Phantom References:                 1                1                0 
Phase 4: Final weak reference checks...
Final count of alive weak references: 0
References enqueued in ReferenceQueue: 367001
Cooling down for 5 seconds...
[70.108s][info][gc,ref] GC(25) O:                           Encountered       Discovered Cleared/Enqueued 
[70.108s][info][gc,ref] GC(25) O: Soft References:                  238                0                0 
[70.108s][info][gc,ref] GC(25) O: Weak References:                 1014              715                0 
[70.108s][info][gc,ref] GC(25) O: Weak (No Queue):                    3                3                0 
[70.108s][info][gc,ref] GC(25) O: Weak Fields:                        0                0                0 
[70.108s][info][gc,ref] GC(25) O: Final References:                   0                0                0 
[70.108s][info][gc,ref] GC(25) O: Phantom References:                 1                0                0 
[70.653s][info][gc,ref] GC(26) O:                           Encountered       Discovered Cleared/Enqueued 
[70.653s][info][gc,ref] GC(26) O: Soft References:                  238                0                0 
[70.653s][info][gc,ref] GC(26) O: Weak References:                 1014              252                0 
[70.653s][info][gc,ref] GC(26) O: Weak (No Queue):                    3                0                0 
[70.653s][info][gc,ref] GC(26) O: Weak Fields:                        0                0                0 
[70.653s][info][gc,ref] GC(26) O: Final References:                   0                0                0 
[70.653s][info][gc,ref] GC(26) O: Phantom References:                 1                0                0 
[71.188s][info][gc,ref] GC(27) O:                           Encountered       Discovered Cleared/Enqueued 
[71.188s][info][gc,ref] GC(27) O: Soft References:                  238                0                0 
[71.188s][info][gc,ref] GC(27) O: Weak References:                 1014              438                0 
[71.188s][info][gc,ref] GC(27) O: Weak (No Queue):                    3                0                0 
[71.188s][info][gc,ref] GC(27) O: Weak Fields:                        0                0                0 
[71.188s][info][gc,ref] GC(27) O: Final References:                   0                0                0 
[71.188s][info][gc,ref] GC(27) O: Phantom References:                 1                0                0 
[71.734s][info][gc,ref] GC(28) O:                           Encountered       Discovered Cleared/Enqueued 
[71.734s][info][gc,ref] GC(28) O: Soft References:                  238                0                0 
[71.734s][info][gc,ref] GC(28) O: Weak References:                 1014              366                0 
[71.734s][info][gc,ref] GC(28) O: Weak (No Queue):                    3                3                0 
[71.734s][info][gc,ref] GC(28) O: Weak Fields:                        0                0                0 
[71.734s][info][gc,ref] GC(28) O: Final References:                   0                0                0 
[71.734s][info][gc,ref] GC(28) O: Phantom References:                 1                1                0 
[72.268s][info][gc,ref] GC(29) O:                           Encountered       Discovered Cleared/Enqueued 
[72.268s][info][gc,ref] GC(29) O: Soft References:                  238                0                0 
[72.268s][info][gc,ref] GC(29) O: Weak References:                 1014              527                0 
[72.268s][info][gc,ref] GC(29) O: Weak (No Queue):                    3                3                0 
[72.268s][info][gc,ref] GC(29) O: Weak Fields:                        0                0                0 
[72.268s][info][gc,ref] GC(29) O: Final References:                   0                0                0 
[72.268s][info][gc,ref] GC(29) O: Phantom References:                 1                0                0 
[72.803s][info][gc,ref] GC(30) O:                           Encountered       Discovered Cleared/Enqueued 
[72.803s][info][gc,ref] GC(30) O: Soft References:                  238                0                0 
[72.803s][info][gc,ref] GC(30) O: Weak References:                 1014              719                0 
[72.803s][info][gc,ref] GC(30) O: Weak (No Queue):                    3                3                0 
[72.803s][info][gc,ref] GC(30) O: Weak Fields:                        0                0                0 
[72.803s][info][gc,ref] GC(30) O: Final References:                   0                0                0 
[72.803s][info][gc,ref] GC(30) O: Phantom References:                 1                1                0 
[73.350s][info][gc,ref] GC(31) O:                           Encountered       Discovered Cleared/Enqueued 
[73.350s][info][gc,ref] GC(31) O: Soft References:                  238                0                0 
[73.350s][info][gc,ref] GC(31) O: Weak References:                 1014              652                0 
[73.350s][info][gc,ref] GC(31) O: Weak (No Queue):                    3                0                0 
[73.350s][info][gc,ref] GC(31) O: Weak Fields:                        0                0                0 
[73.350s][info][gc,ref] GC(31) O: Final References:                   0                0                0 
[73.350s][info][gc,ref] GC(31) O: Phantom References:                 1                0                0 
[73.883s][info][gc,ref] GC(32) O:                           Encountered       Discovered Cleared/Enqueued 
[73.883s][info][gc,ref] GC(32) O: Soft References:                  238                0                0 
[73.883s][info][gc,ref] GC(32) O: Weak References:                 1014              755                0 
[73.883s][info][gc,ref] GC(32) O: Weak (No Queue):                    3                0                0 
[73.883s][info][gc,ref] GC(32) O: Weak Fields:                        0                0                0 
[73.883s][info][gc,ref] GC(32) O: Final References:                   0                0                0 
[73.883s][info][gc,ref] GC(32) O: Phantom References:                 1                0                0 

=== Iteration 3 ===
Phase 1: Allocating references and objects...
[74.434s][info][gc,ref] GC(33) O:                           Encountered       Discovered Cleared/Enqueued 
[74.434s][info][gc,ref] GC(33) O: Soft References:                  238                0                0 
[74.434s][info][gc,ref] GC(33) O: Weak References:                 1014               26                0 
[74.434s][info][gc,ref] GC(33) O: Weak (No Queue):                    3                3                0 
[74.434s][info][gc,ref] GC(33) O: Weak Fields:                        0                0                0 
[74.434s][info][gc,ref] GC(33) O: Final References:                   0                0                0 
[74.434s][info][gc,ref] GC(33) O: Phantom References:                 1                1                0 
[75.212s][info][gc,ref] GC(34) O:                           Encountered       Discovered Cleared/Enqueued 
[75.212s][info][gc,ref] GC(34) O: Soft References:                  238                0                0 
[75.212s][info][gc,ref] GC(34) O: Weak References:                 1014              664                0 
[75.212s][info][gc,ref] GC(34) O: Weak (No Queue):                    3                3                0 
[75.212s][info][gc,ref] GC(34) O: Weak Fields:                        0                0                0 
[75.212s][info][gc,ref] GC(34) O: Final References:                   0                0                0 
[75.212s][info][gc,ref] GC(34) O: Phantom References:                 1                1                0 
Allocated 7340009 objects in 2.16 seconds
Phase 2: Sleeping for 3000 ms...
[77.957s][info][gc,ref] GC(35) O:                           Encountered       Discovered Cleared/Enqueued 
[77.957s][info][gc,ref] GC(35) O: Soft References:                  238                0                0 
[77.957s][info][gc,ref] GC(35) O: Weak References:               368015              580                0 
[77.957s][info][gc,ref] GC(35) O: Weak (No Queue):              3737594                2                0 
[77.957s][info][gc,ref] GC(35) O: Weak Fields:                        0                0                0 
[77.957s][info][gc,ref] GC(35) O: Final References:                   0                0                0 
[77.957s][info][gc,ref] GC(35) O: Phantom References:                 1                0                0 
Phase 3.1: Clearing strong references...
Cleared 1468002 strong references, 5872007 remaining
Waiting 3000 ms...
[82.900s][info][gc,ref] GC(36) O:                           Encountered       Discovered Cleared/Enqueued 
[82.900s][info][gc,ref] GC(36) O: Soft References:                  238                0                0 
[82.900s][info][gc,ref] GC(36) O: Weak References:               368015              650                0 
[82.900s][info][gc,ref] GC(36) O: Weak (No Queue):              6973011                0                0 
[82.900s][info][gc,ref] GC(36) O: Weak Fields:                        0                0                0 
[82.900s][info][gc,ref] GC(36) O: Final References:                   0                0                0 
[82.900s][info][gc,ref] GC(36) O: Phantom References:                 1                1                0 
Phase 3.2: Clearing strong references...
Cleared 1468002 strong references, 4404005 remaining
Waiting 3000 ms...
Phase 3.3: Clearing strong references...
Cleared 1468002 strong references, 2936003 remaining
Waiting 3000 ms...
[88.666s][info][gc,ref] GC(37) O:                           Encountered       Discovered Cleared/Enqueued 
[88.666s][info][gc,ref] GC(37) O: Soft References:                  238                0                0 
[88.666s][info][gc,ref] GC(37) O: Weak References:               368015           204219           147190 
[88.666s][info][gc,ref] GC(37) O: Weak (No Queue):              6973011          2069636          1494888 
[88.666s][info][gc,ref] GC(37) O: Weak Fields:                        0                0                0 
[88.666s][info][gc,ref] GC(37) O: Final References:                   0                0                0 
[88.666s][info][gc,ref] GC(37) O: Phantom References:                 1                0                0 
Phase 3.4: Clearing strong references...
Cleared 1468002 strong references, 1468001 remaining
Waiting 3000 ms...
Phase 3.5: Clearing strong references...
Cleared 1468001 strong references, 0 remaining
Waiting 3000 ms...
Waiting 6000 ms...
[95.809s][info][gc,ref] GC(38) O:                           Encountered       Discovered Cleared/Enqueued 
[95.809s][info][gc,ref] GC(38) O: Soft References:                  238                0                0 
[95.809s][info][gc,ref] GC(38) O: Weak References:               220825           107517            73200 
[95.809s][info][gc,ref] GC(38) O: Weak (No Queue):              5478123          3342798          2688728 
[95.809s][info][gc,ref] GC(38) O: Weak Fields:                        0                0                0 
[95.809s][info][gc,ref] GC(38) O: Final References:                   0                0                0 
[95.809s][info][gc,ref] GC(38) O: Phantom References:                 1                0                0 
Phase 4: Final weak reference checks...
[101.842s][info][gc,ref] GC(39) O:                           Encountered       Discovered Cleared/Enqueued 
[101.842s][info][gc,ref] GC(39) O: Soft References:                  238                0                0 
[101.842s][info][gc,ref] GC(39) O: Weak References:               147625           147182           146611 
[101.842s][info][gc,ref] GC(39) O: Weak (No Queue):              2789395          2789395          2789392 
[101.842s][info][gc,ref] GC(39) O: Weak Fields:                        0                0                0 
[101.842s][info][gc,ref] GC(39) O: Final References:                   0                0                0 
[101.842s][info][gc,ref] GC(39) O: Phantom References:                 1                1                0 
Final count of alive weak references: 0
References enqueued in ReferenceQueue: 367001
Cooling down for 5 seconds...
[105.095s][info][gc,ref] GC(40) O:                           Encountered       Discovered Cleared/Enqueued 
[105.096s][info][gc,ref] GC(40) O: Soft References:                  238                0                0 
[105.096s][info][gc,ref] GC(40) O: Weak References:                 1014              448                0 
[105.096s][info][gc,ref] GC(40) O: Weak (No Queue):                    3                1                0 
[105.096s][info][gc,ref] GC(40) O: Weak Fields:                        0                0                0 
[105.096s][info][gc,ref] GC(40) O: Final References:                   0                0                0 
[105.096s][info][gc,ref] GC(40) O: Phantom References:                 1                1                0 
[105.637s][info][gc,ref] GC(41) O:                           Encountered       Discovered Cleared/Enqueued 
[105.637s][info][gc,ref] GC(41) O: Soft References:                  238                0                0 
[105.637s][info][gc,ref] GC(41) O: Weak References:                 1014              725                0 
[105.637s][info][gc,ref] GC(41) O: Weak (No Queue):                    3                3                0 
[105.637s][info][gc,ref] GC(41) O: Weak Fields:                        0                0                0 
[105.637s][info][gc,ref] GC(41) O: Final References:                   0                0                0 
[105.637s][info][gc,ref] GC(41) O: Phantom References:                 1                1                0 
[106.168s][info][gc,ref] GC(42) O:                           Encountered       Discovered Cleared/Enqueued 
[106.168s][info][gc,ref] GC(42) O: Soft References:                  238                0                0 
[106.168s][info][gc,ref] GC(42) O: Weak References:                 1014              811                0 
[106.168s][info][gc,ref] GC(42) O: Weak (No Queue):                    3                2                0 
[106.168s][info][gc,ref] GC(42) O: Weak Fields:                        0                0                0 
[106.168s][info][gc,ref] GC(42) O: Final References:                   0                0                0 
[106.168s][info][gc,ref] GC(42) O: Phantom References:                 1                1                0 
[106.705s][info][gc,ref] GC(43) O:                           Encountered       Discovered Cleared/Enqueued 
[106.705s][info][gc,ref] GC(43) O: Soft References:                  238                0                0 
[106.705s][info][gc,ref] GC(43) O: Weak References:                 1014              861                0 
[106.705s][info][gc,ref] GC(43) O: Weak (No Queue):                    3                2                0 
[106.705s][info][gc,ref] GC(43) O: Weak Fields:                        0                0                0 
[106.705s][info][gc,ref] GC(43) O: Final References:                   0                0                0 
[106.705s][info][gc,ref] GC(43) O: Phantom References:                 1                1                0 
[107.229s][info][gc,ref] GC(44) O:                           Encountered       Discovered Cleared/Enqueued 
[107.229s][info][gc,ref] GC(44) O: Soft References:                  238                0                0 
[107.229s][info][gc,ref] GC(44) O: Weak References:                 1014              860                0 
[107.229s][info][gc,ref] GC(44) O: Weak (No Queue):                    3                2                0 
[107.229s][info][gc,ref] GC(44) O: Weak Fields:                        0                0                0 
[107.229s][info][gc,ref] GC(44) O: Final References:                   0                0                0 
[107.229s][info][gc,ref] GC(44) O: Phantom References:                 1                1                0 
[107.755s][info][gc,ref] GC(45) O:                           Encountered       Discovered Cleared/Enqueued 
[107.755s][info][gc,ref] GC(45) O: Soft References:                  238                0                0 
[107.755s][info][gc,ref] GC(45) O: Weak References:                 1014              819                0 
[107.755s][info][gc,ref] GC(45) O: Weak (No Queue):                    3                2                0 
[107.755s][info][gc,ref] GC(45) O: Weak Fields:                        0                0                0 
[107.755s][info][gc,ref] GC(45) O: Final References:                   0                0                0 
[107.755s][info][gc,ref] GC(45) O: Phantom References:                 1                1                0 
[108.281s][info][gc,ref] GC(46) O:                           Encountered       Discovered Cleared/Enqueued 
[108.281s][info][gc,ref] GC(46) O: Soft References:                  238                0                0 
[108.281s][info][gc,ref] GC(46) O: Weak References:                 1014              823                0 
[108.281s][info][gc,ref] GC(46) O: Weak (No Queue):                    3                0                0 
[108.281s][info][gc,ref] GC(46) O: Weak Fields:                        0                0                0 
[108.281s][info][gc,ref] GC(46) O: Final References:                   0                0                0 
[108.281s][info][gc,ref] GC(46) O: Phantom References:                 1                0                0 
[108.806s][info][gc,ref] GC(47) O:                           Encountered       Discovered Cleared/Enqueued 
[108.806s][info][gc,ref] GC(47) O: Soft References:                  238                0                0 
[108.806s][info][gc,ref] GC(47) O: Weak References:                 1014              824                0 
[108.806s][info][gc,ref] GC(47) O: Weak (No Queue):                    3                2                0 
[108.806s][info][gc,ref] GC(47) O: Weak Fields:                        0                0                0 
[108.806s][info][gc,ref] GC(47) O: Final References:                   0                0                0 
[108.806s][info][gc,ref] GC(47) O: Phantom References:                 1                1                0 
[108.842s][info][gc,stats] === Garbage Collection Statistics =======================================================================================================================
[108.842s][info][gc,stats]                                                              Last 10s              Last 10m              Last 10h                Total
[108.842s][info][gc,stats]                                                              Avg / Max             Avg / Max             Avg / Max             Avg / Max
[108.842s][info][gc,stats]        Contention: Mark Segment Reset Contention                     0 / 0                 0 / 16                0 / 16                0 / 16          ops/s
[108.842s][info][gc,stats]        Contention: Mark SeqNum Reset Contention                      0 / 0                 0 / 4                 0 / 4                 0 / 4           ops/s
[108.842s][info][gc,stats]          Critical: Allocation Stall                                  0 / 0                 0 / 0                 0 / 0                 0 / 0           ops/s
[108.842s][info][gc,stats]          Critical: Allocation Stall                              0.000 / 0.000         0.000 / 0.000         0.000 / 0.000         0.000 / 0.000       ms
[108.842s][info][gc,stats]          Critical: JNI Critical Stall                                0 / 0                 0 / 0                 0 / 0                 0 / 0           ops/s
[108.842s][info][gc,stats]          Critical: JNI Critical Stall                            0.000 / 0.000         0.000 / 0.000         0.000 / 0.000         0.000 / 0.000       ms
[108.842s][info][gc,stats]          Critical: Relocation Stall                                  0 / 0                 0 / 0                 0 / 0                 0 / 0           ops/s
[108.842s][info][gc,stats]          Critical: Relocation Stall                              0.000 / 0.000         0.000 / 0.000         0.000 / 0.000         0.000 / 0.000       ms
[108.842s][info][gc,stats]  Major Collection: Major Collection                            941.481 / 5528.074   1733.547 / 6769.828   1733.547 / 6769.828   1733.547 / 6769.828    ms
[108.842s][info][gc,stats]            Memory: Allocation Rate                                   1 / 14              188 / 5638            188 / 5638            188 / 5638        MB/s
[108.842s][info][gc,stats]            Memory: Defragment                                        0 / 0                 0 / 0                 0 / 0                 0 / 0           ops/s
[108.842s][info][gc,stats]            Memory: Mapped Cache Harvest                              0 / 0                 0 / 0                 0 / 0                 0 / 0           MB/s
[108.842s][info][gc,stats]            Memory: Out Of Memory                                     0 / 0                 0 / 0                 0 / 0                 0 / 0           ops/s
[108.842s][info][gc,stats]            Memory: Uncommit                                          0 / 0                 0 / 0                 0 / 0                 0 / 0           MB/s
[108.842s][info][gc,stats]            Memory: Undo Object Allocation Failed                     0 / 0                 0 / 0                 0 / 0                 0 / 0           ops/s
[108.842s][info][gc,stats]            Memory: Undo Object Allocation Succeeded                  0 / 1                 0 / 1                 0 / 1                 0 / 1           ops/s
[108.842s][info][gc,stats]            Memory: Undo Page Allocation                              0 / 0                 0 / 0                 0 / 0                 0 / 0           ops/s
[108.842s][info][gc,stats]  Minor Collection: Minor Collection                              0.000 / 0.000         0.000 / 0.000         0.000 / 0.000         0.000 / 0.000       ms
[108.842s][info][gc,stats]    Old Generation: Old Generation                              927.433 / 5461.619   1164.010 / 6651.960   1164.010 / 6651.960   1164.010 / 6651.960    ms
[108.842s][info][gc,stats]         Old Pause: Pause Mark End                                0.012 / 0.016         0.012 / 0.017         0.012 / 0.017         0.012 / 0.017       ms
[108.842s][info][gc,stats]         Old Pause: Pause Relocate Start                          0.011 / 0.025         0.011 / 0.028         0.011 / 0.028         0.011 / 0.028       ms
[108.842s][info][gc,stats]         Old Phase: Concurrent Mark                             827.831 / 4615.462    951.564 / 5270.359    951.564 / 5270.359    951.564 / 5270.359    ms
[108.842s][info][gc,stats]         Old Phase: Concurrent Mark Continue                      0.000 / 0.000         0.000 / 0.000         0.000 / 0.000         0.000 / 0.000       ms
[108.842s][info][gc,stats]         Old Phase: Concurrent Mark Free                          0.004 / 0.005         0.004 / 0.006         0.004 / 0.006         0.004 / 0.006       ms
[108.842s][info][gc,stats]         Old Phase: Concurrent Process Non-Strong                31.020 / 273.274      70.737 / 679.714      70.737 / 679.714      70.737 / 679.714     ms
[108.842s][info][gc,stats]         Old Phase: Concurrent Relocate                          59.344 / 519.417     110.278 / 798.322     110.278 / 798.322     110.278 / 798.322     ms
[108.842s][info][gc,stats]         Old Phase: Concurrent Remap Roots                        3.387 / 26.947       20.295 / 101.899      20.295 / 101.899      20.295 / 101.899     ms
[108.842s][info][gc,stats]         Old Phase: Concurrent Reset Relocation Set               0.025 / 0.144         0.019 / 0.163         0.019 / 0.163         0.019 / 0.163       ms
[108.842s][info][gc,stats]         Old Phase: Concurrent Select Relocation Set              5.607 / 26.052       10.848 / 92.979       10.848 / 92.979       10.848 / 92.979      ms
[108.842s][info][gc,stats]      Old Subphase: Concurrent Classes Purge                      0.005 / 0.007         0.071 / 2.255         0.071 / 2.255         0.071 / 2.255       ms
[108.842s][info][gc,stats]      Old Subphase: Concurrent Classes Unlink                     0.184 / 0.276         1.128 / 1.786         1.128 / 1.786         1.128 / 1.786       ms
[108.842s][info][gc,stats]      Old Subphase: Concurrent Mark Follow                      827.661 / 4615.254    951.395 / 5270.242    951.395 / 5270.242    951.395 / 5270.242    ms
[108.842s][info][gc,stats]      Old Subphase: Concurrent Mark Root Colored                  0.047 / 0.201         0.033 / 0.201         0.033 / 0.201         0.033 / 0.201       ms
[108.842s][info][gc,stats]      Old Subphase: Concurrent Mark Root Uncolored                0.018 / 0.034         0.032 / 0.275         0.032 / 0.275         0.032 / 0.275       ms
[108.842s][info][gc,stats]      Old Subphase: Concurrent Mark Roots                         0.163 / 0.283         0.166 / 0.311         0.166 / 0.311         0.166 / 0.311       ms
[108.842s][info][gc,stats]      Old Subphase: Concurrent References Enqueue                 0.001 / 0.003         0.001 / 0.005         0.001 / 0.005         0.001 / 0.005       ms
[108.842s][info][gc,stats]      Old Subphase: Concurrent References Process                30.388 / 272.419      69.091 / 677.382      69.091 / 677.382      69.091 / 677.382     ms
[108.842s][info][gc,stats]      Old Subphase: Concurrent Remap Remembered                   3.219 / 26.638       15.945 / 101.261      15.945 / 101.261      15.945 / 101.261     ms
[108.842s][info][gc,stats]      Old Subphase: Concurrent Remap Roots Colored                0.065 / 0.127         0.146 / 0.525         0.146 / 0.525         0.146 / 0.525       ms
[108.842s][info][gc,stats]      Old Subphase: Concurrent Remap Roots Uncolored              0.023 / 0.035         0.169 / 0.314         0.169 / 0.314         0.169 / 0.314       ms
[108.842s][info][gc,stats]      Old Subphase: Concurrent Roots ClassLoaderDataGraph         0.042 / 0.193         0.090 / 0.487         0.090 / 0.487         0.090 / 0.487       ms
[108.842s][info][gc,stats]      Old Subphase: Concurrent Roots CodeCache                    0.023 / 0.031         0.168 / 0.311         0.168 / 0.311         0.168 / 0.311       ms
[108.842s][info][gc,stats]      Old Subphase: Concurrent Roots JavaThreads                  0.008 / 0.034         0.012 / 0.274         0.012 / 0.274         0.012 / 0.274       ms
[108.842s][info][gc,stats]      Old Subphase: Concurrent Roots OopStorageSet                0.003 / 0.011         0.004 / 0.021         0.004 / 0.021         0.004 / 0.021       ms
[108.842s][info][gc,stats]      Old Subphase: Concurrent Weak Roots OopStorageSet           0.089 / 0.185         0.092 / 0.281         0.092 / 0.281         0.092 / 0.281       ms
[108.842s][info][gc,stats]            System: Java Threads                                     11 / 11               11 / 13               11 / 13               11 / 13          threads
[108.842s][info][gc,stats]  Young Generation: Young Generation                              7.397 / 37.880      569.434 / 4100.661    569.434 / 4100.661    569.434 / 4100.661    ms
[108.842s][info][gc,stats]  Young Generation: Young Generation                              0.000 / 0.000         0.000 / 0.000         0.000 / 0.000         0.000 / 0.000       ms
[108.842s][info][gc,stats]  Young Generation: Young Generation (Collect Roots)              0.000 / 0.000         0.000 / 0.000         0.000 / 0.000         0.000 / 0.000       ms
[108.842s][info][gc,stats]  Young Generation: Young Generation (Promote All)                0.000 / 0.000         0.000 / 0.000         0.000 / 0.000         0.000 / 0.000       ms
[108.842s][info][gc,stats]       Young Pause: Pause Mark End                                0.011 / 0.016         0.011 / 0.016         0.011 / 0.016         0.011 / 0.016       ms
[108.842s][info][gc,stats]       Young Pause: Pause Mark Start                              0.000 / 0.000         0.000 / 0.000         0.000 / 0.000         0.000 / 0.000       ms
[108.842s][info][gc,stats]       Young Pause: Pause Mark Start (Major)                      0.015 / 0.017         0.016 / 0.037         0.016 / 0.037         0.016 / 0.037       ms
[108.842s][info][gc,stats]       Young Pause: Pause Relocate Start                          0.006 / 0.007         0.008 / 0.022         0.008 / 0.022         0.008 / 0.022       ms
[108.842s][info][gc,stats]       Young Phase: Concurrent Mark                               6.491 / 35.665      509.286 / 3689.438    509.286 / 3689.438    509.286 / 3689.438    ms
[108.842s][info][gc,stats]       Young Phase: Concurrent Mark Continue                      0.000 / 0.000         0.000 / 0.000         0.000 / 0.000         0.000 / 0.000       ms
[108.842s][info][gc,stats]       Young Phase: Concurrent Mark Free                          0.001 / 0.001         0.002 / 0.008         0.002 / 0.008         0.002 / 0.008       ms
[108.842s][info][gc,stats]       Young Phase: Concurrent Relocate                           0.053 / 0.151        34.266 / 321.457      34.266 / 321.457      34.266 / 321.457     ms
[108.842s][info][gc,stats]       Young Phase: Concurrent Reset Relocation Set               0.000 / 0.000         0.105 / 1.746         0.105 / 1.746         0.105 / 1.746       ms
[108.842s][info][gc,stats]       Young Phase: Concurrent Select Relocation Set              0.371 / 0.724        25.288 / 261.847      25.288 / 261.847      25.288 / 261.847     ms
[108.842s][info][gc,stats]    Young Subphase: Concurrent Mark Follow                        5.504 / 34.497      508.110 / 3688.198    508.110 / 3688.198    508.110 / 3688.198    ms
[108.842s][info][gc,stats]    Young Subphase: Concurrent Mark Root Colored                  0.737 / 0.955         0.784 / 1.245         0.784 / 1.245         0.784 / 1.245       ms
[108.842s][info][gc,stats]    Young Subphase: Concurrent Mark Root Uncolored                0.053 / 0.062         0.213 / 0.385         0.213 / 0.385         0.213 / 0.385       ms
[108.842s][info][gc,stats]    Young Subphase: Concurrent Mark Roots                         0.985 / 1.164         1.174 / 1.460         1.174 / 1.460         1.174 / 1.460       ms
[108.842s][info][gc,stats]    Young Subphase: Concurrent Relocate Remset FP                 0.025 / 0.127        33.972 / 321.140      33.972 / 321.140      33.972 / 321.140     ms
[108.842s][info][gc,stats]    Young Subphase: Concurrent Roots ClassLoaderDataGraph         0.609 / 0.709         0.627 / 0.748         0.627 / 0.748         0.627 / 0.748       ms
[108.842s][info][gc,stats]    Young Subphase: Concurrent Roots CodeCache                    0.025 / 0.029         0.180 / 0.281         0.180 / 0.281         0.180 / 0.281       ms
[108.842s][info][gc,stats]    Young Subphase: Concurrent Roots JavaThreads                  0.014 / 0.040         0.019 / 0.385         0.019 / 0.385         0.019 / 0.385       ms
[108.842s][info][gc,stats]    Young Subphase: Concurrent Roots OopStorageSet                0.008 / 0.012         0.063 / 1.235         0.063 / 1.235         0.063 / 1.235       ms
[108.842s][info][gc,stats]    Young Subphase: Concurrent Weak Roots OopStorageSet           0.123 / 0.232         0.135 / 0.289         0.135 / 0.289         0.135 / 0.289       ms
[108.842s][info][gc,stats] =========================================================================================================================================================
