
=== RUN 64/80 (GA clear_path_only) ===

[0.029s][info][gc,ref] Reference Processor created, Macros: ZUseSeparateDiscoveredLists=0, ZUseDynamicArray=0, ZUseOptimisedClearPath=1
[1.834s][info][gc,ref] GC(0) O:                           Encountered       Discovered Cleared/Enqueued 
[1.834s][info][gc,ref] GC(0) O: Soft References:                    0                0                0 
[1.834s][info][gc,ref] GC(0) O: Weak References:                    0                0                0 
[1.834s][info][gc,ref] GC(0) O: Weak (No Queue):                    0                0                0 
[1.834s][info][gc,ref] GC(0) O: Weak Fields:                        0                0                0 
[1.834s][info][gc,ref] GC(0) O: Final References:                   0                0                0 
[1.834s][info][gc,ref] GC(0) O: Phantom References:                 0                0                0 
[2.348s][info][gc,ref] GC(1) O:                           Encountered       Discovered Cleared/Enqueued 
[2.348s][info][gc,ref] GC(1) O: Soft References:                  148                0                0 
[2.348s][info][gc,ref] GC(1) O: Weak References:                  605                0                0 
[2.348s][info][gc,ref] GC(1) O: Weak (No Queue):                    3                0                0 
[2.348s][info][gc,ref] GC(1) O: Weak Fields:                        0                0                0 
[2.348s][info][gc,ref] GC(1) O: Final References:                   0                0                0 
[2.348s][info][gc,ref] GC(1) O: Phantom References:                 1                0                0 
[2.879s][info][gc,ref] GC(2) O:                           Encountered       Discovered Cleared/Enqueued 
[2.879s][info][gc,ref] GC(2) O: Soft References:                  164                0                0 
[2.879s][info][gc,ref] GC(2) O: Weak References:                  877                0                0 
[2.879s][info][gc,ref] GC(2) O: Weak (No Queue):                    3                0                0 
[2.879s][info][gc,ref] GC(2) O: Weak Fields:                        0                0                0 
[2.879s][info][gc,ref] GC(2) O: Final References:                   0                0                0 
[2.879s][info][gc,ref] GC(2) O: Phantom References:                 1                0                0 
WeakRefMultiObjectBenchmark: objects=7340009 minSize=509 maxSize=1097 sleepMillis=3000 iterations=3

=== Iteration 1 ===
Phase 1: Allocating references and objects...
[3.421s][info][gc,ref] GC(3) O:                           Encountered       Discovered Cleared/Enqueued 
[3.421s][info][gc,ref] GC(3) O: Soft References:                  238                0                0 
[3.421s][info][gc,ref] GC(3) O: Weak References:                 1349              343              129 
[3.421s][info][gc,ref] GC(3) O: Weak (No Queue):                    3                3                0 
[3.421s][info][gc,ref] GC(3) O: Weak Fields:                        0                0                0 
[3.421s][info][gc,ref] GC(3) O: Final References:                   0                0                0 
[3.421s][info][gc,ref] GC(3) O: Phantom References:                 1                1                0 
[4.130s][info][gc,ref] GC(4) O:                           Encountered       Discovered Cleared/Enqueued 
[4.130s][info][gc,ref] GC(4) O: Soft References:                  238                0                0 
[4.130s][info][gc,ref] GC(4) O: Weak References:                 1220              335               77 
[4.130s][info][gc,ref] GC(4) O: Weak (No Queue):                    3                0                0 
[4.130s][info][gc,ref] GC(4) O: Weak Fields:                        0                0                0 
[4.130s][info][gc,ref] GC(4) O: Final References:                   0                0                0 
[4.130s][info][gc,ref] GC(4) O: Phantom References:                 1                1                0 
[5.478s][info][gc,ref] GC(5) O:                           Encountered       Discovered Cleared/Enqueued 
[5.479s][info][gc,ref] GC(5) O: Soft References:                  238                0                0 
[5.479s][info][gc,ref] GC(5) O: Weak References:               368144              133              129 
[5.479s][info][gc,ref] GC(5) O: Weak (No Queue):               959032                3                0 
[5.479s][info][gc,ref] GC(5) O: Weak Fields:                        0                0                0 
[5.479s][info][gc,ref] GC(5) O: Final References:                   0                0                0 
[5.479s][info][gc,ref] GC(5) O: Phantom References:                 1                1                0 
Allocated 7340009 objects in 4.40 seconds
Phase 2: Sleeping for 3000 ms...
[8.433s][info][gc,ref] GC(6) O:                           Encountered       Discovered Cleared/Enqueued 
[8.433s][info][gc,ref] GC(6) O: Soft References:                  238                0                0 
[8.433s][info][gc,ref] GC(6) O: Weak References:               368015              721                0 
[8.433s][info][gc,ref] GC(6) O: Weak (No Queue):              3751336                3                0 
[8.433s][info][gc,ref] GC(6) O: Weak Fields:                        0                0                0 
[8.433s][info][gc,ref] GC(6) O: Final References:                   0                0                0 
[8.433s][info][gc,ref] GC(6) O: Phantom References:                 1                1                0 
Phase 3.1: Clearing strong references...
Cleared 1468002 strong references, 5872007 remaining
Waiting 3000 ms...
[13.469s][info][gc,ref] GC(7) O:                           Encountered       Discovered Cleared/Enqueued 
[13.469s][info][gc,ref] GC(7) O: Soft References:                  238                0                0 
[13.469s][info][gc,ref] GC(7) O: Weak References:               368015           104314                0 
[13.469s][info][gc,ref] GC(7) O: Weak (No Queue):              6973011           270570                0 
[13.469s][info][gc,ref] GC(7) O: Weak Fields:                        0                0                0 
[13.469s][info][gc,ref] GC(7) O: Final References:                   0                0                0 
[13.469s][info][gc,ref] GC(7) O: Phantom References:                 1                1                0 
Phase 3.2: Clearing strong references...
Cleared 1468002 strong references, 4404005 remaining
Waiting 3000 ms...
Phase 3.3: Clearing strong references...
Cleared 1468002 strong references, 2936003 remaining
Waiting 3000 ms...
[19.502s][info][gc,ref] GC(8) O:                           Encountered       Discovered Cleared/Enqueued 
[19.503s][info][gc,ref] GC(8) O: Soft References:                  238                0                0 
[19.503s][info][gc,ref] GC(8) O: Weak References:               368015           168701            73247 
[19.503s][info][gc,ref] GC(8) O: Weak (No Queue):              6973011          1722564           750269 
[19.503s][info][gc,ref] GC(8) O: Weak Fields:                        0                0                0 
[19.503s][info][gc,ref] GC(8) O: Final References:                   0                0                0 
[19.503s][info][gc,ref] GC(8) O: Phantom References:                 1                1                0 
Phase 3.4: Clearing strong references...
Cleared 1468002 strong references, 1468001 remaining
Waiting 3000 ms...
Phase 3.5: Clearing strong references...
Cleared 1468001 strong references, 0 remaining
Waiting 3000 ms...
[26.807s][info][gc,ref] GC(9) O:                           Encountered       Discovered Cleared/Enqueued 
[26.807s][info][gc,ref] GC(9) O: Soft References:                  238                0                0 
[26.807s][info][gc,ref] GC(9) O: Weak References:               294768           280042           146224 
[26.807s][info][gc,ref] GC(9) O: Weak (No Queue):              6222742          5944533          3434266 
[26.807s][info][gc,ref] GC(9) O: Weak Fields:                        0                0                0 
[26.807s][info][gc,ref] GC(9) O: Final References:                   0                0                0 
[26.807s][info][gc,ref] GC(9) O: Phantom References:                 1                1                0 
Waiting 6000 ms...
[32.796s][info][gc,ref] GC(10) O:                           Encountered       Discovered Cleared/Enqueued 
[32.796s][info][gc,ref] GC(10) O: Soft References:                  238                0                0 
[32.796s][info][gc,ref] GC(10) O: Weak References:               148544           148488           147530 
[32.796s][info][gc,ref] GC(10) O: Weak (No Queue):              2788476          2788476          2788473 
[32.796s][info][gc,ref] GC(10) O: Weak Fields:                        0                0                0 
[32.796s][info][gc,ref] GC(10) O: Final References:                   0                0                0 
[32.796s][info][gc,ref] GC(10) O: Phantom References:                 1                1                0 
Phase 4: Final weak reference checks...
Final count of alive weak references: 0
References enqueued in ReferenceQueue: 367001
Cooling down for 5 seconds...
[36.176s][info][gc,ref] GC(11) O:                           Encountered       Discovered Cleared/Enqueued 
[36.176s][info][gc,ref] GC(11) O: Soft References:                  238                0                0 
[36.176s][info][gc,ref] GC(11) O: Weak References:                 1014              669                0 
[36.176s][info][gc,ref] GC(11) O: Weak (No Queue):                    3                3                0 
[36.176s][info][gc,ref] GC(11) O: Weak Fields:                        0                0                0 
[36.176s][info][gc,ref] GC(11) O: Final References:                   0                0                0 
[36.176s][info][gc,ref] GC(11) O: Phantom References:                 1                1                0 
[36.723s][info][gc,ref] GC(12) O:                           Encountered       Discovered Cleared/Enqueued 
[36.723s][info][gc,ref] GC(12) O: Soft References:                  238                0                0 
[36.723s][info][gc,ref] GC(12) O: Weak References:                 1014              774                0 
[36.723s][info][gc,ref] GC(12) O: Weak (No Queue):                    3                3                0 
[36.723s][info][gc,ref] GC(12) O: Weak Fields:                        0                0                0 
[36.723s][info][gc,ref] GC(12) O: Final References:                   0                0                0 
[36.723s][info][gc,ref] GC(12) O: Phantom References:                 1                1                0 
[37.256s][info][gc,ref] GC(13) O:                           Encountered       Discovered Cleared/Enqueued 
[37.256s][info][gc,ref] GC(13) O: Soft References:                  238                0                0 
[37.256s][info][gc,ref] GC(13) O: Weak References:                 1014              775                0 
[37.256s][info][gc,ref] GC(13) O: Weak (No Queue):                    3                3                0 
[37.256s][info][gc,ref] GC(13) O: Weak Fields:                        0                0                0 
[37.256s][info][gc,ref] GC(13) O: Final References:                   0                0                0 
[37.256s][info][gc,ref] GC(13) O: Phantom References:                 1                1                0 
[37.790s][info][gc,ref] GC(14) O:                           Encountered       Discovered Cleared/Enqueued 
[37.790s][info][gc,ref] GC(14) O: Soft References:                  238                0                0 
[37.790s][info][gc,ref] GC(14) O: Weak References:                 1014              824                0 
[37.790s][info][gc,ref] GC(14) O: Weak (No Queue):                    3                1                0 
[37.790s][info][gc,ref] GC(14) O: Weak Fields:                        0                0                0 
[37.790s][info][gc,ref] GC(14) O: Final References:                   0                0                0 
[37.790s][info][gc,ref] GC(14) O: Phantom References:                 1                1                0 
[38.314s][info][gc,ref] GC(15) O:                           Encountered       Discovered Cleared/Enqueued 
[38.314s][info][gc,ref] GC(15) O: Soft References:                  238                0                0 
[38.314s][info][gc,ref] GC(15) O: Weak References:                 1014              824                0 
[38.314s][info][gc,ref] GC(15) O: Weak (No Queue):                    3                3                0 
[38.314s][info][gc,ref] GC(15) O: Weak Fields:                        0                0                0 
[38.314s][info][gc,ref] GC(15) O: Final References:                   0                0                0 
[38.314s][info][gc,ref] GC(15) O: Phantom References:                 1                1                0 
[38.839s][info][gc,ref] GC(16) O:                           Encountered       Discovered Cleared/Enqueued 
[38.839s][info][gc,ref] GC(16) O: Soft References:                  238                0                0 
[38.839s][info][gc,ref] GC(16) O: Weak References:                 1014              774                0 
[38.839s][info][gc,ref] GC(16) O: Weak (No Queue):                    3                1                0 
[38.839s][info][gc,ref] GC(16) O: Weak Fields:                        0                0                0 
[38.839s][info][gc,ref] GC(16) O: Final References:                   0                0                0 
[38.839s][info][gc,ref] GC(16) O: Phantom References:                 1                1                0 
[39.367s][info][gc,ref] GC(17) O:                           Encountered       Discovered Cleared/Enqueued 
[39.367s][info][gc,ref] GC(17) O: Soft References:                  238                0                0 
[39.367s][info][gc,ref] GC(17) O: Weak References:                 1014              649                0 
[39.367s][info][gc,ref] GC(17) O: Weak (No Queue):                    3                3                0 
[39.367s][info][gc,ref] GC(17) O: Weak Fields:                        0                0                0 
[39.367s][info][gc,ref] GC(17) O: Final References:                   0                0                0 
[39.367s][info][gc,ref] GC(17) O: Phantom References:                 1                1                0 
[39.903s][info][gc,ref] GC(18) O:                           Encountered       Discovered Cleared/Enqueued 
[39.903s][info][gc,ref] GC(18) O: Soft References:                  238                0                0 
[39.903s][info][gc,ref] GC(18) O: Weak References:                 1014              649                0 
[39.903s][info][gc,ref] GC(18) O: Weak (No Queue):                    3                3                0 
[39.903s][info][gc,ref] GC(18) O: Weak Fields:                        0                0                0 
[39.903s][info][gc,ref] GC(18) O: Final References:                   0                0                0 
[39.903s][info][gc,ref] GC(18) O: Phantom References:                 1                1                0 

=== Iteration 2 ===
Phase 1: Allocating references and objects...
[40.449s][info][gc,ref] GC(19) O:                           Encountered       Discovered Cleared/Enqueued 
[40.449s][info][gc,ref] GC(19) O: Soft References:                  238                0                0 
[40.449s][info][gc,ref] GC(19) O: Weak References:                 1014              775                0 
[40.449s][info][gc,ref] GC(19) O: Weak (No Queue):                    3                3                0 
[40.449s][info][gc,ref] GC(19) O: Weak Fields:                        0                0                0 
[40.449s][info][gc,ref] GC(19) O: Final References:                   0                0                0 
[40.449s][info][gc,ref] GC(19) O: Phantom References:                 1                1                0 
Allocated 7340009 objects in 1.92 seconds
Phase 2: Sleeping for 3000 ms...
[42.899s][info][gc,ref] GC(20) O:                           Encountered       Discovered Cleared/Enqueued 
[42.899s][info][gc,ref] GC(20) O: Soft References:                  238                0                0 
[42.899s][info][gc,ref] GC(20) O: Weak References:               368015              678                0 
[42.899s][info][gc,ref] GC(20) O: Weak (No Queue):               765589                3                0 
[42.899s][info][gc,ref] GC(20) O: Weak Fields:                        0                0                0 
[42.899s][info][gc,ref] GC(20) O: Final References:                   0                0                0 
[42.899s][info][gc,ref] GC(20) O: Phantom References:                 1                1                0 
Phase 3.1: Clearing strong references...
Cleared 1468002 strong references, 5872007 remaining
Waiting 3000 ms...
[47.470s][info][gc,ref] GC(21) O:                           Encountered       Discovered Cleared/Enqueued 
[47.470s][info][gc,ref] GC(21) O: Soft References:                  238                0                0 
[47.470s][info][gc,ref] GC(21) O: Weak References:               368015              764                0 
[47.470s][info][gc,ref] GC(21) O: Weak (No Queue):              6973011                3                0 
[47.470s][info][gc,ref] GC(21) O: Weak Fields:                        0                0                0 
[47.470s][info][gc,ref] GC(21) O: Final References:                   0                0                0 
[47.470s][info][gc,ref] GC(21) O: Phantom References:                 1                1                0 
Phase 3.2: Clearing strong references...
Cleared 1468002 strong references, 4404005 remaining
Waiting 3000 ms...
Phase 3.3: Clearing strong references...
Cleared 1468002 strong references, 2936003 remaining
Waiting 3000 ms...
[52.681s][info][gc,ref] GC(22) O:                           Encountered       Discovered Cleared/Enqueued 
[52.681s][info][gc,ref] GC(22) O: Soft References:                  238                0                0 
[52.681s][info][gc,ref] GC(22) O: Weak References:               368015           294334            73177 
[52.681s][info][gc,ref] GC(22) O: Weak (No Queue):              6973011           613581           153078 
[52.681s][info][gc,ref] GC(22) O: Weak Fields:                        0                0                0 
[52.681s][info][gc,ref] GC(22) O: Final References:                   0                0                0 
[52.681s][info][gc,ref] GC(22) O: Phantom References:                 1                1                0 
Phase 3.4: Clearing strong references...
Cleared 1468002 strong references, 1468001 remaining
Waiting 3000 ms...
Phase 3.5: Clearing strong references...
Cleared 1468001 strong references, 0 remaining
Waiting 3000 ms...
[59.333s][info][gc,ref] GC(23) O:                           Encountered       Discovered Cleared/Enqueued 
[59.333s][info][gc,ref] GC(23) O: Soft References:                  238                0                0 
[59.333s][info][gc,ref] GC(23) O: Weak References:               294838           259024           146623 
[59.333s][info][gc,ref] GC(23) O: Weak (No Queue):              6819933          6140649          4031128 
[59.333s][info][gc,ref] GC(23) O: Weak Fields:                        0                0                0 
[59.333s][info][gc,ref] GC(23) O: Final References:                   0                0                0 
[59.333s][info][gc,ref] GC(23) O: Phantom References:                 1                1                0 
Waiting 6000 ms...
[65.390s][info][gc,ref] GC(24) O:                           Encountered       Discovered Cleared/Enqueued 
[65.390s][info][gc,ref] GC(24) O: Soft References:                  238                0                0 
[65.390s][info][gc,ref] GC(24) O: Weak References:               148215           148159           147201 
[65.390s][info][gc,ref] GC(24) O: Weak (No Queue):              2788805          2788802          2788802 
[65.390s][info][gc,ref] GC(24) O: Weak Fields:                        0                0                0 
[65.390s][info][gc,ref] GC(24) O: Final References:                   0                0                0 
[65.390s][info][gc,ref] GC(24) O: Phantom References:                 1                0                0 
Phase 4: Final weak reference checks...
Final count of alive weak references: 0
References enqueued in ReferenceQueue: 367001
Cooling down for 5 seconds...
[69.420s][info][gc,ref] GC(25) O:                           Encountered       Discovered Cleared/Enqueued 
[69.420s][info][gc,ref] GC(25) O: Soft References:                  238                0                0 
[69.420s][info][gc,ref] GC(25) O: Weak References:                 1014              958                0 
[69.420s][info][gc,ref] GC(25) O: Weak (No Queue):                    3                3                0 
[69.420s][info][gc,ref] GC(25) O: Weak Fields:                        0                0                0 
[69.420s][info][gc,ref] GC(25) O: Final References:                   0                0                0 
[69.420s][info][gc,ref] GC(25) O: Phantom References:                 1                1                0 
[69.959s][info][gc,ref] GC(26) O:                           Encountered       Discovered Cleared/Enqueued 
[69.959s][info][gc,ref] GC(26) O: Soft References:                  238                0                0 
[69.959s][info][gc,ref] GC(26) O: Weak References:                 1014              814                0 
[69.959s][info][gc,ref] GC(26) O: Weak (No Queue):                    3                3                0 
[69.959s][info][gc,ref] GC(26) O: Weak Fields:                        0                0                0 
[69.959s][info][gc,ref] GC(26) O: Final References:                   0                0                0 
[69.960s][info][gc,ref] GC(26) O: Phantom References:                 1                1                0 
[70.483s][info][gc,ref] GC(27) O:                           Encountered       Discovered Cleared/Enqueued 
[70.483s][info][gc,ref] GC(27) O: Soft References:                  238                0                0 
[70.483s][info][gc,ref] GC(27) O: Weak References:                 1014              666                0 
[70.483s][info][gc,ref] GC(27) O: Weak (No Queue):                    3                1                0 
[70.483s][info][gc,ref] GC(27) O: Weak Fields:                        0                0                0 
[70.483s][info][gc,ref] GC(27) O: Final References:                   0                0                0 
[70.483s][info][gc,ref] GC(27) O: Phantom References:                 1                1                0 
[71.007s][info][gc,ref] GC(28) O:                           Encountered       Discovered Cleared/Enqueued 
[71.007s][info][gc,ref] GC(28) O: Soft References:                  238                0                0 
[71.007s][info][gc,ref] GC(28) O: Weak References:                 1014              656                0 
[71.007s][info][gc,ref] GC(28) O: Weak (No Queue):                    3                0                0 
[71.007s][info][gc,ref] GC(28) O: Weak Fields:                        0                0                0 
[71.007s][info][gc,ref] GC(28) O: Final References:                   0                0                0 
[71.007s][info][gc,ref] GC(28) O: Phantom References:                 1                0                0 
[71.534s][info][gc,ref] GC(29) O:                           Encountered       Discovered Cleared/Enqueued 
[71.534s][info][gc,ref] GC(29) O: Soft References:                  238                0                0 
[71.534s][info][gc,ref] GC(29) O: Weak References:                 1014              639                0 
[71.534s][info][gc,ref] GC(29) O: Weak (No Queue):                    3                1                0 
[71.534s][info][gc,ref] GC(29) O: Weak Fields:                        0                0                0 
[71.534s][info][gc,ref] GC(29) O: Final References:                   0                0                0 
[71.534s][info][gc,ref] GC(29) O: Phantom References:                 1                0                0 
[72.056s][info][gc,ref] GC(30) O:                           Encountered       Discovered Cleared/Enqueued 
[72.056s][info][gc,ref] GC(30) O: Soft References:                  238                0                0 
[72.056s][info][gc,ref] GC(30) O: Weak References:                 1014              704                0 
[72.056s][info][gc,ref] GC(30) O: Weak (No Queue):                    3                1                0 
[72.056s][info][gc,ref] GC(30) O: Weak Fields:                        0                0                0 
[72.056s][info][gc,ref] GC(30) O: Final References:                   0                0                0 
[72.056s][info][gc,ref] GC(30) O: Phantom References:                 1                1                0 
[72.583s][info][gc,ref] GC(31) O:                           Encountered       Discovered Cleared/Enqueued 
[72.583s][info][gc,ref] GC(31) O: Soft References:                  238                0                0 
[72.583s][info][gc,ref] GC(31) O: Weak References:                 1014              848                0 
[72.583s][info][gc,ref] GC(31) O: Weak (No Queue):                    3                0                0 
[72.583s][info][gc,ref] GC(31) O: Weak Fields:                        0                0                0 
[72.583s][info][gc,ref] GC(31) O: Final References:                   0                0                0 
[72.583s][info][gc,ref] GC(31) O: Phantom References:                 1                0                0 
[73.112s][info][gc,ref] GC(32) O:                           Encountered       Discovered Cleared/Enqueued 
[73.112s][info][gc,ref] GC(32) O: Soft References:                  238                0                0 
[73.112s][info][gc,ref] GC(32) O: Weak References:                 1014              585                0 
[73.112s][info][gc,ref] GC(32) O: Weak (No Queue):                    3                1                0 
[73.112s][info][gc,ref] GC(32) O: Weak Fields:                        0                0                0 
[73.112s][info][gc,ref] GC(32) O: Final References:                   0                0                0 
[73.112s][info][gc,ref] GC(32) O: Phantom References:                 1                1                0 

=== Iteration 3 ===
Phase 1: Allocating references and objects...
[73.656s][info][gc,ref] GC(33) O:                           Encountered       Discovered Cleared/Enqueued 
[73.656s][info][gc,ref] GC(33) O: Soft References:                  238                0                0 
[73.656s][info][gc,ref] GC(33) O: Weak References:                 1014              854                0 
[73.656s][info][gc,ref] GC(33) O: Weak (No Queue):                    3                3                0 
[73.656s][info][gc,ref] GC(33) O: Weak Fields:                        0                0                0 
[73.656s][info][gc,ref] GC(33) O: Final References:                   0                0                0 
[73.656s][info][gc,ref] GC(33) O: Phantom References:                 1                1                0 
[74.361s][info][gc,ref] GC(34) O:                           Encountered       Discovered Cleared/Enqueued 
[74.361s][info][gc,ref] GC(34) O: Soft References:                  238                0                0 
[74.361s][info][gc,ref] GC(34) O: Weak References:                 1014              928                0 
[74.361s][info][gc,ref] GC(34) O: Weak (No Queue):                    3                3                0 
[74.361s][info][gc,ref] GC(34) O: Weak Fields:                        0                0                0 
[74.361s][info][gc,ref] GC(34) O: Final References:                   0                0                0 
[74.361s][info][gc,ref] GC(34) O: Phantom References:                 1                1                0 
Allocated 7340009 objects in 2.03 seconds
Phase 2: Sleeping for 3000 ms...
[76.651s][info][gc,ref] GC(35) O:                           Encountered       Discovered Cleared/Enqueued 
[76.651s][info][gc,ref] GC(35) O: Soft References:                  238                0                0 
[76.651s][info][gc,ref] GC(35) O: Weak References:               368015              958                0 
[76.651s][info][gc,ref] GC(35) O: Weak (No Queue):              2939333                3                0 
[76.651s][info][gc,ref] GC(35) O: Weak Fields:                        0                0                0 
[76.651s][info][gc,ref] GC(35) O: Final References:                   0                0                0 
[76.651s][info][gc,ref] GC(35) O: Phantom References:                 1                1                0 
Phase 3.1: Clearing strong references...
Cleared 1468002 strong references, 5872007 remaining
Waiting 3000 ms...
[81.939s][info][gc,ref] GC(36) O:                           Encountered       Discovered Cleared/Enqueued 
[81.939s][info][gc,ref] GC(36) O: Soft References:                  238                0                0 
[81.939s][info][gc,ref] GC(36) O: Weak References:               368015              958                0 
[81.939s][info][gc,ref] GC(36) O: Weak (No Queue):              6973011                3                0 
[81.939s][info][gc,ref] GC(36) O: Weak Fields:                        0                0                0 
[81.939s][info][gc,ref] GC(36) O: Final References:                   0                0                0 
[81.939s][info][gc,ref] GC(36) O: Phantom References:                 1                1                0 
Phase 3.2: Clearing strong references...
Cleared 1468002 strong references, 4404005 remaining
Waiting 3000 ms...
Phase 3.3: Clearing strong references...
Cleared 1468002 strong references, 2936003 remaining
Waiting 3000 ms...
[87.488s][info][gc,ref] GC(37) O:                           Encountered       Discovered Cleared/Enqueued 
[87.488s][info][gc,ref] GC(37) O: Soft References:                  238                0                0 
[87.488s][info][gc,ref] GC(37) O: Weak References:               368015           332772           147190 
[87.488s][info][gc,ref] GC(37) O: Weak (No Queue):              6973011          2654832          1175353 
[87.488s][info][gc,ref] GC(37) O: Weak Fields:                        0                0                0 
[87.488s][info][gc,ref] GC(37) O: Final References:                   0                0                0 
[87.488s][info][gc,ref] GC(37) O: Phantom References:                 1                1                0 
Phase 3.4: Clearing strong references...
Cleared 1468002 strong references, 1468001 remaining
Waiting 3000 ms...
Phase 3.5: Clearing strong references...
Cleared 1468001 strong references, 0 remaining
Waiting 3000 ms...
[94.510s][info][gc,ref] GC(38) O:                           Encountered       Discovered Cleared/Enqueued 
[94.510s][info][gc,ref] GC(38) O: Soft References:                  238                0                0 
[94.510s][info][gc,ref] GC(38) O: Weak References:               220825           193442            73200 
[94.510s][info][gc,ref] GC(38) O: Weak (No Queue):              5797658          5275720          3008263 
[94.510s][info][gc,ref] GC(38) O: Weak Fields:                        0                0                0 
[94.510s][info][gc,ref] GC(38) O: Final References:                   0                0                0 
[94.510s][info][gc,ref] GC(38) O: Phantom References:                 1                1                0 
Waiting 6000 ms...
[100.590s][info][gc,ref] GC(39) O:                           Encountered       Discovered Cleared/Enqueued 
[100.590s][info][gc,ref] GC(39) O: Soft References:                  238                0                0 
[100.590s][info][gc,ref] GC(39) O: Weak References:               147625           147569           146611 
[100.590s][info][gc,ref] GC(39) O: Weak (No Queue):              2789395          2789395          2789392 
[100.590s][info][gc,ref] GC(39) O: Weak Fields:                        0                0                0 
[100.590s][info][gc,ref] GC(39) O: Final References:                   0                0                0 
[100.590s][info][gc,ref] GC(39) O: Phantom References:                 1                1                0 
Phase 4: Final weak reference checks...
Final count of alive weak references: 0
References enqueued in ReferenceQueue: 367001
Cooling down for 5 seconds...
[103.865s][info][gc,ref] GC(40) O:                           Encountered       Discovered Cleared/Enqueued 
[103.865s][info][gc,ref] GC(40) O: Soft References:                  238                0                0 
[103.865s][info][gc,ref] GC(40) O: Weak References:                 1014              823                0 
[103.865s][info][gc,ref] GC(40) O: Weak (No Queue):                    3                0                0 
[103.865s][info][gc,ref] GC(40) O: Weak Fields:                        0                0                0 
[103.865s][info][gc,ref] GC(40) O: Final References:                   0                0                0 
[103.865s][info][gc,ref] GC(40) O: Phantom References:                 1                1                0 
[104.403s][info][gc,ref] GC(41) O:                           Encountered       Discovered Cleared/Enqueued 
[104.403s][info][gc,ref] GC(41) O: Soft References:                  238                0                0 
[104.403s][info][gc,ref] GC(41) O: Weak References:                 1014              708                0 
[104.403s][info][gc,ref] GC(41) O: Weak (No Queue):                    3                3                0 
[104.403s][info][gc,ref] GC(41) O: Weak Fields:                        0                0                0 
[104.403s][info][gc,ref] GC(41) O: Final References:                   0                0                0 
[104.403s][info][gc,ref] GC(41) O: Phantom References:                 1                1                0 
[104.938s][info][gc,ref] GC(42) O:                           Encountered       Discovered Cleared/Enqueued 
[104.938s][info][gc,ref] GC(42) O: Soft References:                  238                0                0 
[104.938s][info][gc,ref] GC(42) O: Weak References:                 1014              752                0 
[104.938s][info][gc,ref] GC(42) O: Weak (No Queue):                    3                1                0 
[104.938s][info][gc,ref] GC(42) O: Weak Fields:                        0                0                0 
[104.938s][info][gc,ref] GC(42) O: Final References:                   0                0                0 
[104.938s][info][gc,ref] GC(42) O: Phantom References:                 1                1                0 
[105.471s][info][gc,ref] GC(43) O:                           Encountered       Discovered Cleared/Enqueued 
[105.471s][info][gc,ref] GC(43) O: Soft References:                  238                0                0 
[105.471s][info][gc,ref] GC(43) O: Weak References:                 1014              777                0 
[105.471s][info][gc,ref] GC(43) O: Weak (No Queue):                    3                1                0 
[105.471s][info][gc,ref] GC(43) O: Weak Fields:                        0                0                0 
[105.471s][info][gc,ref] GC(43) O: Final References:                   0                0                0 
[105.471s][info][gc,ref] GC(43) O: Phantom References:                 1                0                0 
[105.999s][info][gc,ref] GC(44) O:                           Encountered       Discovered Cleared/Enqueued 
[105.999s][info][gc,ref] GC(44) O: Soft References:                  238                0                0 
[105.999s][info][gc,ref] GC(44) O: Weak References:                 1014              735                0 
[105.999s][info][gc,ref] GC(44) O: Weak (No Queue):                    3                3                0 
[105.999s][info][gc,ref] GC(44) O: Weak Fields:                        0                0                0 
[105.999s][info][gc,ref] GC(44) O: Final References:                   0                0                0 
[105.999s][info][gc,ref] GC(44) O: Phantom References:                 1                1                0 
[106.532s][info][gc,ref] GC(45) O:                           Encountered       Discovered Cleared/Enqueued 
[106.532s][info][gc,ref] GC(45) O: Soft References:                  238                0                0 
[106.532s][info][gc,ref] GC(45) O: Weak References:                 1014              726                0 
[106.532s][info][gc,ref] GC(45) O: Weak (No Queue):                    3                0                0 
[106.532s][info][gc,ref] GC(45) O: Weak Fields:                        0                0                0 
[106.532s][info][gc,ref] GC(45) O: Final References:                   0                0                0 
[106.532s][info][gc,ref] GC(45) O: Phantom References:                 1                1                0 
[107.057s][info][gc,ref] GC(46) O:                           Encountered       Discovered Cleared/Enqueued 
[107.057s][info][gc,ref] GC(46) O: Soft References:                  238                0                0 
[107.057s][info][gc,ref] GC(46) O: Weak References:                 1014              739                0 
[107.057s][info][gc,ref] GC(46) O: Weak (No Queue):                    3                3                0 
[107.057s][info][gc,ref] GC(46) O: Weak Fields:                        0                0                0 
[107.057s][info][gc,ref] GC(46) O: Final References:                   0                0                0 
[107.057s][info][gc,ref] GC(46) O: Phantom References:                 1                1                0 
[107.584s][info][gc,ref] GC(47) O:                           Encountered       Discovered Cleared/Enqueued 
[107.584s][info][gc,ref] GC(47) O: Soft References:                  238                0                0 
[107.584s][info][gc,ref] GC(47) O: Weak References:                 1014              694                0 
[107.584s][info][gc,ref] GC(47) O: Weak (No Queue):                    3                0                0 
[107.584s][info][gc,ref] GC(47) O: Weak Fields:                        0                0                0 
[107.584s][info][gc,ref] GC(47) O: Final References:                   0                0                0 
[107.584s][info][gc,ref] GC(47) O: Phantom References:                 1                0                0 
[108.110s][info][gc,ref] GC(48) O:                           Encountered       Discovered Cleared/Enqueued 
[108.110s][info][gc,ref] GC(48) O: Soft References:                  238                0                0 
[108.110s][info][gc,ref] GC(48) O: Weak References:                 1014              691                0 
[108.110s][info][gc,ref] GC(48) O: Weak (No Queue):                    3                1                0 
[108.110s][info][gc,ref] GC(48) O: Weak Fields:                        0                0                0 
[108.110s][info][gc,ref] GC(48) O: Final References:                   0                0                0 
[108.110s][info][gc,ref] GC(48) O: Phantom References:                 1                0                0 
[108.154s][info][gc,stats] === Garbage Collection Statistics =======================================================================================================================
[108.154s][info][gc,stats]                                                              Last 10s              Last 10m              Last 10h                Total
[108.154s][info][gc,stats]                                                              Avg / Max             Avg / Max             Avg / Max             Avg / Max
[108.154s][info][gc,stats]        Contention: Mark Segment Reset Contention                     0 / 0                 0 / 15                0 / 15                0 / 15          ops/s
[108.154s][info][gc,stats]        Contention: Mark SeqNum Reset Contention                      0 / 0                 0 / 7                 0 / 7                 0 / 7           ops/s
[108.154s][info][gc,stats]          Critical: Allocation Stall                                  0 / 0                 0 / 0                 0 / 0                 0 / 0           ops/s
[108.154s][info][gc,stats]          Critical: Allocation Stall                              0.000 / 0.000         0.000 / 0.000         0.000 / 0.000         0.000 / 0.000       ms
[108.154s][info][gc,stats]          Critical: JNI Critical Stall                                0 / 0                 0 / 0                 0 / 0                 0 / 0           ops/s
[108.154s][info][gc,stats]          Critical: JNI Critical Stall                            0.000 / 0.000         0.000 / 0.000         0.000 / 0.000         0.000 / 0.000       ms
[108.154s][info][gc,stats]          Critical: Relocation Stall                                  0 / 0                 0 / 0                 0 / 0                 0 / 0           ops/s
[108.154s][info][gc,stats]          Critical: Relocation Stall                              0.000 / 0.000         0.000 / 0.000         0.000 / 0.000         0.000 / 0.000       ms
[108.154s][info][gc,stats]  Major Collection: Major Collection                            947.710 / 5574.724   1709.385 / 6796.881   1709.385 / 6796.881   1709.385 / 6796.881    ms
[108.154s][info][gc,stats]            Memory: Allocation Rate                                   0 / 2               190 / 5748            190 / 5748            190 / 5748        MB/s
[108.154s][info][gc,stats]            Memory: Defragment                                        0 / 0                 0 / 0                 0 / 0                 0 / 0           ops/s
[108.154s][info][gc,stats]            Memory: Mapped Cache Harvest                              0 / 0                 0 / 0                 0 / 0                 0 / 0           MB/s
[108.154s][info][gc,stats]            Memory: Out Of Memory                                     0 / 0                 0 / 0                 0 / 0                 0 / 0           ops/s
[108.154s][info][gc,stats]            Memory: Uncommit                                          0 / 0                 0 / 0                 0 / 0                 0 / 0           MB/s
[108.154s][info][gc,stats]            Memory: Undo Object Allocation Failed                     0 / 0                 0 / 0                 0 / 0                 0 / 0           ops/s
[108.154s][info][gc,stats]            Memory: Undo Object Allocation Succeeded                  0 / 0                 0 / 1                 0 / 1                 0 / 1           ops/s
[108.154s][info][gc,stats]            Memory: Undo Page Allocation                              0 / 0                 0 / 0                 0 / 0                 0 / 0           ops/s
[108.154s][info][gc,stats]  Minor Collection: Minor Collection                              0.000 / 0.000         0.000 / 0.000         0.000 / 0.000         0.000 / 0.000       ms
[108.154s][info][gc,stats]    Old Generation: Old Generation                              928.753 / 5464.654   1150.984 / 6686.932   1150.984 / 6686.932   1150.984 / 6686.932    ms
[108.154s][info][gc,stats]         Old Pause: Pause Mark End                                0.011 / 0.016         0.012 / 0.017         0.012 / 0.017         0.012 / 0.017       ms
[108.155s][info][gc,stats]         Old Pause: Pause Relocate Start                          0.008 / 0.013         0.009 / 0.021         0.009 / 0.021         0.009 / 0.021       ms
[108.155s][info][gc,stats]         Old Phase: Concurrent Mark                             832.404 / 4636.881    937.232 / 5102.369    937.232 / 5102.369    937.232 / 5102.369    ms
[108.155s][info][gc,stats]         Old Phase: Concurrent Mark Continue                      0.000 / 0.000         0.000 / 0.000         0.000 / 0.000         0.000 / 0.000       ms
[108.155s][info][gc,stats]         Old Phase: Concurrent Mark Free                          0.004 / 0.006         0.004 / 0.006         0.004 / 0.006         0.004 / 0.006       ms
[108.155s][info][gc,stats]         Old Phase: Concurrent Process Non-Strong                31.743 / 280.525      75.801 / 721.517      75.801 / 721.517      75.801 / 721.517     ms
[108.155s][info][gc,stats]         Old Phase: Concurrent Relocate                          56.429 / 498.278     106.179 / 833.580     106.179 / 833.580     106.179 / 833.580     ms
[108.155s][info][gc,stats]         Old Phase: Concurrent Remap Roots                        2.976 / 23.672       21.055 / 101.382      21.055 / 101.382      21.055 / 101.382     ms
[108.155s][info][gc,stats]         Old Phase: Concurrent Reset Relocation Set               0.023 / 0.133         0.017 / 0.151         0.017 / 0.151         0.017 / 0.151       ms
[108.155s][info][gc,stats]         Old Phase: Concurrent Select Relocation Set              5.036 / 24.905       10.469 / 87.441       10.469 / 87.441       10.469 / 87.441      ms
[108.155s][info][gc,stats]      Old Subphase: Concurrent Classes Purge                      0.005 / 0.006         0.065 / 2.152         0.065 / 2.152         0.065 / 2.152       ms
[108.155s][info][gc,stats]      Old Subphase: Concurrent Classes Unlink                     0.204 / 0.261         0.816 / 1.585         0.816 / 1.585         0.816 / 1.585       ms
[108.155s][info][gc,stats]      Old Subphase: Concurrent Mark Follow                      832.273 / 4636.726    937.082 / 5102.207    937.082 / 5102.207    937.082 / 5102.207    ms
[108.155s][info][gc,stats]      Old Subphase: Concurrent Mark Root Colored                  0.043 / 0.099         0.033 / 0.111         0.033 / 0.111         0.033 / 0.111       ms
[108.155s][info][gc,stats]      Old Subphase: Concurrent Mark Root Uncolored                0.017 / 0.046         0.031 / 0.198         0.031 / 0.198         0.031 / 0.198       ms
[108.155s][info][gc,stats]      Old Subphase: Concurrent Mark Roots                         0.126 / 0.167         0.147 / 0.313         0.147 / 0.313         0.147 / 0.313       ms
[108.155s][info][gc,stats]      Old Subphase: Concurrent References Enqueue                 0.001 / 0.003         0.001 / 0.004         0.001 / 0.004         0.001 / 0.004       ms
[108.155s][info][gc,stats]      Old Subphase: Concurrent References Process                31.156 / 279.544      74.506 / 720.809      74.506 / 720.809      74.506 / 720.809     ms
[108.155s][info][gc,stats]      Old Subphase: Concurrent Remap Remembered                   2.819 / 23.352       16.616 / 101.006      16.616 / 101.006      16.616 / 101.006     ms
[108.155s][info][gc,stats]      Old Subphase: Concurrent Remap Roots Colored                0.053 / 0.090         0.152 / 0.516         0.152 / 0.516         0.152 / 0.516       ms
[108.155s][info][gc,stats]      Old Subphase: Concurrent Remap Roots Uncolored              0.022 / 0.039         0.122 / 0.348         0.122 / 0.348         0.122 / 0.348       ms
[108.155s][info][gc,stats]      Old Subphase: Concurrent Roots ClassLoaderDataGraph         0.037 / 0.088         0.097 / 0.491         0.097 / 0.491         0.097 / 0.491       ms
[108.155s][info][gc,stats]      Old Subphase: Concurrent Roots CodeCache                    0.022 / 0.036         0.121 / 0.343         0.121 / 0.343         0.121 / 0.343       ms
[108.155s][info][gc,stats]      Old Subphase: Concurrent Roots JavaThreads                  0.009 / 0.046         0.012 / 0.197         0.012 / 0.197         0.012 / 0.197       ms
[108.155s][info][gc,stats]      Old Subphase: Concurrent Roots OopStorageSet                0.004 / 0.022         0.005 / 0.025         0.005 / 0.025         0.005 / 0.025       ms
[108.155s][info][gc,stats]      Old Subphase: Concurrent Weak Roots OopStorageSet           0.086 / 0.182         0.087 / 0.229         0.087 / 0.229         0.087 / 0.229       ms
[108.155s][info][gc,stats]            System: Java Threads                                     11 / 11               11 / 13               11 / 13               11 / 13          threads
[108.155s][info][gc,stats]  Young Generation: Young Generation                              7.467 / 39.596      558.299 / 4271.970    558.299 / 4271.970    558.299 / 4271.970    ms
[108.155s][info][gc,stats]  Young Generation: Young Generation                              0.000 / 0.000         0.000 / 0.000         0.000 / 0.000         0.000 / 0.000       ms
[108.155s][info][gc,stats]  Young Generation: Young Generation (Collect Roots)              0.000 / 0.000         0.000 / 0.000         0.000 / 0.000         0.000 / 0.000       ms
[108.155s][info][gc,stats]  Young Generation: Young Generation (Promote All)                0.000 / 0.000         0.000 / 0.000         0.000 / 0.000         0.000 / 0.000       ms
[108.155s][info][gc,stats]       Young Pause: Pause Mark End                                0.009 / 0.013         0.011 / 0.017         0.011 / 0.017         0.011 / 0.017       ms
[108.155s][info][gc,stats]       Young Pause: Pause Mark Start                              0.000 / 0.000         0.000 / 0.000         0.000 / 0.000         0.000 / 0.000       ms
[108.155s][info][gc,stats]       Young Pause: Pause Mark Start (Major)                      0.015 / 0.015         0.015 / 0.019         0.015 / 0.019         0.015 / 0.019       ms
[108.155s][info][gc,stats]       Young Pause: Pause Relocate Start                          0.005 / 0.007         0.007 / 0.017         0.007 / 0.017         0.007 / 0.017       ms
[108.155s][info][gc,stats]       Young Phase: Concurrent Mark                               6.669 / 37.310      500.251 / 3953.230    500.251 / 3953.230    500.251 / 3953.230    ms
[108.155s][info][gc,stats]       Young Phase: Concurrent Mark Continue                      0.000 / 0.000         0.000 / 0.000         0.000 / 0.000         0.000 / 0.000       ms
[108.155s][info][gc,stats]       Young Phase: Concurrent Mark Free                          0.001 / 0.001         0.002 / 0.009         0.002 / 0.009         0.002 / 0.009       ms
[108.155s][info][gc,stats]       Young Phase: Concurrent Relocate                           0.038 / 0.092        33.364 / 378.310      33.364 / 378.310      33.364 / 378.310     ms
[108.155s][info][gc,stats]       Young Phase: Concurrent Reset Relocation Set               0.000 / 0.000         0.068 / 0.905         0.068 / 0.905         0.068 / 0.905       ms
[108.155s][info][gc,stats]       Young Phase: Concurrent Select Relocation Set              0.280 / 0.720        24.161 / 282.060      24.161 / 282.060      24.161 / 282.060     ms
[108.155s][info][gc,stats]    Young Subphase: Concurrent Mark Follow                        5.740 / 36.403      499.225 / 3952.454    499.225 / 3952.454    499.225 / 3952.454    ms
[108.155s][info][gc,stats]    Young Subphase: Concurrent Mark Root Colored                  0.668 / 0.738         0.671 / 1.422         0.671 / 1.422         0.671 / 1.422       ms
[108.155s][info][gc,stats]    Young Subphase: Concurrent Mark Root Uncolored                0.054 / 0.063         0.161 / 0.341         0.161 / 0.341         0.161 / 0.341       ms
[108.155s][info][gc,stats]    Young Subphase: Concurrent Mark Roots                         0.927 / 1.011         1.024 / 1.546         1.024 / 1.546         1.024 / 1.546       ms
[108.155s][info][gc,stats]    Young Subphase: Concurrent Relocate Remset FP                 0.010 / 0.020        33.068 / 377.964      33.068 / 377.964      33.068 / 377.964     ms
[108.155s][info][gc,stats]    Young Subphase: Concurrent Roots ClassLoaderDataGraph         0.567 / 0.602         0.541 / 0.741         0.541 / 0.741         0.541 / 0.741       ms
[108.155s][info][gc,stats]    Young Subphase: Concurrent Roots CodeCache                    0.025 / 0.029         0.128 / 0.283         0.128 / 0.283         0.128 / 0.283       ms
[108.155s][info][gc,stats]    Young Subphase: Concurrent Roots JavaThreads                  0.015 / 0.039         0.019 / 0.341         0.019 / 0.341         0.019 / 0.341       ms
[108.155s][info][gc,stats]    Young Subphase: Concurrent Roots OopStorageSet                0.006 / 0.008         0.067 / 1.420         0.067 / 1.420         0.067 / 1.420       ms
[108.155s][info][gc,stats]    Young Subphase: Concurrent Weak Roots OopStorageSet           0.097 / 0.156         0.104 / 0.232         0.104 / 0.232         0.104 / 0.232       ms
[108.155s][info][gc,stats] =========================================================================================================================================================
