
=== RUN 62/80 (GA dyn_only) ===

[0.032s][info][gc,ref] Reference Processor created, Macros: ZUseSeparateDiscoveredLists=0, ZUseDynamicArray=1, ZUseOptimisedClearPath=0
[1.832s][info][gc,ref] GC(0) O:                           Encountered       Discovered Cleared/Enqueued 
[1.832s][info][gc,ref] GC(0) O: Soft References:                    0                0                0 
[1.832s][info][gc,ref] GC(0) O: Weak References:                    0                0                0 
[1.832s][info][gc,ref] GC(0) O: Weak (No Queue):                    0                0                0 
[1.832s][info][gc,ref] GC(0) O: Weak Fields:                        0                0                0 
[1.832s][info][gc,ref] GC(0) O: Final References:                   0                0                0 
[1.832s][info][gc,ref] GC(0) O: Phantom References:                 0                0                0 
[2.348s][info][gc,ref] GC(1) O:                           Encountered       Discovered Cleared/Enqueued 
[2.348s][info][gc,ref] GC(1) O: Soft References:                  148                0                0 
[2.348s][info][gc,ref] GC(1) O: Weak References:                  605                0                0 
[2.348s][info][gc,ref] GC(1) O: Weak (No Queue):                    3                0                0 
[2.348s][info][gc,ref] GC(1) O: Weak Fields:                        0                0                0 
[2.348s][info][gc,ref] GC(1) O: Final References:                   0                0                0 
[2.348s][info][gc,ref] GC(1) O: Phantom References:                 1                0                0 
[2.886s][info][gc,ref] GC(2) O:                           Encountered       Discovered Cleared/Enqueued 
[2.886s][info][gc,ref] GC(2) O: Soft References:                  164                0                0 
[2.886s][info][gc,ref] GC(2) O: Weak References:                  889                0                0 
[2.886s][info][gc,ref] GC(2) O: Weak (No Queue):                    3                0                0 
[2.886s][info][gc,ref] GC(2) O: Weak Fields:                        0                0                0 
[2.886s][info][gc,ref] GC(2) O: Final References:                   0                0                0 
[2.886s][info][gc,ref] GC(2) O: Phantom References:                 1                0                0 
WeakRefMultiObjectBenchmark: objects=7340009 minSize=509 maxSize=1097 sleepMillis=3000 iterations=3

=== Iteration 1 ===
Phase 1: Allocating references and objects...
[3.430s][info][gc,ref] GC(3) O:                           Encountered       Discovered Cleared/Enqueued 
[3.430s][info][gc,ref] GC(3) O: Soft References:                  238                0                0 
[3.430s][info][gc,ref] GC(3) O: Weak References:                 1349              448              129 
[3.430s][info][gc,ref] GC(3) O: Weak (No Queue):                    3                2                0 
[3.430s][info][gc,ref] GC(3) O: Weak Fields:                        0                0                0 
[3.430s][info][gc,ref] GC(3) O: Final References:                   0                0                0 
[3.430s][info][gc,ref] GC(3) O: Phantom References:                 1                0                0 
[4.145s][info][gc,ref] GC(4) O:                           Encountered       Discovered Cleared/Enqueued 
[4.145s][info][gc,ref] GC(4) O: Soft References:                  238                0                0 
[4.145s][info][gc,ref] GC(4) O: Weak References:                 1220              468               80 
[4.145s][info][gc,ref] GC(4) O: Weak (No Queue):                    3                3                0 
[4.145s][info][gc,ref] GC(4) O: Weak Fields:                        0                0                0 
[4.145s][info][gc,ref] GC(4) O: Final References:                   0                0                0 
[4.145s][info][gc,ref] GC(4) O: Phantom References:                 1                1                0 
[5.496s][info][gc,ref] GC(5) O:                           Encountered       Discovered Cleared/Enqueued 
[5.496s][info][gc,ref] GC(5) O: Soft References:                  238                0                0 
[5.496s][info][gc,ref] GC(5) O: Weak References:               368141              902              126 
[5.496s][info][gc,ref] GC(5) O: Weak (No Queue):               968368                3                0 
[5.496s][info][gc,ref] GC(5) O: Weak Fields:                        0                0                0 
[5.496s][info][gc,ref] GC(5) O: Final References:                   0                0                0 
[5.496s][info][gc,ref] GC(5) O: Phantom References:                 1                1                0 
Allocated 7340009 objects in 4.31 seconds
Phase 2: Sleeping for 3000 ms...
[8.513s][info][gc,ref] GC(6) O:                           Encountered       Discovered Cleared/Enqueued 
[8.513s][info][gc,ref] GC(6) O: Soft References:                  238                0                0 
[8.513s][info][gc,ref] GC(6) O: Weak References:               368015              749                0 
[8.513s][info][gc,ref] GC(6) O: Weak (No Queue):              3803974                3                0 
[8.513s][info][gc,ref] GC(6) O: Weak Fields:                        0                0                0 
[8.513s][info][gc,ref] GC(6) O: Final References:                   0                0                0 
[8.513s][info][gc,ref] GC(6) O: Phantom References:                 1                1                0 
Phase 3.1: Clearing strong references...
Cleared 1468002 strong references, 5872007 remaining
Waiting 3000 ms...
[13.559s][info][gc,ref] GC(7) O:                           Encountered       Discovered Cleared/Enqueued 
[13.559s][info][gc,ref] GC(7) O: Soft References:                  238                0                0 
[13.559s][info][gc,ref] GC(7) O: Weak References:               368015           346402                0 
[13.559s][info][gc,ref] GC(7) O: Weak (No Queue):              6973011           911428                0 
[13.559s][info][gc,ref] GC(7) O: Weak Fields:                        0                0                0 
[13.559s][info][gc,ref] GC(7) O: Final References:                   0                0                0 
[13.559s][info][gc,ref] GC(7) O: Phantom References:                 1                1                0 
Phase 3.2: Clearing strong references...
Cleared 1468002 strong references, 4404005 remaining
Waiting 3000 ms...
Phase 3.3: Clearing strong references...
Cleared 1468002 strong references, 2936003 remaining
Waiting 3000 ms...
[19.534s][info][gc,ref] GC(8) O:                           Encountered       Discovered Cleared/Enqueued 
[19.534s][info][gc,ref] GC(8) O: Soft References:                  238                0                0 
[19.534s][info][gc,ref] GC(8) O: Weak References:               368015           275167            73247 
[19.534s][info][gc,ref] GC(8) O: Weak (No Queue):              6973011          2846495           760943 
[19.534s][info][gc,ref] GC(8) O: Weak Fields:                        0                0                0 
[19.534s][info][gc,ref] GC(8) O: Final References:                   0                0                0 
[19.534s][info][gc,ref] GC(8) O: Phantom References:                 1                1                0 
Phase 3.4: Clearing strong references...
Cleared 1468002 strong references, 1468001 remaining
Waiting 3000 ms...
Phase 3.5: Clearing strong references...
Cleared 1468001 strong references, 0 remaining
Waiting 3000 ms...
[26.807s][info][gc,ref] GC(9) O:                           Encountered       Discovered Cleared/Enqueued 
[26.807s][info][gc,ref] GC(9) O: Soft References:                  238                0                0 
[26.807s][info][gc,ref] GC(9) O: Weak References:               294768           252329           146224 
[26.807s][info][gc,ref] GC(9) O: Weak (No Queue):              6212068          5424507          3423592 
[26.807s][info][gc,ref] GC(9) O: Weak Fields:                        0                0                0 
[26.807s][info][gc,ref] GC(9) O: Final References:                   0                0                0 
[26.807s][info][gc,ref] GC(9) O: Phantom References:                 1                1                0 
Waiting 6000 ms...
[32.748s][info][gc,ref] GC(10) O:                           Encountered       Discovered Cleared/Enqueued 
[32.748s][info][gc,ref] GC(10) O: Soft References:                  238                0                0 
[32.748s][info][gc,ref] GC(10) O: Weak References:               148544           148225           147530 
[32.748s][info][gc,ref] GC(10) O: Weak (No Queue):              2788476          2788476          2788473 
[32.748s][info][gc,ref] GC(10) O: Weak Fields:                        0                0                0 
[32.748s][info][gc,ref] GC(10) O: Final References:                   0                0                0 
[32.748s][info][gc,ref] GC(10) O: Phantom References:                 1                1                0 
Phase 4: Final weak reference checks...
Final count of alive weak references: 0
References enqueued in ReferenceQueue: 367001
Cooling down for 5 seconds...
[36.000s][info][gc,ref] GC(11) O:                           Encountered       Discovered Cleared/Enqueued 
[36.000s][info][gc,ref] GC(11) O: Soft References:                  238                0                0 
[36.000s][info][gc,ref] GC(11) O: Weak References:                 1014              562                0 
[36.000s][info][gc,ref] GC(11) O: Weak (No Queue):                    3                3                0 
[36.000s][info][gc,ref] GC(11) O: Weak Fields:                        0                0                0 
[36.000s][info][gc,ref] GC(11) O: Final References:                   0                0                0 
[36.000s][info][gc,ref] GC(11) O: Phantom References:                 1                1                0 
[36.548s][info][gc,ref] GC(12) O:                           Encountered       Discovered Cleared/Enqueued 
[36.548s][info][gc,ref] GC(12) O: Soft References:                  238                0                0 
[36.548s][info][gc,ref] GC(12) O: Weak References:                 1014              544                0 
[36.548s][info][gc,ref] GC(12) O: Weak (No Queue):                    3                3                0 
[36.548s][info][gc,ref] GC(12) O: Weak Fields:                        0                0                0 
[36.548s][info][gc,ref] GC(12) O: Final References:                   0                0                0 
[36.548s][info][gc,ref] GC(12) O: Phantom References:                 1                1                0 
[37.080s][info][gc,ref] GC(13) O:                           Encountered       Discovered Cleared/Enqueued 
[37.080s][info][gc,ref] GC(13) O: Soft References:                  238                0                0 
[37.080s][info][gc,ref] GC(13) O: Weak References:                 1014              760                0 
[37.080s][info][gc,ref] GC(13) O: Weak (No Queue):                    3                3                0 
[37.080s][info][gc,ref] GC(13) O: Weak Fields:                        0                0                0 
[37.080s][info][gc,ref] GC(13) O: Final References:                   0                0                0 
[37.080s][info][gc,ref] GC(13) O: Phantom References:                 1                1                0 
[37.606s][info][gc,ref] GC(14) O:                           Encountered       Discovered Cleared/Enqueued 
[37.606s][info][gc,ref] GC(14) O: Soft References:                  238                0                0 
[37.606s][info][gc,ref] GC(14) O: Weak References:                 1014              624                0 
[37.606s][info][gc,ref] GC(14) O: Weak (No Queue):                    3                1                0 
[37.606s][info][gc,ref] GC(14) O: Weak Fields:                        0                0                0 
[37.606s][info][gc,ref] GC(14) O: Final References:                   0                0                0 
[37.606s][info][gc,ref] GC(14) O: Phantom References:                 1                1                0 
[38.153s][info][gc,ref] GC(15) O:                           Encountered       Discovered Cleared/Enqueued 
[38.153s][info][gc,ref] GC(15) O: Soft References:                  238                0                0 
[38.153s][info][gc,ref] GC(15) O: Weak References:                 1014              757                0 
[38.153s][info][gc,ref] GC(15) O: Weak (No Queue):                    3                3                0 
[38.153s][info][gc,ref] GC(15) O: Weak Fields:                        0                0                0 
[38.153s][info][gc,ref] GC(15) O: Final References:                   0                0                0 
[38.153s][info][gc,ref] GC(15) O: Phantom References:                 1                1                0 
[38.686s][info][gc,ref] GC(16) O:                           Encountered       Discovered Cleared/Enqueued 
[38.686s][info][gc,ref] GC(16) O: Soft References:                  238                0                0 
[38.686s][info][gc,ref] GC(16) O: Weak References:                 1014              658                0 
[38.686s][info][gc,ref] GC(16) O: Weak (No Queue):                    3                3                0 
[38.686s][info][gc,ref] GC(16) O: Weak Fields:                        0                0                0 
[38.686s][info][gc,ref] GC(16) O: Final References:                   0                0                0 
[38.686s][info][gc,ref] GC(16) O: Phantom References:                 1                1                0 
[39.213s][info][gc,ref] GC(17) O:                           Encountered       Discovered Cleared/Enqueued 
[39.213s][info][gc,ref] GC(17) O: Soft References:                  238                0                0 
[39.213s][info][gc,ref] GC(17) O: Weak References:                 1014              570                0 
[39.213s][info][gc,ref] GC(17) O: Weak (No Queue):                    3                1                0 
[39.213s][info][gc,ref] GC(17) O: Weak Fields:                        0                0                0 
[39.213s][info][gc,ref] GC(17) O: Final References:                   0                0                0 
[39.213s][info][gc,ref] GC(17) O: Phantom References:                 1                0                0 
[39.748s][info][gc,ref] GC(18) O:                           Encountered       Discovered Cleared/Enqueued 
[39.748s][info][gc,ref] GC(18) O: Soft References:                  238                0                0 
[39.748s][info][gc,ref] GC(18) O: Weak References:                 1014              592                0 
[39.748s][info][gc,ref] GC(18) O: Weak (No Queue):                    3                0                0 
[39.748s][info][gc,ref] GC(18) O: Weak Fields:                        0                0                0 
[39.748s][info][gc,ref] GC(18) O: Final References:                   0                0                0 
[39.748s][info][gc,ref] GC(18) O: Phantom References:                 1                0                0 

=== Iteration 2 ===
Phase 1: Allocating references and objects...
[40.286s][info][gc,ref] GC(19) O:                           Encountered       Discovered Cleared/Enqueued 
[40.286s][info][gc,ref] GC(19) O: Soft References:                  238                0                0 
[40.286s][info][gc,ref] GC(19) O: Weak References:                 1014              519                0 
[40.286s][info][gc,ref] GC(19) O: Weak (No Queue):                    3                3                0 
[40.286s][info][gc,ref] GC(19) O: Weak Fields:                        0                0                0 
[40.286s][info][gc,ref] GC(19) O: Final References:                   0                0                0 
[40.286s][info][gc,ref] GC(19) O: Phantom References:                 1                1                0 
[41.048s][info][gc,ref] GC(20) O:                           Encountered       Discovered Cleared/Enqueued 
[41.048s][info][gc,ref] GC(20) O: Soft References:                  238                0                0 
[41.048s][info][gc,ref] GC(20) O: Weak References:                 1014              652                0 
[41.048s][info][gc,ref] GC(20) O: Weak (No Queue):                    3                3                0 
[41.048s][info][gc,ref] GC(20) O: Weak Fields:                        0                0                0 
[41.048s][info][gc,ref] GC(20) O: Final References:                   0                0                0 
[41.048s][info][gc,ref] GC(20) O: Phantom References:                 1                1                0 
Allocated 7340009 objects in 2.11 seconds
Phase 2: Sleeping for 3000 ms...
[43.365s][info][gc,ref] GC(21) O:                           Encountered       Discovered Cleared/Enqueued 
[43.365s][info][gc,ref] GC(21) O: Soft References:                  238                0                0 
[43.365s][info][gc,ref] GC(21) O: Weak References:               368015              562                0 
[43.365s][info][gc,ref] GC(21) O: Weak (No Queue):              2910279                3                0 
[43.365s][info][gc,ref] GC(21) O: Weak Fields:                        0                0                0 
[43.365s][info][gc,ref] GC(21) O: Final References:                   0                0                0 
[43.365s][info][gc,ref] GC(21) O: Phantom References:                 1                1                0 
Phase 3.1: Clearing strong references...
Cleared 1468002 strong references, 5872007 remaining
Waiting 3000 ms...
[48.292s][info][gc,ref] GC(22) O:                           Encountered       Discovered Cleared/Enqueued 
[48.292s][info][gc,ref] GC(22) O: Soft References:                  238                0                0 
[48.292s][info][gc,ref] GC(22) O: Weak References:               368015              533                0 
[48.292s][info][gc,ref] GC(22) O: Weak (No Queue):              6973011                0                0 
[48.292s][info][gc,ref] GC(22) O: Weak Fields:                        0                0                0 
[48.292s][info][gc,ref] GC(22) O: Final References:                   0                0                0 
[48.292s][info][gc,ref] GC(22) O: Phantom References:                 1                1                0 
Phase 3.2: Clearing strong references...
Cleared 1468002 strong references, 4404005 remaining
Waiting 3000 ms...
Phase 3.3: Clearing strong references...
Cleared 1468002 strong references, 2936003 remaining
Waiting 3000 ms...
[54.042s][info][gc,ref] GC(23) O:                           Encountered       Discovered Cleared/Enqueued 
[54.042s][info][gc,ref] GC(23) O: Soft References:                  238                0                0 
[54.042s][info][gc,ref] GC(23) O: Weak References:               368015           155977            73177 
[54.042s][info][gc,ref] GC(23) O: Weak (No Queue):              6973011          1240903           582141 
[54.042s][info][gc,ref] GC(23) O: Weak Fields:                        0                0                0 
[54.042s][info][gc,ref] GC(23) O: Final References:                   0                0                0 
[54.042s][info][gc,ref] GC(23) O: Phantom References:                 1                1                0 
Phase 3.4: Clearing strong references...
Cleared 1468002 strong references, 1468001 remaining
Waiting 3000 ms...
Phase 3.5: Clearing strong references...
Cleared 1468001 strong references, 0 remaining
Waiting 3000 ms...
[61.069s][info][gc,ref] GC(24) O:                           Encountered       Discovered Cleared/Enqueued 
[61.069s][info][gc,ref] GC(24) O: Soft References:                  238                0                0 
[61.069s][info][gc,ref] GC(24) O: Weak References:               294838           258594           146623 
[61.069s][info][gc,ref] GC(24) O: Weak (No Queue):              6390870          5707126          3602065 
[61.069s][info][gc,ref] GC(24) O: Weak Fields:                        0                0                0 
[61.069s][info][gc,ref] GC(24) O: Final References:                   0                0                0 
[61.069s][info][gc,ref] GC(24) O: Phantom References:                 1                1                0 
Waiting 6000 ms...
[67.003s][info][gc,ref] GC(25) O:                           Encountered       Discovered Cleared/Enqueued 
[67.003s][info][gc,ref] GC(25) O: Soft References:                  238                0                0 
[67.003s][info][gc,ref] GC(25) O: Weak References:               148215           147960           147201 
[67.003s][info][gc,ref] GC(25) O: Weak (No Queue):              2788805          2788802          2788802 
[67.003s][info][gc,ref] GC(25) O: Weak Fields:                        0                0                0 
[67.003s][info][gc,ref] GC(25) O: Final References:                   0                0                0 
[67.003s][info][gc,ref] GC(25) O: Phantom References:                 1                1                0 
Phase 4: Final weak reference checks...
Final count of alive weak references: 0
References enqueued in ReferenceQueue: 367001
Cooling down for 5 seconds...
[70.450s][info][gc,ref] GC(26) O:                           Encountered       Discovered Cleared/Enqueued 
[70.450s][info][gc,ref] GC(26) O: Soft References:                  238                0                0 
[70.450s][info][gc,ref] GC(26) O: Weak References:                 1014              640                0 
[70.450s][info][gc,ref] GC(26) O: Weak (No Queue):                    3                0                0 
[70.450s][info][gc,ref] GC(26) O: Weak Fields:                        0                0                0 
[70.450s][info][gc,ref] GC(26) O: Final References:                   0                0                0 
[70.450s][info][gc,ref] GC(26) O: Phantom References:                 1                1                0 
[70.993s][info][gc,ref] GC(27) O:                           Encountered       Discovered Cleared/Enqueued 
[70.993s][info][gc,ref] GC(27) O: Soft References:                  238                0                0 
[70.993s][info][gc,ref] GC(27) O: Weak References:                 1014              753                0 
[70.993s][info][gc,ref] GC(27) O: Weak (No Queue):                    3                0                0 
[70.993s][info][gc,ref] GC(27) O: Weak Fields:                        0                0                0 
[70.993s][info][gc,ref] GC(27) O: Final References:                   0                0                0 
[70.993s][info][gc,ref] GC(27) O: Phantom References:                 1                1                0 
[71.527s][info][gc,ref] GC(28) O:                           Encountered       Discovered Cleared/Enqueued 
[71.527s][info][gc,ref] GC(28) O: Soft References:                  238                0                0 
[71.527s][info][gc,ref] GC(28) O: Weak References:                 1014              760                0 
[71.527s][info][gc,ref] GC(28) O: Weak (No Queue):                    3                3                0 
[71.527s][info][gc,ref] GC(28) O: Weak Fields:                        0                0                0 
[71.527s][info][gc,ref] GC(28) O: Final References:                   0                0                0 
[71.527s][info][gc,ref] GC(28) O: Phantom References:                 1                1                0 
[72.052s][info][gc,ref] GC(29) O:                           Encountered       Discovered Cleared/Enqueued 
[72.053s][info][gc,ref] GC(29) O: Soft References:                  238                0                0 
[72.053s][info][gc,ref] GC(29) O: Weak References:                 1014              637                0 
[72.053s][info][gc,ref] GC(29) O: Weak (No Queue):                    3                3                0 
[72.053s][info][gc,ref] GC(29) O: Weak Fields:                        0                0                0 
[72.053s][info][gc,ref] GC(29) O: Final References:                   0                0                0 
[72.053s][info][gc,ref] GC(29) O: Phantom References:                 1                1                0 
[72.590s][info][gc,ref] GC(30) O:                           Encountered       Discovered Cleared/Enqueued 
[72.590s][info][gc,ref] GC(30) O: Soft References:                  238                0                0 
[72.590s][info][gc,ref] GC(30) O: Weak References:                 1014              686                0 
[72.590s][info][gc,ref] GC(30) O: Weak (No Queue):                    3                3                0 
[72.590s][info][gc,ref] GC(30) O: Weak Fields:                        0                0                0 
[72.590s][info][gc,ref] GC(30) O: Final References:                   0                0                0 
[72.590s][info][gc,ref] GC(30) O: Phantom References:                 1                1                0 
[73.124s][info][gc,ref] GC(31) O:                           Encountered       Discovered Cleared/Enqueued 
[73.124s][info][gc,ref] GC(31) O: Soft References:                  238                0                0 
[73.124s][info][gc,ref] GC(31) O: Weak References:                 1014              808                0 
[73.124s][info][gc,ref] GC(31) O: Weak (No Queue):                    3                0                0 
[73.124s][info][gc,ref] GC(31) O: Weak Fields:                        0                0                0 
[73.124s][info][gc,ref] GC(31) O: Final References:                   0                0                0 
[73.124s][info][gc,ref] GC(31) O: Phantom References:                 1                0                0 
[73.650s][info][gc,ref] GC(32) O:                           Encountered       Discovered Cleared/Enqueued 
[73.650s][info][gc,ref] GC(32) O: Soft References:                  238                0                0 
[73.650s][info][gc,ref] GC(32) O: Weak References:                 1014              742                0 
[73.650s][info][gc,ref] GC(32) O: Weak (No Queue):                    3                3                0 
[73.650s][info][gc,ref] GC(32) O: Weak Fields:                        0                0                0 
[73.650s][info][gc,ref] GC(32) O: Final References:                   0                0                0 
[73.650s][info][gc,ref] GC(32) O: Phantom References:                 1                1                0 
[74.175s][info][gc,ref] GC(33) O:                           Encountered       Discovered Cleared/Enqueued 
[74.175s][info][gc,ref] GC(33) O: Soft References:                  238                0                0 
[74.175s][info][gc,ref] GC(33) O: Weak References:                 1014              695                0 
[74.175s][info][gc,ref] GC(33) O: Weak (No Queue):                    3                1                0 
[74.175s][info][gc,ref] GC(33) O: Weak Fields:                        0                0                0 
[74.175s][info][gc,ref] GC(33) O: Final References:                   0                0                0 
[74.175s][info][gc,ref] GC(33) O: Phantom References:                 1                1                0 

=== Iteration 3 ===
Phase 1: Allocating references and objects...
[74.720s][info][gc,ref] GC(34) O:                           Encountered       Discovered Cleared/Enqueued 
[74.720s][info][gc,ref] GC(34) O: Soft References:                  238                0                0 
[74.720s][info][gc,ref] GC(34) O: Weak References:                 1014              757                0 
[74.720s][info][gc,ref] GC(34) O: Weak (No Queue):                    3                3                0 
[74.720s][info][gc,ref] GC(34) O: Weak Fields:                        0                0                0 
[74.720s][info][gc,ref] GC(34) O: Final References:                   0                0                0 
[74.720s][info][gc,ref] GC(34) O: Phantom References:                 1                1                0 
[75.485s][info][gc,ref] GC(35) O:                           Encountered       Discovered Cleared/Enqueued 
[75.485s][info][gc,ref] GC(35) O: Soft References:                  238                0                0 
[75.485s][info][gc,ref] GC(35) O: Weak References:                 1014              757                0 
[75.485s][info][gc,ref] GC(35) O: Weak (No Queue):                    3                3                0 
[75.485s][info][gc,ref] GC(35) O: Weak Fields:                        0                0                0 
[75.486s][info][gc,ref] GC(35) O: Final References:                   0                0                0 
[75.486s][info][gc,ref] GC(35) O: Phantom References:                 1                1                0 
Allocated 7340009 objects in 2.14 seconds
Phase 2: Sleeping for 3000 ms...
[78.085s][info][gc,ref] GC(36) O:                           Encountered       Discovered Cleared/Enqueued 
[78.085s][info][gc,ref] GC(36) O: Soft References:                  238                0                0 
[78.085s][info][gc,ref] GC(36) O: Weak References:               368015              509                0 
[78.085s][info][gc,ref] GC(36) O: Weak (No Queue):              3386684                3                0 
[78.085s][info][gc,ref] GC(36) O: Weak Fields:                        0                0                0 
[78.085s][info][gc,ref] GC(36) O: Final References:                   0                0                0 
[78.085s][info][gc,ref] GC(36) O: Phantom References:                 1                1                0 
Phase 3.1: Clearing strong references...
Cleared 1468002 strong references, 5872007 remaining
Waiting 3000 ms...
[83.186s][info][gc,ref] GC(37) O:                           Encountered       Discovered Cleared/Enqueued 
[83.186s][info][gc,ref] GC(37) O: Soft References:                  238                0                0 
[83.186s][info][gc,ref] GC(37) O: Weak References:               368015              564                0 
[83.186s][info][gc,ref] GC(37) O: Weak (No Queue):              6973011                3                0 
[83.186s][info][gc,ref] GC(37) O: Weak Fields:                        0                0                0 
[83.186s][info][gc,ref] GC(37) O: Final References:                   0                0                0 
[83.186s][info][gc,ref] GC(37) O: Phantom References:                 1                1                0 
Phase 3.2: Clearing strong references...
Cleared 1468002 strong references, 4404005 remaining
Waiting 3000 ms...
Phase 3.3: Clearing strong references...
Cleared 1468002 strong references, 2936003 remaining
Waiting 3000 ms...
[88.851s][info][gc,ref] GC(38) O:                           Encountered       Discovered Cleared/Enqueued 
[88.851s][info][gc,ref] GC(38) O: Soft References:                  238                0                0 
[88.851s][info][gc,ref] GC(38) O: Weak References:               368015           332435           147190 
[88.851s][info][gc,ref] GC(38) O: Weak (No Queue):              6973011          3057931          1354358 
[88.851s][info][gc,ref] GC(38) O: Weak Fields:                        0                0                0 
[88.851s][info][gc,ref] GC(38) O: Final References:                   0                0                0 
[88.851s][info][gc,ref] GC(38) O: Phantom References:                 1                1                0 
Phase 3.4: Clearing strong references...
Cleared 1468002 strong references, 1468001 remaining
Waiting 3000 ms...
Phase 3.5: Clearing strong references...
Cleared 1468001 strong references, 0 remaining
Waiting 3000 ms...
[95.879s][info][gc,ref] GC(39) O:                           Encountered       Discovered Cleared/Enqueued 
[95.879s][info][gc,ref] GC(39) O: Soft References:                  238                0                0 
[95.879s][info][gc,ref] GC(39) O: Weak References:               220825           156109            73200 
[95.879s][info][gc,ref] GC(39) O: Weak (No Queue):              5618653          4388705          2829258 
[95.879s][info][gc,ref] GC(39) O: Weak Fields:                        0                0                0 
[95.879s][info][gc,ref] GC(39) O: Final References:                   0                0                0 
[95.879s][info][gc,ref] GC(39) O: Phantom References:                 1                1                0 
Waiting 6000 ms...
[101.807s][info][gc,ref] GC(40) O:                           Encountered       Discovered Cleared/Enqueued 
[101.807s][info][gc,ref] GC(40) O: Soft References:                  238                0                0 
[101.807s][info][gc,ref] GC(40) O: Weak References:               147625           147169           146611 
[101.807s][info][gc,ref] GC(40) O: Weak (No Queue):              2789395          2789395          2789392 
[101.807s][info][gc,ref] GC(40) O: Weak Fields:                        0                0                0 
[101.807s][info][gc,ref] GC(40) O: Final References:                   0                0                0 
[101.807s][info][gc,ref] GC(40) O: Phantom References:                 1                1                0 
Phase 4: Final weak reference checks...
Final count of alive weak references: 0
References enqueued in ReferenceQueue: 367001
Cooling down for 5 seconds...
[105.155s][info][gc,ref] GC(41) O:                           Encountered       Discovered Cleared/Enqueued 
[105.155s][info][gc,ref] GC(41) O: Soft References:                  238                0                0 
[105.155s][info][gc,ref] GC(41) O: Weak References:                 1014              579                0 
[105.155s][info][gc,ref] GC(41) O: Weak (No Queue):                    3                0                0 
[105.155s][info][gc,ref] GC(41) O: Weak Fields:                        0                0                0 
[105.155s][info][gc,ref] GC(41) O: Final References:                   0                0                0 
[105.155s][info][gc,ref] GC(41) O: Phantom References:                 1                1                0 
[105.698s][info][gc,ref] GC(42) O:                           Encountered       Discovered Cleared/Enqueued 
[105.698s][info][gc,ref] GC(42) O: Soft References:                  238                0                0 
[105.698s][info][gc,ref] GC(42) O: Weak References:                 1014              624                0 
[105.698s][info][gc,ref] GC(42) O: Weak (No Queue):                    3                3                0 
[105.698s][info][gc,ref] GC(42) O: Weak Fields:                        0                0                0 
[105.698s][info][gc,ref] GC(42) O: Final References:                   0                0                0 
[105.698s][info][gc,ref] GC(42) O: Phantom References:                 1                1                0 
[106.224s][info][gc,ref] GC(43) O:                           Encountered       Discovered Cleared/Enqueued 
[106.224s][info][gc,ref] GC(43) O: Soft References:                  238                0                0 
[106.224s][info][gc,ref] GC(43) O: Weak References:                 1014              679                0 
[106.224s][info][gc,ref] GC(43) O: Weak (No Queue):                    3                3                0 
[106.224s][info][gc,ref] GC(43) O: Weak Fields:                        0                0                0 
[106.224s][info][gc,ref] GC(43) O: Final References:                   0                0                0 
[106.224s][info][gc,ref] GC(43) O: Phantom References:                 1                1                0 
[106.761s][info][gc,ref] GC(44) O:                           Encountered       Discovered Cleared/Enqueued 
[106.761s][info][gc,ref] GC(44) O: Soft References:                  238                0                0 
[106.761s][info][gc,ref] GC(44) O: Weak References:                 1014              560                0 
[106.761s][info][gc,ref] GC(44) O: Weak (No Queue):                    3                3                0 
[106.761s][info][gc,ref] GC(44) O: Weak Fields:                        0                0                0 
[106.761s][info][gc,ref] GC(44) O: Final References:                   0                0                0 
[106.761s][info][gc,ref] GC(44) O: Phantom References:                 1                1                0 
[107.298s][info][gc,ref] GC(45) O:                           Encountered       Discovered Cleared/Enqueued 
[107.298s][info][gc,ref] GC(45) O: Soft References:                  238                0                0 
[107.298s][info][gc,ref] GC(45) O: Weak References:                 1014              679                0 
[107.298s][info][gc,ref] GC(45) O: Weak (No Queue):                    3                0                0 
[107.298s][info][gc,ref] GC(45) O: Weak Fields:                        0                0                0 
[107.298s][info][gc,ref] GC(45) O: Final References:                   0                0                0 
[107.298s][info][gc,ref] GC(45) O: Phantom References:                 1                0                0 
[107.832s][info][gc,ref] GC(46) O:                           Encountered       Discovered Cleared/Enqueued 
[107.832s][info][gc,ref] GC(46) O: Soft References:                  238                0                0 
[107.832s][info][gc,ref] GC(46) O: Weak References:                 1014              677                0 
[107.832s][info][gc,ref] GC(46) O: Weak (No Queue):                    3                0                0 
[107.832s][info][gc,ref] GC(46) O: Weak Fields:                        0                0                0 
[107.832s][info][gc,ref] GC(46) O: Final References:                   0                0                0 
[107.832s][info][gc,ref] GC(46) O: Phantom References:                 1                0                0 
[108.358s][info][gc,ref] GC(47) O:                           Encountered       Discovered Cleared/Enqueued 
[108.358s][info][gc,ref] GC(47) O: Soft References:                  238                0                0 
[108.358s][info][gc,ref] GC(47) O: Weak References:                 1014              679                0 
[108.358s][info][gc,ref] GC(47) O: Weak (No Queue):                    3                0                0 
[108.358s][info][gc,ref] GC(47) O: Weak Fields:                        0                0                0 
[108.358s][info][gc,ref] GC(47) O: Final References:                   0                0                0 
[108.358s][info][gc,ref] GC(47) O: Phantom References:                 1                0                0 
[108.883s][info][gc,ref] GC(48) O:                           Encountered       Discovered Cleared/Enqueued 
[108.883s][info][gc,ref] GC(48) O: Soft References:                  238                0                0 
[108.883s][info][gc,ref] GC(48) O: Weak References:                 1014              677                0 
[108.883s][info][gc,ref] GC(48) O: Weak (No Queue):                    3                0                0 
[108.883s][info][gc,ref] GC(48) O: Weak Fields:                        0                0                0 
[108.883s][info][gc,ref] GC(48) O: Final References:                   0                0                0 
[108.883s][info][gc,ref] GC(48) O: Phantom References:                 1                0                0 
[109.280s][info][gc,stats] === Garbage Collection Statistics =======================================================================================================================
[109.280s][info][gc,stats]                                                              Last 10s              Last 10m              Last 10h                Total
[109.280s][info][gc,stats]                                                              Avg / Max             Avg / Max             Avg / Max             Avg / Max
[109.280s][info][gc,stats]        Contention: Mark Segment Reset Contention                     0 / 1                 0 / 16                0 / 16                0 / 16          ops/s
[109.280s][info][gc,stats]        Contention: Mark SeqNum Reset Contention                      0 / 0                 0 / 2                 0 / 2                 0 / 2           ops/s
[109.280s][info][gc,stats]          Critical: Allocation Stall                                  0 / 0                 0 / 0                 0 / 0                 0 / 0           ops/s
[109.280s][info][gc,stats]          Critical: Allocation Stall                              0.000 / 0.000         0.000 / 0.000         0.000 / 0.000         0.000 / 0.000       ms
[109.280s][info][gc,stats]          Critical: JNI Critical Stall                                0 / 0                 0 / 0                 0 / 0                 0 / 0           ops/s
[109.280s][info][gc,stats]          Critical: JNI Critical Stall                            0.000 / 0.000         0.000 / 0.000         0.000 / 0.000         0.000 / 0.000       ms
[109.280s][info][gc,stats]          Critical: Relocation Stall                                  0 / 0                 0 / 0                 0 / 0                 0 / 0           ops/s
[109.280s][info][gc,stats]          Critical: Relocation Stall                              0.000 / 0.000         0.000 / 0.000         0.000 / 0.000         0.000 / 0.000       ms
[109.280s][info][gc,stats]  Major Collection: Major Collection                           1055.516 / 5427.241   1724.681 / 6763.110   1724.681 / 6763.110   1724.681 / 6763.110    ms
[109.280s][info][gc,stats]            Memory: Allocation Rate                                   0 / 2               188 / 4096            188 / 4096            188 / 4096        MB/s
[109.280s][info][gc,stats]            Memory: Defragment                                        0 / 0                 0 / 0                 0 / 0                 0 / 0           ops/s
[109.280s][info][gc,stats]            Memory: Mapped Cache Harvest                              0 / 0                 0 / 0                 0 / 0                 0 / 0           MB/s
[109.280s][info][gc,stats]            Memory: Out Of Memory                                     0 / 0                 0 / 0                 0 / 0                 0 / 0           ops/s
[109.280s][info][gc,stats]            Memory: Uncommit                                          0 / 0                 0 / 0                 0 / 0                 0 / 0           MB/s
[109.280s][info][gc,stats]            Memory: Undo Object Allocation Failed                     0 / 0                 0 / 0                 0 / 0                 0 / 0           ops/s
[109.280s][info][gc,stats]            Memory: Undo Object Allocation Succeeded                  0 / 0                 0 / 0                 0 / 0                 0 / 0           ops/s
[109.280s][info][gc,stats]            Memory: Undo Page Allocation                              0 / 0                 0 / 0                 0 / 0                 0 / 0           ops/s
[109.280s][info][gc,stats]  Minor Collection: Minor Collection                              0.000 / 0.000         0.000 / 0.000         0.000 / 0.000         0.000 / 0.000       ms
[109.280s][info][gc,stats]    Old Generation: Old Generation                             1037.911 / 5347.527   1190.211 / 6650.856   1190.211 / 6650.856   1190.211 / 6650.856    ms
[109.280s][info][gc,stats]         Old Pause: Pause Mark End                                0.012 / 0.015         0.012 / 0.017         0.012 / 0.017         0.012 / 0.017       ms
[109.280s][info][gc,stats]         Old Pause: Pause Relocate Start                          0.009 / 0.012         0.010 / 0.021         0.010 / 0.021         0.010 / 0.021       ms
[109.280s][info][gc,stats]         Old Phase: Concurrent Mark                             935.522 / 4570.210    979.640 / 5254.226    979.640 / 5254.226    979.640 / 5254.226    ms
[109.280s][info][gc,stats]         Old Phase: Concurrent Mark Continue                      0.000 / 0.000         0.000 / 0.000         0.000 / 0.000         0.000 / 0.000       ms
[109.280s][info][gc,stats]         Old Phase: Concurrent Mark Free                          0.004 / 0.005         0.004 / 0.007         0.004 / 0.007         0.004 / 0.007       ms
[109.280s][info][gc,stats]         Old Phase: Concurrent Process Non-Strong                27.189 / 211.769      60.292 / 611.356      60.292 / 611.356      60.292 / 611.356     ms
[109.280s][info][gc,stats]         Old Phase: Concurrent Relocate                          64.998 / 513.524     115.412 / 823.739     115.412 / 823.739     115.412 / 823.739     ms
[109.280s][info][gc,stats]         Old Phase: Concurrent Remap Roots                        3.773 / 26.628       23.917 / 166.790      23.917 / 166.790      23.917 / 166.790     ms
[109.280s][info][gc,stats]         Old Phase: Concurrent Reset Relocation Set               0.025 / 0.126         0.019 / 0.148         0.019 / 0.148         0.019 / 0.148       ms
[109.280s][info][gc,stats]         Old Phase: Concurrent Select Relocation Set              6.142 / 24.966       10.642 / 88.548       10.642 / 88.548       10.642 / 88.548      ms
[109.280s][info][gc,stats]      Old Subphase: Concurrent Classes Purge                      0.005 / 0.007         0.064 / 1.798         0.064 / 1.798         0.064 / 1.798       ms
[109.280s][info][gc,stats]      Old Subphase: Concurrent Classes Unlink                     0.213 / 0.274         1.119 / 1.736         1.119 / 1.736         1.119 / 1.736       ms
[109.280s][info][gc,stats]      Old Subphase: Concurrent Mark Follow                      935.365 / 4570.001    979.492 / 5254.073    979.492 / 5254.073    979.492 / 5254.073    ms
[109.280s][info][gc,stats]      Old Subphase: Concurrent Mark Root Colored                  0.045 / 0.091         0.032 / 0.104         0.032 / 0.104         0.032 / 0.104       ms
[109.280s][info][gc,stats]      Old Subphase: Concurrent Mark Root Uncolored                0.019 / 0.049         0.027 / 0.107         0.027 / 0.107         0.027 / 0.107       ms
[109.280s][info][gc,stats]      Old Subphase: Concurrent Mark Roots                         0.148 / 0.173         0.145 / 0.262         0.145 / 0.262         0.145 / 0.262       ms
[109.280s][info][gc,stats]      Old Subphase: Concurrent References Enqueue                 0.001 / 0.003         0.001 / 0.004         0.001 / 0.004         0.001 / 0.004       ms
[109.280s][info][gc,stats]      Old Subphase: Concurrent References Process                26.506 / 210.894      58.660 / 608.817      58.660 / 608.817      58.660 / 608.817     ms
[109.280s][info][gc,stats]      Old Subphase: Concurrent Remap Remembered                   3.578 / 26.387       18.524 / 166.325      18.524 / 166.325      18.524 / 166.325     ms
[109.280s][info][gc,stats]      Old Subphase: Concurrent Remap Roots Colored                0.066 / 0.117         0.157 / 0.567         0.157 / 0.567         0.157 / 0.567       ms
[109.280s][info][gc,stats]      Old Subphase: Concurrent Remap Roots Uncolored              0.023 / 0.034         0.170 / 0.331         0.170 / 0.331         0.170 / 0.331       ms
[109.280s][info][gc,stats]      Old Subphase: Concurrent Roots ClassLoaderDataGraph         0.038 / 0.081         0.097 / 0.541         0.097 / 0.541         0.097 / 0.541       ms
[109.280s][info][gc,stats]      Old Subphase: Concurrent Roots CodeCache                    0.021 / 0.031         0.169 / 0.328         0.169 / 0.328         0.169 / 0.328       ms
[109.280s][info][gc,stats]      Old Subphase: Concurrent Roots JavaThreads                  0.008 / 0.048         0.011 / 0.107         0.011 / 0.107         0.011 / 0.107       ms
[109.280s][info][gc,stats]      Old Subphase: Concurrent Roots OopStorageSet                0.004 / 0.009         0.004 / 0.030         0.004 / 0.030         0.004 / 0.030       ms
[109.280s][info][gc,stats]      Old Subphase: Concurrent Weak Roots OopStorageSet           0.097 / 0.188         0.088 / 0.220         0.088 / 0.220         0.088 / 0.220       ms
[109.280s][info][gc,stats]            System: Java Threads                                     11 / 11               11 / 13               11 / 13               11 / 13          threads
[109.280s][info][gc,stats]  Young Generation: Young Generation                              8.637 / 38.499      534.371 / 4147.767    534.371 / 4147.767    534.371 / 4147.767    ms
[109.280s][info][gc,stats]  Young Generation: Young Generation                              0.000 / 0.000         0.000 / 0.000         0.000 / 0.000         0.000 / 0.000       ms
[109.280s][info][gc,stats]  Young Generation: Young Generation (Collect Roots)              0.000 / 0.000         0.000 / 0.000         0.000 / 0.000         0.000 / 0.000       ms
[109.280s][info][gc,stats]  Young Generation: Young Generation (Promote All)                0.000 / 0.000         0.000 / 0.000         0.000 / 0.000         0.000 / 0.000       ms
[109.280s][info][gc,stats]       Young Pause: Pause Mark End                                0.010 / 0.012         0.011 / 0.014         0.011 / 0.014         0.011 / 0.014       ms
[109.280s][info][gc,stats]       Young Pause: Pause Mark Start                              0.000 / 0.000         0.000 / 0.000         0.000 / 0.000         0.000 / 0.000       ms
[109.280s][info][gc,stats]       Young Pause: Pause Mark Start (Major)                      0.015 / 0.016         0.015 / 0.036         0.015 / 0.036         0.015 / 0.036       ms
[109.280s][info][gc,stats]       Young Pause: Pause Relocate Start                          0.007 / 0.007         0.008 / 0.015         0.008 / 0.015         0.008 / 0.015       ms
[109.280s][info][gc,stats]       Young Phase: Concurrent Mark                               7.401 / 35.808      470.666 / 3716.330    470.666 / 3716.330    470.666 / 3716.330    ms
[109.280s][info][gc,stats]       Young Phase: Concurrent Mark Continue                      0.000 / 0.000         0.000 / 0.000         0.000 / 0.000         0.000 / 0.000       ms
[109.280s][info][gc,stats]       Young Phase: Concurrent Mark Free                          0.001 / 0.001         0.002 / 0.007         0.002 / 0.007         0.002 / 0.007       ms
[109.280s][info][gc,stats]       Young Phase: Concurrent Relocate                           0.076 / 0.118        35.374 / 262.944      35.374 / 262.944      35.374 / 262.944     ms
[109.280s][info][gc,stats]       Young Phase: Concurrent Reset Relocation Set               0.000 / 0.000         0.138 / 3.920         0.138 / 3.920         0.138 / 3.920       ms
[109.280s][info][gc,stats]       Young Phase: Concurrent Select Relocation Set              0.608 / 0.960        27.671 / 182.652      27.671 / 182.652      27.671 / 182.652     ms
[109.280s][info][gc,stats]    Young Subphase: Concurrent Mark Follow                        6.461 / 34.905      469.550 / 3715.156    469.550 / 3715.156    469.550 / 3715.156    ms
[109.280s][info][gc,stats]    Young Subphase: Concurrent Mark Root Colored                  0.663 / 0.732         0.685 / 1.036         0.685 / 1.036         0.685 / 1.036       ms
[109.280s][info][gc,stats]    Young Subphase: Concurrent Mark Root Uncolored                0.058 / 0.079         0.209 / 0.433         0.209 / 0.433         0.209 / 0.433       ms
[109.280s][info][gc,stats]    Young Subphase: Concurrent Mark Roots                         0.937 / 0.979         1.114 / 1.617         1.114 / 1.617         1.114 / 1.617       ms
[109.280s][info][gc,stats]    Young Subphase: Concurrent Relocate Remset FP                 0.009 / 0.011        35.012 / 262.800      35.012 / 262.800      35.012 / 262.800     ms
[109.280s][info][gc,stats]    Young Subphase: Concurrent Roots ClassLoaderDataGraph         0.547 / 0.576         0.564 / 0.724         0.564 / 0.724         0.564 / 0.724       ms
[109.280s][info][gc,stats]    Young Subphase: Concurrent Roots CodeCache                    0.027 / 0.046         0.174 / 0.268         0.174 / 0.268         0.174 / 0.268       ms
[109.280s][info][gc,stats]    Young Subphase: Concurrent Roots JavaThreads                  0.016 / 0.042         0.020 / 0.432         0.020 / 0.432         0.020 / 0.432       ms
[109.280s][info][gc,stats]    Young Subphase: Concurrent Roots OopStorageSet                0.005 / 0.007         0.021 / 0.481         0.021 / 0.481         0.021 / 0.481       ms
[109.280s][info][gc,stats]    Young Subphase: Concurrent Weak Roots OopStorageSet           0.110 / 0.153         0.112 / 0.236         0.112 / 0.236         0.112 / 0.236       ms
[109.280s][info][gc,stats] =========================================================================================================================================================
