
=== RUN 48/80 (GA clear_path_only) ===

[0.028s][info][gc,ref] Reference Processor created, Macros: ZUseSeparateDiscoveredLists=0, ZUseDynamicArray=0, ZUseOptimisedClearPath=1
[1.828s][info][gc,ref] GC(0) O:                           Encountered       Discovered Cleared/Enqueued 
[1.828s][info][gc,ref] GC(0) O: Soft References:                    0                0                0 
[1.828s][info][gc,ref] GC(0) O: Weak References:                    0                0                0 
[1.828s][info][gc,ref] GC(0) O: Weak (No Queue):                    0                0                0 
[1.828s][info][gc,ref] GC(0) O: Weak Fields:                        0                0                0 
[1.828s][info][gc,ref] GC(0) O: Final References:                   0                0                0 
[1.828s][info][gc,ref] GC(0) O: Phantom References:                 0                0                0 
[2.345s][info][gc,ref] GC(1) O:                           Encountered       Discovered Cleared/Enqueued 
[2.345s][info][gc,ref] GC(1) O: Soft References:                  139                0                0 
[2.345s][info][gc,ref] GC(1) O: Weak References:                  577                0                0 
[2.345s][info][gc,ref] GC(1) O: Weak (No Queue):                    3                0                0 
[2.345s][info][gc,ref] GC(1) O: Weak Fields:                        0                0                0 
[2.345s][info][gc,ref] GC(1) O: Final References:                   0                0                0 
[2.345s][info][gc,ref] GC(1) O: Phantom References:                 1                0                0 
[2.877s][info][gc,ref] GC(2) O:                           Encountered       Discovered Cleared/Enqueued 
[2.877s][info][gc,ref] GC(2) O: Soft References:                  162                0                0 
[2.877s][info][gc,ref] GC(2) O: Weak References:                  796                0                0 
[2.877s][info][gc,ref] GC(2) O: Weak (No Queue):                    3                0                0 
[2.877s][info][gc,ref] GC(2) O: Weak Fields:                        0                0                0 
[2.877s][info][gc,ref] GC(2) O: Final References:                   0                0                0 
[2.877s][info][gc,ref] GC(2) O: Phantom References:                 1                0                0 
WeakRefMultiObjectBenchmark: objects=7340009 minSize=509 maxSize=1097 sleepMillis=3000 iterations=3

=== Iteration 1 ===
Phase 1: Allocating references and objects...
[3.422s][info][gc,ref] GC(3) O:                           Encountered       Discovered Cleared/Enqueued 
[3.422s][info][gc,ref] GC(3) O: Soft References:                  238                0                0 
[3.422s][info][gc,ref] GC(3) O: Weak References:                 1349              386              118 
[3.422s][info][gc,ref] GC(3) O: Weak (No Queue):                    3                3                0 
[3.422s][info][gc,ref] GC(3) O: Weak Fields:                        0                0                0 
[3.422s][info][gc,ref] GC(3) O: Final References:                   0                0                0 
[3.422s][info][gc,ref] GC(3) O: Phantom References:                 1                1                0 
[4.177s][info][gc,ref] GC(4) O:                           Encountered       Discovered Cleared/Enqueued 
[4.177s][info][gc,ref] GC(4) O: Soft References:                  238                0                0 
[4.177s][info][gc,ref] GC(4) O: Weak References:                 1231              393               67 
[4.177s][info][gc,ref] GC(4) O: Weak (No Queue):                    3                3                0 
[4.177s][info][gc,ref] GC(4) O: Weak Fields:                        0                0                0 
[4.177s][info][gc,ref] GC(4) O: Final References:                   0                0                0 
[4.177s][info][gc,ref] GC(4) O: Phantom References:                 1                1                0 
[5.534s][info][gc,ref] GC(5) O:                           Encountered       Discovered Cleared/Enqueued 
[5.534s][info][gc,ref] GC(5) O: Soft References:                  238                0                0 
[5.534s][info][gc,ref] GC(5) O: Weak References:               368165              351              150 
[5.534s][info][gc,ref] GC(5) O: Weak (No Queue):              1019121                0                0 
[5.534s][info][gc,ref] GC(5) O: Weak Fields:                        0                0                0 
[5.534s][info][gc,ref] GC(5) O: Final References:                   0                0                0 
[5.534s][info][gc,ref] GC(5) O: Phantom References:                 1                1                0 
Allocated 7340009 objects in 4.34 seconds
Phase 2: Sleeping for 3000 ms...
[8.550s][info][gc,ref] GC(6) O:                           Encountered       Discovered Cleared/Enqueued 
[8.550s][info][gc,ref] GC(6) O: Soft References:                  238                0                0 
[8.550s][info][gc,ref] GC(6) O: Weak References:               368015               85                0 
[8.550s][info][gc,ref] GC(6) O: Weak (No Queue):              3834853                3                0 
[8.550s][info][gc,ref] GC(6) O: Weak Fields:                        0                0                0 
[8.550s][info][gc,ref] GC(6) O: Final References:                   0                0                0 
[8.550s][info][gc,ref] GC(6) O: Phantom References:                 1                1                0 
Phase 3.1: Clearing strong references...
Cleared 1468002 strong references, 5872007 remaining
Waiting 3000 ms...
[13.619s][info][gc,ref] GC(7) O:                           Encountered       Discovered Cleared/Enqueued 
[13.619s][info][gc,ref] GC(7) O: Soft References:                  238                0                0 
[13.619s][info][gc,ref] GC(7) O: Weak References:               368015            98947                0 
[13.619s][info][gc,ref] GC(7) O: Weak (No Queue):              6973011           273990                0 
[13.619s][info][gc,ref] GC(7) O: Weak Fields:                        0                0                0 
[13.619s][info][gc,ref] GC(7) O: Final References:                   0                0                0 
[13.619s][info][gc,ref] GC(7) O: Phantom References:                 1                1                0 
Phase 3.2: Clearing strong references...
Cleared 1468002 strong references, 4404005 remaining
Waiting 3000 ms...
Phase 3.3: Clearing strong references...
Cleared 1468002 strong references, 2936003 remaining
Waiting 3000 ms...
[19.669s][info][gc,ref] GC(8) O:                           Encountered       Discovered Cleared/Enqueued 
[19.669s][info][gc,ref] GC(8) O: Soft References:                  238                0                0 
[19.669s][info][gc,ref] GC(8) O: Weak References:               368015           253140            75817 
[19.669s][info][gc,ref] GC(8) O: Weak (No Queue):              6973011          2642784           794400 
[19.669s][info][gc,ref] GC(8) O: Weak Fields:                        0                0                0 
[19.669s][info][gc,ref] GC(8) O: Final References:                   0                0                0 
[19.669s][info][gc,ref] GC(8) O: Phantom References:                 1                1                0 
Phase 3.4: Clearing strong references...
Cleared 1468002 strong references, 1468001 remaining
Waiting 3000 ms...
Phase 3.5: Clearing strong references...
Cleared 1468001 strong references, 0 remaining
Waiting 3000 ms...
Waiting 6000 ms...
[27.037s][info][gc,ref] GC(9) O:                           Encountered       Discovered Cleared/Enqueued 
[27.037s][info][gc,ref] GC(9) O: Soft References:                  238                0                0 
[27.037s][info][gc,ref] GC(9) O: Weak References:               292198           252182           143654 
[27.037s][info][gc,ref] GC(9) O: Weak (No Queue):              6178611          5431669          3390135 
[27.037s][info][gc,ref] GC(9) O: Weak Fields:                        0                0                0 
[27.037s][info][gc,ref] GC(9) O: Final References:                   0                0                0 
[27.038s][info][gc,ref] GC(9) O: Phantom References:                 1                1                0 
Phase 4: Final weak reference checks...
[33.074s][info][gc,ref] GC(10) O:                           Encountered       Discovered Cleared/Enqueued 
[33.074s][info][gc,ref] GC(10) O: Soft References:                  238                0                0 
[33.074s][info][gc,ref] GC(10) O: Weak References:               148544           147908           147530 
[33.074s][info][gc,ref] GC(10) O: Weak (No Queue):              2788476          2788476          2788473 
[33.074s][info][gc,ref] GC(10) O: Weak Fields:                        0                0                0 
[33.074s][info][gc,ref] GC(10) O: Final References:                   0                0                0 
[33.074s][info][gc,ref] GC(10) O: Phantom References:                 1                1                0 
Final count of alive weak references: 0
References enqueued in ReferenceQueue: 367001
Cooling down for 5 seconds...
[36.426s][info][gc,ref] GC(11) O:                           Encountered       Discovered Cleared/Enqueued 
[36.426s][info][gc,ref] GC(11) O: Soft References:                  238                0                0 
[36.426s][info][gc,ref] GC(11) O: Weak References:                 1014                2                0 
[36.426s][info][gc,ref] GC(11) O: Weak (No Queue):                    3                3                0 
[36.426s][info][gc,ref] GC(11) O: Weak Fields:                        0                0                0 
[36.426s][info][gc,ref] GC(11) O: Final References:                   0                0                0 
[36.426s][info][gc,ref] GC(11) O: Phantom References:                 1                1                0 
[36.975s][info][gc,ref] GC(12) O:                           Encountered       Discovered Cleared/Enqueued 
[36.975s][info][gc,ref] GC(12) O: Soft References:                  238                0                0 
[36.975s][info][gc,ref] GC(12) O: Weak References:                 1014               69                0 
[36.975s][info][gc,ref] GC(12) O: Weak (No Queue):                    3                3                0 
[36.975s][info][gc,ref] GC(12) O: Weak Fields:                        0                0                0 
[36.975s][info][gc,ref] GC(12) O: Final References:                   0                0                0 
[36.975s][info][gc,ref] GC(12) O: Phantom References:                 1                1                0 
[37.504s][info][gc,ref] GC(13) O:                           Encountered       Discovered Cleared/Enqueued 
[37.504s][info][gc,ref] GC(13) O: Soft References:                  238                0                0 
[37.504s][info][gc,ref] GC(13) O: Weak References:                 1014              445                0 
[37.504s][info][gc,ref] GC(13) O: Weak (No Queue):                    3                3                0 
[37.504s][info][gc,ref] GC(13) O: Weak Fields:                        0                0                0 
[37.504s][info][gc,ref] GC(13) O: Final References:                   0                0                0 
[37.504s][info][gc,ref] GC(13) O: Phantom References:                 1                1                0 
[38.039s][info][gc,ref] GC(14) O:                           Encountered       Discovered Cleared/Enqueued 
[38.039s][info][gc,ref] GC(14) O: Soft References:                  238                0                0 
[38.039s][info][gc,ref] GC(14) O: Weak References:                 1014              111                0 
[38.039s][info][gc,ref] GC(14) O: Weak (No Queue):                    3                3                0 
[38.039s][info][gc,ref] GC(14) O: Weak Fields:                        0                0                0 
[38.039s][info][gc,ref] GC(14) O: Final References:                   0                0                0 
[38.039s][info][gc,ref] GC(14) O: Phantom References:                 1                1                0 
[38.569s][info][gc,ref] GC(15) O:                           Encountered       Discovered Cleared/Enqueued 
[38.569s][info][gc,ref] GC(15) O: Soft References:                  238                0                0 
[38.569s][info][gc,ref] GC(15) O: Weak References:                 1014               11                0 
[38.569s][info][gc,ref] GC(15) O: Weak (No Queue):                    3                3                0 
[38.569s][info][gc,ref] GC(15) O: Weak Fields:                        0                0                0 
[38.569s][info][gc,ref] GC(15) O: Final References:                   0                0                0 
[38.569s][info][gc,ref] GC(15) O: Phantom References:                 1                1                0 
[39.100s][info][gc,ref] GC(16) O:                           Encountered       Discovered Cleared/Enqueued 
[39.100s][info][gc,ref] GC(16) O: Soft References:                  238                0                0 
[39.100s][info][gc,ref] GC(16) O: Weak References:                 1014              121                0 
[39.100s][info][gc,ref] GC(16) O: Weak (No Queue):                    3                0                0 
[39.100s][info][gc,ref] GC(16) O: Weak Fields:                        0                0                0 
[39.100s][info][gc,ref] GC(16) O: Final References:                   0                0                0 
[39.100s][info][gc,ref] GC(16) O: Phantom References:                 1                1                0 
[39.628s][info][gc,ref] GC(17) O:                           Encountered       Discovered Cleared/Enqueued 
[39.628s][info][gc,ref] GC(17) O: Soft References:                  238                0                0 
[39.628s][info][gc,ref] GC(17) O: Weak References:                 1014               15                0 
[39.628s][info][gc,ref] GC(17) O: Weak (No Queue):                    3                3                0 
[39.628s][info][gc,ref] GC(17) O: Weak Fields:                        0                0                0 
[39.628s][info][gc,ref] GC(17) O: Final References:                   0                0                0 
[39.628s][info][gc,ref] GC(17) O: Phantom References:                 1                1                0 
[40.164s][info][gc,ref] GC(18) O:                           Encountered       Discovered Cleared/Enqueued 
[40.164s][info][gc,ref] GC(18) O: Soft References:                  238                0                0 
[40.164s][info][gc,ref] GC(18) O: Weak References:                 1014                9                0 
[40.164s][info][gc,ref] GC(18) O: Weak (No Queue):                    3                3                0 
[40.164s][info][gc,ref] GC(18) O: Weak Fields:                        0                0                0 
[40.164s][info][gc,ref] GC(18) O: Final References:                   0                0                0 
[40.164s][info][gc,ref] GC(18) O: Phantom References:                 1                1                0 

=== Iteration 2 ===
Phase 1: Allocating references and objects...
[40.710s][info][gc,ref] GC(19) O:                           Encountered       Discovered Cleared/Enqueued 
[40.710s][info][gc,ref] GC(19) O: Soft References:                  238                0                0 
[40.710s][info][gc,ref] GC(19) O: Weak References:                 1014               57                0 
[40.710s][info][gc,ref] GC(19) O: Weak (No Queue):                    3                3                0 
[40.710s][info][gc,ref] GC(19) O: Weak Fields:                        0                0                0 
[40.710s][info][gc,ref] GC(19) O: Final References:                   0                0                0 
[40.710s][info][gc,ref] GC(19) O: Phantom References:                 1                1                0 
[41.625s][info][gc,ref] GC(20) O:                           Encountered       Discovered Cleared/Enqueued 
[41.625s][info][gc,ref] GC(20) O: Soft References:                  238                0                0 
[41.625s][info][gc,ref] GC(20) O: Weak References:               124006              450                0 
[41.625s][info][gc,ref] GC(20) O: Weak (No Queue):                    3                3                0 
[41.625s][info][gc,ref] GC(20) O: Weak Fields:                        0                0                0 
[41.625s][info][gc,ref] GC(20) O: Final References:                   0                0                0 
[41.625s][info][gc,ref] GC(20) O: Phantom References:                 1                1                0 
Allocated 7340009 objects in 1.93 seconds
Phase 2: Sleeping for 3000 ms...
[45.242s][info][gc,ref] GC(21) O:                           Encountered       Discovered Cleared/Enqueued 
[45.242s][info][gc,ref] GC(21) O: Soft References:                  238                0                0 
[45.242s][info][gc,ref] GC(21) O: Weak References:               368015              429                0 
[45.242s][info][gc,ref] GC(21) O: Weak (No Queue):              5458098                0                0 
[45.242s][info][gc,ref] GC(21) O: Weak Fields:                        0                0                0 
[45.242s][info][gc,ref] GC(21) O: Final References:                   0                0                0 
[45.242s][info][gc,ref] GC(21) O: Phantom References:                 1                1                0 
Phase 3.1: Clearing strong references...
Cleared 1468002 strong references, 5872007 remaining
Waiting 3000 ms...
Phase 3.2: Clearing strong references...
Cleared 1468002 strong references, 4404005 remaining
Waiting 3000 ms...
[50.192s][info][gc,ref] GC(22) O:                           Encountered       Discovered Cleared/Enqueued 
[50.192s][info][gc,ref] GC(22) O: Soft References:                  238                0                0 
[50.192s][info][gc,ref] GC(22) O: Weak References:               368015           106454                0 
[50.192s][info][gc,ref] GC(22) O: Weak (No Queue):              6973011                3                0 
[50.192s][info][gc,ref] GC(22) O: Weak Fields:                        0                0                0 
[50.192s][info][gc,ref] GC(22) O: Final References:                   0                0                0 
[50.192s][info][gc,ref] GC(22) O: Phantom References:                 1                1                0 
Phase 3.3: Clearing strong references...
Cleared 1468002 strong references, 2936003 remaining
Waiting 3000 ms...
Phase 3.4: Clearing strong references...
Cleared 1468002 strong references, 1468001 remaining
Waiting 3000 ms...
[56.389s][info][gc,ref] GC(23) O:                           Encountered       Discovered Cleared/Enqueued 
[56.389s][info][gc,ref] GC(23) O: Soft References:                  238                0                0 
[56.389s][info][gc,ref] GC(23) O: Weak References:               368015           211717           146019 
[56.389s][info][gc,ref] GC(23) O: Weak (No Queue):              6973011          3152763          2183960 
[56.389s][info][gc,ref] GC(23) O: Weak Fields:                        0                0                0 
[56.389s][info][gc,ref] GC(23) O: Final References:                   0                0                0 
[56.389s][info][gc,ref] GC(23) O: Phantom References:                 1                1                0 
Phase 3.5: Clearing strong references...
Cleared 1468001 strong references, 0 remaining
Waiting 3000 ms...
Waiting 6000 ms...
[63.211s][info][gc,ref] GC(24) O:                           Encountered       Discovered Cleared/Enqueued 
[63.211s][info][gc,ref] GC(24) O: Soft References:                  238                0                0 
[63.211s][info][gc,ref] GC(24) O: Weak References:               221996           209850           147745 
[63.211s][info][gc,ref] GC(24) O: Weak (No Queue):              4789051          4563754          3394284 
[63.211s][info][gc,ref] GC(24) O: Weak Fields:                        0                0                0 
[63.211s][info][gc,ref] GC(24) O: Final References:                   0                0                0 
[63.211s][info][gc,ref] GC(24) O: Phantom References:                 1                1                0 
Phase 4: Final weak reference checks...
Final count of alive weak references: 1468001
References enqueued in ReferenceQueue: 293764
Cooling down for 5 seconds...
[68.600s][info][gc,ref] GC(25) O:                           Encountered       Discovered Cleared/Enqueued 
[68.600s][info][gc,ref] GC(25) O: Soft References:                  238                0                0 
[68.600s][info][gc,ref] GC(25) O: Weak References:                74251            73830                0 
[68.600s][info][gc,ref] GC(25) O: Weak (No Queue):              1394767          1394765                0 
[68.600s][info][gc,ref] GC(25) O: Weak Fields:                        0                0                0 
[68.600s][info][gc,ref] GC(25) O: Final References:                   0                0                0 
[68.600s][info][gc,ref] GC(25) O: Phantom References:                 1                1                0 
[69.166s][info][gc,ref] GC(26) O:                           Encountered       Discovered Cleared/Enqueued 
[69.166s][info][gc,ref] GC(26) O: Soft References:                  238                0                0 
[69.166s][info][gc,ref] GC(26) O: Weak References:                 1014               15                0 
[69.166s][info][gc,ref] GC(26) O: Weak (No Queue):                    3                0                0 
[69.166s][info][gc,ref] GC(26) O: Weak Fields:                        0                0                0 
[69.166s][info][gc,ref] GC(26) O: Final References:                   0                0                0 
[69.166s][info][gc,ref] GC(26) O: Phantom References:                 1                1                0 
[69.700s][info][gc,ref] GC(27) O:                           Encountered       Discovered Cleared/Enqueued 
[69.700s][info][gc,ref] GC(27) O: Soft References:                  238                0                0 
[69.700s][info][gc,ref] GC(27) O: Weak References:                 1014              459                0 
[69.700s][info][gc,ref] GC(27) O: Weak (No Queue):                    3                0                0 
[69.700s][info][gc,ref] GC(27) O: Weak Fields:                        0                0                0 
[69.700s][info][gc,ref] GC(27) O: Final References:                   0                0                0 
[69.700s][info][gc,ref] GC(27) O: Phantom References:                 1                0                0 
[70.235s][info][gc,ref] GC(28) O:                           Encountered       Discovered Cleared/Enqueued 
[70.235s][info][gc,ref] GC(28) O: Soft References:                  238                0                0 
[70.235s][info][gc,ref] GC(28) O: Weak References:                 1014              128                0 
[70.235s][info][gc,ref] GC(28) O: Weak (No Queue):                    3                0                0 
[70.235s][info][gc,ref] GC(28) O: Weak Fields:                        0                0                0 
[70.235s][info][gc,ref] GC(28) O: Final References:                   0                0                0 
[70.235s][info][gc,ref] GC(28) O: Phantom References:                 1                1                0 
[70.770s][info][gc,ref] GC(29) O:                           Encountered       Discovered Cleared/Enqueued 
[70.770s][info][gc,ref] GC(29) O: Soft References:                  238                0                0 
[70.770s][info][gc,ref] GC(29) O: Weak References:                 1014              458                0 
[70.770s][info][gc,ref] GC(29) O: Weak (No Queue):                    3                0                0 
[70.771s][info][gc,ref] GC(29) O: Weak Fields:                        0                0                0 
[70.771s][info][gc,ref] GC(29) O: Final References:                   0                0                0 
[70.771s][info][gc,ref] GC(29) O: Phantom References:                 1                0                0 
[71.306s][info][gc,ref] GC(30) O:                           Encountered       Discovered Cleared/Enqueued 
[71.306s][info][gc,ref] GC(30) O: Soft References:                  238                0                0 
[71.306s][info][gc,ref] GC(30) O: Weak References:                 1014              455                0 
[71.306s][info][gc,ref] GC(30) O: Weak (No Queue):                    3                0                0 
[71.306s][info][gc,ref] GC(30) O: Weak Fields:                        0                0                0 
[71.306s][info][gc,ref] GC(30) O: Final References:                   0                0                0 
[71.306s][info][gc,ref] GC(30) O: Phantom References:                 1                0                0 
[71.840s][info][gc,ref] GC(31) O:                           Encountered       Discovered Cleared/Enqueued 
[71.840s][info][gc,ref] GC(31) O: Soft References:                  238                0                0 
[71.840s][info][gc,ref] GC(31) O: Weak References:                 1014              456                0 
[71.840s][info][gc,ref] GC(31) O: Weak (No Queue):                    3                0                0 
[71.840s][info][gc,ref] GC(31) O: Weak Fields:                        0                0                0 
[71.840s][info][gc,ref] GC(31) O: Final References:                   0                0                0 
[71.840s][info][gc,ref] GC(31) O: Phantom References:                 1                0                0 
[72.375s][info][gc,ref] GC(32) O:                           Encountered       Discovered Cleared/Enqueued 
[72.375s][info][gc,ref] GC(32) O: Soft References:                  238                0                0 
[72.375s][info][gc,ref] GC(32) O: Weak References:                 1014              128                0 
[72.375s][info][gc,ref] GC(32) O: Weak (No Queue):                    3                0                0 
[72.375s][info][gc,ref] GC(32) O: Weak Fields:                        0                0                0 
[72.375s][info][gc,ref] GC(32) O: Final References:                   0                0                0 
[72.375s][info][gc,ref] GC(32) O: Phantom References:                 1                1                0 
[72.910s][info][gc,ref] GC(33) O:                           Encountered       Discovered Cleared/Enqueued 
[72.910s][info][gc,ref] GC(33) O: Soft References:                  238                0                0 
[72.910s][info][gc,ref] GC(33) O: Weak References:                 1014               48                0 
[72.910s][info][gc,ref] GC(33) O: Weak (No Queue):                    3                3                0 
[72.910s][info][gc,ref] GC(33) O: Weak Fields:                        0                0                0 
[72.910s][info][gc,ref] GC(33) O: Final References:                   0                0                0 
[72.910s][info][gc,ref] GC(33) O: Phantom References:                 1                1                0 

=== Iteration 3 ===
Phase 1: Allocating references and objects...
[73.459s][info][gc,ref] GC(34) O:                           Encountered       Discovered Cleared/Enqueued 
[73.459s][info][gc,ref] GC(34) O: Soft References:                  238                0                0 
[73.459s][info][gc,ref] GC(34) O: Weak References:                 1014               47                0 
[73.459s][info][gc,ref] GC(34) O: Weak (No Queue):                    3                0                0 
[73.459s][info][gc,ref] GC(34) O: Weak Fields:                        0                0                0 
[73.459s][info][gc,ref] GC(34) O: Final References:                   0                0                0 
[73.459s][info][gc,ref] GC(34) O: Phantom References:                 1                1                0 
[74.177s][info][gc,ref] GC(35) O:                           Encountered       Discovered Cleared/Enqueued 
[74.177s][info][gc,ref] GC(35) O: Soft References:                  238                0                0 
[74.177s][info][gc,ref] GC(35) O: Weak References:                 1014              447                0 
[74.177s][info][gc,ref] GC(35) O: Weak (No Queue):                    3                0                0 
[74.177s][info][gc,ref] GC(35) O: Weak Fields:                        0                0                0 
[74.177s][info][gc,ref] GC(35) O: Final References:                   0                0                0 
[74.177s][info][gc,ref] GC(35) O: Phantom References:                 1                1                0 
Allocated 7340009 objects in 1.94 seconds
Phase 2: Sleeping for 3000 ms...
[76.973s][info][gc,ref] GC(36) O:                           Encountered       Discovered Cleared/Enqueued 
[76.973s][info][gc,ref] GC(36) O: Soft References:                  238                0                0 
[76.973s][info][gc,ref] GC(36) O: Weak References:               368015                1                0 
[76.973s][info][gc,ref] GC(36) O: Weak (No Queue):              4027822                0                0 
[76.973s][info][gc,ref] GC(36) O: Weak Fields:                        0                0                0 
[76.973s][info][gc,ref] GC(36) O: Final References:                   0                0                0 
[76.973s][info][gc,ref] GC(36) O: Phantom References:                 1                1                0 
Phase 3.1: Clearing strong references...
Cleared 1468002 strong references, 5872007 remaining
Waiting 3000 ms...
Phase 3.2: Clearing strong references...
Cleared 1468002 strong references, 4404005 remaining
Waiting 3000 ms...
[81.939s][info][gc,ref] GC(37) O:                           Encountered       Discovered Cleared/Enqueued 
[81.939s][info][gc,ref] GC(37) O: Soft References:                  238                0                0 
[81.939s][info][gc,ref] GC(37) O: Weak References:               368015              561                0 
[81.939s][info][gc,ref] GC(37) O: Weak (No Queue):              6973011                3                0 
[81.939s][info][gc,ref] GC(37) O: Weak Fields:                        0                0                0 
[81.939s][info][gc,ref] GC(37) O: Final References:                   0                0                0 
[81.939s][info][gc,ref] GC(37) O: Phantom References:                 1                1                0 
Phase 3.3: Clearing strong references...
Cleared 1468002 strong references, 2936003 remaining
Waiting 3000 ms...
[87.824s][info][gc,ref] GC(38) O:                           Encountered       Discovered Cleared/Enqueued 
[87.824s][info][gc,ref] GC(38) O: Soft References:                  238                0                0 
[87.824s][info][gc,ref] GC(38) O: Weak References:               368015           270698           147190 
[87.824s][info][gc,ref] GC(38) O: Weak (No Queue):              6973011          2963629          1610734 
[87.824s][info][gc,ref] GC(38) O: Weak Fields:                        0                0                0 
[87.824s][info][gc,ref] GC(38) O: Final References:                   0                0                0 
[87.824s][info][gc,ref] GC(38) O: Phantom References:                 1                1                0 
Phase 3.4: Clearing strong references...
Cleared 1468002 strong references, 1468001 remaining
Waiting 3000 ms...
Phase 3.5: Clearing strong references...
Cleared 1468001 strong references, 0 remaining
Waiting 3000 ms...
[94.448s][info][gc,ref] GC(39) O:                           Encountered       Discovered Cleared/Enqueued 
[94.449s][info][gc,ref] GC(39) O: Soft References:                  238                0                0 
[94.449s][info][gc,ref] GC(39) O: Weak References:               220825           208223           146304 
[94.449s][info][gc,ref] GC(39) O: Weak (No Queue):              5362277          5137689          3967780 
[94.449s][info][gc,ref] GC(39) O: Weak Fields:                        0                0                0 
[94.449s][info][gc,ref] GC(39) O: Final References:                   0                0                0 
[94.449s][info][gc,ref] GC(39) O: Phantom References:                 1                1                0 
Waiting 6000 ms...
[100.086s][info][gc,ref] GC(40) O:                           Encountered       Discovered Cleared/Enqueued 
[100.086s][info][gc,ref] GC(40) O: Soft References:                  238                0                0 
[100.086s][info][gc,ref] GC(40) O: Weak References:                74521            73683            73507 
[100.086s][info][gc,ref] GC(40) O: Weak (No Queue):              1394497          1394495          1394494 
[100.086s][info][gc,ref] GC(40) O: Weak Fields:                        0                0                0 
[100.086s][info][gc,ref] GC(40) O: Final References:                   0                0                0 
[100.086s][info][gc,ref] GC(40) O: Phantom References:                 1                1                0 
Phase 4: Final weak reference checks...
Final count of alive weak references: 0
References enqueued in ReferenceQueue: 367001
Cooling down for 5 seconds...
[103.331s][info][gc,ref] GC(41) O:                           Encountered       Discovered Cleared/Enqueued 
[103.331s][info][gc,ref] GC(41) O: Soft References:                  238                0                0 
[103.331s][info][gc,ref] GC(41) O: Weak References:                 1014              688                0 
[103.331s][info][gc,ref] GC(41) O: Weak (No Queue):                    3                1                0 
[103.331s][info][gc,ref] GC(41) O: Weak Fields:                        0                0                0 
[103.331s][info][gc,ref] GC(41) O: Final References:                   0                0                0 
[103.331s][info][gc,ref] GC(41) O: Phantom References:                 1                0                0 
[103.869s][info][gc,ref] GC(42) O:                           Encountered       Discovered Cleared/Enqueued 
[103.869s][info][gc,ref] GC(42) O: Soft References:                  238                0                0 
[103.869s][info][gc,ref] GC(42) O: Weak References:                 1014              789                0 
[103.869s][info][gc,ref] GC(42) O: Weak (No Queue):                    3                1                0 
[103.869s][info][gc,ref] GC(42) O: Weak Fields:                        0                0                0 
[103.869s][info][gc,ref] GC(42) O: Final References:                   0                0                0 
[103.869s][info][gc,ref] GC(42) O: Phantom References:                 1                0                0 
[104.397s][info][gc,ref] GC(43) O:                           Encountered       Discovered Cleared/Enqueued 
[104.397s][info][gc,ref] GC(43) O: Soft References:                  238                0                0 
[104.397s][info][gc,ref] GC(43) O: Weak References:                 1014              349                0 
[104.397s][info][gc,ref] GC(43) O: Weak (No Queue):                    3                0                0 
[104.397s][info][gc,ref] GC(43) O: Weak Fields:                        0                0                0 
[104.397s][info][gc,ref] GC(43) O: Final References:                   0                0                0 
[104.397s][info][gc,ref] GC(43) O: Phantom References:                 1                1                0 
[104.923s][info][gc,ref] GC(44) O:                           Encountered       Discovered Cleared/Enqueued 
[104.923s][info][gc,ref] GC(44) O: Soft References:                  238                0                0 
[104.923s][info][gc,ref] GC(44) O: Weak References:                 1014              462                0 
[104.924s][info][gc,ref] GC(44) O: Weak (No Queue):                    3                0                0 
[104.924s][info][gc,ref] GC(44) O: Weak Fields:                        0                0                0 
[104.924s][info][gc,ref] GC(44) O: Final References:                   0                0                0 
[104.924s][info][gc,ref] GC(44) O: Phantom References:                 1                0                0 
[105.459s][info][gc,ref] GC(45) O:                           Encountered       Discovered Cleared/Enqueued 
[105.459s][info][gc,ref] GC(45) O: Soft References:                  238                0                0 
[105.459s][info][gc,ref] GC(45) O: Weak References:                 1014              390                0 
[105.459s][info][gc,ref] GC(45) O: Weak (No Queue):                    3                3                0 
[105.459s][info][gc,ref] GC(45) O: Weak Fields:                        0                0                0 
[105.459s][info][gc,ref] GC(45) O: Final References:                   0                0                0 
[105.459s][info][gc,ref] GC(45) O: Phantom References:                 1                1                0 
[105.993s][info][gc,ref] GC(46) O:                           Encountered       Discovered Cleared/Enqueued 
[105.993s][info][gc,ref] GC(46) O: Soft References:                  238                0                0 
[105.993s][info][gc,ref] GC(46) O: Weak References:                 1014              459                0 
[105.993s][info][gc,ref] GC(46) O: Weak (No Queue):                    3                0                0 
[105.993s][info][gc,ref] GC(46) O: Weak Fields:                        0                0                0 
[105.993s][info][gc,ref] GC(46) O: Final References:                   0                0                0 
[105.993s][info][gc,ref] GC(46) O: Phantom References:                 1                0                0 
[106.519s][info][gc,ref] GC(47) O:                           Encountered       Discovered Cleared/Enqueued 
[106.519s][info][gc,ref] GC(47) O: Soft References:                  238                0                0 
[106.519s][info][gc,ref] GC(47) O: Weak References:                 1014              226                0 
[106.519s][info][gc,ref] GC(47) O: Weak (No Queue):                    3                1                0 
[106.519s][info][gc,ref] GC(47) O: Weak Fields:                        0                0                0 
[106.519s][info][gc,ref] GC(47) O: Final References:                   0                0                0 
[106.519s][info][gc,ref] GC(47) O: Phantom References:                 1                0                0 
[107.052s][info][gc,ref] GC(48) O:                           Encountered       Discovered Cleared/Enqueued 
[107.052s][info][gc,ref] GC(48) O: Soft References:                  238                0                0 
[107.052s][info][gc,ref] GC(48) O: Weak References:                 1014                6                0 
[107.052s][info][gc,ref] GC(48) O: Weak (No Queue):                    3                3                0 
[107.052s][info][gc,ref] GC(48) O: Weak Fields:                        0                0                0 
[107.052s][info][gc,ref] GC(48) O: Final References:                   0                0                0 
[107.052s][info][gc,ref] GC(48) O: Phantom References:                 1                1                0 
[107.578s][info][gc,ref] GC(49) O:                           Encountered       Discovered Cleared/Enqueued 
[107.578s][info][gc,ref] GC(49) O: Soft References:                  238                0                0 
[107.578s][info][gc,ref] GC(49) O: Weak References:                 1014              390                0 
[107.578s][info][gc,ref] GC(49) O: Weak (No Queue):                    3                3                0 
[107.578s][info][gc,ref] GC(49) O: Weak Fields:                        0                0                0 
[107.578s][info][gc,ref] GC(49) O: Final References:                   0                0                0 
[107.578s][info][gc,ref] GC(49) O: Phantom References:                 1                1                0 
[107.681s][info][gc,stats] === Garbage Collection Statistics =======================================================================================================================
[107.681s][info][gc,stats]                                                              Last 10s              Last 10m              Last 10h                Total
[107.681s][info][gc,stats]                                                              Avg / Max             Avg / Max             Avg / Max             Avg / Max
[107.681s][info][gc,stats]        Contention: Mark Segment Reset Contention                     0 / 0                 0 / 8                 0 / 8                 0 / 8           ops/s
[107.681s][info][gc,stats]        Contention: Mark SeqNum Reset Contention                      0 / 0                 0 / 4                 0 / 4                 0 / 4           ops/s
[107.681s][info][gc,stats]          Critical: Allocation Stall                                  0 / 0                 0 / 0                 0 / 0                 0 / 0           ops/s
[107.681s][info][gc,stats]          Critical: Allocation Stall                              0.000 / 0.000         0.000 / 0.000         0.000 / 0.000         0.000 / 0.000       ms
[107.681s][info][gc,stats]          Critical: JNI Critical Stall                                0 / 0                 0 / 0                 0 / 0                 0 / 0           ops/s
[107.681s][info][gc,stats]          Critical: JNI Critical Stall                            0.000 / 0.000         0.000 / 0.000         0.000 / 0.000         0.000 / 0.000       ms
[107.681s][info][gc,stats]          Critical: Relocation Stall                                  0 / 0                 0 / 0                 0 / 0                 0 / 0           ops/s
[107.681s][info][gc,stats]          Critical: Relocation Stall                              0.000 / 0.000         0.000 / 0.000         0.000 / 0.000         0.000 / 0.000       ms
[107.681s][info][gc,stats]  Major Collection: Major Collection                           1002.807 / 5128.706   1686.174 / 6867.572   1686.174 / 6867.572   1686.174 / 6867.572    ms
[107.681s][info][gc,stats]            Memory: Allocation Rate                                   0 / 2               192 / 4556            192 / 4556            192 / 4556        MB/s
[107.681s][info][gc,stats]            Memory: Defragment                                        0 / 0                 0 / 0                 0 / 0                 0 / 0           ops/s
[107.681s][info][gc,stats]            Memory: Mapped Cache Harvest                              0 / 0                 0 / 0                 0 / 0                 0 / 0           MB/s
[107.681s][info][gc,stats]            Memory: Out Of Memory                                     0 / 0                 0 / 0                 0 / 0                 0 / 0           ops/s
[107.681s][info][gc,stats]            Memory: Uncommit                                          0 / 0                 0 / 0                 0 / 0                 0 / 0           MB/s
[107.681s][info][gc,stats]            Memory: Undo Object Allocation Failed                     0 / 0                 0 / 0                 0 / 0                 0 / 0           ops/s
[107.681s][info][gc,stats]            Memory: Undo Object Allocation Succeeded                  0 / 0                 0 / 1                 0 / 1                 0 / 1           ops/s
[107.681s][info][gc,stats]            Memory: Undo Page Allocation                              0 / 0                 0 / 0                 0 / 0                 0 / 0           ops/s
[107.681s][info][gc,stats]  Minor Collection: Minor Collection                              0.000 / 0.000         0.000 / 0.000         0.000 / 0.000         0.000 / 0.000       ms
[107.681s][info][gc,stats]    Old Generation: Old Generation                              987.720 / 5055.415   1154.229 / 6759.461   1154.229 / 6759.461   1154.229 / 6759.461    ms
[107.681s][info][gc,stats]         Old Pause: Pause Mark End                                0.010 / 0.013         0.012 / 0.015         0.012 / 0.015         0.012 / 0.015       ms
[107.681s][info][gc,stats]         Old Pause: Pause Relocate Start                          0.008 / 0.012         0.009 / 0.014         0.009 / 0.014         0.009 / 0.014       ms
[107.681s][info][gc,stats]         Old Phase: Concurrent Mark                             897.012 / 4380.996    946.459 / 5241.605    946.459 / 5241.605    946.459 / 5241.605    ms
[107.681s][info][gc,stats]         Old Phase: Concurrent Mark Continue                      0.000 / 0.000         0.000 / 0.000         0.000 / 0.000         0.000 / 0.000       ms
[107.682s][info][gc,stats]         Old Phase: Concurrent Mark Free                          0.004 / 0.005         0.004 / 0.007         0.004 / 0.007         0.004 / 0.007       ms
[107.682s][info][gc,stats]         Old Phase: Concurrent Process Non-Strong                17.927 / 129.221      70.180 / 626.708      70.180 / 626.708      70.180 / 626.708     ms
[107.682s][info][gc,stats]         Old Phase: Concurrent Relocate                          63.867 / 504.629     104.845 / 796.646     104.845 / 796.646     104.845 / 796.646     ms
[107.682s][info][gc,stats]         Old Phase: Concurrent Remap Roots                        2.245 / 13.143       21.379 / 103.326      21.379 / 103.326      21.379 / 103.326     ms
[107.682s][info][gc,stats]         Old Phase: Concurrent Reset Relocation Set               0.023 / 0.135         0.017 / 0.137         0.017 / 0.137         0.017 / 0.137       ms
[107.682s][info][gc,stats]         Old Phase: Concurrent Select Relocation Set              6.388 / 27.039       11.067 / 85.164       11.067 / 85.164       11.067 / 85.164      ms
[107.682s][info][gc,stats]      Old Subphase: Concurrent Classes Purge                      0.005 / 0.006         0.018 / 0.190         0.018 / 0.190         0.018 / 0.190       ms
[107.682s][info][gc,stats]      Old Subphase: Concurrent Classes Unlink                     1.423 / 1.512         1.417 / 1.619         1.417 / 1.619         1.417 / 1.619       ms
[107.682s][info][gc,stats]      Old Subphase: Concurrent Mark Follow                      896.816 / 4380.802    946.290 / 5241.422    946.290 / 5241.422    946.290 / 5241.422    ms
[107.682s][info][gc,stats]      Old Subphase: Concurrent Mark Root Colored                  0.042 / 0.088         0.031 / 0.112         0.031 / 0.112         0.031 / 0.112       ms
[107.682s][info][gc,stats]      Old Subphase: Concurrent Mark Root Uncolored                0.019 / 0.043         0.032 / 0.293         0.032 / 0.293         0.032 / 0.293       ms
[107.682s][info][gc,stats]      Old Subphase: Concurrent Mark Roots                         0.194 / 0.266         0.166 / 0.408         0.166 / 0.408         0.166 / 0.408       ms
[107.682s][info][gc,stats]      Old Subphase: Concurrent References Enqueue                 0.001 / 0.003         0.001 / 0.005         0.001 / 0.005         0.001 / 0.005       ms
[107.682s][info][gc,stats]      Old Subphase: Concurrent References Process                16.051 / 127.248      68.286 / 624.634      68.286 / 624.634      68.286 / 624.634     ms
[107.682s][info][gc,stats]      Old Subphase: Concurrent Remap Remembered                   1.822 / 12.569       16.236 / 102.675      16.236 / 102.675      16.236 / 102.675     ms
[107.682s][info][gc,stats]      Old Subphase: Concurrent Remap Roots Colored                0.052 / 0.089         0.153 / 0.552         0.153 / 0.552         0.153 / 0.552       ms
[107.682s][info][gc,stats]      Old Subphase: Concurrent Remap Roots Uncolored              0.226 / 0.303         0.217 / 0.318         0.217 / 0.318         0.217 / 0.318       ms
[107.682s][info][gc,stats]      Old Subphase: Concurrent Roots ClassLoaderDataGraph         0.034 / 0.078         0.100 / 0.485         0.100 / 0.485         0.100 / 0.485       ms
[107.682s][info][gc,stats]      Old Subphase: Concurrent Roots CodeCache                    0.224 / 0.299         0.215 / 0.314         0.215 / 0.314         0.215 / 0.314       ms
[107.682s][info][gc,stats]      Old Subphase: Concurrent Roots JavaThreads                  0.008 / 0.043         0.012 / 0.292         0.012 / 0.292         0.012 / 0.292       ms
[107.682s][info][gc,stats]      Old Subphase: Concurrent Roots OopStorageSet                0.004 / 0.009         0.005 / 0.017         0.005 / 0.017         0.005 / 0.017       ms
[107.682s][info][gc,stats]      Old Subphase: Concurrent Weak Roots OopStorageSet           0.085 / 0.199         0.086 / 0.285         0.086 / 0.285         0.086 / 0.285       ms
[107.682s][info][gc,stats]            System: Java Threads                                     11 / 11               11 / 13               11 / 13               11 / 13          threads
[107.682s][info][gc,stats]  Young Generation: Young Generation                              6.670 / 27.582      531.842 / 4154.474    531.842 / 4154.474    531.842 / 4154.474    ms
[107.682s][info][gc,stats]  Young Generation: Young Generation                              0.000 / 0.000         0.000 / 0.000         0.000 / 0.000         0.000 / 0.000       ms
[107.682s][info][gc,stats]  Young Generation: Young Generation (Collect Roots)              0.000 / 0.000         0.000 / 0.000         0.000 / 0.000         0.000 / 0.000       ms
[107.682s][info][gc,stats]  Young Generation: Young Generation (Promote All)                0.000 / 0.000         0.000 / 0.000         0.000 / 0.000         0.000 / 0.000       ms
[107.682s][info][gc,stats]       Young Pause: Pause Mark End                                0.009 / 0.012         0.011 / 0.014         0.011 / 0.014         0.011 / 0.014       ms
[107.682s][info][gc,stats]       Young Pause: Pause Mark Start                              0.000 / 0.000         0.000 / 0.000         0.000 / 0.000         0.000 / 0.000       ms
[107.682s][info][gc,stats]       Young Pause: Pause Mark Start (Major)                      0.014 / 0.015         0.015 / 0.017         0.015 / 0.017         0.015 / 0.017       ms
[107.682s][info][gc,stats]       Young Pause: Pause Relocate Start                          0.005 / 0.007         0.008 / 0.024         0.008 / 0.024         0.008 / 0.024       ms
[107.682s][info][gc,stats]       Young Phase: Concurrent Mark                               5.804 / 24.700      474.689 / 3697.531    474.689 / 3697.531    474.689 / 3697.531    ms
[107.682s][info][gc,stats]       Young Phase: Concurrent Mark Continue                      0.000 / 0.000         0.000 / 0.000         0.000 / 0.000         0.000 / 0.000       ms
[107.682s][info][gc,stats]       Young Phase: Concurrent Mark Free                          0.001 / 0.001         0.003 / 0.009         0.003 / 0.009         0.003 / 0.009       ms
[107.682s][info][gc,stats]       Young Phase: Concurrent Relocate                           0.037 / 0.048        30.913 / 302.047      30.913 / 302.047      30.913 / 302.047     ms
[107.682s][info][gc,stats]       Young Phase: Concurrent Reset Relocation Set               0.000 / 0.000         0.088 / 1.202         0.088 / 1.202         0.088 / 1.202       ms
[107.682s][info][gc,stats]       Young Phase: Concurrent Select Relocation Set              0.279 / 0.821        25.647 / 238.947      25.647 / 238.947      25.647 / 238.947     ms
[107.682s][info][gc,stats]    Young Subphase: Concurrent Mark Follow                        4.661 / 23.564      473.532 / 3696.343    473.532 / 3696.343    473.532 / 3696.343    ms
[107.682s][info][gc,stats]    Young Subphase: Concurrent Mark Root Colored                  0.666 / 0.732         0.684 / 1.364         0.684 / 1.364         0.684 / 1.364       ms
[107.682s][info][gc,stats]    Young Subphase: Concurrent Mark Root Uncolored                0.253 / 0.290         0.258 / 0.372         0.258 / 0.372         0.258 / 0.372       ms
[107.682s][info][gc,stats]    Young Subphase: Concurrent Mark Roots                         1.140 / 1.189         1.155 / 1.543         1.155 / 1.543         1.155 / 1.543       ms
[107.682s][info][gc,stats]    Young Subphase: Concurrent Relocate Remset FP                 0.009 / 0.012        30.654 / 301.728      30.654 / 301.728      30.654 / 301.728     ms
[107.682s][info][gc,stats]    Young Subphase: Concurrent Roots ClassLoaderDataGraph         0.566 / 0.591         0.555 / 0.739         0.555 / 0.739         0.555 / 0.739       ms
[107.682s][info][gc,stats]    Young Subphase: Concurrent Roots CodeCache                    0.224 / 0.257         0.227 / 0.345         0.227 / 0.345         0.227 / 0.345       ms
[107.682s][info][gc,stats]    Young Subphase: Concurrent Roots JavaThreads                  0.015 / 0.039         0.018 / 0.300         0.018 / 0.300         0.018 / 0.300       ms
[107.682s][info][gc,stats]    Young Subphase: Concurrent Roots OopStorageSet                0.006 / 0.008         0.082 / 1.363         0.082 / 1.363         0.082 / 1.363       ms
[107.682s][info][gc,stats]    Young Subphase: Concurrent Weak Roots OopStorageSet           0.096 / 0.158         0.105 / 0.250         0.105 / 0.250         0.105 / 0.250       ms
[107.682s][info][gc,stats] =========================================================================================================================================================
