
=== RUN 8/80 (GA clear_path_sep) ===

[0.031s][info][gc,ref] Reference Processor created, Macros: ZUseSeparateDiscoveredLists=1, ZUseDynamicArray=0, ZUseOptimisedClearPath=1
[1.826s][info][gc,ref] GC(0) O:                           Encountered       Discovered Cleared/Enqueued 
[1.826s][info][gc,ref] GC(0) O: Soft References:                    0                0                0 
[1.826s][info][gc,ref] GC(0) O: Weak References:                    0                0                0 
[1.826s][info][gc,ref] GC(0) O: Weak (No Queue):                    0                0                0 
[1.826s][info][gc,ref] GC(0) O: Weak Fields:                        0                0                0 
[1.826s][info][gc,ref] GC(0) O: Final References:                   0                0                0 
[1.826s][info][gc,ref] GC(0) O: Phantom References:                 0                0                0 
[2.352s][info][gc,ref] GC(1) O:                           Encountered       Discovered Cleared/Enqueued 
[2.352s][info][gc,ref] GC(1) O: Soft References:                  148                0                0 
[2.352s][info][gc,ref] GC(1) O: Weak References:                  605                0                0 
[2.352s][info][gc,ref] GC(1) O: Weak (No Queue):                    3                0                0 
[2.352s][info][gc,ref] GC(1) O: Weak Fields:                        0                0                0 
[2.352s][info][gc,ref] GC(1) O: Final References:                   0                0                0 
[2.352s][info][gc,ref] GC(1) O: Phantom References:                 1                0                0 
[2.879s][info][gc,ref] GC(2) O:                           Encountered       Discovered Cleared/Enqueued 
[2.879s][info][gc,ref] GC(2) O: Soft References:                  162                0                0 
[2.879s][info][gc,ref] GC(2) O: Weak References:                  811                0                0 
[2.879s][info][gc,ref] GC(2) O: Weak (No Queue):                    3                0                0 
[2.879s][info][gc,ref] GC(2) O: Weak Fields:                        0                0                0 
[2.879s][info][gc,ref] GC(2) O: Final References:                   0                0                0 
[2.879s][info][gc,ref] GC(2) O: Phantom References:                 1                0                0 
WeakRefMultiObjectBenchmark: objects=7340009 minSize=509 maxSize=1097 sleepMillis=3000 iterations=3

=== Iteration 1 ===
Phase 1: Allocating references and objects...
[3.427s][info][gc,ref] GC(3) O:                           Encountered       Discovered Cleared/Enqueued 
[3.427s][info][gc,ref] GC(3) O: Soft References:                  238                0                0 
[3.427s][info][gc,ref] GC(3) O: Weak References:                 1349              323              129 
[3.427s][info][gc,ref] GC(3) O: Weak (No Queue):                    3                1                0 
[3.427s][info][gc,ref] GC(3) O: Weak Fields:                        0                0                0 
[3.427s][info][gc,ref] GC(3) O: Final References:                   0                0                0 
[3.427s][info][gc,ref] GC(3) O: Phantom References:                 1                0                0 
[4.138s][info][gc,ref] GC(4) O:                           Encountered       Discovered Cleared/Enqueued 
[4.138s][info][gc,ref] GC(4) O: Soft References:                  238                0                0 
[4.138s][info][gc,ref] GC(4) O: Weak References:                 1220              295               60 
[4.138s][info][gc,ref] GC(4) O: Weak (No Queue):                    3                3                0 
[4.138s][info][gc,ref] GC(4) O: Weak Fields:                        0                0                0 
[4.138s][info][gc,ref] GC(4) O: Final References:                   0                0                0 
[4.138s][info][gc,ref] GC(4) O: Phantom References:                 1                1                0 
[5.411s][info][gc,ref] GC(5) O:                           Encountered       Discovered Cleared/Enqueued 
[5.411s][info][gc,ref] GC(5) O: Soft References:                  238                0                0 
[5.411s][info][gc,ref] GC(5) O: Weak References:               368161              975              146 
[5.411s][info][gc,ref] GC(5) O: Weak (No Queue):               823516                3                0 
[5.411s][info][gc,ref] GC(5) O: Weak Fields:                        0                0                0 
[5.411s][info][gc,ref] GC(5) O: Final References:                   0                0                0 
[5.411s][info][gc,ref] GC(5) O: Phantom References:                 1                1                0 
Allocated 7340009 objects in 4.34 seconds
Phase 2: Sleeping for 3000 ms...
[8.175s][info][gc,ref] GC(6) O:                           Encountered       Discovered Cleared/Enqueued 
[8.175s][info][gc,ref] GC(6) O: Soft References:                  238                0                0 
[8.175s][info][gc,ref] GC(6) O: Weak References:               368015              873                0 
[8.175s][info][gc,ref] GC(6) O: Weak (No Queue):              3470900                3                0 
[8.175s][info][gc,ref] GC(6) O: Weak Fields:                        0                0                0 
[8.175s][info][gc,ref] GC(6) O: Final References:                   0                0                0 
[8.175s][info][gc,ref] GC(6) O: Phantom References:                 1                1                0 
Phase 3.1: Clearing strong references...
Cleared 1468002 strong references, 5872007 remaining
Waiting 3000 ms...
[13.165s][info][gc,ref] GC(7) O:                           Encountered       Discovered Cleared/Enqueued 
[13.165s][info][gc,ref] GC(7) O: Soft References:                  238                0                0 
[13.165s][info][gc,ref] GC(7) O: Weak References:               368015           104788                0 
[13.165s][info][gc,ref] GC(7) O: Weak (No Queue):              6973011           233279                0 
[13.165s][info][gc,ref] GC(7) O: Weak Fields:                        0                0                0 
[13.165s][info][gc,ref] GC(7) O: Final References:                   0                0                0 
[13.165s][info][gc,ref] GC(7) O: Phantom References:                 1                1                0 
Phase 3.2: Clearing strong references...
Cleared 1468002 strong references, 4404005 remaining
Waiting 3000 ms...
Phase 3.3: Clearing strong references...
Cleared 1468002 strong references, 2936003 remaining
Waiting 3000 ms...
[19.127s][info][gc,ref] GC(8) O:                           Encountered       Discovered Cleared/Enqueued 
[19.127s][info][gc,ref] GC(8) O: Soft References:                  238                0                0 
[19.127s][info][gc,ref] GC(8) O: Weak References:               368015           169315            73247 
[19.127s][info][gc,ref] GC(8) O: Weak (No Queue):              6973011          1598197           694455 
[19.127s][info][gc,ref] GC(8) O: Weak Fields:                        0                0                0 
[19.127s][info][gc,ref] GC(8) O: Final References:                   0                0                0 
[19.127s][info][gc,ref] GC(8) O: Phantom References:                 1                1                0 
Phase 3.4: Clearing strong references...
Cleared 1468002 strong references, 1468001 remaining
Waiting 3000 ms...
Phase 3.5: Clearing strong references...
Cleared 1468001 strong references, 0 remaining
Waiting 3000 ms...
[26.431s][info][gc,ref] GC(9) O:                           Encountered       Discovered Cleared/Enqueued 
[26.431s][info][gc,ref] GC(9) O: Soft References:                  238                0                0 
[26.431s][info][gc,ref] GC(9) O: Weak References:               294768           256727           146224 
[26.431s][info][gc,ref] GC(9) O: Weak (No Queue):              6278556          5555647          3490080 
[26.431s][info][gc,ref] GC(9) O: Weak Fields:                        0                0                0 
[26.431s][info][gc,ref] GC(9) O: Final References:                   0                0                0 
[26.431s][info][gc,ref] GC(9) O: Phantom References:                 1                1                0 
Waiting 6000 ms...
[32.460s][info][gc,ref] GC(10) O:                           Encountered       Discovered Cleared/Enqueued 
[32.460s][info][gc,ref] GC(10) O: Soft References:                  238                0                0 
[32.460s][info][gc,ref] GC(10) O: Weak References:               148544           148457           147530 
[32.460s][info][gc,ref] GC(10) O: Weak (No Queue):              2788476          2788476          2788473 
[32.460s][info][gc,ref] GC(10) O: Weak Fields:                        0                0                0 
[32.460s][info][gc,ref] GC(10) O: Final References:                   0                0                0 
[32.460s][info][gc,ref] GC(10) O: Phantom References:                 1                1                0 
Phase 4: Final weak reference checks...
Final count of alive weak references: 0
References enqueued in ReferenceQueue: 367001
Cooling down for 5 seconds...
[35.710s][info][gc,ref] GC(11) O:                           Encountered       Discovered Cleared/Enqueued 
[35.710s][info][gc,ref] GC(11) O: Soft References:                  238                0                0 
[35.710s][info][gc,ref] GC(11) O: Weak References:                 1014              709                0 
[35.710s][info][gc,ref] GC(11) O: Weak (No Queue):                    3                3                0 
[35.710s][info][gc,ref] GC(11) O: Weak Fields:                        0                0                0 
[35.710s][info][gc,ref] GC(11) O: Final References:                   0                0                0 
[35.710s][info][gc,ref] GC(11) O: Phantom References:                 1                1                0 
[36.249s][info][gc,ref] GC(12) O:                           Encountered       Discovered Cleared/Enqueued 
[36.249s][info][gc,ref] GC(12) O: Soft References:                  238                0                0 
[36.249s][info][gc,ref] GC(12) O: Weak References:                 1014              834                0 
[36.249s][info][gc,ref] GC(12) O: Weak (No Queue):                    3                3                0 
[36.249s][info][gc,ref] GC(12) O: Weak Fields:                        0                0                0 
[36.249s][info][gc,ref] GC(12) O: Final References:                   0                0                0 
[36.249s][info][gc,ref] GC(12) O: Phantom References:                 1                1                0 
[36.778s][info][gc,ref] GC(13) O:                           Encountered       Discovered Cleared/Enqueued 
[36.778s][info][gc,ref] GC(13) O: Soft References:                  238                0                0 
[36.778s][info][gc,ref] GC(13) O: Weak References:                 1014              686                0 
[36.778s][info][gc,ref] GC(13) O: Weak (No Queue):                    3                3                0 
[36.778s][info][gc,ref] GC(13) O: Weak Fields:                        0                0                0 
[36.778s][info][gc,ref] GC(13) O: Final References:                   0                0                0 
[36.778s][info][gc,ref] GC(13) O: Phantom References:                 1                1                0 
[37.314s][info][gc,ref] GC(14) O:                           Encountered       Discovered Cleared/Enqueued 
[37.314s][info][gc,ref] GC(14) O: Soft References:                  238                0                0 
[37.314s][info][gc,ref] GC(14) O: Weak References:                 1014              719                0 
[37.314s][info][gc,ref] GC(14) O: Weak (No Queue):                    3                3                0 
[37.314s][info][gc,ref] GC(14) O: Weak Fields:                        0                0                0 
[37.314s][info][gc,ref] GC(14) O: Final References:                   0                0                0 
[37.314s][info][gc,ref] GC(14) O: Phantom References:                 1                0                0 
[37.849s][info][gc,ref] GC(15) O:                           Encountered       Discovered Cleared/Enqueued 
[37.849s][info][gc,ref] GC(15) O: Soft References:                  238                0                0 
[37.849s][info][gc,ref] GC(15) O: Weak References:                 1014              896                0 
[37.849s][info][gc,ref] GC(15) O: Weak (No Queue):                    3                3                0 
[37.849s][info][gc,ref] GC(15) O: Weak Fields:                        0                0                0 
[37.849s][info][gc,ref] GC(15) O: Final References:                   0                0                0 
[37.849s][info][gc,ref] GC(15) O: Phantom References:                 1                1                0 
[38.375s][info][gc,ref] GC(16) O:                           Encountered       Discovered Cleared/Enqueued 
[38.375s][info][gc,ref] GC(16) O: Soft References:                  238                0                0 
[38.375s][info][gc,ref] GC(16) O: Weak References:                 1014              853                0 
[38.375s][info][gc,ref] GC(16) O: Weak (No Queue):                    3                3                0 
[38.375s][info][gc,ref] GC(16) O: Weak Fields:                        0                0                0 
[38.375s][info][gc,ref] GC(16) O: Final References:                   0                0                0 
[38.375s][info][gc,ref] GC(16) O: Phantom References:                 1                1                0 
[38.912s][info][gc,ref] GC(17) O:                           Encountered       Discovered Cleared/Enqueued 
[38.912s][info][gc,ref] GC(17) O: Soft References:                  238                0                0 
[38.912s][info][gc,ref] GC(17) O: Weak References:                 1014              627                0 
[38.912s][info][gc,ref] GC(17) O: Weak (No Queue):                    3                1                0 
[38.912s][info][gc,ref] GC(17) O: Weak Fields:                        0                0                0 
[38.912s][info][gc,ref] GC(17) O: Final References:                   0                0                0 
[38.912s][info][gc,ref] GC(17) O: Phantom References:                 1                1                0 
[39.447s][info][gc,ref] GC(18) O:                           Encountered       Discovered Cleared/Enqueued 
[39.447s][info][gc,ref] GC(18) O: Soft References:                  238                0                0 
[39.447s][info][gc,ref] GC(18) O: Weak References:                 1014              791                0 
[39.447s][info][gc,ref] GC(18) O: Weak (No Queue):                    3                1                0 
[39.447s][info][gc,ref] GC(18) O: Weak Fields:                        0                0                0 
[39.447s][info][gc,ref] GC(18) O: Final References:                   0                0                0 
[39.447s][info][gc,ref] GC(18) O: Phantom References:                 1                1                0 
[39.984s][info][gc,ref] GC(19) O:                           Encountered       Discovered Cleared/Enqueued 
[39.984s][info][gc,ref] GC(19) O: Soft References:                  238                0                0 
[39.984s][info][gc,ref] GC(19) O: Weak References:                 1014              843                0 
[39.984s][info][gc,ref] GC(19) O: Weak (No Queue):                    3                3                0 
[39.984s][info][gc,ref] GC(19) O: Weak Fields:                        0                0                0 
[39.984s][info][gc,ref] GC(19) O: Final References:                   0                0                0 
[39.984s][info][gc,ref] GC(19) O: Phantom References:                 1                1                0 

=== Iteration 2 ===
Phase 1: Allocating references and objects...
[40.541s][info][gc,ref] GC(20) O:                           Encountered       Discovered Cleared/Enqueued 
[40.541s][info][gc,ref] GC(20) O: Soft References:                  238                0                0 
[40.541s][info][gc,ref] GC(20) O: Weak References:                 1014              834                0 
[40.541s][info][gc,ref] GC(20) O: Weak (No Queue):                    3                3                0 
[40.541s][info][gc,ref] GC(20) O: Weak Fields:                        0                0                0 
[40.541s][info][gc,ref] GC(20) O: Final References:                   0                0                0 
[40.541s][info][gc,ref] GC(20) O: Phantom References:                 1                1                0 
Allocated 7340009 objects in 1.95 seconds
Phase 2: Sleeping for 3000 ms...
[42.504s][info][gc,ref] GC(21) O:                           Encountered       Discovered Cleared/Enqueued 
[42.504s][info][gc,ref] GC(21) O: Soft References:                  238                0                0 
[42.504s][info][gc,ref] GC(21) O: Weak References:               368015              816                0 
[42.504s][info][gc,ref] GC(21) O: Weak (No Queue):               371302                3                0 
[42.504s][info][gc,ref] GC(21) O: Weak Fields:                        0                0                0 
[42.504s][info][gc,ref] GC(21) O: Final References:                   0                0                0 
[42.504s][info][gc,ref] GC(21) O: Phantom References:                 1                1                0 
Phase 3.1: Clearing strong references...
Cleared 1468002 strong references, 5872007 remaining
Waiting 3000 ms...
[47.061s][info][gc,ref] GC(22) O:                           Encountered       Discovered Cleared/Enqueued 
[47.061s][info][gc,ref] GC(22) O: Soft References:                  238                0                0 
[47.061s][info][gc,ref] GC(22) O: Weak References:               368015              720                0 
[47.061s][info][gc,ref] GC(22) O: Weak (No Queue):              6973011                0                0 
[47.061s][info][gc,ref] GC(22) O: Weak Fields:                        0                0                0 
[47.061s][info][gc,ref] GC(22) O: Final References:                   0                0                0 
[47.061s][info][gc,ref] GC(22) O: Phantom References:                 1                1                0 
Phase 3.2: Clearing strong references...
Cleared 1468002 strong references, 4404005 remaining
Waiting 3000 ms...
Phase 3.3: Clearing strong references...
Cleared 1468002 strong references, 2936003 remaining
Waiting 3000 ms...
[52.237s][info][gc,ref] GC(23) O:                           Encountered       Discovered Cleared/Enqueued 
[52.237s][info][gc,ref] GC(23) O: Soft References:                  238                0                0 
[52.237s][info][gc,ref] GC(23) O: Weak References:               368015           158442            73177 
[52.237s][info][gc,ref] GC(23) O: Weak (No Queue):              6973011           158840            74134 
[52.237s][info][gc,ref] GC(23) O: Weak Fields:                        0                0                0 
[52.237s][info][gc,ref] GC(23) O: Final References:                   0                0                0 
[52.237s][info][gc,ref] GC(23) O: Phantom References:                 1                1                0 
Phase 3.4: Clearing strong references...
Cleared 1468002 strong references, 1468001 remaining
Waiting 3000 ms...
Phase 3.5: Clearing strong references...
Cleared 1468001 strong references, 0 remaining
Waiting 3000 ms...
[58.779s][info][gc,ref] GC(24) O:                           Encountered       Discovered Cleared/Enqueued 
[58.779s][info][gc,ref] GC(24) O: Soft References:                  238                0                0 
[58.779s][info][gc,ref] GC(24) O: Weak References:               294838           215424           146623 
[58.779s][info][gc,ref] GC(24) O: Weak (No Queue):              6898877          5395352          4110072 
[58.779s][info][gc,ref] GC(24) O: Weak Fields:                        0                0                0 
[58.779s][info][gc,ref] GC(24) O: Final References:                   0                0                0 
[58.779s][info][gc,ref] GC(24) O: Phantom References:                 1                1                0 
Waiting 6000 ms...
[64.825s][info][gc,ref] GC(25) O:                           Encountered       Discovered Cleared/Enqueued 
[64.825s][info][gc,ref] GC(25) O: Soft References:                  238                0                0 
[64.825s][info][gc,ref] GC(25) O: Weak References:               148215           148059           147201 
[64.825s][info][gc,ref] GC(25) O: Weak (No Queue):              2788805          2788805          2788802 
[64.825s][info][gc,ref] GC(25) O: Weak Fields:                        0                0                0 
[64.825s][info][gc,ref] GC(25) O: Final References:                   0                0                0 
[64.825s][info][gc,ref] GC(25) O: Phantom References:                 1                1                0 
Phase 4: Final weak reference checks...
Final count of alive weak references: 0
References enqueued in ReferenceQueue: 367001
Cooling down for 5 seconds...
[68.933s][info][gc,ref] GC(26) O:                           Encountered       Discovered Cleared/Enqueued 
[68.933s][info][gc,ref] GC(26) O: Soft References:                  238                0                0 
[68.933s][info][gc,ref] GC(26) O: Weak References:                 1014              859                0 
[68.933s][info][gc,ref] GC(26) O: Weak (No Queue):                    3                3                0 
[68.933s][info][gc,ref] GC(26) O: Weak Fields:                        0                0                0 
[68.933s][info][gc,ref] GC(26) O: Final References:                   0                0                0 
[68.933s][info][gc,ref] GC(26) O: Phantom References:                 1                1                0 
[69.487s][info][gc,ref] GC(27) O:                           Encountered       Discovered Cleared/Enqueued 
[69.487s][info][gc,ref] GC(27) O: Soft References:                  238                0                0 
[69.487s][info][gc,ref] GC(27) O: Weak References:                 1014              876                0 
[69.487s][info][gc,ref] GC(27) O: Weak (No Queue):                    3                3                0 
[69.487s][info][gc,ref] GC(27) O: Weak Fields:                        0                0                0 
[69.487s][info][gc,ref] GC(27) O: Final References:                   0                0                0 
[69.487s][info][gc,ref] GC(27) O: Phantom References:                 1                1                0 
[70.030s][info][gc,ref] GC(28) O:                           Encountered       Discovered Cleared/Enqueued 
[70.030s][info][gc,ref] GC(28) O: Soft References:                  238                0                0 
[70.030s][info][gc,ref] GC(28) O: Weak References:                 1014              938                0 
[70.030s][info][gc,ref] GC(28) O: Weak (No Queue):                    3                0                0 
[70.030s][info][gc,ref] GC(28) O: Weak Fields:                        0                0                0 
[70.030s][info][gc,ref] GC(28) O: Final References:                   0                0                0 
[70.030s][info][gc,ref] GC(28) O: Phantom References:                 1                0                0 
[70.555s][info][gc,ref] GC(29) O:                           Encountered       Discovered Cleared/Enqueued 
[70.555s][info][gc,ref] GC(29) O: Soft References:                  238                0                0 
[70.555s][info][gc,ref] GC(29) O: Weak References:                 1014              720                0 
[70.555s][info][gc,ref] GC(29) O: Weak (No Queue):                    3                0                0 
[70.555s][info][gc,ref] GC(29) O: Weak Fields:                        0                0                0 
[70.555s][info][gc,ref] GC(29) O: Final References:                   0                0                0 
[70.555s][info][gc,ref] GC(29) O: Phantom References:                 1                0                0 
[71.081s][info][gc,ref] GC(30) O:                           Encountered       Discovered Cleared/Enqueued 
[71.081s][info][gc,ref] GC(30) O: Soft References:                  238                0                0 
[71.081s][info][gc,ref] GC(30) O: Weak References:                 1014              832                0 
[71.081s][info][gc,ref] GC(30) O: Weak (No Queue):                    3                1                0 
[71.081s][info][gc,ref] GC(30) O: Weak Fields:                        0                0                0 
[71.081s][info][gc,ref] GC(30) O: Final References:                   0                0                0 
[71.081s][info][gc,ref] GC(30) O: Phantom References:                 1                1                0 
[71.617s][info][gc,ref] GC(31) O:                           Encountered       Discovered Cleared/Enqueued 
[71.617s][info][gc,ref] GC(31) O: Soft References:                  238                0                0 
[71.617s][info][gc,ref] GC(31) O: Weak References:                 1014              939                0 
[71.617s][info][gc,ref] GC(31) O: Weak (No Queue):                    3                0                0 
[71.617s][info][gc,ref] GC(31) O: Weak Fields:                        0                0                0 
[71.617s][info][gc,ref] GC(31) O: Final References:                   0                0                0 
[71.617s][info][gc,ref] GC(31) O: Phantom References:                 1                0                0 
[72.142s][info][gc,ref] GC(32) O:                           Encountered       Discovered Cleared/Enqueued 
[72.142s][info][gc,ref] GC(32) O: Soft References:                  238                0                0 
[72.142s][info][gc,ref] GC(32) O: Weak References:                 1014              684                0 
[72.142s][info][gc,ref] GC(32) O: Weak (No Queue):                    3                0                0 
[72.142s][info][gc,ref] GC(32) O: Weak Fields:                        0                0                0 
[72.142s][info][gc,ref] GC(32) O: Final References:                   0                0                0 
[72.142s][info][gc,ref] GC(32) O: Phantom References:                 1                0                0 
[72.667s][info][gc,ref] GC(33) O:                           Encountered       Discovered Cleared/Enqueued 
[72.667s][info][gc,ref] GC(33) O: Soft References:                  238                0                0 
[72.667s][info][gc,ref] GC(33) O: Weak References:                 1014              655                0 
[72.667s][info][gc,ref] GC(33) O: Weak (No Queue):                    3                0                0 
[72.667s][info][gc,ref] GC(33) O: Weak Fields:                        0                0                0 
[72.667s][info][gc,ref] GC(33) O: Final References:                   0                0                0 
[72.667s][info][gc,ref] GC(33) O: Phantom References:                 1                0                0 
[73.193s][info][gc,ref] GC(34) O:                           Encountered       Discovered Cleared/Enqueued 
[73.193s][info][gc,ref] GC(34) O: Soft References:                  238                0                0 
[73.193s][info][gc,ref] GC(34) O: Weak References:                 1014              900                0 
[73.193s][info][gc,ref] GC(34) O: Weak (No Queue):                    3                3                0 
[73.193s][info][gc,ref] GC(34) O: Weak Fields:                        0                0                0 
[73.193s][info][gc,ref] GC(34) O: Final References:                   0                0                0 
[73.193s][info][gc,ref] GC(34) O: Phantom References:                 1                1                0 

=== Iteration 3 ===
Phase 1: Allocating references and objects...
[73.737s][info][gc,ref] GC(35) O:                           Encountered       Discovered Cleared/Enqueued 
[73.737s][info][gc,ref] GC(35) O: Soft References:                  238                0                0 
[73.737s][info][gc,ref] GC(35) O: Weak References:                 1014              838                0 
[73.737s][info][gc,ref] GC(35) O: Weak (No Queue):                    3                3                0 
[73.737s][info][gc,ref] GC(35) O: Weak Fields:                        0                0                0 
[73.737s][info][gc,ref] GC(35) O: Final References:                   0                0                0 
[73.737s][info][gc,ref] GC(35) O: Phantom References:                 1                1                0 
Allocated 7340009 objects in 2.04 seconds
Phase 2: Sleeping for 3000 ms...
[77.258s][info][gc,ref] GC(36) O:                           Encountered       Discovered Cleared/Enqueued 
[77.258s][info][gc,ref] GC(36) O: Soft References:                  238                0                0 
[77.258s][info][gc,ref] GC(36) O: Weak References:               368015              863                0 
[77.258s][info][gc,ref] GC(36) O: Weak (No Queue):              1349059                3                0 
[77.258s][info][gc,ref] GC(36) O: Weak Fields:                        0                0                0 
[77.258s][info][gc,ref] GC(36) O: Final References:                   0                0                0 
[77.258s][info][gc,ref] GC(36) O: Phantom References:                 1                1                0 
Phase 3.1: Clearing strong references...
Cleared 1468002 strong references, 5872007 remaining
Waiting 3000 ms...
Phase 3.2: Clearing strong references...
Cleared 1468002 strong references, 4404005 remaining
Waiting 3000 ms...
[81.943s][info][gc,ref] GC(37) O:                           Encountered       Discovered Cleared/Enqueued 
[81.943s][info][gc,ref] GC(37) O: Soft References:                  238                0                0 
[81.943s][info][gc,ref] GC(37) O: Weak References:               368015              949                0 
[81.943s][info][gc,ref] GC(37) O: Weak (No Queue):              6973011                3                0 
[81.943s][info][gc,ref] GC(37) O: Weak Fields:                        0                0                0 
[81.943s][info][gc,ref] GC(37) O: Final References:                   0                0                0 
[81.943s][info][gc,ref] GC(37) O: Phantom References:                 1                1                0 
Phase 3.3: Clearing strong references...
Cleared 1468002 strong references, 2936003 remaining
Waiting 3000 ms...
[87.067s][info][gc,ref] GC(38) O:                           Encountered       Discovered Cleared/Enqueued 
[87.067s][info][gc,ref] GC(38) O: Soft References:                  238                0                0 
[87.067s][info][gc,ref] GC(38) O: Weak References:               368015           344105           147190 
[87.067s][info][gc,ref] GC(38) O: Weak (No Queue):              6973011          1260792           539629 
[87.067s][info][gc,ref] GC(38) O: Weak Fields:                        0                0                0 
[87.067s][info][gc,ref] GC(38) O: Final References:                   0                0                0 
[87.067s][info][gc,ref] GC(38) O: Phantom References:                 1                1                0 
Phase 3.4: Clearing strong references...
Cleared 1468002 strong references, 1468001 remaining
Waiting 3000 ms...
Phase 3.5: Clearing strong references...
Cleared 1468001 strong references, 0 remaining
Waiting 3000 ms...
[93.624s][info][gc,ref] GC(39) O:                           Encountered       Discovered Cleared/Enqueued 
[93.624s][info][gc,ref] GC(39) O: Soft References:                  238                0                0 
[93.624s][info][gc,ref] GC(39) O: Weak References:               220825           196089            73200 
[93.624s][info][gc,ref] GC(39) O: Weak (No Queue):              6433382          5961825          3643987 
[93.624s][info][gc,ref] GC(39) O: Weak Fields:                        0                0                0 
[93.624s][info][gc,ref] GC(39) O: Final References:                   0                0                0 
[93.624s][info][gc,ref] GC(39) O: Phantom References:                 1                1                0 
Waiting 6000 ms...
[99.638s][info][gc,ref] GC(40) O:                           Encountered       Discovered Cleared/Enqueued 
[99.638s][info][gc,ref] GC(40) O: Soft References:                  238                0                0 
[99.638s][info][gc,ref] GC(40) O: Weak References:               147625           147559           146611 
[99.638s][info][gc,ref] GC(40) O: Weak (No Queue):              2789395          2789393          2789392 
[99.638s][info][gc,ref] GC(40) O: Weak Fields:                        0                0                0 
[99.638s][info][gc,ref] GC(40) O: Final References:                   0                0                0 
[99.638s][info][gc,ref] GC(40) O: Phantom References:                 1                1                0 
Phase 4: Final weak reference checks...
Final count of alive weak references: 0
References enqueued in ReferenceQueue: 367001
Cooling down for 5 seconds...
[103.102s][info][gc,ref] GC(41) O:                           Encountered       Discovered Cleared/Enqueued 
[103.102s][info][gc,ref] GC(41) O: Soft References:                  238                0                0 
[103.102s][info][gc,ref] GC(41) O: Weak References:                 1014              949                0 
[103.102s][info][gc,ref] GC(41) O: Weak (No Queue):                    3                3                0 
[103.102s][info][gc,ref] GC(41) O: Weak Fields:                        0                0                0 
[103.102s][info][gc,ref] GC(41) O: Final References:                   0                0                0 
[103.102s][info][gc,ref] GC(41) O: Phantom References:                 1                1                0 
[103.635s][info][gc,ref] GC(42) O:                           Encountered       Discovered Cleared/Enqueued 
[103.635s][info][gc,ref] GC(42) O: Soft References:                  238                0                0 
[103.635s][info][gc,ref] GC(42) O: Weak References:                 1014              900                0 
[103.635s][info][gc,ref] GC(42) O: Weak (No Queue):                    3                3                0 
[103.635s][info][gc,ref] GC(42) O: Weak Fields:                        0                0                0 
[103.635s][info][gc,ref] GC(42) O: Final References:                   0                0                0 
[103.635s][info][gc,ref] GC(42) O: Phantom References:                 1                1                0 
[104.164s][info][gc,ref] GC(43) O:                           Encountered       Discovered Cleared/Enqueued 
[104.164s][info][gc,ref] GC(43) O: Soft References:                  238                0                0 
[104.164s][info][gc,ref] GC(43) O: Weak References:                 1014              299                0 
[104.164s][info][gc,ref] GC(43) O: Weak (No Queue):                    3                1                0 
[104.164s][info][gc,ref] GC(43) O: Weak Fields:                        0                0                0 
[104.164s][info][gc,ref] GC(43) O: Final References:                   0                0                0 
[104.164s][info][gc,ref] GC(43) O: Phantom References:                 1                0                0 
[104.690s][info][gc,ref] GC(44) O:                           Encountered       Discovered Cleared/Enqueued 
[104.690s][info][gc,ref] GC(44) O: Soft References:                  238                0                0 
[104.690s][info][gc,ref] GC(44) O: Weak References:                 1014              901                0 
[104.690s][info][gc,ref] GC(44) O: Weak (No Queue):                    3                1                0 
[104.690s][info][gc,ref] GC(44) O: Weak Fields:                        0                0                0 
[104.690s][info][gc,ref] GC(44) O: Final References:                   0                0                0 
[104.690s][info][gc,ref] GC(44) O: Phantom References:                 1                1                0 
[105.214s][info][gc,ref] GC(45) O:                           Encountered       Discovered Cleared/Enqueued 
[105.214s][info][gc,ref] GC(45) O: Soft References:                  238                0                0 
[105.214s][info][gc,ref] GC(45) O: Weak References:                 1014              875                0 
[105.214s][info][gc,ref] GC(45) O: Weak (No Queue):                    3                1                0 
[105.214s][info][gc,ref] GC(45) O: Weak Fields:                        0                0                0 
[105.214s][info][gc,ref] GC(45) O: Final References:                   0                0                0 
[105.214s][info][gc,ref] GC(45) O: Phantom References:                 1                0                0 
[105.738s][info][gc,ref] GC(46) O:                           Encountered       Discovered Cleared/Enqueued 
[105.738s][info][gc,ref] GC(46) O: Soft References:                  238                0                0 
[105.738s][info][gc,ref] GC(46) O: Weak References:                 1014              948                0 
[105.738s][info][gc,ref] GC(46) O: Weak (No Queue):                    3                0                0 
[105.738s][info][gc,ref] GC(46) O: Weak Fields:                        0                0                0 
[105.738s][info][gc,ref] GC(46) O: Final References:                   0                0                0 
[105.738s][info][gc,ref] GC(46) O: Phantom References:                 1                0                0 
[106.263s][info][gc,ref] GC(47) O:                           Encountered       Discovered Cleared/Enqueued 
[106.263s][info][gc,ref] GC(47) O: Soft References:                  238                0                0 
[106.263s][info][gc,ref] GC(47) O: Weak References:                 1014              822                0 
[106.263s][info][gc,ref] GC(47) O: Weak (No Queue):                    3                3                0 
[106.263s][info][gc,ref] GC(47) O: Weak Fields:                        0                0                0 
[106.263s][info][gc,ref] GC(47) O: Final References:                   0                0                0 
[106.263s][info][gc,ref] GC(47) O: Phantom References:                 1                1                0 
[106.788s][info][gc,ref] GC(48) O:                           Encountered       Discovered Cleared/Enqueued 
[106.788s][info][gc,ref] GC(48) O: Soft References:                  238                0                0 
[106.788s][info][gc,ref] GC(48) O: Weak References:                 1014              649                0 
[106.788s][info][gc,ref] GC(48) O: Weak (No Queue):                    3                3                0 
[106.788s][info][gc,ref] GC(48) O: Weak Fields:                        0                0                0 
[106.788s][info][gc,ref] GC(48) O: Final References:                   0                0                0 
[106.788s][info][gc,ref] GC(48) O: Phantom References:                 1                0                0 
[107.313s][info][gc,ref] GC(49) O:                           Encountered       Discovered Cleared/Enqueued 
[107.313s][info][gc,ref] GC(49) O: Soft References:                  238                0                0 
[107.313s][info][gc,ref] GC(49) O: Weak References:                 1014              866                0 
[107.313s][info][gc,ref] GC(49) O: Weak (No Queue):                    3                3                0 
[107.313s][info][gc,ref] GC(49) O: Weak Fields:                        0                0                0 
[107.313s][info][gc,ref] GC(49) O: Final References:                   0                0                0 
[107.313s][info][gc,ref] GC(49) O: Phantom References:                 1                1                0 
[107.359s][info][gc,stats] === Garbage Collection Statistics =======================================================================================================================
[107.359s][info][gc,stats]                                                              Last 10s              Last 10m              Last 10h                Total
[107.359s][info][gc,stats]                                                              Avg / Max             Avg / Max             Avg / Max             Avg / Max
[107.359s][info][gc,stats]        Contention: Mark Segment Reset Contention                     0 / 0                 0 / 20                0 / 20                0 / 20          ops/s
[107.359s][info][gc,stats]        Contention: Mark SeqNum Reset Contention                      0 / 0                 0 / 5                 0 / 5                 0 / 5           ops/s
[107.359s][info][gc,stats]          Critical: Allocation Stall                                  0 / 0                 0 / 0                 0 / 0                 0 / 0           ops/s
[107.359s][info][gc,stats]          Critical: Allocation Stall                              0.000 / 0.000         0.000 / 0.000         0.000 / 0.000         0.000 / 0.000       ms
[107.359s][info][gc,stats]          Critical: JNI Critical Stall                                0 / 0                 0 / 0                 0 / 0                 0 / 0           ops/s
[107.359s][info][gc,stats]          Critical: JNI Critical Stall                            0.000 / 0.000         0.000 / 0.000         0.000 / 0.000         0.000 / 0.000       ms
[107.359s][info][gc,stats]          Critical: Relocation Stall                                  0 / 0                 0 / 0                 0 / 0                 0 / 0           ops/s
[107.359s][info][gc,stats]          Critical: Relocation Stall                              0.000 / 0.000         0.000 / 0.000         0.000 / 0.000         0.000 / 0.000       ms
[107.359s][info][gc,stats]  Major Collection: Major Collection                            959.410 / 5513.053   1647.427 / 6800.574   1647.427 / 6800.574   1647.427 / 6800.574    ms
[107.359s][info][gc,stats]            Memory: Allocation Rate                                   0 / 2               192 / 4450            192 / 4450            192 / 4450        MB/s
[107.359s][info][gc,stats]            Memory: Defragment                                        0 / 0                 0 / 0                 0 / 0                 0 / 0           ops/s
[107.359s][info][gc,stats]            Memory: Mapped Cache Harvest                              0 / 0                 0 / 0                 0 / 0                 0 / 0           MB/s
[107.359s][info][gc,stats]            Memory: Out Of Memory                                     0 / 0                 0 / 0                 0 / 0                 0 / 0           ops/s
[107.359s][info][gc,stats]            Memory: Uncommit                                          0 / 0                 0 / 0                 0 / 0                 0 / 0           MB/s
[107.359s][info][gc,stats]            Memory: Undo Object Allocation Failed                     0 / 0                 0 / 0                 0 / 0                 0 / 0           ops/s
[107.359s][info][gc,stats]            Memory: Undo Object Allocation Succeeded                  0 / 0                 0 / 0                 0 / 0                 0 / 0           ops/s
[107.359s][info][gc,stats]            Memory: Undo Page Allocation                              0 / 0                 0 / 0                 0 / 0                 0 / 0           ops/s
[107.359s][info][gc,stats]  Minor Collection: Minor Collection                              0.000 / 0.000         0.000 / 0.000         0.000 / 0.000         0.000 / 0.000       ms
[107.359s][info][gc,stats]    Old Generation: Old Generation                              942.688 / 5418.779   1070.056 / 6684.841   1070.056 / 6684.841   1070.056 / 6684.841    ms
[107.359s][info][gc,stats]         Old Pause: Pause Mark End                                0.009 / 0.014         0.011 / 0.015         0.011 / 0.015         0.011 / 0.015       ms
[107.359s][info][gc,stats]         Old Pause: Pause Relocate Start                          0.006 / 0.014         0.009 / 0.014         0.009 / 0.014         0.009 / 0.014       ms
[107.359s][info][gc,stats]         Old Phase: Concurrent Mark                             850.034 / 4615.905    878.887 / 5158.349    878.887 / 5158.349    878.887 / 5158.349    ms
[107.359s][info][gc,stats]         Old Phase: Concurrent Mark Continue                      0.000 / 0.000         0.000 / 0.000         0.000 / 0.000         0.000 / 0.000       ms
[107.359s][info][gc,stats]         Old Phase: Concurrent Mark Free                          0.004 / 0.006         0.004 / 0.008         0.004 / 0.008         0.004 / 0.008       ms
[107.359s][info][gc,stats]         Old Phase: Concurrent Process Non-Strong                30.330 / 268.150      63.117 / 663.728      63.117 / 663.728      63.117 / 663.728     ms
[107.359s][info][gc,stats]         Old Phase: Concurrent Relocate                          54.380 / 487.344      99.238 / 873.352      99.238 / 873.352      99.238 / 873.352     ms
[107.359s][info][gc,stats]         Old Phase: Concurrent Remap Roots                        2.924 / 23.179       18.680 / 100.039      18.680 / 100.039      18.680 / 100.039     ms
[107.359s][info][gc,stats]         Old Phase: Concurrent Reset Relocation Set               0.025 / 0.157         0.017 / 0.163         0.017 / 0.163         0.017 / 0.163       ms
[107.359s][info][gc,stats]         Old Phase: Concurrent Select Relocation Set              4.853 / 23.789        9.837 / 93.100        9.837 / 93.100        9.837 / 93.100      ms
[107.359s][info][gc,stats]      Old Subphase: Concurrent Classes Purge                      0.004 / 0.006         0.061 / 2.187         0.061 / 2.187         0.061 / 2.187       ms
[107.359s][info][gc,stats]      Old Subphase: Concurrent Classes Unlink                     0.210 / 0.269         0.820 / 1.608         0.820 / 1.608         0.820 / 1.608       ms
[107.359s][info][gc,stats]      Old Subphase: Concurrent Mark Follow                      849.923 / 4615.742    878.742 / 5158.167    878.742 / 5158.167    878.742 / 5158.167    ms
[107.359s][info][gc,stats]      Old Subphase: Concurrent Mark Root Colored                  0.038 / 0.091         0.032 / 0.097         0.032 / 0.097         0.032 / 0.097       ms
[107.359s][info][gc,stats]      Old Subphase: Concurrent Mark Root Uncolored                0.020 / 0.039         0.030 / 0.284         0.030 / 0.284         0.030 / 0.284       ms
[107.359s][info][gc,stats]      Old Subphase: Concurrent Mark Roots                         0.103 / 0.147         0.141 / 0.330         0.141 / 0.330         0.141 / 0.330       ms
[107.359s][info][gc,stats]      Old Subphase: Concurrent References Enqueue                 0.001 / 0.003         0.001 / 0.004         0.001 / 0.004         0.001 / 0.004       ms
[107.359s][info][gc,stats]      Old Subphase: Concurrent References Process                29.775 / 267.105      61.834 / 662.678      61.834 / 662.678      61.834 / 662.678     ms
[107.359s][info][gc,stats]      Old Subphase: Concurrent Remap Remembered                   2.756 / 22.873       14.543 / 99.492       14.543 / 99.492       14.543 / 99.492      ms
[107.359s][info][gc,stats]      Old Subphase: Concurrent Remap Roots Colored                0.049 / 0.111         0.143 / 0.528         0.143 / 0.528         0.143 / 0.528       ms
[107.359s][info][gc,stats]      Old Subphase: Concurrent Remap Roots Uncolored              0.027 / 0.041         0.122 / 0.312         0.122 / 0.312         0.122 / 0.312       ms
[107.359s][info][gc,stats]      Old Subphase: Concurrent Roots ClassLoaderDataGraph         0.034 / 0.076         0.089 / 0.508         0.089 / 0.508         0.089 / 0.508       ms
[107.359s][info][gc,stats]      Old Subphase: Concurrent Roots CodeCache                    0.026 / 0.037         0.120 / 0.309         0.120 / 0.309         0.120 / 0.309       ms
[107.359s][info][gc,stats]      Old Subphase: Concurrent Roots JavaThreads                  0.008 / 0.039         0.012 / 0.284         0.012 / 0.284         0.012 / 0.284       ms
[107.359s][info][gc,stats]      Old Subphase: Concurrent Roots OopStorageSet                0.003 / 0.014         0.004 / 0.027         0.004 / 0.027         0.004 / 0.027       ms
[107.359s][info][gc,stats]      Old Subphase: Concurrent Weak Roots OopStorageSet           0.088 / 0.187         0.084 / 0.224         0.084 / 0.224         0.084 / 0.224       ms
[107.359s][info][gc,stats]            System: Java Threads                                     11 / 11               11 / 12               11 / 12               11 / 12          threads
[107.359s][info][gc,stats]  Young Generation: Young Generation                              6.937 / 34.019      577.274 / 3926.346    577.274 / 3926.346    577.274 / 3926.346    ms
[107.359s][info][gc,stats]  Young Generation: Young Generation                              0.000 / 0.000         0.000 / 0.000         0.000 / 0.000         0.000 / 0.000       ms
[107.359s][info][gc,stats]  Young Generation: Young Generation (Collect Roots)              0.000 / 0.000         0.000 / 0.000         0.000 / 0.000         0.000 / 0.000       ms
[107.359s][info][gc,stats]  Young Generation: Young Generation (Promote All)                0.000 / 0.000         0.000 / 0.000         0.000 / 0.000         0.000 / 0.000       ms
[107.359s][info][gc,stats]       Young Pause: Pause Mark End                                0.011 / 0.020         0.011 / 0.020         0.011 / 0.020         0.011 / 0.020       ms
[107.359s][info][gc,stats]       Young Pause: Pause Mark Start                              0.000 / 0.000         0.000 / 0.000         0.000 / 0.000         0.000 / 0.000       ms
[107.359s][info][gc,stats]       Young Pause: Pause Mark Start (Major)                      0.015 / 0.016         0.015 / 0.017         0.015 / 0.017         0.015 / 0.017       ms
[107.359s][info][gc,stats]       Young Pause: Pause Relocate Start                          0.006 / 0.008         0.008 / 0.015         0.008 / 0.015         0.008 / 0.015       ms
[107.359s][info][gc,stats]       Young Phase: Concurrent Mark                               6.298 / 33.103      520.320 / 3760.123    520.320 / 3760.123    520.320 / 3760.123    ms
[107.359s][info][gc,stats]       Young Phase: Concurrent Mark Continue                      0.000 / 0.000         0.000 / 0.000         0.000 / 0.000         0.000 / 0.000       ms
[107.359s][info][gc,stats]       Young Phase: Concurrent Mark Free                          0.001 / 0.001         0.002 / 0.008         0.002 / 0.008         0.002 / 0.008       ms
[107.359s][info][gc,stats]       Young Phase: Concurrent Relocate                           0.032 / 0.036        34.290 / 398.534      34.290 / 398.534      34.290 / 398.534     ms
[107.359s][info][gc,stats]       Young Phase: Concurrent Reset Relocation Set               0.000 / 0.000         0.126 / 2.934         0.126 / 2.934         0.126 / 2.934       ms
[107.359s][info][gc,stats]       Young Phase: Concurrent Select Relocation Set              0.304 / 0.516        22.104 / 299.748      22.104 / 299.748      22.104 / 299.748     ms
[107.359s][info][gc,stats]    Young Subphase: Concurrent Mark Follow                        5.374 / 32.212      519.245 / 3759.279    519.245 / 3759.279    519.245 / 3759.279    ms
[107.359s][info][gc,stats]    Young Subphase: Concurrent Mark Root Colored                  0.659 / 0.795         0.693 / 1.021         0.693 / 1.021         0.693 / 1.021       ms
[107.359s][info][gc,stats]    Young Subphase: Concurrent Mark Root Uncolored                0.060 / 0.071         0.169 / 0.429         0.169 / 0.429         0.169 / 0.429       ms
[107.359s][info][gc,stats]    Young Subphase: Concurrent Mark Roots                         0.921 / 0.966         1.072 / 1.479         1.072 / 1.479         1.072 / 1.479       ms
[107.359s][info][gc,stats]    Young Subphase: Concurrent Relocate Remset FP                 0.009 / 0.011        34.057 / 398.221      34.057 / 398.221      34.057 / 398.221     ms
[107.359s][info][gc,stats]    Young Subphase: Concurrent Roots ClassLoaderDataGraph         0.564 / 0.600         0.568 / 0.734         0.568 / 0.734         0.568 / 0.734       ms
[107.359s][info][gc,stats]    Young Subphase: Concurrent Roots CodeCache                    0.032 / 0.035         0.134 / 0.279         0.134 / 0.279         0.134 / 0.279       ms
[107.359s][info][gc,stats]    Young Subphase: Concurrent Roots JavaThreads                  0.014 / 0.045         0.019 / 0.428         0.019 / 0.428         0.019 / 0.428       ms
[107.359s][info][gc,stats]    Young Subphase: Concurrent Roots OopStorageSet                0.006 / 0.007         0.024 / 0.378         0.024 / 0.378         0.024 / 0.378       ms
[107.359s][info][gc,stats]    Young Subphase: Concurrent Weak Roots OopStorageSet           0.092 / 0.211         0.112 / 0.256         0.112 / 0.256         0.112 / 0.256       ms
[107.359s][info][gc,stats] =========================================================================================================================================================
