
=== RUN 73/80 (GA clear_path_dyn) ===

[0.031s][info][gc,ref] Reference Processor created, Macros: ZUseSeparateDiscoveredLists=0, ZUseDynamicArray=1, ZUseOptimisedClearPath=1
[1.852s][info][gc,ref] GC(0) O:                           Encountered       Discovered Cleared/Enqueued 
[1.852s][info][gc,ref] GC(0) O: Soft References:                    0                0                0 
[1.852s][info][gc,ref] GC(0) O: Weak References:                    0                0                0 
[1.852s][info][gc,ref] GC(0) O: Weak (No Queue):                    0                0                0 
[1.852s][info][gc,ref] GC(0) O: Weak Fields:                        0                0                0 
[1.852s][info][gc,ref] GC(0) O: Final References:                   0                0                0 
[1.852s][info][gc,ref] GC(0) O: Phantom References:                 0                0                0 
[2.377s][info][gc,ref] GC(1) O:                           Encountered       Discovered Cleared/Enqueued 
[2.378s][info][gc,ref] GC(1) O: Soft References:                  141                0                0 
[2.378s][info][gc,ref] GC(1) O: Weak References:                  587                0                0 
[2.378s][info][gc,ref] GC(1) O: Weak (No Queue):                    3                0                0 
[2.378s][info][gc,ref] GC(1) O: Weak Fields:                        0                0                0 
[2.378s][info][gc,ref] GC(1) O: Final References:                   0                0                0 
[2.378s][info][gc,ref] GC(1) O: Phantom References:                 1                0                0 
[2.903s][info][gc,ref] GC(2) O:                           Encountered       Discovered Cleared/Enqueued 
[2.903s][info][gc,ref] GC(2) O: Soft References:                  158                0                0 
[2.903s][info][gc,ref] GC(2) O: Weak References:                  739                0                0 
[2.903s][info][gc,ref] GC(2) O: Weak (No Queue):                    3                0                0 
[2.903s][info][gc,ref] GC(2) O: Weak Fields:                        0                0                0 
[2.903s][info][gc,ref] GC(2) O: Final References:                   0                0                0 
[2.903s][info][gc,ref] GC(2) O: Phantom References:                 1                0                0 
WeakRefMultiObjectBenchmark: objects=7340009 minSize=509 maxSize=1097 sleepMillis=3000 iterations=3

=== Iteration 1 ===
Phase 1: Allocating references and objects...
[3.454s][info][gc,ref] GC(3) O:                           Encountered       Discovered Cleared/Enqueued 
[3.454s][info][gc,ref] GC(3) O: Soft References:                  238                0                0 
[3.454s][info][gc,ref] GC(3) O: Weak References:                 1349              300              120 
[3.454s][info][gc,ref] GC(3) O: Weak (No Queue):                    3                3                0 
[3.454s][info][gc,ref] GC(3) O: Weak Fields:                        0                0                0 
[3.454s][info][gc,ref] GC(3) O: Final References:                   0                0                0 
[3.454s][info][gc,ref] GC(3) O: Phantom References:                 1                1                0 
[4.192s][info][gc,ref] GC(4) O:                           Encountered       Discovered Cleared/Enqueued 
[4.192s][info][gc,ref] GC(4) O: Soft References:                  238                0                0 
[4.192s][info][gc,ref] GC(4) O: Weak References:                 1229              399               45 
[4.192s][info][gc,ref] GC(4) O: Weak (No Queue):                    3                3                0 
[4.192s][info][gc,ref] GC(4) O: Weak Fields:                        0                0                0 
[4.192s][info][gc,ref] GC(4) O: Final References:                   0                0                0 
[4.192s][info][gc,ref] GC(4) O: Phantom References:                 1                1                0 
[5.442s][info][gc,ref] GC(5) O:                           Encountered       Discovered Cleared/Enqueued 
[5.442s][info][gc,ref] GC(5) O: Soft References:                  238                0                0 
[5.442s][info][gc,ref] GC(5) O: Weak References:               368185              411              170 
[5.442s][info][gc,ref] GC(5) O: Weak (No Queue):               816839                3                0 
[5.442s][info][gc,ref] GC(5) O: Weak Fields:                        0                0                0 
[5.442s][info][gc,ref] GC(5) O: Final References:                   0                0                0 
[5.442s][info][gc,ref] GC(5) O: Phantom References:                 1                1                0 
Allocated 7340009 objects in 5.07 seconds
Phase 2: Sleeping for 3000 ms...
[8.410s][info][gc,ref] GC(6) O:                           Encountered       Discovered Cleared/Enqueued 
[8.410s][info][gc,ref] GC(6) O: Soft References:                  238                0                0 
[8.410s][info][gc,ref] GC(6) O: Weak References:               368015              130                0 
[8.410s][info][gc,ref] GC(6) O: Weak (No Queue):              3268776                3                0 
[8.410s][info][gc,ref] GC(6) O: Weak Fields:                        0                0                0 
[8.410s][info][gc,ref] GC(6) O: Final References:                   0                0                0 
[8.410s][info][gc,ref] GC(6) O: Phantom References:                 1                1                0 
Phase 3.1: Clearing strong references...
Cleared 1468002 strong references, 5872007 remaining
Waiting 3000 ms...
[13.481s][info][gc,ref] GC(7) O:                           Encountered       Discovered Cleared/Enqueued 
[13.481s][info][gc,ref] GC(7) O: Soft References:                  238                0                0 
[13.481s][info][gc,ref] GC(7) O: Weak References:               368015           101810                0 
[13.481s][info][gc,ref] GC(7) O: Weak (No Queue):              6973011           224908                0 
[13.481s][info][gc,ref] GC(7) O: Weak Fields:                        0                0                0 
[13.481s][info][gc,ref] GC(7) O: Final References:                   0                0                0 
[13.481s][info][gc,ref] GC(7) O: Phantom References:                 1                0                0 
Phase 3.2: Clearing strong references...
Cleared 1468002 strong references, 4404005 remaining
Waiting 3000 ms...
Phase 3.3: Clearing strong references...
Cleared 1468002 strong references, 2936003 remaining
Waiting 3000 ms...
[19.361s][info][gc,ref] GC(8) O:                           Encountered       Discovered Cleared/Enqueued 
[19.361s][info][gc,ref] GC(8) O: Soft References:                  238                0                0 
[19.361s][info][gc,ref] GC(8) O: Weak References:               368015           259896            73247 
[19.361s][info][gc,ref] GC(8) O: Weak (No Queue):              6973011          2316519           654070 
[19.361s][info][gc,ref] GC(8) O: Weak Fields:                        0                0                0 
[19.361s][info][gc,ref] GC(8) O: Final References:                   0                0                0 
[19.361s][info][gc,ref] GC(8) O: Phantom References:                 1                1                0 
Phase 3.4: Clearing strong references...
Cleared 1468002 strong references, 1468001 remaining
Waiting 3000 ms...
Phase 3.5: Clearing strong references...
Cleared 1468001 strong references, 0 remaining
Waiting 3000 ms...
[26.454s][info][gc,ref] GC(9) O:                           Encountered       Discovered Cleared/Enqueued 
[26.454s][info][gc,ref] GC(9) O: Soft References:                  238                0                0 
[26.454s][info][gc,ref] GC(9) O: Weak References:               294768           257877           146224 
[26.454s][info][gc,ref] GC(9) O: Weak (No Queue):              6318941          5630535          3530465 
[26.454s][info][gc,ref] GC(9) O: Weak Fields:                        0                0                0 
[26.454s][info][gc,ref] GC(9) O: Final References:                   0                0                0 
[26.454s][info][gc,ref] GC(9) O: Phantom References:                 1                0                0 
Waiting 6000 ms...
[32.379s][info][gc,ref] GC(10) O:                           Encountered       Discovered Cleared/Enqueued 
[32.379s][info][gc,ref] GC(10) O: Soft References:                  238                0                0 
[32.379s][info][gc,ref] GC(10) O: Weak References:               148544           147920           147530 
[32.379s][info][gc,ref] GC(10) O: Weak (No Queue):              2788476          2788476          2788473 
[32.379s][info][gc,ref] GC(10) O: Weak Fields:                        0                0                0 
[32.379s][info][gc,ref] GC(10) O: Final References:                   0                0                0 
[32.379s][info][gc,ref] GC(10) O: Phantom References:                 1                1                0 
Phase 4: Final weak reference checks...
Final count of alive weak references: 0
References enqueued in ReferenceQueue: 367001
Cooling down for 5 seconds...
[35.970s][info][gc,ref] GC(11) O:                           Encountered       Discovered Cleared/Enqueued 
[35.970s][info][gc,ref] GC(11) O: Soft References:                  238                0                0 
[35.970s][info][gc,ref] GC(11) O: Weak References:                 1014              232                0 
[35.970s][info][gc,ref] GC(11) O: Weak (No Queue):                    3                3                0 
[35.970s][info][gc,ref] GC(11) O: Weak Fields:                        0                0                0 
[35.970s][info][gc,ref] GC(11) O: Final References:                   0                0                0 
[35.970s][info][gc,ref] GC(11) O: Phantom References:                 1                1                0 
[36.509s][info][gc,ref] GC(12) O:                           Encountered       Discovered Cleared/Enqueued 
[36.509s][info][gc,ref] GC(12) O: Soft References:                  238                0                0 
[36.509s][info][gc,ref] GC(12) O: Weak References:                 1014              117                0 
[36.509s][info][gc,ref] GC(12) O: Weak (No Queue):                    3                3                0 
[36.509s][info][gc,ref] GC(12) O: Weak Fields:                        0                0                0 
[36.509s][info][gc,ref] GC(12) O: Final References:                   0                0                0 
[36.509s][info][gc,ref] GC(12) O: Phantom References:                 1                1                0 
[37.038s][info][gc,ref] GC(13) O:                           Encountered       Discovered Cleared/Enqueued 
[37.038s][info][gc,ref] GC(13) O: Soft References:                  238                0                0 
[37.038s][info][gc,ref] GC(13) O: Weak References:                 1014              437                0 
[37.038s][info][gc,ref] GC(13) O: Weak (No Queue):                    3                2                0 
[37.038s][info][gc,ref] GC(13) O: Weak Fields:                        0                0                0 
[37.038s][info][gc,ref] GC(13) O: Final References:                   0                0                0 
[37.038s][info][gc,ref] GC(13) O: Phantom References:                 1                1                0 
[37.566s][info][gc,ref] GC(14) O:                           Encountered       Discovered Cleared/Enqueued 
[37.566s][info][gc,ref] GC(14) O: Soft References:                  238                0                0 
[37.566s][info][gc,ref] GC(14) O: Weak References:                 1014              124                0 
[37.566s][info][gc,ref] GC(14) O: Weak (No Queue):                    3                2                0 
[37.566s][info][gc,ref] GC(14) O: Weak Fields:                        0                0                0 
[37.566s][info][gc,ref] GC(14) O: Final References:                   0                0                0 
[37.566s][info][gc,ref] GC(14) O: Phantom References:                 1                1                0 
[38.101s][info][gc,ref] GC(15) O:                           Encountered       Discovered Cleared/Enqueued 
[38.101s][info][gc,ref] GC(15) O: Soft References:                  238                0                0 
[38.101s][info][gc,ref] GC(15) O: Weak References:                 1014               87                0 
[38.101s][info][gc,ref] GC(15) O: Weak (No Queue):                    3                2                0 
[38.101s][info][gc,ref] GC(15) O: Weak Fields:                        0                0                0 
[38.101s][info][gc,ref] GC(15) O: Final References:                   0                0                0 
[38.101s][info][gc,ref] GC(15) O: Phantom References:                 1                1                0 
[38.636s][info][gc,ref] GC(16) O:                           Encountered       Discovered Cleared/Enqueued 
[38.636s][info][gc,ref] GC(16) O: Soft References:                  238                0                0 
[38.636s][info][gc,ref] GC(16) O: Weak References:                 1014               56                0 
[38.636s][info][gc,ref] GC(16) O: Weak (No Queue):                    3                2                0 
[38.636s][info][gc,ref] GC(16) O: Weak Fields:                        0                0                0 
[38.636s][info][gc,ref] GC(16) O: Final References:                   0                0                0 
[38.636s][info][gc,ref] GC(16) O: Phantom References:                 1                0                0 
[39.173s][info][gc,ref] GC(17) O:                           Encountered       Discovered Cleared/Enqueued 
[39.173s][info][gc,ref] GC(17) O: Soft References:                  238                0                0 
[39.173s][info][gc,ref] GC(17) O: Weak References:                 1014              160                0 
[39.173s][info][gc,ref] GC(17) O: Weak (No Queue):                    3                0                0 
[39.173s][info][gc,ref] GC(17) O: Weak Fields:                        0                0                0 
[39.173s][info][gc,ref] GC(17) O: Final References:                   0                0                0 
[39.173s][info][gc,ref] GC(17) O: Phantom References:                 1                0                0 
[39.706s][info][gc,ref] GC(18) O:                           Encountered       Discovered Cleared/Enqueued 
[39.706s][info][gc,ref] GC(18) O: Soft References:                  238                0                0 
[39.706s][info][gc,ref] GC(18) O: Weak References:                 1014               73                0 
[39.706s][info][gc,ref] GC(18) O: Weak (No Queue):                    3                2                0 
[39.706s][info][gc,ref] GC(18) O: Weak Fields:                        0                0                0 
[39.706s][info][gc,ref] GC(18) O: Final References:                   0                0                0 
[39.706s][info][gc,ref] GC(18) O: Phantom References:                 1                0                0 
[40.234s][info][gc,ref] GC(19) O:                           Encountered       Discovered Cleared/Enqueued 
[40.234s][info][gc,ref] GC(19) O: Soft References:                  238                0                0 
[40.234s][info][gc,ref] GC(19) O: Weak References:                 1014               54                0 
[40.234s][info][gc,ref] GC(19) O: Weak (No Queue):                    3                2                0 
[40.234s][info][gc,ref] GC(19) O: Weak Fields:                        0                0                0 
[40.234s][info][gc,ref] GC(19) O: Final References:                   0                0                0 
[40.234s][info][gc,ref] GC(19) O: Phantom References:                 1                0                0 

=== Iteration 2 ===
Phase 1: Allocating references and objects...
[40.775s][info][gc,ref] GC(20) O:                           Encountered       Discovered Cleared/Enqueued 
[40.775s][info][gc,ref] GC(20) O: Soft References:                  238                0                0 
[40.775s][info][gc,ref] GC(20) O: Weak References:                 1014              334                0 
[40.775s][info][gc,ref] GC(20) O: Weak (No Queue):                    3                2                0 
[40.775s][info][gc,ref] GC(20) O: Weak Fields:                        0                0                0 
[40.775s][info][gc,ref] GC(20) O: Final References:                   0                0                0 
[40.775s][info][gc,ref] GC(20) O: Phantom References:                 1                1                0 
Allocated 7340009 objects in 1.80 seconds
Phase 2: Sleeping for 3000 ms...
[43.860s][info][gc,ref] GC(21) O:                           Encountered       Discovered Cleared/Enqueued 
[43.860s][info][gc,ref] GC(21) O: Soft References:                  238                0                0 
[43.860s][info][gc,ref] GC(21) O: Weak References:               368015               54                0 
[43.860s][info][gc,ref] GC(21) O: Weak (No Queue):              1127270                2                0 
[43.860s][info][gc,ref] GC(21) O: Weak Fields:                        0                0                0 
[43.860s][info][gc,ref] GC(21) O: Final References:                   0                0                0 
[43.860s][info][gc,ref] GC(21) O: Phantom References:                 1                1                0 
Phase 3.1: Clearing strong references...
Cleared 1468002 strong references, 5872007 remaining
Waiting 3000 ms...
[48.633s][info][gc,ref] GC(22) O:                           Encountered       Discovered Cleared/Enqueued 
[48.633s][info][gc,ref] GC(22) O: Soft References:                  238                0                0 
[48.633s][info][gc,ref] GC(22) O: Weak References:               368015                5                0 
[48.633s][info][gc,ref] GC(22) O: Weak (No Queue):              6973011                3                0 
[48.633s][info][gc,ref] GC(22) O: Weak Fields:                        0                0                0 
[48.633s][info][gc,ref] GC(22) O: Final References:                   0                0                0 
[48.633s][info][gc,ref] GC(22) O: Phantom References:                 1                1                0 
Phase 3.2: Clearing strong references...
Cleared 1468002 strong references, 4404005 remaining
Waiting 3000 ms...
Phase 3.3: Clearing strong references...
Cleared 1468002 strong references, 2936003 remaining
Waiting 3000 ms...
[53.772s][info][gc,ref] GC(23) O:                           Encountered       Discovered Cleared/Enqueued 
[53.772s][info][gc,ref] GC(23) O: Soft References:                  238                0                0 
[53.772s][info][gc,ref] GC(23) O: Weak References:               368015           339368           146019 
[53.772s][info][gc,ref] GC(23) O: Weak (No Queue):              6973011          1042658           450815 
[53.772s][info][gc,ref] GC(23) O: Weak Fields:                        0                0                0 
[53.772s][info][gc,ref] GC(23) O: Final References:                   0                0                0 
[53.772s][info][gc,ref] GC(23) O: Phantom References:                 1                1                0 
Phase 3.4: Clearing strong references...
Cleared 1468002 strong references, 1468001 remaining
Waiting 3000 ms...
Phase 3.5: Clearing strong references...
Cleared 1468001 strong references, 0 remaining
Waiting 3000 ms...
[60.167s][info][gc,ref] GC(24) O:                           Encountered       Discovered Cleared/Enqueued 
[60.167s][info][gc,ref] GC(24) O: Soft References:                  238                0                0 
[60.167s][info][gc,ref] GC(24) O: Weak References:               221996           193527            73781 
[60.167s][info][gc,ref] GC(24) O: Weak (No Queue):              6522196          5994903          3733391 
[60.167s][info][gc,ref] GC(24) O: Weak Fields:                        0                0                0 
[60.167s][info][gc,ref] GC(24) O: Final References:                   0                0                0 
[60.167s][info][gc,ref] GC(24) O: Phantom References:                 1                1                0 
Waiting 6000 ms...
[66.081s][info][gc,ref] GC(25) O:                           Encountered       Discovered Cleared/Enqueued 
[66.081s][info][gc,ref] GC(25) O: Soft References:                  238                0                0 
[66.081s][info][gc,ref] GC(25) O: Weak References:               148215           147473           147201 
[66.081s][info][gc,ref] GC(25) O: Weak (No Queue):              2788805          2788804          2788802 
[66.081s][info][gc,ref] GC(25) O: Weak Fields:                        0                0                0 
[66.081s][info][gc,ref] GC(25) O: Final References:                   0                0                0 
[66.081s][info][gc,ref] GC(25) O: Phantom References:                 1                0                0 
Phase 4: Final weak reference checks...
Final count of alive weak references: 0
References enqueued in ReferenceQueue: 367001
Cooling down for 5 seconds...
[69.909s][info][gc,ref] GC(26) O:                           Encountered       Discovered Cleared/Enqueued 
[69.909s][info][gc,ref] GC(26) O: Soft References:                  238                0                0 
[69.909s][info][gc,ref] GC(26) O: Weak References:                 1014                2                0 
[69.909s][info][gc,ref] GC(26) O: Weak (No Queue):                    3                3                0 
[69.909s][info][gc,ref] GC(26) O: Weak Fields:                        0                0                0 
[69.909s][info][gc,ref] GC(26) O: Final References:                   0                0                0 
[69.909s][info][gc,ref] GC(26) O: Phantom References:                 1                1                0 
[70.451s][info][gc,ref] GC(27) O:                           Encountered       Discovered Cleared/Enqueued 
[70.451s][info][gc,ref] GC(27) O: Soft References:                  238                0                0 
[70.451s][info][gc,ref] GC(27) O: Weak References:                 1014              423                0 
[70.451s][info][gc,ref] GC(27) O: Weak (No Queue):                    3                2                0 
[70.451s][info][gc,ref] GC(27) O: Weak Fields:                        0                0                0 
[70.451s][info][gc,ref] GC(27) O: Final References:                   0                0                0 
[70.451s][info][gc,ref] GC(27) O: Phantom References:                 1                1                0 
[70.976s][info][gc,ref] GC(28) O:                           Encountered       Discovered Cleared/Enqueued 
[70.976s][info][gc,ref] GC(28) O: Soft References:                  238                0                0 
[70.976s][info][gc,ref] GC(28) O: Weak References:                 1014                6                0 
[70.976s][info][gc,ref] GC(28) O: Weak (No Queue):                    3                2                0 
[70.976s][info][gc,ref] GC(28) O: Weak Fields:                        0                0                0 
[70.976s][info][gc,ref] GC(28) O: Final References:                   0                0                0 
[70.976s][info][gc,ref] GC(28) O: Phantom References:                 1                0                0 
[71.503s][info][gc,ref] GC(29) O:                           Encountered       Discovered Cleared/Enqueued 
[71.503s][info][gc,ref] GC(29) O: Soft References:                  238                0                0 
[71.503s][info][gc,ref] GC(29) O: Weak References:                 1014              209                0 
[71.503s][info][gc,ref] GC(29) O: Weak (No Queue):                    3                2                0 
[71.503s][info][gc,ref] GC(29) O: Weak Fields:                        0                0                0 
[71.503s][info][gc,ref] GC(29) O: Final References:                   0                0                0 
[71.503s][info][gc,ref] GC(29) O: Phantom References:                 1                0                0 
[72.029s][info][gc,ref] GC(30) O:                           Encountered       Discovered Cleared/Enqueued 
[72.029s][info][gc,ref] GC(30) O: Soft References:                  238                0                0 
[72.029s][info][gc,ref] GC(30) O: Weak References:                 1014               50                0 
[72.029s][info][gc,ref] GC(30) O: Weak (No Queue):                    3                0                0 
[72.029s][info][gc,ref] GC(30) O: Weak Fields:                        0                0                0 
[72.029s][info][gc,ref] GC(30) O: Final References:                   0                0                0 
[72.029s][info][gc,ref] GC(30) O: Phantom References:                 1                0                0 
[72.554s][info][gc,ref] GC(31) O:                           Encountered       Discovered Cleared/Enqueued 
[72.554s][info][gc,ref] GC(31) O: Soft References:                  238                0                0 
[72.554s][info][gc,ref] GC(31) O: Weak References:                 1014                7                0 
[72.554s][info][gc,ref] GC(31) O: Weak (No Queue):                    3                2                0 
[72.554s][info][gc,ref] GC(31) O: Weak Fields:                        0                0                0 
[72.554s][info][gc,ref] GC(31) O: Final References:                   0                0                0 
[72.554s][info][gc,ref] GC(31) O: Phantom References:                 1                0                0 
[73.080s][info][gc,ref] GC(32) O:                           Encountered       Discovered Cleared/Enqueued 
[73.080s][info][gc,ref] GC(32) O: Soft References:                  238                0                0 
[73.080s][info][gc,ref] GC(32) O: Weak References:                 1014                6                0 
[73.080s][info][gc,ref] GC(32) O: Weak (No Queue):                    3                2                0 
[73.080s][info][gc,ref] GC(32) O: Weak Fields:                        0                0                0 
[73.080s][info][gc,ref] GC(32) O: Final References:                   0                0                0 
[73.080s][info][gc,ref] GC(32) O: Phantom References:                 1                0                0 
[73.604s][info][gc,ref] GC(33) O:                           Encountered       Discovered Cleared/Enqueued 
[73.604s][info][gc,ref] GC(33) O: Soft References:                  238                0                0 
[73.604s][info][gc,ref] GC(33) O: Weak References:                 1014                7                0 
[73.604s][info][gc,ref] GC(33) O: Weak (No Queue):                    3                2                0 
[73.604s][info][gc,ref] GC(33) O: Weak Fields:                        0                0                0 
[73.604s][info][gc,ref] GC(33) O: Final References:                   0                0                0 
[73.604s][info][gc,ref] GC(33) O: Phantom References:                 1                0                0 

=== Iteration 3 ===
Phase 1: Allocating references and objects...
[74.156s][info][gc,ref] GC(34) O:                           Encountered       Discovered Cleared/Enqueued 
[74.156s][info][gc,ref] GC(34) O: Soft References:                  238                0                0 
[74.156s][info][gc,ref] GC(34) O: Weak References:                 1014               10                0 
[74.156s][info][gc,ref] GC(34) O: Weak (No Queue):                    3                2                0 
[74.156s][info][gc,ref] GC(34) O: Weak Fields:                        0                0                0 
[74.156s][info][gc,ref] GC(34) O: Final References:                   0                0                0 
[74.156s][info][gc,ref] GC(34) O: Phantom References:                 1                1                0 
Allocated 7340009 objects in 1.77 seconds
Phase 2: Sleeping for 3000 ms...
[76.977s][info][gc,ref] GC(35) O:                           Encountered       Discovered Cleared/Enqueued 
[76.977s][info][gc,ref] GC(35) O: Soft References:                  238                0                0 
[76.977s][info][gc,ref] GC(35) O: Weak References:               368015               78                0 
[76.977s][info][gc,ref] GC(35) O: Weak (No Queue):              1054132                2                0 
[76.977s][info][gc,ref] GC(35) O: Weak Fields:                        0                0                0 
[76.977s][info][gc,ref] GC(35) O: Final References:                   0                0                0 
[76.977s][info][gc,ref] GC(35) O: Phantom References:                 1                1                0 
Phase 3.1: Clearing strong references...
Cleared 1468002 strong references, 5872007 remaining
Waiting 3000 ms...
[81.609s][info][gc,ref] GC(36) O:                           Encountered       Discovered Cleared/Enqueued 
[81.609s][info][gc,ref] GC(36) O: Soft References:                  238                0                0 
[81.609s][info][gc,ref] GC(36) O: Weak References:               368015               69                0 
[81.609s][info][gc,ref] GC(36) O: Weak (No Queue):              6973011                0                0 
[81.609s][info][gc,ref] GC(36) O: Weak Fields:                        0                0                0 
[81.609s][info][gc,ref] GC(36) O: Final References:                   0                0                0 
[81.609s][info][gc,ref] GC(36) O: Phantom References:                 1                1                0 
Phase 3.2: Clearing strong references...
Cleared 1468002 strong references, 4404005 remaining
Waiting 3000 ms...
Phase 3.3: Clearing strong references...
Cleared 1468002 strong references, 2936003 remaining
Waiting 3000 ms...
[86.863s][info][gc,ref] GC(37) O:                           Encountered       Discovered Cleared/Enqueued 
[86.863s][info][gc,ref] GC(37) O: Soft References:                  238                0                0 
[86.863s][info][gc,ref] GC(37) O: Weak References:               368015           277525           142741 
[86.863s][info][gc,ref] GC(37) O: Weak (No Queue):              6973011           796114           408933 
[86.863s][info][gc,ref] GC(37) O: Weak Fields:                        0                0                0 
[86.863s][info][gc,ref] GC(37) O: Final References:                   0                0                0 
[86.863s][info][gc,ref] GC(37) O: Phantom References:                 1                1                0 
Phase 3.4: Clearing strong references...
Cleared 1468002 strong references, 1468001 remaining
Waiting 3000 ms...
Phase 3.5: Clearing strong references...
Cleared 1468001 strong references, 0 remaining
Waiting 3000 ms...
[93.228s][info][gc,ref] GC(38) O:                           Encountered       Discovered Cleared/Enqueued 
[93.229s][info][gc,ref] GC(38) O: Soft References:                  238                0                0 
[93.229s][info][gc,ref] GC(38) O: Weak References:               225274           199116            77649 
[93.229s][info][gc,ref] GC(38) O: Weak (No Queue):              6564078          6072128          3774683 
[93.229s][info][gc,ref] GC(38) O: Weak Fields:                        0                0                0 
[93.229s][info][gc,ref] GC(38) O: Final References:                   0                0                0 
[93.229s][info][gc,ref] GC(38) O: Phantom References:                 1                1                0 
Waiting 6000 ms...
[99.145s][info][gc,ref] GC(39) O:                           Encountered       Discovered Cleared/Enqueued 
[99.145s][info][gc,ref] GC(39) O: Soft References:                  238                0                0 
[99.145s][info][gc,ref] GC(39) O: Weak References:               147625           146769           146611 
[99.145s][info][gc,ref] GC(39) O: Weak (No Queue):              2789395          2789392          2789392 
[99.145s][info][gc,ref] GC(39) O: Weak Fields:                        0                0                0 
[99.145s][info][gc,ref] GC(39) O: Final References:                   0                0                0 
[99.145s][info][gc,ref] GC(39) O: Phantom References:                 1                1                0 
Phase 4: Final weak reference checks...
Final count of alive weak references: 0
References enqueued in ReferenceQueue: 367001
Cooling down for 5 seconds...
[102.913s][info][gc,ref] GC(40) O:                           Encountered       Discovered Cleared/Enqueued 
[102.913s][info][gc,ref] GC(40) O: Soft References:                  238                0                0 
[102.913s][info][gc,ref] GC(40) O: Weak References:                 1014              344                0 
[102.913s][info][gc,ref] GC(40) O: Weak (No Queue):                    3                1                0 
[102.913s][info][gc,ref] GC(40) O: Weak Fields:                        0                0                0 
[102.913s][info][gc,ref] GC(40) O: Final References:                   0                0                0 
[102.913s][info][gc,ref] GC(40) O: Phantom References:                 1                1                0 
[103.461s][info][gc,ref] GC(41) O:                           Encountered       Discovered Cleared/Enqueued 
[103.461s][info][gc,ref] GC(41) O: Soft References:                  238                0                0 
[103.461s][info][gc,ref] GC(41) O: Weak References:                 1014              466                0 
[103.461s][info][gc,ref] GC(41) O: Weak (No Queue):                    3                3                0 
[103.461s][info][gc,ref] GC(41) O: Weak Fields:                        0                0                0 
[103.461s][info][gc,ref] GC(41) O: Final References:                   0                0                0 
[103.461s][info][gc,ref] GC(41) O: Phantom References:                 1                1                0 
[103.990s][info][gc,ref] GC(42) O:                           Encountered       Discovered Cleared/Enqueued 
[103.990s][info][gc,ref] GC(42) O: Soft References:                  238                0                0 
[103.990s][info][gc,ref] GC(42) O: Weak References:                 1014                7                0 
[103.990s][info][gc,ref] GC(42) O: Weak (No Queue):                    3                2                0 
[103.990s][info][gc,ref] GC(42) O: Weak Fields:                        0                0                0 
[103.990s][info][gc,ref] GC(42) O: Final References:                   0                0                0 
[103.990s][info][gc,ref] GC(42) O: Phantom References:                 1                0                0 
[104.516s][info][gc,ref] GC(43) O:                           Encountered       Discovered Cleared/Enqueued 
[104.516s][info][gc,ref] GC(43) O: Soft References:                  238                0                0 
[104.516s][info][gc,ref] GC(43) O: Weak References:                 1014              159                0 
[104.516s][info][gc,ref] GC(43) O: Weak (No Queue):                    3                0                0 
[104.516s][info][gc,ref] GC(43) O: Weak Fields:                        0                0                0 
[104.516s][info][gc,ref] GC(43) O: Final References:                   0                0                0 
[104.516s][info][gc,ref] GC(43) O: Phantom References:                 1                0                0 
[105.042s][info][gc,ref] GC(44) O:                           Encountered       Discovered Cleared/Enqueued 
[105.042s][info][gc,ref] GC(44) O: Soft References:                  238                0                0 
[105.042s][info][gc,ref] GC(44) O: Weak References:                 1014              209                0 
[105.042s][info][gc,ref] GC(44) O: Weak (No Queue):                    3                2                0 
[105.042s][info][gc,ref] GC(44) O: Weak Fields:                        0                0                0 
[105.042s][info][gc,ref] GC(44) O: Final References:                   0                0                0 
[105.042s][info][gc,ref] GC(44) O: Phantom References:                 1                0                0 
[105.586s][info][gc,ref] GC(45) O:                           Encountered       Discovered Cleared/Enqueued 
[105.586s][info][gc,ref] GC(45) O: Soft References:                  238                0                0 
[105.586s][info][gc,ref] GC(45) O: Weak References:                 1014                7                0 
[105.586s][info][gc,ref] GC(45) O: Weak (No Queue):                    3                2                0 
[105.586s][info][gc,ref] GC(45) O: Weak Fields:                        0                0                0 
[105.586s][info][gc,ref] GC(45) O: Final References:                   0                0                0 
[105.586s][info][gc,ref] GC(45) O: Phantom References:                 1                0                0 
[106.112s][info][gc,ref] GC(46) O:                           Encountered       Discovered Cleared/Enqueued 
[106.112s][info][gc,ref] GC(46) O: Soft References:                  238                0                0 
[106.112s][info][gc,ref] GC(46) O: Weak References:                 1014                6                0 
[106.112s][info][gc,ref] GC(46) O: Weak (No Queue):                    3                2                0 
[106.112s][info][gc,ref] GC(46) O: Weak Fields:                        0                0                0 
[106.112s][info][gc,ref] GC(46) O: Final References:                   0                0                0 
[106.112s][info][gc,ref] GC(46) O: Phantom References:                 1                0                0 
[106.639s][info][gc,ref] GC(47) O:                           Encountered       Discovered Cleared/Enqueued 
[106.639s][info][gc,ref] GC(47) O: Soft References:                  238                0                0 
[106.639s][info][gc,ref] GC(47) O: Weak References:                 1014               66                0 
[106.639s][info][gc,ref] GC(47) O: Weak (No Queue):                    3                2                0 
[106.639s][info][gc,ref] GC(47) O: Weak Fields:                        0                0                0 
[106.639s][info][gc,ref] GC(47) O: Final References:                   0                0                0 
[106.639s][info][gc,ref] GC(47) O: Phantom References:                 1                0                0 
[106.944s][info][gc,stats] === Garbage Collection Statistics =======================================================================================================================
[106.944s][info][gc,stats]                                                              Last 10s              Last 10m              Last 10h                Total
[106.944s][info][gc,stats]                                                              Avg / Max             Avg / Max             Avg / Max             Avg / Max
[106.944s][info][gc,stats]        Contention: Mark Segment Reset Contention                     0 / 0                 0 / 24                0 / 24                0 / 24          ops/s
[106.944s][info][gc,stats]        Contention: Mark SeqNum Reset Contention                      0 / 1                 0 / 4                 0 / 4                 0 / 4           ops/s
[106.944s][info][gc,stats]          Critical: Allocation Stall                                  0 / 0                 0 / 0                 0 / 0                 0 / 0           ops/s
[106.944s][info][gc,stats]          Critical: Allocation Stall                              0.000 / 0.000         0.000 / 0.000         0.000 / 0.000         0.000 / 0.000       ms
[106.944s][info][gc,stats]          Critical: JNI Critical Stall                                0 / 0                 0 / 0                 0 / 0                 0 / 0           ops/s
[106.944s][info][gc,stats]          Critical: JNI Critical Stall                            0.000 / 0.000         0.000 / 0.000         0.000 / 0.000         0.000 / 0.000       ms
[106.944s][info][gc,stats]          Critical: Relocation Stall                                  0 / 0                 0 / 0                 0 / 0                 0 / 0           ops/s
[106.944s][info][gc,stats]          Critical: Relocation Stall                              0.000 / 0.000         0.000 / 0.000         0.000 / 0.000         0.000 / 0.000       ms
[106.944s][info][gc,stats]  Major Collection: Major Collection                            986.318 / 5415.974   1689.083 / 6592.819   1689.083 / 6592.819   1689.083 / 6592.819    ms
[106.944s][info][gc,stats]            Memory: Allocation Rate                                   0 / 2               192 / 4796            192 / 4796            192 / 4796        MB/s
[106.944s][info][gc,stats]            Memory: Defragment                                        0 / 0                 0 / 0                 0 / 0                 0 / 0           ops/s
[106.944s][info][gc,stats]            Memory: Mapped Cache Harvest                              0 / 0                 0 / 0                 0 / 0                 0 / 0           MB/s
[106.944s][info][gc,stats]            Memory: Out Of Memory                                     0 / 0                 0 / 0                 0 / 0                 0 / 0           ops/s
[106.944s][info][gc,stats]            Memory: Uncommit                                          0 / 0                 0 / 0                 0 / 0                 0 / 0           MB/s
[106.944s][info][gc,stats]            Memory: Undo Object Allocation Failed                     0 / 0                 0 / 0                 0 / 0                 0 / 0           ops/s
[106.944s][info][gc,stats]            Memory: Undo Object Allocation Succeeded                  0 / 0                 0 / 0                 0 / 0                 0 / 0           ops/s
[106.944s][info][gc,stats]            Memory: Undo Page Allocation                              0 / 0                 0 / 0                 0 / 0                 0 / 0           ops/s
[106.944s][info][gc,stats]  Minor Collection: Minor Collection                              0.000 / 0.000         0.000 / 0.000         0.000 / 0.000         0.000 / 0.000       ms
[106.944s][info][gc,stats]    Old Generation: Old Generation                              969.516 / 5321.023   1088.684 / 6478.340   1088.684 / 6478.340   1088.684 / 6478.340    ms
[106.944s][info][gc,stats]         Old Pause: Pause Mark End                                0.011 / 0.013         0.012 / 0.015         0.012 / 0.015         0.012 / 0.015       ms
[106.944s][info][gc,stats]         Old Pause: Pause Relocate Start                          0.009 / 0.013         0.010 / 0.022         0.010 / 0.022         0.010 / 0.022       ms
[106.944s][info][gc,stats]         Old Phase: Concurrent Mark                             887.789 / 4627.056    917.330 / 5206.342    917.330 / 5206.342    917.330 / 5206.342    ms
[106.944s][info][gc,stats]         Old Phase: Concurrent Mark Continue                      0.000 / 0.000         0.000 / 0.000         0.000 / 0.000         0.000 / 0.000       ms
[106.944s][info][gc,stats]         Old Phase: Concurrent Mark Free                          0.003 / 0.005         0.004 / 0.011         0.004 / 0.011         0.004 / 0.011       ms
[106.944s][info][gc,stats]         Old Phase: Concurrent Process Non-Strong                18.622 / 160.785      42.511 / 403.022      42.511 / 403.022      42.511 / 403.022     ms
[106.944s][info][gc,stats]         Old Phase: Concurrent Relocate                          54.942 / 486.781      99.982 / 814.858      99.982 / 814.858      99.982 / 814.858     ms
[106.944s][info][gc,stats]         Old Phase: Concurrent Remap Roots                        2.992 / 23.134       18.532 / 100.661      18.532 / 100.661      18.532 / 100.661     ms
[106.944s][info][gc,stats]         Old Phase: Concurrent Reset Relocation Set               0.025 / 0.143         0.018 / 0.156         0.018 / 0.156         0.018 / 0.156       ms
[106.944s][info][gc,stats]         Old Phase: Concurrent Select Relocation Set              4.902 / 22.859       10.039 / 94.333       10.039 / 94.333       10.039 / 94.333      ms
[106.944s][info][gc,stats]      Old Subphase: Concurrent Classes Purge                      0.005 / 0.006         0.063 / 1.770         0.063 / 1.770         0.063 / 1.770       ms
[106.944s][info][gc,stats]      Old Subphase: Concurrent Classes Unlink                     0.239 / 0.267         0.848 / 1.933         0.848 / 1.933         0.848 / 1.933       ms
[106.944s][info][gc,stats]      Old Subphase: Concurrent Mark Follow                      887.627 / 4626.911    917.169 / 5206.151    917.169 / 5206.151    917.169 / 5206.151    ms
[106.944s][info][gc,stats]      Old Subphase: Concurrent Mark Root Colored                  0.041 / 0.096         0.032 / 0.096         0.032 / 0.096         0.032 / 0.096       ms
[106.944s][info][gc,stats]      Old Subphase: Concurrent Mark Root Uncolored                0.020 / 0.038         0.029 / 0.352         0.029 / 0.352         0.029 / 0.352       ms
[106.944s][info][gc,stats]      Old Subphase: Concurrent Mark Roots                         0.163 / 0.217         0.159 / 0.405         0.159 / 0.405         0.159 / 0.405       ms
[106.944s][info][gc,stats]      Old Subphase: Concurrent References Enqueue                 0.000 / 0.003         0.001 / 0.003         0.001 / 0.003         0.001 / 0.003       ms
[106.944s][info][gc,stats]      Old Subphase: Concurrent References Process                17.900 / 160.062      41.157 / 401.904      41.157 / 401.904      41.157 / 401.904     ms
[106.944s][info][gc,stats]      Old Subphase: Concurrent Remap Remembered                   2.790 / 22.929       14.802 / 99.985       14.802 / 99.985       14.802 / 99.985      ms
[106.944s][info][gc,stats]      Old Subphase: Concurrent Remap Roots Colored                0.057 / 0.099         0.148 / 0.518         0.148 / 0.518         0.148 / 0.518       ms
[106.944s][info][gc,stats]      Old Subphase: Concurrent Remap Roots Uncolored              0.030 / 0.041         0.131 / 0.352         0.131 / 0.352         0.131 / 0.352       ms
[106.944s][info][gc,stats]      Old Subphase: Concurrent Roots ClassLoaderDataGraph         0.037 / 0.089         0.095 / 0.489         0.095 / 0.489         0.095 / 0.489       ms
[106.944s][info][gc,stats]      Old Subphase: Concurrent Roots CodeCache                    0.030 / 0.037         0.130 / 0.349         0.130 / 0.349         0.130 / 0.349       ms
[106.944s][info][gc,stats]      Old Subphase: Concurrent Roots JavaThreads                  0.009 / 0.037         0.011 / 0.351         0.011 / 0.351         0.011 / 0.351       ms
[106.944s][info][gc,stats]      Old Subphase: Concurrent Roots OopStorageSet                0.004 / 0.009         0.005 / 0.022         0.005 / 0.022         0.005 / 0.022       ms
[106.944s][info][gc,stats]      Old Subphase: Concurrent Weak Roots OopStorageSet           0.089 / 0.185         0.086 / 0.209         0.086 / 0.209         0.086 / 0.209       ms
[106.944s][info][gc,stats]            System: Java Threads                                     11 / 11               11 / 13               11 / 13               11 / 13          threads
[106.944s][info][gc,stats]  Young Generation: Young Generation                              6.931 / 35.107      600.295 / 3988.632    600.295 / 3988.632    600.295 / 3988.632    ms
[106.944s][info][gc,stats]  Young Generation: Young Generation                              0.000 / 0.000         0.000 / 0.000         0.000 / 0.000         0.000 / 0.000       ms
[106.944s][info][gc,stats]  Young Generation: Young Generation (Collect Roots)              0.000 / 0.000         0.000 / 0.000         0.000 / 0.000         0.000 / 0.000       ms
[106.944s][info][gc,stats]  Young Generation: Young Generation (Promote All)                0.000 / 0.000         0.000 / 0.000         0.000 / 0.000         0.000 / 0.000       ms
[106.944s][info][gc,stats]       Young Pause: Pause Mark End                                0.010 / 0.013         0.011 / 0.014         0.011 / 0.014         0.011 / 0.014       ms
[106.944s][info][gc,stats]       Young Pause: Pause Mark Start                              0.000 / 0.000         0.000 / 0.000         0.000 / 0.000         0.000 / 0.000       ms
[106.944s][info][gc,stats]       Young Pause: Pause Mark Start (Major)                      0.015 / 0.015         0.015 / 0.023         0.015 / 0.023         0.015 / 0.023       ms
[106.944s][info][gc,stats]       Young Pause: Pause Relocate Start                          0.005 / 0.007         0.007 / 0.014         0.007 / 0.014         0.007 / 0.014       ms
[106.944s][info][gc,stats]       Young Phase: Concurrent Mark                               6.311 / 34.491      539.391 / 3848.159    539.391 / 3848.159    539.391 / 3848.159    ms
[106.944s][info][gc,stats]       Young Phase: Concurrent Mark Continue                      0.000 / 0.000         0.000 / 0.000         0.000 / 0.000         0.000 / 0.000       ms
[106.944s][info][gc,stats]       Young Phase: Concurrent Mark Free                          0.001 / 0.001         0.002 / 0.006         0.002 / 0.006         0.002 / 0.006       ms
[106.944s][info][gc,stats]       Young Phase: Concurrent Relocate                           0.040 / 0.054        36.509 / 327.259      36.509 / 327.259      36.509 / 327.259     ms
[106.944s][info][gc,stats]       Young Phase: Concurrent Reset Relocation Set               0.000 / 0.000         0.068 / 0.881         0.068 / 0.881         0.068 / 0.881       ms
[106.944s][info][gc,stats]       Young Phase: Concurrent Select Relocation Set              0.207 / 0.272        23.818 / 257.786      23.818 / 257.786      23.818 / 257.786     ms
[106.944s][info][gc,stats]    Young Subphase: Concurrent Mark Follow                        5.383 / 33.545      538.283 / 3846.965    538.283 / 3846.965    538.283 / 3846.965    ms
[106.944s][info][gc,stats]    Young Subphase: Concurrent Mark Root Colored                  0.758 / 0.950         0.767 / 1.412         0.767 / 1.412         0.767 / 1.412       ms
[106.944s][info][gc,stats]    Young Subphase: Concurrent Mark Root Uncolored                0.061 / 0.119         0.174 / 0.351         0.174 / 0.351         0.174 / 0.351       ms
[106.944s][info][gc,stats]    Young Subphase: Concurrent Mark Roots                         0.925 / 1.068         1.105 / 1.541         1.105 / 1.541         1.105 / 1.541       ms
[106.944s][info][gc,stats]    Young Subphase: Concurrent Relocate Remset FP                 0.011 / 0.013        36.204 / 327.204      36.204 / 327.204      36.204 / 327.204     ms
[106.944s][info][gc,stats]    Young Subphase: Concurrent Roots ClassLoaderDataGraph         0.643 / 0.819         0.616 / 0.819         0.616 / 0.819         0.616 / 0.819       ms
[106.944s][info][gc,stats]    Young Subphase: Concurrent Roots CodeCache                    0.032 / 0.067         0.141 / 0.289         0.141 / 0.289         0.141 / 0.289       ms
[106.944s][info][gc,stats]    Young Subphase: Concurrent Roots JavaThreads                  0.015 / 0.052         0.019 / 0.351         0.019 / 0.351         0.019 / 0.351       ms
[106.944s][info][gc,stats]    Young Subphase: Concurrent Roots OopStorageSet                0.008 / 0.009         0.077 / 1.411         0.077 / 1.411         0.077 / 1.411       ms
[106.944s][info][gc,stats]    Young Subphase: Concurrent Weak Roots OopStorageSet           0.111 / 0.181         0.122 / 0.289         0.122 / 0.289         0.122 / 0.289       ms
[106.944s][info][gc,stats] =========================================================================================================================================================
