
=== RUN 28/80 (GA clear_path_dyn) ===

[0.032s][info][gc,ref] Reference Processor created, Macros: ZUseSeparateDiscoveredLists=0, ZUseDynamicArray=1, ZUseOptimisedClearPath=1
[1.830s][info][gc,ref] GC(0) O:                           Encountered       Discovered Cleared/Enqueued 
[1.830s][info][gc,ref] GC(0) O: Soft References:                    0                0                0 
[1.830s][info][gc,ref] GC(0) O: Weak References:                    0                0                0 
[1.830s][info][gc,ref] GC(0) O: Weak (No Queue):                    0                0                0 
[1.830s][info][gc,ref] GC(0) O: Weak Fields:                        0                0                0 
[1.830s][info][gc,ref] GC(0) O: Final References:                   0                0                0 
[1.830s][info][gc,ref] GC(0) O: Phantom References:                 0                0                0 
[2.344s][info][gc,ref] GC(1) O:                           Encountered       Discovered Cleared/Enqueued 
[2.344s][info][gc,ref] GC(1) O: Soft References:                  138                0                0 
[2.344s][info][gc,ref] GC(1) O: Weak References:                  570                0                0 
[2.344s][info][gc,ref] GC(1) O: Weak (No Queue):                    3                0                0 
[2.344s][info][gc,ref] GC(1) O: Weak Fields:                        0                0                0 
[2.344s][info][gc,ref] GC(1) O: Final References:                   0                0                0 
[2.344s][info][gc,ref] GC(1) O: Phantom References:                 1                0                0 
[2.877s][info][gc,ref] GC(2) O:                           Encountered       Discovered Cleared/Enqueued 
[2.877s][info][gc,ref] GC(2) O: Soft References:                  158                0                0 
[2.877s][info][gc,ref] GC(2) O: Weak References:                  740                0                0 
[2.877s][info][gc,ref] GC(2) O: Weak (No Queue):                    3                0                0 
[2.877s][info][gc,ref] GC(2) O: Weak Fields:                        0                0                0 
[2.877s][info][gc,ref] GC(2) O: Final References:                   0                0                0 
[2.877s][info][gc,ref] GC(2) O: Phantom References:                 1                0                0 
WeakRefMultiObjectBenchmark: objects=7340009 minSize=509 maxSize=1097 sleepMillis=3000 iterations=3

=== Iteration 1 ===
Phase 1: Allocating references and objects...
[3.423s][info][gc,ref] GC(3) O:                           Encountered       Discovered Cleared/Enqueued 
[3.423s][info][gc,ref] GC(3) O: Soft References:                  238                0                0 
[3.423s][info][gc,ref] GC(3) O: Weak References:                 1349              385              116 
[3.423s][info][gc,ref] GC(3) O: Weak (No Queue):                    3                3                0 
[3.423s][info][gc,ref] GC(3) O: Weak Fields:                        0                0                0 
[3.423s][info][gc,ref] GC(3) O: Final References:                   0                0                0 
[3.423s][info][gc,ref] GC(3) O: Phantom References:                 1                0                0 
[4.215s][info][gc,ref] GC(4) O:                           Encountered       Discovered Cleared/Enqueued 
[4.215s][info][gc,ref] GC(4) O: Soft References:                  238                0                0 
[4.215s][info][gc,ref] GC(4) O: Weak References:                 1233              414               50 
[4.215s][info][gc,ref] GC(4) O: Weak (No Queue):                    3                3                0 
[4.215s][info][gc,ref] GC(4) O: Weak Fields:                        0                0                0 
[4.215s][info][gc,ref] GC(4) O: Final References:                   0                0                0 
[4.215s][info][gc,ref] GC(4) O: Phantom References:                 1                1                0 
[5.723s][info][gc,ref] GC(5) O:                           Encountered       Discovered Cleared/Enqueued 
[5.723s][info][gc,ref] GC(5) O: Soft References:                  238                0                0 
[5.723s][info][gc,ref] GC(5) O: Weak References:               368184              871              169 
[5.723s][info][gc,ref] GC(5) O: Weak (No Queue):              1071617                3                0 
[5.723s][info][gc,ref] GC(5) O: Weak Fields:                        0                0                0 
[5.723s][info][gc,ref] GC(5) O: Final References:                   0                0                0 
[5.723s][info][gc,ref] GC(5) O: Phantom References:                 1                1                0 
Allocated 7340009 objects in 4.30 seconds
Phase 2: Sleeping for 3000 ms...
[8.945s][info][gc,ref] GC(6) O:                           Encountered       Discovered Cleared/Enqueued 
[8.945s][info][gc,ref] GC(6) O: Soft References:                  238                0                0 
[8.945s][info][gc,ref] GC(6) O: Weak References:               368015              816                0 
[8.945s][info][gc,ref] GC(6) O: Weak (No Queue):              4242955                0                0 
[8.945s][info][gc,ref] GC(6) O: Weak Fields:                        0                0                0 
[8.945s][info][gc,ref] GC(6) O: Final References:                   0                0                0 
[8.945s][info][gc,ref] GC(6) O: Phantom References:                 1                1                0 
Phase 3.1: Clearing strong references...
Cleared 1468002 strong references, 5872007 remaining
Waiting 3000 ms...
[14.049s][info][gc,ref] GC(7) O:                           Encountered       Discovered Cleared/Enqueued 
[14.049s][info][gc,ref] GC(7) O: Soft References:                  238                0                0 
[14.049s][info][gc,ref] GC(7) O: Weak References:               368015           156266                0 
[14.049s][info][gc,ref] GC(7) O: Weak (No Queue):              6973011           455637                0 
[14.049s][info][gc,ref] GC(7) O: Weak Fields:                        0                0                0 
[14.049s][info][gc,ref] GC(7) O: Final References:                   0                0                0 
[14.049s][info][gc,ref] GC(7) O: Phantom References:                 1                1                0 
Phase 3.2: Clearing strong references...
Cleared 1468002 strong references, 4404005 remaining
Waiting 3000 ms...
Phase 3.3: Clearing strong references...
Cleared 1468002 strong references, 2936003 remaining
Waiting 3000 ms...
[19.963s][info][gc,ref] GC(8) O:                           Encountered       Discovered Cleared/Enqueued 
[19.963s][info][gc,ref] GC(8) O: Soft References:                  238                0                0 
[19.963s][info][gc,ref] GC(8) O: Weak References:               368015           355058           146292 
[19.963s][info][gc,ref] GC(8) O: Weak (No Queue):              6973011          4103977          1697041 
[19.963s][info][gc,ref] GC(8) O: Weak Fields:                        0                0                0 
[19.963s][info][gc,ref] GC(8) O: Final References:                   0                0                0 
[19.963s][info][gc,ref] GC(8) O: Phantom References:                 1                1                0 
Phase 3.4: Clearing strong references...
Cleared 1468002 strong references, 1468001 remaining
Waiting 3000 ms...
Phase 3.5: Clearing strong references...
Cleared 1468001 strong references, 0 remaining
Waiting 3000 ms...
Waiting 6000 ms...
[26.907s][info][gc,ref] GC(9) O:                           Encountered       Discovered Cleared/Enqueued 
[26.907s][info][gc,ref] GC(9) O: Soft References:                  238                0                0 
[26.907s][info][gc,ref] GC(9) O: Weak References:               221723           153158           106321 
[26.907s][info][gc,ref] GC(9) O: Weak (No Queue):              5275970          3990387          3116353 
[26.907s][info][gc,ref] GC(9) O: Weak Fields:                        0                0                0 
[26.907s][info][gc,ref] GC(9) O: Final References:                   0                0                0 
[26.907s][info][gc,ref] GC(9) O: Phantom References:                 1                1                0 
[32.720s][info][gc,ref] GC(10) O:                           Encountered       Discovered Cleared/Enqueued 
[32.720s][info][gc,ref] GC(10) O: Soft References:                  238                0                0 
[32.720s][info][gc,ref] GC(10) O: Weak References:               115402           114989           114388 
[32.720s][info][gc,ref] GC(10) O: Weak (No Queue):              2159617          2159614          2159614 
[32.720s][info][gc,ref] GC(10) O: Weak Fields:                        0                0                0 
[32.720s][info][gc,ref] GC(10) O: Final References:                   0                0                0 
[32.720s][info][gc,ref] GC(10) O: Phantom References:                 1                0                0 
Phase 4: Final weak reference checks...
Final count of alive weak references: 0
References enqueued in ReferenceQueue: 367001
Cooling down for 5 seconds...
[36.177s][info][gc,ref] GC(11) O:                           Encountered       Discovered Cleared/Enqueued 
[36.177s][info][gc,ref] GC(11) O: Soft References:                  238                0                0 
[36.177s][info][gc,ref] GC(11) O: Weak References:                 1014              611                0 
[36.177s][info][gc,ref] GC(11) O: Weak (No Queue):                    3                2                0 
[36.177s][info][gc,ref] GC(11) O: Weak Fields:                        0                0                0 
[36.177s][info][gc,ref] GC(11) O: Final References:                   0                0                0 
[36.177s][info][gc,ref] GC(11) O: Phantom References:                 1                0                0 
[36.717s][info][gc,ref] GC(12) O:                           Encountered       Discovered Cleared/Enqueued 
[36.717s][info][gc,ref] GC(12) O: Soft References:                  238                0                0 
[36.717s][info][gc,ref] GC(12) O: Weak References:                 1014              449                0 
[36.717s][info][gc,ref] GC(12) O: Weak (No Queue):                    3                2                0 
[36.717s][info][gc,ref] GC(12) O: Weak Fields:                        0                0                0 
[36.717s][info][gc,ref] GC(12) O: Final References:                   0                0                0 
[36.717s][info][gc,ref] GC(12) O: Phantom References:                 1                0                0 
[37.245s][info][gc,ref] GC(13) O:                           Encountered       Discovered Cleared/Enqueued 
[37.245s][info][gc,ref] GC(13) O: Soft References:                  238                0                0 
[37.245s][info][gc,ref] GC(13) O: Weak References:                 1014              843                0 
[37.245s][info][gc,ref] GC(13) O: Weak (No Queue):                    3                2                0 
[37.245s][info][gc,ref] GC(13) O: Weak Fields:                        0                0                0 
[37.245s][info][gc,ref] GC(13) O: Final References:                   0                0                0 
[37.245s][info][gc,ref] GC(13) O: Phantom References:                 1                0                0 
[37.781s][info][gc,ref] GC(14) O:                           Encountered       Discovered Cleared/Enqueued 
[37.781s][info][gc,ref] GC(14) O: Soft References:                  238                0                0 
[37.781s][info][gc,ref] GC(14) O: Weak References:                 1014              740                0 
[37.781s][info][gc,ref] GC(14) O: Weak (No Queue):                    3                3                0 
[37.781s][info][gc,ref] GC(14) O: Weak Fields:                        0                0                0 
[37.781s][info][gc,ref] GC(14) O: Final References:                   0                0                0 
[37.781s][info][gc,ref] GC(14) O: Phantom References:                 1                1                0 
[38.328s][info][gc,ref] GC(15) O:                           Encountered       Discovered Cleared/Enqueued 
[38.328s][info][gc,ref] GC(15) O: Soft References:                  238                0                0 
[38.328s][info][gc,ref] GC(15) O: Weak References:                 1014              840                0 
[38.328s][info][gc,ref] GC(15) O: Weak (No Queue):                    3                1                0 
[38.328s][info][gc,ref] GC(15) O: Weak Fields:                        0                0                0 
[38.328s][info][gc,ref] GC(15) O: Final References:                   0                0                0 
[38.328s][info][gc,ref] GC(15) O: Phantom References:                 1                0                0 
[38.863s][info][gc,ref] GC(16) O:                           Encountered       Discovered Cleared/Enqueued 
[38.863s][info][gc,ref] GC(16) O: Soft References:                  238                0                0 
[38.863s][info][gc,ref] GC(16) O: Weak References:                 1014              741                0 
[38.863s][info][gc,ref] GC(16) O: Weak (No Queue):                    3                3                0 
[38.863s][info][gc,ref] GC(16) O: Weak Fields:                        0                0                0 
[38.863s][info][gc,ref] GC(16) O: Final References:                   0                0                0 
[38.863s][info][gc,ref] GC(16) O: Phantom References:                 1                1                0 
[39.399s][info][gc,ref] GC(17) O:                           Encountered       Discovered Cleared/Enqueued 
[39.399s][info][gc,ref] GC(17) O: Soft References:                  238                0                0 
[39.399s][info][gc,ref] GC(17) O: Weak References:                 1014              841                0 
[39.399s][info][gc,ref] GC(17) O: Weak (No Queue):                    3                2                0 
[39.399s][info][gc,ref] GC(17) O: Weak Fields:                        0                0                0 
[39.399s][info][gc,ref] GC(17) O: Final References:                   0                0                0 
[39.399s][info][gc,ref] GC(17) O: Phantom References:                 1                0                0 
[39.935s][info][gc,ref] GC(18) O:                           Encountered       Discovered Cleared/Enqueued 
[39.935s][info][gc,ref] GC(18) O: Soft References:                  238                0                0 
[39.935s][info][gc,ref] GC(18) O: Weak References:                 1014              782                0 
[39.935s][info][gc,ref] GC(18) O: Weak (No Queue):                    3                0                0 
[39.935s][info][gc,ref] GC(18) O: Weak Fields:                        0                0                0 
[39.935s][info][gc,ref] GC(18) O: Final References:                   0                0                0 
[39.935s][info][gc,ref] GC(18) O: Phantom References:                 1                0                0 

=== Iteration 2 ===
Phase 1: Allocating references and objects...
[40.496s][info][gc,ref] GC(19) O:                           Encountered       Discovered Cleared/Enqueued 
[40.496s][info][gc,ref] GC(19) O: Soft References:                  238                0                0 
[40.496s][info][gc,ref] GC(19) O: Weak References:                 1014              127                0 
[40.496s][info][gc,ref] GC(19) O: Weak (No Queue):                    3                1                0 
[40.496s][info][gc,ref] GC(19) O: Weak Fields:                        0                0                0 
[40.496s][info][gc,ref] GC(19) O: Final References:                   0                0                0 
[40.496s][info][gc,ref] GC(19) O: Phantom References:                 1                0                0 
Allocated 7340009 objects in 1.84 seconds
Phase 2: Sleeping for 3000 ms...
[42.054s][info][gc,ref] GC(20) O:                           Encountered       Discovered Cleared/Enqueued 
[42.054s][info][gc,ref] GC(20) O: Soft References:                  238                0                0 
[42.054s][info][gc,ref] GC(20) O: Weak References:               368015              162                0 
[42.054s][info][gc,ref] GC(20) O: Weak (No Queue):               147907                2                0 
[42.054s][info][gc,ref] GC(20) O: Weak Fields:                        0                0                0 
[42.054s][info][gc,ref] GC(20) O: Final References:                   0                0                0 
[42.054s][info][gc,ref] GC(20) O: Phantom References:                 1                0                0 
Phase 3.1: Clearing strong references...
Cleared 1468002 strong references, 5872007 remaining
Waiting 3000 ms...
[46.608s][info][gc,ref] GC(21) O:                           Encountered       Discovered Cleared/Enqueued 
[46.608s][info][gc,ref] GC(21) O: Soft References:                  238                0                0 
[46.608s][info][gc,ref] GC(21) O: Weak References:               368015              156                0 
[46.608s][info][gc,ref] GC(21) O: Weak (No Queue):              6973011                2                0 
[46.608s][info][gc,ref] GC(21) O: Weak Fields:                        0                0                0 
[46.608s][info][gc,ref] GC(21) O: Final References:                   0                0                0 
[46.608s][info][gc,ref] GC(21) O: Phantom References:                 1                0                0 
Phase 3.2: Clearing strong references...
Cleared 1468002 strong references, 4404005 remaining
Waiting 3000 ms...
Phase 3.3: Clearing strong references...
[51.711s][info][gc,ref] GC(22) O:                           Encountered       Discovered Cleared/Enqueued 
[51.711s][info][gc,ref] GC(22) O: Soft References:                  238                0                0 
[51.711s][info][gc,ref] GC(22) O: Weak References:               368015           289330            73177 
[51.711s][info][gc,ref] GC(22) O: Weak (No Queue):              6973011           116058            29513 
[51.711s][info][gc,ref] GC(22) O: Weak Fields:                        0                0                0 
[51.711s][info][gc,ref] GC(22) O: Final References:                   0                0                0 
[51.711s][info][gc,ref] GC(22) O: Phantom References:                 1                1                0 
Cleared 1468002 strong references, 2936003 remaining
Waiting 3000 ms...
Phase 3.4: Clearing strong references...
Cleared 1468002 strong references, 1468001 remaining
Waiting 3000 ms...
[57.923s][info][gc,ref] GC(23) O:                           Encountered       Discovered Cleared/Enqueued 
[57.923s][info][gc,ref] GC(23) O: Soft References:                  238                0                0 
[57.923s][info][gc,ref] GC(23) O: Weak References:               294838           262755           146623 
[57.923s][info][gc,ref] GC(23) O: Weak (No Queue):              6943498          6340119          4154693 
[57.923s][info][gc,ref] GC(23) O: Weak Fields:                        0                0                0 
[57.923s][info][gc,ref] GC(23) O: Final References:                   0                0                0 
[57.923s][info][gc,ref] GC(23) O: Phantom References:                 1                1                0 
Phase 3.5: Clearing strong references...
Cleared 1468001 strong references, 0 remaining
Waiting 3000 ms...
Waiting 6000 ms...
[63.871s][info][gc,ref] GC(24) O:                           Encountered       Discovered Cleared/Enqueued 
[63.871s][info][gc,ref] GC(24) O: Soft References:                  238                0                0 
[63.871s][info][gc,ref] GC(24) O: Weak References:               148215           147960           147201 
[63.871s][info][gc,ref] GC(24) O: Weak (No Queue):              2788805          2788802          2788802 
[63.871s][info][gc,ref] GC(24) O: Weak Fields:                        0                0                0 
[63.871s][info][gc,ref] GC(24) O: Final References:                   0                0                0 
[63.871s][info][gc,ref] GC(24) O: Phantom References:                 1                0                0 
Phase 4: Final weak reference checks...
Final count of alive weak references: 0
References enqueued in ReferenceQueue: 367001
Cooling down for 5 seconds...
[68.078s][info][gc,ref] GC(25) O:                           Encountered       Discovered Cleared/Enqueued 
[68.078s][info][gc,ref] GC(25) O: Soft References:                  238                0                0 
[68.078s][info][gc,ref] GC(25) O: Weak References:                 1014              944                0 
[68.078s][info][gc,ref] GC(25) O: Weak (No Queue):                    3                3                0 
[68.078s][info][gc,ref] GC(25) O: Weak Fields:                        0                0                0 
[68.078s][info][gc,ref] GC(25) O: Final References:                   0                0                0 
[68.078s][info][gc,ref] GC(25) O: Phantom References:                 1                1                0 
[68.624s][info][gc,ref] GC(26) O:                           Encountered       Discovered Cleared/Enqueued 
[68.624s][info][gc,ref] GC(26) O: Soft References:                  238                0                0 
[68.624s][info][gc,ref] GC(26) O: Weak References:                 1014              802                0 
[68.624s][info][gc,ref] GC(26) O: Weak (No Queue):                    3                3                0 
[68.624s][info][gc,ref] GC(26) O: Weak Fields:                        0                0                0 
[68.624s][info][gc,ref] GC(26) O: Final References:                   0                0                0 
[68.624s][info][gc,ref] GC(26) O: Phantom References:                 1                1                0 
[69.155s][info][gc,ref] GC(27) O:                           Encountered       Discovered Cleared/Enqueued 
[69.155s][info][gc,ref] GC(27) O: Soft References:                  238                0                0 
[69.155s][info][gc,ref] GC(27) O: Weak References:                 1014              768                0 
[69.155s][info][gc,ref] GC(27) O: Weak (No Queue):                    3                1                0 
[69.155s][info][gc,ref] GC(27) O: Weak Fields:                        0                0                0 
[69.155s][info][gc,ref] GC(27) O: Final References:                   0                0                0 
[69.155s][info][gc,ref] GC(27) O: Phantom References:                 1                1                0 
[69.689s][info][gc,ref] GC(28) O:                           Encountered       Discovered Cleared/Enqueued 
[69.689s][info][gc,ref] GC(28) O: Soft References:                  238                0                0 
[69.689s][info][gc,ref] GC(28) O: Weak References:                 1014              787                0 
[69.689s][info][gc,ref] GC(28) O: Weak (No Queue):                    3                1                0 
[69.689s][info][gc,ref] GC(28) O: Weak Fields:                        0                0                0 
[69.689s][info][gc,ref] GC(28) O: Final References:                   0                0                0 
[69.689s][info][gc,ref] GC(28) O: Phantom References:                 1                0                0 
[70.215s][info][gc,ref] GC(29) O:                           Encountered       Discovered Cleared/Enqueued 
[70.215s][info][gc,ref] GC(29) O: Soft References:                  238                0                0 
[70.215s][info][gc,ref] GC(29) O: Weak References:                 1014              818                0 
[70.215s][info][gc,ref] GC(29) O: Weak (No Queue):                    3                3                0 
[70.215s][info][gc,ref] GC(29) O: Weak Fields:                        0                0                0 
[70.215s][info][gc,ref] GC(29) O: Final References:                   0                0                0 
[70.215s][info][gc,ref] GC(29) O: Phantom References:                 1                1                0 
[70.749s][info][gc,ref] GC(30) O:                           Encountered       Discovered Cleared/Enqueued 
[70.749s][info][gc,ref] GC(30) O: Soft References:                  238                0                0 
[70.749s][info][gc,ref] GC(30) O: Weak References:                 1014              742                0 
[70.749s][info][gc,ref] GC(30) O: Weak (No Queue):                    3                3                0 
[70.749s][info][gc,ref] GC(30) O: Weak Fields:                        0                0                0 
[70.749s][info][gc,ref] GC(30) O: Final References:                   0                0                0 
[70.749s][info][gc,ref] GC(30) O: Phantom References:                 1                1                0 
[71.274s][info][gc,ref] GC(31) O:                           Encountered       Discovered Cleared/Enqueued 
[71.274s][info][gc,ref] GC(31) O: Soft References:                  238                0                0 
[71.274s][info][gc,ref] GC(31) O: Weak References:                 1014              769                0 
[71.274s][info][gc,ref] GC(31) O: Weak (No Queue):                    3                3                0 
[71.274s][info][gc,ref] GC(31) O: Weak Fields:                        0                0                0 
[71.274s][info][gc,ref] GC(31) O: Final References:                   0                0                0 
[71.274s][info][gc,ref] GC(31) O: Phantom References:                 1                1                0 
[71.808s][info][gc,ref] GC(32) O:                           Encountered       Discovered Cleared/Enqueued 
[71.808s][info][gc,ref] GC(32) O: Soft References:                  238                0                0 
[71.808s][info][gc,ref] GC(32) O: Weak References:                 1014              750                0 
[71.808s][info][gc,ref] GC(32) O: Weak (No Queue):                    3                0                0 
[71.808s][info][gc,ref] GC(32) O: Weak Fields:                        0                0                0 
[71.808s][info][gc,ref] GC(32) O: Final References:                   0                0                0 
[71.808s][info][gc,ref] GC(32) O: Phantom References:                 1                1                0 
[72.333s][info][gc,ref] GC(33) O:                           Encountered       Discovered Cleared/Enqueued 
[72.333s][info][gc,ref] GC(33) O: Soft References:                  238                0                0 
[72.333s][info][gc,ref] GC(33) O: Weak References:                 1014              799                0 
[72.333s][info][gc,ref] GC(33) O: Weak (No Queue):                    3                3                0 
[72.333s][info][gc,ref] GC(33) O: Weak Fields:                        0                0                0 
[72.333s][info][gc,ref] GC(33) O: Final References:                   0                0                0 
[72.333s][info][gc,ref] GC(33) O: Phantom References:                 1                1                0 

=== Iteration 3 ===
Phase 1: Allocating references and objects...
[72.879s][info][gc,ref] GC(34) O:                           Encountered       Discovered Cleared/Enqueued 
[72.879s][info][gc,ref] GC(34) O: Soft References:                  238                0                0 
[72.879s][info][gc,ref] GC(34) O: Weak References:                 1014              471                0 
[72.879s][info][gc,ref] GC(34) O: Weak (No Queue):                    3                3                0 
[72.879s][info][gc,ref] GC(34) O: Weak Fields:                        0                0                0 
[72.879s][info][gc,ref] GC(34) O: Final References:                   0                0                0 
[72.879s][info][gc,ref] GC(34) O: Phantom References:                 1                1                0 
[73.589s][info][gc,ref] GC(35) O:                           Encountered       Discovered Cleared/Enqueued 
[73.589s][info][gc,ref] GC(35) O: Soft References:                  238                0                0 
[73.589s][info][gc,ref] GC(35) O: Weak References:                 1014              178                0 
[73.589s][info][gc,ref] GC(35) O: Weak (No Queue):                    3                3                0 
[73.589s][info][gc,ref] GC(35) O: Weak Fields:                        0                0                0 
[73.589s][info][gc,ref] GC(35) O: Final References:                   0                0                0 
[73.589s][info][gc,ref] GC(35) O: Phantom References:                 1                1                0 
Allocated 7340009 objects in 2.00 seconds
Phase 2: Sleeping for 3000 ms...
[76.010s][info][gc,ref] GC(36) O:                           Encountered       Discovered Cleared/Enqueued 
[76.010s][info][gc,ref] GC(36) O: Soft References:                  238                0                0 
[76.010s][info][gc,ref] GC(36) O: Weak References:               368015              957                0 
[76.010s][info][gc,ref] GC(36) O: Weak (No Queue):              3299106                3                0 
[76.010s][info][gc,ref] GC(36) O: Weak Fields:                        0                0                0 
[76.010s][info][gc,ref] GC(36) O: Final References:                   0                0                0 
[76.010s][info][gc,ref] GC(36) O: Phantom References:                 1                1                0 
Phase 3.1: Clearing strong references...
Cleared 1468002 strong references, 5872007 remaining
Waiting 3000 ms...
[81.180s][info][gc,ref] GC(37) O:                           Encountered       Discovered Cleared/Enqueued 
[81.180s][info][gc,ref] GC(37) O: Soft References:                  238                0                0 
[81.180s][info][gc,ref] GC(37) O: Weak References:               368015              738                0 
[81.180s][info][gc,ref] GC(37) O: Weak (No Queue):              6973011                2                0 
[81.180s][info][gc,ref] GC(37) O: Weak Fields:                        0                0                0 
[81.180s][info][gc,ref] GC(37) O: Final References:                   0                0                0 
[81.180s][info][gc,ref] GC(37) O: Phantom References:                 1                1                0 
Phase 3.2: Clearing strong references...
Cleared 1468002 strong references, 4404005 remaining
Waiting 3000 ms...
Phase 3.3: Clearing strong references...
Cleared 1468002 strong references, 2936003 remaining
Waiting 3000 ms...
[86.782s][info][gc,ref] GC(38) O:                           Encountered       Discovered Cleared/Enqueued 
[86.782s][info][gc,ref] GC(38) O: Soft References:                  238                0                0 
[86.782s][info][gc,ref] GC(38) O: Weak References:               368015           330376           147190 
[86.782s][info][gc,ref] GC(38) O: Weak (No Queue):              6973011          2965927          1319226 
[86.782s][info][gc,ref] GC(38) O: Weak Fields:                        0                0                0 
[86.782s][info][gc,ref] GC(38) O: Final References:                   0                0                0 
[86.782s][info][gc,ref] GC(38) O: Phantom References:                 1                1                0 
Phase 3.4: Clearing strong references...
Cleared 1468002 strong references, 1468001 remaining
Waiting 3000 ms...
Phase 3.5: Clearing strong references...
Cleared 1468001 strong references, 0 remaining
Waiting 3000 ms...
[93.770s][info][gc,ref] GC(39) O:                           Encountered       Discovered Cleared/Enqueued 
[93.770s][info][gc,ref] GC(39) O: Soft References:                  238                0                0 
[93.770s][info][gc,ref] GC(39) O: Weak References:               220825           174815            73200 
[93.770s][info][gc,ref] GC(39) O: Weak (No Queue):              5653785          4781651          2864390 
[93.770s][info][gc,ref] GC(39) O: Weak Fields:                        0                0                0 
[93.770s][info][gc,ref] GC(39) O: Final References:                   0                0                0 
[93.770s][info][gc,ref] GC(39) O: Phantom References:                 1                0                0 
Waiting 6000 ms...
[99.720s][info][gc,ref] GC(40) O:                           Encountered       Discovered Cleared/Enqueued 
[99.720s][info][gc,ref] GC(40) O: Soft References:                  238                0                0 
[99.720s][info][gc,ref] GC(40) O: Weak References:               147625           147045           146611 
[99.720s][info][gc,ref] GC(40) O: Weak (No Queue):              2789395          2789393          2789392 
[99.720s][info][gc,ref] GC(40) O: Weak Fields:                        0                0                0 
[99.720s][info][gc,ref] GC(40) O: Final References:                   0                0                0 
[99.720s][info][gc,ref] GC(40) O: Phantom References:                 1                0                0 
Phase 4: Final weak reference checks...
Final count of alive weak references: 0
References enqueued in ReferenceQueue: 367001
Cooling down for 5 seconds...
[103.206s][info][gc,ref] GC(41) O:                           Encountered       Discovered Cleared/Enqueued 
[103.206s][info][gc,ref] GC(41) O: Soft References:                  238                0                0 
[103.206s][info][gc,ref] GC(41) O: Weak References:                 1014              498                0 
[103.206s][info][gc,ref] GC(41) O: Weak (No Queue):                    3                0                0 
[103.206s][info][gc,ref] GC(41) O: Weak Fields:                        0                0                0 
[103.206s][info][gc,ref] GC(41) O: Final References:                   0                0                0 
[103.206s][info][gc,ref] GC(41) O: Phantom References:                 1                0                0 
[103.743s][info][gc,ref] GC(42) O:                           Encountered       Discovered Cleared/Enqueued 
[103.743s][info][gc,ref] GC(42) O: Soft References:                  238                0                0 
[103.743s][info][gc,ref] GC(42) O: Weak References:                 1014              781                0 
[103.743s][info][gc,ref] GC(42) O: Weak (No Queue):                    3                0                0 
[103.743s][info][gc,ref] GC(42) O: Weak Fields:                        0                0                0 
[103.743s][info][gc,ref] GC(42) O: Final References:                   0                0                0 
[103.743s][info][gc,ref] GC(42) O: Phantom References:                 1                0                0 
[104.271s][info][gc,ref] GC(43) O:                           Encountered       Discovered Cleared/Enqueued 
[104.271s][info][gc,ref] GC(43) O: Soft References:                  238                0                0 
[104.271s][info][gc,ref] GC(43) O: Weak References:                 1014              792                0 
[104.271s][info][gc,ref] GC(43) O: Weak (No Queue):                    3                3                0 
[104.271s][info][gc,ref] GC(43) O: Weak Fields:                        0                0                0 
[104.271s][info][gc,ref] GC(43) O: Final References:                   0                0                0 
[104.271s][info][gc,ref] GC(43) O: Phantom References:                 1                1                0 
[104.796s][info][gc,ref] GC(44) O:                           Encountered       Discovered Cleared/Enqueued 
[104.796s][info][gc,ref] GC(44) O: Soft References:                  238                0                0 
[104.796s][info][gc,ref] GC(44) O: Weak References:                 1014              746                0 
[104.796s][info][gc,ref] GC(44) O: Weak (No Queue):                    3                1                0 
[104.796s][info][gc,ref] GC(44) O: Weak Fields:                        0                0                0 
[104.796s][info][gc,ref] GC(44) O: Final References:                   0                0                0 
[104.796s][info][gc,ref] GC(44) O: Phantom References:                 1                1                0 
[105.322s][info][gc,ref] GC(45) O:                           Encountered       Discovered Cleared/Enqueued 
[105.322s][info][gc,ref] GC(45) O: Soft References:                  238                0                0 
[105.322s][info][gc,ref] GC(45) O: Weak References:                 1014              792                0 
[105.322s][info][gc,ref] GC(45) O: Weak (No Queue):                    3                3                0 
[105.322s][info][gc,ref] GC(45) O: Weak Fields:                        0                0                0 
[105.322s][info][gc,ref] GC(45) O: Final References:                   0                0                0 
[105.322s][info][gc,ref] GC(45) O: Phantom References:                 1                1                0 
[105.846s][info][gc,ref] GC(46) O:                           Encountered       Discovered Cleared/Enqueued 
[105.846s][info][gc,ref] GC(46) O: Soft References:                  238                0                0 
[105.846s][info][gc,ref] GC(46) O: Weak References:                 1014              869                0 
[105.846s][info][gc,ref] GC(46) O: Weak (No Queue):                    3                3                0 
[105.846s][info][gc,ref] GC(46) O: Weak Fields:                        0                0                0 
[105.846s][info][gc,ref] GC(46) O: Final References:                   0                0                0 
[105.846s][info][gc,ref] GC(46) O: Phantom References:                 1                1                0 
[106.374s][info][gc,ref] GC(47) O:                           Encountered       Discovered Cleared/Enqueued 
[106.374s][info][gc,ref] GC(47) O: Soft References:                  238                0                0 
[106.374s][info][gc,ref] GC(47) O: Weak References:                 1014              740                0 
[106.374s][info][gc,ref] GC(47) O: Weak (No Queue):                    3                3                0 
[106.374s][info][gc,ref] GC(47) O: Weak Fields:                        0                0                0 
[106.374s][info][gc,ref] GC(47) O: Final References:                   0                0                0 
[106.374s][info][gc,ref] GC(47) O: Phantom References:                 1                1                0 
[106.898s][info][gc,ref] GC(48) O:                           Encountered       Discovered Cleared/Enqueued 
[106.898s][info][gc,ref] GC(48) O: Soft References:                  238                0                0 
[106.898s][info][gc,ref] GC(48) O: Weak References:                 1014              793                0 
[106.898s][info][gc,ref] GC(48) O: Weak (No Queue):                    3                3                0 
[106.898s][info][gc,ref] GC(48) O: Weak Fields:                        0                0                0 
[106.898s][info][gc,ref] GC(48) O: Final References:                   0                0                0 
[106.898s][info][gc,ref] GC(48) O: Phantom References:                 1                1                0 
[107.424s][info][gc,ref] GC(49) O:                           Encountered       Discovered Cleared/Enqueued 
[107.424s][info][gc,ref] GC(49) O: Soft References:                  238                0                0 
[107.424s][info][gc,ref] GC(49) O: Weak References:                 1014              868                0 
[107.424s][info][gc,ref] GC(49) O: Weak (No Queue):                    3                3                0 
[107.424s][info][gc,ref] GC(49) O: Weak Fields:                        0                0                0 
[107.424s][info][gc,ref] GC(49) O: Final References:                   0                0                0 
[107.424s][info][gc,ref] GC(49) O: Phantom References:                 1                1                0 
[107.713s][info][gc,stats] === Garbage Collection Statistics =======================================================================================================================
[107.713s][info][gc,stats]                                                              Last 10s              Last 10m              Last 10h                Total
[107.713s][info][gc,stats]                                                              Avg / Max             Avg / Max             Avg / Max             Avg / Max
[107.713s][info][gc,stats]        Contention: Mark Segment Reset Contention                     0 / 0                 0 / 18                0 / 18                0 / 18          ops/s
[107.713s][info][gc,stats]        Contention: Mark SeqNum Reset Contention                      0 / 0                 0 / 2                 0 / 2                 0 / 2           ops/s
[107.713s][info][gc,stats]          Critical: Allocation Stall                                  0 / 0                 0 / 0                 0 / 0                 0 / 0           ops/s
[107.713s][info][gc,stats]          Critical: Allocation Stall                              0.000 / 0.000         0.000 / 0.000         0.000 / 0.000         0.000 / 0.000       ms
[107.713s][info][gc,stats]          Critical: JNI Critical Stall                                0 / 0                 0 / 0                 0 / 0                 0 / 0           ops/s
[107.713s][info][gc,stats]          Critical: JNI Critical Stall                            0.000 / 0.000         0.000 / 0.000         0.000 / 0.000         0.000 / 0.000       ms
[107.713s][info][gc,stats]          Critical: Relocation Stall                                  0 / 0                 0 / 0                 0 / 0                 0 / 0           ops/s
[107.713s][info][gc,stats]          Critical: Relocation Stall                              0.000 / 0.000         0.000 / 0.000         0.000 / 0.000         0.000 / 0.000       ms
[107.713s][info][gc,stats]  Major Collection: Major Collection                           1071.723 / 5439.791   1682.823 / 6481.944   1682.823 / 6481.944   1682.823 / 6481.944    ms
[107.713s][info][gc,stats]            Memory: Allocation Rate                                   0 / 2               192 / 5512            192 / 5512            192 / 5512        MB/s
[107.713s][info][gc,stats]            Memory: Defragment                                        0 / 0                 0 / 0                 0 / 0                 0 / 0           ops/s
[107.713s][info][gc,stats]            Memory: Mapped Cache Harvest                              0 / 0                 0 / 0                 0 / 0                 0 / 0           MB/s
[107.713s][info][gc,stats]            Memory: Out Of Memory                                     0 / 0                 0 / 0                 0 / 0                 0 / 0           ops/s
[107.713s][info][gc,stats]            Memory: Uncommit                                          0 / 0                 0 / 0                 0 / 0                 0 / 0           MB/s
[107.713s][info][gc,stats]            Memory: Undo Object Allocation Failed                     0 / 0                 0 / 0                 0 / 0                 0 / 0           ops/s
[107.713s][info][gc,stats]            Memory: Undo Object Allocation Succeeded                  0 / 0                 0 / 0                 0 / 0                 0 / 0           ops/s
[107.713s][info][gc,stats]            Memory: Undo Page Allocation                              0 / 0                 0 / 0                 0 / 0                 0 / 0           ops/s
[107.713s][info][gc,stats]  Minor Collection: Minor Collection                              0.000 / 0.000         0.000 / 0.000         0.000 / 0.000         0.000 / 0.000       ms
[107.713s][info][gc,stats]    Old Generation: Old Generation                             1053.640 / 5357.229   1132.959 / 6369.262   1132.959 / 6369.262   1132.959 / 6369.262    ms
[107.713s][info][gc,stats]         Old Pause: Pause Mark End                                0.012 / 0.014         0.012 / 0.017         0.012 / 0.017         0.012 / 0.017       ms
[107.713s][info][gc,stats]         Old Pause: Pause Relocate Start                          0.012 / 0.025         0.010 / 0.025         0.010 / 0.025         0.010 / 0.025       ms
[107.713s][info][gc,stats]         Old Phase: Concurrent Mark                             960.860 / 4650.465    954.561 / 5196.141    954.561 / 5196.141    954.561 / 5196.141    ms
[107.713s][info][gc,stats]         Old Phase: Concurrent Mark Continue                      0.000 / 0.000         0.000 / 0.000         0.000 / 0.000         0.000 / 0.000       ms
[107.713s][info][gc,stats]         Old Phase: Concurrent Mark Free                          0.003 / 0.003         0.004 / 0.007         0.004 / 0.007         0.004 / 0.007       ms
[107.713s][info][gc,stats]         Old Phase: Concurrent Process Non-Strong                20.399 / 156.573      42.359 / 425.497      42.359 / 425.497      42.359 / 425.497     ms
[107.713s][info][gc,stats]         Old Phase: Concurrent Relocate                          63.095 / 501.130     104.006 / 790.923     104.006 / 790.923     104.006 / 790.923     ms
[107.713s][info][gc,stats]         Old Phase: Concurrent Remap Roots                        3.282 / 23.262       20.984 / 102.439      20.984 / 102.439      20.984 / 102.439     ms
[107.713s][info][gc,stats]         Old Phase: Concurrent Reset Relocation Set               0.031 / 0.129         0.018 / 0.156         0.018 / 0.156         0.018 / 0.156       ms
[107.713s][info][gc,stats]         Old Phase: Concurrent Select Relocation Set              5.777 / 25.557       10.771 / 95.408       10.771 / 95.408       10.771 / 95.408      ms
[107.713s][info][gc,stats]      Old Subphase: Concurrent Classes Purge                      0.005 / 0.007         0.062 / 1.777         0.062 / 1.777         0.062 / 1.777       ms
[107.713s][info][gc,stats]      Old Subphase: Concurrent Classes Unlink                     0.218 / 0.258         1.122 / 1.842         1.122 / 1.842         1.122 / 1.842       ms
[107.713s][info][gc,stats]      Old Subphase: Concurrent Mark Follow                      960.692 / 4650.286    954.389 / 5196.013    954.389 / 5196.013    954.389 / 5196.013    ms
[107.713s][info][gc,stats]      Old Subphase: Concurrent Mark Root Colored                  0.041 / 0.088         0.033 / 0.112         0.033 / 0.112         0.033 / 0.112       ms
[107.713s][info][gc,stats]      Old Subphase: Concurrent Mark Root Uncolored                0.020 / 0.037         0.030 / 0.200         0.030 / 0.200         0.030 / 0.200       ms
[107.713s][info][gc,stats]      Old Subphase: Concurrent Mark Roots                         0.164 / 0.247         0.169 / 0.299         0.169 / 0.299         0.169 / 0.299       ms
[107.713s][info][gc,stats]      Old Subphase: Concurrent References Enqueue                 0.001 / 0.004         0.001 / 0.006         0.001 / 0.006         0.001 / 0.006       ms
[107.713s][info][gc,stats]      Old Subphase: Concurrent References Process                19.741 / 155.996      40.757 / 423.718      40.757 / 423.718      40.757 / 423.718     ms
[107.713s][info][gc,stats]      Old Subphase: Concurrent Remap Remembered                   3.113 / 22.954       16.288 / 102.004      16.288 / 102.004      16.288 / 102.004     ms
[107.713s][info][gc,stats]      Old Subphase: Concurrent Remap Roots Colored                0.053 / 0.087         0.143 / 0.556         0.143 / 0.556         0.143 / 0.556       ms
[107.713s][info][gc,stats]      Old Subphase: Concurrent Remap Roots Uncolored              0.022 / 0.032         0.169 / 0.345         0.169 / 0.345         0.169 / 0.345       ms
[107.713s][info][gc,stats]      Old Subphase: Concurrent Roots ClassLoaderDataGraph         0.033 / 0.077         0.089 / 0.522         0.089 / 0.522         0.089 / 0.522       ms
[107.713s][info][gc,stats]      Old Subphase: Concurrent Roots CodeCache                    0.023 / 0.029         0.172 / 0.340         0.172 / 0.340         0.172 / 0.340       ms
[107.713s][info][gc,stats]      Old Subphase: Concurrent Roots JavaThreads                  0.007 / 0.037         0.011 / 0.200         0.011 / 0.200         0.011 / 0.200       ms
[107.713s][info][gc,stats]      Old Subphase: Concurrent Roots OopStorageSet                0.004 / 0.011         0.004 / 0.026         0.004 / 0.026         0.004 / 0.026       ms
[107.713s][info][gc,stats]      Old Subphase: Concurrent Weak Roots OopStorageSet           0.081 / 0.193         0.086 / 0.225         0.086 / 0.225         0.086 / 0.225       ms
[107.713s][info][gc,stats]            System: Java Threads                                     11 / 11               11 / 13               11 / 13               11 / 13          threads
[107.713s][info][gc,stats]  Young Generation: Young Generation                              8.777 / 40.120      549.767 / 4205.971    549.767 / 4205.971    549.767 / 4205.971    ms
[107.713s][info][gc,stats]  Young Generation: Young Generation                              0.000 / 0.000         0.000 / 0.000         0.000 / 0.000         0.000 / 0.000       ms
[107.713s][info][gc,stats]  Young Generation: Young Generation (Collect Roots)              0.000 / 0.000         0.000 / 0.000         0.000 / 0.000         0.000 / 0.000       ms
[107.713s][info][gc,stats]  Young Generation: Young Generation (Promote All)                0.000 / 0.000         0.000 / 0.000         0.000 / 0.000         0.000 / 0.000       ms
[107.713s][info][gc,stats]       Young Pause: Pause Mark End                                0.010 / 0.014         0.011 / 0.023         0.011 / 0.023         0.011 / 0.023       ms
[107.713s][info][gc,stats]       Young Pause: Pause Mark Start                              0.000 / 0.000         0.000 / 0.000         0.000 / 0.000         0.000 / 0.000       ms
[107.713s][info][gc,stats]       Young Pause: Pause Mark Start (Major)                      0.014 / 0.015         0.015 / 0.017         0.015 / 0.017         0.015 / 0.017       ms
[107.713s][info][gc,stats]       Young Pause: Pause Relocate Start                          0.006 / 0.007         0.007 / 0.014         0.007 / 0.014         0.007 / 0.014       ms
[107.713s][info][gc,stats]       Young Phase: Concurrent Mark                               7.745 / 37.668      485.909 / 3785.862    485.909 / 3785.862    485.909 / 3785.862    ms
[107.713s][info][gc,stats]       Young Phase: Concurrent Mark Continue                      0.000 / 0.000         0.000 / 0.000         0.000 / 0.000         0.000 / 0.000       ms
[107.713s][info][gc,stats]       Young Phase: Concurrent Mark Free                          0.001 / 0.001         0.003 / 0.008         0.003 / 0.008         0.003 / 0.008       ms
[107.713s][info][gc,stats]       Young Phase: Concurrent Relocate                           0.078 / 0.146        36.054 / 416.936      36.054 / 416.936      36.054 / 416.936     ms
[107.713s][info][gc,stats]       Young Phase: Concurrent Reset Relocation Set               0.000 / 0.000         0.068 / 1.027         0.068 / 1.027         0.068 / 1.027       ms
[107.713s][info][gc,stats]       Young Phase: Concurrent Select Relocation Set              0.454 / 0.736        27.256 / 281.199      27.256 / 281.199      27.256 / 281.199     ms
[107.713s][info][gc,stats]    Young Subphase: Concurrent Mark Follow                        6.798 / 36.691      484.770 / 3784.657    484.770 / 3784.657    484.770 / 3784.657    ms
[107.713s][info][gc,stats]    Young Subphase: Concurrent Mark Root Colored                  0.671 / 0.856         0.699 / 1.409         0.699 / 1.409         0.699 / 1.409       ms
[107.713s][info][gc,stats]    Young Subphase: Concurrent Mark Root Uncolored                0.053 / 0.072         0.214 / 0.376         0.214 / 0.376         0.214 / 0.376       ms
[107.713s][info][gc,stats]    Young Subphase: Concurrent Mark Roots                         0.944 / 1.031         1.137 / 1.638         1.137 / 1.638         1.137 / 1.638       ms
[107.713s][info][gc,stats]    Young Subphase: Concurrent Relocate Remset FP                 0.012 / 0.016        35.707 / 416.739      35.707 / 416.739      35.707 / 416.739     ms
[107.713s][info][gc,stats]    Young Subphase: Concurrent Roots ClassLoaderDataGraph         0.577 / 0.718         0.561 / 0.734         0.561 / 0.734         0.561 / 0.734       ms
[107.713s][info][gc,stats]    Young Subphase: Concurrent Roots CodeCache                    0.025 / 0.028         0.183 / 0.342         0.183 / 0.342         0.183 / 0.342       ms
[107.713s][info][gc,stats]    Young Subphase: Concurrent Roots JavaThreads                  0.014 / 0.048         0.019 / 0.376         0.019 / 0.376         0.019 / 0.376       ms
[107.713s][info][gc,stats]    Young Subphase: Concurrent Roots OopStorageSet                0.007 / 0.019         0.054 / 1.290         0.054 / 1.290         0.054 / 1.290       ms
[107.713s][info][gc,stats]    Young Subphase: Concurrent Weak Roots OopStorageSet           0.088 / 0.162         0.105 / 0.291         0.105 / 0.291         0.105 / 0.291       ms
[107.713s][info][gc,stats] =========================================================================================================================================================
