
=== RUN 53/80 (GA clear_path_sep) ===

[0.027s][info][gc,ref] Reference Processor created, Macros: ZUseSeparateDiscoveredLists=1, ZUseDynamicArray=0, ZUseOptimisedClearPath=1
[1.826s][info][gc,ref] GC(0) O:                           Encountered       Discovered Cleared/Enqueued 
[1.826s][info][gc,ref] GC(0) O: Soft References:                    0                0                0 
[1.826s][info][gc,ref] GC(0) O: Weak References:                    0                0                0 
[1.826s][info][gc,ref] GC(0) O: Weak (No Queue):                    0                0                0 
[1.826s][info][gc,ref] GC(0) O: Weak Fields:                        0                0                0 
[1.826s][info][gc,ref] GC(0) O: Final References:                   0                0                0 
[1.826s][info][gc,ref] GC(0) O: Phantom References:                 0                0                0 
[2.343s][info][gc,ref] GC(1) O:                           Encountered       Discovered Cleared/Enqueued 
[2.343s][info][gc,ref] GC(1) O: Soft References:                  138                0                0 
[2.343s][info][gc,ref] GC(1) O: Weak References:                  570                0                0 
[2.343s][info][gc,ref] GC(1) O: Weak (No Queue):                    3                0                0 
[2.343s][info][gc,ref] GC(1) O: Weak Fields:                        0                0                0 
[2.343s][info][gc,ref] GC(1) O: Final References:                   0                0                0 
[2.343s][info][gc,ref] GC(1) O: Phantom References:                 1                0                0 
[2.870s][info][gc,ref] GC(2) O:                           Encountered       Discovered Cleared/Enqueued 
[2.870s][info][gc,ref] GC(2) O: Soft References:                  158                0                0 
[2.870s][info][gc,ref] GC(2) O: Weak References:                  707                0                0 
[2.870s][info][gc,ref] GC(2) O: Weak (No Queue):                    3                0                0 
[2.870s][info][gc,ref] GC(2) O: Weak Fields:                        0                0                0 
[2.870s][info][gc,ref] GC(2) O: Final References:                   0                0                0 
[2.870s][info][gc,ref] GC(2) O: Phantom References:                 1                0                0 
WeakRefMultiObjectBenchmark: objects=7340009 minSize=509 maxSize=1097 sleepMillis=3000 iterations=3

=== Iteration 1 ===
Phase 1: Allocating references and objects...
[3.415s][info][gc,ref] GC(3) O:                           Encountered       Discovered Cleared/Enqueued 
[3.415s][info][gc,ref] GC(3) O: Soft References:                  238                0                0 
[3.415s][info][gc,ref] GC(3) O: Weak References:                 1349              343              116 
[3.415s][info][gc,ref] GC(3) O: Weak (No Queue):                    3                0                0 
[3.415s][info][gc,ref] GC(3) O: Weak Fields:                        0                0                0 
[3.415s][info][gc,ref] GC(3) O: Final References:                   0                0                0 
[3.415s][info][gc,ref] GC(3) O: Phantom References:                 1                1                0 
[4.117s][info][gc,ref] GC(4) O:                           Encountered       Discovered Cleared/Enqueued 
[4.117s][info][gc,ref] GC(4) O: Soft References:                  238                0                0 
[4.117s][info][gc,ref] GC(4) O: Weak References:                 1233              401               41 
[4.117s][info][gc,ref] GC(4) O: Weak (No Queue):                    3                3                0 
[4.117s][info][gc,ref] GC(4) O: Weak Fields:                        0                0                0 
[4.117s][info][gc,ref] GC(4) O: Final References:                   0                0                0 
[4.117s][info][gc,ref] GC(4) O: Phantom References:                 1                1                0 
[5.403s][info][gc,ref] GC(5) O:                           Encountered       Discovered Cleared/Enqueued 
[5.403s][info][gc,ref] GC(5) O: Soft References:                  238                0                0 
[5.403s][info][gc,ref] GC(5) O: Weak References:               368193              791              178 
[5.403s][info][gc,ref] GC(5) O: Weak (No Queue):               822325                3                0 
[5.403s][info][gc,ref] GC(5) O: Weak Fields:                        0                0                0 
[5.403s][info][gc,ref] GC(5) O: Final References:                   0                0                0 
[5.403s][info][gc,ref] GC(5) O: Phantom References:                 1                1                0 
Allocated 7340009 objects in 4.32 seconds
Phase 2: Sleeping for 3000 ms...
[8.241s][info][gc,ref] GC(6) O:                           Encountered       Discovered Cleared/Enqueued 
[8.241s][info][gc,ref] GC(6) O: Soft References:                  238                0                0 
[8.241s][info][gc,ref] GC(6) O: Weak References:               368015               70                0 
[8.241s][info][gc,ref] GC(6) O: Weak (No Queue):              3490967                2                0 
[8.241s][info][gc,ref] GC(6) O: Weak Fields:                        0                0                0 
[8.241s][info][gc,ref] GC(6) O: Final References:                   0                0                0 
[8.241s][info][gc,ref] GC(6) O: Phantom References:                 1                1                0 
Phase 3.1: Clearing strong references...
Cleared 1468002 strong references, 5872007 remaining
Waiting 3000 ms...
[13.325s][info][gc,ref] GC(7) O:                           Encountered       Discovered Cleared/Enqueued 
[13.325s][info][gc,ref] GC(7) O: Soft References:                  238                0                0 
[13.325s][info][gc,ref] GC(7) O: Weak References:               368015           101677                0 
[13.325s][info][gc,ref] GC(7) O: Weak (No Queue):              6973011           226235                0 
[13.325s][info][gc,ref] GC(7) O: Weak Fields:                        0                0                0 
[13.325s][info][gc,ref] GC(7) O: Final References:                   0                0                0 
[13.325s][info][gc,ref] GC(7) O: Phantom References:                 1                1                0 
Phase 3.2: Clearing strong references...
Cleared 1468002 strong references, 4404005 remaining
Waiting 3000 ms...
Phase 3.3: Clearing strong references...
Cleared 1468002 strong references, 2936003 remaining
Waiting 3000 ms...
[19.383s][info][gc,ref] GC(8) O:                           Encountered       Discovered Cleared/Enqueued 
[19.383s][info][gc,ref] GC(8) O: Soft References:                  238                0                0 
[19.383s][info][gc,ref] GC(8) O: Weak References:               368015           266953            73247 
[19.383s][info][gc,ref] GC(8) O: Weak (No Queue):              6973011          2535851           698411 
[19.383s][info][gc,ref] GC(8) O: Weak Fields:                        0                0                0 
[19.383s][info][gc,ref] GC(8) O: Final References:                   0                0                0 
[19.383s][info][gc,ref] GC(8) O: Phantom References:                 1                1                0 
Phase 3.4: Clearing strong references...
Cleared 1468002 strong references, 1468001 remaining
Waiting 3000 ms...
Phase 3.5: Clearing strong references...
Cleared 1468001 strong references, 0 remaining
Waiting 3000 ms...
[26.741s][info][gc,ref] GC(9) O:                           Encountered       Discovered Cleared/Enqueued 
[26.741s][info][gc,ref] GC(9) O: Soft References:                  238                0                0 
[26.741s][info][gc,ref] GC(9) O: Weak References:               294768           245793           146224 
[26.741s][info][gc,ref] GC(9) O: Weak (No Queue):              6274600          5355190          3486124 
[26.741s][info][gc,ref] GC(9) O: Weak Fields:                        0                0                0 
[26.741s][info][gc,ref] GC(9) O: Final References:                   0                0                0 
[26.741s][info][gc,ref] GC(9) O: Phantom References:                 1                1                0 
Waiting 6000 ms...
[32.731s][info][gc,ref] GC(10) O:                           Encountered       Discovered Cleared/Enqueued 
[32.731s][info][gc,ref] GC(10) O: Soft References:                  238                0                0 
[32.731s][info][gc,ref] GC(10) O: Weak References:               148544           147838           147530 
[32.731s][info][gc,ref] GC(10) O: Weak (No Queue):              2788476          2788475          2788473 
[32.731s][info][gc,ref] GC(10) O: Weak Fields:                        0                0                0 
[32.731s][info][gc,ref] GC(10) O: Final References:                   0                0                0 
[32.731s][info][gc,ref] GC(10) O: Phantom References:                 1                1                0 
Phase 4: Final weak reference checks...
Final count of alive weak references: 0
References enqueued in ReferenceQueue: 367001
Cooling down for 5 seconds...
[36.175s][info][gc,ref] GC(11) O:                           Encountered       Discovered Cleared/Enqueued 
[36.175s][info][gc,ref] GC(11) O: Soft References:                  238                0                0 
[36.175s][info][gc,ref] GC(11) O: Weak References:                 1014              390                0 
[36.175s][info][gc,ref] GC(11) O: Weak (No Queue):                    3                2                0 
[36.175s][info][gc,ref] GC(11) O: Weak Fields:                        0                0                0 
[36.175s][info][gc,ref] GC(11) O: Final References:                   0                0                0 
[36.175s][info][gc,ref] GC(11) O: Phantom References:                 1                1                0 
[36.712s][info][gc,ref] GC(12) O:                           Encountered       Discovered Cleared/Enqueued 
[36.712s][info][gc,ref] GC(12) O: Soft References:                  238                0                0 
[36.712s][info][gc,ref] GC(12) O: Weak References:                 1014              498                0 
[36.712s][info][gc,ref] GC(12) O: Weak (No Queue):                    3                2                0 
[36.712s][info][gc,ref] GC(12) O: Weak Fields:                        0                0                0 
[36.712s][info][gc,ref] GC(12) O: Final References:                   0                0                0 
[36.712s][info][gc,ref] GC(12) O: Phantom References:                 1                1                0 
[37.242s][info][gc,ref] GC(13) O:                           Encountered       Discovered Cleared/Enqueued 
[37.242s][info][gc,ref] GC(13) O: Soft References:                  238                0                0 
[37.242s][info][gc,ref] GC(13) O: Weak References:                 1014              139                0 
[37.242s][info][gc,ref] GC(13) O: Weak (No Queue):                    3                2                0 
[37.242s][info][gc,ref] GC(13) O: Weak Fields:                        0                0                0 
[37.242s][info][gc,ref] GC(13) O: Final References:                   0                0                0 
[37.242s][info][gc,ref] GC(13) O: Phantom References:                 1                1                0 
[37.775s][info][gc,ref] GC(14) O:                           Encountered       Discovered Cleared/Enqueued 
[37.775s][info][gc,ref] GC(14) O: Soft References:                  238                0                0 
[37.775s][info][gc,ref] GC(14) O: Weak References:                 1014              566                0 
[37.775s][info][gc,ref] GC(14) O: Weak (No Queue):                    3                2                0 
[37.775s][info][gc,ref] GC(14) O: Weak Fields:                        0                0                0 
[37.775s][info][gc,ref] GC(14) O: Final References:                   0                0                0 
[37.775s][info][gc,ref] GC(14) O: Phantom References:                 1                1                0 
[38.321s][info][gc,ref] GC(15) O:                           Encountered       Discovered Cleared/Enqueued 
[38.321s][info][gc,ref] GC(15) O: Soft References:                  238                0                0 
[38.321s][info][gc,ref] GC(15) O: Weak References:                 1014              560                0 
[38.321s][info][gc,ref] GC(15) O: Weak (No Queue):                    3                2                0 
[38.321s][info][gc,ref] GC(15) O: Weak Fields:                        0                0                0 
[38.321s][info][gc,ref] GC(15) O: Final References:                   0                0                0 
[38.321s][info][gc,ref] GC(15) O: Phantom References:                 1                1                0 
[38.868s][info][gc,ref] GC(16) O:                           Encountered       Discovered Cleared/Enqueued 
[38.868s][info][gc,ref] GC(16) O: Soft References:                  238                0                0 
[38.868s][info][gc,ref] GC(16) O: Weak References:                 1014              573                0 
[38.868s][info][gc,ref] GC(16) O: Weak (No Queue):                    3                2                0 
[38.868s][info][gc,ref] GC(16) O: Weak Fields:                        0                0                0 
[38.868s][info][gc,ref] GC(16) O: Final References:                   0                0                0 
[38.868s][info][gc,ref] GC(16) O: Phantom References:                 1                1                0 
[39.413s][info][gc,ref] GC(17) O:                           Encountered       Discovered Cleared/Enqueued 
[39.413s][info][gc,ref] GC(17) O: Soft References:                  238                0                0 
[39.413s][info][gc,ref] GC(17) O: Weak References:                 1014              560                0 
[39.413s][info][gc,ref] GC(17) O: Weak (No Queue):                    3                2                0 
[39.413s][info][gc,ref] GC(17) O: Weak Fields:                        0                0                0 
[39.413s][info][gc,ref] GC(17) O: Final References:                   0                0                0 
[39.413s][info][gc,ref] GC(17) O: Phantom References:                 1                1                0 
[39.959s][info][gc,ref] GC(18) O:                           Encountered       Discovered Cleared/Enqueued 
[39.959s][info][gc,ref] GC(18) O: Soft References:                  238                0                0 
[39.959s][info][gc,ref] GC(18) O: Weak References:                 1014              573                0 
[39.959s][info][gc,ref] GC(18) O: Weak (No Queue):                    3                2                0 
[39.959s][info][gc,ref] GC(18) O: Weak Fields:                        0                0                0 
[39.959s][info][gc,ref] GC(18) O: Final References:                   0                0                0 
[39.959s][info][gc,ref] GC(18) O: Phantom References:                 1                1                0 

=== Iteration 2 ===
Phase 1: Allocating references and objects...
[40.502s][info][gc,ref] GC(19) O:                           Encountered       Discovered Cleared/Enqueued 
[40.502s][info][gc,ref] GC(19) O: Soft References:                  238                0                0 
[40.502s][info][gc,ref] GC(19) O: Weak References:                 1014              574                0 
[40.502s][info][gc,ref] GC(19) O: Weak (No Queue):                    3                2                0 
[40.502s][info][gc,ref] GC(19) O: Weak Fields:                        0                0                0 
[40.502s][info][gc,ref] GC(19) O: Final References:                   0                0                0 
[40.502s][info][gc,ref] GC(19) O: Phantom References:                 1                1                0 
Allocated 7340009 objects in 1.85 seconds
Phase 2: Sleeping for 3000 ms...
[42.594s][info][gc,ref] GC(20) O:                           Encountered       Discovered Cleared/Enqueued 
[42.594s][info][gc,ref] GC(20) O: Soft References:                  238                0                0 
[42.594s][info][gc,ref] GC(20) O: Weak References:               368015              539                0 
[42.594s][info][gc,ref] GC(20) O: Weak (No Queue):               513083                2                0 
[42.594s][info][gc,ref] GC(20) O: Weak Fields:                        0                0                0 
[42.594s][info][gc,ref] GC(20) O: Final References:                   0                0                0 
[42.594s][info][gc,ref] GC(20) O: Phantom References:                 1                1                0 
Phase 3.1: Clearing strong references...
Cleared 1468002 strong references, 5872007 remaining
Waiting 3000 ms...
[47.124s][info][gc,ref] GC(21) O:                           Encountered       Discovered Cleared/Enqueued 
[47.124s][info][gc,ref] GC(21) O: Soft References:                  238                0                0 
[47.124s][info][gc,ref] GC(21) O: Weak References:               368015                8                0 
[47.124s][info][gc,ref] GC(21) O: Weak (No Queue):              6973011                2                0 
[47.124s][info][gc,ref] GC(21) O: Weak Fields:                        0                0                0 
[47.124s][info][gc,ref] GC(21) O: Final References:                   0                0                0 
[47.124s][info][gc,ref] GC(21) O: Phantom References:                 1                1                0 
Phase 3.2: Clearing strong references...
Cleared 1468002 strong references, 4404005 remaining
Waiting 3000 ms...
Phase 3.3: Clearing strong references...
Cleared 1468002 strong references, 2936003 remaining
Waiting 3000 ms...
[52.214s][info][gc,ref] GC(22) O:                           Encountered       Discovered Cleared/Enqueued 
[52.214s][info][gc,ref] GC(22) O: Soft References:                  238                0                0 
[52.214s][info][gc,ref] GC(22) O: Weak References:               368015           331400            73177 
[52.214s][info][gc,ref] GC(22) O: Weak (No Queue):              6973011           463172           102554 
[52.214s][info][gc,ref] GC(22) O: Weak Fields:                        0                0                0 
[52.214s][info][gc,ref] GC(22) O: Final References:                   0                0                0 
[52.214s][info][gc,ref] GC(22) O: Phantom References:                 1                1                0 
Phase 3.4: Clearing strong references...
Cleared 1468002 strong references, 1468001 remaining
Waiting 3000 ms...
Phase 3.5: Clearing strong references...
Cleared 1468001 strong references, 0 remaining
Waiting 3000 ms...
[58.703s][info][gc,ref] GC(23) O:                           Encountered       Discovered Cleared/Enqueued 
[58.703s][info][gc,ref] GC(23) O: Soft References:                  238                0                0 
[58.703s][info][gc,ref] GC(23) O: Weak References:               294838           264318           146623 
[58.703s][info][gc,ref] GC(23) O: Weak (No Queue):              6870457          6307239          4081652 
[58.703s][info][gc,ref] GC(23) O: Weak Fields:                        0                0                0 
[58.703s][info][gc,ref] GC(23) O: Final References:                   0                0                0 
[58.703s][info][gc,ref] GC(23) O: Phantom References:                 1                1                0 
Waiting 6000 ms...
[64.768s][info][gc,ref] GC(24) O:                           Encountered       Discovered Cleared/Enqueued 
[64.768s][info][gc,ref] GC(24) O: Soft References:                  238                0                0 
[64.768s][info][gc,ref] GC(24) O: Weak References:               148215           147504           147201 
[64.768s][info][gc,ref] GC(24) O: Weak (No Queue):              2788805          2788804          2788802 
[64.768s][info][gc,ref] GC(24) O: Weak Fields:                        0                0                0 
[64.768s][info][gc,ref] GC(24) O: Final References:                   0                0                0 
[64.768s][info][gc,ref] GC(24) O: Phantom References:                 1                1                0 
Phase 4: Final weak reference checks...
Final count of alive weak references: 0
References enqueued in ReferenceQueue: 367001
Cooling down for 5 seconds...
[68.832s][info][gc,ref] GC(25) O:                           Encountered       Discovered Cleared/Enqueued 
[68.832s][info][gc,ref] GC(25) O: Soft References:                  238                0                0 
[68.832s][info][gc,ref] GC(25) O: Weak References:                 1014              710                0 
[68.832s][info][gc,ref] GC(25) O: Weak (No Queue):                    3                2                0 
[68.832s][info][gc,ref] GC(25) O: Weak Fields:                        0                0                0 
[68.832s][info][gc,ref] GC(25) O: Final References:                   0                0                0 
[68.832s][info][gc,ref] GC(25) O: Phantom References:                 1                1                0 
[69.380s][info][gc,ref] GC(26) O:                           Encountered       Discovered Cleared/Enqueued 
[69.380s][info][gc,ref] GC(26) O: Soft References:                  238                0                0 
[69.380s][info][gc,ref] GC(26) O: Weak References:                 1014              309                0 
[69.380s][info][gc,ref] GC(26) O: Weak (No Queue):                    3                2                0 
[69.380s][info][gc,ref] GC(26) O: Weak Fields:                        0                0                0 
[69.380s][info][gc,ref] GC(26) O: Final References:                   0                0                0 
[69.380s][info][gc,ref] GC(26) O: Phantom References:                 1                1                0 
[69.911s][info][gc,ref] GC(27) O:                           Encountered       Discovered Cleared/Enqueued 
[69.911s][info][gc,ref] GC(27) O: Soft References:                  238                0                0 
[69.911s][info][gc,ref] GC(27) O: Weak References:                 1014              159                0 
[69.911s][info][gc,ref] GC(27) O: Weak (No Queue):                    3                2                0 
[69.911s][info][gc,ref] GC(27) O: Weak Fields:                        0                0                0 
[69.911s][info][gc,ref] GC(27) O: Final References:                   0                0                0 
[69.911s][info][gc,ref] GC(27) O: Phantom References:                 1                1                0 
[70.437s][info][gc,ref] GC(28) O:                           Encountered       Discovered Cleared/Enqueued 
[70.437s][info][gc,ref] GC(28) O: Soft References:                  238                0                0 
[70.437s][info][gc,ref] GC(28) O: Weak References:                 1014              565                0 
[70.437s][info][gc,ref] GC(28) O: Weak (No Queue):                    3                2                0 
[70.437s][info][gc,ref] GC(28) O: Weak Fields:                        0                0                0 
[70.437s][info][gc,ref] GC(28) O: Final References:                   0                0                0 
[70.437s][info][gc,ref] GC(28) O: Phantom References:                 1                1                0 
[70.962s][info][gc,ref] GC(29) O:                           Encountered       Discovered Cleared/Enqueued 
[70.962s][info][gc,ref] GC(29) O: Soft References:                  238                0                0 
[70.962s][info][gc,ref] GC(29) O: Weak References:                 1014              142                0 
[70.962s][info][gc,ref] GC(29) O: Weak (No Queue):                    3                2                0 
[70.962s][info][gc,ref] GC(29) O: Weak Fields:                        0                0                0 
[70.962s][info][gc,ref] GC(29) O: Final References:                   0                0                0 
[70.962s][info][gc,ref] GC(29) O: Phantom References:                 1                1                0 
[71.488s][info][gc,ref] GC(30) O:                           Encountered       Discovered Cleared/Enqueued 
[71.488s][info][gc,ref] GC(30) O: Soft References:                  238                0                0 
[71.488s][info][gc,ref] GC(30) O: Weak References:                 1014              101                0 
[71.488s][info][gc,ref] GC(30) O: Weak (No Queue):                    3                0                0 
[71.488s][info][gc,ref] GC(30) O: Weak Fields:                        0                0                0 
[71.488s][info][gc,ref] GC(30) O: Final References:                   0                0                0 
[71.488s][info][gc,ref] GC(30) O: Phantom References:                 1                0                0 
[72.014s][info][gc,ref] GC(31) O:                           Encountered       Discovered Cleared/Enqueued 
[72.014s][info][gc,ref] GC(31) O: Soft References:                  238                0                0 
[72.014s][info][gc,ref] GC(31) O: Weak References:                 1014              142                0 
[72.014s][info][gc,ref] GC(31) O: Weak (No Queue):                    3                0                0 
[72.014s][info][gc,ref] GC(31) O: Weak Fields:                        0                0                0 
[72.014s][info][gc,ref] GC(31) O: Final References:                   0                0                0 
[72.014s][info][gc,ref] GC(31) O: Phantom References:                 1                0                0 
[72.539s][info][gc,ref] GC(32) O:                           Encountered       Discovered Cleared/Enqueued 
[72.539s][info][gc,ref] GC(32) O: Soft References:                  238                0                0 
[72.539s][info][gc,ref] GC(32) O: Weak References:                 1014              755                0 
[72.539s][info][gc,ref] GC(32) O: Weak (No Queue):                    3                2                0 
[72.539s][info][gc,ref] GC(32) O: Weak Fields:                        0                0                0 
[72.539s][info][gc,ref] GC(32) O: Final References:                   0                0                0 
[72.539s][info][gc,ref] GC(32) O: Phantom References:                 1                1                0 
[73.065s][info][gc,ref] GC(33) O:                           Encountered       Discovered Cleared/Enqueued 
[73.065s][info][gc,ref] GC(33) O: Soft References:                  238                0                0 
[73.065s][info][gc,ref] GC(33) O: Weak References:                 1014              755                0 
[73.065s][info][gc,ref] GC(33) O: Weak (No Queue):                    3                2                0 
[73.065s][info][gc,ref] GC(33) O: Weak Fields:                        0                0                0 
[73.065s][info][gc,ref] GC(33) O: Final References:                   0                0                0 
[73.065s][info][gc,ref] GC(33) O: Phantom References:                 1                1                0 

=== Iteration 3 ===
Phase 1: Allocating references and objects...
[73.612s][info][gc,ref] GC(34) O:                           Encountered       Discovered Cleared/Enqueued 
[73.612s][info][gc,ref] GC(34) O: Soft References:                  238                0                0 
[73.612s][info][gc,ref] GC(34) O: Weak References:                 1014              754                0 
[73.612s][info][gc,ref] GC(34) O: Weak (No Queue):                    3                2                0 
[73.612s][info][gc,ref] GC(34) O: Weak Fields:                        0                0                0 
[73.612s][info][gc,ref] GC(34) O: Final References:                   0                0                0 
[73.612s][info][gc,ref] GC(34) O: Phantom References:                 1                1                0 
Allocated 7340009 objects in 1.77 seconds
Phase 2: Sleeping for 3000 ms...
[75.595s][info][gc,ref] GC(35) O:                           Encountered       Discovered Cleared/Enqueued 
[75.595s][info][gc,ref] GC(35) O: Soft References:                  238                0                0 
[75.595s][info][gc,ref] GC(35) O: Weak References:               368015              550                0 
[75.595s][info][gc,ref] GC(35) O: Weak (No Queue):               472044                2                0 
[75.595s][info][gc,ref] GC(35) O: Weak Fields:                        0                0                0 
[75.595s][info][gc,ref] GC(35) O: Final References:                   0                0                0 
[75.595s][info][gc,ref] GC(35) O: Phantom References:                 1                1                0 
Phase 3.1: Clearing strong references...
Cleared 1468002 strong references, 5872007 remaining
Waiting 3000 ms...
[80.165s][info][gc,ref] GC(36) O:                           Encountered       Discovered Cleared/Enqueued 
[80.165s][info][gc,ref] GC(36) O: Soft References:                  238                0                0 
[80.165s][info][gc,ref] GC(36) O: Weak References:               368015              561                0 
[80.165s][info][gc,ref] GC(36) O: Weak (No Queue):              6973011                0                0 
[80.165s][info][gc,ref] GC(36) O: Weak Fields:                        0                0                0 
[80.165s][info][gc,ref] GC(36) O: Final References:                   0                0                0 
[80.165s][info][gc,ref] GC(36) O: Phantom References:                 1                1                0 
Phase 3.2: Clearing strong references...
Cleared 1468002 strong references, 4404005 remaining
Waiting 3000 ms...
Phase 3.3: Clearing strong references...
Cleared 1468002 strong references, 2936003 remaining
Waiting 3000 ms...
[85.279s][info][gc,ref] GC(37) O:                           Encountered       Discovered Cleared/Enqueued 
[85.279s][info][gc,ref] GC(37) O: Soft References:                  238                0                0 
[85.279s][info][gc,ref] GC(37) O: Weak References:               368015           329267            73779 
[85.279s][info][gc,ref] GC(37) O: Weak (No Queue):              6973011           422558            94894 
[85.279s][info][gc,ref] GC(37) O: Weak Fields:                        0                0                0 
[85.279s][info][gc,ref] GC(37) O: Final References:                   0                0                0 
[85.279s][info][gc,ref] GC(37) O: Phantom References:                 1                1                0 
Phase 3.4: Clearing strong references...
Cleared 1468002 strong references, 1468001 remaining
Waiting 3000 ms...
Phase 3.5: Clearing strong references...
Cleared 1468001 strong references, 0 remaining
Waiting 3000 ms...
[91.806s][info][gc,ref] GC(38) O:                           Encountered       Discovered Cleared/Enqueued 
[91.806s][info][gc,ref] GC(38) O: Soft References:                  238                0                0 
[91.806s][info][gc,ref] GC(38) O: Weak References:               294236           197662           146611 
[91.806s][info][gc,ref] GC(38) O: Weak (No Queue):              6878117          5057790          4088722 
[91.806s][info][gc,ref] GC(38) O: Weak Fields:                        0                0                0 
[91.806s][info][gc,ref] GC(38) O: Final References:                   0                0                0 
[91.806s][info][gc,ref] GC(38) O: Phantom References:                 1                0                0 
Waiting 6000 ms...
[97.965s][info][gc,ref] GC(39) O:                           Encountered       Discovered Cleared/Enqueued 
[97.965s][info][gc,ref] GC(39) O: Soft References:                  238                0                0 
[97.965s][info][gc,ref] GC(39) O: Weak References:               147625           146718           146611 
[97.965s][info][gc,ref] GC(39) O: Weak (No Queue):              2789395          2789392          2789392 
[97.965s][info][gc,ref] GC(39) O: Weak Fields:                        0                0                0 
[97.965s][info][gc,ref] GC(39) O: Final References:                   0                0                0 
[97.965s][info][gc,ref] GC(39) O: Phantom References:                 1                0                0 
Phase 4: Final weak reference checks...
Final count of alive weak references: 0
References enqueued in ReferenceQueue: 367001
Cooling down for 5 seconds...
[101.916s][info][gc,ref] GC(40) O:                           Encountered       Discovered Cleared/Enqueued 
[101.916s][info][gc,ref] GC(40) O: Soft References:                  238                0                0 
[101.916s][info][gc,ref] GC(40) O: Weak References:                 1014              686                0 
[101.916s][info][gc,ref] GC(40) O: Weak (No Queue):                    3                2                0 
[101.916s][info][gc,ref] GC(40) O: Weak Fields:                        0                0                0 
[101.916s][info][gc,ref] GC(40) O: Final References:                   0                0                0 
[101.916s][info][gc,ref] GC(40) O: Phantom References:                 1                1                0 
[102.450s][info][gc,ref] GC(41) O:                           Encountered       Discovered Cleared/Enqueued 
[102.450s][info][gc,ref] GC(41) O: Soft References:                  238                0                0 
[102.450s][info][gc,ref] GC(41) O: Weak References:                 1014                8                0 
[102.450s][info][gc,ref] GC(41) O: Weak (No Queue):                    3                0                0 
[102.450s][info][gc,ref] GC(41) O: Weak Fields:                        0                0                0 
[102.450s][info][gc,ref] GC(41) O: Final References:                   0                0                0 
[102.450s][info][gc,ref] GC(41) O: Phantom References:                 1                0                0 
[102.986s][info][gc,ref] GC(42) O:                           Encountered       Discovered Cleared/Enqueued 
[102.986s][info][gc,ref] GC(42) O: Soft References:                  238                0                0 
[102.986s][info][gc,ref] GC(42) O: Weak References:                 1014              491                0 
[102.986s][info][gc,ref] GC(42) O: Weak (No Queue):                    3                0                0 
[102.986s][info][gc,ref] GC(42) O: Weak Fields:                        0                0                0 
[102.986s][info][gc,ref] GC(42) O: Final References:                   0                0                0 
[102.986s][info][gc,ref] GC(42) O: Phantom References:                 1                0                0 
[103.518s][info][gc,ref] GC(43) O:                           Encountered       Discovered Cleared/Enqueued 
[103.518s][info][gc,ref] GC(43) O: Soft References:                  238                0                0 
[103.518s][info][gc,ref] GC(43) O: Weak References:                 1014              387                0 
[103.518s][info][gc,ref] GC(43) O: Weak (No Queue):                    3                2                0 
[103.518s][info][gc,ref] GC(43) O: Weak Fields:                        0                0                0 
[103.518s][info][gc,ref] GC(43) O: Final References:                   0                0                0 
[103.518s][info][gc,ref] GC(43) O: Phantom References:                 1                1                0 
[104.043s][info][gc,ref] GC(44) O:                           Encountered       Discovered Cleared/Enqueued 
[104.043s][info][gc,ref] GC(44) O: Soft References:                  238                0                0 
[104.043s][info][gc,ref] GC(44) O: Weak References:                 1014              243                0 
[104.043s][info][gc,ref] GC(44) O: Weak (No Queue):                    3                2                0 
[104.043s][info][gc,ref] GC(44) O: Weak Fields:                        0                0                0 
[104.043s][info][gc,ref] GC(44) O: Final References:                   0                0                0 
[104.043s][info][gc,ref] GC(44) O: Phantom References:                 1                1                0 
[104.570s][info][gc,ref] GC(45) O:                           Encountered       Discovered Cleared/Enqueued 
[104.570s][info][gc,ref] GC(45) O: Soft References:                  238                0                0 
[104.570s][info][gc,ref] GC(45) O: Weak References:                 1014                8                0 
[104.570s][info][gc,ref] GC(45) O: Weak (No Queue):                    3                0                0 
[104.570s][info][gc,ref] GC(45) O: Weak Fields:                        0                0                0 
[104.570s][info][gc,ref] GC(45) O: Final References:                   0                0                0 
[104.570s][info][gc,ref] GC(45) O: Phantom References:                 1                0                0 
[105.095s][info][gc,ref] GC(46) O:                           Encountered       Discovered Cleared/Enqueued 
[105.095s][info][gc,ref] GC(46) O: Soft References:                  238                0                0 
[105.095s][info][gc,ref] GC(46) O: Weak References:                 1014              489                0 
[105.095s][info][gc,ref] GC(46) O: Weak (No Queue):                    3                0                0 
[105.095s][info][gc,ref] GC(46) O: Weak Fields:                        0                0                0 
[105.095s][info][gc,ref] GC(46) O: Final References:                   0                0                0 
[105.095s][info][gc,ref] GC(46) O: Phantom References:                 1                0                0 
[105.621s][info][gc,ref] GC(47) O:                           Encountered       Discovered Cleared/Enqueued 
[105.621s][info][gc,ref] GC(47) O: Soft References:                  238                0                0 
[105.621s][info][gc,ref] GC(47) O: Weak References:                 1014              489                0 
[105.621s][info][gc,ref] GC(47) O: Weak (No Queue):                    3                0                0 
[105.621s][info][gc,ref] GC(47) O: Weak Fields:                        0                0                0 
[105.621s][info][gc,ref] GC(47) O: Final References:                   0                0                0 
[105.621s][info][gc,ref] GC(47) O: Phantom References:                 1                0                0 
[106.147s][info][gc,ref] GC(48) O:                           Encountered       Discovered Cleared/Enqueued 
[106.147s][info][gc,ref] GC(48) O: Soft References:                  238                0                0 
[106.147s][info][gc,ref] GC(48) O: Weak References:                 1014              759                0 
[106.147s][info][gc,ref] GC(48) O: Weak (No Queue):                    3                2                0 
[106.147s][info][gc,ref] GC(48) O: Weak Fields:                        0                0                0 
[106.147s][info][gc,ref] GC(48) O: Final References:                   0                0                0 
[106.147s][info][gc,ref] GC(48) O: Phantom References:                 1                1                0 
[106.588s][info][gc,stats] === Garbage Collection Statistics =======================================================================================================================
[106.588s][info][gc,stats]                                                              Last 10s              Last 10m              Last 10h                Total
[106.588s][info][gc,stats]                                                              Avg / Max             Avg / Max             Avg / Max             Avg / Max
[106.588s][info][gc,stats]        Contention: Mark Segment Reset Contention                     0 / 1                 0 / 21                0 / 21                0 / 21          ops/s
[106.588s][info][gc,stats]        Contention: Mark SeqNum Reset Contention                      0 / 0                 0 / 4                 0 / 4                 0 / 4           ops/s
[106.588s][info][gc,stats]          Critical: Allocation Stall                                  0 / 0                 0 / 0                 0 / 0                 0 / 0           ops/s
[106.588s][info][gc,stats]          Critical: Allocation Stall                              0.000 / 0.000         0.000 / 0.000         0.000 / 0.000         0.000 / 0.000       ms
[106.588s][info][gc,stats]          Critical: JNI Critical Stall                                0 / 0                 0 / 0                 0 / 0                 0 / 0           ops/s
[106.588s][info][gc,stats]          Critical: JNI Critical Stall                            0.000 / 0.000         0.000 / 0.000         0.000 / 0.000         0.000 / 0.000       ms
[106.588s][info][gc,stats]          Critical: Relocation Stall                                  0 / 0                 0 / 0                 0 / 0                 0 / 0           ops/s
[106.588s][info][gc,stats]          Critical: Relocation Stall                              0.000 / 0.000         0.000 / 0.000         0.000 / 0.000         0.000 / 0.000       ms
[106.588s][info][gc,stats]  Major Collection: Major Collection                           1031.179 / 5653.769   1668.580 / 6851.720   1668.580 / 6851.720   1668.580 / 6851.720    ms
[106.588s][info][gc,stats]            Memory: Allocation Rate                                   0 / 2               194 / 5494            194 / 5494            194 / 5494        MB/s
[106.588s][info][gc,stats]            Memory: Defragment                                        0 / 0                 0 / 0                 0 / 0                 0 / 0           ops/s
[106.588s][info][gc,stats]            Memory: Mapped Cache Harvest                              0 / 0                 0 / 0                 0 / 0                 0 / 0           MB/s
[106.588s][info][gc,stats]            Memory: Out Of Memory                                     0 / 0                 0 / 0                 0 / 0                 0 / 0           ops/s
[106.588s][info][gc,stats]            Memory: Uncommit                                          0 / 0                 0 / 0                 0 / 0                 0 / 0           MB/s
[106.588s][info][gc,stats]            Memory: Undo Object Allocation Failed                     0 / 0                 0 / 0                 0 / 0                 0 / 0           ops/s
[106.588s][info][gc,stats]            Memory: Undo Object Allocation Succeeded                  0 / 0                 0 / 0                 0 / 0                 0 / 0           ops/s
[106.588s][info][gc,stats]            Memory: Undo Page Allocation                              0 / 0                 0 / 0                 0 / 0                 0 / 0           ops/s
[106.588s][info][gc,stats]  Minor Collection: Minor Collection                              0.000 / 0.000         0.000 / 0.000         0.000 / 0.000         0.000 / 0.000       ms
[106.588s][info][gc,stats]    Old Generation: Old Generation                             1013.661 / 5556.498   1097.999 / 6735.646   1097.999 / 6735.646   1097.999 / 6735.646    ms
[106.588s][info][gc,stats]         Old Pause: Pause Mark End                                0.012 / 0.014         0.012 / 0.026         0.012 / 0.026         0.012 / 0.026       ms
[106.588s][info][gc,stats]         Old Pause: Pause Relocate Start                          0.008 / 0.012         0.009 / 0.014         0.009 / 0.014         0.009 / 0.014       ms
[106.588s][info][gc,stats]         Old Phase: Concurrent Mark                             905.008 / 4615.583    900.474 / 5240.803    900.474 / 5240.803    900.474 / 5240.803    ms
[106.588s][info][gc,stats]         Old Phase: Concurrent Mark Continue                      0.000 / 0.000         0.000 / 0.000         0.000 / 0.000         0.000 / 0.000       ms
[106.588s][info][gc,stats]         Old Phase: Concurrent Mark Free                          0.004 / 0.004         0.004 / 0.013         0.004 / 0.013         0.004 / 0.013       ms
[106.588s][info][gc,stats]         Old Phase: Concurrent Process Non-Strong                29.606 / 261.627      66.079 / 705.854      66.079 / 705.854      66.079 / 705.854     ms
[106.588s][info][gc,stats]         Old Phase: Concurrent Relocate                          69.752 / 620.164     101.653 / 841.893     101.653 / 841.893     101.653 / 841.893     ms
[106.588s][info][gc,stats]         Old Phase: Concurrent Remap Roots                        3.791 / 30.982       19.496 / 100.433      19.496 / 100.433      19.496 / 100.433     ms
[106.588s][info][gc,stats]         Old Phase: Concurrent Reset Relocation Set               0.027 / 0.166         0.017 / 0.166         0.017 / 0.166         0.017 / 0.166       ms
[106.588s][info][gc,stats]         Old Phase: Concurrent Select Relocation Set              5.304 / 27.717       10.028 / 93.297       10.028 / 93.297       10.028 / 93.297      ms
[106.588s][info][gc,stats]      Old Subphase: Concurrent Classes Purge                      0.005 / 0.014         0.064 / 2.109         0.064 / 2.109         0.064 / 2.109       ms
[106.588s][info][gc,stats]      Old Subphase: Concurrent Classes Unlink                     0.190 / 0.230         0.854 / 1.918         0.854 / 1.918         0.854 / 1.918       ms
[106.588s][info][gc,stats]      Old Subphase: Concurrent Mark Follow                      904.850 / 4615.204    900.316 / 5240.694    900.316 / 5240.694    900.316 / 5240.694    ms
[106.588s][info][gc,stats]      Old Subphase: Concurrent Mark Root Colored                  0.042 / 0.100         0.033 / 0.140         0.033 / 0.140         0.033 / 0.140       ms
[106.588s][info][gc,stats]      Old Subphase: Concurrent Mark Root Uncolored                0.019 / 0.035         0.029 / 0.214         0.029 / 0.214         0.029 / 0.214       ms
[106.588s][info][gc,stats]      Old Subphase: Concurrent Mark Roots                         0.128 / 0.163         0.155 / 0.375         0.155 / 0.375         0.155 / 0.375       ms
[106.588s][info][gc,stats]      Old Subphase: Concurrent References Enqueue                 0.001 / 0.004         0.001 / 0.004         0.001 / 0.004         0.001 / 0.004       ms
[106.588s][info][gc,stats]      Old Subphase: Concurrent References Process                29.058 / 260.699      64.747 / 703.695      64.747 / 703.695      64.747 / 703.695     ms
[106.588s][info][gc,stats]      Old Subphase: Concurrent Remap Remembered                   3.619 / 30.647       15.375 / 99.860       15.375 / 99.860       15.375 / 99.860      ms
[106.588s][info][gc,stats]      Old Subphase: Concurrent Remap Roots Colored                0.054 / 0.105         0.149 / 0.497         0.149 / 0.497         0.149 / 0.497       ms
[106.588s][info][gc,stats]      Old Subphase: Concurrent Remap Roots Uncolored              0.022 / 0.032         0.125 / 0.312         0.125 / 0.312         0.125 / 0.312       ms
[106.588s][info][gc,stats]      Old Subphase: Concurrent Roots ClassLoaderDataGraph         0.035 / 0.077         0.093 / 0.464         0.093 / 0.464         0.093 / 0.464       ms
[106.588s][info][gc,stats]      Old Subphase: Concurrent Roots CodeCache                    0.022 / 0.028         0.126 / 0.308         0.126 / 0.308         0.126 / 0.308       ms
[106.588s][info][gc,stats]      Old Subphase: Concurrent Roots JavaThreads                  0.008 / 0.035         0.011 / 0.214         0.011 / 0.214         0.011 / 0.214       ms
[106.588s][info][gc,stats]      Old Subphase: Concurrent Roots OopStorageSet                0.005 / 0.022         0.004 / 0.024         0.004 / 0.024         0.004 / 0.024       ms
[106.588s][info][gc,stats]      Old Subphase: Concurrent Weak Roots OopStorageSet           0.085 / 0.205         0.085 / 0.261         0.085 / 0.261         0.085 / 0.261       ms
[106.588s][info][gc,stats]            System: Java Threads                                     11 / 11               11 / 13               11 / 13               11 / 13          threads
[106.588s][info][gc,stats]  Young Generation: Young Generation                              7.448 / 35.136      570.480 / 3817.474    570.480 / 3817.474    570.480 / 3817.474    ms
[106.588s][info][gc,stats]  Young Generation: Young Generation                              0.000 / 0.000         0.000 / 0.000         0.000 / 0.000         0.000 / 0.000       ms
[106.588s][info][gc,stats]  Young Generation: Young Generation (Collect Roots)              0.000 / 0.000         0.000 / 0.000         0.000 / 0.000         0.000 / 0.000       ms
[106.588s][info][gc,stats]  Young Generation: Young Generation (Promote All)                0.000 / 0.000         0.000 / 0.000         0.000 / 0.000         0.000 / 0.000       ms
[106.588s][info][gc,stats]       Young Pause: Pause Mark End                                0.010 / 0.014         0.011 / 0.019         0.011 / 0.019         0.011 / 0.019       ms
[106.588s][info][gc,stats]       Young Pause: Pause Mark Start                              0.000 / 0.000         0.000 / 0.000         0.000 / 0.000         0.000 / 0.000       ms
[106.588s][info][gc,stats]       Young Pause: Pause Mark Start (Major)                      0.015 / 0.023         0.015 / 0.023         0.015 / 0.023         0.015 / 0.023       ms
[106.588s][info][gc,stats]       Young Pause: Pause Relocate Start                          0.007 / 0.008         0.007 / 0.014         0.007 / 0.014         0.007 / 0.014       ms
[106.588s][info][gc,stats]       Young Phase: Concurrent Mark                               6.468 / 33.993      512.257 / 3732.329    512.257 / 3732.329    512.257 / 3732.329    ms
[106.588s][info][gc,stats]       Young Phase: Concurrent Mark Continue                      0.000 / 0.000         0.000 / 0.000         0.000 / 0.000         0.000 / 0.000       ms
[106.588s][info][gc,stats]       Young Phase: Concurrent Mark Free                          0.001 / 0.001         0.003 / 0.012         0.003 / 0.012         0.003 / 0.012       ms
[106.588s][info][gc,stats]       Young Phase: Concurrent Relocate                           0.056 / 0.126        35.019 / 361.506      35.019 / 361.506      35.019 / 361.506     ms
[106.588s][info][gc,stats]       Young Phase: Concurrent Reset Relocation Set               0.000 / 0.000         0.069 / 0.979         0.069 / 0.979         0.069 / 0.979       ms
[106.588s][info][gc,stats]       Young Phase: Concurrent Select Relocation Set              0.517 / 0.690        22.646 / 279.941      22.646 / 279.941      22.646 / 279.941     ms
[106.588s][info][gc,stats]    Young Subphase: Concurrent Mark Follow                        5.465 / 33.049      511.185 / 3731.384    511.185 / 3731.384    511.185 / 3731.384    ms
[106.588s][info][gc,stats]    Young Subphase: Concurrent Mark Root Colored                  0.708 / 0.769         0.709 / 1.184         0.709 / 1.184         0.709 / 1.184       ms
[106.588s][info][gc,stats]    Young Subphase: Concurrent Mark Root Uncolored                0.056 / 0.068         0.160 / 0.349         0.160 / 0.349         0.160 / 0.349       ms
[106.588s][info][gc,stats]    Young Subphase: Concurrent Mark Roots                         1.001 / 1.041         1.069 / 1.600         1.069 / 1.600         1.069 / 1.600       ms
[106.588s][info][gc,stats]    Young Subphase: Concurrent Relocate Remset FP                 0.011 / 0.017        34.756 / 361.465      34.756 / 361.465      34.756 / 361.465     ms
[106.588s][info][gc,stats]    Young Subphase: Concurrent Roots ClassLoaderDataGraph         0.601 / 0.627         0.568 / 0.808         0.568 / 0.808         0.568 / 0.808       ms
[106.588s][info][gc,stats]    Young Subphase: Concurrent Roots CodeCache                    0.026 / 0.030         0.128 / 0.285         0.128 / 0.285         0.128 / 0.285       ms
[106.588s][info][gc,stats]    Young Subphase: Concurrent Roots JavaThreads                  0.015 / 0.046         0.018 / 0.311         0.018 / 0.311         0.018 / 0.311       ms
[106.588s][info][gc,stats]    Young Subphase: Concurrent Roots OopStorageSet                0.006 / 0.016         0.050 / 1.182         0.050 / 1.182         0.050 / 1.182       ms
[106.588s][info][gc,stats]    Young Subphase: Concurrent Weak Roots OopStorageSet           0.101 / 0.150         0.119 / 0.399         0.119 / 0.399         0.119 / 0.399       ms
[106.588s][info][gc,stats] =========================================================================================================================================================
