
=== RUN 56/80 (GA clear_path_sep) ===

[0.026s][info][gc,ref] Reference Processor created, Macros: ZUseSeparateDiscoveredLists=1, ZUseDynamicArray=0, ZUseOptimisedClearPath=1
[1.844s][info][gc,ref] GC(0) O:                           Encountered       Discovered Cleared/Enqueued 
[1.844s][info][gc,ref] GC(0) O: Soft References:                    0                0                0 
[1.844s][info][gc,ref] GC(0) O: Weak References:                    0                0                0 
[1.844s][info][gc,ref] GC(0) O: Weak (No Queue):                    0                0                0 
[1.844s][info][gc,ref] GC(0) O: Weak Fields:                        0                0                0 
[1.844s][info][gc,ref] GC(0) O: Final References:                   0                0                0 
[1.844s][info][gc,ref] GC(0) O: Phantom References:                 0                0                0 
[2.368s][info][gc,ref] GC(1) O:                           Encountered       Discovered Cleared/Enqueued 
[2.368s][info][gc,ref] GC(1) O: Soft References:                  148                0                0 
[2.368s][info][gc,ref] GC(1) O: Weak References:                  605                0                0 
[2.368s][info][gc,ref] GC(1) O: Weak (No Queue):                    3                0                0 
[2.368s][info][gc,ref] GC(1) O: Weak Fields:                        0                0                0 
[2.368s][info][gc,ref] GC(1) O: Final References:                   0                0                0 
[2.368s][info][gc,ref] GC(1) O: Phantom References:                 1                0                0 
[2.901s][info][gc,ref] GC(2) O:                           Encountered       Discovered Cleared/Enqueued 
[2.901s][info][gc,ref] GC(2) O: Soft References:                  164                0                0 
[2.901s][info][gc,ref] GC(2) O: Weak References:                  889                0                0 
[2.901s][info][gc,ref] GC(2) O: Weak (No Queue):                    3                0                0 
[2.901s][info][gc,ref] GC(2) O: Weak Fields:                        0                0                0 
[2.901s][info][gc,ref] GC(2) O: Final References:                   0                0                0 
[2.901s][info][gc,ref] GC(2) O: Phantom References:                 1                0                0 
WeakRefMultiObjectBenchmark: objects=7340009 minSize=509 maxSize=1097 sleepMillis=3000 iterations=3

=== Iteration 1 ===
Phase 1: Allocating references and objects...
[3.445s][info][gc,ref] GC(3) O:                           Encountered       Discovered Cleared/Enqueued 
[3.445s][info][gc,ref] GC(3) O: Soft References:                  238                0                0 
[3.445s][info][gc,ref] GC(3) O: Weak References:                 1349              338              129 
[3.445s][info][gc,ref] GC(3) O: Weak (No Queue):                    3                3                0 
[3.445s][info][gc,ref] GC(3) O: Weak Fields:                        0                0                0 
[3.445s][info][gc,ref] GC(3) O: Final References:                   0                0                0 
[3.445s][info][gc,ref] GC(3) O: Phantom References:                 1                1                0 
[4.157s][info][gc,ref] GC(4) O:                           Encountered       Discovered Cleared/Enqueued 
[4.158s][info][gc,ref] GC(4) O: Soft References:                  238                0                0 
[4.158s][info][gc,ref] GC(4) O: Weak References:                 1220              275               80 
[4.158s][info][gc,ref] GC(4) O: Weak (No Queue):                    3                3                0 
[4.158s][info][gc,ref] GC(4) O: Weak Fields:                        0                0                0 
[4.158s][info][gc,ref] GC(4) O: Final References:                   0                0                0 
[4.158s][info][gc,ref] GC(4) O: Phantom References:                 1                1                0 
[5.451s][info][gc,ref] GC(5) O:                           Encountered       Discovered Cleared/Enqueued 
[5.451s][info][gc,ref] GC(5) O: Soft References:                  238                0                0 
[5.451s][info][gc,ref] GC(5) O: Weak References:               368141              496              126 
[5.451s][info][gc,ref] GC(5) O: Weak (No Queue):               998515                3                0 
[5.451s][info][gc,ref] GC(5) O: Weak Fields:                        0                0                0 
[5.451s][info][gc,ref] GC(5) O: Final References:                   0                0                0 
[5.451s][info][gc,ref] GC(5) O: Phantom References:                 1                1                0 
Allocated 7340009 objects in 4.31 seconds
Phase 2: Sleeping for 3000 ms...
[8.385s][info][gc,ref] GC(6) O:                           Encountered       Discovered Cleared/Enqueued 
[8.385s][info][gc,ref] GC(6) O: Soft References:                  238                0                0 
[8.385s][info][gc,ref] GC(6) O: Weak References:               368015              850                0 
[8.385s][info][gc,ref] GC(6) O: Weak (No Queue):              3710337                3                0 
[8.385s][info][gc,ref] GC(6) O: Weak Fields:                        0                0                0 
[8.385s][info][gc,ref] GC(6) O: Final References:                   0                0                0 
[8.385s][info][gc,ref] GC(6) O: Phantom References:                 1                1                0 
Phase 3.1: Clearing strong references...
Cleared 1468002 strong references, 5872007 remaining
Waiting 3000 ms...
[13.422s][info][gc,ref] GC(7) O:                           Encountered       Discovered Cleared/Enqueued 
[13.422s][info][gc,ref] GC(7) O: Soft References:                  238                0                0 
[13.422s][info][gc,ref] GC(7) O: Weak References:               368015           197934                0 
[13.422s][info][gc,ref] GC(7) O: Weak (No Queue):              6973011           535405                0 
[13.422s][info][gc,ref] GC(7) O: Weak Fields:                        0                0                0 
[13.422s][info][gc,ref] GC(7) O: Final References:                   0                0                0 
[13.422s][info][gc,ref] GC(7) O: Phantom References:                 1                1                0 
Phase 3.2: Clearing strong references...
Cleared 1468002 strong references, 4404005 remaining
Waiting 3000 ms...
Phase 3.3: Clearing strong references...
Cleared 1468002 strong references, 2936003 remaining
Waiting 3000 ms...
[19.475s][info][gc,ref] GC(8) O:                           Encountered       Discovered Cleared/Enqueued 
[19.475s][info][gc,ref] GC(8) O: Soft References:                  238                0                0 
[19.475s][info][gc,ref] GC(8) O: Weak References:               368015           353456            73247 
[19.475s][info][gc,ref] GC(8) O: Weak (No Queue):              6973011          3568442           742082 
[19.475s][info][gc,ref] GC(8) O: Weak Fields:                        0                0                0 
[19.475s][info][gc,ref] GC(8) O: Final References:                   0                0                0 
[19.475s][info][gc,ref] GC(8) O: Phantom References:                 1                1                0 
Phase 3.4: Clearing strong references...
Cleared 1468002 strong references, 1468001 remaining
Waiting 3000 ms...
Phase 3.5: Clearing strong references...
Cleared 1468001 strong references, 0 remaining
Waiting 3000 ms...
[26.812s][info][gc,ref] GC(9) O:                           Encountered       Discovered Cleared/Enqueued 
[26.812s][info][gc,ref] GC(9) O: Soft References:                  238                0                0 
[26.812s][info][gc,ref] GC(9) O: Weak References:               294768           282756           146224 
[26.812s][info][gc,ref] GC(9) O: Weak (No Queue):              6230929          6023248          3442453 
[26.812s][info][gc,ref] GC(9) O: Weak Fields:                        0                0                0 
[26.812s][info][gc,ref] GC(9) O: Final References:                   0                0                0 
[26.812s][info][gc,ref] GC(9) O: Phantom References:                 1                1                0 
Waiting 6000 ms...
[32.859s][info][gc,ref] GC(10) O:                           Encountered       Discovered Cleared/Enqueued 
[32.859s][info][gc,ref] GC(10) O: Soft References:                  238                0                0 
[32.859s][info][gc,ref] GC(10) O: Weak References:               148544           147963           147530 
[32.859s][info][gc,ref] GC(10) O: Weak (No Queue):              2788476          2788476          2788473 
[32.859s][info][gc,ref] GC(10) O: Weak Fields:                        0                0                0 
[32.859s][info][gc,ref] GC(10) O: Final References:                   0                0                0 
[32.859s][info][gc,ref] GC(10) O: Phantom References:                 1                1                0 
Phase 4: Final weak reference checks...
Final count of alive weak references: 0
References enqueued in ReferenceQueue: 367001
Cooling down for 5 seconds...
[36.117s][info][gc,ref] GC(11) O:                           Encountered       Discovered Cleared/Enqueued 
[36.117s][info][gc,ref] GC(11) O: Soft References:                  238                0                0 
[36.117s][info][gc,ref] GC(11) O: Weak References:                 1014              134                0 
[36.117s][info][gc,ref] GC(11) O: Weak (No Queue):                    3                3                0 
[36.117s][info][gc,ref] GC(11) O: Weak Fields:                        0                0                0 
[36.117s][info][gc,ref] GC(11) O: Final References:                   0                0                0 
[36.117s][info][gc,ref] GC(11) O: Phantom References:                 1                1                0 
[36.653s][info][gc,ref] GC(12) O:                           Encountered       Discovered Cleared/Enqueued 
[36.653s][info][gc,ref] GC(12) O: Soft References:                  238                0                0 
[36.653s][info][gc,ref] GC(12) O: Weak References:                 1014              303                0 
[36.653s][info][gc,ref] GC(12) O: Weak (No Queue):                    3                3                0 
[36.653s][info][gc,ref] GC(12) O: Weak Fields:                        0                0                0 
[36.653s][info][gc,ref] GC(12) O: Final References:                   0                0                0 
[36.653s][info][gc,ref] GC(12) O: Phantom References:                 1                1                0 
[37.190s][info][gc,ref] GC(13) O:                           Encountered       Discovered Cleared/Enqueued 
[37.190s][info][gc,ref] GC(13) O: Soft References:                  238                0                0 
[37.190s][info][gc,ref] GC(13) O: Weak References:                 1014              763                0 
[37.190s][info][gc,ref] GC(13) O: Weak (No Queue):                    3                3                0 
[37.190s][info][gc,ref] GC(13) O: Weak Fields:                        0                0                0 
[37.190s][info][gc,ref] GC(13) O: Final References:                   0                0                0 
[37.190s][info][gc,ref] GC(13) O: Phantom References:                 1                1                0 
[37.724s][info][gc,ref] GC(14) O:                           Encountered       Discovered Cleared/Enqueued 
[37.724s][info][gc,ref] GC(14) O: Soft References:                  238                0                0 
[37.724s][info][gc,ref] GC(14) O: Weak References:                 1014              204                0 
[37.724s][info][gc,ref] GC(14) O: Weak (No Queue):                    3                0                0 
[37.724s][info][gc,ref] GC(14) O: Weak Fields:                        0                0                0 
[37.724s][info][gc,ref] GC(14) O: Final References:                   0                0                0 
[37.724s][info][gc,ref] GC(14) O: Phantom References:                 1                1                0 
[38.263s][info][gc,ref] GC(15) O:                           Encountered       Discovered Cleared/Enqueued 
[38.263s][info][gc,ref] GC(15) O: Soft References:                  238                0                0 
[38.263s][info][gc,ref] GC(15) O: Weak References:                 1014              199                0 
[38.263s][info][gc,ref] GC(15) O: Weak (No Queue):                    3                3                0 
[38.263s][info][gc,ref] GC(15) O: Weak Fields:                        0                0                0 
[38.263s][info][gc,ref] GC(15) O: Final References:                   0                0                0 
[38.263s][info][gc,ref] GC(15) O: Phantom References:                 1                1                0 
[38.793s][info][gc,ref] GC(16) O:                           Encountered       Discovered Cleared/Enqueued 
[38.793s][info][gc,ref] GC(16) O: Soft References:                  238                0                0 
[38.793s][info][gc,ref] GC(16) O: Weak References:                 1014              204                0 
[38.793s][info][gc,ref] GC(16) O: Weak (No Queue):                    3                0                0 
[38.793s][info][gc,ref] GC(16) O: Weak Fields:                        0                0                0 
[38.793s][info][gc,ref] GC(16) O: Final References:                   0                0                0 
[38.793s][info][gc,ref] GC(16) O: Phantom References:                 1                1                0 
[39.328s][info][gc,ref] GC(17) O:                           Encountered       Discovered Cleared/Enqueued 
[39.328s][info][gc,ref] GC(17) O: Soft References:                  238                0                0 
[39.328s][info][gc,ref] GC(17) O: Weak References:                 1014              630                0 
[39.328s][info][gc,ref] GC(17) O: Weak (No Queue):                    3                1                0 
[39.328s][info][gc,ref] GC(17) O: Weak Fields:                        0                0                0 
[39.328s][info][gc,ref] GC(17) O: Final References:                   0                0                0 
[39.328s][info][gc,ref] GC(17) O: Phantom References:                 1                0                0 
[39.864s][info][gc,ref] GC(18) O:                           Encountered       Discovered Cleared/Enqueued 
[39.864s][info][gc,ref] GC(18) O: Soft References:                  238                0                0 
[39.864s][info][gc,ref] GC(18) O: Weak References:                 1014              202                0 
[39.864s][info][gc,ref] GC(18) O: Weak (No Queue):                    3                0                0 
[39.864s][info][gc,ref] GC(18) O: Weak Fields:                        0                0                0 
[39.864s][info][gc,ref] GC(18) O: Final References:                   0                0                0 
[39.864s][info][gc,ref] GC(18) O: Phantom References:                 1                1                0 

=== Iteration 2 ===
Phase 1: Allocating references and objects...
[40.407s][info][gc,ref] GC(19) O:                           Encountered       Discovered Cleared/Enqueued 
[40.407s][info][gc,ref] GC(19) O: Soft References:                  238                0                0 
[40.407s][info][gc,ref] GC(19) O: Weak References:                 1014              386                0 
[40.407s][info][gc,ref] GC(19) O: Weak (No Queue):                    3                0                0 
[40.407s][info][gc,ref] GC(19) O: Weak Fields:                        0                0                0 
[40.407s][info][gc,ref] GC(19) O: Final References:                   0                0                0 
[40.407s][info][gc,ref] GC(19) O: Phantom References:                 1                1                0 
[41.113s][info][gc,ref] GC(20) O:                           Encountered       Discovered Cleared/Enqueued 
[41.113s][info][gc,ref] GC(20) O: Soft References:                  238                0                0 
[41.113s][info][gc,ref] GC(20) O: Weak References:                 1014              385                0 
[41.113s][info][gc,ref] GC(20) O: Weak (No Queue):                    3                0                0 
[41.113s][info][gc,ref] GC(20) O: Weak Fields:                        0                0                0 
[41.113s][info][gc,ref] GC(20) O: Final References:                   0                0                0 
[41.113s][info][gc,ref] GC(20) O: Phantom References:                 1                1                0 
Allocated 7340009 objects in 1.96 seconds
Phase 2: Sleeping for 3000 ms...
[43.383s][info][gc,ref] GC(21) O:                           Encountered       Discovered Cleared/Enqueued 
[43.383s][info][gc,ref] GC(21) O: Soft References:                  238                0                0 
[43.383s][info][gc,ref] GC(21) O: Weak References:               368015                3                0 
[43.383s][info][gc,ref] GC(21) O: Weak (No Queue):              2977744                3                0 
[43.383s][info][gc,ref] GC(21) O: Weak Fields:                        0                0                0 
[43.383s][info][gc,ref] GC(21) O: Final References:                   0                0                0 
[43.383s][info][gc,ref] GC(21) O: Phantom References:                 1                1                0 
Phase 3.1: Clearing strong references...
Cleared 1468002 strong references, 5872007 remaining
Waiting 3000 ms...
[48.257s][info][gc,ref] GC(22) O:                           Encountered       Discovered Cleared/Enqueued 
[48.257s][info][gc,ref] GC(22) O: Soft References:                  238                0                0 
[48.257s][info][gc,ref] GC(22) O: Weak References:               368015               71                0 
[48.257s][info][gc,ref] GC(22) O: Weak (No Queue):              6973011                3                0 
[48.257s][info][gc,ref] GC(22) O: Weak Fields:                        0                0                0 
[48.257s][info][gc,ref] GC(22) O: Final References:                   0                0                0 
[48.257s][info][gc,ref] GC(22) O: Phantom References:                 1                1                0 
Phase 3.2: Clearing strong references...
Cleared 1468002 strong references, 4404005 remaining
Waiting 3000 ms...
Phase 3.3: Clearing strong references...
Cleared 1468002 strong references, 2936003 remaining
Waiting 3000 ms...
[54.012s][info][gc,ref] GC(23) O:                           Encountered       Discovered Cleared/Enqueued 
[54.012s][info][gc,ref] GC(23) O: Soft References:                  238                0                0 
[54.012s][info][gc,ref] GC(23) O: Weak References:               368015           256260            73177 
[54.012s][info][gc,ref] GC(23) O: Weak (No Queue):              6973011          2078986           595755 
[54.012s][info][gc,ref] GC(23) O: Weak Fields:                        0                0                0 
[54.012s][info][gc,ref] GC(23) O: Final References:                   0                0                0 
[54.012s][info][gc,ref] GC(23) O: Phantom References:                 1                1                0 
Phase 3.4: Clearing strong references...
Cleared 1468002 strong references, 1468001 remaining
Waiting 3000 ms...
Phase 3.5: Clearing strong references...
Cleared 1468001 strong references, 0 remaining
Waiting 3000 ms...
[61.186s][info][gc,ref] GC(24) O:                           Encountered       Discovered Cleared/Enqueued 
[61.186s][info][gc,ref] GC(24) O: Soft References:                  238                0                0 
[61.186s][info][gc,ref] GC(24) O: Weak References:               294838           206602           146623 
[61.186s][info][gc,ref] GC(24) O: Weak (No Queue):              6377256          4708868          3588451 
[61.186s][info][gc,ref] GC(24) O: Weak Fields:                        0                0                0 
[61.186s][info][gc,ref] GC(24) O: Final References:                   0                0                0 
[61.186s][info][gc,ref] GC(24) O: Phantom References:                 1                1                0 
Waiting 6000 ms...
[67.174s][info][gc,ref] GC(25) O:                           Encountered       Discovered Cleared/Enqueued 
[67.174s][info][gc,ref] GC(25) O: Soft References:                  238                0                0 
[67.174s][info][gc,ref] GC(25) O: Weak References:               148215           147531           147201 
[67.174s][info][gc,ref] GC(25) O: Weak (No Queue):              2788805          2788805          2788802 
[67.174s][info][gc,ref] GC(25) O: Weak Fields:                        0                0                0 
[67.174s][info][gc,ref] GC(25) O: Final References:                   0                0                0 
[67.174s][info][gc,ref] GC(25) O: Phantom References:                 1                1                0 
Phase 4: Final weak reference checks...
Final count of alive weak references: 0
References enqueued in ReferenceQueue: 367001
Cooling down for 5 seconds...
[70.403s][info][gc,ref] GC(26) O:                           Encountered       Discovered Cleared/Enqueued 
[70.403s][info][gc,ref] GC(26) O: Soft References:                  238                0                0 
[70.403s][info][gc,ref] GC(26) O: Weak References:                 1014              580                0 
[70.403s][info][gc,ref] GC(26) O: Weak (No Queue):                    3                0                0 
[70.403s][info][gc,ref] GC(26) O: Weak Fields:                        0                0                0 
[70.403s][info][gc,ref] GC(26) O: Final References:                   0                0                0 
[70.403s][info][gc,ref] GC(26) O: Phantom References:                 1                1                0 
[70.943s][info][gc,ref] GC(27) O:                           Encountered       Discovered Cleared/Enqueued 
[70.943s][info][gc,ref] GC(27) O: Soft References:                  238                0                0 
[70.943s][info][gc,ref] GC(27) O: Weak References:                 1014              419                0 
[70.943s][info][gc,ref] GC(27) O: Weak (No Queue):                    3                0                0 
[70.943s][info][gc,ref] GC(27) O: Weak Fields:                        0                0                0 
[70.943s][info][gc,ref] GC(27) O: Final References:                   0                0                0 
[70.943s][info][gc,ref] GC(27) O: Phantom References:                 1                1                0 
[71.480s][info][gc,ref] GC(28) O:                           Encountered       Discovered Cleared/Enqueued 
[71.480s][info][gc,ref] GC(28) O: Soft References:                  238                0                0 
[71.480s][info][gc,ref] GC(28) O: Weak References:                 1014              635                0 
[71.480s][info][gc,ref] GC(28) O: Weak (No Queue):                    3                1                0 
[71.480s][info][gc,ref] GC(28) O: Weak Fields:                        0                0                0 
[71.480s][info][gc,ref] GC(28) O: Final References:                   0                0                0 
[71.480s][info][gc,ref] GC(28) O: Phantom References:                 1                0                0 
[72.012s][info][gc,ref] GC(29) O:                           Encountered       Discovered Cleared/Enqueued 
[72.012s][info][gc,ref] GC(29) O: Soft References:                  238                0                0 
[72.012s][info][gc,ref] GC(29) O: Weak References:                 1014              419                0 
[72.012s][info][gc,ref] GC(29) O: Weak (No Queue):                    3                0                0 
[72.012s][info][gc,ref] GC(29) O: Weak Fields:                        0                0                0 
[72.012s][info][gc,ref] GC(29) O: Final References:                   0                0                0 
[72.012s][info][gc,ref] GC(29) O: Phantom References:                 1                1                0 
[72.547s][info][gc,ref] GC(30) O:                           Encountered       Discovered Cleared/Enqueued 
[72.547s][info][gc,ref] GC(30) O: Soft References:                  238                0                0 
[72.547s][info][gc,ref] GC(30) O: Weak References:                 1014              419                0 
[72.547s][info][gc,ref] GC(30) O: Weak (No Queue):                    3                0                0 
[72.547s][info][gc,ref] GC(30) O: Weak Fields:                        0                0                0 
[72.547s][info][gc,ref] GC(30) O: Final References:                   0                0                0 
[72.547s][info][gc,ref] GC(30) O: Phantom References:                 1                1                0 
[73.081s][info][gc,ref] GC(31) O:                           Encountered       Discovered Cleared/Enqueued 
[73.081s][info][gc,ref] GC(31) O: Soft References:                  238                0                0 
[73.081s][info][gc,ref] GC(31) O: Weak References:                 1014              580                0 
[73.081s][info][gc,ref] GC(31) O: Weak (No Queue):                    3                1                0 
[73.081s][info][gc,ref] GC(31) O: Weak Fields:                        0                0                0 
[73.081s][info][gc,ref] GC(31) O: Final References:                   0                0                0 
[73.081s][info][gc,ref] GC(31) O: Phantom References:                 1                1                0 
[73.617s][info][gc,ref] GC(32) O:                           Encountered       Discovered Cleared/Enqueued 
[73.617s][info][gc,ref] GC(32) O: Soft References:                  238                0                0 
[73.617s][info][gc,ref] GC(32) O: Weak References:                 1014              419                0 
[73.617s][info][gc,ref] GC(32) O: Weak (No Queue):                    3                0                0 
[73.617s][info][gc,ref] GC(32) O: Weak Fields:                        0                0                0 
[73.617s][info][gc,ref] GC(32) O: Final References:                   0                0                0 
[73.617s][info][gc,ref] GC(32) O: Phantom References:                 1                1                0 
[74.154s][info][gc,ref] GC(33) O:                           Encountered       Discovered Cleared/Enqueued 
[74.154s][info][gc,ref] GC(33) O: Soft References:                  238                0                0 
[74.154s][info][gc,ref] GC(33) O: Weak References:                 1014              633                0 
[74.154s][info][gc,ref] GC(33) O: Weak (No Queue):                    3                1                0 
[74.154s][info][gc,ref] GC(33) O: Weak Fields:                        0                0                0 
[74.154s][info][gc,ref] GC(33) O: Final References:                   0                0                0 
[74.154s][info][gc,ref] GC(33) O: Phantom References:                 1                1                0 
[74.687s][info][gc,ref] GC(34) O:                           Encountered       Discovered Cleared/Enqueued 
[74.687s][info][gc,ref] GC(34) O: Soft References:                  238                0                0 
[74.687s][info][gc,ref] GC(34) O: Weak References:                 1014              415                0 
[74.687s][info][gc,ref] GC(34) O: Weak (No Queue):                    3                0                0 
[74.687s][info][gc,ref] GC(34) O: Weak Fields:                        0                0                0 
[74.687s][info][gc,ref] GC(34) O: Final References:                   0                0                0 
[74.687s][info][gc,ref] GC(34) O: Phantom References:                 1                1                0 

=== Iteration 3 ===
Phase 1: Allocating references and objects...
[75.236s][info][gc,ref] GC(35) O:                           Encountered       Discovered Cleared/Enqueued 
[75.236s][info][gc,ref] GC(35) O: Soft References:                  238                0                0 
[75.236s][info][gc,ref] GC(35) O: Weak References:                 1014              158                0 
[75.236s][info][gc,ref] GC(35) O: Weak (No Queue):                    3                1                0 
[75.236s][info][gc,ref] GC(35) O: Weak Fields:                        0                0                0 
[75.236s][info][gc,ref] GC(35) O: Final References:                   0                0                0 
[75.236s][info][gc,ref] GC(35) O: Phantom References:                 1                1                0 
Allocated 7340009 objects in 1.76 seconds
Phase 2: Sleeping for 3000 ms...
[77.510s][info][gc,ref] GC(36) O:                           Encountered       Discovered Cleared/Enqueued 
[77.510s][info][gc,ref] GC(36) O: Soft References:                  238                0                0 
[77.510s][info][gc,ref] GC(36) O: Weak References:               368015              198                0 
[77.510s][info][gc,ref] GC(36) O: Weak (No Queue):               693326                2                0 
[77.510s][info][gc,ref] GC(36) O: Weak Fields:                        0                0                0 
[77.510s][info][gc,ref] GC(36) O: Final References:                   0                0                0 
[77.510s][info][gc,ref] GC(36) O: Phantom References:                 1                1                0 
Phase 3.1: Clearing strong references...
Cleared 1468002 strong references, 5872007 remaining
Waiting 3000 ms...
[82.194s][info][gc,ref] GC(37) O:                           Encountered       Discovered Cleared/Enqueued 
[82.194s][info][gc,ref] GC(37) O: Soft References:                  238                0                0 
[82.194s][info][gc,ref] GC(37) O: Weak References:               368015              351                0 
[82.194s][info][gc,ref] GC(37) O: Weak (No Queue):              6973011                3                0 
[82.194s][info][gc,ref] GC(37) O: Weak Fields:                        0                0                0 
[82.194s][info][gc,ref] GC(37) O: Final References:                   0                0                0 
[82.194s][info][gc,ref] GC(37) O: Phantom References:                 1                1                0 
Phase 3.2: Clearing strong references...
Cleared 1468002 strong references, 4404005 remaining
Waiting 3000 ms...
Phase 3.3: Clearing strong references...
Cleared 1468002 strong references, 2936003 remaining
Waiting 3000 ms...
[87.315s][info][gc,ref] GC(38) O:                           Encountered       Discovered Cleared/Enqueued 
[87.315s][info][gc,ref] GC(38) O: Soft References:                  238                0                0 
[87.315s][info][gc,ref] GC(38) O: Weak References:               368015           291616            73779 
[87.315s][info][gc,ref] GC(38) O: Weak (No Queue):              6973011           549960           139084 
[87.315s][info][gc,ref] GC(38) O: Weak Fields:                        0                0                0 
[87.315s][info][gc,ref] GC(38) O: Final References:                   0                0                0 
[87.315s][info][gc,ref] GC(38) O: Phantom References:                 1                1                0 
Phase 3.4: Clearing strong references...
Cleared 1468002 strong references, 1468001 remaining
Waiting 3000 ms...
Phase 3.5: Clearing strong references...
Cleared 1468001 strong references, 0 remaining
Waiting 3000 ms...
[93.820s][info][gc,ref] GC(39) O:                           Encountered       Discovered Cleared/Enqueued 
[93.820s][info][gc,ref] GC(39) O: Soft References:                  238                0                0 
[93.820s][info][gc,ref] GC(39) O: Weak References:               294236           270615           146611 
[93.820s][info][gc,ref] GC(39) O: Weak (No Queue):              6833927          6398057          4044532 
[93.820s][info][gc,ref] GC(39) O: Weak Fields:                        0                0                0 
[93.820s][info][gc,ref] GC(39) O: Final References:                   0                0                0 
[93.820s][info][gc,ref] GC(39) O: Phantom References:                 1                1                0 
Waiting 6000 ms...
[99.983s][info][gc,ref] GC(40) O:                           Encountered       Discovered Cleared/Enqueued 
[99.983s][info][gc,ref] GC(40) O: Soft References:                  238                0                0 
[99.983s][info][gc,ref] GC(40) O: Weak References:               147625           147116           146611 
[99.983s][info][gc,ref] GC(40) O: Weak (No Queue):              2789395          2789395          2789392 
[99.983s][info][gc,ref] GC(40) O: Weak Fields:                        0                0                0 
[99.983s][info][gc,ref] GC(40) O: Final References:                   0                0                0 
[99.983s][info][gc,ref] GC(40) O: Phantom References:                 1                1                0 
Phase 4: Final weak reference checks...
Final count of alive weak references: 0
References enqueued in ReferenceQueue: 367001
Cooling down for 5 seconds...
[103.773s][info][gc,ref] GC(41) O:                           Encountered       Discovered Cleared/Enqueued 
[103.774s][info][gc,ref] GC(41) O: Soft References:                  238                0                0 
[103.774s][info][gc,ref] GC(41) O: Weak References:                 1014              236                0 
[103.774s][info][gc,ref] GC(41) O: Weak (No Queue):                    3                3                0 
[103.774s][info][gc,ref] GC(41) O: Weak Fields:                        0                0                0 
[103.774s][info][gc,ref] GC(41) O: Final References:                   0                0                0 
[103.774s][info][gc,ref] GC(41) O: Phantom References:                 1                1                0 
[104.310s][info][gc,ref] GC(42) O:                           Encountered       Discovered Cleared/Enqueued 
[104.310s][info][gc,ref] GC(42) O: Soft References:                  238                0                0 
[104.310s][info][gc,ref] GC(42) O: Weak References:                 1014                3                0 
[104.310s][info][gc,ref] GC(42) O: Weak (No Queue):                    3                3                0 
[104.310s][info][gc,ref] GC(42) O: Weak Fields:                        0                0                0 
[104.310s][info][gc,ref] GC(42) O: Final References:                   0                0                0 
[104.310s][info][gc,ref] GC(42) O: Phantom References:                 1                1                0 
[104.839s][info][gc,ref] GC(43) O:                           Encountered       Discovered Cleared/Enqueued 
[104.839s][info][gc,ref] GC(43) O: Soft References:                  238                0                0 
[104.839s][info][gc,ref] GC(43) O: Weak References:                 1014              579                0 
[104.839s][info][gc,ref] GC(43) O: Weak (No Queue):                    3                1                0 
[104.839s][info][gc,ref] GC(43) O: Weak Fields:                        0                0                0 
[104.839s][info][gc,ref] GC(43) O: Final References:                   0                0                0 
[104.839s][info][gc,ref] GC(43) O: Phantom References:                 1                1                0 
[105.364s][info][gc,ref] GC(44) O:                           Encountered       Discovered Cleared/Enqueued 
[105.365s][info][gc,ref] GC(44) O: Soft References:                  238                0                0 
[105.365s][info][gc,ref] GC(44) O: Weak References:                 1014              388                0 
[105.365s][info][gc,ref] GC(44) O: Weak (No Queue):                    3                0                0 
[105.365s][info][gc,ref] GC(44) O: Weak Fields:                        0                0                0 
[105.365s][info][gc,ref] GC(44) O: Final References:                   0                0                0 
[105.365s][info][gc,ref] GC(44) O: Phantom References:                 1                1                0 
[105.890s][info][gc,ref] GC(45) O:                           Encountered       Discovered Cleared/Enqueued 
[105.890s][info][gc,ref] GC(45) O: Soft References:                  238                0                0 
[105.890s][info][gc,ref] GC(45) O: Weak References:                 1014              409                0 
[105.890s][info][gc,ref] GC(45) O: Weak (No Queue):                    3                0                0 
[105.890s][info][gc,ref] GC(45) O: Weak Fields:                        0                0                0 
[105.890s][info][gc,ref] GC(45) O: Final References:                   0                0                0 
[105.890s][info][gc,ref] GC(45) O: Phantom References:                 1                1                0 
[106.419s][info][gc,ref] GC(46) O:                           Encountered       Discovered Cleared/Enqueued 
[106.419s][info][gc,ref] GC(46) O: Soft References:                  238                0                0 
[106.419s][info][gc,ref] GC(46) O: Weak References:                 1014              634                0 
[106.419s][info][gc,ref] GC(46) O: Weak (No Queue):                    3                1                0 
[106.419s][info][gc,ref] GC(46) O: Weak Fields:                        0                0                0 
[106.419s][info][gc,ref] GC(46) O: Final References:                   0                0                0 
[106.419s][info][gc,ref] GC(46) O: Phantom References:                 1                0                0 
[106.955s][info][gc,ref] GC(47) O:                           Encountered       Discovered Cleared/Enqueued 
[106.955s][info][gc,ref] GC(47) O: Soft References:                  238                0                0 
[106.955s][info][gc,ref] GC(47) O: Weak References:                 1014              635                0 
[106.955s][info][gc,ref] GC(47) O: Weak (No Queue):                    3                1                0 
[106.955s][info][gc,ref] GC(47) O: Weak Fields:                        0                0                0 
[106.955s][info][gc,ref] GC(47) O: Final References:                   0                0                0 
[106.955s][info][gc,ref] GC(47) O: Phantom References:                 1                0                0 
[107.487s][info][gc,ref] GC(48) O:                           Encountered       Discovered Cleared/Enqueued 
[107.487s][info][gc,ref] GC(48) O: Soft References:                  238                0                0 
[107.487s][info][gc,ref] GC(48) O: Weak References:                 1014              391                0 
[107.487s][info][gc,ref] GC(48) O: Weak (No Queue):                    3                0                0 
[107.487s][info][gc,ref] GC(48) O: Weak Fields:                        0                0                0 
[107.487s][info][gc,ref] GC(48) O: Final References:                   0                0                0 
[107.487s][info][gc,ref] GC(48) O: Phantom References:                 1                1                0 
[108.013s][info][gc,ref] GC(49) O:                           Encountered       Discovered Cleared/Enqueued 
[108.013s][info][gc,ref] GC(49) O: Soft References:                  238                0                0 
[108.013s][info][gc,ref] GC(49) O: Weak References:                 1014              412                0 
[108.013s][info][gc,ref] GC(49) O: Weak (No Queue):                    3                1                0 
[108.013s][info][gc,ref] GC(49) O: Weak Fields:                        0                0                0 
[108.013s][info][gc,ref] GC(49) O: Final References:                   0                0                0 
[108.013s][info][gc,ref] GC(49) O: Phantom References:                 1                1                0 
[108.022s][info][gc,stats] === Garbage Collection Statistics =======================================================================================================================
[108.022s][info][gc,stats]                                                              Last 10s              Last 10m              Last 10h                Total
[108.022s][info][gc,stats]                                                              Avg / Max             Avg / Max             Avg / Max             Avg / Max
[108.022s][info][gc,stats]        Contention: Mark Segment Reset Contention                     0 / 0                 0 / 11                0 / 11                0 / 11          ops/s
[108.022s][info][gc,stats]        Contention: Mark SeqNum Reset Contention                      0 / 0                 0 / 4                 0 / 4                 0 / 4           ops/s
[108.022s][info][gc,stats]          Critical: Allocation Stall                                  0 / 0                 0 / 0                 0 / 0                 0 / 0           ops/s
[108.022s][info][gc,stats]          Critical: Allocation Stall                              0.000 / 0.000         0.000 / 0.000         0.000 / 0.000         0.000 / 0.000       ms
[108.022s][info][gc,stats]          Critical: JNI Critical Stall                                0 / 0                 0 / 0                 0 / 0                 0 / 0           ops/s
[108.022s][info][gc,stats]          Critical: JNI Critical Stall                            0.000 / 0.000         0.000 / 0.000         0.000 / 0.000         0.000 / 0.000       ms
[108.022s][info][gc,stats]          Critical: Relocation Stall                                  0 / 0                 0 / 0                 0 / 0                 0 / 0           ops/s
[108.022s][info][gc,stats]          Critical: Relocation Stall                              0.000 / 0.000         0.000 / 0.000         0.000 / 0.000         0.000 / 0.000       ms
[108.022s][info][gc,stats]  Major Collection: Major Collection                           1013.480 / 5657.893   1660.089 / 6830.468   1660.089 / 6830.468   1660.089 / 6830.468    ms
[108.022s][info][gc,stats]            Memory: Allocation Rate                                   0 / 2               190 / 4974            190 / 4974            190 / 4974        MB/s
[108.022s][info][gc,stats]            Memory: Defragment                                        0 / 0                 0 / 0                 0 / 0                 0 / 0           ops/s
[108.022s][info][gc,stats]            Memory: Mapped Cache Harvest                              0 / 0                 0 / 0                 0 / 0                 0 / 0           MB/s
[108.022s][info][gc,stats]            Memory: Out Of Memory                                     0 / 0                 0 / 0                 0 / 0                 0 / 0           ops/s
[108.022s][info][gc,stats]            Memory: Uncommit                                          0 / 0                 0 / 0                 0 / 0                 0 / 0           MB/s
[108.022s][info][gc,stats]            Memory: Undo Object Allocation Failed                     0 / 0                 0 / 0                 0 / 0                 0 / 0           ops/s
[108.022s][info][gc,stats]            Memory: Undo Object Allocation Succeeded                  0 / 0                 0 / 0                 0 / 0                 0 / 0           ops/s
[108.022s][info][gc,stats]            Memory: Undo Page Allocation                              0 / 0                 0 / 0                 0 / 0                 0 / 0           ops/s
[108.022s][info][gc,stats]  Minor Collection: Minor Collection                              0.000 / 0.000         0.000 / 0.000         0.000 / 0.000         0.000 / 0.000       ms
[108.022s][info][gc,stats]    Old Generation: Old Generation                              995.239 / 5552.685   1122.188 / 6710.750   1122.188 / 6710.750   1122.188 / 6710.750    ms
[108.022s][info][gc,stats]         Old Pause: Pause Mark End                                0.012 / 0.014         0.012 / 0.016         0.012 / 0.016         0.012 / 0.016       ms
[108.022s][info][gc,stats]         Old Pause: Pause Relocate Start                          0.010 / 0.023         0.010 / 0.023         0.010 / 0.023         0.010 / 0.023       ms
[108.022s][info][gc,stats]         Old Phase: Concurrent Mark                             898.712 / 4724.882    912.227 / 5120.926    912.227 / 5120.926    912.227 / 5120.926    ms
[108.022s][info][gc,stats]         Old Phase: Concurrent Mark Continue                      0.000 / 0.000         0.000 / 0.000         0.000 / 0.000         0.000 / 0.000       ms
[108.022s][info][gc,stats]         Old Phase: Concurrent Mark Free                          0.004 / 0.006         0.004 / 0.011         0.004 / 0.011         0.004 / 0.011       ms
[108.022s][info][gc,stats]         Old Phase: Concurrent Process Non-Strong                29.340 / 258.871      71.451 / 718.123      71.451 / 718.123      71.451 / 718.123     ms
[108.022s][info][gc,stats]         Old Phase: Concurrent Relocate                          58.074 / 514.379     106.287 / 827.519     106.287 / 827.519     106.287 / 827.519     ms
[108.022s][info][gc,stats]         Old Phase: Concurrent Remap Roots                        3.868 / 31.497       21.881 / 141.829      21.881 / 141.829      21.881 / 141.829     ms
[108.022s][info][gc,stats]         Old Phase: Concurrent Reset Relocation Set               0.025 / 0.155         0.018 / 0.155         0.018 / 0.155         0.018 / 0.155       ms
[108.022s][info][gc,stats]         Old Phase: Concurrent Select Relocation Set              5.021 / 22.536       10.066 / 87.299       10.066 / 87.299       10.066 / 87.299      ms
[108.022s][info][gc,stats]      Old Subphase: Concurrent Classes Purge                      0.003 / 0.006         0.070 / 2.363         0.070 / 2.363         0.070 / 2.363       ms
[108.022s][info][gc,stats]      Old Subphase: Concurrent Classes Unlink                     0.184 / 0.230         1.080 / 1.868         1.080 / 1.868         1.080 / 1.868       ms
[108.022s][info][gc,stats]      Old Subphase: Concurrent Mark Follow                      898.578 / 4724.720    912.089 / 5120.761    912.089 / 5120.761    912.089 / 5120.761    ms
[108.022s][info][gc,stats]      Old Subphase: Concurrent Mark Root Colored                  0.046 / 0.110         0.033 / 0.110         0.033 / 0.110         0.033 / 0.110       ms
[108.022s][info][gc,stats]      Old Subphase: Concurrent Mark Root Uncolored                0.020 / 0.050         0.027 / 0.102         0.027 / 0.102         0.027 / 0.102       ms
[108.022s][info][gc,stats]      Old Subphase: Concurrent Mark Roots                         0.129 / 0.190         0.135 / 0.278         0.135 / 0.278         0.135 / 0.278       ms
[108.022s][info][gc,stats]      Old Subphase: Concurrent References Enqueue                 0.000 / 0.003         0.001 / 0.005         0.001 / 0.005         0.001 / 0.005       ms
[108.022s][info][gc,stats]      Old Subphase: Concurrent References Process                28.791 / 258.133      69.878 / 717.194      69.878 / 717.194      69.878 / 717.194     ms
[108.022s][info][gc,stats]      Old Subphase: Concurrent Remap Remembered                   3.713 / 31.199       17.190 / 141.452      17.190 / 141.452      17.190 / 141.452     ms
[108.022s][info][gc,stats]      Old Subphase: Concurrent Remap Roots Colored                0.058 / 0.100         0.152 / 0.520         0.152 / 0.520         0.152 / 0.520       ms
[108.022s][info][gc,stats]      Old Subphase: Concurrent Remap Roots Uncolored              0.022 / 0.029         0.162 / 0.351         0.162 / 0.351         0.162 / 0.351       ms
[108.022s][info][gc,stats]      Old Subphase: Concurrent Roots ClassLoaderDataGraph         0.037 / 0.101         0.097 / 0.489         0.097 / 0.489         0.097 / 0.489       ms
[108.022s][info][gc,stats]      Old Subphase: Concurrent Roots CodeCache                    0.022 / 0.027         0.162 / 0.347         0.162 / 0.347         0.162 / 0.347       ms
[108.022s][info][gc,stats]      Old Subphase: Concurrent Roots JavaThreads                  0.007 / 0.050         0.010 / 0.102         0.010 / 0.102         0.010 / 0.102       ms
[108.022s][info][gc,stats]      Old Subphase: Concurrent Roots OopStorageSet                0.003 / 0.007         0.004 / 0.013         0.004 / 0.013         0.004 / 0.013       ms
[108.022s][info][gc,stats]      Old Subphase: Concurrent Weak Roots OopStorageSet           0.084 / 0.191         0.086 / 0.211         0.086 / 0.211         0.086 / 0.211       ms
[108.022s][info][gc,stats]            System: Java Threads                                     11 / 11               11 / 13               11 / 13               11 / 13          threads
[108.022s][info][gc,stats]  Young Generation: Young Generation                              7.271 / 35.210      537.799 / 4007.244    537.799 / 4007.244    537.799 / 4007.244    ms
[108.022s][info][gc,stats]  Young Generation: Young Generation                              0.000 / 0.000         0.000 / 0.000         0.000 / 0.000         0.000 / 0.000       ms
[108.022s][info][gc,stats]  Young Generation: Young Generation (Collect Roots)              0.000 / 0.000         0.000 / 0.000         0.000 / 0.000         0.000 / 0.000       ms
[108.022s][info][gc,stats]  Young Generation: Young Generation (Promote All)                0.000 / 0.000         0.000 / 0.000         0.000 / 0.000         0.000 / 0.000       ms
[108.022s][info][gc,stats]       Young Pause: Pause Mark End                                0.010 / 0.013         0.011 / 0.014         0.011 / 0.014         0.011 / 0.014       ms
[108.022s][info][gc,stats]       Young Pause: Pause Mark Start                              0.000 / 0.000         0.000 / 0.000         0.000 / 0.000         0.000 / 0.000       ms
[108.022s][info][gc,stats]       Young Pause: Pause Mark Start (Major)                      0.015 / 0.016         0.015 / 0.020         0.015 / 0.020         0.015 / 0.020       ms
[108.022s][info][gc,stats]       Young Pause: Pause Relocate Start                          0.007 / 0.008         0.008 / 0.014         0.008 / 0.014         0.008 / 0.014       ms
[108.022s][info][gc,stats]       Young Phase: Concurrent Mark                               6.485 / 34.443      481.699 / 3711.620    481.699 / 3711.620    481.699 / 3711.620    ms
[108.022s][info][gc,stats]       Young Phase: Concurrent Mark Continue                      0.000 / 0.000         0.000 / 0.000         0.000 / 0.000         0.000 / 0.000       ms
[108.022s][info][gc,stats]       Young Phase: Concurrent Mark Free                          0.001 / 0.001         0.003 / 0.008         0.003 / 0.008         0.003 / 0.008       ms
[108.022s][info][gc,stats]       Young Phase: Concurrent Relocate                           0.059 / 0.093        32.436 / 352.222      32.436 / 352.222      32.436 / 352.222     ms
[108.022s][info][gc,stats]       Young Phase: Concurrent Reset Relocation Set               0.000 / 0.000         0.067 / 0.926         0.067 / 0.926         0.067 / 0.926       ms
[108.022s][info][gc,stats]       Young Phase: Concurrent Select Relocation Set              0.400 / 0.600        23.091 / 254.793      23.091 / 254.793      23.091 / 254.793     ms
[108.022s][info][gc,stats]    Young Subphase: Concurrent Mark Follow                        5.517 / 33.481      480.584 / 3710.461    480.584 / 3710.461    480.584 / 3710.461    ms
[108.022s][info][gc,stats]    Young Subphase: Concurrent Mark Root Colored                  0.700 / 0.773         0.697 / 1.023         0.697 / 1.023         0.697 / 1.023       ms
[108.022s][info][gc,stats]    Young Subphase: Concurrent Mark Root Uncolored                0.053 / 0.067         0.210 / 0.483         0.210 / 0.483         0.210 / 0.483       ms
[108.022s][info][gc,stats]    Young Subphase: Concurrent Mark Roots                         0.965 / 1.019         1.112 / 1.495         1.112 / 1.495         1.112 / 1.495       ms
[108.022s][info][gc,stats]    Young Subphase: Concurrent Relocate Remset FP                 0.009 / 0.014        32.084 / 351.923      32.084 / 351.923      32.084 / 351.923     ms
[108.022s][info][gc,stats]    Young Subphase: Concurrent Roots ClassLoaderDataGraph         0.580 / 0.610         0.566 / 0.755         0.566 / 0.755         0.566 / 0.755       ms
[108.022s][info][gc,stats]    Young Subphase: Concurrent Roots CodeCache                    0.024 / 0.029         0.179 / 0.283         0.179 / 0.283         0.179 / 0.283       ms
[108.022s][info][gc,stats]    Young Subphase: Concurrent Roots JavaThreads                  0.015 / 0.046         0.020 / 0.483         0.020 / 0.483         0.020 / 0.483       ms
[108.022s][info][gc,stats]    Young Subphase: Concurrent Roots OopStorageSet                0.005 / 0.009         0.019 / 0.316         0.019 / 0.316         0.019 / 0.316       ms
[108.022s][info][gc,stats]    Young Subphase: Concurrent Weak Roots OopStorageSet           0.115 / 0.183         0.122 / 0.240         0.122 / 0.240         0.122 / 0.240       ms
[108.022s][info][gc,stats] =========================================================================================================================================================
