
=== RUN 76/80 (GA clear_path_dyn) ===

[0.029s][info][gc,ref] Reference Processor created, Macros: ZUseSeparateDiscoveredLists=0, ZUseDynamicArray=1, ZUseOptimisedClearPath=1
[1.842s][info][gc,ref] GC(0) O:                           Encountered       Discovered Cleared/Enqueued 
[1.842s][info][gc,ref] GC(0) O: Soft References:                    0                0                0 
[1.842s][info][gc,ref] GC(0) O: Weak References:                    0                0                0 
[1.842s][info][gc,ref] GC(0) O: Weak (No Queue):                    0                0                0 
[1.842s][info][gc,ref] GC(0) O: Weak Fields:                        0                0                0 
[1.842s][info][gc,ref] GC(0) O: Final References:                   0                0                0 
[1.842s][info][gc,ref] GC(0) O: Phantom References:                 0                0                0 
[2.358s][info][gc,ref] GC(1) O:                           Encountered       Discovered Cleared/Enqueued 
[2.358s][info][gc,ref] GC(1) O: Soft References:                  141                0                0 
[2.358s][info][gc,ref] GC(1) O: Weak References:                  588                0                0 
[2.358s][info][gc,ref] GC(1) O: Weak (No Queue):                    3                0                0 
[2.358s][info][gc,ref] GC(1) O: Weak Fields:                        0                0                0 
[2.358s][info][gc,ref] GC(1) O: Final References:                   0                0                0 
[2.358s][info][gc,ref] GC(1) O: Phantom References:                 1                0                0 
[2.886s][info][gc,ref] GC(2) O:                           Encountered       Discovered Cleared/Enqueued 
[2.886s][info][gc,ref] GC(2) O: Soft References:                  162                0                0 
[2.886s][info][gc,ref] GC(2) O: Weak References:                  796                0                0 
[2.886s][info][gc,ref] GC(2) O: Weak (No Queue):                    3                0                0 
[2.886s][info][gc,ref] GC(2) O: Weak Fields:                        0                0                0 
[2.886s][info][gc,ref] GC(2) O: Final References:                   0                0                0 
[2.886s][info][gc,ref] GC(2) O: Phantom References:                 1                0                0 
WeakRefMultiObjectBenchmark: objects=7340009 minSize=509 maxSize=1097 sleepMillis=3000 iterations=3

=== Iteration 1 ===
Phase 1: Allocating references and objects...
[3.431s][info][gc,ref] GC(3) O:                           Encountered       Discovered Cleared/Enqueued 
[3.431s][info][gc,ref] GC(3) O: Soft References:                  238                0                0 
[3.431s][info][gc,ref] GC(3) O: Weak References:                 1349              405              121 
[3.431s][info][gc,ref] GC(3) O: Weak (No Queue):                    3                3                0 
[3.431s][info][gc,ref] GC(3) O: Weak Fields:                        0                0                0 
[3.431s][info][gc,ref] GC(3) O: Final References:                   0                0                0 
[3.431s][info][gc,ref] GC(3) O: Phantom References:                 1                1                0 
[4.146s][info][gc,ref] GC(4) O:                           Encountered       Discovered Cleared/Enqueued 
[4.146s][info][gc,ref] GC(4) O: Soft References:                  238                0                0 
[4.146s][info][gc,ref] GC(4) O: Weak References:                 1228              375               64 
[4.146s][info][gc,ref] GC(4) O: Weak (No Queue):                    3                3                0 
[4.146s][info][gc,ref] GC(4) O: Weak Fields:                        0                0                0 
[4.146s][info][gc,ref] GC(4) O: Final References:                   0                0                0 
[4.146s][info][gc,ref] GC(4) O: Phantom References:                 1                1                0 
[5.469s][info][gc,ref] GC(5) O:                           Encountered       Discovered Cleared/Enqueued 
[5.469s][info][gc,ref] GC(5) O: Soft References:                  238                0                0 
[5.469s][info][gc,ref] GC(5) O: Weak References:               368165              983              150 
[5.469s][info][gc,ref] GC(5) O: Weak (No Queue):               926388                0                0 
[5.469s][info][gc,ref] GC(5) O: Weak Fields:                        0                0                0 
[5.469s][info][gc,ref] GC(5) O: Final References:                   0                0                0 
[5.469s][info][gc,ref] GC(5) O: Phantom References:                 1                1                0 
Allocated 7340009 objects in 4.33 seconds
Phase 2: Sleeping for 3000 ms...
[8.392s][info][gc,ref] GC(6) O:                           Encountered       Discovered Cleared/Enqueued 
[8.392s][info][gc,ref] GC(6) O: Soft References:                  238                0                0 
[8.392s][info][gc,ref] GC(6) O: Weak References:               368015              398                0 
[8.392s][info][gc,ref] GC(6) O: Weak (No Queue):              3689053                1                0 
[8.392s][info][gc,ref] GC(6) O: Weak Fields:                        0                0                0 
[8.393s][info][gc,ref] GC(6) O: Final References:                   0                0                0 
[8.393s][info][gc,ref] GC(6) O: Phantom References:                 1                1                0 
Phase 3.1: Clearing strong references...
Cleared 1468002 strong references, 5872007 remaining
Waiting 3000 ms...
[13.394s][info][gc,ref] GC(7) O:                           Encountered       Discovered Cleared/Enqueued 
[13.394s][info][gc,ref] GC(7) O: Soft References:                  238                0                0 
[13.394s][info][gc,ref] GC(7) O: Weak References:               368015           101235                0 
[13.394s][info][gc,ref] GC(7) O: Weak (No Queue):              6973011           254160                0 
[13.394s][info][gc,ref] GC(7) O: Weak Fields:                        0                0                0 
[13.394s][info][gc,ref] GC(7) O: Final References:                   0                0                0 
[13.394s][info][gc,ref] GC(7) O: Phantom References:                 1                1                0 
Phase 3.2: Clearing strong references...
Cleared 1468002 strong references, 4404005 remaining
Waiting 3000 ms...
Phase 3.3: Clearing strong references...
Cleared 1468002 strong references, 2936003 remaining
Waiting 3000 ms...
[19.315s][info][gc,ref] GC(8) O:                           Encountered       Discovered Cleared/Enqueued 
[19.315s][info][gc,ref] GC(8) O: Soft References:                  238                0                0 
[19.315s][info][gc,ref] GC(8) O: Weak References:               368015           266639            73247 
[19.315s][info][gc,ref] GC(8) O: Weak (No Queue):              6973011          2679976           737818 
[19.315s][info][gc,ref] GC(8) O: Weak Fields:                        0                0                0 
[19.315s][info][gc,ref] GC(8) O: Final References:                   0                0                0 
[19.315s][info][gc,ref] GC(8) O: Phantom References:                 1                1                0 
Phase 3.4: Clearing strong references...
Cleared 1468002 strong references, 1468001 remaining
Waiting 3000 ms...
Phase 3.5: Clearing strong references...
Cleared 1468001 strong references, 0 remaining
Waiting 3000 ms...
[26.376s][info][gc,ref] GC(9) O:                           Encountered       Discovered Cleared/Enqueued 
[26.376s][info][gc,ref] GC(9) O: Soft References:                  238                0                0 
[26.376s][info][gc,ref] GC(9) O: Weak References:               294768           289285           146224 
[26.376s][info][gc,ref] GC(9) O: Weak (No Queue):              6235193          6136298          3446717 
[26.376s][info][gc,ref] GC(9) O: Weak Fields:                        0                0                0 
[26.376s][info][gc,ref] GC(9) O: Final References:                   0                0                0 
[26.376s][info][gc,ref] GC(9) O: Phantom References:                 1                1                0 
Waiting 6000 ms...
[32.389s][info][gc,ref] GC(10) O:                           Encountered       Discovered Cleared/Enqueued 
[32.389s][info][gc,ref] GC(10) O: Soft References:                  238                0                0 
[32.389s][info][gc,ref] GC(10) O: Weak References:               148544           147923           147530 
[32.389s][info][gc,ref] GC(10) O: Weak (No Queue):              2788476          2788473          2788473 
[32.389s][info][gc,ref] GC(10) O: Weak Fields:                        0                0                0 
[32.389s][info][gc,ref] GC(10) O: Final References:                   0                0                0 
[32.389s][info][gc,ref] GC(10) O: Phantom References:                 1                1                0 
Phase 4: Final weak reference checks...
Final count of alive weak references: 0
References enqueued in ReferenceQueue: 367001
Cooling down for 5 seconds...
[35.860s][info][gc,ref] GC(11) O:                           Encountered       Discovered Cleared/Enqueued 
[35.860s][info][gc,ref] GC(11) O: Soft References:                  238                0                0 
[35.860s][info][gc,ref] GC(11) O: Weak References:                 1014              437                0 
[35.860s][info][gc,ref] GC(11) O: Weak (No Queue):                    3                3                0 
[35.860s][info][gc,ref] GC(11) O: Weak Fields:                        0                0                0 
[35.860s][info][gc,ref] GC(11) O: Final References:                   0                0                0 
[35.860s][info][gc,ref] GC(11) O: Phantom References:                 1                1                0 
[36.393s][info][gc,ref] GC(12) O:                           Encountered       Discovered Cleared/Enqueued 
[36.393s][info][gc,ref] GC(12) O: Soft References:                  238                0                0 
[36.393s][info][gc,ref] GC(12) O: Weak References:                 1014              337                0 
[36.393s][info][gc,ref] GC(12) O: Weak (No Queue):                    3                3                0 
[36.393s][info][gc,ref] GC(12) O: Weak Fields:                        0                0                0 
[36.393s][info][gc,ref] GC(12) O: Final References:                   0                0                0 
[36.393s][info][gc,ref] GC(12) O: Phantom References:                 1                1                0 
[36.930s][info][gc,ref] GC(13) O:                           Encountered       Discovered Cleared/Enqueued 
[36.930s][info][gc,ref] GC(13) O: Soft References:                  238                0                0 
[36.930s][info][gc,ref] GC(13) O: Weak References:                 1014              603                0 
[36.930s][info][gc,ref] GC(13) O: Weak (No Queue):                    3                3                0 
[36.930s][info][gc,ref] GC(13) O: Weak Fields:                        0                0                0 
[36.930s][info][gc,ref] GC(13) O: Final References:                   0                0                0 
[36.930s][info][gc,ref] GC(13) O: Phantom References:                 1                1                0 
[37.457s][info][gc,ref] GC(14) O:                           Encountered       Discovered Cleared/Enqueued 
[37.458s][info][gc,ref] GC(14) O: Soft References:                  238                0                0 
[37.458s][info][gc,ref] GC(14) O: Weak References:                 1014              613                0 
[37.458s][info][gc,ref] GC(14) O: Weak (No Queue):                    3                0                0 
[37.458s][info][gc,ref] GC(14) O: Weak Fields:                        0                0                0 
[37.458s][info][gc,ref] GC(14) O: Final References:                   0                0                0 
[37.458s][info][gc,ref] GC(14) O: Phantom References:                 1                1                0 
[37.993s][info][gc,ref] GC(15) O:                           Encountered       Discovered Cleared/Enqueued 
[37.993s][info][gc,ref] GC(15) O: Soft References:                  238                0                0 
[37.993s][info][gc,ref] GC(15) O: Weak References:                 1014              730                0 
[37.993s][info][gc,ref] GC(15) O: Weak (No Queue):                    3                1                0 
[37.993s][info][gc,ref] GC(15) O: Weak Fields:                        0                0                0 
[37.993s][info][gc,ref] GC(15) O: Final References:                   0                0                0 
[37.993s][info][gc,ref] GC(15) O: Phantom References:                 1                1                0 
[38.531s][info][gc,ref] GC(16) O:                           Encountered       Discovered Cleared/Enqueued 
[38.531s][info][gc,ref] GC(16) O: Soft References:                  238                0                0 
[38.531s][info][gc,ref] GC(16) O: Weak References:                 1014              793                0 
[38.531s][info][gc,ref] GC(16) O: Weak (No Queue):                    3                0                0 
[38.531s][info][gc,ref] GC(16) O: Weak Fields:                        0                0                0 
[38.531s][info][gc,ref] GC(16) O: Final References:                   0                0                0 
[38.531s][info][gc,ref] GC(16) O: Phantom References:                 1                0                0 
[39.077s][info][gc,ref] GC(17) O:                           Encountered       Discovered Cleared/Enqueued 
[39.077s][info][gc,ref] GC(17) O: Soft References:                  238                0                0 
[39.077s][info][gc,ref] GC(17) O: Weak References:                 1014              314                0 
[39.077s][info][gc,ref] GC(17) O: Weak (No Queue):                    3                3                0 
[39.077s][info][gc,ref] GC(17) O: Weak Fields:                        0                0                0 
[39.077s][info][gc,ref] GC(17) O: Final References:                   0                0                0 
[39.077s][info][gc,ref] GC(17) O: Phantom References:                 1                1                0 
[39.615s][info][gc,ref] GC(18) O:                           Encountered       Discovered Cleared/Enqueued 
[39.615s][info][gc,ref] GC(18) O: Soft References:                  238                0                0 
[39.615s][info][gc,ref] GC(18) O: Weak References:                 1014              614                0 
[39.615s][info][gc,ref] GC(18) O: Weak (No Queue):                    3                0                0 
[39.615s][info][gc,ref] GC(18) O: Weak Fields:                        0                0                0 
[39.615s][info][gc,ref] GC(18) O: Final References:                   0                0                0 
[39.615s][info][gc,ref] GC(18) O: Phantom References:                 1                1                0 

=== Iteration 2 ===
Phase 1: Allocating references and objects...
[40.157s][info][gc,ref] GC(19) O:                           Encountered       Discovered Cleared/Enqueued 
[40.157s][info][gc,ref] GC(19) O: Soft References:                  238                0                0 
[40.157s][info][gc,ref] GC(19) O: Weak References:                 1014              626                0 
[40.157s][info][gc,ref] GC(19) O: Weak (No Queue):                    3                0                0 
[40.157s][info][gc,ref] GC(19) O: Weak Fields:                        0                0                0 
[40.157s][info][gc,ref] GC(19) O: Final References:                   0                0                0 
[40.157s][info][gc,ref] GC(19) O: Phantom References:                 1                1                0 
[41.259s][info][gc,ref] GC(20) O:                           Encountered       Discovered Cleared/Enqueued 
[41.259s][info][gc,ref] GC(20) O: Soft References:                  238                0                0 
[41.259s][info][gc,ref] GC(20) O: Weak References:               219350              617                0 
[41.259s][info][gc,ref] GC(20) O: Weak (No Queue):                    3                0                0 
[41.259s][info][gc,ref] GC(20) O: Weak Fields:                        0                0                0 
[41.259s][info][gc,ref] GC(20) O: Final References:                   0                0                0 
[41.259s][info][gc,ref] GC(20) O: Phantom References:                 1                1                0 
Allocated 7340009 objects in 1.97 seconds
Phase 2: Sleeping for 3000 ms...
Phase 3.1: Clearing strong references...
Cleared 1468002 strong references, 5872007 remaining
Waiting 3000 ms...
[45.575s][info][gc,ref] GC(21) O:                           Encountered       Discovered Cleared/Enqueued 
[45.575s][info][gc,ref] GC(21) O: Soft References:                  238                0                0 
[45.575s][info][gc,ref] GC(21) O: Weak References:               368015              514                0 
[45.575s][info][gc,ref] GC(21) O: Weak (No Queue):              6552644                3                0 
[45.575s][info][gc,ref] GC(21) O: Weak Fields:                        0                0                0 
[45.575s][info][gc,ref] GC(21) O: Final References:                   0                0                0 
[45.575s][info][gc,ref] GC(21) O: Phantom References:                 1                1                0 
Phase 3.2: Clearing strong references...
Cleared 1468002 strong references, 4404005 remaining
Waiting 3000 ms...
[50.553s][info][gc,ref] GC(22) O:                           Encountered       Discovered Cleared/Enqueued 
[50.553s][info][gc,ref] GC(22) O: Soft References:                  238                0                0 
[50.553s][info][gc,ref] GC(22) O: Weak References:               368015           181632            43555 
[50.553s][info][gc,ref] GC(22) O: Weak (No Queue):              6973011                3                0 
[50.553s][info][gc,ref] GC(22) O: Weak Fields:                        0                0                0 
[50.553s][info][gc,ref] GC(22) O: Final References:                   0                0                0 
[50.553s][info][gc,ref] GC(22) O: Phantom References:                 1                1                0 
Phase 3.3: Clearing strong references...
Cleared 1468002 strong references, 2936003 remaining
Waiting 3000 ms...
Phase 3.4: Clearing strong references...
Cleared 1468002 strong references, 1468001 remaining
Waiting 3000 ms...
[57.005s][info][gc,ref] GC(23) O:                           Encountered       Discovered Cleared/Enqueued 
[57.005s][info][gc,ref] GC(23) O: Soft References:                  238                0                0 
[57.005s][info][gc,ref] GC(23) O: Weak References:               324460           225303           102464 
[57.005s][info][gc,ref] GC(23) O: Weak (No Queue):              6973011          4793389          2621528 
[57.005s][info][gc,ref] GC(23) O: Weak Fields:                        0                0                0 
[57.005s][info][gc,ref] GC(23) O: Final References:                   0                0                0 
[57.005s][info][gc,ref] GC(23) O: Phantom References:                 1                1                0 
Phase 3.5: Clearing strong references...
Cleared 1468001 strong references, 0 remaining
Waiting 3000 ms...
Waiting 6000 ms...
[63.930s][info][gc,ref] GC(24) O:                           Encountered       Discovered Cleared/Enqueued 
[63.930s][info][gc,ref] GC(24) O: Soft References:                  238                0                0 
[63.930s][info][gc,ref] GC(24) O: Weak References:               221996           207633           147745 
[63.930s][info][gc,ref] GC(24) O: Weak (No Queue):              4351483          4089249          2956716 
[63.930s][info][gc,ref] GC(24) O: Weak Fields:                        0                0                0 
[63.930s][info][gc,ref] GC(24) O: Final References:                   0                0                0 
[63.930s][info][gc,ref] GC(24) O: Phantom References:                 1                1                0 
Phase 4: Final weak reference checks...
Final count of alive weak references: 1468001
References enqueued in ReferenceQueue: 293764
Cooling down for 5 seconds...
[69.159s][info][gc,ref] GC(25) O:                           Encountered       Discovered Cleared/Enqueued 
[69.159s][info][gc,ref] GC(25) O: Soft References:                  238                0                0 
[69.159s][info][gc,ref] GC(25) O: Weak References:                74251            74033                0 
[69.159s][info][gc,ref] GC(25) O: Weak (No Queue):              1394767          1394767                0 
[69.159s][info][gc,ref] GC(25) O: Weak Fields:                        0                0                0 
[69.159s][info][gc,ref] GC(25) O: Final References:                   0                0                0 
[69.159s][info][gc,ref] GC(25) O: Phantom References:                 1                1                0 
[69.715s][info][gc,ref] GC(26) O:                           Encountered       Discovered Cleared/Enqueued 
[69.715s][info][gc,ref] GC(26) O: Soft References:                  238                0                0 
[69.715s][info][gc,ref] GC(26) O: Weak References:                 1014              820                0 
[69.715s][info][gc,ref] GC(26) O: Weak (No Queue):                    3                0                0 
[69.715s][info][gc,ref] GC(26) O: Weak Fields:                        0                0                0 
[69.715s][info][gc,ref] GC(26) O: Final References:                   0                0                0 
[69.715s][info][gc,ref] GC(26) O: Phantom References:                 1                0                0 
[70.254s][info][gc,ref] GC(27) O:                           Encountered       Discovered Cleared/Enqueued 
[70.254s][info][gc,ref] GC(27) O: Soft References:                  238                0                0 
[70.254s][info][gc,ref] GC(27) O: Weak References:                 1014              321                0 
[70.254s][info][gc,ref] GC(27) O: Weak (No Queue):                    3                0                0 
[70.254s][info][gc,ref] GC(27) O: Weak Fields:                        0                0                0 
[70.254s][info][gc,ref] GC(27) O: Final References:                   0                0                0 
[70.254s][info][gc,ref] GC(27) O: Phantom References:                 1                0                0 
[70.787s][info][gc,ref] GC(28) O:                           Encountered       Discovered Cleared/Enqueued 
[70.787s][info][gc,ref] GC(28) O: Soft References:                  238                0                0 
[70.787s][info][gc,ref] GC(28) O: Weak References:                 1014              832                0 
[70.787s][info][gc,ref] GC(28) O: Weak (No Queue):                    3                0                0 
[70.787s][info][gc,ref] GC(28) O: Weak Fields:                        0                0                0 
[70.787s][info][gc,ref] GC(28) O: Final References:                   0                0                0 
[70.787s][info][gc,ref] GC(28) O: Phantom References:                 1                0                0 
[71.313s][info][gc,ref] GC(29) O:                           Encountered       Discovered Cleared/Enqueued 
[71.313s][info][gc,ref] GC(29) O: Soft References:                  238                0                0 
[71.313s][info][gc,ref] GC(29) O: Weak References:                 1014              809                0 
[71.313s][info][gc,ref] GC(29) O: Weak (No Queue):                    3                0                0 
[71.313s][info][gc,ref] GC(29) O: Weak Fields:                        0                0                0 
[71.313s][info][gc,ref] GC(29) O: Final References:                   0                0                0 
[71.313s][info][gc,ref] GC(29) O: Phantom References:                 1                1                0 
[71.840s][info][gc,ref] GC(30) O:                           Encountered       Discovered Cleared/Enqueued 
[71.840s][info][gc,ref] GC(30) O: Soft References:                  238                0                0 
[71.840s][info][gc,ref] GC(30) O: Weak References:                 1014              818                0 
[71.840s][info][gc,ref] GC(30) O: Weak (No Queue):                    3                0                0 
[71.840s][info][gc,ref] GC(30) O: Weak Fields:                        0                0                0 
[71.840s][info][gc,ref] GC(30) O: Final References:                   0                0                0 
[71.840s][info][gc,ref] GC(30) O: Phantom References:                 1                0                0 
[72.376s][info][gc,ref] GC(31) O:                           Encountered       Discovered Cleared/Enqueued 
[72.376s][info][gc,ref] GC(31) O: Soft References:                  238                0                0 
[72.376s][info][gc,ref] GC(31) O: Weak References:                 1014              318                0 
[72.376s][info][gc,ref] GC(31) O: Weak (No Queue):                    3                0                0 
[72.376s][info][gc,ref] GC(31) O: Weak Fields:                        0                0                0 
[72.376s][info][gc,ref] GC(31) O: Final References:                   0                0                0 
[72.376s][info][gc,ref] GC(31) O: Phantom References:                 1                1                0 
[72.902s][info][gc,ref] GC(32) O:                           Encountered       Discovered Cleared/Enqueued 
[72.902s][info][gc,ref] GC(32) O: Soft References:                  238                0                0 
[72.902s][info][gc,ref] GC(32) O: Weak References:                 1014              578                0 
[72.902s][info][gc,ref] GC(32) O: Weak (No Queue):                    3                0                0 
[72.902s][info][gc,ref] GC(32) O: Weak Fields:                        0                0                0 
[72.902s][info][gc,ref] GC(32) O: Final References:                   0                0                0 
[72.902s][info][gc,ref] GC(32) O: Phantom References:                 1                1                0 

=== Iteration 3 ===
Phase 1: Allocating references and objects...
[73.446s][info][gc,ref] GC(33) O:                           Encountered       Discovered Cleared/Enqueued 
[73.446s][info][gc,ref] GC(33) O: Soft References:                  238                0                0 
[73.446s][info][gc,ref] GC(33) O: Weak References:                 1014              589                0 
[73.446s][info][gc,ref] GC(33) O: Weak (No Queue):                    3                0                0 
[73.446s][info][gc,ref] GC(33) O: Weak Fields:                        0                0                0 
[73.446s][info][gc,ref] GC(33) O: Final References:                   0                0                0 
[73.446s][info][gc,ref] GC(33) O: Phantom References:                 1                1                0 
Allocated 7340009 objects in 1.80 seconds
Phase 2: Sleeping for 3000 ms...
[75.001s][info][gc,ref] GC(34) O:                           Encountered       Discovered Cleared/Enqueued 
[75.001s][info][gc,ref] GC(34) O: Soft References:                  238                0                0 
[75.001s][info][gc,ref] GC(34) O: Weak References:               368015              715                0 
[75.001s][info][gc,ref] GC(34) O: Weak (No Queue):               183304                0                0 
[75.001s][info][gc,ref] GC(34) O: Weak Fields:                        0                0                0 
[75.001s][info][gc,ref] GC(34) O: Final References:                   0                0                0 
[75.001s][info][gc,ref] GC(34) O: Phantom References:                 1                1                0 
Phase 3.1: Clearing strong references...
Cleared 1468002 strong references, 5872007 remaining
Waiting 3000 ms...
[79.583s][info][gc,ref] GC(35) O:                           Encountered       Discovered Cleared/Enqueued 
[79.583s][info][gc,ref] GC(35) O: Soft References:                  238                0                0 
[79.583s][info][gc,ref] GC(35) O: Weak References:               368015              492                0 
[79.583s][info][gc,ref] GC(35) O: Weak (No Queue):              6973011                3                0 
[79.583s][info][gc,ref] GC(35) O: Weak Fields:                        0                0                0 
[79.583s][info][gc,ref] GC(35) O: Final References:                   0                0                0 
[79.583s][info][gc,ref] GC(35) O: Phantom References:                 1                1                0 
Phase 3.2: Clearing strong references...
Cleared 1468002 strong references, 4404005 remaining
Waiting 3000 ms...
Phase 3.3: Clearing strong references...
[84.648s][info][gc,ref] GC(36) O:                           Encountered       Discovered Cleared/Enqueued 
[84.648s][info][gc,ref] GC(36) O: Soft References:                  238                0                0 
[84.648s][info][gc,ref] GC(36) O: Weak References:               368015           331687            73779 
[84.648s][info][gc,ref] GC(36) O: Weak (No Queue):              6973011           165290            36826 
[84.648s][info][gc,ref] GC(36) O: Weak Fields:                        0                0                0 
[84.648s][info][gc,ref] GC(36) O: Final References:                   0                0                0 
[84.648s][info][gc,ref] GC(36) O: Phantom References:                 1                1                0 
Cleared 1468002 strong references, 2936003 remaining
Waiting 3000 ms...
Phase 3.4: Clearing strong references...
Cleared 1468002 strong references, 1468001 remaining
Waiting 3000 ms...
[90.963s][info][gc,ref] GC(37) O:                           Encountered       Discovered Cleared/Enqueued 
[90.963s][info][gc,ref] GC(37) O: Soft References:                  238                0                0 
[90.963s][info][gc,ref] GC(37) O: Weak References:               294236           257912           146611 
[90.963s][info][gc,ref] GC(37) O: Weak (No Queue):              6936185          6252386          4146790 
[90.963s][info][gc,ref] GC(37) O: Weak Fields:                        0                0                0 
[90.963s][info][gc,ref] GC(37) O: Final References:                   0                0                0 
[90.963s][info][gc,ref] GC(37) O: Phantom References:                 1                1                0 
Phase 3.5: Clearing strong references...
Cleared 1468001 strong references, 0 remaining
Waiting 3000 ms...
Waiting 6000 ms...
[96.886s][info][gc,ref] GC(38) O:                           Encountered       Discovered Cleared/Enqueued 
[96.886s][info][gc,ref] GC(38) O: Soft References:                  238                0                0 
[96.886s][info][gc,ref] GC(38) O: Weak References:               147625           146728           146611 
[96.886s][info][gc,ref] GC(38) O: Weak (No Queue):              2789395          2789393          2789392 
[96.886s][info][gc,ref] GC(38) O: Weak Fields:                        0                0                0 
[96.886s][info][gc,ref] GC(38) O: Final References:                   0                0                0 
[96.886s][info][gc,ref] GC(38) O: Phantom References:                 1                0                0 
Phase 4: Final weak reference checks...
Final count of alive weak references: 0
References enqueued in ReferenceQueue: 367001
Cooling down for 5 seconds...
[101.140s][info][gc,ref] GC(39) O:                           Encountered       Discovered Cleared/Enqueued 
[101.140s][info][gc,ref] GC(39) O: Soft References:                  238                0                0 
[101.140s][info][gc,ref] GC(39) O: Weak References:                 1014              635                0 
[101.140s][info][gc,ref] GC(39) O: Weak (No Queue):                    3                3                0 
[101.140s][info][gc,ref] GC(39) O: Weak Fields:                        0                0                0 
[101.140s][info][gc,ref] GC(39) O: Final References:                   0                0                0 
[101.140s][info][gc,ref] GC(39) O: Phantom References:                 1                1                0 
[101.689s][info][gc,ref] GC(40) O:                           Encountered       Discovered Cleared/Enqueued 
[101.689s][info][gc,ref] GC(40) O: Soft References:                  238                0                0 
[101.689s][info][gc,ref] GC(40) O: Weak References:                 1014              719                0 
[101.689s][info][gc,ref] GC(40) O: Weak (No Queue):                    3                1                0 
[101.689s][info][gc,ref] GC(40) O: Weak Fields:                        0                0                0 
[101.689s][info][gc,ref] GC(40) O: Final References:                   0                0                0 
[101.689s][info][gc,ref] GC(40) O: Phantom References:                 1                1                0 
[102.213s][info][gc,ref] GC(41) O:                           Encountered       Discovered Cleared/Enqueued 
[102.213s][info][gc,ref] GC(41) O: Soft References:                  238                0                0 
[102.213s][info][gc,ref] GC(41) O: Weak References:                 1014              285                0 
[102.213s][info][gc,ref] GC(41) O: Weak (No Queue):                    3                0                0 
[102.213s][info][gc,ref] GC(41) O: Weak Fields:                        0                0                0 
[102.213s][info][gc,ref] GC(41) O: Final References:                   0                0                0 
[102.213s][info][gc,ref] GC(41) O: Phantom References:                 1                0                0 
[102.738s][info][gc,ref] GC(42) O:                           Encountered       Discovered Cleared/Enqueued 
[102.738s][info][gc,ref] GC(42) O: Soft References:                  238                0                0 
[102.738s][info][gc,ref] GC(42) O: Weak References:                 1014              807                0 
[102.738s][info][gc,ref] GC(42) O: Weak (No Queue):                    3                0                0 
[102.738s][info][gc,ref] GC(42) O: Weak Fields:                        0                0                0 
[102.738s][info][gc,ref] GC(42) O: Final References:                   0                0                0 
[102.738s][info][gc,ref] GC(42) O: Phantom References:                 1                1                0 
[103.263s][info][gc,ref] GC(43) O:                           Encountered       Discovered Cleared/Enqueued 
[103.263s][info][gc,ref] GC(43) O: Soft References:                  238                0                0 
[103.263s][info][gc,ref] GC(43) O: Weak References:                 1014              593                0 
[103.263s][info][gc,ref] GC(43) O: Weak (No Queue):                    3                0                0 
[103.263s][info][gc,ref] GC(43) O: Weak Fields:                        0                0                0 
[103.263s][info][gc,ref] GC(43) O: Final References:                   0                0                0 
[103.263s][info][gc,ref] GC(43) O: Phantom References:                 1                1                0 
[103.790s][info][gc,ref] GC(44) O:                           Encountered       Discovered Cleared/Enqueued 
[103.790s][info][gc,ref] GC(44) O: Soft References:                  238                0                0 
[103.790s][info][gc,ref] GC(44) O: Weak References:                 1014              819                0 
[103.790s][info][gc,ref] GC(44) O: Weak (No Queue):                    3                0                0 
[103.790s][info][gc,ref] GC(44) O: Weak Fields:                        0                0                0 
[103.790s][info][gc,ref] GC(44) O: Final References:                   0                0                0 
[103.790s][info][gc,ref] GC(44) O: Phantom References:                 1                0                0 
[104.315s][info][gc,ref] GC(45) O:                           Encountered       Discovered Cleared/Enqueued 
[104.315s][info][gc,ref] GC(45) O: Soft References:                  238                0                0 
[104.315s][info][gc,ref] GC(45) O: Weak References:                 1014              582                0 
[104.315s][info][gc,ref] GC(45) O: Weak (No Queue):                    3                0                0 
[104.315s][info][gc,ref] GC(45) O: Weak Fields:                        0                0                0 
[104.315s][info][gc,ref] GC(45) O: Final References:                   0                0                0 
[104.315s][info][gc,ref] GC(45) O: Phantom References:                 1                1                0 
[104.841s][info][gc,ref] GC(46) O:                           Encountered       Discovered Cleared/Enqueued 
[104.841s][info][gc,ref] GC(46) O: Soft References:                  238                0                0 
[104.841s][info][gc,ref] GC(46) O: Weak References:                 1014              819                0 
[104.841s][info][gc,ref] GC(46) O: Weak (No Queue):                    3                0                0 
[104.841s][info][gc,ref] GC(46) O: Weak Fields:                        0                0                0 
[104.841s][info][gc,ref] GC(46) O: Final References:                   0                0                0 
[104.841s][info][gc,ref] GC(46) O: Phantom References:                 1                0                0 
[105.368s][info][gc,ref] GC(47) O:                           Encountered       Discovered Cleared/Enqueued 
[105.368s][info][gc,ref] GC(47) O: Soft References:                  238                0                0 
[105.368s][info][gc,ref] GC(47) O: Weak References:                 1014              932                0 
[105.368s][info][gc,ref] GC(47) O: Weak (No Queue):                    3                0                0 
[105.368s][info][gc,ref] GC(47) O: Weak Fields:                        0                0                0 
[105.368s][info][gc,ref] GC(47) O: Final References:                   0                0                0 
[105.368s][info][gc,ref] GC(47) O: Phantom References:                 1                1                0 
[105.769s][info][gc,stats] === Garbage Collection Statistics =======================================================================================================================
[105.769s][info][gc,stats]                                                              Last 10s              Last 10m              Last 10h                Total
[105.769s][info][gc,stats]                                                              Avg / Max             Avg / Max             Avg / Max             Avg / Max
[105.769s][info][gc,stats]        Contention: Mark Segment Reset Contention                     0 / 1                 0 / 17                0 / 17                0 / 17          ops/s
[105.769s][info][gc,stats]        Contention: Mark SeqNum Reset Contention                      0 / 0                 0 / 6                 0 / 6                 0 / 6           ops/s
[105.769s][info][gc,stats]          Critical: Allocation Stall                                  0 / 0                 0 / 0                 0 / 0                 0 / 0           ops/s
[105.769s][info][gc,stats]          Critical: Allocation Stall                              0.000 / 0.000         0.000 / 0.000         0.000 / 0.000         0.000 / 0.000       ms
[105.769s][info][gc,stats]          Critical: JNI Critical Stall                                0 / 0                 0 / 0                 0 / 0                 0 / 0           ops/s
[105.769s][info][gc,stats]          Critical: JNI Critical Stall                            0.000 / 0.000         0.000 / 0.000         0.000 / 0.000         0.000 / 0.000       ms
[105.769s][info][gc,stats]          Critical: Relocation Stall                                  0 / 0                 0 / 0                 0 / 0                 0 / 0           ops/s
[105.769s][info][gc,stats]          Critical: Relocation Stall                              0.000 / 0.000         0.000 / 0.000         0.000 / 0.000         0.000 / 0.000       ms
[105.769s][info][gc,stats]  Major Collection: Major Collection                           1166.747 / 5414.715   1734.457 / 6555.047   1734.457 / 6555.047   1734.457 / 6555.047    ms
[105.769s][info][gc,stats]            Memory: Allocation Rate                                   0 / 2               195 / 5884            195 / 5884            195 / 5884        MB/s
[105.769s][info][gc,stats]            Memory: Defragment                                        0 / 0                 0 / 0                 0 / 0                 0 / 0           ops/s
[105.769s][info][gc,stats]            Memory: Mapped Cache Harvest                              0 / 0                 0 / 0                 0 / 0                 0 / 0           MB/s
[105.769s][info][gc,stats]            Memory: Out Of Memory                                     0 / 0                 0 / 0                 0 / 0                 0 / 0           ops/s
[105.769s][info][gc,stats]            Memory: Uncommit                                          0 / 0                 0 / 0                 0 / 0                 0 / 0           MB/s
[105.769s][info][gc,stats]            Memory: Undo Object Allocation Failed                     0 / 0                 0 / 0                 0 / 0                 0 / 0           ops/s
[105.769s][info][gc,stats]            Memory: Undo Object Allocation Succeeded                  0 / 0                 0 / 0                 0 / 0                 0 / 0           ops/s
[105.769s][info][gc,stats]            Memory: Undo Page Allocation                              0 / 0                 0 / 0                 0 / 0                 0 / 0           ops/s
[105.769s][info][gc,stats]  Minor Collection: Minor Collection                              0.000 / 0.000         0.000 / 0.000         0.000 / 0.000         0.000 / 0.000       ms
[105.769s][info][gc,stats]    Old Generation: Old Generation                             1146.307 / 5304.537   1161.221 / 6445.380   1161.221 / 6445.380   1161.221 / 6445.380    ms
[105.769s][info][gc,stats]         Old Pause: Pause Mark End                                0.012 / 0.014         0.012 / 0.015         0.012 / 0.015         0.012 / 0.015       ms
[105.769s][info][gc,stats]         Old Pause: Pause Relocate Start                          0.008 / 0.012         0.010 / 0.014         0.010 / 0.014         0.010 / 0.014       ms
[105.769s][info][gc,stats]         Old Phase: Concurrent Mark                            1051.825 / 4612.397    976.240 / 5311.553    976.240 / 5311.553    976.240 / 5311.553    ms
[105.769s][info][gc,stats]         Old Phase: Concurrent Mark Continue                      0.000 / 0.000         0.000 / 0.000         0.000 / 0.000         0.000 / 0.000       ms
[105.769s][info][gc,stats]         Old Phase: Concurrent Mark Free                          0.003 / 0.007         0.004 / 0.007         0.004 / 0.007         0.004 / 0.007       ms
[105.769s][info][gc,stats]         Old Phase: Concurrent Process Non-Strong                21.622 / 160.640      47.421 / 420.547      47.421 / 420.547      47.421 / 420.547     ms
[105.769s][info][gc,stats]         Old Phase: Concurrent Relocate                          62.180 / 482.066     105.059 / 861.818     105.059 / 861.818     105.059 / 861.818     ms
[105.769s][info][gc,stats]         Old Phase: Concurrent Remap Roots                        3.766 / 25.899       21.039 / 102.193      21.039 / 102.193      21.039 / 102.193     ms
[105.769s][info][gc,stats]         Old Phase: Concurrent Reset Relocation Set               0.031 / 0.179         0.022 / 0.235         0.022 / 0.235         0.022 / 0.235       ms
[105.769s][info][gc,stats]         Old Phase: Concurrent Select Relocation Set              6.718 / 22.921       11.148 / 100.709      11.148 / 100.709      11.148 / 100.709     ms
[105.769s][info][gc,stats]      Old Subphase: Concurrent Classes Purge                      0.004 / 0.005         0.019 / 0.200         0.019 / 0.200         0.019 / 0.200       ms
[105.769s][info][gc,stats]      Old Subphase: Concurrent Classes Unlink                     1.410 / 1.559         1.431 / 2.004         1.431 / 2.004         1.431 / 2.004       ms
[105.769s][info][gc,stats]      Old Subphase: Concurrent Mark Follow                     1051.688 / 4612.234    976.077 / 5311.352    976.077 / 5311.352    976.077 / 5311.352    ms
[105.769s][info][gc,stats]      Old Subphase: Concurrent Mark Root Colored                  0.045 / 0.102         0.034 / 0.102         0.034 / 0.102         0.034 / 0.102       ms
[105.769s][info][gc,stats]      Old Subphase: Concurrent Mark Root Uncolored                0.020 / 0.052         0.031 / 0.282         0.031 / 0.282         0.031 / 0.282       ms
[105.769s][info][gc,stats]      Old Subphase: Concurrent Mark Roots                         0.132 / 0.208         0.160 / 0.430         0.160 / 0.430         0.160 / 0.430       ms
[105.769s][info][gc,stats]      Old Subphase: Concurrent References Enqueue                 0.001 / 0.003         0.001 / 0.005         0.001 / 0.005         0.001 / 0.005       ms
[105.769s][info][gc,stats]      Old Subphase: Concurrent References Process                19.902 / 158.593      45.526 / 418.534      45.526 / 418.534      45.526 / 418.534     ms
[105.769s][info][gc,stats]      Old Subphase: Concurrent Remap Remembered                   3.396 / 25.291       16.351 / 101.529      16.351 / 101.529      16.351 / 101.529     ms
[105.769s][info][gc,stats]      Old Subphase: Concurrent Remap Roots Colored                0.053 / 0.133         0.146 / 0.500         0.146 / 0.500         0.146 / 0.500       ms
[105.769s][info][gc,stats]      Old Subphase: Concurrent Remap Roots Uncolored              0.236 / 0.320         0.227 / 0.353         0.227 / 0.353         0.227 / 0.353       ms
[105.769s][info][gc,stats]      Old Subphase: Concurrent Roots ClassLoaderDataGraph         0.037 / 0.087         0.090 / 0.463         0.090 / 0.463         0.090 / 0.463       ms
[105.769s][info][gc,stats]      Old Subphase: Concurrent Roots CodeCache                    0.234 / 0.317         0.225 / 0.351         0.225 / 0.351         0.225 / 0.351       ms
[105.769s][info][gc,stats]      Old Subphase: Concurrent Roots JavaThreads                  0.008 / 0.052         0.012 / 0.282         0.012 / 0.282         0.012 / 0.282       ms
[105.769s][info][gc,stats]      Old Subphase: Concurrent Roots OopStorageSet                0.006 / 0.021         0.005 / 0.021         0.005 / 0.021         0.005 / 0.021       ms
[105.769s][info][gc,stats]      Old Subphase: Concurrent Weak Roots OopStorageSet           0.084 / 0.193         0.085 / 0.213         0.085 / 0.213         0.085 / 0.213       ms
[105.769s][info][gc,stats]            System: Java Threads                                     11 / 11               11 / 13               11 / 13               11 / 13          threads
[105.769s][info][gc,stats]  Young Generation: Young Generation                              6.965 / 33.874      561.008 / 4131.670    561.008 / 4131.670    561.008 / 4131.670    ms
[105.769s][info][gc,stats]  Young Generation: Young Generation                              0.000 / 0.000         0.000 / 0.000         0.000 / 0.000         0.000 / 0.000       ms
[105.769s][info][gc,stats]  Young Generation: Young Generation (Collect Roots)              0.000 / 0.000         0.000 / 0.000         0.000 / 0.000         0.000 / 0.000       ms
[105.769s][info][gc,stats]  Young Generation: Young Generation (Promote All)                0.000 / 0.000         0.000 / 0.000         0.000 / 0.000         0.000 / 0.000       ms
[105.769s][info][gc,stats]       Young Pause: Pause Mark End                                0.010 / 0.012         0.011 / 0.014         0.011 / 0.014         0.011 / 0.014       ms
[105.769s][info][gc,stats]       Young Pause: Pause Mark Start                              0.000 / 0.000         0.000 / 0.000         0.000 / 0.000         0.000 / 0.000       ms
[105.769s][info][gc,stats]       Young Pause: Pause Mark Start (Major)                      0.017 / 0.031         0.015 / 0.031         0.015 / 0.031         0.015 / 0.031       ms
[105.769s][info][gc,stats]       Young Pause: Pause Relocate Start                          0.006 / 0.008         0.008 / 0.014         0.008 / 0.014         0.008 / 0.014       ms
[105.769s][info][gc,stats]       Young Phase: Concurrent Mark                               6.377 / 33.381      501.491 / 3728.977    501.491 / 3728.977    501.491 / 3728.977    ms
[105.769s][info][gc,stats]       Young Phase: Concurrent Mark Continue                      0.000 / 0.000         0.000 / 0.000         0.000 / 0.000         0.000 / 0.000       ms
[105.769s][info][gc,stats]       Young Phase: Concurrent Mark Free                          0.001 / 0.001         0.002 / 0.007         0.002 / 0.007         0.002 / 0.007       ms
[105.769s][info][gc,stats]       Young Phase: Concurrent Relocate                           0.041 / 0.087        34.215 / 387.419      34.215 / 387.419      34.215 / 387.419     ms
[105.769s][info][gc,stats]       Young Phase: Concurrent Reset Relocation Set               0.000 / 0.000         0.069 / 1.017         0.069 / 1.017         0.069 / 1.017       ms
[105.769s][info][gc,stats]       Young Phase: Concurrent Select Relocation Set              0.234 / 0.638        24.778 / 288.697      24.778 / 288.697      24.778 / 288.697     ms
[105.769s][info][gc,stats]    Young Subphase: Concurrent Mark Follow                        5.304 / 32.305      500.384 / 3727.863    500.384 / 3727.863    500.384 / 3727.863    ms
[105.769s][info][gc,stats]    Young Subphase: Concurrent Mark Root Colored                  0.671 / 0.748         0.678 / 0.968         0.678 / 0.968         0.678 / 0.968       ms
[105.769s][info][gc,stats]    Young Subphase: Concurrent Mark Root Uncolored                0.264 / 0.336         0.262 / 0.384         0.262 / 0.384         0.262 / 0.384       ms
[105.769s][info][gc,stats]    Young Subphase: Concurrent Mark Roots                         1.070 / 1.161         1.104 / 1.440         1.104 / 1.440         1.104 / 1.440       ms
[105.769s][info][gc,stats]    Young Subphase: Concurrent Relocate Remset FP                 0.009 / 0.012        33.999 / 387.275      33.999 / 387.275      33.999 / 387.275     ms
[105.769s][info][gc,stats]    Young Subphase: Concurrent Roots ClassLoaderDataGraph         0.571 / 0.596         0.570 / 0.755         0.570 / 0.755         0.570 / 0.755       ms
[105.769s][info][gc,stats]    Young Subphase: Concurrent Roots CodeCache                    0.235 / 0.294         0.231 / 0.316         0.231 / 0.316         0.231 / 0.316       ms
[105.769s][info][gc,stats]    Young Subphase: Concurrent Roots JavaThreads                  0.015 / 0.046         0.020 / 0.383         0.020 / 0.383         0.020 / 0.383       ms
[105.769s][info][gc,stats]    Young Subphase: Concurrent Roots OopStorageSet                0.007 / 0.007         0.025 / 0.378         0.025 / 0.378         0.025 / 0.378       ms
[105.769s][info][gc,stats]    Young Subphase: Concurrent Weak Roots OopStorageSet           0.096 / 0.161         0.104 / 0.258         0.104 / 0.258         0.104 / 0.258       ms
[105.769s][info][gc,stats] =========================================================================================================================================================
