
=== RUN 47/80 (GA clear_path_only) ===

[0.029s][info][gc,ref] Reference Processor created, Macros: ZUseSeparateDiscoveredLists=0, ZUseDynamicArray=0, ZUseOptimisedClearPath=1
[1.835s][info][gc,ref] GC(0) O:                           Encountered       Discovered Cleared/Enqueued 
[1.835s][info][gc,ref] GC(0) O: Soft References:                    0                0                0 
[1.835s][info][gc,ref] GC(0) O: Weak References:                    0                0                0 
[1.835s][info][gc,ref] GC(0) O: Weak (No Queue):                    0                0                0 
[1.835s][info][gc,ref] GC(0) O: Weak Fields:                        0                0                0 
[1.835s][info][gc,ref] GC(0) O: Final References:                   0                0                0 
[1.835s][info][gc,ref] GC(0) O: Phantom References:                 0                0                0 
[2.358s][info][gc,ref] GC(1) O:                           Encountered       Discovered Cleared/Enqueued 
[2.358s][info][gc,ref] GC(1) O: Soft References:                  141                0                0 
[2.358s][info][gc,ref] GC(1) O: Weak References:                  588                0                0 
[2.358s][info][gc,ref] GC(1) O: Weak (No Queue):                    3                0                0 
[2.358s][info][gc,ref] GC(1) O: Weak Fields:                        0                0                0 
[2.358s][info][gc,ref] GC(1) O: Final References:                   0                0                0 
[2.358s][info][gc,ref] GC(1) O: Phantom References:                 1                0                0 
[2.881s][info][gc,ref] GC(2) O:                           Encountered       Discovered Cleared/Enqueued 
[2.881s][info][gc,ref] GC(2) O: Soft References:                  160                0                0 
[2.881s][info][gc,ref] GC(2) O: Weak References:                  755                0                0 
[2.881s][info][gc,ref] GC(2) O: Weak (No Queue):                    3                0                0 
[2.881s][info][gc,ref] GC(2) O: Weak Fields:                        0                0                0 
[2.881s][info][gc,ref] GC(2) O: Final References:                   0                0                0 
[2.881s][info][gc,ref] GC(2) O: Phantom References:                 1                0                0 
WeakRefMultiObjectBenchmark: objects=7340009 minSize=509 maxSize=1097 sleepMillis=3000 iterations=3

=== Iteration 1 ===
Phase 1: Allocating references and objects...
[3.435s][info][gc,ref] GC(3) O:                           Encountered       Discovered Cleared/Enqueued 
[3.435s][info][gc,ref] GC(3) O: Soft References:                  238                0                0 
[3.435s][info][gc,ref] GC(3) O: Weak References:                 1349              379              121 
[3.435s][info][gc,ref] GC(3) O: Weak (No Queue):                    3                2                0 
[3.435s][info][gc,ref] GC(3) O: Weak Fields:                        0                0                0 
[3.435s][info][gc,ref] GC(3) O: Final References:                   0                0                0 
[3.435s][info][gc,ref] GC(3) O: Phantom References:                 1                0                0 
[4.147s][info][gc,ref] GC(4) O:                           Encountered       Discovered Cleared/Enqueued 
[4.147s][info][gc,ref] GC(4) O: Soft References:                  238                0                0 
[4.147s][info][gc,ref] GC(4) O: Weak References:                 1228              454               47 
[4.147s][info][gc,ref] GC(4) O: Weak (No Queue):                    3                3                0 
[4.147s][info][gc,ref] GC(4) O: Weak Fields:                        0                0                0 
[4.147s][info][gc,ref] GC(4) O: Final References:                   0                0                0 
[4.147s][info][gc,ref] GC(4) O: Phantom References:                 1                1                0 
[5.438s][info][gc,ref] GC(5) O:                           Encountered       Discovered Cleared/Enqueued 
[5.438s][info][gc,ref] GC(5) O: Soft References:                  238                0                0 
[5.438s][info][gc,ref] GC(5) O: Weak References:               368182              247              167 
[5.438s][info][gc,ref] GC(5) O: Weak (No Queue):               926246                3                0 
[5.438s][info][gc,ref] GC(5) O: Weak Fields:                        0                0                0 
[5.438s][info][gc,ref] GC(5) O: Final References:                   0                0                0 
[5.438s][info][gc,ref] GC(5) O: Phantom References:                 1                1                0 
Allocated 7340009 objects in 4.33 seconds
Phase 2: Sleeping for 3000 ms...
[8.369s][info][gc,ref] GC(6) O:                           Encountered       Discovered Cleared/Enqueued 
[8.369s][info][gc,ref] GC(6) O: Soft References:                  238                0                0 
[8.369s][info][gc,ref] GC(6) O: Weak References:               368015              247                0 
[8.369s][info][gc,ref] GC(6) O: Weak (No Queue):              3616374                0                0 
[8.369s][info][gc,ref] GC(6) O: Weak Fields:                        0                0                0 
[8.369s][info][gc,ref] GC(6) O: Final References:                   0                0                0 
[8.369s][info][gc,ref] GC(6) O: Phantom References:                 1                1                0 
Phase 3.1: Clearing strong references...
Cleared 1468002 strong references, 5872007 remaining
Waiting 3000 ms...
[13.389s][info][gc,ref] GC(7) O:                           Encountered       Discovered Cleared/Enqueued 
[13.389s][info][gc,ref] GC(7) O: Soft References:                  238                0                0 
[13.389s][info][gc,ref] GC(7) O: Weak References:               368015           101431                0 
[13.389s][info][gc,ref] GC(7) O: Weak (No Queue):              6973011           254640                0 
[13.389s][info][gc,ref] GC(7) O: Weak Fields:                        0                0                0 
[13.389s][info][gc,ref] GC(7) O: Final References:                   0                0                0 
[13.389s][info][gc,ref] GC(7) O: Phantom References:                 1                1                0 
Phase 3.2: Clearing strong references...
Cleared 1468002 strong references, 4404005 remaining
Waiting 3000 ms...
Phase 3.3: Clearing strong references...
Cleared 1468002 strong references, 2936003 remaining
Waiting 3000 ms...
[19.356s][info][gc,ref] GC(8) O:                           Encountered       Discovered Cleared/Enqueued 
[19.356s][info][gc,ref] GC(8) O: Soft References:                  238                0                0 
[19.356s][info][gc,ref] GC(8) O: Weak References:               368015           266292            73247 
[19.356s][info][gc,ref] GC(8) O: Weak (No Queue):              6973011          2620374           723305 
[19.356s][info][gc,ref] GC(8) O: Weak Fields:                        0                0                0 
[19.356s][info][gc,ref] GC(8) O: Final References:                   0                0                0 
[19.356s][info][gc,ref] GC(8) O: Phantom References:                 1                1                0 
Phase 3.4: Clearing strong references...
Cleared 1468002 strong references, 1468001 remaining
Waiting 3000 ms...
Phase 3.5: Clearing strong references...
Cleared 1468001 strong references, 0 remaining
Waiting 3000 ms...
[26.652s][info][gc,ref] GC(9) O:                           Encountered       Discovered Cleared/Enqueued 
[26.652s][info][gc,ref] GC(9) O: Soft References:                  238                0                0 
[26.652s][info][gc,ref] GC(9) O: Weak References:               294768           256171           146224 
[26.652s][info][gc,ref] GC(9) O: Weak (No Queue):              6249706          5528745          3461230 
[26.652s][info][gc,ref] GC(9) O: Weak Fields:                        0                0                0 
[26.652s][info][gc,ref] GC(9) O: Final References:                   0                0                0 
[26.652s][info][gc,ref] GC(9) O: Phantom References:                 1                0                0 
Waiting 6000 ms...
[32.679s][info][gc,ref] GC(10) O:                           Encountered       Discovered Cleared/Enqueued 
[32.679s][info][gc,ref] GC(10) O: Soft References:                  238                0                0 
[32.679s][info][gc,ref] GC(10) O: Weak References:               148544           147722           147530 
[32.679s][info][gc,ref] GC(10) O: Weak (No Queue):              2788476          2788476          2788473 
[32.679s][info][gc,ref] GC(10) O: Weak Fields:                        0                0                0 
[32.679s][info][gc,ref] GC(10) O: Final References:                   0                0                0 
[32.679s][info][gc,ref] GC(10) O: Phantom References:                 1                0                0 
Phase 4: Final weak reference checks...
Final count of alive weak references: 0
References enqueued in ReferenceQueue: 367001
Cooling down for 5 seconds...
[35.982s][info][gc,ref] GC(11) O:                           Encountered       Discovered Cleared/Enqueued 
[35.982s][info][gc,ref] GC(11) O: Soft References:                  238                0                0 
[35.982s][info][gc,ref] GC(11) O: Weak References:                 1014               11                0 
[35.982s][info][gc,ref] GC(11) O: Weak (No Queue):                    3                3                0 
[35.982s][info][gc,ref] GC(11) O: Weak Fields:                        0                0                0 
[35.982s][info][gc,ref] GC(11) O: Final References:                   0                0                0 
[35.982s][info][gc,ref] GC(11) O: Phantom References:                 1                1                0 
[36.522s][info][gc,ref] GC(12) O:                           Encountered       Discovered Cleared/Enqueued 
[36.522s][info][gc,ref] GC(12) O: Soft References:                  238                0                0 
[36.522s][info][gc,ref] GC(12) O: Weak References:                 1014               21                0 
[36.522s][info][gc,ref] GC(12) O: Weak (No Queue):                    3                3                0 
[36.522s][info][gc,ref] GC(12) O: Weak Fields:                        0                0                0 
[36.522s][info][gc,ref] GC(12) O: Final References:                   0                0                0 
[36.522s][info][gc,ref] GC(12) O: Phantom References:                 1                0                0 
[37.058s][info][gc,ref] GC(13) O:                           Encountered       Discovered Cleared/Enqueued 
[37.058s][info][gc,ref] GC(13) O: Soft References:                  238                0                0 
[37.058s][info][gc,ref] GC(13) O: Weak References:                 1014               30                0 
[37.058s][info][gc,ref] GC(13) O: Weak (No Queue):                    3                3                0 
[37.058s][info][gc,ref] GC(13) O: Weak Fields:                        0                0                0 
[37.058s][info][gc,ref] GC(13) O: Final References:                   0                0                0 
[37.058s][info][gc,ref] GC(13) O: Phantom References:                 1                0                0 
[37.589s][info][gc,ref] GC(14) O:                           Encountered       Discovered Cleared/Enqueued 
[37.589s][info][gc,ref] GC(14) O: Soft References:                  238                0                0 
[37.589s][info][gc,ref] GC(14) O: Weak References:                 1014                3                0 
[37.589s][info][gc,ref] GC(14) O: Weak (No Queue):                    3                3                0 
[37.589s][info][gc,ref] GC(14) O: Weak Fields:                        0                0                0 
[37.589s][info][gc,ref] GC(14) O: Final References:                   0                0                0 
[37.589s][info][gc,ref] GC(14) O: Phantom References:                 1                0                0 
[38.123s][info][gc,ref] GC(15) O:                           Encountered       Discovered Cleared/Enqueued 
[38.123s][info][gc,ref] GC(15) O: Soft References:                  238                0                0 
[38.123s][info][gc,ref] GC(15) O: Weak References:                 1014                3                0 
[38.123s][info][gc,ref] GC(15) O: Weak (No Queue):                    3                3                0 
[38.123s][info][gc,ref] GC(15) O: Weak Fields:                        0                0                0 
[38.123s][info][gc,ref] GC(15) O: Final References:                   0                0                0 
[38.123s][info][gc,ref] GC(15) O: Phantom References:                 1                1                0 
[38.660s][info][gc,ref] GC(16) O:                           Encountered       Discovered Cleared/Enqueued 
[38.660s][info][gc,ref] GC(16) O: Soft References:                  238                0                0 
[38.660s][info][gc,ref] GC(16) O: Weak References:                 1014               93                0 
[38.660s][info][gc,ref] GC(16) O: Weak (No Queue):                    3                3                0 
[38.660s][info][gc,ref] GC(16) O: Weak Fields:                        0                0                0 
[38.660s][info][gc,ref] GC(16) O: Final References:                   0                0                0 
[38.660s][info][gc,ref] GC(16) O: Phantom References:                 1                0                0 
[39.195s][info][gc,ref] GC(17) O:                           Encountered       Discovered Cleared/Enqueued 
[39.195s][info][gc,ref] GC(17) O: Soft References:                  238                0                0 
[39.195s][info][gc,ref] GC(17) O: Weak References:                 1014              444                0 
[39.195s][info][gc,ref] GC(17) O: Weak (No Queue):                    3                3                0 
[39.195s][info][gc,ref] GC(17) O: Weak Fields:                        0                0                0 
[39.195s][info][gc,ref] GC(17) O: Final References:                   0                0                0 
[39.195s][info][gc,ref] GC(17) O: Phantom References:                 1                0                0 
[39.730s][info][gc,ref] GC(18) O:                           Encountered       Discovered Cleared/Enqueued 
[39.730s][info][gc,ref] GC(18) O: Soft References:                  238                0                0 
[39.730s][info][gc,ref] GC(18) O: Weak References:                 1014                4                0 
[39.730s][info][gc,ref] GC(18) O: Weak (No Queue):                    3                3                0 
[39.730s][info][gc,ref] GC(18) O: Weak Fields:                        0                0                0 
[39.730s][info][gc,ref] GC(18) O: Final References:                   0                0                0 
[39.730s][info][gc,ref] GC(18) O: Phantom References:                 1                0                0 

=== Iteration 2 ===
Phase 1: Allocating references and objects...
[40.297s][info][gc,ref] GC(19) O:                           Encountered       Discovered Cleared/Enqueued 
[40.297s][info][gc,ref] GC(19) O: Soft References:                  238                0                0 
[40.297s][info][gc,ref] GC(19) O: Weak References:                 1014              105                0 
[40.297s][info][gc,ref] GC(19) O: Weak (No Queue):                    3                3                0 
[40.297s][info][gc,ref] GC(19) O: Weak Fields:                        0                0                0 
[40.297s][info][gc,ref] GC(19) O: Final References:                   0                0                0 
[40.297s][info][gc,ref] GC(19) O: Phantom References:                 1                1                0 
[41.027s][info][gc,ref] GC(20) O:                           Encountered       Discovered Cleared/Enqueued 
[41.027s][info][gc,ref] GC(20) O: Soft References:                  238                0                0 
[41.027s][info][gc,ref] GC(20) O: Weak References:                 1014               34                0 
[41.027s][info][gc,ref] GC(20) O: Weak (No Queue):                    3                3                0 
[41.027s][info][gc,ref] GC(20) O: Weak Fields:                        0                0                0 
[41.027s][info][gc,ref] GC(20) O: Final References:                   0                0                0 
[41.027s][info][gc,ref] GC(20) O: Phantom References:                 1                1                0 
Allocated 7340009 objects in 1.97 seconds
Phase 2: Sleeping for 3000 ms...
[43.448s][info][gc,ref] GC(21) O:                           Encountered       Discovered Cleared/Enqueued 
[43.448s][info][gc,ref] GC(21) O: Soft References:                  238                0                0 
[43.448s][info][gc,ref] GC(21) O: Weak References:               368015               67                0 
[43.448s][info][gc,ref] GC(21) O: Weak (No Queue):              3192243                3                0 
[43.448s][info][gc,ref] GC(21) O: Weak Fields:                        0                0                0 
[43.448s][info][gc,ref] GC(21) O: Final References:                   0                0                0 
[43.448s][info][gc,ref] GC(21) O: Phantom References:                 1                1                0 
Phase 3.1: Clearing strong references...
Cleared 1468002 strong references, 5872007 remaining
Waiting 3000 ms...
[48.462s][info][gc,ref] GC(22) O:                           Encountered       Discovered Cleared/Enqueued 
[48.462s][info][gc,ref] GC(22) O: Soft References:                  238                0                0 
[48.462s][info][gc,ref] GC(22) O: Weak References:               368015              375                0 
[48.462s][info][gc,ref] GC(22) O: Weak (No Queue):              6973011                3                0 
[48.462s][info][gc,ref] GC(22) O: Weak Fields:                        0                0                0 
[48.462s][info][gc,ref] GC(22) O: Final References:                   0                0                0 
[48.462s][info][gc,ref] GC(22) O: Phantom References:                 1                1                0 
Phase 3.2: Clearing strong references...
Cleared 1468002 strong references, 4404005 remaining
Waiting 3000 ms...
Phase 3.3: Clearing strong references...
Cleared 1468002 strong references, 2936003 remaining
Waiting 3000 ms...
[54.111s][info][gc,ref] GC(23) O:                           Encountered       Discovered Cleared/Enqueued 
[54.111s][info][gc,ref] GC(23) O: Soft References:                  238                0                0 
[54.111s][info][gc,ref] GC(23) O: Weak References:               368015           255240           146019 
[54.111s][info][gc,ref] GC(23) O: Weak (No Queue):              6973011          2219354          1277630 
[54.111s][info][gc,ref] GC(23) O: Weak Fields:                        0                0                0 
[54.111s][info][gc,ref] GC(23) O: Final References:                   0                0                0 
[54.111s][info][gc,ref] GC(23) O: Phantom References:                 1                1                0 
Phase 3.4: Clearing strong references...
Cleared 1468002 strong references, 1468001 remaining
Waiting 3000 ms...
Phase 3.5: Clearing strong references...
Cleared 1468001 strong references, 0 remaining
Waiting 3000 ms...
[61.050s][info][gc,ref] GC(24) O:                           Encountered       Discovered Cleared/Enqueued 
[61.050s][info][gc,ref] GC(24) O: Soft References:                  238                0                0 
[61.050s][info][gc,ref] GC(24) O: Weak References:               221996           195949            73781 
[61.050s][info][gc,ref] GC(24) O: Weak (No Queue):              5695381          5216763          2906576 
[61.050s][info][gc,ref] GC(24) O: Weak Fields:                        0                0                0 
[61.050s][info][gc,ref] GC(24) O: Final References:                   0                0                0 
[61.050s][info][gc,ref] GC(24) O: Phantom References:                 1                0                0 
Waiting 6000 ms...
[67.028s][info][gc,ref] GC(25) O:                           Encountered       Discovered Cleared/Enqueued 
[67.028s][info][gc,ref] GC(25) O: Soft References:                  238                0                0 
[67.028s][info][gc,ref] GC(25) O: Weak References:               148215           147281           147201 
[67.028s][info][gc,ref] GC(25) O: Weak (No Queue):              2788805          2788803          2788802 
[67.028s][info][gc,ref] GC(25) O: Weak Fields:                        0                0                0 
[67.028s][info][gc,ref] GC(25) O: Final References:                   0                0                0 
[67.028s][info][gc,ref] GC(25) O: Phantom References:                 1                0                0 
Phase 4: Final weak reference checks...
Final count of alive weak references: 0
References enqueued in ReferenceQueue: 367001
Cooling down for 5 seconds...
[70.476s][info][gc,ref] GC(26) O:                           Encountered       Discovered Cleared/Enqueued 
[70.476s][info][gc,ref] GC(26) O: Soft References:                  238                0                0 
[70.477s][info][gc,ref] GC(26) O: Weak References:                 1014              211                0 
[70.477s][info][gc,ref] GC(26) O: Weak (No Queue):                    3                2                0 
[70.477s][info][gc,ref] GC(26) O: Weak Fields:                        0                0                0 
[70.477s][info][gc,ref] GC(26) O: Final References:                   0                0                0 
[70.477s][info][gc,ref] GC(26) O: Phantom References:                 1                1                0 
[71.028s][info][gc,ref] GC(27) O:                           Encountered       Discovered Cleared/Enqueued 
[71.028s][info][gc,ref] GC(27) O: Soft References:                  238                0                0 
[71.028s][info][gc,ref] GC(27) O: Weak References:                 1014              208                0 
[71.028s][info][gc,ref] GC(27) O: Weak (No Queue):                    3                1                0 
[71.028s][info][gc,ref] GC(27) O: Weak Fields:                        0                0                0 
[71.028s][info][gc,ref] GC(27) O: Final References:                   0                0                0 
[71.028s][info][gc,ref] GC(27) O: Phantom References:                 1                0                0 
[71.560s][info][gc,ref] GC(28) O:                           Encountered       Discovered Cleared/Enqueued 
[71.560s][info][gc,ref] GC(28) O: Soft References:                  238                0                0 
[71.560s][info][gc,ref] GC(28) O: Weak References:                 1014              300                0 
[71.560s][info][gc,ref] GC(28) O: Weak (No Queue):                    3                1                0 
[71.560s][info][gc,ref] GC(28) O: Weak Fields:                        0                0                0 
[71.560s][info][gc,ref] GC(28) O: Final References:                   0                0                0 
[71.560s][info][gc,ref] GC(28) O: Phantom References:                 1                0                0 
[72.107s][info][gc,ref] GC(29) O:                           Encountered       Discovered Cleared/Enqueued 
[72.107s][info][gc,ref] GC(29) O: Soft References:                  238                0                0 
[72.107s][info][gc,ref] GC(29) O: Weak References:                 1014               73                0 
[72.107s][info][gc,ref] GC(29) O: Weak (No Queue):                    3                3                0 
[72.107s][info][gc,ref] GC(29) O: Weak Fields:                        0                0                0 
[72.107s][info][gc,ref] GC(29) O: Final References:                   0                0                0 
[72.107s][info][gc,ref] GC(29) O: Phantom References:                 1                0                0 
[72.638s][info][gc,ref] GC(30) O:                           Encountered       Discovered Cleared/Enqueued 
[72.638s][info][gc,ref] GC(30) O: Soft References:                  238                0                0 
[72.638s][info][gc,ref] GC(30) O: Weak References:                 1014              463                0 
[72.638s][info][gc,ref] GC(30) O: Weak (No Queue):                    3                2                0 
[72.638s][info][gc,ref] GC(30) O: Weak Fields:                        0                0                0 
[72.638s][info][gc,ref] GC(30) O: Final References:                   0                0                0 
[72.638s][info][gc,ref] GC(30) O: Phantom References:                 1                0                0 
[73.173s][info][gc,ref] GC(31) O:                           Encountered       Discovered Cleared/Enqueued 
[73.174s][info][gc,ref] GC(31) O: Soft References:                  238                0                0 
[73.174s][info][gc,ref] GC(31) O: Weak References:                 1014                5                0 
[73.174s][info][gc,ref] GC(31) O: Weak (No Queue):                    3                3                0 
[73.174s][info][gc,ref] GC(31) O: Weak Fields:                        0                0                0 
[73.174s][info][gc,ref] GC(31) O: Final References:                   0                0                0 
[73.174s][info][gc,ref] GC(31) O: Phantom References:                 1                0                0 
[73.708s][info][gc,ref] GC(32) O:                           Encountered       Discovered Cleared/Enqueued 
[73.708s][info][gc,ref] GC(32) O: Soft References:                  238                0                0 
[73.708s][info][gc,ref] GC(32) O: Weak References:                 1014                3                0 
[73.708s][info][gc,ref] GC(32) O: Weak (No Queue):                    3                3                0 
[73.708s][info][gc,ref] GC(32) O: Weak Fields:                        0                0                0 
[73.708s][info][gc,ref] GC(32) O: Final References:                   0                0                0 
[73.708s][info][gc,ref] GC(32) O: Phantom References:                 1                0                0 
[74.234s][info][gc,ref] GC(33) O:                           Encountered       Discovered Cleared/Enqueued 
[74.234s][info][gc,ref] GC(33) O: Soft References:                  238                0                0 
[74.234s][info][gc,ref] GC(33) O: Weak References:                 1014              434                0 
[74.234s][info][gc,ref] GC(33) O: Weak (No Queue):                    3                3                0 
[74.234s][info][gc,ref] GC(33) O: Weak Fields:                        0                0                0 
[74.234s][info][gc,ref] GC(33) O: Final References:                   0                0                0 
[74.234s][info][gc,ref] GC(33) O: Phantom References:                 1                0                0 

=== Iteration 3 ===
Phase 1: Allocating references and objects...
[74.783s][info][gc,ref] GC(34) O:                           Encountered       Discovered Cleared/Enqueued 
[74.783s][info][gc,ref] GC(34) O: Soft References:                  238                0                0 
[74.783s][info][gc,ref] GC(34) O: Weak References:                 1014              422                0 
[74.783s][info][gc,ref] GC(34) O: Weak (No Queue):                    3                3                0 
[74.783s][info][gc,ref] GC(34) O: Weak Fields:                        0                0                0 
[74.783s][info][gc,ref] GC(34) O: Final References:                   0                0                0 
[74.783s][info][gc,ref] GC(34) O: Phantom References:                 1                0                0 
[75.835s][info][gc,ref] GC(35) O:                           Encountered       Discovered Cleared/Enqueued 
[75.835s][info][gc,ref] GC(35) O: Soft References:                  238                0                0 
[75.835s][info][gc,ref] GC(35) O: Weak References:               184694                0                0 
[75.835s][info][gc,ref] GC(35) O: Weak (No Queue):                    3                3                0 
[75.835s][info][gc,ref] GC(35) O: Weak Fields:                        0                0                0 
[75.835s][info][gc,ref] GC(35) O: Final References:                   0                0                0 
[75.835s][info][gc,ref] GC(35) O: Phantom References:                 1                0                0 
Allocated 7340009 objects in 1.90 seconds
Phase 2: Sleeping for 3000 ms...
Phase 3.1: Clearing strong references...
Cleared 1468002 strong references, 5872007 remaining
Waiting 3000 ms...
[80.259s][info][gc,ref] GC(36) O:                           Encountered       Discovered Cleared/Enqueued 
[80.259s][info][gc,ref] GC(36) O: Soft References:                  238                0                0 
[80.259s][info][gc,ref] GC(36) O: Weak References:               368015                6                0 
[80.259s][info][gc,ref] GC(36) O: Weak (No Queue):              6720520                3                0 
[80.259s][info][gc,ref] GC(36) O: Weak Fields:                        0                0                0 
[80.259s][info][gc,ref] GC(36) O: Final References:                   0                0                0 
[80.259s][info][gc,ref] GC(36) O: Phantom References:                 1                0                0 
Phase 3.2: Clearing strong references...
Cleared 1468002 strong references, 4404005 remaining
Waiting 3000 ms...
[85.264s][info][gc,ref] GC(37) O:                           Encountered       Discovered Cleared/Enqueued 
[85.264s][info][gc,ref] GC(37) O: Soft References:                  238                0                0 
[85.264s][info][gc,ref] GC(37) O: Weak References:               368015           139700            36848 
[85.264s][info][gc,ref] GC(37) O: Weak (No Queue):              6973011                3                0 
[85.264s][info][gc,ref] GC(37) O: Weak Fields:                        0                0                0 
[85.264s][info][gc,ref] GC(37) O: Final References:                   0                0                0 
[85.264s][info][gc,ref] GC(37) O: Phantom References:                 1                0                0 
Phase 3.3: Clearing strong references...
Cleared 1468002 strong references, 2936003 remaining
Waiting 3000 ms...
Phase 3.4: Clearing strong references...
Cleared 1468002 strong references, 1468001 remaining
Waiting 3000 ms...
[91.846s][info][gc,ref] GC(38) O:                           Encountered       Discovered Cleared/Enqueued 
[91.846s][info][gc,ref] GC(38) O: Soft References:                  238                0                0 
[91.846s][info][gc,ref] GC(38) O: Weak References:               331167           235723           110342 
[91.846s][info][gc,ref] GC(38) O: Weak (No Queue):              6973011          4976122          2687848 
[91.846s][info][gc,ref] GC(38) O: Weak Fields:                        0                0                0 
[91.846s][info][gc,ref] GC(38) O: Final References:                   0                0                0 
[91.846s][info][gc,ref] GC(38) O: Phantom References:                 1                1                0 
Phase 3.5: Clearing strong references...
Cleared 1468001 strong references, 0 remaining
Waiting 3000 ms...
Waiting 6000 ms...
[98.775s][info][gc,ref] GC(39) O:                           Encountered       Discovered Cleared/Enqueued 
[98.775s][info][gc,ref] GC(39) O: Soft References:                  238                0                0 
[98.775s][info][gc,ref] GC(39) O: Weak References:               220825           208180           146304 
[98.775s][info][gc,ref] GC(39) O: Weak (No Queue):              4285163          4056367          2890666 
[98.775s][info][gc,ref] GC(39) O: Weak Fields:                        0                0                0 
[98.775s][info][gc,ref] GC(39) O: Final References:                   0                0                0 
[98.775s][info][gc,ref] GC(39) O: Phantom References:                 1                0                0 
Phase 4: Final weak reference checks...
Final count of alive weak references: 1468001
References enqueued in ReferenceQueue: 293494
Cooling down for 5 seconds...
[103.806s][info][gc,ref] GC(40) O:                           Encountered       Discovered Cleared/Enqueued 
[103.806s][info][gc,ref] GC(40) O: Soft References:                  238                0                0 
[103.806s][info][gc,ref] GC(40) O: Weak References:                74521            73745                0 
[103.806s][info][gc,ref] GC(40) O: Weak (No Queue):              1394497          1394497                0 
[103.806s][info][gc,ref] GC(40) O: Weak Fields:                        0                0                0 
[103.806s][info][gc,ref] GC(40) O: Final References:                   0                0                0 
[103.806s][info][gc,ref] GC(40) O: Phantom References:                 1                1                0 
[104.374s][info][gc,ref] GC(41) O:                           Encountered       Discovered Cleared/Enqueued 
[104.374s][info][gc,ref] GC(41) O: Soft References:                  238                0                0 
[104.374s][info][gc,ref] GC(41) O: Weak References:                 1014              598                0 
[104.374s][info][gc,ref] GC(41) O: Weak (No Queue):                    3                3                0 
[104.374s][info][gc,ref] GC(41) O: Weak Fields:                        0                0                0 
[104.374s][info][gc,ref] GC(41) O: Final References:                   0                0                0 
[104.374s][info][gc,ref] GC(41) O: Phantom References:                 1                0                0 
[104.908s][info][gc,ref] GC(42) O:                           Encountered       Discovered Cleared/Enqueued 
[104.908s][info][gc,ref] GC(42) O: Soft References:                  238                0                0 
[104.908s][info][gc,ref] GC(42) O: Weak References:                 1014              150                0 
[104.908s][info][gc,ref] GC(42) O: Weak (No Queue):                    3                3                0 
[104.908s][info][gc,ref] GC(42) O: Weak Fields:                        0                0                0 
[104.908s][info][gc,ref] GC(42) O: Final References:                   0                0                0 
[104.908s][info][gc,ref] GC(42) O: Phantom References:                 1                1                0 
[105.443s][info][gc,ref] GC(43) O:                           Encountered       Discovered Cleared/Enqueued 
[105.443s][info][gc,ref] GC(43) O: Soft References:                  238                0                0 
[105.443s][info][gc,ref] GC(43) O: Weak References:                 1014               97                0 
[105.443s][info][gc,ref] GC(43) O: Weak (No Queue):                    3                3                0 
[105.443s][info][gc,ref] GC(43) O: Weak Fields:                        0                0                0 
[105.443s][info][gc,ref] GC(43) O: Final References:                   0                0                0 
[105.443s][info][gc,ref] GC(43) O: Phantom References:                 1                1                0 
[105.969s][info][gc,ref] GC(44) O:                           Encountered       Discovered Cleared/Enqueued 
[105.969s][info][gc,ref] GC(44) O: Soft References:                  238                0                0 
[105.969s][info][gc,ref] GC(44) O: Weak References:                 1014              436                0 
[105.969s][info][gc,ref] GC(44) O: Weak (No Queue):                    3                3                0 
[105.969s][info][gc,ref] GC(44) O: Weak Fields:                        0                0                0 
[105.969s][info][gc,ref] GC(44) O: Final References:                   0                0                0 
[105.969s][info][gc,ref] GC(44) O: Phantom References:                 1                0                0 
[106.503s][info][gc,ref] GC(45) O:                           Encountered       Discovered Cleared/Enqueued 
[106.503s][info][gc,ref] GC(45) O: Soft References:                  238                0                0 
[106.503s][info][gc,ref] GC(45) O: Weak References:                 1014              461                0 
[106.503s][info][gc,ref] GC(45) O: Weak (No Queue):                    3                3                0 
[106.503s][info][gc,ref] GC(45) O: Weak Fields:                        0                0                0 
[106.503s][info][gc,ref] GC(45) O: Final References:                   0                0                0 
[106.503s][info][gc,ref] GC(45) O: Phantom References:                 1                0                0 
[107.037s][info][gc,ref] GC(46) O:                           Encountered       Discovered Cleared/Enqueued 
[107.037s][info][gc,ref] GC(46) O: Soft References:                  238                0                0 
[107.037s][info][gc,ref] GC(46) O: Weak References:                 1014              392                0 
[107.037s][info][gc,ref] GC(46) O: Weak (No Queue):                    3                3                0 
[107.037s][info][gc,ref] GC(46) O: Weak Fields:                        0                0                0 
[107.037s][info][gc,ref] GC(46) O: Final References:                   0                0                0 
[107.037s][info][gc,ref] GC(46) O: Phantom References:                 1                0                0 
[107.573s][info][gc,ref] GC(47) O:                           Encountered       Discovered Cleared/Enqueued 
[107.573s][info][gc,ref] GC(47) O: Soft References:                  238                0                0 
[107.573s][info][gc,ref] GC(47) O: Weak References:                 1014              125                0 
[107.573s][info][gc,ref] GC(47) O: Weak (No Queue):                    3                3                0 
[107.573s][info][gc,ref] GC(47) O: Weak Fields:                        0                0                0 
[107.573s][info][gc,ref] GC(47) O: Final References:                   0                0                0 
[107.573s][info][gc,ref] GC(47) O: Phantom References:                 1                1                0 
[107.774s][info][gc,stats] === Garbage Collection Statistics =======================================================================================================================
[107.774s][info][gc,stats]                                                              Last 10s              Last 10m              Last 10h                Total
[107.774s][info][gc,stats]                                                              Avg / Max             Avg / Max             Avg / Max             Avg / Max
[107.774s][info][gc,stats]        Contention: Mark Segment Reset Contention                     0 / 1                 0 / 17                0 / 17                0 / 17          ops/s
[107.774s][info][gc,stats]        Contention: Mark SeqNum Reset Contention                      0 / 0                 0 / 3                 0 / 3                 0 / 3           ops/s
[107.774s][info][gc,stats]          Critical: Allocation Stall                                  0 / 0                 0 / 0                 0 / 0                 0 / 0           ops/s
[107.774s][info][gc,stats]          Critical: Allocation Stall                              0.000 / 0.000         0.000 / 0.000         0.000 / 0.000         0.000 / 0.000       ms
[107.774s][info][gc,stats]          Critical: JNI Critical Stall                                0 / 0                 0 / 0                 0 / 0                 0 / 0           ops/s
[107.774s][info][gc,stats]          Critical: JNI Critical Stall                            0.000 / 0.000         0.000 / 0.000         0.000 / 0.000         0.000 / 0.000       ms
[107.774s][info][gc,stats]          Critical: Relocation Stall                                  0 / 0                 0 / 0                 0 / 0                 0 / 0           ops/s
[107.774s][info][gc,stats]          Critical: Relocation Stall                              0.000 / 0.000         0.000 / 0.000         0.000 / 0.000         0.000 / 0.000       ms
[107.774s][info][gc,stats]  Major Collection: Major Collection                           1588.209 / 6423.878   1780.486 / 6790.455   1780.486 / 6790.455   1780.486 / 6790.455    ms
[107.774s][info][gc,stats]            Memory: Allocation Rate                                   0 / 2               192 / 4674            192 / 4674            192 / 4674        MB/s
[107.774s][info][gc,stats]            Memory: Defragment                                        0 / 0                 0 / 0                 0 / 0                 0 / 0           ops/s
[107.774s][info][gc,stats]            Memory: Mapped Cache Harvest                              0 / 0                 0 / 0                 0 / 0                 0 / 0           MB/s
[107.774s][info][gc,stats]            Memory: Out Of Memory                                     0 / 0                 0 / 0                 0 / 0                 0 / 0           ops/s
[107.774s][info][gc,stats]            Memory: Uncommit                                          0 / 0                 0 / 0                 0 / 0                 0 / 0           MB/s
[107.774s][info][gc,stats]            Memory: Undo Object Allocation Failed                     0 / 0                 0 / 0                 0 / 0                 0 / 0           ops/s
[107.774s][info][gc,stats]            Memory: Undo Object Allocation Succeeded                  0 / 0                 0 / 1                 0 / 1                 0 / 1           ops/s
[107.774s][info][gc,stats]            Memory: Undo Page Allocation                              0 / 0                 0 / 0                 0 / 0                 0 / 0           ops/s
[107.774s][info][gc,stats]  Minor Collection: Minor Collection                              0.000 / 0.000         0.000 / 0.000         0.000 / 0.000         0.000 / 0.000       ms
[107.774s][info][gc,stats]    Old Generation: Old Generation                             1559.907 / 6328.864   1222.477 / 6679.356   1222.477 / 6679.356   1222.477 / 6679.356    ms
[107.774s][info][gc,stats]         Old Pause: Pause Mark End                                0.011 / 0.015         0.012 / 0.023         0.012 / 0.023         0.012 / 0.023       ms
[107.774s][info][gc,stats]         Old Pause: Pause Relocate Start                          0.011 / 0.015         0.010 / 0.015         0.010 / 0.015         0.010 / 0.015       ms
[107.774s][info][gc,stats]         Old Phase: Concurrent Mark                            1363.956 / 5156.005    996.922 / 5162.356    996.922 / 5162.356    996.922 / 5162.356    ms
[107.774s][info][gc,stats]         Old Phase: Concurrent Mark Continue                      0.000 / 0.000         0.000 / 0.000         0.000 / 0.000         0.000 / 0.000       ms
[107.774s][info][gc,stats]         Old Phase: Concurrent Mark Free                          0.003 / 0.004         0.003 / 0.006         0.003 / 0.006         0.003 / 0.006       ms
[107.774s][info][gc,stats]         Old Phase: Concurrent Process Non-Strong                82.372 / 443.840      78.905 / 643.765      78.905 / 643.765      78.905 / 643.765     ms
[107.774s][info][gc,stats]         Old Phase: Concurrent Relocate                          92.498 / 640.938     111.435 / 863.504     111.435 / 863.504     111.435 / 863.504     ms
[107.774s][info][gc,stats]         Old Phase: Concurrent Remap Roots                        7.783 / 37.745       22.866 / 102.600      22.866 / 102.600      22.866 / 102.600     ms
[107.774s][info][gc,stats]         Old Phase: Concurrent Reset Relocation Set               0.038 / 0.151         0.019 / 0.151         0.019 / 0.151         0.019 / 0.151       ms
[107.774s][info][gc,stats]         Old Phase: Concurrent Select Relocation Set             13.033 / 49.994       12.054 / 103.389      12.054 / 103.389      12.054 / 103.389     ms
[107.774s][info][gc,stats]      Old Subphase: Concurrent Classes Purge                      0.007 / 0.021         0.017 / 0.161         0.017 / 0.161         0.017 / 0.161       ms
[107.774s][info][gc,stats]      Old Subphase: Concurrent Classes Unlink                     1.401 / 1.540         1.424 / 1.822         1.424 / 1.822         1.424 / 1.822       ms
[107.774s][info][gc,stats]      Old Subphase: Concurrent Mark Follow                     1363.800 / 5155.760    996.775 / 5162.206    996.775 / 5162.206    996.775 / 5162.206    ms
[107.774s][info][gc,stats]      Old Subphase: Concurrent Mark Root Colored                  0.041 / 0.095         0.031 / 0.124         0.031 / 0.124         0.031 / 0.124       ms
[107.774s][info][gc,stats]      Old Subphase: Concurrent Mark Root Uncolored                0.022 / 0.044         0.028 / 0.200         0.028 / 0.200         0.028 / 0.200       ms
[107.774s][info][gc,stats]      Old Subphase: Concurrent Mark Roots                         0.139 / 0.200         0.143 / 0.264         0.143 / 0.264         0.143 / 0.264       ms
[107.774s][info][gc,stats]      Old Subphase: Concurrent References Enqueue                 0.001 / 0.003         0.001 / 0.004         0.001 / 0.004         0.001 / 0.004       ms
[107.774s][info][gc,stats]      Old Subphase: Concurrent References Process                80.532 / 441.814      76.976 / 641.695      76.976 / 641.695      76.976 / 641.695     ms
[107.774s][info][gc,stats]      Old Subphase: Concurrent Remap Remembered                   7.403 / 37.221       17.650 / 102.081      17.650 / 102.081      17.650 / 102.081     ms
[107.774s][info][gc,stats]      Old Subphase: Concurrent Remap Roots Colored                0.054 / 0.117         0.160 / 0.508         0.160 / 0.508         0.160 / 0.508       ms
[107.774s][info][gc,stats]      Old Subphase: Concurrent Remap Roots Uncolored              0.235 / 0.310         0.225 / 0.351         0.225 / 0.351         0.225 / 0.351       ms
[107.774s][info][gc,stats]      Old Subphase: Concurrent Roots ClassLoaderDataGraph         0.036 / 0.077         0.103 / 0.482         0.103 / 0.482         0.103 / 0.482       ms
[107.774s][info][gc,stats]      Old Subphase: Concurrent Roots CodeCache                    0.232 / 0.306         0.223 / 0.348         0.223 / 0.348         0.223 / 0.348       ms
[107.774s][info][gc,stats]      Old Subphase: Concurrent Roots JavaThreads                  0.009 / 0.043         0.011 / 0.199         0.011 / 0.199         0.011 / 0.199       ms
[107.774s][info][gc,stats]      Old Subphase: Concurrent Roots OopStorageSet                0.004 / 0.017         0.004 / 0.017         0.004 / 0.017         0.004 / 0.017       ms
[107.774s][info][gc,stats]      Old Subphase: Concurrent Weak Roots OopStorageSet           0.085 / 0.214         0.084 / 0.262         0.084 / 0.262         0.084 / 0.262       ms
[107.774s][info][gc,stats]            System: Java Threads                                     11 / 11               11 / 13               11 / 13               11 / 13          threads
[107.774s][info][gc,stats]  Young Generation: Young Generation                             17.082 / 65.887      557.908 / 4180.981    557.908 / 4180.981    557.908 / 4180.981    ms
[107.774s][info][gc,stats]  Young Generation: Young Generation                              0.000 / 0.000         0.000 / 0.000         0.000 / 0.000         0.000 / 0.000       ms
[107.774s][info][gc,stats]  Young Generation: Young Generation (Collect Roots)              0.000 / 0.000         0.000 / 0.000         0.000 / 0.000         0.000 / 0.000       ms
[107.774s][info][gc,stats]  Young Generation: Young Generation (Promote All)                0.000 / 0.000         0.000 / 0.000         0.000 / 0.000         0.000 / 0.000       ms
[107.774s][info][gc,stats]       Young Pause: Pause Mark End                                0.010 / 0.013         0.011 / 0.014         0.011 / 0.014         0.011 / 0.014       ms
[107.774s][info][gc,stats]       Young Pause: Pause Mark Start                              0.000 / 0.000         0.000 / 0.000         0.000 / 0.000         0.000 / 0.000       ms
[107.774s][info][gc,stats]       Young Pause: Pause Mark Start (Major)                      0.015 / 0.016         0.015 / 0.029         0.015 / 0.029         0.015 / 0.029       ms
[107.774s][info][gc,stats]       Young Pause: Pause Relocate Start                          0.006 / 0.008         0.008 / 0.014         0.008 / 0.014         0.008 / 0.014       ms
[107.774s][info][gc,stats]       Young Phase: Concurrent Mark                              16.406 / 65.240      496.572 / 3753.528    496.572 / 3753.528    496.572 / 3753.528    ms
[107.774s][info][gc,stats]       Young Phase: Concurrent Mark Continue                      0.000 / 0.000         0.000 / 0.000         0.000 / 0.000         0.000 / 0.000       ms
[107.774s][info][gc,stats]       Young Phase: Concurrent Mark Free                          0.001 / 0.001         0.003 / 0.009         0.003 / 0.009         0.003 / 0.009       ms
[107.774s][info][gc,stats]       Young Phase: Concurrent Relocate                           0.048 / 0.089        34.138 / 408.312      34.138 / 408.312      34.138 / 408.312     ms
[107.774s][info][gc,stats]       Young Phase: Concurrent Reset Relocation Set               0.000 / 0.000         0.070 / 1.012         0.070 / 1.012         0.070 / 1.012       ms
[107.774s][info][gc,stats]       Young Phase: Concurrent Select Relocation Set              0.304 / 0.702        26.615 / 305.461      26.615 / 305.461      26.615 / 305.461     ms
[107.774s][info][gc,stats]    Young Subphase: Concurrent Mark Follow                       15.342 / 64.179      495.453 / 3752.318    495.453 / 3752.318    495.453 / 3752.318    ms
[107.774s][info][gc,stats]    Young Subphase: Concurrent Mark Root Colored                  0.688 / 0.779         0.710 / 1.411         0.710 / 1.411         0.710 / 1.411       ms
[107.774s][info][gc,stats]    Young Subphase: Concurrent Mark Root Uncolored                0.257 / 0.272         0.262 / 0.497         0.262 / 0.497         0.262 / 0.497       ms
[107.774s][info][gc,stats]    Young Subphase: Concurrent Mark Roots                         1.062 / 1.117         1.115 / 1.545         1.115 / 1.545         1.115 / 1.545       ms
[107.774s][info][gc,stats]    Young Subphase: Concurrent Relocate Remset FP                 0.010 / 0.012        33.900 / 407.461      33.900 / 407.461      33.900 / 407.461     ms
[107.774s][info][gc,stats]    Young Subphase: Concurrent Roots ClassLoaderDataGraph         0.574 / 0.592         0.552 / 0.734         0.552 / 0.734         0.552 / 0.734       ms
[107.774s][info][gc,stats]    Young Subphase: Concurrent Roots CodeCache                    0.226 / 0.244         0.230 / 0.310         0.230 / 0.310         0.230 / 0.310       ms
[107.774s][info][gc,stats]    Young Subphase: Concurrent Roots JavaThreads                  0.016 / 0.056         0.020 / 0.497         0.020 / 0.497         0.020 / 0.497       ms
[107.774s][info][gc,stats]    Young Subphase: Concurrent Roots OopStorageSet                0.006 / 0.008         0.066 / 1.329         0.066 / 1.329         0.066 / 1.329       ms
[107.774s][info][gc,stats]    Young Subphase: Concurrent Weak Roots OopStorageSet           0.109 / 0.182         0.124 / 0.247         0.124 / 0.247         0.124 / 0.247       ms
[107.774s][info][gc,stats] =========================================================================================================================================================
