
=== RUN 35/80 (GA all) ===

[0.027s][info][gc,ref] Reference Processor created, Macros: ZUseSeparateDiscoveredLists=1, ZUseDynamicArray=1, ZUseOptimisedClearPath=1
[1.819s][info][gc,ref] GC(0) O:                           Encountered       Discovered Cleared/Enqueued 
[1.819s][info][gc,ref] GC(0) O: Soft References:                    0                0                0 
[1.819s][info][gc,ref] GC(0) O: Weak References:                    0                0                0 
[1.819s][info][gc,ref] GC(0) O: Weak (No Queue):                    0                0                0 
[1.819s][info][gc,ref] GC(0) O: Weak Fields:                        0                0                0 
[1.819s][info][gc,ref] GC(0) O: Final References:                   0                0                0 
[1.819s][info][gc,ref] GC(0) O: Phantom References:                 0                0                0 
[2.346s][info][gc,ref] GC(1) O:                           Encountered       Discovered Cleared/Enqueued 
[2.346s][info][gc,ref] GC(1) O: Soft References:                  142                0                0 
[2.346s][info][gc,ref] GC(1) O: Weak References:                  588                0                0 
[2.346s][info][gc,ref] GC(1) O: Weak (No Queue):                    3                0                0 
[2.346s][info][gc,ref] GC(1) O: Weak Fields:                        0                0                0 
[2.346s][info][gc,ref] GC(1) O: Final References:                   0                0                0 
[2.346s][info][gc,ref] GC(1) O: Phantom References:                 1                0                0 
[2.880s][info][gc,ref] GC(2) O:                           Encountered       Discovered Cleared/Enqueued 
[2.880s][info][gc,ref] GC(2) O: Soft References:                  161                0                0 
[2.880s][info][gc,ref] GC(2) O: Weak References:                  755                0                0 
[2.880s][info][gc,ref] GC(2) O: Weak (No Queue):                    3                0                0 
[2.880s][info][gc,ref] GC(2) O: Weak Fields:                        0                0                0 
[2.880s][info][gc,ref] GC(2) O: Final References:                   0                0                0 
[2.880s][info][gc,ref] GC(2) O: Phantom References:                 1                0                0 
WeakRefMultiObjectBenchmark: objects=7340009 minSize=509 maxSize=1097 sleepMillis=3000 iterations=3

=== Iteration 1 ===
Phase 1: Allocating references and objects...
[3.424s][info][gc,ref] GC(3) O:                           Encountered       Discovered Cleared/Enqueued 
[3.424s][info][gc,ref] GC(3) O: Soft References:                  238                0                0 
[3.424s][info][gc,ref] GC(3) O: Weak References:                 1349              406              121 
[3.424s][info][gc,ref] GC(3) O: Weak (No Queue):                    3                3                0 
[3.424s][info][gc,ref] GC(3) O: Weak Fields:                        0                0                0 
[3.424s][info][gc,ref] GC(3) O: Final References:                   0                0                0 
[3.424s][info][gc,ref] GC(3) O: Phantom References:                 1                1                0 
[4.213s][info][gc,ref] GC(4) O:                           Encountered       Discovered Cleared/Enqueued 
[4.213s][info][gc,ref] GC(4) O: Soft References:                  238                0                0 
[4.213s][info][gc,ref] GC(4) O: Weak References:                 1228              416               47 
[4.213s][info][gc,ref] GC(4) O: Weak (No Queue):                    3                3                0 
[4.213s][info][gc,ref] GC(4) O: Weak Fields:                        0                0                0 
[4.213s][info][gc,ref] GC(4) O: Final References:                   0                0                0 
[4.213s][info][gc,ref] GC(4) O: Phantom References:                 1                1                0 
[5.752s][info][gc,ref] GC(5) O:                           Encountered       Discovered Cleared/Enqueued 
[5.752s][info][gc,ref] GC(5) O: Soft References:                  238                0                0 
[5.752s][info][gc,ref] GC(5) O: Weak References:               368182              173              167 
[5.752s][info][gc,ref] GC(5) O: Weak (No Queue):              1050373                3                0 
[5.752s][info][gc,ref] GC(5) O: Weak Fields:                        0                0                0 
[5.752s][info][gc,ref] GC(5) O: Final References:                   0                0                0 
[5.752s][info][gc,ref] GC(5) O: Phantom References:                 1                1                0 
Allocated 7340009 objects in 4.36 seconds
Phase 2: Sleeping for 3000 ms...
[8.978s][info][gc,ref] GC(6) O:                           Encountered       Discovered Cleared/Enqueued 
[8.978s][info][gc,ref] GC(6) O: Soft References:                  238                0                0 
[8.978s][info][gc,ref] GC(6) O: Weak References:               368015              819                0 
[8.978s][info][gc,ref] GC(6) O: Weak (No Queue):              4218811                0                0 
[8.978s][info][gc,ref] GC(6) O: Weak Fields:                        0                0                0 
[8.978s][info][gc,ref] GC(6) O: Final References:                   0                0                0 
[8.978s][info][gc,ref] GC(6) O: Phantom References:                 1                1                0 
Phase 3.1: Clearing strong references...
Cleared 1468002 strong references, 5872007 remaining
Waiting 3000 ms...
[14.022s][info][gc,ref] GC(7) O:                           Encountered       Discovered Cleared/Enqueued 
[14.022s][info][gc,ref] GC(7) O: Soft References:                  238                0                0 
[14.022s][info][gc,ref] GC(7) O: Weak References:               368015           227888                0 
[14.022s][info][gc,ref] GC(7) O: Weak (No Queue):              6973011           650605                0 
[14.022s][info][gc,ref] GC(7) O: Weak Fields:                        0                0                0 
[14.022s][info][gc,ref] GC(7) O: Final References:                   0                0                0 
[14.022s][info][gc,ref] GC(7) O: Phantom References:                 1                1                0 
Phase 3.2: Clearing strong references...
Cleared 1468002 strong references, 4404005 remaining
Waiting 3000 ms...
Phase 3.3: Clearing strong references...
Cleared 1468002 strong references, 2936003 remaining
Waiting 3000 ms...
[19.815s][info][gc,ref] GC(8) O:                           Encountered       Discovered Cleared/Enqueued 
[19.815s][info][gc,ref] GC(8) O: Soft References:                  238                0                0 
[19.815s][info][gc,ref] GC(8) O: Weak References:               368015           228722           146292 
[19.815s][info][gc,ref] GC(8) O: Weak (No Queue):              6973011          2624367          1687339 
[19.815s][info][gc,ref] GC(8) O: Weak Fields:                        0                0                0 
[19.815s][info][gc,ref] GC(8) O: Final References:                   0                0                0 
[19.815s][info][gc,ref] GC(8) O: Phantom References:                 1                1                0 
Phase 3.4: Clearing strong references...
Cleared 1468002 strong references, 1468001 remaining
Waiting 3000 ms...
Phase 3.5: Clearing strong references...
Cleared 1468001 strong references, 0 remaining
Waiting 3000 ms...
[26.806s][info][gc,ref] GC(9) O:                           Encountered       Discovered Cleared/Enqueued 
[26.806s][info][gc,ref] GC(9) O: Soft References:                  238                0                0 
[26.806s][info][gc,ref] GC(9) O: Weak References:               221723            85666            73179 
[26.806s][info][gc,ref] GC(9) O: Weak (No Queue):              5285672          2707980          2497196 
[26.806s][info][gc,ref] GC(9) O: Weak Fields:                        0                0                0 
[26.806s][info][gc,ref] GC(9) O: Final References:                   0                0                0 
[26.806s][info][gc,ref] GC(9) O: Phantom References:                 1                0                0 
Waiting 6000 ms...
[32.750s][info][gc,ref] GC(10) O:                           Encountered       Discovered Cleared/Enqueued 
[32.750s][info][gc,ref] GC(10) O: Soft References:                  238                0                0 
[32.750s][info][gc,ref] GC(10) O: Weak References:               148544           148385           147530 
[32.750s][info][gc,ref] GC(10) O: Weak (No Queue):              2788476          2788476          2788473 
[32.750s][info][gc,ref] GC(10) O: Weak Fields:                        0                0                0 
[32.750s][info][gc,ref] GC(10) O: Final References:                   0                0                0 
[32.750s][info][gc,ref] GC(10) O: Phantom References:                 1                1                0 
Phase 4: Final weak reference checks...
Final count of alive weak references: 0
References enqueued in ReferenceQueue: 367001
Cooling down for 5 seconds...
[36.057s][info][gc,ref] GC(11) O:                           Encountered       Discovered Cleared/Enqueued 
[36.057s][info][gc,ref] GC(11) O: Soft References:                  238                0                0 
[36.057s][info][gc,ref] GC(11) O: Weak References:                 1014              828                0 
[36.057s][info][gc,ref] GC(11) O: Weak (No Queue):                    3                3                0 
[36.057s][info][gc,ref] GC(11) O: Weak Fields:                        0                0                0 
[36.057s][info][gc,ref] GC(11) O: Final References:                   0                0                0 
[36.057s][info][gc,ref] GC(11) O: Phantom References:                 1                1                0 
[36.607s][info][gc,ref] GC(12) O:                           Encountered       Discovered Cleared/Enqueued 
[36.607s][info][gc,ref] GC(12) O: Soft References:                  238                0                0 
[36.607s][info][gc,ref] GC(12) O: Weak References:                 1014              854                0 
[36.607s][info][gc,ref] GC(12) O: Weak (No Queue):                    3                3                0 
[36.607s][info][gc,ref] GC(12) O: Weak Fields:                        0                0                0 
[36.607s][info][gc,ref] GC(12) O: Final References:                   0                0                0 
[36.607s][info][gc,ref] GC(12) O: Phantom References:                 1                1                0 
[37.144s][info][gc,ref] GC(13) O:                           Encountered       Discovered Cleared/Enqueued 
[37.144s][info][gc,ref] GC(13) O: Soft References:                  238                0                0 
[37.144s][info][gc,ref] GC(13) O: Weak References:                 1014              842                0 
[37.144s][info][gc,ref] GC(13) O: Weak (No Queue):                    3                3                0 
[37.144s][info][gc,ref] GC(13) O: Weak Fields:                        0                0                0 
[37.144s][info][gc,ref] GC(13) O: Final References:                   0                0                0 
[37.144s][info][gc,ref] GC(13) O: Phantom References:                 1                1                0 
[37.674s][info][gc,ref] GC(14) O:                           Encountered       Discovered Cleared/Enqueued 
[37.674s][info][gc,ref] GC(14) O: Soft References:                  238                0                0 
[37.674s][info][gc,ref] GC(14) O: Weak References:                 1014              867                0 
[37.674s][info][gc,ref] GC(14) O: Weak (No Queue):                    3                3                0 
[37.674s][info][gc,ref] GC(14) O: Weak Fields:                        0                0                0 
[37.674s][info][gc,ref] GC(14) O: Final References:                   0                0                0 
[37.674s][info][gc,ref] GC(14) O: Phantom References:                 1                1                0 
[38.210s][info][gc,ref] GC(15) O:                           Encountered       Discovered Cleared/Enqueued 
[38.210s][info][gc,ref] GC(15) O: Soft References:                  238                0                0 
[38.210s][info][gc,ref] GC(15) O: Weak References:                 1014              761                0 
[38.210s][info][gc,ref] GC(15) O: Weak (No Queue):                    3                3                0 
[38.210s][info][gc,ref] GC(15) O: Weak Fields:                        0                0                0 
[38.210s][info][gc,ref] GC(15) O: Final References:                   0                0                0 
[38.210s][info][gc,ref] GC(15) O: Phantom References:                 1                1                0 
[38.745s][info][gc,ref] GC(16) O:                           Encountered       Discovered Cleared/Enqueued 
[38.745s][info][gc,ref] GC(16) O: Soft References:                  238                0                0 
[38.745s][info][gc,ref] GC(16) O: Weak References:                 1014              761                0 
[38.745s][info][gc,ref] GC(16) O: Weak (No Queue):                    3                1                0 
[38.745s][info][gc,ref] GC(16) O: Weak Fields:                        0                0                0 
[38.745s][info][gc,ref] GC(16) O: Final References:                   0                0                0 
[38.745s][info][gc,ref] GC(16) O: Phantom References:                 1                1                0 
[39.278s][info][gc,ref] GC(17) O:                           Encountered       Discovered Cleared/Enqueued 
[39.278s][info][gc,ref] GC(17) O: Soft References:                  238                0                0 
[39.278s][info][gc,ref] GC(17) O: Weak References:                 1014              825                0 
[39.278s][info][gc,ref] GC(17) O: Weak (No Queue):                    3                3                0 
[39.278s][info][gc,ref] GC(17) O: Weak Fields:                        0                0                0 
[39.278s][info][gc,ref] GC(17) O: Final References:                   0                0                0 
[39.278s][info][gc,ref] GC(17) O: Phantom References:                 1                1                0 
[39.814s][info][gc,ref] GC(18) O:                           Encountered       Discovered Cleared/Enqueued 
[39.814s][info][gc,ref] GC(18) O: Soft References:                  238                0                0 
[39.814s][info][gc,ref] GC(18) O: Weak References:                 1014              761                0 
[39.814s][info][gc,ref] GC(18) O: Weak (No Queue):                    3                3                0 
[39.814s][info][gc,ref] GC(18) O: Weak Fields:                        0                0                0 
[39.814s][info][gc,ref] GC(18) O: Final References:                   0                0                0 
[39.814s][info][gc,ref] GC(18) O: Phantom References:                 1                1                0 

=== Iteration 2 ===
Phase 1: Allocating references and objects...
[40.360s][info][gc,ref] GC(19) O:                           Encountered       Discovered Cleared/Enqueued 
[40.360s][info][gc,ref] GC(19) O: Soft References:                  238                0                0 
[40.360s][info][gc,ref] GC(19) O: Weak References:                 1014              770                0 
[40.360s][info][gc,ref] GC(19) O: Weak (No Queue):                    3                3                0 
[40.360s][info][gc,ref] GC(19) O: Weak Fields:                        0                0                0 
[40.360s][info][gc,ref] GC(19) O: Final References:                   0                0                0 
[40.360s][info][gc,ref] GC(19) O: Phantom References:                 1                1                0 
[41.075s][info][gc,ref] GC(20) O:                           Encountered       Discovered Cleared/Enqueued 
[41.075s][info][gc,ref] GC(20) O: Soft References:                  238                0                0 
[41.075s][info][gc,ref] GC(20) O: Weak References:                 1014              816                0 
[41.075s][info][gc,ref] GC(20) O: Weak (No Queue):                    3                3                0 
[41.075s][info][gc,ref] GC(20) O: Weak Fields:                        0                0                0 
[41.075s][info][gc,ref] GC(20) O: Final References:                   0                0                0 
[41.075s][info][gc,ref] GC(20) O: Phantom References:                 1                1                0 
Allocated 7340009 objects in 1.98 seconds
Phase 2: Sleeping for 3000 ms...
[43.624s][info][gc,ref] GC(21) O:                           Encountered       Discovered Cleared/Enqueued 
[43.624s][info][gc,ref] GC(21) O: Soft References:                  238                0                0 
[43.624s][info][gc,ref] GC(21) O: Weak References:               368015              688                0 
[43.624s][info][gc,ref] GC(21) O: Weak (No Queue):              3487416                3                0 
[43.624s][info][gc,ref] GC(21) O: Weak Fields:                        0                0                0 
[43.624s][info][gc,ref] GC(21) O: Final References:                   0                0                0 
[43.624s][info][gc,ref] GC(21) O: Phantom References:                 1                1                0 
Phase 3.1: Clearing strong references...
Cleared 1468002 strong references, 5872007 remaining
Waiting 3000 ms...
Phase 3.2: Clearing strong references...
[48.719s][info][gc,ref] GC(22) O:                           Encountered       Discovered Cleared/Enqueued 
[48.719s][info][gc,ref] GC(22) O: Soft References:                  238                0                0 
[48.719s][info][gc,ref] GC(22) O: Weak References:               368015              958                0 
[48.719s][info][gc,ref] GC(22) O: Weak (No Queue):              6973011                3                0 
[48.719s][info][gc,ref] GC(22) O: Weak Fields:                        0                0                0 
[48.719s][info][gc,ref] GC(22) O: Final References:                   0                0                0 
[48.719s][info][gc,ref] GC(22) O: Phantom References:                 1                1                0 
Cleared 1468002 strong references, 4404005 remaining
Waiting 3000 ms...
Phase 3.3: Clearing strong references...
Cleared 1468002 strong references, 2936003 remaining
Waiting 3000 ms...
[54.373s][info][gc,ref] GC(23) O:                           Encountered       Discovered Cleared/Enqueued 
[54.373s][info][gc,ref] GC(23) O: Soft References:                  238                0                0 
[54.373s][info][gc,ref] GC(23) O: Weak References:               368015           336973           146019 
[54.373s][info][gc,ref] GC(23) O: Weak (No Queue):              6973011          3195643          1395449 
[54.373s][info][gc,ref] GC(23) O: Weak Fields:                        0                0                0 
[54.373s][info][gc,ref] GC(23) O: Final References:                   0                0                0 
[54.373s][info][gc,ref] GC(23) O: Phantom References:                 1                1                0 
Phase 3.4: Clearing strong references...
Cleared 1468002 strong references, 1468001 remaining
Waiting 3000 ms...
Phase 3.5: Clearing strong references...
Cleared 1468001 strong references, 0 remaining
Waiting 3000 ms...
[61.166s][info][gc,ref] GC(24) O:                           Encountered       Discovered Cleared/Enqueued 
[61.166s][info][gc,ref] GC(24) O: Soft References:                  238                0                0 
[61.166s][info][gc,ref] GC(24) O: Weak References:               221996           167946            73781 
[61.166s][info][gc,ref] GC(24) O: Weak (No Queue):              5577562          4566509          2788757 
[61.166s][info][gc,ref] GC(24) O: Weak Fields:                        0                0                0 
[61.166s][info][gc,ref] GC(24) O: Final References:                   0                0                0 
[61.166s][info][gc,ref] GC(24) O: Phantom References:                 1                1                0 
Waiting 6000 ms...
[67.087s][info][gc,ref] GC(25) O:                           Encountered       Discovered Cleared/Enqueued 
[67.087s][info][gc,ref] GC(25) O: Soft References:                  238                0                0 
[67.088s][info][gc,ref] GC(25) O: Weak References:               148215           148124           147201 
[67.088s][info][gc,ref] GC(25) O: Weak (No Queue):              2788805          2788802          2788802 
[67.088s][info][gc,ref] GC(25) O: Weak Fields:                        0                0                0 
[67.088s][info][gc,ref] GC(25) O: Final References:                   0                0                0 
[67.088s][info][gc,ref] GC(25) O: Phantom References:                 1                1                0 
Phase 4: Final weak reference checks...
Final count of alive weak references: 0
References enqueued in ReferenceQueue: 367001
Cooling down for 5 seconds...
[70.332s][info][gc,ref] GC(26) O:                           Encountered       Discovered Cleared/Enqueued 
[70.332s][info][gc,ref] GC(26) O: Soft References:                  238                0                0 
[70.332s][info][gc,ref] GC(26) O: Weak References:                 1014              887                0 
[70.332s][info][gc,ref] GC(26) O: Weak (No Queue):                    3                0                0 
[70.332s][info][gc,ref] GC(26) O: Weak Fields:                        0                0                0 
[70.332s][info][gc,ref] GC(26) O: Final References:                   0                0                0 
[70.332s][info][gc,ref] GC(26) O: Phantom References:                 1                1                0 
[70.872s][info][gc,ref] GC(27) O:                           Encountered       Discovered Cleared/Enqueued 
[70.872s][info][gc,ref] GC(27) O: Soft References:                  238                0                0 
[70.872s][info][gc,ref] GC(27) O: Weak References:                 1014              820                0 
[70.872s][info][gc,ref] GC(27) O: Weak (No Queue):                    3                3                0 
[70.873s][info][gc,ref] GC(27) O: Weak Fields:                        0                0                0 
[70.873s][info][gc,ref] GC(27) O: Final References:                   0                0                0 
[70.873s][info][gc,ref] GC(27) O: Phantom References:                 1                1                0 
[71.407s][info][gc,ref] GC(28) O:                           Encountered       Discovered Cleared/Enqueued 
[71.407s][info][gc,ref] GC(28) O: Soft References:                  238                0                0 
[71.407s][info][gc,ref] GC(28) O: Weak References:                 1014              805                0 
[71.407s][info][gc,ref] GC(28) O: Weak (No Queue):                    3                3                0 
[71.407s][info][gc,ref] GC(28) O: Weak Fields:                        0                0                0 
[71.407s][info][gc,ref] GC(28) O: Final References:                   0                0                0 
[71.407s][info][gc,ref] GC(28) O: Phantom References:                 1                1                0 
[71.944s][info][gc,ref] GC(29) O:                           Encountered       Discovered Cleared/Enqueued 
[71.944s][info][gc,ref] GC(29) O: Soft References:                  238                0                0 
[71.944s][info][gc,ref] GC(29) O: Weak References:                 1014              804                0 
[71.944s][info][gc,ref] GC(29) O: Weak (No Queue):                    3                3                0 
[71.944s][info][gc,ref] GC(29) O: Weak Fields:                        0                0                0 
[71.944s][info][gc,ref] GC(29) O: Final References:                   0                0                0 
[71.944s][info][gc,ref] GC(29) O: Phantom References:                 1                1                0 
[72.479s][info][gc,ref] GC(30) O:                           Encountered       Discovered Cleared/Enqueued 
[72.479s][info][gc,ref] GC(30) O: Soft References:                  238                0                0 
[72.479s][info][gc,ref] GC(30) O: Weak References:                 1014              778                0 
[72.479s][info][gc,ref] GC(30) O: Weak (No Queue):                    3                0                0 
[72.479s][info][gc,ref] GC(30) O: Weak Fields:                        0                0                0 
[72.479s][info][gc,ref] GC(30) O: Final References:                   0                0                0 
[72.479s][info][gc,ref] GC(30) O: Phantom References:                 1                1                0 
[73.014s][info][gc,ref] GC(31) O:                           Encountered       Discovered Cleared/Enqueued 
[73.014s][info][gc,ref] GC(31) O: Soft References:                  238                0                0 
[73.014s][info][gc,ref] GC(31) O: Weak References:                 1014              793                0 
[73.014s][info][gc,ref] GC(31) O: Weak (No Queue):                    3                0                0 
[73.014s][info][gc,ref] GC(31) O: Weak Fields:                        0                0                0 
[73.014s][info][gc,ref] GC(31) O: Final References:                   0                0                0 
[73.014s][info][gc,ref] GC(31) O: Phantom References:                 1                0                0 
[73.552s][info][gc,ref] GC(32) O:                           Encountered       Discovered Cleared/Enqueued 
[73.552s][info][gc,ref] GC(32) O: Soft References:                  238                0                0 
[73.552s][info][gc,ref] GC(32) O: Weak References:                 1014              798                0 
[73.552s][info][gc,ref] GC(32) O: Weak (No Queue):                    3                1                0 
[73.552s][info][gc,ref] GC(32) O: Weak Fields:                        0                0                0 
[73.552s][info][gc,ref] GC(32) O: Final References:                   0                0                0 
[73.552s][info][gc,ref] GC(32) O: Phantom References:                 1                1                0 
[74.087s][info][gc,ref] GC(33) O:                           Encountered       Discovered Cleared/Enqueued 
[74.087s][info][gc,ref] GC(33) O: Soft References:                  238                0                0 
[74.087s][info][gc,ref] GC(33) O: Weak References:                 1014              804                0 
[74.087s][info][gc,ref] GC(33) O: Weak (No Queue):                    3                3                0 
[74.087s][info][gc,ref] GC(33) O: Weak Fields:                        0                0                0 
[74.087s][info][gc,ref] GC(33) O: Final References:                   0                0                0 
[74.087s][info][gc,ref] GC(33) O: Phantom References:                 1                1                0 
[74.622s][info][gc,ref] GC(34) O:                           Encountered       Discovered Cleared/Enqueued 
[74.622s][info][gc,ref] GC(34) O: Soft References:                  238                0                0 
[74.622s][info][gc,ref] GC(34) O: Weak References:                 1014              834                0 
[74.622s][info][gc,ref] GC(34) O: Weak (No Queue):                    3                0                0 
[74.622s][info][gc,ref] GC(34) O: Weak Fields:                        0                0                0 
[74.622s][info][gc,ref] GC(34) O: Final References:                   0                0                0 
[74.622s][info][gc,ref] GC(34) O: Phantom References:                 1                1                0 

=== Iteration 3 ===
Phase 1: Allocating references and objects...
[75.168s][info][gc,ref] GC(35) O:                           Encountered       Discovered Cleared/Enqueued 
[75.168s][info][gc,ref] GC(35) O: Soft References:                  238                0                0 
[75.168s][info][gc,ref] GC(35) O: Weak References:                 1014              804                0 
[75.168s][info][gc,ref] GC(35) O: Weak (No Queue):                    3                3                0 
[75.168s][info][gc,ref] GC(35) O: Weak Fields:                        0                0                0 
[75.168s][info][gc,ref] GC(35) O: Final References:                   0                0                0 
[75.168s][info][gc,ref] GC(35) O: Phantom References:                 1                1                0 
Allocated 7340009 objects in 1.76 seconds
Phase 2: Sleeping for 3000 ms...
[78.667s][info][gc,ref] GC(36) O:                           Encountered       Discovered Cleared/Enqueued 
[78.667s][info][gc,ref] GC(36) O: Soft References:                  238                0                0 
[78.667s][info][gc,ref] GC(36) O: Weak References:               368015              844                0 
[78.667s][info][gc,ref] GC(36) O: Weak (No Queue):              1491531                3                0 
[78.667s][info][gc,ref] GC(36) O: Weak Fields:                        0                0                0 
[78.667s][info][gc,ref] GC(36) O: Final References:                   0                0                0 
[78.667s][info][gc,ref] GC(36) O: Phantom References:                 1                1                0 
Phase 3.1: Clearing strong references...
Cleared 1468002 strong references, 5872007 remaining
Waiting 3000 ms...
Phase 3.2: Clearing strong references...
Cleared 1468002 strong references, 4404005 remaining
Waiting 3000 ms...
[83.384s][info][gc,ref] GC(37) O:                           Encountered       Discovered Cleared/Enqueued 
[83.384s][info][gc,ref] GC(37) O: Soft References:                  238                0                0 
[83.384s][info][gc,ref] GC(37) O: Weak References:               368015              784                0 
[83.384s][info][gc,ref] GC(37) O: Weak (No Queue):              6973011                3                0 
[83.384s][info][gc,ref] GC(37) O: Weak Fields:                        0                0                0 
[83.384s][info][gc,ref] GC(37) O: Final References:                   0                0                0 
[83.384s][info][gc,ref] GC(37) O: Phantom References:                 1                1                0 
Phase 3.3: Clearing strong references...
Cleared 1468002 strong references, 2936003 remaining
Waiting 3000 ms...
[88.540s][info][gc,ref] GC(38) O:                           Encountered       Discovered Cleared/Enqueued 
[88.540s][info][gc,ref] GC(38) O: Soft References:                  238                0                0 
[88.540s][info][gc,ref] GC(38) O: Weak References:               368015           307111           147190 
[88.540s][info][gc,ref] GC(38) O: Weak (No Queue):              6973011          1243817           596320 
[88.540s][info][gc,ref] GC(38) O: Weak Fields:                        0                0                0 
[88.540s][info][gc,ref] GC(38) O: Final References:                   0                0                0 
[88.540s][info][gc,ref] GC(38) O: Phantom References:                 1                1                0 
Phase 3.4: Clearing strong references...
Cleared 1468002 strong references, 1468001 remaining
Waiting 3000 ms...
Phase 3.5: Clearing strong references...
Cleared 1468001 strong references, 0 remaining
Waiting 3000 ms...
[94.942s][info][gc,ref] GC(39) O:                           Encountered       Discovered Cleared/Enqueued 
[94.942s][info][gc,ref] GC(39) O: Soft References:                  238                0                0 
[94.942s][info][gc,ref] GC(39) O: Weak References:               220825           174684            73200 
[94.942s][info][gc,ref] GC(39) O: Weak (No Queue):              6376691          5503274          3587296 
[94.942s][info][gc,ref] GC(39) O: Weak Fields:                        0                0                0 
[94.942s][info][gc,ref] GC(39) O: Final References:                   0                0                0 
[94.942s][info][gc,ref] GC(39) O: Phantom References:                 1                1                0 
Waiting 6000 ms...
[100.839s][info][gc,ref] GC(40) O:                           Encountered       Discovered Cleared/Enqueued 
[100.839s][info][gc,ref] GC(40) O: Soft References:                  238                0                0 
[100.839s][info][gc,ref] GC(40) O: Weak References:               147625           147437           146611 
[100.839s][info][gc,ref] GC(40) O: Weak (No Queue):              2789395          2789395          2789392 
[100.839s][info][gc,ref] GC(40) O: Weak Fields:                        0                0                0 
[100.839s][info][gc,ref] GC(40) O: Final References:                   0                0                0 
[100.839s][info][gc,ref] GC(40) O: Phantom References:                 1                1                0 
Phase 4: Final weak reference checks...
Final count of alive weak references: 0
References enqueued in ReferenceQueue: 367001
Cooling down for 5 seconds...
[104.599s][info][gc,ref] GC(41) O:                           Encountered       Discovered Cleared/Enqueued 
[104.599s][info][gc,ref] GC(41) O: Soft References:                  238                0                0 
[104.599s][info][gc,ref] GC(41) O: Weak References:                 1014              826                0 
[104.599s][info][gc,ref] GC(41) O: Weak (No Queue):                    3                1                0 
[104.599s][info][gc,ref] GC(41) O: Weak Fields:                        0                0                0 
[104.599s][info][gc,ref] GC(41) O: Final References:                   0                0                0 
[104.599s][info][gc,ref] GC(41) O: Phantom References:                 1                0                0 
[105.138s][info][gc,ref] GC(42) O:                           Encountered       Discovered Cleared/Enqueued 
[105.138s][info][gc,ref] GC(42) O: Soft References:                  238                0                0 
[105.138s][info][gc,ref] GC(42) O: Weak References:                 1014              688                0 
[105.138s][info][gc,ref] GC(42) O: Weak (No Queue):                    3                3                0 
[105.138s][info][gc,ref] GC(42) O: Weak Fields:                        0                0                0 
[105.138s][info][gc,ref] GC(42) O: Final References:                   0                0                0 
[105.138s][info][gc,ref] GC(42) O: Phantom References:                 1                1                0 
[105.676s][info][gc,ref] GC(43) O:                           Encountered       Discovered Cleared/Enqueued 
[105.676s][info][gc,ref] GC(43) O: Soft References:                  238                0                0 
[105.676s][info][gc,ref] GC(43) O: Weak References:                 1014              881                0 
[105.676s][info][gc,ref] GC(43) O: Weak (No Queue):                    3                1                0 
[105.676s][info][gc,ref] GC(43) O: Weak Fields:                        0                0                0 
[105.676s][info][gc,ref] GC(43) O: Final References:                   0                0                0 
[105.676s][info][gc,ref] GC(43) O: Phantom References:                 1                0                0 
[106.209s][info][gc,ref] GC(44) O:                           Encountered       Discovered Cleared/Enqueued 
[106.209s][info][gc,ref] GC(44) O: Soft References:                  238                0                0 
[106.209s][info][gc,ref] GC(44) O: Weak References:                 1014              791                0 
[106.209s][info][gc,ref] GC(44) O: Weak (No Queue):                    3                3                0 
[106.209s][info][gc,ref] GC(44) O: Weak Fields:                        0                0                0 
[106.209s][info][gc,ref] GC(44) O: Final References:                   0                0                0 
[106.209s][info][gc,ref] GC(44) O: Phantom References:                 1                1                0 
[106.743s][info][gc,ref] GC(45) O:                           Encountered       Discovered Cleared/Enqueued 
[106.743s][info][gc,ref] GC(45) O: Soft References:                  238                0                0 
[106.743s][info][gc,ref] GC(45) O: Weak References:                 1014              746                0 
[106.743s][info][gc,ref] GC(45) O: Weak (No Queue):                    3                3                0 
[106.743s][info][gc,ref] GC(45) O: Weak Fields:                        0                0                0 
[106.743s][info][gc,ref] GC(45) O: Final References:                   0                0                0 
[106.743s][info][gc,ref] GC(45) O: Phantom References:                 1                1                0 
[107.277s][info][gc,ref] GC(46) O:                           Encountered       Discovered Cleared/Enqueued 
[107.277s][info][gc,ref] GC(46) O: Soft References:                  238                0                0 
[107.277s][info][gc,ref] GC(46) O: Weak References:                 1014              836                0 
[107.277s][info][gc,ref] GC(46) O: Weak (No Queue):                    3                3                0 
[107.277s][info][gc,ref] GC(46) O: Weak Fields:                        0                0                0 
[107.277s][info][gc,ref] GC(46) O: Final References:                   0                0                0 
[107.277s][info][gc,ref] GC(46) O: Phantom References:                 1                1                0 
[107.802s][info][gc,ref] GC(47) O:                           Encountered       Discovered Cleared/Enqueued 
[107.802s][info][gc,ref] GC(47) O: Soft References:                  238                0                0 
[107.802s][info][gc,ref] GC(47) O: Weak References:                 1014              823                0 
[107.802s][info][gc,ref] GC(47) O: Weak (No Queue):                    3                3                0 
[107.802s][info][gc,ref] GC(47) O: Weak Fields:                        0                0                0 
[107.802s][info][gc,ref] GC(47) O: Final References:                   0                0                0 
[107.802s][info][gc,ref] GC(47) O: Phantom References:                 1                1                0 
[108.122s][info][gc,stats] === Garbage Collection Statistics =======================================================================================================================
[108.123s][info][gc,stats]                                                              Last 10s              Last 10m              Last 10h                Total
[108.123s][info][gc,stats]                                                              Avg / Max             Avg / Max             Avg / Max             Avg / Max
[108.123s][info][gc,stats]        Contention: Mark Segment Reset Contention                     0 / 1                 0 / 14                0 / 14                0 / 14          ops/s
[108.123s][info][gc,stats]        Contention: Mark SeqNum Reset Contention                      0 / 1                 0 / 5                 0 / 5                 0 / 5           ops/s
[108.123s][info][gc,stats]          Critical: Allocation Stall                                  0 / 0                 0 / 0                 0 / 0                 0 / 0           ops/s
[108.123s][info][gc,stats]          Critical: Allocation Stall                              0.000 / 0.000         0.000 / 0.000         0.000 / 0.000         0.000 / 0.000       ms
[108.123s][info][gc,stats]          Critical: JNI Critical Stall                                0 / 0                 0 / 0                 0 / 0                 0 / 0           ops/s
[108.123s][info][gc,stats]          Critical: JNI Critical Stall                            0.000 / 0.000         0.000 / 0.000         0.000 / 0.000         0.000 / 0.000       ms
[108.123s][info][gc,stats]          Critical: Relocation Stall                                  0 / 0                 0 / 0                 0 / 0                 0 / 0           ops/s
[108.123s][info][gc,stats]          Critical: Relocation Stall                              0.000 / 0.000         0.000 / 0.000         0.000 / 0.000         0.000 / 0.000       ms
[108.123s][info][gc,stats]  Major Collection: Major Collection                           1101.413 / 5390.509   1712.780 / 6486.398   1712.780 / 6486.398   1712.780 / 6486.398    ms
[108.123s][info][gc,stats]            Memory: Allocation Rate                                   0 / 2               190 / 4582            190 / 4582            190 / 4582        MB/s
[108.123s][info][gc,stats]            Memory: Defragment                                        0 / 0                 0 / 0                 0 / 0                 0 / 0           ops/s
[108.123s][info][gc,stats]            Memory: Mapped Cache Harvest                              0 / 0                 0 / 0                 0 / 0                 0 / 0           MB/s
[108.123s][info][gc,stats]            Memory: Out Of Memory                                     0 / 0                 0 / 0                 0 / 0                 0 / 0           ops/s
[108.123s][info][gc,stats]            Memory: Uncommit                                          0 / 0                 0 / 0                 0 / 0                 0 / 0           MB/s
[108.123s][info][gc,stats]            Memory: Undo Object Allocation Failed                     0 / 0                 0 / 0                 0 / 0                 0 / 0           ops/s
[108.123s][info][gc,stats]            Memory: Undo Object Allocation Succeeded                  0 / 0                 0 / 1                 0 / 1                 0 / 1           ops/s
[108.123s][info][gc,stats]            Memory: Undo Page Allocation                              0 / 0                 0 / 0                 0 / 0                 0 / 0           ops/s
[108.123s][info][gc,stats]  Minor Collection: Minor Collection                              0.000 / 0.000         0.000 / 0.000         0.000 / 0.000         0.000 / 0.000       ms
[108.123s][info][gc,stats]    Old Generation: Old Generation                             1083.013 / 5299.655   1141.619 / 6390.431   1141.619 / 6390.431   1141.619 / 6390.431    ms
[108.123s][info][gc,stats]         Old Pause: Pause Mark End                                0.012 / 0.015         0.012 / 0.016         0.012 / 0.016         0.012 / 0.016       ms
[108.123s][info][gc,stats]         Old Pause: Pause Relocate Start                          0.008 / 0.013         0.010 / 0.015         0.010 / 0.015         0.010 / 0.015       ms
[108.123s][info][gc,stats]         Old Phase: Concurrent Mark                             996.128 / 4656.791    970.123 / 5424.267    970.123 / 5424.267    970.123 / 5424.267    ms
[108.123s][info][gc,stats]         Old Phase: Concurrent Mark Continue                      0.000 / 0.000         0.000 / 0.000         0.000 / 0.000         0.000 / 0.000       ms
[108.123s][info][gc,stats]         Old Phase: Concurrent Mark Free                          0.004 / 0.009         0.004 / 0.009         0.004 / 0.009         0.004 / 0.009       ms
[108.123s][info][gc,stats]         Old Phase: Concurrent Process Non-Strong                14.497 / 103.310      28.631 / 255.362      28.631 / 255.362      28.631 / 255.362     ms
[108.123s][info][gc,stats]         Old Phase: Concurrent Relocate                          61.937 / 482.885     110.062 / 844.798     110.062 / 844.798     110.062 / 844.798     ms
[108.123s][info][gc,stats]         Old Phase: Concurrent Remap Roots                        4.573 / 32.306       21.128 / 101.526      21.128 / 101.526      21.128 / 101.526     ms
[108.123s][info][gc,stats]         Old Phase: Concurrent Reset Relocation Set               0.027 / 0.144         0.018 / 0.144         0.018 / 0.144         0.018 / 0.144       ms
[108.123s][info][gc,stats]         Old Phase: Concurrent Select Relocation Set              5.696 / 23.999       11.417 / 92.531       11.417 / 92.531       11.417 / 92.531      ms
[108.123s][info][gc,stats]      Old Subphase: Concurrent Classes Purge                      0.004 / 0.007         0.017 / 0.179         0.017 / 0.179         0.017 / 0.179       ms
[108.123s][info][gc,stats]      Old Subphase: Concurrent Classes Unlink                     1.418 / 1.546         1.422 / 1.643         1.422 / 1.643         1.422 / 1.643       ms
[108.123s][info][gc,stats]      Old Subphase: Concurrent Mark Follow                      995.996 / 4656.593    969.979 / 5424.100    969.979 / 5424.100    969.979 / 5424.100    ms
[108.123s][info][gc,stats]      Old Subphase: Concurrent Mark Root Colored                  0.040 / 0.086         0.031 / 0.119         0.031 / 0.119         0.031 / 0.119       ms
[108.123s][info][gc,stats]      Old Subphase: Concurrent Mark Root Uncolored                0.022 / 0.043         0.028 / 0.108         0.028 / 0.108         0.028 / 0.108       ms
[108.123s][info][gc,stats]      Old Subphase: Concurrent Mark Roots                         0.120 / 0.193         0.142 / 0.299         0.142 / 0.299         0.142 / 0.299       ms
[108.123s][info][gc,stats]      Old Subphase: Concurrent References Enqueue                 0.001 / 0.004         0.001 / 0.005         0.001 / 0.005         0.001 / 0.005       ms
[108.123s][info][gc,stats]      Old Subphase: Concurrent References Process                12.739 / 101.261      26.768 / 253.180      26.768 / 253.180      26.768 / 253.180     ms
[108.123s][info][gc,stats]      Old Subphase: Concurrent Remap Remembered                   4.195 / 31.684       16.261 / 100.913      16.261 / 100.913      16.261 / 100.913     ms
[108.123s][info][gc,stats]      Old Subphase: Concurrent Remap Roots Colored                0.061 / 0.110         0.155 / 0.556         0.155 / 0.556         0.155 / 0.556       ms
[108.123s][info][gc,stats]      Old Subphase: Concurrent Remap Roots Uncolored              0.237 / 0.341         0.226 / 0.347         0.226 / 0.347         0.226 / 0.347       ms
[108.123s][info][gc,stats]      Old Subphase: Concurrent Roots ClassLoaderDataGraph         0.035 / 0.075         0.099 / 0.526         0.099 / 0.526         0.099 / 0.526       ms
[108.123s][info][gc,stats]      Old Subphase: Concurrent Roots CodeCache                    0.235 / 0.339         0.224 / 0.344         0.224 / 0.344         0.224 / 0.344       ms
[108.123s][info][gc,stats]      Old Subphase: Concurrent Roots JavaThreads                  0.008 / 0.042         0.010 / 0.107         0.010 / 0.107         0.010 / 0.107       ms
[108.123s][info][gc,stats]      Old Subphase: Concurrent Roots OopStorageSet                0.003 / 0.009         0.004 / 0.017         0.004 / 0.017         0.004 / 0.017       ms
[108.123s][info][gc,stats]      Old Subphase: Concurrent Weak Roots OopStorageSet           0.083 / 0.199         0.086 / 0.246         0.086 / 0.246         0.086 / 0.246       ms
[108.123s][info][gc,stats]            System: Java Threads                                     11 / 11               11 / 13               11 / 13               11 / 13          threads
[108.123s][info][gc,stats]  Young Generation: Young Generation                              7.951 / 34.893      571.060 / 4227.360    571.060 / 4227.360    571.060 / 4227.360    ms
[108.123s][info][gc,stats]  Young Generation: Young Generation                              0.000 / 0.000         0.000 / 0.000         0.000 / 0.000         0.000 / 0.000       ms
[108.123s][info][gc,stats]  Young Generation: Young Generation (Collect Roots)              0.000 / 0.000         0.000 / 0.000         0.000 / 0.000         0.000 / 0.000       ms
[108.123s][info][gc,stats]  Young Generation: Young Generation (Promote All)                0.000 / 0.000         0.000 / 0.000         0.000 / 0.000         0.000 / 0.000       ms
[108.123s][info][gc,stats]       Young Pause: Pause Mark End                                0.010 / 0.013         0.011 / 0.017         0.011 / 0.017         0.011 / 0.017       ms
[108.123s][info][gc,stats]       Young Pause: Pause Mark Start                              0.000 / 0.000         0.000 / 0.000         0.000 / 0.000         0.000 / 0.000       ms
[108.123s][info][gc,stats]       Young Pause: Pause Mark Start (Major)                      0.016 / 0.028         0.015 / 0.028         0.015 / 0.028         0.015 / 0.028       ms
[108.123s][info][gc,stats]       Young Pause: Pause Relocate Start                          0.007 / 0.008         0.008 / 0.022         0.008 / 0.022         0.008 / 0.022       ms
[108.123s][info][gc,stats]       Young Phase: Concurrent Mark                               7.220 / 34.350      509.763 / 3804.482    509.763 / 3804.482    509.763 / 3804.482    ms
[108.123s][info][gc,stats]       Young Phase: Concurrent Mark Continue                      0.000 / 0.000         0.000 / 0.000         0.000 / 0.000         0.000 / 0.000       ms
[108.123s][info][gc,stats]       Young Phase: Concurrent Mark Free                          0.001 / 0.001         0.002 / 0.008         0.002 / 0.008         0.002 / 0.008       ms
[108.123s][info][gc,stats]       Young Phase: Concurrent Relocate                           0.039 / 0.056        34.315 / 310.419      34.315 / 310.419      34.315 / 310.419     ms
[108.123s][info][gc,stats]       Young Phase: Concurrent Reset Relocation Set               0.000 / 0.000         0.119 / 2.472         0.119 / 2.472         0.119 / 2.472       ms
[108.123s][info][gc,stats]       Young Phase: Concurrent Select Relocation Set              0.225 / 0.443        26.338 / 239.537      26.338 / 239.537      26.338 / 239.537     ms
[108.123s][info][gc,stats]    Young Subphase: Concurrent Mark Follow                        6.184 / 33.313      508.604 / 3803.276    508.604 / 3803.276    508.604 / 3803.276    ms
[108.123s][info][gc,stats]    Young Subphase: Concurrent Mark Root Colored                  0.650 / 0.756         0.681 / 1.388         0.681 / 1.388         0.681 / 1.388       ms
[108.123s][info][gc,stats]    Young Subphase: Concurrent Mark Root Uncolored                0.267 / 0.309         0.273 / 0.503         0.273 / 0.503         0.273 / 0.503       ms
[108.123s][info][gc,stats]    Young Subphase: Concurrent Mark Roots                         1.034 / 1.064         1.156 / 1.520         1.156 / 1.520         1.156 / 1.520       ms
[108.123s][info][gc,stats]    Young Subphase: Concurrent Relocate Remset FP                 0.010 / 0.014        33.969 / 310.369      33.969 / 310.369      33.969 / 310.369     ms
[108.123s][info][gc,stats]    Young Subphase: Concurrent Roots ClassLoaderDataGraph         0.546 / 0.598         0.542 / 0.661         0.542 / 0.661         0.542 / 0.661       ms
[108.123s][info][gc,stats]    Young Subphase: Concurrent Roots CodeCache                    0.238 / 0.285         0.241 / 0.359         0.241 / 0.359         0.241 / 0.359       ms
[108.123s][info][gc,stats]    Young Subphase: Concurrent Roots JavaThreads                  0.015 / 0.044         0.020 / 0.503         0.020 / 0.503         0.020 / 0.503       ms
[108.123s][info][gc,stats]    Young Subphase: Concurrent Roots OopStorageSet                0.006 / 0.007         0.064 / 1.386         0.064 / 1.386         0.064 / 1.386       ms
[108.123s][info][gc,stats]    Young Subphase: Concurrent Weak Roots OopStorageSet           0.100 / 0.177         0.113 / 0.288         0.113 / 0.288         0.113 / 0.288       ms
[108.123s][info][gc,stats] =========================================================================================================================================================
