
=== RUN 56/80 (GA clear_path_only) ===

[0.026s][info][gc,ref] Reference Processor created, Macros: ZUseSeparateDiscoveredLists=0, ZUseDynamicArray=0, ZUseOptimisedClearPath=1
[1.829s][info][gc,ref] GC(0) O:                           Encountered       Discovered Cleared/Enqueued 
[1.829s][info][gc,ref] GC(0) O: Soft References:                    0                0                0 
[1.829s][info][gc,ref] GC(0) O: Weak References:                    0                0                0 
[1.829s][info][gc,ref] GC(0) O: Weak (No Queue):                    0                0                0 
[1.829s][info][gc,ref] GC(0) O: Weak Fields:                        0                0                0 
[1.829s][info][gc,ref] GC(0) O: Final References:                   0                0                0 
[1.829s][info][gc,ref] GC(0) O: Phantom References:                 0                0                0 
[2.355s][info][gc,ref] GC(1) O:                           Encountered       Discovered Cleared/Enqueued 
[2.355s][info][gc,ref] GC(1) O: Soft References:                  148                0                0 
[2.355s][info][gc,ref] GC(1) O: Weak References:                  605                0                0 
[2.355s][info][gc,ref] GC(1) O: Weak (No Queue):                    3                0                0 
[2.355s][info][gc,ref] GC(1) O: Weak Fields:                        0                0                0 
[2.355s][info][gc,ref] GC(1) O: Final References:                   0                0                0 
[2.355s][info][gc,ref] GC(1) O: Phantom References:                 1                0                0 
[2.887s][info][gc,ref] GC(2) O:                           Encountered       Discovered Cleared/Enqueued 
[2.887s][info][gc,ref] GC(2) O: Soft References:                  162                0                0 
[2.887s][info][gc,ref] GC(2) O: Weak References:                  841                0                0 
[2.887s][info][gc,ref] GC(2) O: Weak (No Queue):                    3                0                0 
[2.887s][info][gc,ref] GC(2) O: Weak Fields:                        0                0                0 
[2.887s][info][gc,ref] GC(2) O: Final References:                   0                0                0 
[2.887s][info][gc,ref] GC(2) O: Phantom References:                 1                0                0 
WeakRefMultiObjectBenchmark: objects=7340009 minSize=509 maxSize=1097 sleepMillis=3000 iterations=3

=== Iteration 1 ===
Phase 1: Allocating references and objects...
[3.425s][info][gc,ref] GC(3) O:                           Encountered       Discovered Cleared/Enqueued 
[3.425s][info][gc,ref] GC(3) O: Soft References:                  238                0                0 
[3.425s][info][gc,ref] GC(3) O: Weak References:                 1349              406              129 
[3.425s][info][gc,ref] GC(3) O: Weak (No Queue):                    3                3                0 
[3.425s][info][gc,ref] GC(3) O: Weak Fields:                        0                0                0 
[3.425s][info][gc,ref] GC(3) O: Final References:                   0                0                0 
[3.425s][info][gc,ref] GC(3) O: Phantom References:                 1                1                0 
[4.130s][info][gc,ref] GC(4) O:                           Encountered       Discovered Cleared/Enqueued 
[4.130s][info][gc,ref] GC(4) O: Soft References:                  238                0                0 
[4.130s][info][gc,ref] GC(4) O: Weak References:                 1220              343               69 
[4.130s][info][gc,ref] GC(4) O: Weak (No Queue):                    3                2                0 
[4.130s][info][gc,ref] GC(4) O: Weak Fields:                        0                0                0 
[4.130s][info][gc,ref] GC(4) O: Final References:                   0                0                0 
[4.130s][info][gc,ref] GC(4) O: Phantom References:                 1                1                0 
[5.394s][info][gc,ref] GC(5) O:                           Encountered       Discovered Cleared/Enqueued 
[5.394s][info][gc,ref] GC(5) O: Soft References:                  238                0                0 
[5.394s][info][gc,ref] GC(5) O: Weak References:               368152              394              137 
[5.394s][info][gc,ref] GC(5) O: Weak (No Queue):               822788                3                0 
[5.394s][info][gc,ref] GC(5) O: Weak Fields:                        0                0                0 
[5.394s][info][gc,ref] GC(5) O: Final References:                   0                0                0 
[5.394s][info][gc,ref] GC(5) O: Phantom References:                 1                1                0 
Allocated 7340009 objects in 4.35 seconds
Phase 2: Sleeping for 3000 ms...
[8.128s][info][gc,ref] GC(6) O:                           Encountered       Discovered Cleared/Enqueued 
[8.128s][info][gc,ref] GC(6) O: Soft References:                  238                0                0 
[8.128s][info][gc,ref] GC(6) O: Weak References:               368015              878                0 
[8.128s][info][gc,ref] GC(6) O: Weak (No Queue):              3439736                3                0 
[8.128s][info][gc,ref] GC(6) O: Weak Fields:                        0                0                0 
[8.128s][info][gc,ref] GC(6) O: Final References:                   0                0                0 
[8.128s][info][gc,ref] GC(6) O: Phantom References:                 1                1                0 
Phase 3.1: Clearing strong references...
Cleared 1468002 strong references, 5872007 remaining
Waiting 3000 ms...
[13.094s][info][gc,ref] GC(7) O:                           Encountered       Discovered Cleared/Enqueued 
[13.094s][info][gc,ref] GC(7) O: Soft References:                  238                0                0 
[13.094s][info][gc,ref] GC(7) O: Weak References:               368015           104451                0 
[13.094s][info][gc,ref] GC(7) O: Weak (No Queue):              6973011           232137                0 
[13.094s][info][gc,ref] GC(7) O: Weak Fields:                        0                0                0 
[13.094s][info][gc,ref] GC(7) O: Final References:                   0                0                0 
[13.094s][info][gc,ref] GC(7) O: Phantom References:                 1                1                0 
Phase 3.2: Clearing strong references...
Cleared 1468002 strong references, 4404005 remaining
Waiting 3000 ms...
Phase 3.3: Clearing strong references...
Cleared 1468002 strong references, 2936003 remaining
Waiting 3000 ms...
[19.039s][info][gc,ref] GC(8) O:                           Encountered       Discovered Cleared/Enqueued 
[19.039s][info][gc,ref] GC(8) O: Soft References:                  238                0                0 
[19.039s][info][gc,ref] GC(8) O: Weak References:               368015           169329            73247 
[19.039s][info][gc,ref] GC(8) O: Weak (No Queue):              6973011          1583186           688152 
[19.039s][info][gc,ref] GC(8) O: Weak Fields:                        0                0                0 
[19.039s][info][gc,ref] GC(8) O: Final References:                   0                0                0 
[19.039s][info][gc,ref] GC(8) O: Phantom References:                 1                1                0 
Phase 3.4: Clearing strong references...
Cleared 1468002 strong references, 1468001 remaining
Waiting 3000 ms...
Phase 3.5: Clearing strong references...
Cleared 1468001 strong references, 0 remaining
Waiting 3000 ms...
[26.303s][info][gc,ref] GC(9) O:                           Encountered       Discovered Cleared/Enqueued 
[26.303s][info][gc,ref] GC(9) O: Soft References:                  238                0                0 
[26.303s][info][gc,ref] GC(9) O: Weak References:               294768           285411           146224 
[26.303s][info][gc,ref] GC(9) O: Weak (No Queue):              6284859          6108782          3496383 
[26.303s][info][gc,ref] GC(9) O: Weak Fields:                        0                0                0 
[26.303s][info][gc,ref] GC(9) O: Final References:                   0                0                0 
[26.303s][info][gc,ref] GC(9) O: Phantom References:                 1                1                0 
Waiting 6000 ms...
[32.338s][info][gc,ref] GC(10) O:                           Encountered       Discovered Cleared/Enqueued 
[32.338s][info][gc,ref] GC(10) O: Soft References:                  238                0                0 
[32.338s][info][gc,ref] GC(10) O: Weak References:               148544           148433           147530 
[32.338s][info][gc,ref] GC(10) O: Weak (No Queue):              2788476          2788476          2788473 
[32.338s][info][gc,ref] GC(10) O: Weak Fields:                        0                0                0 
[32.338s][info][gc,ref] GC(10) O: Final References:                   0                0                0 
[32.338s][info][gc,ref] GC(10) O: Phantom References:                 1                1                0 
Phase 4: Final weak reference checks...
Final count of alive weak references: 0
References enqueued in ReferenceQueue: 367001
Cooling down for 5 seconds...
[35.729s][info][gc,ref] GC(11) O:                           Encountered       Discovered Cleared/Enqueued 
[35.730s][info][gc,ref] GC(11) O: Soft References:                  238                0                0 
[35.730s][info][gc,ref] GC(11) O: Weak References:                 1014              914                0 
[35.730s][info][gc,ref] GC(11) O: Weak (No Queue):                    3                3                0 
[35.730s][info][gc,ref] GC(11) O: Weak Fields:                        0                0                0 
[35.730s][info][gc,ref] GC(11) O: Final References:                   0                0                0 
[35.730s][info][gc,ref] GC(11) O: Phantom References:                 1                1                0 
[36.269s][info][gc,ref] GC(12) O:                           Encountered       Discovered Cleared/Enqueued 
[36.269s][info][gc,ref] GC(12) O: Soft References:                  238                0                0 
[36.269s][info][gc,ref] GC(12) O: Weak References:                 1014              838                0 
[36.269s][info][gc,ref] GC(12) O: Weak (No Queue):                    3                3                0 
[36.269s][info][gc,ref] GC(12) O: Weak Fields:                        0                0                0 
[36.269s][info][gc,ref] GC(12) O: Final References:                   0                0                0 
[36.269s][info][gc,ref] GC(12) O: Phantom References:                 1                1                0 
[36.805s][info][gc,ref] GC(13) O:                           Encountered       Discovered Cleared/Enqueued 
[36.806s][info][gc,ref] GC(13) O: Soft References:                  238                0                0 
[36.806s][info][gc,ref] GC(13) O: Weak References:                 1014              838                0 
[36.806s][info][gc,ref] GC(13) O: Weak (No Queue):                    3                3                0 
[36.806s][info][gc,ref] GC(13) O: Weak Fields:                        0                0                0 
[36.806s][info][gc,ref] GC(13) O: Final References:                   0                0                0 
[36.806s][info][gc,ref] GC(13) O: Phantom References:                 1                1                0 
[37.338s][info][gc,ref] GC(14) O:                           Encountered       Discovered Cleared/Enqueued 
[37.338s][info][gc,ref] GC(14) O: Soft References:                  238                0                0 
[37.338s][info][gc,ref] GC(14) O: Weak References:                 1014              794                0 
[37.338s][info][gc,ref] GC(14) O: Weak (No Queue):                    3                3                0 
[37.338s][info][gc,ref] GC(14) O: Weak Fields:                        0                0                0 
[37.338s][info][gc,ref] GC(14) O: Final References:                   0                0                0 
[37.338s][info][gc,ref] GC(14) O: Phantom References:                 1                1                0 
[37.874s][info][gc,ref] GC(15) O:                           Encountered       Discovered Cleared/Enqueued 
[37.874s][info][gc,ref] GC(15) O: Soft References:                  238                0                0 
[37.874s][info][gc,ref] GC(15) O: Weak References:                 1014              843                0 
[37.874s][info][gc,ref] GC(15) O: Weak (No Queue):                    3                1                0 
[37.874s][info][gc,ref] GC(15) O: Weak Fields:                        0                0                0 
[37.874s][info][gc,ref] GC(15) O: Final References:                   0                0                0 
[37.874s][info][gc,ref] GC(15) O: Phantom References:                 1                0                0 
[38.406s][info][gc,ref] GC(16) O:                           Encountered       Discovered Cleared/Enqueued 
[38.406s][info][gc,ref] GC(16) O: Soft References:                  238                0                0 
[38.406s][info][gc,ref] GC(16) O: Weak References:                 1014              896                0 
[38.406s][info][gc,ref] GC(16) O: Weak (No Queue):                    3                1                0 
[38.406s][info][gc,ref] GC(16) O: Weak Fields:                        0                0                0 
[38.406s][info][gc,ref] GC(16) O: Final References:                   0                0                0 
[38.406s][info][gc,ref] GC(16) O: Phantom References:                 1                0                0 
[38.931s][info][gc,ref] GC(17) O:                           Encountered       Discovered Cleared/Enqueued 
[38.931s][info][gc,ref] GC(17) O: Soft References:                  238                0                0 
[38.931s][info][gc,ref] GC(17) O: Weak References:                 1014              760                0 
[38.931s][info][gc,ref] GC(17) O: Weak (No Queue):                    3                1                0 
[38.931s][info][gc,ref] GC(17) O: Weak Fields:                        0                0                0 
[38.931s][info][gc,ref] GC(17) O: Final References:                   0                0                0 
[38.931s][info][gc,ref] GC(17) O: Phantom References:                 1                1                0 
[39.457s][info][gc,ref] GC(18) O:                           Encountered       Discovered Cleared/Enqueued 
[39.457s][info][gc,ref] GC(18) O: Soft References:                  238                0                0 
[39.457s][info][gc,ref] GC(18) O: Weak References:                 1014              756                0 
[39.457s][info][gc,ref] GC(18) O: Weak (No Queue):                    3                3                0 
[39.457s][info][gc,ref] GC(18) O: Weak Fields:                        0                0                0 
[39.457s][info][gc,ref] GC(18) O: Final References:                   0                0                0 
[39.457s][info][gc,ref] GC(18) O: Phantom References:                 1                1                0 

=== Iteration 2 ===
Phase 1: Allocating references and objects...
[40.010s][info][gc,ref] GC(19) O:                           Encountered       Discovered Cleared/Enqueued 
[40.010s][info][gc,ref] GC(19) O: Soft References:                  238                0                0 
[40.010s][info][gc,ref] GC(19) O: Weak References:                 1014              836                0 
[40.010s][info][gc,ref] GC(19) O: Weak (No Queue):                    3                3                0 
[40.010s][info][gc,ref] GC(19) O: Weak Fields:                        0                0                0 
[40.010s][info][gc,ref] GC(19) O: Final References:                   0                0                0 
[40.010s][info][gc,ref] GC(19) O: Phantom References:                 1                1                0 
[40.773s][info][gc,ref] GC(20) O:                           Encountered       Discovered Cleared/Enqueued 
[40.773s][info][gc,ref] GC(20) O: Soft References:                  238                0                0 
[40.773s][info][gc,ref] GC(20) O: Weak References:                 1014              836                0 
[40.773s][info][gc,ref] GC(20) O: Weak (No Queue):                    3                3                0 
[40.773s][info][gc,ref] GC(20) O: Weak Fields:                        0                0                0 
[40.773s][info][gc,ref] GC(20) O: Final References:                   0                0                0 
[40.773s][info][gc,ref] GC(20) O: Phantom References:                 1                1                0 
Allocated 7340009 objects in 2.12 seconds
Phase 2: Sleeping for 3000 ms...
[43.323s][info][gc,ref] GC(21) O:                           Encountered       Discovered Cleared/Enqueued 
[43.323s][info][gc,ref] GC(21) O: Soft References:                  238                0                0 
[43.323s][info][gc,ref] GC(21) O: Weak References:               368015              799                0 
[43.323s][info][gc,ref] GC(21) O: Weak (No Queue):              3354903                0                0 
[43.323s][info][gc,ref] GC(21) O: Weak Fields:                        0                0                0 
[43.323s][info][gc,ref] GC(21) O: Final References:                   0                0                0 
[43.323s][info][gc,ref] GC(21) O: Phantom References:                 1                1                0 
Phase 3.1: Clearing strong references...
Cleared 1468002 strong references, 5872007 remaining
Waiting 3000 ms...
[48.291s][info][gc,ref] GC(22) O:                           Encountered       Discovered Cleared/Enqueued 
[48.291s][info][gc,ref] GC(22) O: Soft References:                  238                0                0 
[48.291s][info][gc,ref] GC(22) O: Weak References:               368015              833                0 
[48.291s][info][gc,ref] GC(22) O: Weak (No Queue):              6973011                0                0 
[48.291s][info][gc,ref] GC(22) O: Weak Fields:                        0                0                0 
[48.291s][info][gc,ref] GC(22) O: Final References:                   0                0                0 
[48.291s][info][gc,ref] GC(22) O: Phantom References:                 1                1                0 
Phase 3.2: Clearing strong references...
Cleared 1468002 strong references, 4404005 remaining
Waiting 3000 ms...
Phase 3.3: Clearing strong references...
Cleared 1468002 strong references, 2936003 remaining
Waiting 3000 ms...
[53.972s][info][gc,ref] GC(23) O:                           Encountered       Discovered Cleared/Enqueued 
[53.972s][info][gc,ref] GC(23) O: Soft References:                  238                0                0 
[53.972s][info][gc,ref] GC(23) O: Weak References:               368015           319792           146019 
[53.972s][info][gc,ref] GC(23) O: Weak (No Queue):              6973011          2917726          1342572 
[53.972s][info][gc,ref] GC(23) O: Weak Fields:                        0                0                0 
[53.972s][info][gc,ref] GC(23) O: Final References:                   0                0                0 
[53.972s][info][gc,ref] GC(23) O: Phantom References:                 1                1                0 
Phase 3.4: Clearing strong references...
Cleared 1468002 strong references, 1468001 remaining
Waiting 3000 ms...
Phase 3.5: Clearing strong references...
Cleared 1468001 strong references, 0 remaining
Waiting 3000 ms...
[60.951s][info][gc,ref] GC(24) O:                           Encountered       Discovered Cleared/Enqueued 
[60.951s][info][gc,ref] GC(24) O: Soft References:                  238                0                0 
[60.951s][info][gc,ref] GC(24) O: Weak References:               221996           192783            73781 
[60.951s][info][gc,ref] GC(24) O: Weak (No Queue):              5630439          5081793          2841634 
[60.951s][info][gc,ref] GC(24) O: Weak Fields:                        0                0                0 
[60.951s][info][gc,ref] GC(24) O: Final References:                   0                0                0 
[60.951s][info][gc,ref] GC(24) O: Phantom References:                 1                1                0 
Waiting 6000 ms...
[66.984s][info][gc,ref] GC(25) O:                           Encountered       Discovered Cleared/Enqueued 
[66.984s][info][gc,ref] GC(25) O: Soft References:                  238                0                0 
[66.984s][info][gc,ref] GC(25) O: Weak References:               148215           148051           147201 
[66.984s][info][gc,ref] GC(25) O: Weak (No Queue):              2788805          2788805          2788802 
[66.984s][info][gc,ref] GC(25) O: Weak Fields:                        0                0                0 
[66.984s][info][gc,ref] GC(25) O: Final References:                   0                0                0 
[66.984s][info][gc,ref] GC(25) O: Phantom References:                 1                1                0 
Phase 4: Final weak reference checks...
Final count of alive weak references: 0
References enqueued in ReferenceQueue: 367001
Cooling down for 5 seconds...
[70.413s][info][gc,ref] GC(26) O:                           Encountered       Discovered Cleared/Enqueued 
[70.413s][info][gc,ref] GC(26) O: Soft References:                  238                0                0 
[70.413s][info][gc,ref] GC(26) O: Weak References:                 1014              767                0 
[70.413s][info][gc,ref] GC(26) O: Weak (No Queue):                    3                0                0 
[70.413s][info][gc,ref] GC(26) O: Weak Fields:                        0                0                0 
[70.413s][info][gc,ref] GC(26) O: Final References:                   0                0                0 
[70.413s][info][gc,ref] GC(26) O: Phantom References:                 1                1                0 
[70.958s][info][gc,ref] GC(27) O:                           Encountered       Discovered Cleared/Enqueued 
[70.958s][info][gc,ref] GC(27) O: Soft References:                  238                0                0 
[70.958s][info][gc,ref] GC(27) O: Weak References:                 1014              683                0 
[70.958s][info][gc,ref] GC(27) O: Weak (No Queue):                    3                3                0 
[70.958s][info][gc,ref] GC(27) O: Weak Fields:                        0                0                0 
[70.958s][info][gc,ref] GC(27) O: Final References:                   0                0                0 
[70.958s][info][gc,ref] GC(27) O: Phantom References:                 1                1                0 
[71.491s][info][gc,ref] GC(28) O:                           Encountered       Discovered Cleared/Enqueued 
[71.491s][info][gc,ref] GC(28) O: Soft References:                  238                0                0 
[71.491s][info][gc,ref] GC(28) O: Weak References:                 1014              641                0 
[71.491s][info][gc,ref] GC(28) O: Weak (No Queue):                    3                1                0 
[71.491s][info][gc,ref] GC(28) O: Weak Fields:                        0                0                0 
[71.491s][info][gc,ref] GC(28) O: Final References:                   0                0                0 
[71.491s][info][gc,ref] GC(28) O: Phantom References:                 1                0                0 
[72.016s][info][gc,ref] GC(29) O:                           Encountered       Discovered Cleared/Enqueued 
[72.016s][info][gc,ref] GC(29) O: Soft References:                  238                0                0 
[72.016s][info][gc,ref] GC(29) O: Weak References:                 1014              455                0 
[72.016s][info][gc,ref] GC(29) O: Weak (No Queue):                    3                1                0 
[72.016s][info][gc,ref] GC(29) O: Weak Fields:                        0                0                0 
[72.016s][info][gc,ref] GC(29) O: Final References:                   0                0                0 
[72.016s][info][gc,ref] GC(29) O: Phantom References:                 1                1                0 
[72.542s][info][gc,ref] GC(30) O:                           Encountered       Discovered Cleared/Enqueued 
[72.542s][info][gc,ref] GC(30) O: Soft References:                  238                0                0 
[72.543s][info][gc,ref] GC(30) O: Weak References:                 1014              784                0 
[72.543s][info][gc,ref] GC(30) O: Weak (No Queue):                    3                1                0 
[72.543s][info][gc,ref] GC(30) O: Weak Fields:                        0                0                0 
[72.543s][info][gc,ref] GC(30) O: Final References:                   0                0                0 
[72.543s][info][gc,ref] GC(30) O: Phantom References:                 1                0                0 
[73.068s][info][gc,ref] GC(31) O:                           Encountered       Discovered Cleared/Enqueued 
[73.068s][info][gc,ref] GC(31) O: Soft References:                  238                0                0 
[73.068s][info][gc,ref] GC(31) O: Weak References:                 1014              644                0 
[73.068s][info][gc,ref] GC(31) O: Weak (No Queue):                    3                1                0 
[73.068s][info][gc,ref] GC(31) O: Weak Fields:                        0                0                0 
[73.068s][info][gc,ref] GC(31) O: Final References:                   0                0                0 
[73.068s][info][gc,ref] GC(31) O: Phantom References:                 1                0                0 
[73.593s][info][gc,ref] GC(32) O:                           Encountered       Discovered Cleared/Enqueued 
[73.593s][info][gc,ref] GC(32) O: Soft References:                  238                0                0 
[73.593s][info][gc,ref] GC(32) O: Weak References:                 1014              878                0 
[73.593s][info][gc,ref] GC(32) O: Weak (No Queue):                    3                3                0 
[73.593s][info][gc,ref] GC(32) O: Weak Fields:                        0                0                0 
[73.593s][info][gc,ref] GC(32) O: Final References:                   0                0                0 
[73.593s][info][gc,ref] GC(32) O: Phantom References:                 1                1                0 
[74.119s][info][gc,ref] GC(33) O:                           Encountered       Discovered Cleared/Enqueued 
[74.119s][info][gc,ref] GC(33) O: Soft References:                  238                0                0 
[74.119s][info][gc,ref] GC(33) O: Weak References:                 1014              670                0 
[74.119s][info][gc,ref] GC(33) O: Weak (No Queue):                    3                1                0 
[74.119s][info][gc,ref] GC(33) O: Weak Fields:                        0                0                0 
[74.119s][info][gc,ref] GC(33) O: Final References:                   0                0                0 
[74.119s][info][gc,ref] GC(33) O: Phantom References:                 1                0                0 

=== Iteration 3 ===
Phase 1: Allocating references and objects...
[74.670s][info][gc,ref] GC(34) O:                           Encountered       Discovered Cleared/Enqueued 
[74.670s][info][gc,ref] GC(34) O: Soft References:                  238                0                0 
[74.670s][info][gc,ref] GC(34) O: Weak References:                 1014              844                0 
[74.670s][info][gc,ref] GC(34) O: Weak (No Queue):                    3                3                0 
[74.670s][info][gc,ref] GC(34) O: Weak Fields:                        0                0                0 
[74.670s][info][gc,ref] GC(34) O: Final References:                   0                0                0 
[74.670s][info][gc,ref] GC(34) O: Phantom References:                 1                1                0 
Allocated 7340009 objects in 1.88 seconds
Phase 2: Sleeping for 3000 ms...
[76.755s][info][gc,ref] GC(35) O:                           Encountered       Discovered Cleared/Enqueued 
[76.755s][info][gc,ref] GC(35) O: Soft References:                  238                0                0 
[76.755s][info][gc,ref] GC(35) O: Weak References:               368015              865                0 
[76.755s][info][gc,ref] GC(35) O: Weak (No Queue):               473741                3                0 
[76.755s][info][gc,ref] GC(35) O: Weak Fields:                        0                0                0 
[76.755s][info][gc,ref] GC(35) O: Final References:                   0                0                0 
[76.755s][info][gc,ref] GC(35) O: Phantom References:                 1                1                0 
Phase 3.1: Clearing strong references...
Cleared 1468002 strong references, 5872007 remaining
Waiting 3000 ms...
[81.300s][info][gc,ref] GC(36) O:                           Encountered       Discovered Cleared/Enqueued 
[81.300s][info][gc,ref] GC(36) O: Soft References:                  238                0                0 
[81.300s][info][gc,ref] GC(36) O: Weak References:               368015              958                0 
[81.300s][info][gc,ref] GC(36) O: Weak (No Queue):              6973011                3                0 
[81.300s][info][gc,ref] GC(36) O: Weak Fields:                        0                0                0 
[81.300s][info][gc,ref] GC(36) O: Final References:                   0                0                0 
[81.300s][info][gc,ref] GC(36) O: Phantom References:                 1                1                0 
Phase 3.2: Clearing strong references...
Cleared 1468002 strong references, 4404005 remaining
Waiting 3000 ms...
Phase 3.3: Clearing strong references...
Cleared 1468002 strong references, 2936003 remaining
Waiting 3000 ms...
[86.478s][info][gc,ref] GC(37) O:                           Encountered       Discovered Cleared/Enqueued 
[86.478s][info][gc,ref] GC(37) O: Soft References:                  238                0                0 
[86.478s][info][gc,ref] GC(37) O: Weak References:               368015           307473            73779 
[86.478s][info][gc,ref] GC(37) O: Weak (No Queue):              6973011           395741            95254 
[86.478s][info][gc,ref] GC(37) O: Weak Fields:                        0                0                0 
[86.478s][info][gc,ref] GC(37) O: Final References:                   0                0                0 
[86.478s][info][gc,ref] GC(37) O: Phantom References:                 1                1                0 
Phase 3.4: Clearing strong references...
Cleared 1468002 strong references, 1468001 remaining
Waiting 3000 ms...
Phase 3.5: Clearing strong references...
Cleared 1468001 strong references, 0 remaining
Waiting 3000 ms...
[92.960s][info][gc,ref] GC(38) O:                           Encountered       Discovered Cleared/Enqueued 
[92.960s][info][gc,ref] GC(38) O: Soft References:                  238                0                0 
[92.960s][info][gc,ref] GC(38) O: Weak References:               294236           149217           146611 
[92.960s][info][gc,ref] GC(38) O: Weak (No Queue):              6877757          4119990          4088362 
[92.960s][info][gc,ref] GC(38) O: Weak Fields:                        0                0                0 
[92.960s][info][gc,ref] GC(38) O: Final References:                   0                0                0 
[92.960s][info][gc,ref] GC(38) O: Phantom References:                 1                1                0 
Waiting 6000 ms...
[98.949s][info][gc,ref] GC(39) O:                           Encountered       Discovered Cleared/Enqueued 
[98.949s][info][gc,ref] GC(39) O: Soft References:                  238                0                0 
[98.949s][info][gc,ref] GC(39) O: Weak References:               147625           147388           146611 
[98.949s][info][gc,ref] GC(39) O: Weak (No Queue):              2789395          2789395          2789392 
[98.949s][info][gc,ref] GC(39) O: Weak Fields:                        0                0                0 
[98.949s][info][gc,ref] GC(39) O: Final References:                   0                0                0 
[98.949s][info][gc,ref] GC(39) O: Phantom References:                 1                1                0 
Phase 4: Final weak reference checks...
Final count of alive weak references: 0
References enqueued in ReferenceQueue: 367001
Cooling down for 5 seconds...
[102.928s][info][gc,ref] GC(40) O:                           Encountered       Discovered Cleared/Enqueued 
[102.928s][info][gc,ref] GC(40) O: Soft References:                  238                0                0 
[102.928s][info][gc,ref] GC(40) O: Weak References:                 1014              874                0 
[102.928s][info][gc,ref] GC(40) O: Weak (No Queue):                    3                3                0 
[102.928s][info][gc,ref] GC(40) O: Weak Fields:                        0                0                0 
[102.928s][info][gc,ref] GC(40) O: Final References:                   0                0                0 
[102.928s][info][gc,ref] GC(40) O: Phantom References:                 1                1                0 
[103.475s][info][gc,ref] GC(41) O:                           Encountered       Discovered Cleared/Enqueued 
[103.475s][info][gc,ref] GC(41) O: Soft References:                  238                0                0 
[103.475s][info][gc,ref] GC(41) O: Weak References:                 1014              883                0 
[103.475s][info][gc,ref] GC(41) O: Weak (No Queue):                    3                3                0 
[103.475s][info][gc,ref] GC(41) O: Weak Fields:                        0                0                0 
[103.475s][info][gc,ref] GC(41) O: Final References:                   0                0                0 
[103.475s][info][gc,ref] GC(41) O: Phantom References:                 1                1                0 
[104.007s][info][gc,ref] GC(42) O:                           Encountered       Discovered Cleared/Enqueued 
[104.007s][info][gc,ref] GC(42) O: Soft References:                  238                0                0 
[104.007s][info][gc,ref] GC(42) O: Weak References:                 1014              884                0 
[104.007s][info][gc,ref] GC(42) O: Weak (No Queue):                    3                3                0 
[104.007s][info][gc,ref] GC(42) O: Weak Fields:                        0                0                0 
[104.007s][info][gc,ref] GC(42) O: Final References:                   0                0                0 
[104.007s][info][gc,ref] GC(42) O: Phantom References:                 1                1                0 
[104.533s][info][gc,ref] GC(43) O:                           Encountered       Discovered Cleared/Enqueued 
[104.533s][info][gc,ref] GC(43) O: Soft References:                  238                0                0 
[104.533s][info][gc,ref] GC(43) O: Weak References:                 1014              941                0 
[104.533s][info][gc,ref] GC(43) O: Weak (No Queue):                    3                0                0 
[104.533s][info][gc,ref] GC(43) O: Weak Fields:                        0                0                0 
[104.533s][info][gc,ref] GC(43) O: Final References:                   0                0                0 
[104.533s][info][gc,ref] GC(43) O: Phantom References:                 1                0                0 
[105.059s][info][gc,ref] GC(44) O:                           Encountered       Discovered Cleared/Enqueued 
[105.059s][info][gc,ref] GC(44) O: Soft References:                  238                0                0 
[105.059s][info][gc,ref] GC(44) O: Weak References:                 1014              847                0 
[105.059s][info][gc,ref] GC(44) O: Weak (No Queue):                    3                0                0 
[105.059s][info][gc,ref] GC(44) O: Weak Fields:                        0                0                0 
[105.059s][info][gc,ref] GC(44) O: Final References:                   0                0                0 
[105.059s][info][gc,ref] GC(44) O: Phantom References:                 1                0                0 
[105.584s][info][gc,ref] GC(45) O:                           Encountered       Discovered Cleared/Enqueued 
[105.584s][info][gc,ref] GC(45) O: Soft References:                  238                0                0 
[105.584s][info][gc,ref] GC(45) O: Weak References:                 1014              647                0 
[105.584s][info][gc,ref] GC(45) O: Weak (No Queue):                    3                3                0 
[105.584s][info][gc,ref] GC(45) O: Weak Fields:                        0                0                0 
[105.584s][info][gc,ref] GC(45) O: Final References:                   0                0                0 
[105.584s][info][gc,ref] GC(45) O: Phantom References:                 1                1                0 
[106.110s][info][gc,ref] GC(46) O:                           Encountered       Discovered Cleared/Enqueued 
[106.110s][info][gc,ref] GC(46) O: Soft References:                  238                0                0 
[106.110s][info][gc,ref] GC(46) O: Weak References:                 1014              575                0 
[106.110s][info][gc,ref] GC(46) O: Weak (No Queue):                    3                1                0 
[106.110s][info][gc,ref] GC(46) O: Weak Fields:                        0                0                0 
[106.110s][info][gc,ref] GC(46) O: Final References:                   0                0                0 
[106.110s][info][gc,ref] GC(46) O: Phantom References:                 1                0                0 
[106.636s][info][gc,ref] GC(47) O:                           Encountered       Discovered Cleared/Enqueued 
[106.636s][info][gc,ref] GC(47) O: Soft References:                  238                0                0 
[106.636s][info][gc,ref] GC(47) O: Weak References:                 1014              763                0 
[106.636s][info][gc,ref] GC(47) O: Weak (No Queue):                    3                0                0 
[106.636s][info][gc,ref] GC(47) O: Weak Fields:                        0                0                0 
[106.636s][info][gc,ref] GC(47) O: Final References:                   0                0                0 
[106.636s][info][gc,ref] GC(47) O: Phantom References:                 1                0                0 
[107.132s][info][gc,stats] === Garbage Collection Statistics =======================================================================================================================
[107.132s][info][gc,stats]                                                              Last 10s              Last 10m              Last 10h                Total
[107.132s][info][gc,stats]                                                              Avg / Max             Avg / Max             Avg / Max             Avg / Max
[107.132s][info][gc,stats]        Contention: Mark Segment Reset Contention                     0 / 1                 0 / 15                0 / 15                0 / 15          ops/s
[107.132s][info][gc,stats]        Contention: Mark SeqNum Reset Contention                      0 / 0                 0 / 4                 0 / 4                 0 / 4           ops/s
[107.132s][info][gc,stats]          Critical: Allocation Stall                                  0 / 0                 0 / 0                 0 / 0                 0 / 0           ops/s
[107.132s][info][gc,stats]          Critical: Allocation Stall                              0.000 / 0.000         0.000 / 0.000         0.000 / 0.000         0.000 / 0.000       ms
[107.132s][info][gc,stats]          Critical: JNI Critical Stall                                0 / 0                 0 / 0                 0 / 0                 0 / 0           ops/s
[107.132s][info][gc,stats]          Critical: JNI Critical Stall                            0.000 / 0.000         0.000 / 0.000         0.000 / 0.000         0.000 / 0.000       ms
[107.132s][info][gc,stats]          Critical: Relocation Stall                                  0 / 0                 0 / 0                 0 / 0                 0 / 0           ops/s
[107.132s][info][gc,stats]          Critical: Relocation Stall                              0.000 / 0.000         0.000 / 0.000         0.000 / 0.000         0.000 / 0.000       ms
[107.132s][info][gc,stats]  Major Collection: Major Collection                           1015.603 / 5481.750   1689.629 / 6760.347   1689.629 / 6760.347   1689.629 / 6760.347    ms
[107.132s][info][gc,stats]            Memory: Allocation Rate                                   0 / 2               192 / 4862            192 / 4862            192 / 4862        MB/s
[107.132s][info][gc,stats]            Memory: Defragment                                        0 / 0                 0 / 0                 0 / 0                 0 / 0           ops/s
[107.132s][info][gc,stats]            Memory: Mapped Cache Harvest                              0 / 0                 0 / 0                 0 / 0                 0 / 0           MB/s
[107.132s][info][gc,stats]            Memory: Out Of Memory                                     0 / 0                 0 / 0                 0 / 0                 0 / 0           ops/s
[107.132s][info][gc,stats]            Memory: Uncommit                                          0 / 0                 0 / 0                 0 / 0                 0 / 0           MB/s
[107.132s][info][gc,stats]            Memory: Undo Object Allocation Failed                     0 / 0                 0 / 0                 0 / 0                 0 / 0           ops/s
[107.132s][info][gc,stats]            Memory: Undo Object Allocation Succeeded                  0 / 0                 0 / 1                 0 / 1                 0 / 1           ops/s
[107.132s][info][gc,stats]            Memory: Undo Page Allocation                              0 / 0                 0 / 0                 0 / 0                 0 / 0           ops/s
[107.132s][info][gc,stats]  Minor Collection: Minor Collection                              0.000 / 0.000         0.000 / 0.000         0.000 / 0.000         0.000 / 0.000       ms
[107.132s][info][gc,stats]    Old Generation: Old Generation                              999.977 / 5404.087   1138.714 / 6644.792   1138.714 / 6644.792   1138.714 / 6644.792    ms
[107.132s][info][gc,stats]         Old Pause: Pause Mark End                                0.011 / 0.015         0.012 / 0.016         0.012 / 0.016         0.012 / 0.016       ms
[107.132s][info][gc,stats]         Old Pause: Pause Relocate Start                          0.008 / 0.012         0.009 / 0.014         0.009 / 0.014         0.009 / 0.014       ms
[107.132s][info][gc,stats]         Old Phase: Concurrent Mark                             904.545 / 4597.464    933.274 / 5041.186    933.274 / 5041.186    933.274 / 5041.186    ms
[107.132s][info][gc,stats]         Old Phase: Concurrent Mark Continue                      0.000 / 0.000         0.000 / 0.000         0.000 / 0.000         0.000 / 0.000       ms
[107.132s][info][gc,stats]         Old Phase: Concurrent Mark Free                          0.004 / 0.006         0.004 / 0.007         0.004 / 0.007         0.004 / 0.007       ms
[107.132s][info][gc,stats]         Old Phase: Concurrent Process Non-Strong                32.494 / 275.204      68.062 / 712.535      68.062 / 712.535      68.062 / 712.535     ms
[107.132s][info][gc,stats]         Old Phase: Concurrent Relocate                          54.104 / 484.662     104.319 / 795.502     104.319 / 795.502     104.319 / 795.502     ms
[107.132s][info][gc,stats]         Old Phase: Concurrent Remap Roots                        3.243 / 23.430       22.304 / 135.075      22.304 / 135.075      22.304 / 135.075     ms
[107.132s][info][gc,stats]         Old Phase: Concurrent Reset Relocation Set               0.027 / 0.173         0.018 / 0.173         0.018 / 0.173         0.018 / 0.173       ms
[107.132s][info][gc,stats]         Old Phase: Concurrent Select Relocation Set              5.318 / 22.781       10.459 / 90.093       10.459 / 90.093       10.459 / 90.093      ms
[107.132s][info][gc,stats]      Old Subphase: Concurrent Classes Purge                      0.006 / 0.007         0.018 / 0.217         0.018 / 0.217         0.018 / 0.217       ms
[107.132s][info][gc,stats]      Old Subphase: Concurrent Classes Unlink                     1.516 / 1.803         1.465 / 1.952         1.465 / 1.952         1.465 / 1.952       ms
[107.132s][info][gc,stats]      Old Subphase: Concurrent Mark Follow                      904.378 / 4597.285    933.126 / 5041.018    933.126 / 5041.018    933.126 / 5041.018    ms
[107.132s][info][gc,stats]      Old Subphase: Concurrent Mark Root Colored                  0.044 / 0.098         0.035 / 0.099         0.035 / 0.099         0.035 / 0.099       ms
[107.132s][info][gc,stats]      Old Subphase: Concurrent Mark Root Uncolored                0.022 / 0.046         0.030 / 0.157         0.030 / 0.157         0.030 / 0.157       ms
[107.132s][info][gc,stats]      Old Subphase: Concurrent Mark Roots                         0.162 / 0.241         0.145 / 0.302         0.145 / 0.302         0.145 / 0.302       ms
[107.132s][info][gc,stats]      Old Subphase: Concurrent References Enqueue                 0.000 / 0.003         0.001 / 0.004         0.001 / 0.004         0.001 / 0.004       ms
[107.132s][info][gc,stats]      Old Subphase: Concurrent References Process                30.489 / 273.225      66.100 / 710.257      66.100 / 710.257      66.100 / 710.257     ms
[107.132s][info][gc,stats]      Old Subphase: Concurrent Remap Remembered                   2.792 / 22.858       17.128 / 134.479      17.128 / 134.479      17.128 / 134.479     ms
[107.132s][info][gc,stats]      Old Subphase: Concurrent Remap Roots Colored                0.069 / 0.118         0.150 / 0.532         0.150 / 0.532         0.150 / 0.532       ms
[107.132s][info][gc,stats]      Old Subphase: Concurrent Remap Roots Uncolored              0.249 / 0.319         0.232 / 0.346         0.232 / 0.346         0.232 / 0.346       ms
[107.132s][info][gc,stats]      Old Subphase: Concurrent Roots ClassLoaderDataGraph         0.038 / 0.082         0.093 / 0.499         0.093 / 0.499         0.093 / 0.499       ms
[107.132s][info][gc,stats]      Old Subphase: Concurrent Roots CodeCache                    0.247 / 0.316         0.229 / 0.343         0.229 / 0.343         0.229 / 0.343       ms
[107.132s][info][gc,stats]      Old Subphase: Concurrent Roots JavaThreads                  0.010 / 0.046         0.011 / 0.157         0.011 / 0.157         0.011 / 0.157       ms
[107.132s][info][gc,stats]      Old Subphase: Concurrent Roots OopStorageSet                0.003 / 0.017         0.005 / 0.051         0.005 / 0.051         0.005 / 0.051       ms
[107.132s][info][gc,stats]      Old Subphase: Concurrent Weak Roots OopStorageSet           0.081 / 0.204         0.085 / 0.211         0.085 / 0.211         0.085 / 0.211       ms
[107.132s][info][gc,stats]            System: Java Threads                                     11 / 11               11 / 13               11 / 13               11 / 13          threads
[107.132s][info][gc,stats]  Young Generation: Young Generation                              7.771 / 35.024      550.815 / 4078.657    550.815 / 4078.657    550.815 / 4078.657    ms
[107.132s][info][gc,stats]  Young Generation: Young Generation                              0.000 / 0.000         0.000 / 0.000         0.000 / 0.000         0.000 / 0.000       ms
[107.132s][info][gc,stats]  Young Generation: Young Generation (Collect Roots)              0.000 / 0.000         0.000 / 0.000         0.000 / 0.000         0.000 / 0.000       ms
[107.132s][info][gc,stats]  Young Generation: Young Generation (Promote All)                0.000 / 0.000         0.000 / 0.000         0.000 / 0.000         0.000 / 0.000       ms
[107.132s][info][gc,stats]       Young Pause: Pause Mark End                                0.010 / 0.012         0.011 / 0.014         0.011 / 0.014         0.011 / 0.014       ms
[107.132s][info][gc,stats]       Young Pause: Pause Mark Start                              0.000 / 0.000         0.000 / 0.000         0.000 / 0.000         0.000 / 0.000       ms
[107.132s][info][gc,stats]       Young Pause: Pause Mark Start (Major)                      0.015 / 0.017         0.015 / 0.033         0.015 / 0.033         0.015 / 0.033       ms
[107.132s][info][gc,stats]       Young Pause: Pause Relocate Start                          0.007 / 0.008         0.008 / 0.014         0.008 / 0.014         0.008 / 0.014       ms
[107.132s][info][gc,stats]       Young Phase: Concurrent Mark                               6.764 / 34.292      491.405 / 3708.880    491.405 / 3708.880    491.405 / 3708.880    ms
[107.132s][info][gc,stats]       Young Phase: Concurrent Mark Continue                      0.000 / 0.000         0.000 / 0.000         0.000 / 0.000         0.000 / 0.000       ms
[107.132s][info][gc,stats]       Young Phase: Concurrent Mark Free                          0.001 / 0.001         0.002 / 0.007         0.002 / 0.007         0.002 / 0.007       ms
[107.132s][info][gc,stats]       Young Phase: Concurrent Relocate                           0.044 / 0.096        33.533 / 353.145      33.533 / 353.145      33.533 / 353.145     ms
[107.132s][info][gc,stats]       Young Phase: Concurrent Reset Relocation Set               0.000 / 0.000         0.067 / 0.958         0.067 / 0.958         0.067 / 0.958       ms
[107.132s][info][gc,stats]       Young Phase: Concurrent Select Relocation Set              0.532 / 0.688        25.333 / 309.155      25.333 / 309.155      25.333 / 309.155     ms
[107.132s][info][gc,stats]    Young Subphase: Concurrent Mark Follow                        5.636 / 33.160      490.253 / 3707.746    490.253 / 3707.746    490.253 / 3707.746    ms
[107.132s][info][gc,stats]    Young Subphase: Concurrent Mark Root Colored                  0.646 / 0.721         0.670 / 1.019         0.670 / 1.019         0.670 / 1.019       ms
[107.132s][info][gc,stats]    Young Subphase: Concurrent Mark Root Uncolored                0.251 / 0.267         0.261 / 0.442         0.261 / 0.442         0.261 / 0.442       ms
[107.132s][info][gc,stats]    Young Subphase: Concurrent Mark Roots                         1.126 / 1.146         1.149 / 1.595         1.149 / 1.595         1.149 / 1.595       ms
[107.132s][info][gc,stats]    Young Subphase: Concurrent Relocate Remset FP                 0.011 / 0.020        33.255 / 352.829      33.255 / 352.829      33.255 / 352.829     ms
[107.132s][info][gc,stats]    Young Subphase: Concurrent Roots ClassLoaderDataGraph         0.553 / 0.568         0.556 / 0.733         0.556 / 0.733         0.556 / 0.733       ms
[107.132s][info][gc,stats]    Young Subphase: Concurrent Roots CodeCache                    0.222 / 0.240         0.229 / 0.350         0.229 / 0.350         0.229 / 0.350       ms
[107.132s][info][gc,stats]    Young Subphase: Concurrent Roots JavaThreads                  0.015 / 0.045         0.019 / 0.441         0.019 / 0.441         0.019 / 0.441       ms
[107.132s][info][gc,stats]    Young Subphase: Concurrent Roots OopStorageSet                0.004 / 0.007         0.029 / 0.496         0.029 / 0.496         0.029 / 0.496       ms
[107.132s][info][gc,stats]    Young Subphase: Concurrent Weak Roots OopStorageSet           0.089 / 0.150         0.108 / 0.241         0.108 / 0.241         0.108 / 0.241       ms
[107.132s][info][gc,stats] =========================================================================================================================================================
