
=== RUN 28/80 (GA sep_only) ===

[0.032s][info][gc,ref] Reference Processor created, Macros: ZUseSeparateDiscoveredLists=1, ZUseDynamicArray=0, ZUseOptimisedClearPath=0
[1.830s][info][gc,ref] GC(0) O:                           Encountered       Discovered Cleared/Enqueued 
[1.830s][info][gc,ref] GC(0) O: Soft References:                    0                0                0 
[1.830s][info][gc,ref] GC(0) O: Weak References:                    0                0                0 
[1.830s][info][gc,ref] GC(0) O: Weak (No Queue):                    0                0                0 
[1.830s][info][gc,ref] GC(0) O: Weak Fields:                        0                0                0 
[1.830s][info][gc,ref] GC(0) O: Final References:                   0                0                0 
[1.830s][info][gc,ref] GC(0) O: Phantom References:                 0                0                0 
[2.346s][info][gc,ref] GC(1) O:                           Encountered       Discovered Cleared/Enqueued 
[2.346s][info][gc,ref] GC(1) O: Soft References:                  138                0                0 
[2.346s][info][gc,ref] GC(1) O: Weak References:                  570                0                0 
[2.346s][info][gc,ref] GC(1) O: Weak (No Queue):                    3                0                0 
[2.346s][info][gc,ref] GC(1) O: Weak Fields:                        0                0                0 
[2.346s][info][gc,ref] GC(1) O: Final References:                   0                0                0 
[2.346s][info][gc,ref] GC(1) O: Phantom References:                 1                0                0 
[2.870s][info][gc,ref] GC(2) O:                           Encountered       Discovered Cleared/Enqueued 
[2.870s][info][gc,ref] GC(2) O: Soft References:                  152                0                0 
[2.870s][info][gc,ref] GC(2) O: Weak References:                  655                0                0 
[2.870s][info][gc,ref] GC(2) O: Weak (No Queue):                    3                0                0 
[2.870s][info][gc,ref] GC(2) O: Weak Fields:                        0                0                0 
[2.870s][info][gc,ref] GC(2) O: Final References:                   0                0                0 
[2.870s][info][gc,ref] GC(2) O: Phantom References:                 1                0                0 
WeakRefMultiObjectBenchmark: objects=7340009 minSize=509 maxSize=1097 sleepMillis=3000 iterations=3

=== Iteration 1 ===
Phase 1: Allocating references and objects...
[3.427s][info][gc,ref] GC(3) O:                           Encountered       Discovered Cleared/Enqueued 
[3.427s][info][gc,ref] GC(3) O: Soft References:                  239                0                0 
[3.427s][info][gc,ref] GC(3) O: Weak References:                 1349              358              116 
[3.427s][info][gc,ref] GC(3) O: Weak (No Queue):                    3                3                0 
[3.427s][info][gc,ref] GC(3) O: Weak Fields:                        0                0                0 
[3.427s][info][gc,ref] GC(3) O: Final References:                   0                0                0 
[3.427s][info][gc,ref] GC(3) O: Phantom References:                 1                1                0 
[4.140s][info][gc,ref] GC(4) O:                           Encountered       Discovered Cleared/Enqueued 
[4.140s][info][gc,ref] GC(4) O: Soft References:                  239                0                0 
[4.140s][info][gc,ref] GC(4) O: Weak References:                 1233              368               29 
[4.140s][info][gc,ref] GC(4) O: Weak (No Queue):                    3                0                0 
[4.140s][info][gc,ref] GC(4) O: Weak Fields:                        0                0                0 
[4.140s][info][gc,ref] GC(4) O: Final References:                   0                0                0 
[4.140s][info][gc,ref] GC(4) O: Phantom References:                 1                0                0 
[5.376s][info][gc,ref] GC(5) O:                           Encountered       Discovered Cleared/Enqueued 
[5.376s][info][gc,ref] GC(5) O: Soft References:                  238                0                0 
[5.376s][info][gc,ref] GC(5) O: Weak References:               368205              436              190 
[5.376s][info][gc,ref] GC(5) O: Weak (No Queue):               780323                2                0 
[5.376s][info][gc,ref] GC(5) O: Weak Fields:                        0                0                0 
[5.376s][info][gc,ref] GC(5) O: Final References:                   0                0                0 
[5.376s][info][gc,ref] GC(5) O: Phantom References:                 1                1                0 
Allocated 7340009 objects in 4.36 seconds
Phase 2: Sleeping for 3000 ms...
[8.046s][info][gc,ref] GC(6) O:                           Encountered       Discovered Cleared/Enqueued 
[8.046s][info][gc,ref] GC(6) O: Soft References:                  238                0                0 
[8.046s][info][gc,ref] GC(6) O: Weak References:               368015              953                0 
[8.046s][info][gc,ref] GC(6) O: Weak (No Queue):              3324740                3                0 
[8.046s][info][gc,ref] GC(6) O: Weak Fields:                        0                0                0 
[8.046s][info][gc,ref] GC(6) O: Final References:                   0                0                0 
[8.046s][info][gc,ref] GC(6) O: Phantom References:                 1                1                0 
Phase 3.1: Clearing strong references...
Cleared 1468002 strong references, 5872007 remaining
Waiting 3000 ms...
[13.093s][info][gc,ref] GC(7) O:                           Encountered       Discovered Cleared/Enqueued 
[13.093s][info][gc,ref] GC(7) O: Soft References:                  238                0                0 
[13.093s][info][gc,ref] GC(7) O: Weak References:               368015           106835                0 
[13.093s][info][gc,ref] GC(7) O: Weak (No Queue):              6973011           225632                0 
[13.093s][info][gc,ref] GC(7) O: Weak Fields:                        0                0                0 
[13.093s][info][gc,ref] GC(7) O: Final References:                   0                0                0 
[13.093s][info][gc,ref] GC(7) O: Phantom References:                 1                1                0 
Phase 3.2: Clearing strong references...
Cleared 1468002 strong references, 4404005 remaining
Waiting 3000 ms...
Phase 3.3: Clearing strong references...
Cleared 1468002 strong references, 2936003 remaining
Waiting 3000 ms...
[19.040s][info][gc,ref] GC(8) O:                           Encountered       Discovered Cleared/Enqueued 
[19.040s][info][gc,ref] GC(8) O: Soft References:                  238                0                0 
[19.040s][info][gc,ref] GC(8) O: Weak References:               368015           169894            73247 
[19.040s][info][gc,ref] GC(8) O: Weak (No Queue):              6973011          1534511           665298 
[19.040s][info][gc,ref] GC(8) O: Weak Fields:                        0                0                0 
[19.040s][info][gc,ref] GC(8) O: Final References:                   0                0                0 
[19.040s][info][gc,ref] GC(8) O: Phantom References:                 1                1                0 
Phase 3.4: Clearing strong references...
Cleared 1468002 strong references, 1468001 remaining
Waiting 3000 ms...
Phase 3.5: Clearing strong references...
Cleared 1468001 strong references, 0 remaining
Waiting 3000 ms...
[26.293s][info][gc,ref] GC(9) O:                           Encountered       Discovered Cleared/Enqueued 
[26.293s][info][gc,ref] GC(9) O: Soft References:                  238                0                0 
[26.293s][info][gc,ref] GC(9) O: Weak References:               294768           288354           146224 
[26.293s][info][gc,ref] GC(9) O: Weak (No Queue):              6307713          6197203          3519237 
[26.293s][info][gc,ref] GC(9) O: Weak Fields:                        0                0                0 
[26.293s][info][gc,ref] GC(9) O: Final References:                   0                0                0 
[26.293s][info][gc,ref] GC(9) O: Phantom References:                 1                0                0 
Waiting 6000 ms...
[32.306s][info][gc,ref] GC(10) O:                           Encountered       Discovered Cleared/Enqueued 
[32.306s][info][gc,ref] GC(10) O: Soft References:                  238                0                0 
[32.306s][info][gc,ref] GC(10) O: Weak References:               148544           147533           147530 
[32.306s][info][gc,ref] GC(10) O: Weak (No Queue):              2788476          2788475          2788473 
[32.306s][info][gc,ref] GC(10) O: Weak Fields:                        0                0                0 
[32.306s][info][gc,ref] GC(10) O: Final References:                   0                0                0 
[32.306s][info][gc,ref] GC(10) O: Phantom References:                 1                0                0 
Phase 4: Final weak reference checks...
Final count of alive weak references: 0
References enqueued in ReferenceQueue: 367001
Cooling down for 5 seconds...
[35.876s][info][gc,ref] GC(11) O:                           Encountered       Discovered Cleared/Enqueued 
[35.876s][info][gc,ref] GC(11) O: Soft References:                  238                0                0 
[35.876s][info][gc,ref] GC(11) O: Weak References:                 1014              775                0 
[35.876s][info][gc,ref] GC(11) O: Weak (No Queue):                    3                3                0 
[35.876s][info][gc,ref] GC(11) O: Weak Fields:                        0                0                0 
[35.876s][info][gc,ref] GC(11) O: Final References:                   0                0                0 
[35.876s][info][gc,ref] GC(11) O: Phantom References:                 1                1                0 
[36.408s][info][gc,ref] GC(12) O:                           Encountered       Discovered Cleared/Enqueued 
[36.408s][info][gc,ref] GC(12) O: Soft References:                  238                0                0 
[36.408s][info][gc,ref] GC(12) O: Weak References:                 1014              806                0 
[36.408s][info][gc,ref] GC(12) O: Weak (No Queue):                    3                3                0 
[36.408s][info][gc,ref] GC(12) O: Weak Fields:                        0                0                0 
[36.408s][info][gc,ref] GC(12) O: Final References:                   0                0                0 
[36.408s][info][gc,ref] GC(12) O: Phantom References:                 1                1                0 
[36.940s][info][gc,ref] GC(13) O:                           Encountered       Discovered Cleared/Enqueued 
[36.940s][info][gc,ref] GC(13) O: Soft References:                  238                0                0 
[36.940s][info][gc,ref] GC(13) O: Weak References:                 1014              787                0 
[36.940s][info][gc,ref] GC(13) O: Weak (No Queue):                    3                3                0 
[36.940s][info][gc,ref] GC(13) O: Weak Fields:                        0                0                0 
[36.940s][info][gc,ref] GC(13) O: Final References:                   0                0                0 
[36.940s][info][gc,ref] GC(13) O: Phantom References:                 1                1                0 
[37.475s][info][gc,ref] GC(14) O:                           Encountered       Discovered Cleared/Enqueued 
[37.475s][info][gc,ref] GC(14) O: Soft References:                  238                0                0 
[37.475s][info][gc,ref] GC(14) O: Weak References:                 1014              799                0 
[37.475s][info][gc,ref] GC(14) O: Weak (No Queue):                    3                0                0 
[37.475s][info][gc,ref] GC(14) O: Weak Fields:                        0                0                0 
[37.475s][info][gc,ref] GC(14) O: Final References:                   0                0                0 
[37.475s][info][gc,ref] GC(14) O: Phantom References:                 1                0                0 
[38.011s][info][gc,ref] GC(15) O:                           Encountered       Discovered Cleared/Enqueued 
[38.011s][info][gc,ref] GC(15) O: Soft References:                  238                0                0 
[38.011s][info][gc,ref] GC(15) O: Weak References:                 1014              838                0 
[38.011s][info][gc,ref] GC(15) O: Weak (No Queue):                    3                0                0 
[38.011s][info][gc,ref] GC(15) O: Weak Fields:                        0                0                0 
[38.011s][info][gc,ref] GC(15) O: Final References:                   0                0                0 
[38.011s][info][gc,ref] GC(15) O: Phantom References:                 1                0                0 
[38.546s][info][gc,ref] GC(16) O:                           Encountered       Discovered Cleared/Enqueued 
[38.546s][info][gc,ref] GC(16) O: Soft References:                  238                0                0 
[38.546s][info][gc,ref] GC(16) O: Weak References:                 1014              105                0 
[38.546s][info][gc,ref] GC(16) O: Weak (No Queue):                    3                3                0 
[38.546s][info][gc,ref] GC(16) O: Weak Fields:                        0                0                0 
[38.546s][info][gc,ref] GC(16) O: Final References:                   0                0                0 
[38.546s][info][gc,ref] GC(16) O: Phantom References:                 1                1                0 
[39.082s][info][gc,ref] GC(17) O:                           Encountered       Discovered Cleared/Enqueued 
[39.082s][info][gc,ref] GC(17) O: Soft References:                  238                0                0 
[39.082s][info][gc,ref] GC(17) O: Weak References:                 1014              588                0 
[39.082s][info][gc,ref] GC(17) O: Weak (No Queue):                    3                0                0 
[39.082s][info][gc,ref] GC(17) O: Weak Fields:                        0                0                0 
[39.082s][info][gc,ref] GC(17) O: Final References:                   0                0                0 
[39.082s][info][gc,ref] GC(17) O: Phantom References:                 1                0                0 
[39.608s][info][gc,ref] GC(18) O:                           Encountered       Discovered Cleared/Enqueued 
[39.608s][info][gc,ref] GC(18) O: Soft References:                  238                0                0 
[39.608s][info][gc,ref] GC(18) O: Weak References:                 1014              794                0 
[39.608s][info][gc,ref] GC(18) O: Weak (No Queue):                    3                3                0 
[39.608s][info][gc,ref] GC(18) O: Weak Fields:                        0                0                0 
[39.608s][info][gc,ref] GC(18) O: Final References:                   0                0                0 
[39.608s][info][gc,ref] GC(18) O: Phantom References:                 1                1                0 

=== Iteration 2 ===
Phase 1: Allocating references and objects...
[40.152s][info][gc,ref] GC(19) O:                           Encountered       Discovered Cleared/Enqueued 
[40.152s][info][gc,ref] GC(19) O: Soft References:                  238                0                0 
[40.152s][info][gc,ref] GC(19) O: Weak References:                 1014              594                0 
[40.152s][info][gc,ref] GC(19) O: Weak (No Queue):                    3                0                0 
[40.152s][info][gc,ref] GC(19) O: Weak Fields:                        0                0                0 
[40.152s][info][gc,ref] GC(19) O: Final References:                   0                0                0 
[40.152s][info][gc,ref] GC(19) O: Phantom References:                 1                1                0 
[41.034s][info][gc,ref] GC(20) O:                           Encountered       Discovered Cleared/Enqueued 
[41.034s][info][gc,ref] GC(20) O: Soft References:                  238                0                0 
[41.034s][info][gc,ref] GC(20) O: Weak References:                50967              398                0 
[41.034s][info][gc,ref] GC(20) O: Weak (No Queue):                    3                0                0 
[41.034s][info][gc,ref] GC(20) O: Weak Fields:                        0                0                0 
[41.034s][info][gc,ref] GC(20) O: Final References:                   0                0                0 
[41.034s][info][gc,ref] GC(20) O: Phantom References:                 1                1                0 
Allocated 7340009 objects in 1.97 seconds
Phase 2: Sleeping for 3000 ms...
[44.485s][info][gc,ref] GC(21) O:                           Encountered       Discovered Cleared/Enqueued 
[44.485s][info][gc,ref] GC(21) O: Soft References:                  238                0                0 
[44.485s][info][gc,ref] GC(21) O: Weak References:               368015              443                0 
[44.485s][info][gc,ref] GC(21) O: Weak (No Queue):              5089767                0                0 
[44.485s][info][gc,ref] GC(21) O: Weak Fields:                        0                0                0 
[44.485s][info][gc,ref] GC(21) O: Final References:                   0                0                0 
[44.485s][info][gc,ref] GC(21) O: Phantom References:                 1                0                0 
Phase 3.1: Clearing strong references...
Cleared 1468002 strong references, 5872007 remaining
Waiting 3000 ms...
Phase 3.2: Clearing strong references...
Cleared 1468002 strong references, 4404005 remaining
Waiting 3000 ms...
[49.401s][info][gc,ref] GC(22) O:                           Encountered       Discovered Cleared/Enqueued 
[49.401s][info][gc,ref] GC(22) O: Soft References:                  238                0                0 
[49.401s][info][gc,ref] GC(22) O: Weak References:               368015            33665                0 
[49.401s][info][gc,ref] GC(22) O: Weak (No Queue):              6973011                3                0 
[49.401s][info][gc,ref] GC(22) O: Weak Fields:                        0                0                0 
[49.401s][info][gc,ref] GC(22) O: Final References:                   0                0                0 
[49.401s][info][gc,ref] GC(22) O: Phantom References:                 1                1                0 
Phase 3.3: Clearing strong references...
Cleared 1468002 strong references, 2936003 remaining
Waiting 3000 ms...
Phase 3.4: Clearing strong references...
Cleared 1468002 strong references, 1468001 remaining
Waiting 3000 ms...
[55.506s][info][gc,ref] GC(23) O:                           Encountered       Discovered Cleared/Enqueued 
[55.506s][info][gc,ref] GC(23) O: Soft References:                  238                0                0 
[55.506s][info][gc,ref] GC(23) O: Weak References:               368015           174921           146019 
[55.506s][info][gc,ref] GC(23) O: Weak (No Queue):              6973011          2425887          2036743 
[55.506s][info][gc,ref] GC(23) O: Weak Fields:                        0                0                0 
[55.506s][info][gc,ref] GC(23) O: Final References:                   0                0                0 
[55.506s][info][gc,ref] GC(23) O: Phantom References:                 1                1                0 
Phase 3.5: Clearing strong references...
Cleared 1468001 strong references, 0 remaining
Waiting 3000 ms...
Waiting 6000 ms...
[62.304s][info][gc,ref] GC(24) O:                           Encountered       Discovered Cleared/Enqueued 
[62.304s][info][gc,ref] GC(24) O: Soft References:                  238                0                0 
[62.304s][info][gc,ref] GC(24) O: Weak References:               221996           202442           147745 
[62.304s][info][gc,ref] GC(24) O: Weak (No Queue):              4936268          4581004          3541501 
[62.304s][info][gc,ref] GC(24) O: Weak Fields:                        0                0                0 
[62.304s][info][gc,ref] GC(24) O: Final References:                   0                0                0 
[62.304s][info][gc,ref] GC(24) O: Phantom References:                 1                1                0 
Phase 4: Final weak reference checks...
[68.001s][info][gc,ref] GC(25) O:                           Encountered       Discovered Cleared/Enqueued 
[68.001s][info][gc,ref] GC(25) O: Soft References:                  238                0                0 
[68.001s][info][gc,ref] GC(25) O: Weak References:                74251            74019            73237 
[68.001s][info][gc,ref] GC(25) O: Weak (No Queue):              1394767          1394764          1394764 
[68.001s][info][gc,ref] GC(25) O: Weak Fields:                        0                0                0 
[68.001s][info][gc,ref] GC(25) O: Final References:                   0                0                0 
[68.001s][info][gc,ref] GC(25) O: Phantom References:                 1                0                0 
Final count of alive weak references: 0
References enqueued in ReferenceQueue: 367001
Cooling down for 5 seconds...
[71.689s][info][gc,ref] GC(26) O:                           Encountered       Discovered Cleared/Enqueued 
[71.689s][info][gc,ref] GC(26) O: Soft References:                  238                0                0 
[71.689s][info][gc,ref] GC(26) O: Weak References:                 1014              849                0 
[71.689s][info][gc,ref] GC(26) O: Weak (No Queue):                    3                0                0 
[71.689s][info][gc,ref] GC(26) O: Weak Fields:                        0                0                0 
[71.689s][info][gc,ref] GC(26) O: Final References:                   0                0                0 
[71.689s][info][gc,ref] GC(26) O: Phantom References:                 1                1                0 
[72.233s][info][gc,ref] GC(27) O:                           Encountered       Discovered Cleared/Enqueued 
[72.233s][info][gc,ref] GC(27) O: Soft References:                  238                0                0 
[72.233s][info][gc,ref] GC(27) O: Weak References:                 1014              805                0 
[72.233s][info][gc,ref] GC(27) O: Weak (No Queue):                    3                3                0 
[72.233s][info][gc,ref] GC(27) O: Weak Fields:                        0                0                0 
[72.233s][info][gc,ref] GC(27) O: Final References:                   0                0                0 
[72.233s][info][gc,ref] GC(27) O: Phantom References:                 1                1                0 
[72.765s][info][gc,ref] GC(28) O:                           Encountered       Discovered Cleared/Enqueued 
[72.765s][info][gc,ref] GC(28) O: Soft References:                  238                0                0 
[72.765s][info][gc,ref] GC(28) O: Weak References:                 1014                1                0 
[72.765s][info][gc,ref] GC(28) O: Weak (No Queue):                    3                3                0 
[72.765s][info][gc,ref] GC(28) O: Weak Fields:                        0                0                0 
[72.765s][info][gc,ref] GC(28) O: Final References:                   0                0                0 
[72.765s][info][gc,ref] GC(28) O: Phantom References:                 1                1                0 
[73.300s][info][gc,ref] GC(29) O:                           Encountered       Discovered Cleared/Enqueued 
[73.300s][info][gc,ref] GC(29) O: Soft References:                  238                0                0 
[73.300s][info][gc,ref] GC(29) O: Weak References:                 1014                2                0 
[73.300s][info][gc,ref] GC(29) O: Weak (No Queue):                    3                3                0 
[73.300s][info][gc,ref] GC(29) O: Weak Fields:                        0                0                0 
[73.300s][info][gc,ref] GC(29) O: Final References:                   0                0                0 
[73.300s][info][gc,ref] GC(29) O: Phantom References:                 1                1                0 
[73.836s][info][gc,ref] GC(30) O:                           Encountered       Discovered Cleared/Enqueued 
[73.836s][info][gc,ref] GC(30) O: Soft References:                  238                0                0 
[73.836s][info][gc,ref] GC(30) O: Weak References:                 1014              888                0 
[73.836s][info][gc,ref] GC(30) O: Weak (No Queue):                    3                0                0 
[73.836s][info][gc,ref] GC(30) O: Weak Fields:                        0                0                0 
[73.836s][info][gc,ref] GC(30) O: Final References:                   0                0                0 
[73.836s][info][gc,ref] GC(30) O: Phantom References:                 1                0                0 

=== Iteration 3 ===
Phase 1: Allocating references and objects...
[74.390s][info][gc,ref] GC(31) O:                           Encountered       Discovered Cleared/Enqueued 
[74.390s][info][gc,ref] GC(31) O: Soft References:                  238                0                0 
[74.390s][info][gc,ref] GC(31) O: Weak References:                 1014               11                0 
[74.390s][info][gc,ref] GC(31) O: Weak (No Queue):                    3                3                0 
[74.390s][info][gc,ref] GC(31) O: Weak Fields:                        0                0                0 
[74.390s][info][gc,ref] GC(31) O: Final References:                   0                0                0 
[74.390s][info][gc,ref] GC(31) O: Phantom References:                 1                1                0 
Allocated 7340009 objects in 1.80 seconds
Phase 2: Sleeping for 3000 ms...
[77.236s][info][gc,ref] GC(32) O:                           Encountered       Discovered Cleared/Enqueued 
[77.236s][info][gc,ref] GC(32) O: Soft References:                  238                0                0 
[77.236s][info][gc,ref] GC(32) O: Weak References:               368015              770                0 
[77.236s][info][gc,ref] GC(32) O: Weak (No Queue):              1093349                3                0 
[77.236s][info][gc,ref] GC(32) O: Weak Fields:                        0                0                0 
[77.236s][info][gc,ref] GC(32) O: Final References:                   0                0                0 
[77.236s][info][gc,ref] GC(32) O: Phantom References:                 1                1                0 
Phase 3.1: Clearing strong references...
Cleared 1468002 strong references, 5872007 remaining
Waiting 3000 ms...
[81.945s][info][gc,ref] GC(33) O:                           Encountered       Discovered Cleared/Enqueued 
[81.945s][info][gc,ref] GC(33) O: Soft References:                  238                0                0 
[81.945s][info][gc,ref] GC(33) O: Weak References:               368015              252                0 
[81.945s][info][gc,ref] GC(33) O: Weak (No Queue):              6973011                0                0 
[81.945s][info][gc,ref] GC(33) O: Weak Fields:                        0                0                0 
[81.945s][info][gc,ref] GC(33) O: Final References:                   0                0                0 
[81.945s][info][gc,ref] GC(33) O: Phantom References:                 1                1                0 
Phase 3.2: Clearing strong references...
Cleared 1468002 strong references, 4404005 remaining
Waiting 3000 ms...
Phase 3.3: Clearing strong references...
Cleared 1468002 strong references, 2936003 remaining
Waiting 3000 ms...
[87.040s][info][gc,ref] GC(34) O:                           Encountered       Discovered Cleared/Enqueued 
[87.040s][info][gc,ref] GC(34) O: Soft References:                  238                0                0 
[87.040s][info][gc,ref] GC(34) O: Weak References:               368015           327475           147190 
[87.040s][info][gc,ref] GC(34) O: Weak (No Queue):              6973011           972767           437067 
[87.040s][info][gc,ref] GC(34) O: Weak Fields:                        0                0                0 
[87.040s][info][gc,ref] GC(34) O: Final References:                   0                0                0 
[87.040s][info][gc,ref] GC(34) O: Phantom References:                 1                1                0 
Phase 3.4: Clearing strong references...
Cleared 1468002 strong references, 1468001 remaining
Waiting 3000 ms...
Phase 3.5: Clearing strong references...
Cleared 1468001 strong references, 0 remaining
Waiting 3000 ms...
[93.638s][info][gc,ref] GC(35) O:                           Encountered       Discovered Cleared/Enqueued 
[93.639s][info][gc,ref] GC(35) O: Soft References:                  238                0                0 
[93.639s][info][gc,ref] GC(35) O: Weak References:               220825           193312            73200 
[93.639s][info][gc,ref] GC(35) O: Weak (No Queue):              6535944          6013412          3746549 
[93.639s][info][gc,ref] GC(35) O: Weak Fields:                        0                0                0 
[93.639s][info][gc,ref] GC(35) O: Final References:                   0                0                0 
[93.639s][info][gc,ref] GC(35) O: Phantom References:                 1                0                0 
Waiting 6000 ms...
[99.673s][info][gc,ref] GC(36) O:                           Encountered       Discovered Cleared/Enqueued 
[99.673s][info][gc,ref] GC(36) O: Soft References:                  238                0                0 
[99.673s][info][gc,ref] GC(36) O: Weak References:               147625           147340           146611 
[99.673s][info][gc,ref] GC(36) O: Weak (No Queue):              2789395          2789395          2789392 
[99.673s][info][gc,ref] GC(36) O: Weak Fields:                        0                0                0 
[99.673s][info][gc,ref] GC(36) O: Final References:                   0                0                0 
[99.673s][info][gc,ref] GC(36) O: Phantom References:                 1                1                0 
Phase 4: Final weak reference checks...
Final count of alive weak references: 0
References enqueued in ReferenceQueue: 367001
Cooling down for 5 seconds...
[103.550s][info][gc,ref] GC(37) O:                           Encountered       Discovered Cleared/Enqueued 
[103.550s][info][gc,ref] GC(37) O: Soft References:                  238                0                0 
[103.550s][info][gc,ref] GC(37) O: Weak References:                 1014              680                0 
[103.550s][info][gc,ref] GC(37) O: Weak (No Queue):                    3                3                0 
[103.550s][info][gc,ref] GC(37) O: Weak Fields:                        0                0                0 
[103.550s][info][gc,ref] GC(37) O: Final References:                   0                0                0 
[103.550s][info][gc,ref] GC(37) O: Phantom References:                 1                1                0 
[104.094s][info][gc,ref] GC(38) O:                           Encountered       Discovered Cleared/Enqueued 
[104.094s][info][gc,ref] GC(38) O: Soft References:                  238                0                0 
[104.094s][info][gc,ref] GC(38) O: Weak References:                 1014               85                0 
[104.094s][info][gc,ref] GC(38) O: Weak (No Queue):                    3                0                0 
[104.094s][info][gc,ref] GC(38) O: Weak Fields:                        0                0                0 
[104.094s][info][gc,ref] GC(38) O: Final References:                   0                0                0 
[104.094s][info][gc,ref] GC(38) O: Phantom References:                 1                0                0 
[104.634s][info][gc,ref] GC(39) O:                           Encountered       Discovered Cleared/Enqueued 
[104.634s][info][gc,ref] GC(39) O: Soft References:                  238                0                0 
[104.634s][info][gc,ref] GC(39) O: Weak References:                 1014              570                0 
[104.634s][info][gc,ref] GC(39) O: Weak (No Queue):                    3                0                0 
[104.634s][info][gc,ref] GC(39) O: Weak Fields:                        0                0                0 
[104.634s][info][gc,ref] GC(39) O: Final References:                   0                0                0 
[104.634s][info][gc,ref] GC(39) O: Phantom References:                 1                0                0 
[105.166s][info][gc,ref] GC(40) O:                           Encountered       Discovered Cleared/Enqueued 
[105.166s][info][gc,ref] GC(40) O: Soft References:                  238                0                0 
[105.166s][info][gc,ref] GC(40) O: Weak References:                 1014              839                0 
[105.166s][info][gc,ref] GC(40) O: Weak (No Queue):                    3                1                0 
[105.166s][info][gc,ref] GC(40) O: Weak Fields:                        0                0                0 
[105.166s][info][gc,ref] GC(40) O: Final References:                   0                0                0 
[105.166s][info][gc,ref] GC(40) O: Phantom References:                 1                0                0 
[105.701s][info][gc,ref] GC(41) O:                           Encountered       Discovered Cleared/Enqueued 
[105.701s][info][gc,ref] GC(41) O: Soft References:                  238                0                0 
[105.701s][info][gc,ref] GC(41) O: Weak References:                 1014              568                0 
[105.701s][info][gc,ref] GC(41) O: Weak (No Queue):                    3                0                0 
[105.701s][info][gc,ref] GC(41) O: Weak Fields:                        0                0                0 
[105.701s][info][gc,ref] GC(41) O: Final References:                   0                0                0 
[105.701s][info][gc,ref] GC(41) O: Phantom References:                 1                0                0 
[106.236s][info][gc,ref] GC(42) O:                           Encountered       Discovered Cleared/Enqueued 
[106.236s][info][gc,ref] GC(42) O: Soft References:                  238                0                0 
[106.236s][info][gc,ref] GC(42) O: Weak References:                 1014              928                0 
[106.236s][info][gc,ref] GC(42) O: Weak (No Queue):                    3                3                0 
[106.236s][info][gc,ref] GC(42) O: Weak Fields:                        0                0                0 
[106.236s][info][gc,ref] GC(42) O: Final References:                   0                0                0 
[106.236s][info][gc,ref] GC(42) O: Phantom References:                 1                1                0 
[106.771s][info][gc,ref] GC(43) O:                           Encountered       Discovered Cleared/Enqueued 
[106.771s][info][gc,ref] GC(43) O: Soft References:                  238                0                0 
[106.771s][info][gc,ref] GC(43) O: Weak References:                 1014              568                0 
[106.771s][info][gc,ref] GC(43) O: Weak (No Queue):                    3                0                0 
[106.771s][info][gc,ref] GC(43) O: Weak Fields:                        0                0                0 
[106.771s][info][gc,ref] GC(43) O: Final References:                   0                0                0 
[106.771s][info][gc,ref] GC(43) O: Phantom References:                 1                0                0 
[107.306s][info][gc,ref] GC(44) O:                           Encountered       Discovered Cleared/Enqueued 
[107.306s][info][gc,ref] GC(44) O: Soft References:                  238                0                0 
[107.306s][info][gc,ref] GC(44) O: Weak References:                 1014              839                0 
[107.306s][info][gc,ref] GC(44) O: Weak (No Queue):                    3                3                0 
[107.306s][info][gc,ref] GC(44) O: Weak Fields:                        0                0                0 
[107.306s][info][gc,ref] GC(44) O: Final References:                   0                0                0 
[107.306s][info][gc,ref] GC(44) O: Phantom References:                 1                1                0 
[107.491s][info][gc,stats] === Garbage Collection Statistics =======================================================================================================================
[107.491s][info][gc,stats]                                                              Last 10s              Last 10m              Last 10h                Total
[107.491s][info][gc,stats]                                                              Avg / Max             Avg / Max             Avg / Max             Avg / Max
[107.491s][info][gc,stats]        Contention: Mark Segment Reset Contention                     0 / 0                 0 / 9                 0 / 9                 0 / 9           ops/s
[107.491s][info][gc,stats]        Contention: Mark SeqNum Reset Contention                      0 / 0                 0 / 5                 0 / 5                 0 / 5           ops/s
[107.491s][info][gc,stats]          Critical: Allocation Stall                                  0 / 0                 0 / 0                 0 / 0                 0 / 0           ops/s
[107.491s][info][gc,stats]          Critical: Allocation Stall                              0.000 / 0.000         0.000 / 0.000         0.000 / 0.000         0.000 / 0.000       ms
[107.491s][info][gc,stats]          Critical: JNI Critical Stall                                0 / 0                 0 / 0                 0 / 0                 0 / 0           ops/s
[107.491s][info][gc,stats]          Critical: JNI Critical Stall                            0.000 / 0.000         0.000 / 0.000         0.000 / 0.000         0.000 / 0.000       ms
[107.491s][info][gc,stats]          Critical: Relocation Stall                                  0 / 0                 0 / 0                 0 / 0                 0 / 0           ops/s
[107.491s][info][gc,stats]          Critical: Relocation Stall                              0.000 / 0.000         0.000 / 0.000         0.000 / 0.000         0.000 / 0.000       ms
[107.491s][info][gc,stats]  Major Collection: Major Collection                           1133.902 / 5527.872   1890.829 / 6743.535   1890.829 / 6743.535   1890.829 / 6743.535    ms
[107.491s][info][gc,stats]            Memory: Allocation Rate                                   0 / 2               192 / 5636            192 / 5636            192 / 5636        MB/s
[107.491s][info][gc,stats]            Memory: Defragment                                        0 / 0                 0 / 0                 0 / 0                 0 / 0           ops/s
[107.491s][info][gc,stats]            Memory: Mapped Cache Harvest                              0 / 0                 0 / 0                 0 / 0                 0 / 0           MB/s
[107.491s][info][gc,stats]            Memory: Out Of Memory                                     0 / 0                 0 / 0                 0 / 0                 0 / 0           ops/s
[107.491s][info][gc,stats]            Memory: Uncommit                                          0 / 0                 0 / 0                 0 / 0                 0 / 0           MB/s
[107.491s][info][gc,stats]            Memory: Undo Object Allocation Failed                     0 / 0                 0 / 0                 0 / 0                 0 / 0           ops/s
[107.491s][info][gc,stats]            Memory: Undo Object Allocation Succeeded                  0 / 0                 0 / 0                 0 / 0                 0 / 0           ops/s
[107.491s][info][gc,stats]            Memory: Undo Page Allocation                              0 / 0                 0 / 0                 0 / 0                 0 / 0           ops/s
[107.491s][info][gc,stats]  Minor Collection: Minor Collection                              0.000 / 0.000         0.000 / 0.000         0.000 / 0.000         0.000 / 0.000       ms
[107.491s][info][gc,stats]    Old Generation: Old Generation                             1113.571 / 5430.139   1279.113 / 6629.337   1279.113 / 6629.337   1279.113 / 6629.337    ms
[107.491s][info][gc,stats]         Old Pause: Pause Mark End                                0.012 / 0.015         0.012 / 0.015         0.012 / 0.015         0.012 / 0.015       ms
[107.491s][info][gc,stats]         Old Pause: Pause Relocate Start                          0.009 / 0.013         0.010 / 0.015         0.010 / 0.015         0.010 / 0.015       ms
[107.491s][info][gc,stats]         Old Phase: Concurrent Mark                            1005.751 / 4622.455   1052.994 / 5043.004   1052.994 / 5043.004   1052.994 / 5043.004    ms
[107.491s][info][gc,stats]         Old Phase: Concurrent Mark Continue                      0.000 / 0.000         0.000 / 0.000         0.000 / 0.000         0.000 / 0.000       ms
[107.491s][info][gc,stats]         Old Phase: Concurrent Mark Free                          0.004 / 0.006         0.004 / 0.007         0.004 / 0.007         0.004 / 0.007       ms
[107.491s][info][gc,stats]         Old Phase: Concurrent Process Non-Strong                35.226 / 267.937      72.540 / 700.750      72.540 / 700.750      72.540 / 700.750     ms
[107.491s][info][gc,stats]         Old Phase: Concurrent Relocate                          62.890 / 491.791     120.269 / 819.361     120.269 / 819.361     120.269 / 819.361     ms
[107.491s][info][gc,stats]         Old Phase: Concurrent Remap Roots                        3.562 / 23.888       21.061 / 97.327       21.061 / 97.327       21.061 / 97.327      ms
[107.491s][info][gc,stats]         Old Phase: Concurrent Reset Relocation Set               0.036 / 0.194         0.023 / 0.194         0.023 / 0.194         0.023 / 0.194       ms
[107.491s][info][gc,stats]         Old Phase: Concurrent Select Relocation Set              5.799 / 23.512       11.894 / 93.966       11.894 / 93.966       11.894 / 93.966      ms
[107.491s][info][gc,stats]      Old Subphase: Concurrent Classes Purge                      0.005 / 0.007         0.017 / 0.186         0.017 / 0.186         0.017 / 0.186       ms
[107.491s][info][gc,stats]      Old Subphase: Concurrent Classes Unlink                     1.458 / 1.569         1.413 / 1.622         1.413 / 1.622         1.413 / 1.622       ms
[107.491s][info][gc,stats]      Old Subphase: Concurrent Mark Follow                     1005.616 / 4622.303   1052.835 / 5042.827   1052.835 / 5042.827   1052.835 / 5042.827    ms
[107.491s][info][gc,stats]      Old Subphase: Concurrent Mark Root Colored                  0.041 / 0.092         0.032 / 0.097         0.032 / 0.097         0.032 / 0.097       ms
[107.491s][info][gc,stats]      Old Subphase: Concurrent Mark Root Uncolored                0.022 / 0.037         0.029 / 0.121         0.029 / 0.121         0.029 / 0.121       ms
[107.491s][info][gc,stats]      Old Subphase: Concurrent Mark Roots                         0.129 / 0.203         0.155 / 0.284         0.155 / 0.284         0.155 / 0.284       ms
[107.491s][info][gc,stats]      Old Subphase: Concurrent References Enqueue                 0.001 / 0.004         0.001 / 0.004         0.001 / 0.004         0.001 / 0.004       ms
[107.491s][info][gc,stats]      Old Subphase: Concurrent References Process                33.323 / 265.734      70.596 / 698.386      70.596 / 698.386      70.596 / 698.386     ms
[107.491s][info][gc,stats]      Old Subphase: Concurrent Remap Remembered                   3.153 / 23.302       16.407 / 96.774       16.407 / 96.774       16.407 / 96.774      ms
[107.491s][info][gc,stats]      Old Subphase: Concurrent Remap Roots Colored                0.047 / 0.097         0.156 / 0.531         0.156 / 0.531         0.156 / 0.531       ms
[107.491s][info][gc,stats]      Old Subphase: Concurrent Remap Roots Uncolored              0.229 / 0.307         0.227 / 0.360         0.227 / 0.360         0.227 / 0.360       ms
[107.491s][info][gc,stats]      Old Subphase: Concurrent Roots ClassLoaderDataGraph         0.035 / 0.077         0.101 / 0.502         0.101 / 0.502         0.101 / 0.502       ms
[107.491s][info][gc,stats]      Old Subphase: Concurrent Roots CodeCache                    0.227 / 0.304         0.225 / 0.358         0.225 / 0.358         0.225 / 0.358       ms
[107.491s][info][gc,stats]      Old Subphase: Concurrent Roots JavaThreads                  0.009 / 0.037         0.011 / 0.121         0.011 / 0.121         0.011 / 0.121       ms
[107.491s][info][gc,stats]      Old Subphase: Concurrent Roots OopStorageSet                0.005 / 0.020         0.005 / 0.023         0.005 / 0.023         0.005 / 0.023       ms
[107.491s][info][gc,stats]      Old Subphase: Concurrent Weak Roots OopStorageSet           0.102 / 0.182         0.088 / 0.230         0.088 / 0.230         0.088 / 0.230       ms
[107.491s][info][gc,stats]            System: Java Threads                                     11 / 11               11 / 13               11 / 13               11 / 13          threads
[107.491s][info][gc,stats]  Young Generation: Young Generation                              9.174 / 35.152      611.615 / 4158.183    611.615 / 4158.183    611.615 / 4158.183    ms
[107.491s][info][gc,stats]  Young Generation: Young Generation                              0.000 / 0.000         0.000 / 0.000         0.000 / 0.000         0.000 / 0.000       ms
[107.491s][info][gc,stats]  Young Generation: Young Generation (Collect Roots)              0.000 / 0.000         0.000 / 0.000         0.000 / 0.000         0.000 / 0.000       ms
[107.491s][info][gc,stats]  Young Generation: Young Generation (Promote All)                0.000 / 0.000         0.000 / 0.000         0.000 / 0.000         0.000 / 0.000       ms
[107.491s][info][gc,stats]       Young Pause: Pause Mark End                                0.010 / 0.013         0.011 / 0.014         0.011 / 0.014         0.011 / 0.014       ms
[107.491s][info][gc,stats]       Young Pause: Pause Mark Start                              0.000 / 0.000         0.000 / 0.000         0.000 / 0.000         0.000 / 0.000       ms
[107.491s][info][gc,stats]       Young Pause: Pause Mark Start (Major)                      0.014 / 0.015         0.015 / 0.027         0.015 / 0.027         0.015 / 0.027       ms
[107.491s][info][gc,stats]       Young Pause: Pause Relocate Start                          0.007 / 0.007         0.008 / 0.013         0.008 / 0.013         0.008 / 0.013       ms
[107.491s][info][gc,stats]       Young Phase: Concurrent Mark                               8.129 / 34.118      546.251 / 3711.543    546.251 / 3711.543    546.251 / 3711.543    ms
[107.491s][info][gc,stats]       Young Phase: Concurrent Mark Continue                      0.000 / 0.000         0.000 / 0.000         0.000 / 0.000         0.000 / 0.000       ms
[107.491s][info][gc,stats]       Young Phase: Concurrent Mark Free                          0.001 / 0.001         0.004 / 0.050         0.004 / 0.050         0.004 / 0.050       ms
[107.491s][info][gc,stats]       Young Phase: Concurrent Relocate                           0.061 / 0.096        36.852 / 316.759      36.852 / 316.759      36.852 / 316.759     ms
[107.491s][info][gc,stats]       Young Phase: Concurrent Reset Relocation Set               0.000 / 0.000         0.087 / 0.862         0.087 / 0.862         0.087 / 0.862       ms
[107.491s][info][gc,stats]       Young Phase: Concurrent Select Relocation Set              0.564 / 0.659        27.934 / 265.740      27.934 / 265.740      27.934 / 265.740     ms
[107.491s][info][gc,stats]    Young Subphase: Concurrent Mark Follow                        6.289 / 32.996      544.927 / 3710.328    544.927 / 3710.328    544.927 / 3710.328    ms
[107.491s][info][gc,stats]    Young Subphase: Concurrent Mark Root Colored                  0.743 / 0.835         0.757 / 1.240         0.757 / 1.240         0.757 / 1.240       ms
[107.491s][info][gc,stats]    Young Subphase: Concurrent Mark Root Uncolored                0.478 / 4.427         0.300 / 4.427         0.300 / 4.427         0.300 / 4.427       ms
[107.491s][info][gc,stats]    Young Subphase: Concurrent Mark Roots                         1.837 / 5.338         1.321 / 5.338         1.321 / 5.338         1.321 / 5.338       ms
[107.491s][info][gc,stats]    Young Subphase: Concurrent Relocate Remset FP                 0.011 / 0.016        36.562 / 316.708      36.562 / 316.708      36.562 / 316.708     ms
[107.491s][info][gc,stats]    Young Subphase: Concurrent Roots ClassLoaderDataGraph         0.629 / 0.648         0.620 / 0.828         0.620 / 0.828         0.620 / 0.828       ms
[107.491s][info][gc,stats]    Young Subphase: Concurrent Roots CodeCache                    0.250 / 0.368         0.237 / 0.368         0.237 / 0.368         0.237 / 0.368       ms
[107.491s][info][gc,stats]    Young Subphase: Concurrent Roots JavaThreads                  0.120 / 4.426         0.037 / 4.426         0.037 / 4.426         0.037 / 4.426       ms
[107.491s][info][gc,stats]    Young Subphase: Concurrent Roots OopStorageSet                0.006 / 0.010         0.065 / 1.209         0.065 / 1.209         0.065 / 1.209       ms
[107.491s][info][gc,stats]    Young Subphase: Concurrent Weak Roots OopStorageSet           0.108 / 0.189         0.116 / 0.225         0.116 / 0.225         0.116 / 0.225       ms
[107.491s][info][gc,stats] =========================================================================================================================================================
