
=== RUN 12/80 (GA dyn_only) ===

[0.029s][info][gc,ref] Reference Processor created, Macros: ZUseSeparateDiscoveredLists=0, ZUseDynamicArray=1, ZUseOptimisedClearPath=0
[1.825s][info][gc,ref] GC(0) O:                           Encountered       Discovered Cleared/Enqueued 
[1.826s][info][gc,ref] GC(0) O: Soft References:                    0                0                0 
[1.826s][info][gc,ref] GC(0) O: Weak References:                    0                0                0 
[1.826s][info][gc,ref] GC(0) O: Weak (No Queue):                    0                0                0 
[1.826s][info][gc,ref] GC(0) O: Weak Fields:                        0                0                0 
[1.826s][info][gc,ref] GC(0) O: Final References:                   0                0                0 
[1.826s][info][gc,ref] GC(0) O: Phantom References:                 0                0                0 
[2.348s][info][gc,ref] GC(1) O:                           Encountered       Discovered Cleared/Enqueued 
[2.348s][info][gc,ref] GC(1) O: Soft References:                  148                0                0 
[2.348s][info][gc,ref] GC(1) O: Weak References:                  605                0                0 
[2.348s][info][gc,ref] GC(1) O: Weak (No Queue):                    3                0                0 
[2.348s][info][gc,ref] GC(1) O: Weak Fields:                        0                0                0 
[2.348s][info][gc,ref] GC(1) O: Final References:                   0                0                0 
[2.348s][info][gc,ref] GC(1) O: Phantom References:                 1                0                0 
[2.887s][info][gc,ref] GC(2) O:                           Encountered       Discovered Cleared/Enqueued 
[2.887s][info][gc,ref] GC(2) O: Soft References:                  164                0                0 
[2.887s][info][gc,ref] GC(2) O: Weak References:                  889                0                0 
[2.887s][info][gc,ref] GC(2) O: Weak (No Queue):                    3                0                0 
[2.887s][info][gc,ref] GC(2) O: Weak Fields:                        0                0                0 
[2.887s][info][gc,ref] GC(2) O: Final References:                   0                0                0 
[2.887s][info][gc,ref] GC(2) O: Phantom References:                 1                0                0 
WeakRefMultiObjectBenchmark: objects=7340009 minSize=509 maxSize=1097 sleepMillis=3000 iterations=3

=== Iteration 1 ===
Phase 1: Allocating references and objects...
[3.446s][info][gc,ref] GC(3) O:                           Encountered       Discovered Cleared/Enqueued 
[3.446s][info][gc,ref] GC(3) O: Soft References:                  238                0                0 
[3.446s][info][gc,ref] GC(3) O: Weak References:                 1349              399              129 
[3.446s][info][gc,ref] GC(3) O: Weak (No Queue):                    3                0                0 
[3.446s][info][gc,ref] GC(3) O: Weak Fields:                        0                0                0 
[3.446s][info][gc,ref] GC(3) O: Final References:                   0                0                0 
[3.446s][info][gc,ref] GC(3) O: Phantom References:                 1                1                0 
[4.206s][info][gc,ref] GC(4) O:                           Encountered       Discovered Cleared/Enqueued 
[4.206s][info][gc,ref] GC(4) O: Soft References:                  238                0                0 
[4.206s][info][gc,ref] GC(4) O: Weak References:                 1220               80               80 
[4.206s][info][gc,ref] GC(4) O: Weak (No Queue):                    3                0                0 
[4.206s][info][gc,ref] GC(4) O: Weak Fields:                        0                0                0 
[4.206s][info][gc,ref] GC(4) O: Final References:                   0                0                0 
[4.206s][info][gc,ref] GC(4) O: Phantom References:                 1                0                0 
[5.710s][info][gc,ref] GC(5) O:                           Encountered       Discovered Cleared/Enqueued 
[5.710s][info][gc,ref] GC(5) O: Soft References:                  238                0                0 
[5.710s][info][gc,ref] GC(5) O: Weak References:               368141              553              126 
[5.710s][info][gc,ref] GC(5) O: Weak (No Queue):              1040419                2                0 
[5.710s][info][gc,ref] GC(5) O: Weak Fields:                        0                0                0 
[5.710s][info][gc,ref] GC(5) O: Final References:                   0                0                0 
[5.710s][info][gc,ref] GC(5) O: Phantom References:                 1                1                0 
Allocated 7340009 objects in 4.54 seconds
Phase 2: Sleeping for 3000 ms...
[8.688s][info][gc,ref] GC(6) O:                           Encountered       Discovered Cleared/Enqueued 
[8.688s][info][gc,ref] GC(6) O: Soft References:                  238                0                0 
[8.688s][info][gc,ref] GC(6) O: Weak References:               368015              494                0 
[8.688s][info][gc,ref] GC(6) O: Weak (No Queue):              3856355                0                0 
[8.688s][info][gc,ref] GC(6) O: Weak Fields:                        0                0                0 
[8.688s][info][gc,ref] GC(6) O: Final References:                   0                0                0 
[8.688s][info][gc,ref] GC(6) O: Phantom References:                 1                1                0 
Phase 3.1: Clearing strong references...
Cleared 1468002 strong references, 5872007 remaining
Waiting 3000 ms...
[13.742s][info][gc,ref] GC(7) O:                           Encountered       Discovered Cleared/Enqueued 
[13.742s][info][gc,ref] GC(7) O: Soft References:                  238                0                0 
[13.742s][info][gc,ref] GC(7) O: Weak References:               368015           103349                0 
[13.742s][info][gc,ref] GC(7) O: Weak (No Queue):              6973011           293242                0 
[13.742s][info][gc,ref] GC(7) O: Weak Fields:                        0                0                0 
[13.742s][info][gc,ref] GC(7) O: Final References:                   0                0                0 
[13.742s][info][gc,ref] GC(7) O: Phantom References:                 1                1                0 
Phase 3.2: Clearing strong references...
Cleared 1468002 strong references, 4404005 remaining
Waiting 3000 ms...
Phase 3.3: Clearing strong references...
Cleared 1468002 strong references, 2936003 remaining
Waiting 3000 ms...
[19.774s][info][gc,ref] GC(8) O:                           Encountered       Discovered Cleared/Enqueued 
[19.774s][info][gc,ref] GC(8) O: Soft References:                  238                0                0 
[19.774s][info][gc,ref] GC(8) O: Weak References:               368015           252738            73247 
[19.774s][info][gc,ref] GC(8) O: Weak (No Queue):              6973011          2650239           771411 
[19.774s][info][gc,ref] GC(8) O: Weak Fields:                        0                0                0 
[19.774s][info][gc,ref] GC(8) O: Final References:                   0                0                0 
[19.774s][info][gc,ref] GC(8) O: Phantom References:                 1                1                0 
Phase 3.4: Clearing strong references...
Cleared 1468002 strong references, 1468001 remaining
Waiting 3000 ms...
Phase 3.5: Clearing strong references...
Cleared 1468001 strong references, 0 remaining
Waiting 3000 ms...
[26.900s][info][gc,ref] GC(9) O:                           Encountered       Discovered Cleared/Enqueued 
[26.900s][info][gc,ref] GC(9) O: Soft References:                  238                0                0 
[26.900s][info][gc,ref] GC(9) O: Weak References:               294768           290928           146224 
[26.900s][info][gc,ref] GC(9) O: Weak (No Queue):              6201600          6134485          3413124 
[26.900s][info][gc,ref] GC(9) O: Weak Fields:                        0                0                0 
[26.900s][info][gc,ref] GC(9) O: Final References:                   0                0                0 
[26.900s][info][gc,ref] GC(9) O: Phantom References:                 1                1                0 
Waiting 6000 ms...
[32.864s][info][gc,ref] GC(10) O:                           Encountered       Discovered Cleared/Enqueued 
[32.864s][info][gc,ref] GC(10) O: Soft References:                  238                0                0 
[32.864s][info][gc,ref] GC(10) O: Weak References:               148544           148179           147530 
[32.864s][info][gc,ref] GC(10) O: Weak (No Queue):              2788476          2788475          2788473 
[32.864s][info][gc,ref] GC(10) O: Weak Fields:                        0                0                0 
[32.864s][info][gc,ref] GC(10) O: Final References:                   0                0                0 
[32.864s][info][gc,ref] GC(10) O: Phantom References:                 1                1                0 
Phase 4: Final weak reference checks...
Final count of alive weak references: 0
References enqueued in ReferenceQueue: 367001
Cooling down for 5 seconds...
[36.147s][info][gc,ref] GC(11) O:                           Encountered       Discovered Cleared/Enqueued 
[36.147s][info][gc,ref] GC(11) O: Soft References:                  238                0                0 
[36.147s][info][gc,ref] GC(11) O: Weak References:                 1014              717                0 
[36.147s][info][gc,ref] GC(11) O: Weak (No Queue):                    3                2                0 
[36.147s][info][gc,ref] GC(11) O: Weak Fields:                        0                0                0 
[36.147s][info][gc,ref] GC(11) O: Final References:                   0                0                0 
[36.147s][info][gc,ref] GC(11) O: Phantom References:                 1                1                0 
[36.692s][info][gc,ref] GC(12) O:                           Encountered       Discovered Cleared/Enqueued 
[36.692s][info][gc,ref] GC(12) O: Soft References:                  238                0                0 
[36.692s][info][gc,ref] GC(12) O: Weak References:                 1014              858                0 
[36.692s][info][gc,ref] GC(12) O: Weak (No Queue):                    3                3                0 
[36.692s][info][gc,ref] GC(12) O: Weak Fields:                        0                0                0 
[36.692s][info][gc,ref] GC(12) O: Final References:                   0                0                0 
[36.692s][info][gc,ref] GC(12) O: Phantom References:                 1                1                0 
[37.227s][info][gc,ref] GC(13) O:                           Encountered       Discovered Cleared/Enqueued 
[37.227s][info][gc,ref] GC(13) O: Soft References:                  238                0                0 
[37.227s][info][gc,ref] GC(13) O: Weak References:                 1014              755                0 
[37.227s][info][gc,ref] GC(13) O: Weak (No Queue):                    3                2                0 
[37.227s][info][gc,ref] GC(13) O: Weak Fields:                        0                0                0 
[37.227s][info][gc,ref] GC(13) O: Final References:                   0                0                0 
[37.227s][info][gc,ref] GC(13) O: Phantom References:                 1                1                0 
[37.753s][info][gc,ref] GC(14) O:                           Encountered       Discovered Cleared/Enqueued 
[37.753s][info][gc,ref] GC(14) O: Soft References:                  238                0                0 
[37.753s][info][gc,ref] GC(14) O: Weak References:                 1014              599                0 
[37.753s][info][gc,ref] GC(14) O: Weak (No Queue):                    3                2                0 
[37.753s][info][gc,ref] GC(14) O: Weak Fields:                        0                0                0 
[37.753s][info][gc,ref] GC(14) O: Final References:                   0                0                0 
[37.753s][info][gc,ref] GC(14) O: Phantom References:                 1                1                0 
[38.288s][info][gc,ref] GC(15) O:                           Encountered       Discovered Cleared/Enqueued 
[38.288s][info][gc,ref] GC(15) O: Soft References:                  238                0                0 
[38.288s][info][gc,ref] GC(15) O: Weak References:                 1014              880                0 
[38.288s][info][gc,ref] GC(15) O: Weak (No Queue):                    3                3                0 
[38.288s][info][gc,ref] GC(15) O: Weak Fields:                        0                0                0 
[38.288s][info][gc,ref] GC(15) O: Final References:                   0                0                0 
[38.288s][info][gc,ref] GC(15) O: Phantom References:                 1                1                0 
[38.821s][info][gc,ref] GC(16) O:                           Encountered       Discovered Cleared/Enqueued 
[38.821s][info][gc,ref] GC(16) O: Soft References:                  238                0                0 
[38.821s][info][gc,ref] GC(16) O: Weak References:                 1014              822                0 
[38.821s][info][gc,ref] GC(16) O: Weak (No Queue):                    3                3                0 
[38.821s][info][gc,ref] GC(16) O: Weak Fields:                        0                0                0 
[38.821s][info][gc,ref] GC(16) O: Final References:                   0                0                0 
[38.821s][info][gc,ref] GC(16) O: Phantom References:                 1                1                0 
[39.345s][info][gc,ref] GC(17) O:                           Encountered       Discovered Cleared/Enqueued 
[39.345s][info][gc,ref] GC(17) O: Soft References:                  238                0                0 
[39.345s][info][gc,ref] GC(17) O: Weak References:                 1014              644                0 
[39.345s][info][gc,ref] GC(17) O: Weak (No Queue):                    3                3                0 
[39.345s][info][gc,ref] GC(17) O: Weak Fields:                        0                0                0 
[39.345s][info][gc,ref] GC(17) O: Final References:                   0                0                0 
[39.345s][info][gc,ref] GC(17) O: Phantom References:                 1                1                0 
[39.870s][info][gc,ref] GC(18) O:                           Encountered       Discovered Cleared/Enqueued 
[39.870s][info][gc,ref] GC(18) O: Soft References:                  238                0                0 
[39.870s][info][gc,ref] GC(18) O: Weak References:                 1014              549                0 
[39.870s][info][gc,ref] GC(18) O: Weak (No Queue):                    3                3                0 
[39.870s][info][gc,ref] GC(18) O: Weak Fields:                        0                0                0 
[39.870s][info][gc,ref] GC(18) O: Final References:                   0                0                0 
[39.870s][info][gc,ref] GC(18) O: Phantom References:                 1                0                0 
[40.395s][info][gc,ref] GC(19) O:                           Encountered       Discovered Cleared/Enqueued 
[40.395s][info][gc,ref] GC(19) O: Soft References:                  238                0                0 
[40.395s][info][gc,ref] GC(19) O: Weak References:                 1014              890                0 
[40.395s][info][gc,ref] GC(19) O: Weak (No Queue):                    3                0                0 
[40.395s][info][gc,ref] GC(19) O: Weak Fields:                        0                0                0 
[40.395s][info][gc,ref] GC(19) O: Final References:                   0                0                0 
[40.395s][info][gc,ref] GC(19) O: Phantom References:                 1                1                0 

=== Iteration 2 ===
Phase 1: Allocating references and objects...
[40.940s][info][gc,ref] GC(20) O:                           Encountered       Discovered Cleared/Enqueued 
[40.940s][info][gc,ref] GC(20) O: Soft References:                  238                0                0 
[40.940s][info][gc,ref] GC(20) O: Weak References:                 1014              582                0 
[40.940s][info][gc,ref] GC(20) O: Weak (No Queue):                    3                3                0 
[40.940s][info][gc,ref] GC(20) O: Weak Fields:                        0                0                0 
[40.940s][info][gc,ref] GC(20) O: Final References:                   0                0                0 
[40.940s][info][gc,ref] GC(20) O: Phantom References:                 1                1                0 
Allocated 7340009 objects in 1.83 seconds
Phase 2: Sleeping for 3000 ms...
[43.128s][info][gc,ref] GC(21) O:                           Encountered       Discovered Cleared/Enqueued 
[43.128s][info][gc,ref] GC(21) O: Soft References:                  238                0                0 
[43.128s][info][gc,ref] GC(21) O: Weak References:               368015              908                0 
[43.128s][info][gc,ref] GC(21) O: Weak (No Queue):               588909                3                0 
[43.128s][info][gc,ref] GC(21) O: Weak Fields:                        0                0                0 
[43.128s][info][gc,ref] GC(21) O: Final References:                   0                0                0 
[43.128s][info][gc,ref] GC(21) O: Phantom References:                 1                1                0 
Phase 3.1: Clearing strong references...
Cleared 1468002 strong references, 5872007 remaining
Waiting 3000 ms...
[47.745s][info][gc,ref] GC(22) O:                           Encountered       Discovered Cleared/Enqueued 
[47.745s][info][gc,ref] GC(22) O: Soft References:                  238                0                0 
[47.745s][info][gc,ref] GC(22) O: Weak References:               368015              949                0 
[47.745s][info][gc,ref] GC(22) O: Weak (No Queue):              6973011                3                0 
[47.745s][info][gc,ref] GC(22) O: Weak Fields:                        0                0                0 
[47.745s][info][gc,ref] GC(22) O: Final References:                   0                0                0 
[47.745s][info][gc,ref] GC(22) O: Phantom References:                 1                1                0 
Phase 3.2: Clearing strong references...
Cleared 1468002 strong references, 4404005 remaining
Waiting 3000 ms...
Phase 3.3: Clearing strong references...
Cleared 1468002 strong references, 2936003 remaining
Waiting 3000 ms...
[52.962s][info][gc,ref] GC(23) O:                           Encountered       Discovered Cleared/Enqueued 
[52.962s][info][gc,ref] GC(23) O: Soft References:                  238                0                0 
[52.962s][info][gc,ref] GC(23) O: Weak References:               368015           315473            73177 
[52.962s][info][gc,ref] GC(23) O: Weak (No Queue):              6973011           506757           117704 
[52.962s][info][gc,ref] GC(23) O: Weak Fields:                        0                0                0 
[52.962s][info][gc,ref] GC(23) O: Final References:                   0                0                0 
[52.962s][info][gc,ref] GC(23) O: Phantom References:                 1                1                0 
Phase 3.4: Clearing strong references...
Cleared 1468002 strong references, 1468001 remaining
Waiting 3000 ms...
Phase 3.5: Clearing strong references...
Cleared 1468001 strong references, 0 remaining
Waiting 3000 ms...
[59.340s][info][gc,ref] GC(24) O:                           Encountered       Discovered Cleared/Enqueued 
[59.340s][info][gc,ref] GC(24) O: Soft References:                  238                0                0 
[59.340s][info][gc,ref] GC(24) O: Weak References:               294838           269947           146623 
[59.340s][info][gc,ref] GC(24) O: Weak (No Queue):              6855307          6389021          4066502 
[59.340s][info][gc,ref] GC(24) O: Weak Fields:                        0                0                0 
[59.340s][info][gc,ref] GC(24) O: Final References:                   0                0                0 
[59.340s][info][gc,ref] GC(24) O: Phantom References:                 1                1                0 
Waiting 6000 ms...
[65.261s][info][gc,ref] GC(25) O:                           Encountered       Discovered Cleared/Enqueued 
[65.261s][info][gc,ref] GC(25) O: Soft References:                  238                0                0 
[65.261s][info][gc,ref] GC(25) O: Weak References:               148215           148150           147201 
[65.261s][info][gc,ref] GC(25) O: Weak (No Queue):              2788805          2788802          2788802 
[65.261s][info][gc,ref] GC(25) O: Weak Fields:                        0                0                0 
[65.261s][info][gc,ref] GC(25) O: Final References:                   0                0                0 
[65.261s][info][gc,ref] GC(25) O: Phantom References:                 1                1                0 
Phase 4: Final weak reference checks...
Final count of alive weak references: 0
References enqueued in ReferenceQueue: 367001
Cooling down for 5 seconds...
[69.199s][info][gc,ref] GC(26) O:                           Encountered       Discovered Cleared/Enqueued 
[69.199s][info][gc,ref] GC(26) O: Soft References:                  238                0                0 
[69.199s][info][gc,ref] GC(26) O: Weak References:                 1014              949                0 
[69.199s][info][gc,ref] GC(26) O: Weak (No Queue):                    3                1                0 
[69.199s][info][gc,ref] GC(26) O: Weak Fields:                        0                0                0 
[69.199s][info][gc,ref] GC(26) O: Final References:                   0                0                0 
[69.199s][info][gc,ref] GC(26) O: Phantom References:                 1                1                0 
[69.734s][info][gc,ref] GC(27) O:                           Encountered       Discovered Cleared/Enqueued 
[69.734s][info][gc,ref] GC(27) O: Soft References:                  238                0                0 
[69.734s][info][gc,ref] GC(27) O: Weak References:                 1014              463                0 
[69.734s][info][gc,ref] GC(27) O: Weak (No Queue):                    3                2                0 
[69.734s][info][gc,ref] GC(27) O: Weak Fields:                        0                0                0 
[69.734s][info][gc,ref] GC(27) O: Final References:                   0                0                0 
[69.734s][info][gc,ref] GC(27) O: Phantom References:                 1                1                0 
[70.263s][info][gc,ref] GC(28) O:                           Encountered       Discovered Cleared/Enqueued 
[70.263s][info][gc,ref] GC(28) O: Soft References:                  238                0                0 
[70.263s][info][gc,ref] GC(28) O: Weak References:                 1014              799                0 
[70.263s][info][gc,ref] GC(28) O: Weak (No Queue):                    3                2                0 
[70.263s][info][gc,ref] GC(28) O: Weak Fields:                        0                0                0 
[70.263s][info][gc,ref] GC(28) O: Final References:                   0                0                0 
[70.263s][info][gc,ref] GC(28) O: Phantom References:                 1                1                0 
[70.789s][info][gc,ref] GC(29) O:                           Encountered       Discovered Cleared/Enqueued 
[70.789s][info][gc,ref] GC(29) O: Soft References:                  238                0                0 
[70.789s][info][gc,ref] GC(29) O: Weak References:                 1014              486                0 
[70.789s][info][gc,ref] GC(29) O: Weak (No Queue):                    3                2                0 
[70.789s][info][gc,ref] GC(29) O: Weak Fields:                        0                0                0 
[70.789s][info][gc,ref] GC(29) O: Final References:                   0                0                0 
[70.789s][info][gc,ref] GC(29) O: Phantom References:                 1                0                0 
[71.315s][info][gc,ref] GC(30) O:                           Encountered       Discovered Cleared/Enqueued 
[71.315s][info][gc,ref] GC(30) O: Soft References:                  238                0                0 
[71.315s][info][gc,ref] GC(30) O: Weak References:                 1014              630                0 
[71.315s][info][gc,ref] GC(30) O: Weak (No Queue):                    3                1                0 
[71.315s][info][gc,ref] GC(30) O: Weak Fields:                        0                0                0 
[71.315s][info][gc,ref] GC(30) O: Final References:                   0                0                0 
[71.315s][info][gc,ref] GC(30) O: Phantom References:                 1                1                0 
[71.841s][info][gc,ref] GC(31) O:                           Encountered       Discovered Cleared/Enqueued 
[71.841s][info][gc,ref] GC(31) O: Soft References:                  238                0                0 
[71.841s][info][gc,ref] GC(31) O: Weak References:                 1014              639                0 
[71.841s][info][gc,ref] GC(31) O: Weak (No Queue):                    3                0                0 
[71.841s][info][gc,ref] GC(31) O: Weak Fields:                        0                0                0 
[71.841s][info][gc,ref] GC(31) O: Final References:                   0                0                0 
[71.841s][info][gc,ref] GC(31) O: Phantom References:                 1                0                0 
[72.368s][info][gc,ref] GC(32) O:                           Encountered       Discovered Cleared/Enqueued 
[72.368s][info][gc,ref] GC(32) O: Soft References:                  238                0                0 
[72.368s][info][gc,ref] GC(32) O: Weak References:                 1014              595                0 
[72.368s][info][gc,ref] GC(32) O: Weak (No Queue):                    3                2                0 
[72.368s][info][gc,ref] GC(32) O: Weak Fields:                        0                0                0 
[72.368s][info][gc,ref] GC(32) O: Final References:                   0                0                0 
[72.368s][info][gc,ref] GC(32) O: Phantom References:                 1                1                0 
[72.893s][info][gc,ref] GC(33) O:                           Encountered       Discovered Cleared/Enqueued 
[72.893s][info][gc,ref] GC(33) O: Soft References:                  238                0                0 
[72.893s][info][gc,ref] GC(33) O: Weak References:                 1014              341                0 
[72.893s][info][gc,ref] GC(33) O: Weak (No Queue):                    3                2                0 
[72.893s][info][gc,ref] GC(33) O: Weak Fields:                        0                0                0 
[72.893s][info][gc,ref] GC(33) O: Final References:                   0                0                0 
[72.893s][info][gc,ref] GC(33) O: Phantom References:                 1                1                0 
[73.418s][info][gc,ref] GC(34) O:                           Encountered       Discovered Cleared/Enqueued 
[73.418s][info][gc,ref] GC(34) O: Soft References:                  238                0                0 
[73.418s][info][gc,ref] GC(34) O: Weak References:                 1014              630                0 
[73.418s][info][gc,ref] GC(34) O: Weak (No Queue):                    3                1                0 
[73.418s][info][gc,ref] GC(34) O: Weak Fields:                        0                0                0 
[73.418s][info][gc,ref] GC(34) O: Final References:                   0                0                0 
[73.418s][info][gc,ref] GC(34) O: Phantom References:                 1                1                0 

=== Iteration 3 ===
Phase 1: Allocating references and objects...
[73.957s][info][gc,ref] GC(35) O:                           Encountered       Discovered Cleared/Enqueued 
[73.957s][info][gc,ref] GC(35) O: Soft References:                  238                0                0 
[73.957s][info][gc,ref] GC(35) O: Weak References:                 1014              757                0 
[73.957s][info][gc,ref] GC(35) O: Weak (No Queue):                    3                2                0 
[73.957s][info][gc,ref] GC(35) O: Weak Fields:                        0                0                0 
[73.957s][info][gc,ref] GC(35) O: Final References:                   0                0                0 
[73.957s][info][gc,ref] GC(35) O: Phantom References:                 1                1                0 
Allocated 7340009 objects in 1.96 seconds
Phase 2: Sleeping for 3000 ms...
[76.602s][info][gc,ref] GC(36) O:                           Encountered       Discovered Cleared/Enqueued 
[76.602s][info][gc,ref] GC(36) O: Soft References:                  238                0                0 
[76.602s][info][gc,ref] GC(36) O: Weak References:               368015              726                0 
[76.602s][info][gc,ref] GC(36) O: Weak (No Queue):              1639709                2                0 
[76.602s][info][gc,ref] GC(36) O: Weak Fields:                        0                0                0 
[76.602s][info][gc,ref] GC(36) O: Final References:                   0                0                0 
[76.602s][info][gc,ref] GC(36) O: Phantom References:                 1                1                0 
Phase 3.1: Clearing strong references...
Cleared 1468002 strong references, 5872007 remaining
Waiting 3000 ms...
[81.293s][info][gc,ref] GC(37) O:                           Encountered       Discovered Cleared/Enqueued 
[81.293s][info][gc,ref] GC(37) O: Soft References:                  238                0                0 
[81.293s][info][gc,ref] GC(37) O: Weak References:               368015              585                0 
[81.293s][info][gc,ref] GC(37) O: Weak (No Queue):              6973011                2                0 
[81.293s][info][gc,ref] GC(37) O: Weak Fields:                        0                0                0 
[81.293s][info][gc,ref] GC(37) O: Final References:                   0                0                0 
[81.293s][info][gc,ref] GC(37) O: Phantom References:                 1                1                0 
Phase 3.2: Clearing strong references...
Cleared 1468002 strong references, 4404005 remaining
Waiting 3000 ms...
Phase 3.3: Clearing strong references...
Cleared 1468002 strong references, 2936003 remaining
Waiting 3000 ms...
[86.552s][info][gc,ref] GC(38) O:                           Encountered       Discovered Cleared/Enqueued 
[86.552s][info][gc,ref] GC(38) O: Soft References:                  238                0                0 
[86.552s][info][gc,ref] GC(38) O: Weak References:               368015           367833            73779 
[86.552s][info][gc,ref] GC(38) O: Weak (No Queue):              6973011          1639210           327774 
[86.552s][info][gc,ref] GC(38) O: Weak Fields:                        0                0                0 
[86.552s][info][gc,ref] GC(38) O: Final References:                   0                0                0 
[86.552s][info][gc,ref] GC(38) O: Phantom References:                 1                1                0 
Phase 3.4: Clearing strong references...
Cleared 1468002 strong references, 1468001 remaining
Waiting 3000 ms...
Phase 3.5: Clearing strong references...
Cleared 1468001 strong references, 0 remaining
Waiting 3000 ms...
[93.161s][info][gc,ref] GC(39) O:                           Encountered       Discovered Cleared/Enqueued 
[93.161s][info][gc,ref] GC(39) O: Soft References:                  238                0                0 
[93.161s][info][gc,ref] GC(39) O: Weak References:               294236           293759           146611 
[93.161s][info][gc,ref] GC(39) O: Weak (No Queue):              6645237          6643540          3855842 
[93.161s][info][gc,ref] GC(39) O: Weak Fields:                        0                0                0 
[93.161s][info][gc,ref] GC(39) O: Final References:                   0                0                0 
[93.161s][info][gc,ref] GC(39) O: Phantom References:                 1                1                0 
Waiting 6000 ms...
[99.105s][info][gc,ref] GC(40) O:                           Encountered       Discovered Cleared/Enqueued 
[99.105s][info][gc,ref] GC(40) O: Soft References:                  238                0                0 
[99.105s][info][gc,ref] GC(40) O: Weak References:               147625           147195           146611 
[99.105s][info][gc,ref] GC(40) O: Weak (No Queue):              2789395          2789392          2789392 
[99.105s][info][gc,ref] GC(40) O: Weak Fields:                        0                0                0 
[99.105s][info][gc,ref] GC(40) O: Final References:                   0                0                0 
[99.105s][info][gc,ref] GC(40) O: Phantom References:                 1                1                0 
Phase 4: Final weak reference checks...
Final count of alive weak references: 0
References enqueued in ReferenceQueue: 367001
Cooling down for 5 seconds...
[102.844s][info][gc,ref] GC(41) O:                           Encountered       Discovered Cleared/Enqueued 
[102.844s][info][gc,ref] GC(41) O: Soft References:                  238                0                0 
[102.844s][info][gc,ref] GC(41) O: Weak References:                 1014              511                0 
[102.844s][info][gc,ref] GC(41) O: Weak (No Queue):                    3                2                0 
[102.844s][info][gc,ref] GC(41) O: Weak Fields:                        0                0                0 
[102.844s][info][gc,ref] GC(41) O: Final References:                   0                0                0 
[102.844s][info][gc,ref] GC(41) O: Phantom References:                 1                1                0 
[103.394s][info][gc,ref] GC(42) O:                           Encountered       Discovered Cleared/Enqueued 
[103.394s][info][gc,ref] GC(42) O: Soft References:                  238                0                0 
[103.394s][info][gc,ref] GC(42) O: Weak References:                 1014              812                0 
[103.394s][info][gc,ref] GC(42) O: Weak (No Queue):                    3                3                0 
[103.394s][info][gc,ref] GC(42) O: Weak Fields:                        0                0                0 
[103.394s][info][gc,ref] GC(42) O: Final References:                   0                0                0 
[103.394s][info][gc,ref] GC(42) O: Phantom References:                 1                1                0 
[103.939s][info][gc,ref] GC(43) O:                           Encountered       Discovered Cleared/Enqueued 
[103.939s][info][gc,ref] GC(43) O: Soft References:                  238                0                0 
[103.939s][info][gc,ref] GC(43) O: Weak References:                 1014              868                0 
[103.939s][info][gc,ref] GC(43) O: Weak (No Queue):                    3                0                0 
[103.939s][info][gc,ref] GC(43) O: Weak Fields:                        0                0                0 
[103.939s][info][gc,ref] GC(43) O: Final References:                   0                0                0 
[103.939s][info][gc,ref] GC(43) O: Phantom References:                 1                1                0 
[104.484s][info][gc,ref] GC(44) O:                           Encountered       Discovered Cleared/Enqueued 
[104.484s][info][gc,ref] GC(44) O: Soft References:                  238                0                0 
[104.484s][info][gc,ref] GC(44) O: Weak References:                 1014              887                0 
[104.484s][info][gc,ref] GC(44) O: Weak (No Queue):                    3                0                0 
[104.484s][info][gc,ref] GC(44) O: Weak Fields:                        0                0                0 
[104.484s][info][gc,ref] GC(44) O: Final References:                   0                0                0 
[104.484s][info][gc,ref] GC(44) O: Phantom References:                 1                0                0 
[105.019s][info][gc,ref] GC(45) O:                           Encountered       Discovered Cleared/Enqueued 
[105.019s][info][gc,ref] GC(45) O: Soft References:                  238                0                0 
[105.019s][info][gc,ref] GC(45) O: Weak References:                 1014              871                0 
[105.019s][info][gc,ref] GC(45) O: Weak (No Queue):                    3                3                0 
[105.019s][info][gc,ref] GC(45) O: Weak Fields:                        0                0                0 
[105.019s][info][gc,ref] GC(45) O: Final References:                   0                0                0 
[105.019s][info][gc,ref] GC(45) O: Phantom References:                 1                1                0 
[105.544s][info][gc,ref] GC(46) O:                           Encountered       Discovered Cleared/Enqueued 
[105.544s][info][gc,ref] GC(46) O: Soft References:                  238                0                0 
[105.544s][info][gc,ref] GC(46) O: Weak References:                 1014              832                0 
[105.544s][info][gc,ref] GC(46) O: Weak (No Queue):                    3                0                0 
[105.544s][info][gc,ref] GC(46) O: Weak Fields:                        0                0                0 
[105.544s][info][gc,ref] GC(46) O: Final References:                   0                0                0 
[105.544s][info][gc,ref] GC(46) O: Phantom References:                 1                0                0 
[106.069s][info][gc,ref] GC(47) O:                           Encountered       Discovered Cleared/Enqueued 
[106.069s][info][gc,ref] GC(47) O: Soft References:                  238                0                0 
[106.069s][info][gc,ref] GC(47) O: Weak References:                 1014              840                0 
[106.069s][info][gc,ref] GC(47) O: Weak (No Queue):                    3                0                0 
[106.069s][info][gc,ref] GC(47) O: Weak Fields:                        0                0                0 
[106.069s][info][gc,ref] GC(47) O: Final References:                   0                0                0 
[106.069s][info][gc,ref] GC(47) O: Phantom References:                 1                0                0 
[106.593s][info][gc,ref] GC(48) O:                           Encountered       Discovered Cleared/Enqueued 
[106.593s][info][gc,ref] GC(48) O: Soft References:                  238                0                0 
[106.593s][info][gc,ref] GC(48) O: Weak References:                 1014              860                0 
[106.593s][info][gc,ref] GC(48) O: Weak (No Queue):                    3                0                0 
[106.593s][info][gc,ref] GC(48) O: Weak Fields:                        0                0                0 
[106.593s][info][gc,ref] GC(48) O: Final References:                   0                0                0 
[106.593s][info][gc,ref] GC(48) O: Phantom References:                 1                0                0 
[107.009s][info][gc,stats] === Garbage Collection Statistics =======================================================================================================================
[107.009s][info][gc,stats]                                                              Last 10s              Last 10m              Last 10h                Total
[107.009s][info][gc,stats]                                                              Avg / Max             Avg / Max             Avg / Max             Avg / Max
[107.009s][info][gc,stats]        Contention: Mark Segment Reset Contention                     0 / 1                 0 / 12                0 / 12                0 / 12          ops/s
[107.009s][info][gc,stats]        Contention: Mark SeqNum Reset Contention                      0 / 2                 0 / 6                 0 / 6                 0 / 6           ops/s
[107.009s][info][gc,stats]          Critical: Allocation Stall                                  0 / 0                 0 / 0                 0 / 0                 0 / 0           ops/s
[107.009s][info][gc,stats]          Critical: Allocation Stall                              0.000 / 0.000         0.000 / 0.000         0.000 / 0.000         0.000 / 0.000       ms
[107.009s][info][gc,stats]          Critical: JNI Critical Stall                                0 / 0                 0 / 0                 0 / 0                 0 / 0           ops/s
[107.009s][info][gc,stats]          Critical: JNI Critical Stall                            0.000 / 0.000         0.000 / 0.000         0.000 / 0.000         0.000 / 0.000       ms
[107.009s][info][gc,stats]          Critical: Relocation Stall                                  0 / 0                 0 / 0                 0 / 0                 0 / 0           ops/s
[107.009s][info][gc,stats]          Critical: Relocation Stall                              0.000 / 0.000         0.000 / 0.000         0.000 / 0.000         0.000 / 0.000       ms
[107.009s][info][gc,stats]  Major Collection: Major Collection                            988.566 / 5443.471   1643.173 / 6618.582   1643.173 / 6618.582   1643.173 / 6618.582    ms
[107.009s][info][gc,stats]            Memory: Allocation Rate                                   0 / 2               192 / 3490            192 / 3490            192 / 3490        MB/s
[107.009s][info][gc,stats]            Memory: Defragment                                        0 / 0                 0 / 0                 0 / 0                 0 / 0           ops/s
[107.009s][info][gc,stats]            Memory: Mapped Cache Harvest                              0 / 0                 0 / 0                 0 / 0                 0 / 0           MB/s
[107.009s][info][gc,stats]            Memory: Out Of Memory                                     0 / 0                 0 / 0                 0 / 0                 0 / 0           ops/s
[107.009s][info][gc,stats]            Memory: Uncommit                                          0 / 0                 0 / 0                 0 / 0                 0 / 0           MB/s
[107.009s][info][gc,stats]            Memory: Undo Object Allocation Failed                     0 / 0                 0 / 0                 0 / 0                 0 / 0           ops/s
[107.009s][info][gc,stats]            Memory: Undo Object Allocation Succeeded                  0 / 0                 0 / 2                 0 / 2                 0 / 2           ops/s
[107.009s][info][gc,stats]            Memory: Undo Page Allocation                              0 / 0                 0 / 0                 0 / 0                 0 / 0           ops/s
[107.009s][info][gc,stats]  Minor Collection: Minor Collection                              0.000 / 0.000         0.000 / 0.000         0.000 / 0.000         0.000 / 0.000       ms
[107.009s][info][gc,stats]    Old Generation: Old Generation                              969.831 / 5335.367   1078.525 / 6506.758   1078.525 / 6506.758   1078.525 / 6506.758    ms
[107.009s][info][gc,stats]         Old Pause: Pause Mark End                                0.012 / 0.020         0.012 / 0.020         0.012 / 0.020         0.012 / 0.020       ms
[107.009s][info][gc,stats]         Old Pause: Pause Relocate Start                          0.009 / 0.014         0.010 / 0.014         0.010 / 0.014         0.010 / 0.014       ms
[107.009s][info][gc,stats]         Old Phase: Concurrent Mark                             880.516 / 4571.030    889.011 / 5056.297    889.011 / 5056.297    889.011 / 5056.297    ms
[107.009s][info][gc,stats]         Old Phase: Concurrent Mark Continue                      0.000 / 0.000         0.000 / 0.000         0.000 / 0.000         0.000 / 0.000       ms
[107.009s][info][gc,stats]         Old Phase: Concurrent Mark Free                          0.003 / 0.005         0.004 / 0.006         0.004 / 0.006         0.004 / 0.006       ms
[107.009s][info][gc,stats]         Old Phase: Concurrent Process Non-Strong                24.427 / 212.318      58.310 / 594.721      58.310 / 594.721      58.310 / 594.721     ms
[107.009s][info][gc,stats]         Old Phase: Concurrent Relocate                          56.681 / 507.289     102.455 / 829.493     102.455 / 829.493     102.455 / 829.493     ms
[107.009s][info][gc,stats]         Old Phase: Concurrent Remap Roots                        2.983 / 23.171       18.858 / 99.669       18.858 / 99.669       18.858 / 99.669      ms
[107.009s][info][gc,stats]         Old Phase: Concurrent Reset Relocation Set               0.027 / 0.156         0.019 / 0.192         0.019 / 0.192         0.019 / 0.192       ms
[107.009s][info][gc,stats]         Old Phase: Concurrent Select Relocation Set              4.955 / 21.123        9.584 / 88.974        9.584 / 88.974        9.584 / 88.974      ms
[107.009s][info][gc,stats]      Old Subphase: Concurrent Classes Purge                      0.005 / 0.006         0.062 / 2.124         0.062 / 2.124         0.062 / 2.124       ms
[107.009s][info][gc,stats]      Old Subphase: Concurrent Classes Unlink                     0.223 / 0.264         0.830 / 1.869         0.830 / 1.869         0.830 / 1.869       ms
[107.009s][info][gc,stats]      Old Subphase: Concurrent Mark Follow                      880.370 / 4570.897    888.860 / 5056.181    888.860 / 5056.181    888.860 / 5056.181    ms
[107.009s][info][gc,stats]      Old Subphase: Concurrent Mark Root Colored                  0.043 / 0.096         0.033 / 0.098         0.033 / 0.098         0.033 / 0.098       ms
[107.009s][info][gc,stats]      Old Subphase: Concurrent Mark Root Uncolored                0.020 / 0.047         0.029 / 0.182         0.029 / 0.182         0.029 / 0.182       ms
[107.009s][info][gc,stats]      Old Subphase: Concurrent Mark Roots                         0.146 / 0.166         0.148 / 0.265         0.148 / 0.265         0.148 / 0.265       ms
[107.009s][info][gc,stats]      Old Subphase: Concurrent References Enqueue                 0.001 / 0.003         0.001 / 0.015         0.001 / 0.015         0.001 / 0.015       ms
[107.009s][info][gc,stats]      Old Subphase: Concurrent References Process                23.645 / 211.299      56.921 / 593.920      56.921 / 593.920      56.921 / 593.920     ms
[107.009s][info][gc,stats]      Old Subphase: Concurrent Remap Remembered                   2.785 / 22.848       14.985 / 99.438       14.985 / 99.438       14.985 / 99.438      ms
[107.009s][info][gc,stats]      Old Subphase: Concurrent Remap Roots Colored                0.068 / 0.106         0.141 / 0.533         0.141 / 0.533         0.141 / 0.533       ms
[107.009s][info][gc,stats]      Old Subphase: Concurrent Remap Roots Uncolored              0.022 / 0.032         0.122 / 0.312         0.122 / 0.312         0.122 / 0.312       ms
[107.009s][info][gc,stats]      Old Subphase: Concurrent Roots ClassLoaderDataGraph         0.036 / 0.079         0.092 / 0.515         0.092 / 0.515         0.092 / 0.515       ms
[107.009s][info][gc,stats]      Old Subphase: Concurrent Roots CodeCache                    0.020 / 0.028         0.120 / 0.308         0.120 / 0.308         0.120 / 0.308       ms
[107.009s][info][gc,stats]      Old Subphase: Concurrent Roots JavaThreads                  0.009 / 0.047         0.011 / 0.182         0.011 / 0.182         0.011 / 0.182       ms
[107.009s][info][gc,stats]      Old Subphase: Concurrent Roots OopStorageSet                0.003 / 0.017         0.005 / 0.023         0.005 / 0.023         0.005 / 0.023       ms
[107.009s][info][gc,stats]      Old Subphase: Concurrent Weak Roots OopStorageSet           0.090 / 0.188         0.087 / 0.246         0.087 / 0.246         0.087 / 0.246       ms
[107.009s][info][gc,stats]            System: Java Threads                                     11 / 11               11 / 13               11 / 13               11 / 13          threads
[107.009s][info][gc,stats]  Young Generation: Young Generation                              7.472 / 35.577      564.551 / 3902.236    564.551 / 3902.236    564.551 / 3902.236    ms
[107.009s][info][gc,stats]  Young Generation: Young Generation                              0.000 / 0.000         0.000 / 0.000         0.000 / 0.000         0.000 / 0.000       ms
[107.009s][info][gc,stats]  Young Generation: Young Generation (Collect Roots)              0.000 / 0.000         0.000 / 0.000         0.000 / 0.000         0.000 / 0.000       ms
[107.009s][info][gc,stats]  Young Generation: Young Generation (Promote All)                0.000 / 0.000         0.000 / 0.000         0.000 / 0.000         0.000 / 0.000       ms
[107.009s][info][gc,stats]       Young Pause: Pause Mark End                                0.009 / 0.014         0.011 / 0.014         0.011 / 0.014         0.011 / 0.014       ms
[107.009s][info][gc,stats]       Young Pause: Pause Mark Start                              0.000 / 0.000         0.000 / 0.000         0.000 / 0.000         0.000 / 0.000       ms
[107.009s][info][gc,stats]       Young Pause: Pause Mark Start (Major)                      0.016 / 0.027         0.015 / 0.027         0.015 / 0.027         0.015 / 0.027       ms
[107.009s][info][gc,stats]       Young Pause: Pause Relocate Start                          0.008 / 0.014         0.008 / 0.014         0.008 / 0.014         0.008 / 0.014       ms
[107.009s][info][gc,stats]       Young Phase: Concurrent Mark                               6.404 / 34.331      505.195 / 3798.448    505.195 / 3798.448    505.195 / 3798.448    ms
[107.009s][info][gc,stats]       Young Phase: Concurrent Mark Continue                      0.000 / 0.000         0.000 / 0.000         0.000 / 0.000         0.000 / 0.000       ms
[107.009s][info][gc,stats]       Young Phase: Concurrent Mark Free                          0.001 / 0.001         0.002 / 0.009         0.002 / 0.009         0.002 / 0.009       ms
[107.009s][info][gc,stats]       Young Phase: Concurrent Relocate                           0.091 / 0.235        36.215 / 422.462      36.215 / 422.462      36.215 / 422.462     ms
[107.009s][info][gc,stats]       Young Phase: Concurrent Reset Relocation Set               0.000 / 0.000         0.069 / 1.016         0.069 / 1.016         0.069 / 1.016       ms
[107.009s][info][gc,stats]       Young Phase: Concurrent Select Relocation Set              0.535 / 0.670        22.545 / 289.798      22.545 / 289.798      22.545 / 289.798     ms
[107.009s][info][gc,stats]    Young Subphase: Concurrent Mark Follow                        5.461 / 33.494      504.134 / 3797.360    504.134 / 3797.360    504.134 / 3797.360    ms
[107.009s][info][gc,stats]    Young Subphase: Concurrent Mark Root Colored                  0.632 / 0.724         0.678 / 1.281         0.678 / 1.281         0.678 / 1.281       ms
[107.009s][info][gc,stats]    Young Subphase: Concurrent Mark Root Uncolored                0.059 / 0.074         0.174 / 0.424         0.174 / 0.424         0.174 / 0.424       ms
[107.009s][info][gc,stats]    Young Subphase: Concurrent Mark Roots                         0.940 / 1.042         1.059 / 1.649         1.059 / 1.649         1.059 / 1.649       ms
[107.009s][info][gc,stats]    Young Subphase: Concurrent Relocate Remset FP                 0.013 / 0.017        35.842 / 422.287      35.842 / 422.287      35.842 / 422.287     ms
[107.009s][info][gc,stats]    Young Subphase: Concurrent Roots ClassLoaderDataGraph         0.540 / 0.607         0.561 / 0.722         0.561 / 0.722         0.561 / 0.722       ms
[107.009s][info][gc,stats]    Young Subphase: Concurrent Roots CodeCache                    0.027 / 0.049         0.140 / 0.315         0.140 / 0.315         0.140 / 0.315       ms
[107.009s][info][gc,stats]    Young Subphase: Concurrent Roots JavaThreads                  0.016 / 0.053         0.019 / 0.423         0.019 / 0.423         0.019 / 0.423       ms
[107.009s][info][gc,stats]    Young Subphase: Concurrent Roots OopStorageSet                0.004 / 0.006         0.027 / 0.451         0.027 / 0.451         0.027 / 0.451       ms
[107.009s][info][gc,stats]    Young Subphase: Concurrent Weak Roots OopStorageSet           0.087 / 0.119         0.109 / 0.481         0.109 / 0.481         0.109 / 0.481       ms
[107.009s][info][gc,stats] =========================================================================================================================================================
