
=== Instance 6/8, outer iteration 76/100 (Variant dyn_only) ===

Affinity: allowed=12,13,14,15,16,17,18,19,20,21,22,23 jvm=12,13,14,15,16,17,18,19,20,21 aux=22,23
Benchmark args: <none>
Command: /gorilla/home/fredrha/SimplifyingWeakRefs/build/variant-images/dyn_only-linux-x86_64-server-release/jdk/bin/java -Xms7g -Xmx7g -XX:+UseZGC -Xlog:gc+stats,gc+ref -XX:InitialTenuringThreshold=1 -XX:MaxTenuringThreshold=1 -XX:NativeMemoryTracking=summary /gorilla/home/fredrha/SimplifyingWeakRefs/test/weakrefs/WeakRefSingleObjectBenchmark.java

[0.004s][info][gc,ref] Reference Processor created, Config: Dynamic array
WeakRefSingleObjectBenchmark: weakRefCount=10000000 sleepMillis=500
Phase 1: Allocating the single target object...
Phase 2: Allocating 10000000 WeakReferences in random order...
Allocated 10000000 weak ref holders in 0.80 seconds
Phase 3: Sleeping for 500 ms (strong ref still held)...
Phase 4: Releasing the strong reference to the target object...
Phase 5: Triggering GC...
[4.811s][info][gc,ref] GC(0) O:                       Encountered   Discovered     Enqueued 
[4.811s][info][gc,ref] GC(0) O: Soft References:              238            0            0 
[4.811s][info][gc,ref] GC(0) O: Weak References:          7063756            0            0 
[4.811s][info][gc,ref] GC(0) O: Final References:               0            0            0 
[4.811s][info][gc,ref] GC(0) O: Phantom References:             1            0            0 
[7.954s][info][gc,ref] GC(1) O:                       Encountered   Discovered     Enqueued 
[7.954s][info][gc,ref] GC(1) O: Soft References:              238            0            0 
[7.954s][info][gc,ref] GC(1) O: Weak References:         10001333     10001037     10000330 
[7.954s][info][gc,ref] GC(1) O: Final References:               0            0            0 
[7.954s][info][gc,ref] GC(1) O: Phantom References:             1            1            0 
Phase 6: Checking results...
Alive weak references after GC: 0 / 10000000
[10.776s][info][gc,stats] === Garbage Collection Statistics =======================================================================================================================
[10.776s][info][gc,stats]                                                              Last 10s              Last 10m              Last 10h                Total
[10.776s][info][gc,stats]                                                              Avg / Max             Avg / Max             Avg / Max             Avg / Max
[10.776s][info][gc,stats]        Contention: Mark Segment Reset Contention                     4 / 34                4 / 34                4 / 34                4 / 34          ops/s
[10.776s][info][gc,stats]        Contention: Mark SeqNum Reset Contention                      0 / 4                 0 / 4                 0 / 4                 0 / 4           ops/s
[10.776s][info][gc,stats]          Critical: Allocation Stall                                  0 / 0                 0 / 0                 0 / 0                 0 / 0           ops/s
[10.776s][info][gc,stats]          Critical: Allocation Stall                              0.000 / 0.000         0.000 / 0.000         0.000 / 0.000         0.000 / 0.000       ms
[10.776s][info][gc,stats]          Critical: JNI Critical Stall                                0 / 0                 0 / 0                 0 / 0                 0 / 0           ops/s
[10.776s][info][gc,stats]          Critical: JNI Critical Stall                            0.000 / 0.000         0.000 / 0.000         0.000 / 0.000         0.000 / 0.000       ms
[10.776s][info][gc,stats]          Critical: Relocation Stall                                  0 / 0                 0 / 0                 0 / 0                 0 / 0           ops/s
[10.776s][info][gc,stats]          Critical: Relocation Stall                              0.000 / 0.000         0.000 / 0.000         0.000 / 0.000         0.000 / 0.000       ms
[10.776s][info][gc,stats]  Major Collection: Major Collection                           1932.424 / 3142.518   1932.424 / 3142.518   1932.424 / 3142.518   1932.424 / 3142.518    ms
[10.776s][info][gc,stats]            Memory: Allocation Rate                                 102 / 648             102 / 648             102 / 648             102 / 648         MB/s
[10.776s][info][gc,stats]            Memory: Defragment                                        0 / 0                 0 / 0                 0 / 0                 0 / 0           ops/s
[10.776s][info][gc,stats]            Memory: Mapped Cache Harvest                              0 / 0                 0 / 0                 0 / 0                 0 / 0           MB/s
[10.776s][info][gc,stats]            Memory: Out Of Memory                                     0 / 0                 0 / 0                 0 / 0                 0 / 0           ops/s
[10.776s][info][gc,stats]            Memory: Uncommit                                          0 / 0                 0 / 0                 0 / 0                 0 / 0           MB/s
[10.776s][info][gc,stats]            Memory: Undo Object Allocation Failed                     0 / 0                 0 / 0                 0 / 0                 0 / 0           ops/s
[10.776s][info][gc,stats]            Memory: Undo Object Allocation Succeeded                  0 / 0                 0 / 0                 0 / 0                 0 / 0           ops/s
[10.776s][info][gc,stats]            Memory: Undo Page Allocation                              0 / 0                 0 / 0                 0 / 0                 0 / 0           ops/s
[10.776s][info][gc,stats]  Minor Collection: Minor Collection                              0.000 / 0.000         0.000 / 0.000         0.000 / 0.000         0.000 / 0.000       ms
[10.776s][info][gc,stats]    Old Generation: Old Generation                              957.177 / 1911.593    957.177 / 1911.593    957.177 / 1911.593    957.177 / 1911.593    ms
[10.776s][info][gc,stats]         Old Pause: Pause Mark End                                0.010 / 0.014         0.010 / 0.014         0.010 / 0.014         0.010 / 0.014       ms
[10.776s][info][gc,stats]         Old Pause: Pause Relocate Start                          0.008 / 0.010         0.008 / 0.010         0.008 / 0.010         0.008 / 0.010       ms
[10.776s][info][gc,stats]         Old Phase: Concurrent Mark                             798.065 / 1595.916    798.065 / 1595.916    798.065 / 1595.916    798.065 / 1595.916    ms
[10.776s][info][gc,stats]         Old Phase: Concurrent Mark Continue                      0.000 / 0.000         0.000 / 0.000         0.000 / 0.000         0.000 / 0.000       ms
[10.776s][info][gc,stats]         Old Phase: Concurrent Mark Free                          0.001 / 0.003         0.001 / 0.003         0.001 / 0.003         0.001 / 0.003       ms
[10.776s][info][gc,stats]         Old Phase: Concurrent Process Non-Strong               150.998 / 300.271     150.998 / 300.271     150.998 / 300.271     150.998 / 300.271     ms
[10.776s][info][gc,stats]         Old Phase: Concurrent Relocate                           0.023 / 0.026         0.023 / 0.026         0.023 / 0.026         0.023 / 0.026       ms
[10.776s][info][gc,stats]         Old Phase: Concurrent Remap Roots                        7.824 / 15.128        7.824 / 15.128        7.824 / 15.128        7.824 / 15.128      ms
[10.776s][info][gc,stats]         Old Phase: Concurrent Reset Relocation Set               0.000 / 0.000         0.000 / 0.000         0.000 / 0.000         0.000 / 0.000       ms
[10.776s][info][gc,stats]         Old Phase: Concurrent Select Relocation Set              0.154 / 0.232         0.154 / 0.232         0.154 / 0.232         0.154 / 0.232       ms
[10.776s][info][gc,stats]      Old Subphase: Concurrent Classes Purge                      0.140 / 0.263         0.140 / 0.263         0.140 / 0.263         0.140 / 0.263       ms
[10.776s][info][gc,stats]      Old Subphase: Concurrent Classes Unlink                     0.972 / 1.202         0.972 / 1.202         0.972 / 1.202         0.972 / 1.202       ms
[10.776s][info][gc,stats]      Old Subphase: Concurrent Mark Follow                      797.972 / 1595.839    797.972 / 1595.839    797.972 / 1595.839    797.972 / 1595.839    ms
[10.776s][info][gc,stats]      Old Subphase: Concurrent Mark Root Colored                  0.024 / 0.059         0.024 / 0.059         0.024 / 0.059         0.024 / 0.059       ms
[10.776s][info][gc,stats]      Old Subphase: Concurrent Mark Root Uncolored                0.027 / 0.054         0.027 / 0.054         0.027 / 0.054         0.027 / 0.054       ms
[10.776s][info][gc,stats]      Old Subphase: Concurrent Mark Roots                         0.092 / 0.110         0.092 / 0.110         0.092 / 0.110         0.092 / 0.110       ms
[10.776s][info][gc,stats]      Old Subphase: Concurrent References Enqueue                 0.003 / 0.005         0.003 / 0.005         0.003 / 0.005         0.003 / 0.005       ms
[10.776s][info][gc,stats]      Old Subphase: Concurrent References Process               149.650 / 299.287     149.650 / 299.287     149.650 / 299.287     149.650 / 299.287     ms
[10.776s][info][gc,stats]      Old Subphase: Concurrent Remap Remembered                   7.414 / 14.858        7.414 / 14.858        7.414 / 14.858        7.414 / 14.858      ms
[10.776s][info][gc,stats]      Old Subphase: Concurrent Remap Roots Colored                0.221 / 0.384         0.221 / 0.384         0.221 / 0.384         0.221 / 0.384       ms
[10.776s][info][gc,stats]      Old Subphase: Concurrent Remap Roots Uncolored              0.147 / 0.175         0.147 / 0.175         0.147 / 0.175         0.147 / 0.175       ms
[10.776s][info][gc,stats]      Old Subphase: Concurrent Roots ClassLoaderDataGraph         0.117 / 0.368         0.117 / 0.368         0.117 / 0.368         0.117 / 0.368       ms
[10.776s][info][gc,stats]      Old Subphase: Concurrent Roots CodeCache                    0.144 / 0.172         0.144 / 0.172         0.144 / 0.172         0.144 / 0.172       ms
[10.776s][info][gc,stats]      Old Subphase: Concurrent Roots JavaThreads                  0.010 / 0.054         0.010 / 0.054         0.010 / 0.054         0.010 / 0.054       ms
[10.776s][info][gc,stats]      Old Subphase: Concurrent Roots OopStorageSet                0.003 / 0.016         0.003 / 0.016         0.003 / 0.016         0.003 / 0.016       ms
[10.776s][info][gc,stats]      Old Subphase: Concurrent Weak Roots OopStorageSet           0.059 / 0.179         0.059 / 0.179         0.059 / 0.179         0.059 / 0.179       ms
[10.776s][info][gc,stats]            System: Java Threads                                     12 / 13               12 / 13               12 / 13               12 / 13          threads
[10.776s][info][gc,stats]  Young Generation: Young Generation                            719.443 / 719.443     719.443 / 719.443     719.443 / 719.443     719.443 / 719.443     ms
[10.776s][info][gc,stats]  Young Generation: Young Generation                              0.000 / 0.000         0.000 / 0.000         0.000 / 0.000         0.000 / 0.000       ms
[10.776s][info][gc,stats]  Young Generation: Young Generation (Collect Roots)              1.557 / 1.557         1.557 / 1.557         1.557 / 1.557         1.557 / 1.557       ms
[10.776s][info][gc,stats]  Young Generation: Young Generation (Promote All)             1229.229 / 1229.229   1229.229 / 1229.229   1229.229 / 1229.229   1229.229 / 1229.229    ms
[10.776s][info][gc,stats]       Young Pause: Pause Mark End                                0.011 / 0.013         0.011 / 0.013         0.011 / 0.013         0.011 / 0.013       ms
[10.776s][info][gc,stats]       Young Pause: Pause Mark Start                              0.012 / 0.012         0.012 / 0.012         0.012 / 0.012         0.012 / 0.012       ms
[10.776s][info][gc,stats]       Young Pause: Pause Mark Start (Major)                      0.028 / 0.033         0.028 / 0.033         0.028 / 0.033         0.028 / 0.033       ms
[10.776s][info][gc,stats]       Young Pause: Pause Relocate Start                          0.006 / 0.012         0.006 / 0.012         0.006 / 0.012         0.006 / 0.012       ms
[10.776s][info][gc,stats]       Young Phase: Concurrent Mark                             556.100 / 950.955     556.100 / 950.955     556.100 / 950.955     556.100 / 950.955     ms
[10.776s][info][gc,stats]       Young Phase: Concurrent Mark Continue                      0.000 / 0.000         0.000 / 0.000         0.000 / 0.000         0.000 / 0.000       ms
[10.776s][info][gc,stats]       Young Phase: Concurrent Mark Free                          0.002 / 0.002         0.002 / 0.002         0.002 / 0.002         0.002 / 0.002       ms
[10.776s][info][gc,stats]       Young Phase: Concurrent Relocate                          60.694 / 179.780      60.694 / 179.780      60.694 / 179.780      60.694 / 179.780     ms
[10.776s][info][gc,stats]       Young Phase: Concurrent Reset Relocation Set               0.041 / 0.120         0.041 / 0.120         0.041 / 0.120         0.041 / 0.120       ms
[10.776s][info][gc,stats]       Young Phase: Concurrent Select Relocation Set             33.052 / 98.328       33.052 / 98.328       33.052 / 98.328       33.052 / 98.328      ms
[10.776s][info][gc,stats]    Young Subphase: Concurrent Mark Follow                      555.280 / 950.279     555.280 / 950.279     555.280 / 950.279     555.280 / 950.279     ms
[10.776s][info][gc,stats]    Young Subphase: Concurrent Mark Root Colored                  0.547 / 0.842         0.547 / 0.842         0.547 / 0.842         0.547 / 0.842       ms
[10.776s][info][gc,stats]    Young Subphase: Concurrent Mark Root Uncolored                0.239 / 0.361         0.239 / 0.361         0.239 / 0.361         0.239 / 0.361       ms
[10.776s][info][gc,stats]    Young Subphase: Concurrent Mark Roots                         0.818 / 1.247         0.818 / 1.247         0.818 / 1.247         0.818 / 1.247       ms
[10.776s][info][gc,stats]    Young Subphase: Concurrent Relocate Remset FP                59.920 / 179.742      59.920 / 179.742      59.920 / 179.742      59.920 / 179.742     ms
[10.776s][info][gc,stats]    Young Subphase: Concurrent Roots ClassLoaderDataGraph         0.336 / 0.434         0.336 / 0.434         0.336 / 0.434         0.336 / 0.434       ms
[10.776s][info][gc,stats]    Young Subphase: Concurrent Roots CodeCache                    0.200 / 0.302         0.200 / 0.302         0.200 / 0.302         0.200 / 0.302       ms
[10.776s][info][gc,stats]    Young Subphase: Concurrent Roots JavaThreads                  0.020 / 0.110         0.020 / 0.110         0.020 / 0.110         0.020 / 0.110       ms
[10.776s][info][gc,stats]    Young Subphase: Concurrent Roots OopStorageSet                0.064 / 0.158         0.064 / 0.158         0.064 / 0.158         0.064 / 0.158       ms
[10.776s][info][gc,stats]    Young Subphase: Concurrent Weak Roots OopStorageSet           0.161 / 0.392         0.161 / 0.392         0.161 / 0.392         0.161 / 0.392       ms
[10.776s][info][gc,stats] =========================================================================================================================================================
