
=== Instance 6/8, outer iteration 74/100 (Variant none) ===

Affinity: allowed=12,13,14,15,16,17,18,19,20,21,22,23 jvm=12,13,14,15,16,17,18,19,20,21 aux=22,23
Benchmark args: <none>
Command: /gorilla/home/fredrha/SimplifyingWeakRefs/build/variant-images/none-linux-x86_64-server-release/jdk/bin/java -Xms7g -Xmx7g -XX:+UseZGC -Xlog:gc+stats,gc+ref -XX:InitialTenuringThreshold=1 -XX:MaxTenuringThreshold=1 -XX:NativeMemoryTracking=summary /gorilla/home/fredrha/SimplifyingWeakRefs/test/weakrefs/WeakRefSingleObjectBenchmark.java

WeakRefSingleObjectBenchmark: weakRefCount=10000000 sleepMillis=500
Phase 1: Allocating the single target object...
Phase 2: Allocating 10000000 WeakReferences in random order...
Allocated 10000000 weak ref holders in 0.81 seconds
Phase 3: Sleeping for 500 ms (strong ref still held)...
Phase 4: Releasing the strong reference to the target object...
Phase 5: Triggering GC...
[5.208s][info][gc,ref] GC(0) O:                       Encountered   Discovered     Enqueued 
[5.208s][info][gc,ref] GC(0) O: Soft References:              238            0            0 
[5.208s][info][gc,ref] GC(0) O: Weak References:          7046550            0            0 
[5.208s][info][gc,ref] GC(0) O: Final References:               0            0            0 
[5.208s][info][gc,ref] GC(0) O: Phantom References:             1            0            0 
[11.325s][info][gc,ref] GC(1) O:                       Encountered   Discovered     Enqueued 
[11.325s][info][gc,ref] GC(1) O: Soft References:              238            0            0 
[11.325s][info][gc,ref] GC(1) O: Weak References:         10001333     10000663     10000330 
[11.325s][info][gc,ref] GC(1) O: Final References:               0            0            0 
[11.325s][info][gc,ref] GC(1) O: Phantom References:             1            0            0 
Phase 6: Checking results...
Alive weak references after GC: 0 / 10000000
[14.152s][info][gc,stats] === Garbage Collection Statistics =======================================================================================================================
[14.152s][info][gc,stats]                                                              Last 10s              Last 10m              Last 10h                Total
[14.152s][info][gc,stats]                                                              Avg / Max             Avg / Max             Avg / Max             Avg / Max
[14.152s][info][gc,stats]        Contention: Mark Segment Reset Contention                     0 / 2                 3 / 38                3 / 38                3 / 38          ops/s
[14.152s][info][gc,stats]        Contention: Mark SeqNum Reset Contention                      0 / 3                 0 / 3                 0 / 3                 0 / 3           ops/s
[14.152s][info][gc,stats]          Critical: Allocation Stall                                  0 / 0                 0 / 0                 0 / 0                 0 / 0           ops/s
[14.152s][info][gc,stats]          Critical: Allocation Stall                              0.000 / 0.000         0.000 / 0.000         0.000 / 0.000         0.000 / 0.000       ms
[14.152s][info][gc,stats]          Critical: JNI Critical Stall                                0 / 0                 0 / 0                 0 / 0                 0 / 0           ops/s
[14.152s][info][gc,stats]          Critical: JNI Critical Stall                            0.000 / 0.000         0.000 / 0.000         0.000 / 0.000         0.000 / 0.000       ms
[14.152s][info][gc,stats]          Critical: Relocation Stall                                  0 / 0                 0 / 0                 0 / 0                 0 / 0           ops/s
[14.152s][info][gc,stats]          Critical: Relocation Stall                              0.000 / 0.000         0.000 / 0.000         0.000 / 0.000         0.000 / 0.000       ms
[14.152s][info][gc,stats]  Major Collection: Major Collection                           3963.366 / 6117.139   3963.366 / 6117.139   3963.366 / 6117.139   3963.366 / 6117.139    ms
[14.152s][info][gc,stats]            Memory: Allocation Rate                                   0 / 2                77 / 814              77 / 814              77 / 814         MB/s
[14.152s][info][gc,stats]            Memory: Defragment                                        0 / 0                 0 / 0                 0 / 0                 0 / 0           ops/s
[14.152s][info][gc,stats]            Memory: Mapped Cache Harvest                              0 / 0                 0 / 0                 0 / 0                 0 / 0           MB/s
[14.152s][info][gc,stats]            Memory: Out Of Memory                                     0 / 0                 0 / 0                 0 / 0                 0 / 0           ops/s
[14.152s][info][gc,stats]            Memory: Uncommit                                          0 / 0                 0 / 0                 0 / 0                 0 / 0           MB/s
[14.152s][info][gc,stats]            Memory: Undo Object Allocation Failed                     0 / 0                 0 / 0                 0 / 0                 0 / 0           ops/s
[14.152s][info][gc,stats]            Memory: Undo Object Allocation Succeeded                  0 / 0                 0 / 0                 0 / 0                 0 / 0           ops/s
[14.152s][info][gc,stats]            Memory: Undo Page Allocation                              0 / 0                 0 / 0                 0 / 0                 0 / 0           ops/s
[14.152s][info][gc,stats]  Minor Collection: Minor Collection                              0.000 / 0.000         0.000 / 0.000         0.000 / 0.000         0.000 / 0.000       ms
[14.152s][info][gc,stats]    Old Generation: Old Generation                             1900.930 / 3798.592   1900.930 / 3798.592   1900.930 / 3798.592   1900.930 / 3798.592    ms
[14.152s][info][gc,stats]         Old Pause: Pause Mark End                                0.010 / 0.015         0.010 / 0.015         0.010 / 0.015         0.010 / 0.015       ms
[14.152s][info][gc,stats]         Old Pause: Pause Relocate Start                          0.008 / 0.009         0.008 / 0.009         0.008 / 0.009         0.008 / 0.009       ms
[14.152s][info][gc,stats]         Old Phase: Concurrent Mark                            1645.692 / 3291.187   1645.692 / 3291.187   1645.692 / 3291.187   1645.692 / 3291.187    ms
[14.152s][info][gc,stats]         Old Phase: Concurrent Mark Continue                      0.000 / 0.000         0.000 / 0.000         0.000 / 0.000         0.000 / 0.000       ms
[14.152s][info][gc,stats]         Old Phase: Concurrent Mark Free                          0.003 / 0.006         0.003 / 0.006         0.003 / 0.006         0.003 / 0.006       ms
[14.152s][info][gc,stats]         Old Phase: Concurrent Process Non-Strong               247.017 / 491.864     247.017 / 491.864     247.017 / 491.864     247.017 / 491.864     ms
[14.152s][info][gc,stats]         Old Phase: Concurrent Relocate                           0.031 / 0.038         0.031 / 0.038         0.031 / 0.038         0.031 / 0.038       ms
[14.152s][info][gc,stats]         Old Phase: Concurrent Remap Roots                        7.947 / 15.231        7.947 / 15.231        7.947 / 15.231        7.947 / 15.231      ms
[14.152s][info][gc,stats]         Old Phase: Concurrent Reset Relocation Set               0.000 / 0.000         0.000 / 0.000         0.000 / 0.000         0.000 / 0.000       ms
[14.152s][info][gc,stats]         Old Phase: Concurrent Select Relocation Set              0.119 / 0.158         0.119 / 0.158         0.119 / 0.158         0.119 / 0.158       ms
[14.152s][info][gc,stats]      Old Subphase: Concurrent Classes Purge                      0.200 / 0.384         0.200 / 0.384         0.200 / 0.384         0.200 / 0.384       ms
[14.152s][info][gc,stats]      Old Subphase: Concurrent Classes Unlink                     1.133 / 1.509         1.133 / 1.509         1.133 / 1.509         1.133 / 1.509       ms
[14.152s][info][gc,stats]      Old Subphase: Concurrent Mark Follow                     1645.602 / 3291.110   1645.602 / 3291.110   1645.602 / 3291.110   1645.602 / 3291.110    ms
[14.152s][info][gc,stats]      Old Subphase: Concurrent Mark Root Colored                  0.024 / 0.059         0.024 / 0.059         0.024 / 0.059         0.024 / 0.059       ms
[14.152s][info][gc,stats]      Old Subphase: Concurrent Mark Root Uncolored                0.030 / 0.053         0.030 / 0.053         0.030 / 0.053         0.030 / 0.053       ms
[14.152s][info][gc,stats]      Old Subphase: Concurrent Mark Roots                         0.089 / 0.103         0.089 / 0.103         0.089 / 0.103         0.089 / 0.103       ms
[14.152s][info][gc,stats]      Old Subphase: Concurrent References Enqueue                 0.002 / 0.004         0.002 / 0.004         0.002 / 0.004         0.002 / 0.004       ms
[14.152s][info][gc,stats]      Old Subphase: Concurrent References Process               245.435 / 490.853     245.435 / 490.853     245.435 / 490.853     245.435 / 490.853     ms
[14.152s][info][gc,stats]      Old Subphase: Concurrent Remap Remembered                   7.476 / 14.980        7.476 / 14.980        7.476 / 14.980        7.476 / 14.980      ms
[14.152s][info][gc,stats]      Old Subphase: Concurrent Remap Roots Colored                0.245 / 0.428         0.245 / 0.428         0.245 / 0.428         0.245 / 0.428       ms
[14.152s][info][gc,stats]      Old Subphase: Concurrent Remap Roots Uncolored              0.183 / 0.219         0.183 / 0.219         0.183 / 0.219         0.183 / 0.219       ms
[14.152s][info][gc,stats]      Old Subphase: Concurrent Roots ClassLoaderDataGraph         0.142 / 0.402         0.142 / 0.402         0.142 / 0.402         0.142 / 0.402       ms
[14.152s][info][gc,stats]      Old Subphase: Concurrent Roots CodeCache                    0.181 / 0.217         0.181 / 0.217         0.181 / 0.217         0.181 / 0.217       ms
[14.152s][info][gc,stats]      Old Subphase: Concurrent Roots JavaThreads                  0.011 / 0.053         0.011 / 0.053         0.011 / 0.053         0.011 / 0.053       ms
[14.152s][info][gc,stats]      Old Subphase: Concurrent Roots OopStorageSet                0.003 / 0.012         0.003 / 0.012         0.003 / 0.012         0.003 / 0.012       ms
[14.152s][info][gc,stats]      Old Subphase: Concurrent Weak Roots OopStorageSet           0.062 / 0.186         0.062 / 0.186         0.062 / 0.186         0.062 / 0.186       ms
[14.152s][info][gc,stats]            System: Java Threads                                     11 / 12               11 / 12               11 / 12               11 / 12          threads
[14.152s][info][gc,stats]  Young Generation: Young Generation                           1806.207 / 1806.207   1806.207 / 1806.207   1806.207 / 1806.207   1806.207 / 1806.207    ms
[14.152s][info][gc,stats]  Young Generation: Young Generation                              0.000 / 0.000         0.000 / 0.000         0.000 / 0.000         0.000 / 0.000       ms
[14.152s][info][gc,stats]  Young Generation: Young Generation (Collect Roots)              1.628 / 1.628         1.628 / 1.628         1.628 / 1.628         1.628 / 1.628       ms
[14.152s][info][gc,stats]  Young Generation: Young Generation (Promote All)             2316.814 / 2316.814   2316.814 / 2316.814   2316.814 / 2316.814   2316.814 / 2316.814    ms
[14.152s][info][gc,stats]       Young Pause: Pause Mark End                                0.011 / 0.014         0.011 / 0.014         0.011 / 0.014         0.011 / 0.014       ms
[14.152s][info][gc,stats]       Young Pause: Pause Mark Start                              0.011 / 0.011         0.011 / 0.011         0.011 / 0.011         0.011 / 0.011       ms
[14.152s][info][gc,stats]       Young Pause: Pause Mark Start (Major)                      0.025 / 0.025         0.026 / 0.028         0.026 / 0.028         0.026 / 0.028       ms
[14.152s][info][gc,stats]       Young Pause: Pause Relocate Start                          0.007 / 0.014         0.007 / 0.014         0.007 / 0.014         0.007 / 0.014       ms
[14.152s][info][gc,stats]       Young Phase: Concurrent Mark                            1281.053 / 2039.003   1281.053 / 2039.003   1281.053 / 2039.003   1281.053 / 2039.003    ms
[14.152s][info][gc,stats]       Young Phase: Concurrent Mark Continue                      0.000 / 0.000         0.000 / 0.000         0.000 / 0.000         0.000 / 0.000       ms
[14.152s][info][gc,stats]       Young Phase: Concurrent Mark Free                          0.005 / 0.008         0.005 / 0.008         0.005 / 0.008         0.005 / 0.008       ms
[14.152s][info][gc,stats]       Young Phase: Concurrent Relocate                          60.418 / 178.994      60.418 / 178.994      60.418 / 178.994      60.418 / 178.994     ms
[14.152s][info][gc,stats]       Young Phase: Concurrent Reset Relocation Set               0.044 / 0.128         0.044 / 0.128         0.044 / 0.128         0.044 / 0.128       ms
[14.152s][info][gc,stats]       Young Phase: Concurrent Select Relocation Set             33.157 / 98.632       33.157 / 98.632       33.157 / 98.632       33.157 / 98.632      ms
[14.152s][info][gc,stats]    Young Subphase: Concurrent Mark Follow                     1280.192 / 2038.261   1280.192 / 2038.261   1280.192 / 2038.261   1280.192 / 2038.261    ms
[14.152s][info][gc,stats]    Young Subphase: Concurrent Mark Root Colored                  0.414 / 0.565         0.570 / 0.893         0.570 / 0.893         0.570 / 0.893       ms
[14.152s][info][gc,stats]    Young Subphase: Concurrent Mark Root Uncolored                0.202 / 0.248         0.250 / 0.346         0.250 / 0.346         0.250 / 0.346       ms
[14.152s][info][gc,stats]    Young Subphase: Concurrent Mark Roots                         0.643 / 0.740         0.859 / 1.290         0.859 / 1.290         0.859 / 1.290       ms
[14.152s][info][gc,stats]    Young Subphase: Concurrent Relocate Remset FP                59.662 / 178.950      59.662 / 178.950      59.662 / 178.950      59.662 / 178.950     ms
[14.152s][info][gc,stats]    Young Subphase: Concurrent Roots ClassLoaderDataGraph         0.330 / 0.446         0.355 / 0.446         0.355 / 0.446         0.355 / 0.446       ms
[14.152s][info][gc,stats]    Young Subphase: Concurrent Roots CodeCache                    0.187 / 0.228         0.212 / 0.295         0.212 / 0.295         0.212 / 0.295       ms
[14.152s][info][gc,stats]    Young Subphase: Concurrent Roots JavaThreads                  0.007 / 0.022         0.019 / 0.109         0.019 / 0.109         0.019 / 0.109       ms
[14.152s][info][gc,stats]    Young Subphase: Concurrent Roots OopStorageSet                0.025 / 0.060         0.059 / 0.160         0.059 / 0.160         0.059 / 0.160       ms
[14.152s][info][gc,stats]    Young Subphase: Concurrent Weak Roots OopStorageSet           0.066 / 0.104         0.167 / 0.404         0.167 / 0.404         0.167 / 0.404       ms
[14.152s][info][gc,stats] =========================================================================================================================================================
