
=== Instance 1/8, outer iteration 4/100 (Variant dyn_only) ===

Affinity: allowed=0,1,2,3,4,5,6,7,8,9,10,11 jvm=0,1,2,3,4,5,6,7,8,9 aux=10,11
Benchmark args: <none>
Command: /gorilla/home/fredrha/SimplifyingWeakRefs/build/variant-images/dyn_only-linux-x86_64-server-release/jdk/bin/java -Xms7g -Xmx7g -XX:+UseZGC -Xlog:gc+stats,gc+ref -XX:InitialTenuringThreshold=1 -XX:MaxTenuringThreshold=1 -XX:NativeMemoryTracking=summary /gorilla/home/fredrha/SimplifyingWeakRefs/test/weakrefs/WeakRefSingleObjectBenchmark.java

[0.004s][info][gc,ref] Reference Processor created, Config: Dynamic array
WeakRefSingleObjectBenchmark: weakRefCount=10000000 sleepMillis=500
Phase 1: Allocating the single target object...
Phase 2: Allocating 10000000 WeakReferences in random order...
Allocated 10000000 weak ref holders in 0.82 seconds
Phase 3: Sleeping for 500 ms (strong ref still held)...
Phase 4: Releasing the strong reference to the target object...
Phase 5: Triggering GC...
[4.200s][info][gc,ref] GC(0) O:                       Encountered   Discovered     Enqueued 
[4.200s][info][gc,ref] GC(0) O: Soft References:              238            0            0 
[4.200s][info][gc,ref] GC(0) O: Weak References:          7064067            0            0 
[4.200s][info][gc,ref] GC(0) O: Final References:               0            0            0 
[4.200s][info][gc,ref] GC(0) O: Phantom References:             1            0            0 
[10.476s][info][gc,ref] GC(1) O:                       Encountered   Discovered     Enqueued 
[10.476s][info][gc,ref] GC(1) O: Soft References:              238            0            0 
[10.476s][info][gc,ref] GC(1) O: Weak References:         10001333     10000927     10000330 
[10.476s][info][gc,ref] GC(1) O: Final References:               0            0            0 
[10.476s][info][gc,ref] GC(1) O: Phantom References:             1            1            0 
Phase 6: Checking results...
Alive weak references after GC: 0 / 10000000
[13.305s][info][gc,stats] === Garbage Collection Statistics =======================================================================================================================
[13.305s][info][gc,stats]                                                              Last 10s              Last 10m              Last 10h                Total
[13.305s][info][gc,stats]                                                              Avg / Max             Avg / Max             Avg / Max             Avg / Max
[13.305s][info][gc,stats]        Contention: Mark Segment Reset Contention                     4 / 39                4 / 39                4 / 39                4 / 39          ops/s
[13.305s][info][gc,stats]        Contention: Mark SeqNum Reset Contention                      1 / 5                 1 / 5                 1 / 5                 1 / 5           ops/s
[13.305s][info][gc,stats]          Critical: Allocation Stall                                  0 / 0                 0 / 0                 0 / 0                 0 / 0           ops/s
[13.305s][info][gc,stats]          Critical: Allocation Stall                              0.000 / 0.000         0.000 / 0.000         0.000 / 0.000         0.000 / 0.000       ms
[13.305s][info][gc,stats]          Critical: JNI Critical Stall                                0 / 0                 0 / 0                 0 / 0                 0 / 0           ops/s
[13.305s][info][gc,stats]          Critical: JNI Critical Stall                            0.000 / 0.000         0.000 / 0.000         0.000 / 0.000         0.000 / 0.000       ms
[13.305s][info][gc,stats]          Critical: Relocation Stall                                  0 / 0                 0 / 0                 0 / 0                 0 / 0           ops/s
[13.305s][info][gc,stats]          Critical: Relocation Stall                              0.000 / 0.000         0.000 / 0.000         0.000 / 0.000         0.000 / 0.000       ms
[13.305s][info][gc,stats]  Major Collection: Major Collection                           3503.007 / 6275.863   3503.007 / 6275.863   3503.007 / 6275.863   3503.007 / 6275.863    ms
[13.305s][info][gc,stats]            Memory: Allocation Rate                                  83 / 798              84 / 798              84 / 798              84 / 798         MB/s
[13.305s][info][gc,stats]            Memory: Defragment                                        0 / 0                 0 / 0                 0 / 0                 0 / 0           ops/s
[13.305s][info][gc,stats]            Memory: Mapped Cache Harvest                              0 / 0                 0 / 0                 0 / 0                 0 / 0           MB/s
[13.305s][info][gc,stats]            Memory: Out Of Memory                                     0 / 0                 0 / 0                 0 / 0                 0 / 0           ops/s
[13.305s][info][gc,stats]            Memory: Uncommit                                          0 / 0                 0 / 0                 0 / 0                 0 / 0           MB/s
[13.305s][info][gc,stats]            Memory: Undo Object Allocation Failed                     0 / 0                 0 / 0                 0 / 0                 0 / 0           ops/s
[13.305s][info][gc,stats]            Memory: Undo Object Allocation Succeeded                  0 / 0                 0 / 0                 0 / 0                 0 / 0           ops/s
[13.305s][info][gc,stats]            Memory: Undo Page Allocation                              0 / 0                 0 / 0                 0 / 0                 0 / 0           ops/s
[13.305s][info][gc,stats]  Minor Collection: Minor Collection                              0.000 / 0.000         0.000 / 0.000         0.000 / 0.000         0.000 / 0.000       ms
[13.305s][info][gc,stats]    Old Generation: Old Generation                             1641.723 / 3280.720   1641.723 / 3280.720   1641.723 / 3280.720   1641.723 / 3280.720    ms
[13.305s][info][gc,stats]         Old Pause: Pause Mark End                                0.009 / 0.013         0.009 / 0.013         0.009 / 0.013         0.009 / 0.013       ms
[13.305s][info][gc,stats]         Old Pause: Pause Relocate Start                          0.011 / 0.011         0.011 / 0.011         0.011 / 0.011         0.011 / 0.011       ms
[13.305s][info][gc,stats]         Old Phase: Concurrent Mark                            1481.010 / 2961.830   1481.010 / 2961.830   1481.010 / 2961.830   1481.010 / 2961.830    ms
[13.305s][info][gc,stats]         Old Phase: Concurrent Mark Continue                      0.000 / 0.000         0.000 / 0.000         0.000 / 0.000         0.000 / 0.000       ms
[13.305s][info][gc,stats]         Old Phase: Concurrent Mark Free                          0.002 / 0.003         0.002 / 0.003         0.002 / 0.003         0.002 / 0.003       ms
[13.305s][info][gc,stats]         Old Phase: Concurrent Process Non-Strong               152.288 / 302.904     152.288 / 302.904     152.288 / 302.904     152.288 / 302.904     ms
[13.305s][info][gc,stats]         Old Phase: Concurrent Relocate                           0.023 / 0.026         0.023 / 0.026         0.023 / 0.026         0.023 / 0.026       ms
[13.305s][info][gc,stats]         Old Phase: Concurrent Remap Roots                        8.121 / 15.704        8.121 / 15.704        8.121 / 15.704        8.121 / 15.704      ms
[13.305s][info][gc,stats]         Old Phase: Concurrent Reset Relocation Set               0.000 / 0.001         0.000 / 0.001         0.000 / 0.001         0.000 / 0.001       ms
[13.305s][info][gc,stats]         Old Phase: Concurrent Select Relocation Set              0.154 / 0.231         0.154 / 0.231         0.154 / 0.231         0.154 / 0.231       ms
[13.305s][info][gc,stats]      Old Subphase: Concurrent Classes Purge                      0.145 / 0.273         0.145 / 0.273         0.145 / 0.273         0.145 / 0.273       ms
[13.305s][info][gc,stats]      Old Subphase: Concurrent Classes Unlink                     0.965 / 1.181         0.965 / 1.181         0.965 / 1.181         0.965 / 1.181       ms
[13.305s][info][gc,stats]      Old Subphase: Concurrent Mark Follow                     1480.926 / 2961.760   1480.926 / 2961.760   1480.926 / 2961.760   1480.926 / 2961.760    ms
[13.305s][info][gc,stats]      Old Subphase: Concurrent Mark Root Colored                  0.025 / 0.052         0.025 / 0.052         0.025 / 0.052         0.025 / 0.052       ms
[13.305s][info][gc,stats]      Old Subphase: Concurrent Mark Root Uncolored                0.027 / 0.054         0.027 / 0.054         0.027 / 0.054         0.027 / 0.054       ms
[13.305s][info][gc,stats]      Old Subphase: Concurrent Mark Roots                         0.082 / 0.097         0.082 / 0.097         0.082 / 0.097         0.082 / 0.097       ms
[13.305s][info][gc,stats]      Old Subphase: Concurrent References Enqueue                 0.003 / 0.005         0.003 / 0.005         0.003 / 0.005         0.003 / 0.005       ms
[13.305s][info][gc,stats]      Old Subphase: Concurrent References Process               150.954 / 301.900     150.954 / 301.900     150.954 / 301.900     150.954 / 301.900     ms
[13.305s][info][gc,stats]      Old Subphase: Concurrent Remap Remembered                   7.698 / 15.457        7.698 / 15.457        7.698 / 15.457        7.698 / 15.457      ms
[13.305s][info][gc,stats]      Old Subphase: Concurrent Remap Roots Colored                0.215 / 0.378         0.215 / 0.378         0.215 / 0.378         0.215 / 0.378       ms
[13.305s][info][gc,stats]      Old Subphase: Concurrent Remap Roots Uncolored              0.148 / 0.150         0.148 / 0.150         0.148 / 0.150         0.148 / 0.150       ms
[13.305s][info][gc,stats]      Old Subphase: Concurrent Roots ClassLoaderDataGraph         0.114 / 0.357         0.114 / 0.357         0.114 / 0.357         0.114 / 0.357       ms
[13.305s][info][gc,stats]      Old Subphase: Concurrent Roots CodeCache                    0.146 / 0.148         0.146 / 0.148         0.146 / 0.148         0.146 / 0.148       ms
[13.305s][info][gc,stats]      Old Subphase: Concurrent Roots JavaThreads                  0.010 / 0.054         0.010 / 0.054         0.010 / 0.054         0.010 / 0.054       ms
[13.305s][info][gc,stats]      Old Subphase: Concurrent Roots OopStorageSet                0.004 / 0.014         0.004 / 0.014         0.004 / 0.014         0.004 / 0.014       ms
[13.305s][info][gc,stats]      Old Subphase: Concurrent Weak Roots OopStorageSet           0.055 / 0.150         0.055 / 0.150         0.055 / 0.150         0.055 / 0.150       ms
[13.305s][info][gc,stats]            System: Java Threads                                     12 / 13               12 / 13               12 / 13               12 / 13          threads
[13.305s][info][gc,stats]  Young Generation: Young Generation                            727.293 / 727.293     727.293 / 727.293     727.293 / 727.293     727.293 / 727.293     ms
[13.305s][info][gc,stats]  Young Generation: Young Generation                              0.000 / 0.000         0.000 / 0.000         0.000 / 0.000         0.000 / 0.000       ms
[13.305s][info][gc,stats]  Young Generation: Young Generation (Collect Roots)              1.579 / 1.579         1.579 / 1.579         1.579 / 1.579         1.579 / 1.579       ms
[13.305s][info][gc,stats]  Young Generation: Young Generation (Promote All)             2993.418 / 2993.418   2993.418 / 2993.418   2993.418 / 2993.418   2993.418 / 2993.418    ms
[13.305s][info][gc,stats]       Young Pause: Pause Mark End                                0.011 / 0.013         0.011 / 0.013         0.011 / 0.013         0.011 / 0.013       ms
[13.305s][info][gc,stats]       Young Pause: Pause Mark Start                              0.013 / 0.013         0.013 / 0.013         0.013 / 0.013         0.013 / 0.013       ms
[13.305s][info][gc,stats]       Young Pause: Pause Mark Start (Major)                      0.028 / 0.033         0.028 / 0.033         0.028 / 0.033         0.028 / 0.033       ms
[13.305s][info][gc,stats]       Young Pause: Pause Relocate Start                          0.007 / 0.015         0.007 / 0.015         0.007 / 0.015         0.007 / 0.015       ms
[13.305s][info][gc,stats]       Young Phase: Concurrent Mark                            1144.234 / 2707.538   1144.234 / 2707.538   1144.234 / 2707.538   1144.234 / 2707.538    ms
[13.305s][info][gc,stats]       Young Phase: Concurrent Mark Continue                      0.000 / 0.000         0.000 / 0.000         0.000 / 0.000         0.000 / 0.000       ms
[13.305s][info][gc,stats]       Young Phase: Concurrent Mark Free                          0.002 / 0.003         0.002 / 0.003         0.002 / 0.003         0.002 / 0.003       ms
[13.305s][info][gc,stats]       Young Phase: Concurrent Relocate                          63.069 / 186.877      63.069 / 186.877      63.069 / 186.877      63.069 / 186.877     ms
[13.305s][info][gc,stats]       Young Phase: Concurrent Reset Relocation Set               0.042 / 0.123         0.042 / 0.123         0.042 / 0.123         0.042 / 0.123       ms
[13.305s][info][gc,stats]       Young Phase: Concurrent Select Relocation Set             33.229 / 98.832       33.229 / 98.832       33.229 / 98.832       33.229 / 98.832      ms
[13.305s][info][gc,stats]    Young Subphase: Concurrent Mark Follow                     1143.399 / 2706.847   1143.399 / 2706.847   1143.399 / 2706.847   1143.399 / 2706.847    ms
[13.305s][info][gc,stats]    Young Subphase: Concurrent Mark Root Colored                  0.564 / 0.875         0.564 / 0.875         0.564 / 0.875         0.564 / 0.875       ms
[13.305s][info][gc,stats]    Young Subphase: Concurrent Mark Root Uncolored                0.236 / 0.349         0.236 / 0.349         0.236 / 0.349         0.236 / 0.349       ms
[13.305s][info][gc,stats]    Young Subphase: Concurrent Mark Roots                         0.833 / 1.271         0.833 / 1.271         0.833 / 1.271         0.833 / 1.271       ms
[13.305s][info][gc,stats]    Young Subphase: Concurrent Relocate Remset FP                62.289 / 186.843      62.289 / 186.843      62.289 / 186.843      62.289 / 186.843     ms
[13.305s][info][gc,stats]    Young Subphase: Concurrent Roots ClassLoaderDataGraph         0.350 / 0.447         0.350 / 0.447         0.350 / 0.447         0.350 / 0.447       ms
[13.305s][info][gc,stats]    Young Subphase: Concurrent Roots CodeCache                    0.200 / 0.297         0.200 / 0.297         0.200 / 0.297         0.200 / 0.297       ms
[13.305s][info][gc,stats]    Young Subphase: Concurrent Roots JavaThreads                  0.019 / 0.101         0.019 / 0.101         0.019 / 0.101         0.019 / 0.101       ms
[13.305s][info][gc,stats]    Young Subphase: Concurrent Roots OopStorageSet                0.047 / 0.154         0.047 / 0.154         0.047 / 0.154         0.047 / 0.154       ms
[13.305s][info][gc,stats]    Young Subphase: Concurrent Weak Roots OopStorageSet           0.172 / 0.440         0.172 / 0.440         0.172 / 0.440         0.172 / 0.440       ms
[13.305s][info][gc,stats] =========================================================================================================================================================
