
=== Instance 7/8, outer iteration 81/100 (Variant all) ===

Affinity: allowed=24,25,26,27,28,29,30,31,32,33,34,35 jvm=24,25,26,27,28,29,30,31,32,33 aux=34,35
Benchmark args: <none>
Command: /gorilla/home/fredrha/SimplifyingWeakRefs/build/variant-images/all-linux-x86_64-server-release/jdk/bin/java -Xms7g -Xmx7g -XX:+UseZGC -Xlog:gc+stats,gc+ref -XX:InitialTenuringThreshold=1 -XX:MaxTenuringThreshold=1 -XX:NativeMemoryTracking=summary /gorilla/home/fredrha/SimplifyingWeakRefs/test/weakrefs/WeakRefSingleObjectBenchmark.java

[0.004s][info][gc,ref] Reference Processor created, Config: All optimisations
WeakRefSingleObjectBenchmark: weakRefCount=10000000 sleepMillis=500
Phase 1: Allocating the single target object...
Phase 2: Allocating 10000000 WeakReferences in random order...
Allocated 10000000 weak ref holders in 0.84 seconds
Phase 3: Sleeping for 500 ms (strong ref still held)...
Phase 4: Releasing the strong reference to the target object...
Phase 5: Triggering GC...
[4.463s][info][gc,ref] GC(0) O:                           Encountered       Discovered Cleared/Enqueued 
[4.463s][info][gc,ref] GC(0) O: Soft References:                  238                0                0 
[4.463s][info][gc,ref] GC(0) O: Weak References:                 1330                0                0 
[4.463s][info][gc,ref] GC(0) O: Weak (No Queue):              7026781                0                0 
[4.463s][info][gc,ref] GC(0) O: Final References:                   0                0                0 
[4.463s][info][gc,ref] GC(0) O: Phantom References:                 1                0                0 
[7.140s][info][gc,ref] GC(1) O:                           Encountered       Discovered Cleared/Enqueued 
[7.140s][info][gc,ref] GC(1) O: Soft References:                  238                0                0 
[7.140s][info][gc,ref] GC(1) O: Weak References:                 1330              496              330 
[7.140s][info][gc,ref] GC(1) O: Weak (No Queue):             10000003         10000000         10000000 
[7.140s][info][gc,ref] GC(1) O: Final References:                   0                0                0 
[7.140s][info][gc,ref] GC(1) O: Phantom References:                 1                0                0 
Phase 6: Checking results...
Alive weak references after GC: 0 / 10000000
[9.976s][info][gc,stats] === Garbage Collection Statistics =======================================================================================================================
[9.976s][info][gc,stats]                                                              Last 10s              Last 10m              Last 10h                Total
[9.976s][info][gc,stats]                                                              Avg / Max             Avg / Max             Avg / Max             Avg / Max
[9.976s][info][gc,stats]        Contention: Mark Segment Reset Contention                     4 / 36                4 / 36                4 / 36                4 / 36          ops/s
[9.976s][info][gc,stats]        Contention: Mark SeqNum Reset Contention                      0 / 3                 0 / 3                 0 / 3                 0 / 3           ops/s
[9.976s][info][gc,stats]          Critical: Allocation Stall                                  0 / 0                 0 / 0                 0 / 0                 0 / 0           ops/s
[9.976s][info][gc,stats]          Critical: Allocation Stall                              0.000 / 0.000         0.000 / 0.000         0.000 / 0.000         0.000 / 0.000       ms
[9.976s][info][gc,stats]          Critical: JNI Critical Stall                                0 / 0                 0 / 0                 0 / 0                 0 / 0           ops/s
[9.976s][info][gc,stats]          Critical: JNI Critical Stall                            0.000 / 0.000         0.000 / 0.000         0.000 / 0.000         0.000 / 0.000       ms
[9.976s][info][gc,stats]          Critical: Relocation Stall                                  0 / 0                 0 / 0                 0 / 0                 0 / 0           ops/s
[9.976s][info][gc,stats]          Critical: Relocation Stall                              0.000 / 0.000         0.000 / 0.000         0.000 / 0.000         0.000 / 0.000       ms
[9.976s][info][gc,stats]  Major Collection: Major Collection                           1696.421 / 2676.505   1696.421 / 2676.505   1696.421 / 2676.505   1696.421 / 2676.505    ms
[9.976s][info][gc,stats]            Memory: Allocation Rate                                 115 / 570             115 / 570             115 / 570             115 / 570         MB/s
[9.976s][info][gc,stats]            Memory: Defragment                                        0 / 0                 0 / 0                 0 / 0                 0 / 0           ops/s
[9.976s][info][gc,stats]            Memory: Mapped Cache Harvest                              0 / 0                 0 / 0                 0 / 0                 0 / 0           MB/s
[9.976s][info][gc,stats]            Memory: Out Of Memory                                     0 / 0                 0 / 0                 0 / 0                 0 / 0           ops/s
[9.976s][info][gc,stats]            Memory: Uncommit                                          0 / 0                 0 / 0                 0 / 0                 0 / 0           MB/s
[9.976s][info][gc,stats]            Memory: Undo Object Allocation Failed                     0 / 0                 0 / 0                 0 / 0                 0 / 0           ops/s
[9.976s][info][gc,stats]            Memory: Undo Object Allocation Succeeded                  0 / 0                 0 / 0                 0 / 0                 0 / 0           ops/s
[9.976s][info][gc,stats]            Memory: Undo Page Allocation                              0 / 0                 0 / 0                 0 / 0                 0 / 0           ops/s
[9.976s][info][gc,stats]  Minor Collection: Minor Collection                              0.000 / 0.000         0.000 / 0.000         0.000 / 0.000         0.000 / 0.000       ms
[9.976s][info][gc,stats]    Old Generation: Old Generation                              725.000 / 1446.739    725.000 / 1446.739    725.000 / 1446.739    725.000 / 1446.739    ms
[9.976s][info][gc,stats]         Old Pause: Pause Mark End                                0.009 / 0.014         0.009 / 0.014         0.009 / 0.014         0.009 / 0.014       ms
[9.976s][info][gc,stats]         Old Pause: Pause Relocate Start                          0.011 / 0.012         0.011 / 0.012         0.011 / 0.012         0.011 / 0.012       ms
[9.976s][info][gc,stats]         Old Phase: Concurrent Mark                             669.665 / 1339.113    669.665 / 1339.113    669.665 / 1339.113    669.665 / 1339.113    ms
[9.976s][info][gc,stats]         Old Phase: Concurrent Mark Continue                      0.000 / 0.000         0.000 / 0.000         0.000 / 0.000         0.000 / 0.000       ms
[9.976s][info][gc,stats]         Old Phase: Concurrent Mark Free                          0.002 / 0.003         0.002 / 0.003         0.002 / 0.003         0.002 / 0.003       ms
[9.976s][info][gc,stats]         Old Phase: Concurrent Process Non-Strong                47.748 / 93.301       47.748 / 93.301       47.748 / 93.301       47.748 / 93.301      ms
[9.976s][info][gc,stats]         Old Phase: Concurrent Relocate                           0.311 / 0.594         0.311 / 0.594         0.311 / 0.594         0.311 / 0.594       ms
[9.976s][info][gc,stats]         Old Phase: Concurrent Remap Roots                        7.024 / 13.466        7.024 / 13.466        7.024 / 13.466        7.024 / 13.466      ms
[9.976s][info][gc,stats]         Old Phase: Concurrent Reset Relocation Set               0.000 / 0.000         0.000 / 0.000         0.000 / 0.000         0.000 / 0.000       ms
[9.976s][info][gc,stats]         Old Phase: Concurrent Select Relocation Set              0.143 / 0.185         0.143 / 0.185         0.143 / 0.185         0.143 / 0.185       ms
[9.976s][info][gc,stats]      Old Subphase: Concurrent Classes Purge                      0.199 / 0.383         0.199 / 0.383         0.199 / 0.383         0.199 / 0.383       ms
[9.976s][info][gc,stats]      Old Subphase: Concurrent Classes Unlink                     1.162 / 1.462         1.162 / 1.462         1.162 / 1.462         1.162 / 1.462       ms
[9.976s][info][gc,stats]      Old Subphase: Concurrent Mark Follow                      669.538 / 1338.977    669.538 / 1338.977    669.538 / 1338.977    669.538 / 1338.977    ms
[9.976s][info][gc,stats]      Old Subphase: Concurrent Mark Root Colored                  0.041 / 0.101         0.041 / 0.101         0.041 / 0.101         0.041 / 0.101       ms
[9.976s][info][gc,stats]      Old Subphase: Concurrent Mark Root Uncolored                0.035 / 0.064         0.035 / 0.064         0.035 / 0.064         0.035 / 0.064       ms
[9.976s][info][gc,stats]      Old Subphase: Concurrent Mark Roots                         0.124 / 0.134         0.124 / 0.134         0.124 / 0.134         0.124 / 0.134       ms
[9.976s][info][gc,stats]      Old Subphase: Concurrent References Enqueue                 0.003 / 0.005         0.003 / 0.005         0.003 / 0.005         0.003 / 0.005       ms
[9.976s][info][gc,stats]      Old Subphase: Concurrent References Process                46.085 / 92.158       46.085 / 92.158       46.085 / 92.158       46.085 / 92.158      ms
[9.976s][info][gc,stats]      Old Subphase: Concurrent Remap Remembered                   6.536 / 13.130        6.536 / 13.130        6.536 / 13.130        6.536 / 13.130      ms
[9.976s][info][gc,stats]      Old Subphase: Concurrent Remap Roots Colored                0.207 / 0.352         0.207 / 0.352         0.207 / 0.352         0.207 / 0.352       ms
[9.976s][info][gc,stats]      Old Subphase: Concurrent Remap Roots Uncolored              0.206 / 0.219         0.206 / 0.219         0.206 / 0.219         0.206 / 0.219       ms
[9.976s][info][gc,stats]      Old Subphase: Concurrent Roots ClassLoaderDataGraph         0.118 / 0.334         0.118 / 0.334         0.118 / 0.334         0.118 / 0.334       ms
[9.976s][info][gc,stats]      Old Subphase: Concurrent Roots CodeCache                    0.204 / 0.216         0.204 / 0.216         0.204 / 0.216         0.204 / 0.216       ms
[9.976s][info][gc,stats]      Old Subphase: Concurrent Roots JavaThreads                  0.015 / 0.063         0.015 / 0.063         0.015 / 0.063         0.015 / 0.063       ms
[9.976s][info][gc,stats]      Old Subphase: Concurrent Roots OopStorageSet                0.005 / 0.011         0.005 / 0.011         0.005 / 0.011         0.005 / 0.011       ms
[9.976s][info][gc,stats]      Old Subphase: Concurrent Weak Roots OopStorageSet           0.074 / 0.265         0.074 / 0.265         0.074 / 0.265         0.074 / 0.265       ms
[9.976s][info][gc,stats]            System: Java Threads                                     11 / 12               11 / 12               11 / 12               11 / 12          threads
[9.976s][info][gc,stats]  Young Generation: Young Generation                            712.964 / 712.964     712.964 / 712.964     712.964 / 712.964     712.964 / 712.964     ms
[9.976s][info][gc,stats]  Young Generation: Young Generation                              0.000 / 0.000         0.000 / 0.000         0.000 / 0.000         0.000 / 0.000       ms
[9.976s][info][gc,stats]  Young Generation: Young Generation (Collect Roots)              1.879 / 1.879         1.879 / 1.879         1.879 / 1.879         1.879 / 1.879       ms
[9.976s][info][gc,stats]  Young Generation: Young Generation (Promote All)             1227.767 / 1227.767   1227.767 / 1227.767   1227.767 / 1227.767   1227.767 / 1227.767    ms
[9.976s][info][gc,stats]       Young Pause: Pause Mark End                                0.011 / 0.014         0.011 / 0.014         0.011 / 0.014         0.011 / 0.014       ms
[9.976s][info][gc,stats]       Young Pause: Pause Mark Start                              0.013 / 0.013         0.013 / 0.013         0.013 / 0.013         0.013 / 0.013       ms
[9.976s][info][gc,stats]       Young Pause: Pause Mark Start (Major)                      0.032 / 0.037         0.032 / 0.037         0.032 / 0.037         0.032 / 0.037       ms
[9.976s][info][gc,stats]       Young Pause: Pause Relocate Start                          0.007 / 0.014         0.007 / 0.014         0.007 / 0.014         0.007 / 0.014       ms
[9.976s][info][gc,stats]       Young Phase: Concurrent Mark                             547.861 / 932.521     547.861 / 932.521     547.861 / 932.521     547.861 / 932.521     ms
[9.976s][info][gc,stats]       Young Phase: Concurrent Mark Continue                      0.000 / 0.000         0.000 / 0.000         0.000 / 0.000         0.000 / 0.000       ms
[9.976s][info][gc,stats]       Young Phase: Concurrent Mark Free                          0.005 / 0.007         0.005 / 0.007         0.005 / 0.007         0.005 / 0.007       ms
[9.976s][info][gc,stats]       Young Phase: Concurrent Relocate                          67.070 / 198.848      67.070 / 198.848      67.070 / 198.848      67.070 / 198.848     ms
[9.976s][info][gc,stats]       Young Phase: Concurrent Reset Relocation Set               0.048 / 0.132         0.048 / 0.132         0.048 / 0.132         0.048 / 0.132       ms
[9.976s][info][gc,stats]       Young Phase: Concurrent Select Relocation Set             32.342 / 96.200       32.342 / 96.200       32.342 / 96.200       32.342 / 96.200      ms
[9.976s][info][gc,stats]    Young Subphase: Concurrent Mark Follow                      546.909 / 931.622     546.909 / 931.622     546.909 / 931.622     546.909 / 931.622     ms
[9.976s][info][gc,stats]    Young Subphase: Concurrent Mark Root Colored                  0.617 / 0.900         0.617 / 0.900         0.617 / 0.900         0.617 / 0.900       ms
[9.976s][info][gc,stats]    Young Subphase: Concurrent Mark Root Uncolored                0.290 / 0.354         0.290 / 0.354         0.290 / 0.354         0.290 / 0.354       ms
[9.976s][info][gc,stats]    Young Subphase: Concurrent Mark Roots                         0.950 / 1.323         0.950 / 1.323         0.950 / 1.323         0.950 / 1.323       ms
[9.976s][info][gc,stats]    Young Subphase: Concurrent Relocate Remset FP                65.957 / 197.837      65.957 / 197.837      65.957 / 197.837      65.957 / 197.837     ms
[9.976s][info][gc,stats]    Young Subphase: Concurrent Roots ClassLoaderDataGraph         0.393 / 0.480         0.393 / 0.480         0.393 / 0.480         0.393 / 0.480       ms
[9.976s][info][gc,stats]    Young Subphase: Concurrent Roots CodeCache                    0.248 / 0.293         0.248 / 0.293         0.248 / 0.293         0.248 / 0.293       ms
[9.976s][info][gc,stats]    Young Subphase: Concurrent Roots JavaThreads                  0.022 / 0.114         0.022 / 0.114         0.022 / 0.114         0.022 / 0.114       ms
[9.976s][info][gc,stats]    Young Subphase: Concurrent Roots OopStorageSet                0.052 / 0.189         0.052 / 0.189         0.052 / 0.189         0.052 / 0.189       ms
[9.976s][info][gc,stats]    Young Subphase: Concurrent Weak Roots OopStorageSet           0.182 / 0.417         0.182 / 0.417         0.182 / 0.417         0.182 / 0.417       ms
[9.976s][info][gc,stats] =========================================================================================================================================================
