
=== Instance 8/8, outer iteration 99/100 (Variant all) ===

Affinity: allowed=36,37,38,39,40,41,42,43,44,45,46,47 jvm=36,37,38,39,40,41,42,43,44,45 aux=46,47
Benchmark args: <none>
Command: /gorilla/home/fredrha/SimplifyingWeakRefs/build/variant-images/all-linux-x86_64-server-release/jdk/bin/java -Xms7g -Xmx7g -XX:+UseZGC -Xlog:gc+stats,gc+ref -XX:InitialTenuringThreshold=1 -XX:MaxTenuringThreshold=1 -XX:NativeMemoryTracking=summary /gorilla/home/fredrha/SimplifyingWeakRefs/test/weakrefs/WeakRefSingleObjectBenchmark.java

[0.004s][info][gc,ref] Reference Processor created, Config: All optimisations
WeakRefSingleObjectBenchmark: weakRefCount=10000000 sleepMillis=500
Phase 1: Allocating the single target object...
Phase 2: Allocating 10000000 WeakReferences in random order...
Allocated 10000000 weak ref holders in 0.80 seconds
Phase 3: Sleeping for 500 ms (strong ref still held)...
Phase 4: Releasing the strong reference to the target object...
Phase 5: Triggering GC...
[4.664s][info][gc,ref] GC(0) O:                           Encountered       Discovered Cleared/Enqueued 
[4.664s][info][gc,ref] GC(0) O: Soft References:                  238                0                0 
[4.664s][info][gc,ref] GC(0) O: Weak References:                 1330                0                0 
[4.664s][info][gc,ref] GC(0) O: Weak (No Queue):              7042944                0                0 
[4.664s][info][gc,ref] GC(0) O: Final References:                   0                0                0 
[4.664s][info][gc,ref] GC(0) O: Phantom References:                 1                0                0 
[7.132s][info][gc,ref] GC(1) O:                           Encountered       Discovered Cleared/Enqueued 
[7.132s][info][gc,ref] GC(1) O: Soft References:                  238                0                0 
[7.132s][info][gc,ref] GC(1) O: Weak References:                 1330              335              330 
[7.132s][info][gc,ref] GC(1) O: Weak (No Queue):             10000003         10000000         10000000 
[7.132s][info][gc,ref] GC(1) O: Final References:                   0                0                0 
[7.132s][info][gc,ref] GC(1) O: Phantom References:                 1                0                0 
Phase 6: Checking results...
Alive weak references after GC: 0 / 10000000
[9.958s][info][gc,stats] === Garbage Collection Statistics =======================================================================================================================
[9.958s][info][gc,stats]                                                              Last 10s              Last 10m              Last 10h                Total
[9.958s][info][gc,stats]                                                              Avg / Max             Avg / Max             Avg / Max             Avg / Max
[9.958s][info][gc,stats]        Contention: Mark Segment Reset Contention                     6 / 47                6 / 47                6 / 47                6 / 47          ops/s
[9.958s][info][gc,stats]        Contention: Mark SeqNum Reset Contention                      0 / 5                 0 / 5                 0 / 5                 0 / 5           ops/s
[9.958s][info][gc,stats]          Critical: Allocation Stall                                  0 / 0                 0 / 0                 0 / 0                 0 / 0           ops/s
[9.958s][info][gc,stats]          Critical: Allocation Stall                              0.000 / 0.000         0.000 / 0.000         0.000 / 0.000         0.000 / 0.000       ms
[9.958s][info][gc,stats]          Critical: JNI Critical Stall                                0 / 0                 0 / 0                 0 / 0                 0 / 0           ops/s
[9.958s][info][gc,stats]          Critical: JNI Critical Stall                            0.000 / 0.000         0.000 / 0.000         0.000 / 0.000         0.000 / 0.000       ms
[9.958s][info][gc,stats]          Critical: Relocation Stall                                  0 / 0                 0 / 0                 0 / 0                 0 / 0           ops/s
[9.958s][info][gc,stats]          Critical: Relocation Stall                              0.000 / 0.000         0.000 / 0.000         0.000 / 0.000         0.000 / 0.000       ms
[9.958s][info][gc,stats]  Major Collection: Major Collection                           1598.974 / 2468.362   1598.974 / 2468.362   1598.974 / 2468.362   1598.974 / 2468.362    ms
[9.958s][info][gc,stats]            Memory: Allocation Rate                                 115 / 554             115 / 554             115 / 554             115 / 554         MB/s
[9.958s][info][gc,stats]            Memory: Defragment                                        0 / 0                 0 / 0                 0 / 0                 0 / 0           ops/s
[9.958s][info][gc,stats]            Memory: Mapped Cache Harvest                              0 / 0                 0 / 0                 0 / 0                 0 / 0           MB/s
[9.958s][info][gc,stats]            Memory: Out Of Memory                                     0 / 0                 0 / 0                 0 / 0                 0 / 0           ops/s
[9.958s][info][gc,stats]            Memory: Uncommit                                          0 / 0                 0 / 0                 0 / 0                 0 / 0           MB/s
[9.958s][info][gc,stats]            Memory: Undo Object Allocation Failed                     0 / 0                 0 / 0                 0 / 0                 0 / 0           ops/s
[9.958s][info][gc,stats]            Memory: Undo Object Allocation Succeeded                  0 / 0                 0 / 0                 0 / 0                 0 / 0           ops/s
[9.958s][info][gc,stats]            Memory: Undo Page Allocation                              0 / 0                 0 / 0                 0 / 0                 0 / 0           ops/s
[9.958s][info][gc,stats]  Minor Collection: Minor Collection                              0.000 / 0.000         0.000 / 0.000         0.000 / 0.000         0.000 / 0.000       ms
[9.958s][info][gc,stats]    Old Generation: Old Generation                              610.406 / 1218.026    610.406 / 1218.026    610.406 / 1218.026    610.406 / 1218.026    ms
[9.958s][info][gc,stats]         Old Pause: Pause Mark End                                0.010 / 0.013         0.010 / 0.013         0.010 / 0.013         0.010 / 0.013       ms
[9.958s][info][gc,stats]         Old Pause: Pause Relocate Start                          0.012 / 0.013         0.012 / 0.013         0.012 / 0.013         0.012 / 0.013       ms
[9.958s][info][gc,stats]         Old Phase: Concurrent Mark                             555.835 / 1111.469    555.835 / 1111.469    555.835 / 1111.469    555.835 / 1111.469    ms
[9.958s][info][gc,stats]         Old Phase: Concurrent Mark Continue                      0.000 / 0.000         0.000 / 0.000         0.000 / 0.000         0.000 / 0.000       ms
[9.958s][info][gc,stats]         Old Phase: Concurrent Mark Free                          0.003 / 0.005         0.003 / 0.005         0.003 / 0.005         0.003 / 0.005       ms
[9.958s][info][gc,stats]         Old Phase: Concurrent Process Non-Strong                46.461 / 91.226       46.461 / 91.226       46.461 / 91.226       46.461 / 91.226      ms
[9.958s][info][gc,stats]         Old Phase: Concurrent Relocate                           0.025 / 0.030         0.025 / 0.030         0.025 / 0.030         0.025 / 0.030       ms
[9.958s][info][gc,stats]         Old Phase: Concurrent Remap Roots                        7.825 / 15.110        7.825 / 15.110        7.825 / 15.110        7.825 / 15.110      ms
[9.958s][info][gc,stats]         Old Phase: Concurrent Reset Relocation Set               0.000 / 0.000         0.000 / 0.000         0.000 / 0.000         0.000 / 0.000       ms
[9.958s][info][gc,stats]         Old Phase: Concurrent Select Relocation Set              0.165 / 0.253         0.165 / 0.253         0.165 / 0.253         0.165 / 0.253       ms
[9.958s][info][gc,stats]      Old Subphase: Concurrent Classes Purge                      0.146 / 0.274         0.146 / 0.274         0.146 / 0.274         0.146 / 0.274       ms
[9.958s][info][gc,stats]      Old Subphase: Concurrent Classes Unlink                     0.968 / 1.180         0.968 / 1.180         0.968 / 1.180         0.968 / 1.180       ms
[9.958s][info][gc,stats]      Old Subphase: Concurrent Mark Follow                      555.748 / 1111.398    555.748 / 1111.398    555.748 / 1111.398    555.748 / 1111.398    ms
[9.958s][info][gc,stats]      Old Subphase: Concurrent Mark Root Colored                  0.023 / 0.055         0.023 / 0.055         0.023 / 0.055         0.023 / 0.055       ms
[9.958s][info][gc,stats]      Old Subphase: Concurrent Mark Root Uncolored                0.030 / 0.056         0.030 / 0.056         0.030 / 0.056         0.030 / 0.056       ms
[9.958s][info][gc,stats]      Old Subphase: Concurrent Mark Roots                         0.086 / 0.104         0.086 / 0.104         0.086 / 0.104         0.086 / 0.104       ms
[9.958s][info][gc,stats]      Old Subphase: Concurrent References Enqueue                 0.002 / 0.003         0.002 / 0.003         0.002 / 0.003         0.002 / 0.003       ms
[9.958s][info][gc,stats]      Old Subphase: Concurrent References Process                45.117 / 90.224       45.117 / 90.224       45.117 / 90.224       45.117 / 90.224      ms
[9.958s][info][gc,stats]      Old Subphase: Concurrent Remap Remembered                   7.414 / 14.850        7.414 / 14.850        7.414 / 14.850        7.414 / 14.850      ms
[9.958s][info][gc,stats]      Old Subphase: Concurrent Remap Roots Colored                0.218 / 0.383         0.218 / 0.383         0.218 / 0.383         0.218 / 0.383       ms
[9.958s][info][gc,stats]      Old Subphase: Concurrent Remap Roots Uncolored              0.151 / 0.161         0.151 / 0.161         0.151 / 0.161         0.151 / 0.161       ms
[9.958s][info][gc,stats]      Old Subphase: Concurrent Roots ClassLoaderDataGraph         0.127 / 0.363         0.127 / 0.363         0.127 / 0.363         0.127 / 0.363       ms
[9.958s][info][gc,stats]      Old Subphase: Concurrent Roots CodeCache                    0.149 / 0.158         0.149 / 0.158         0.149 / 0.158         0.149 / 0.158       ms
[9.958s][info][gc,stats]      Old Subphase: Concurrent Roots JavaThreads                  0.011 / 0.056         0.011 / 0.056         0.011 / 0.056         0.011 / 0.056       ms
[9.958s][info][gc,stats]      Old Subphase: Concurrent Roots OopStorageSet                0.004 / 0.013         0.004 / 0.013         0.004 / 0.013         0.004 / 0.013       ms
[9.958s][info][gc,stats]      Old Subphase: Concurrent Weak Roots OopStorageSet           0.059 / 0.180         0.059 / 0.180         0.059 / 0.180         0.059 / 0.180       ms
[9.958s][info][gc,stats]            System: Java Threads                                     11 / 12               11 / 12               11 / 12               11 / 12          threads
[9.958s][info][gc,stats]  Young Generation: Young Generation                            726.673 / 726.673     726.673 / 726.673     726.673 / 726.673     726.673 / 726.673     ms
[9.958s][info][gc,stats]  Young Generation: Young Generation                              0.000 / 0.000         0.000 / 0.000         0.000 / 0.000         0.000 / 0.000       ms
[9.958s][info][gc,stats]  Young Generation: Young Generation (Collect Roots)              1.549 / 1.549         1.549 / 1.549         1.549 / 1.549         1.549 / 1.549       ms
[9.958s][info][gc,stats]  Young Generation: Young Generation (Promote All)             1248.632 / 1248.632   1248.632 / 1248.632   1248.632 / 1248.632   1248.632 / 1248.632    ms
[9.958s][info][gc,stats]       Young Pause: Pause Mark End                                0.011 / 0.013         0.011 / 0.013         0.011 / 0.013         0.011 / 0.013       ms
[9.958s][info][gc,stats]       Young Pause: Pause Mark Start                              0.013 / 0.013         0.013 / 0.013         0.013 / 0.013         0.013 / 0.013       ms
[9.958s][info][gc,stats]       Young Pause: Pause Mark Start (Major)                      0.028 / 0.032         0.028 / 0.032         0.028 / 0.032         0.028 / 0.032       ms
[9.958s][info][gc,stats]       Young Pause: Pause Relocate Start                          0.006 / 0.012         0.006 / 0.012         0.006 / 0.012         0.006 / 0.012       ms
[9.958s][info][gc,stats]       Young Phase: Concurrent Mark                             564.545 / 969.164     564.545 / 969.164     564.545 / 969.164     564.545 / 969.164     ms
[9.958s][info][gc,stats]       Young Phase: Concurrent Mark Continue                      0.000 / 0.000         0.000 / 0.000         0.000 / 0.000         0.000 / 0.000       ms
[9.958s][info][gc,stats]       Young Phase: Concurrent Mark Free                          0.002 / 0.003         0.002 / 0.003         0.002 / 0.003         0.002 / 0.003       ms
[9.958s][info][gc,stats]       Young Phase: Concurrent Relocate                          61.219 / 181.231      61.219 / 181.231      61.219 / 181.231      61.219 / 181.231     ms
[9.958s][info][gc,stats]       Young Phase: Concurrent Reset Relocation Set               0.043 / 0.117         0.043 / 0.117         0.043 / 0.117         0.043 / 0.117       ms
[9.958s][info][gc,stats]       Young Phase: Concurrent Select Relocation Set             32.947 / 98.059       32.947 / 98.059       32.947 / 98.059       32.947 / 98.059      ms
[9.958s][info][gc,stats]    Young Subphase: Concurrent Mark Follow                      563.663 / 968.507     563.663 / 968.507     563.663 / 968.507     563.663 / 968.507     ms
[9.958s][info][gc,stats]    Young Subphase: Concurrent Mark Root Colored                  0.592 / 0.987         0.592 / 0.987         0.592 / 0.987         0.592 / 0.987       ms
[9.958s][info][gc,stats]    Young Subphase: Concurrent Mark Root Uncolored                0.246 / 0.374         0.246 / 0.374         0.246 / 0.374         0.246 / 0.374       ms
[9.958s][info][gc,stats]    Young Subphase: Concurrent Mark Roots                         0.880 / 1.438         0.880 / 1.438         0.880 / 1.438         0.880 / 1.438       ms
[9.958s][info][gc,stats]    Young Subphase: Concurrent Relocate Remset FP                60.406 / 181.199      60.406 / 181.199      60.406 / 181.199      60.406 / 181.199     ms
[9.958s][info][gc,stats]    Young Subphase: Concurrent Roots ClassLoaderDataGraph         0.370 / 0.466         0.370 / 0.466         0.370 / 0.466         0.370 / 0.466       ms
[9.958s][info][gc,stats]    Young Subphase: Concurrent Roots CodeCache                    0.203 / 0.297         0.203 / 0.297         0.203 / 0.297         0.203 / 0.297       ms
[9.958s][info][gc,stats]    Young Subphase: Concurrent Roots JavaThreads                  0.022 / 0.117         0.022 / 0.117         0.022 / 0.117         0.022 / 0.117       ms
[9.958s][info][gc,stats]    Young Subphase: Concurrent Roots OopStorageSet                0.058 / 0.202         0.058 / 0.202         0.058 / 0.202         0.058 / 0.202       ms
[9.958s][info][gc,stats]    Young Subphase: Concurrent Weak Roots OopStorageSet           0.176 / 0.490         0.176 / 0.490         0.176 / 0.490         0.176 / 0.490       ms
[9.958s][info][gc,stats] =========================================================================================================================================================
