
=== Instance 1/8, outer iteration 11/100 (Variant sep_dyn) ===

Affinity: allowed=0,1,2,3,4,5,6,7,8,9,10,11 jvm=0,1,2,3,4,5,6,7,8,9 aux=10,11
Benchmark args: <none>
Command: /gorilla/home/fredrha/SimplifyingWeakRefs/build/variant-images/sep_dyn-linux-x86_64-server-release/jdk/bin/java -Xms7g -Xmx7g -XX:+UseZGC -Xlog:gc+stats,gc+ref -XX:InitialTenuringThreshold=1 -XX:MaxTenuringThreshold=1 -XX:NativeMemoryTracking=summary /gorilla/home/fredrha/SimplifyingWeakRefs/test/weakrefs/WeakRefSingleObjectBenchmark.java

[0.004s][info][gc,ref] Reference Processor created, Config: Separate lists, dynamic array
WeakRefSingleObjectBenchmark: weakRefCount=10000000 sleepMillis=500
Phase 1: Allocating the single target object...
Phase 2: Allocating 10000000 WeakReferences in random order...
Allocated 10000000 weak ref holders in 0.80 seconds
Phase 3: Sleeping for 500 ms (strong ref still held)...
Phase 4: Releasing the strong reference to the target object...
Phase 5: Triggering GC...
[4.343s][info][gc,ref] GC(0) O:                           Encountered       Discovered Cleared/Enqueued 
[4.343s][info][gc,ref] GC(0) O: Soft References:                  238                0                0 
[4.343s][info][gc,ref] GC(0) O: Weak References:                 1330                0                0 
[4.343s][info][gc,ref] GC(0) O: Weak (No Queue):              7067342                0                0 
[4.343s][info][gc,ref] GC(0) O: Final References:                   0                0                0 
[4.343s][info][gc,ref] GC(0) O: Phantom References:                 1                0                0 
[7.719s][info][gc,ref] GC(1) O:                           Encountered       Discovered Cleared/Enqueued 
[7.719s][info][gc,ref] GC(1) O: Soft References:                  238                0                0 
[7.719s][info][gc,ref] GC(1) O: Weak References:                 1330              834              330 
[7.719s][info][gc,ref] GC(1) O: Weak (No Queue):             10000003         10000000         10000000 
[7.719s][info][gc,ref] GC(1) O: Final References:                   0                0                0 
[7.719s][info][gc,ref] GC(1) O: Phantom References:                 1                0                0 
Phase 6: Checking results...
Alive weak references after GC: 0 / 10000000
[11.140s][info][gc,stats] === Garbage Collection Statistics =======================================================================================================================
[11.140s][info][gc,stats]                                                              Last 10s              Last 10m              Last 10h                Total
[11.140s][info][gc,stats]                                                              Avg / Max             Avg / Max             Avg / Max             Avg / Max
[11.140s][info][gc,stats]        Contention: Mark Segment Reset Contention                     4 / 32                4 / 32                4 / 32                4 / 32          ops/s
[11.140s][info][gc,stats]        Contention: Mark SeqNum Reset Contention                      1 / 9                 1 / 9                 1 / 9                 1 / 9           ops/s
[11.140s][info][gc,stats]          Critical: Allocation Stall                                  0 / 0                 0 / 0                 0 / 0                 0 / 0           ops/s
[11.140s][info][gc,stats]          Critical: Allocation Stall                              0.000 / 0.000         0.000 / 0.000         0.000 / 0.000         0.000 / 0.000       ms
[11.140s][info][gc,stats]          Critical: JNI Critical Stall                                0 / 0                 0 / 0                 0 / 0                 0 / 0           ops/s
[11.140s][info][gc,stats]          Critical: JNI Critical Stall                            0.000 / 0.000         0.000 / 0.000         0.000 / 0.000         0.000 / 0.000       ms
[11.140s][info][gc,stats]          Critical: Relocation Stall                                  0 / 0                 0 / 0                 0 / 0                 0 / 0           ops/s
[11.140s][info][gc,stats]          Critical: Relocation Stall                              0.000 / 0.000         0.000 / 0.000         0.000 / 0.000         0.000 / 0.000       ms
[11.140s][info][gc,stats]  Major Collection: Major Collection                           2119.953 / 3376.094   2119.953 / 3376.094   2119.953 / 3376.094   2119.953 / 3376.094    ms
[11.140s][info][gc,stats]            Memory: Allocation Rate                                 102 / 764             102 / 764             102 / 764             102 / 764         MB/s
[11.140s][info][gc,stats]            Memory: Defragment                                        0 / 0                 0 / 0                 0 / 0                 0 / 0           ops/s
[11.140s][info][gc,stats]            Memory: Mapped Cache Harvest                              0 / 0                 0 / 0                 0 / 0                 0 / 0           MB/s
[11.140s][info][gc,stats]            Memory: Out Of Memory                                     0 / 0                 0 / 0                 0 / 0                 0 / 0           ops/s
[11.140s][info][gc,stats]            Memory: Uncommit                                          0 / 0                 0 / 0                 0 / 0                 0 / 0           MB/s
[11.140s][info][gc,stats]            Memory: Undo Object Allocation Failed                     0 / 0                 0 / 0                 0 / 0                 0 / 0           ops/s
[11.140s][info][gc,stats]            Memory: Undo Object Allocation Succeeded                  0 / 0                 0 / 0                 0 / 0                 0 / 0           ops/s
[11.140s][info][gc,stats]            Memory: Undo Page Allocation                              0 / 0                 0 / 0                 0 / 0                 0 / 0           ops/s
[11.140s][info][gc,stats]  Minor Collection: Minor Collection                              0.000 / 0.000         0.000 / 0.000         0.000 / 0.000         0.000 / 0.000       ms
[11.140s][info][gc,stats]    Old Generation: Old Generation                              845.508 / 1688.161    845.508 / 1688.161    845.508 / 1688.161    845.508 / 1688.161    ms
[11.140s][info][gc,stats]         Old Pause: Pause Mark End                                0.010 / 0.015         0.010 / 0.015         0.010 / 0.015         0.010 / 0.015       ms
[11.140s][info][gc,stats]         Old Pause: Pause Relocate Start                          0.007 / 0.008         0.007 / 0.008         0.007 / 0.008         0.007 / 0.008       ms
[11.140s][info][gc,stats]         Old Phase: Concurrent Mark                             684.937 / 1369.674    684.937 / 1369.674    684.937 / 1369.674    684.937 / 1369.674    ms
[11.140s][info][gc,stats]         Old Phase: Concurrent Mark Continue                      0.000 / 0.000         0.000 / 0.000         0.000 / 0.000         0.000 / 0.000       ms
[11.140s][info][gc,stats]         Old Phase: Concurrent Mark Free                          0.003 / 0.006         0.003 / 0.006         0.003 / 0.006         0.003 / 0.006       ms
[11.140s][info][gc,stats]         Old Phase: Concurrent Process Non-Strong               152.328 / 302.850     152.328 / 302.850     152.328 / 302.850     152.328 / 302.850     ms
[11.140s][info][gc,stats]         Old Phase: Concurrent Relocate                           0.978 / 1.936         0.978 / 1.936         0.978 / 1.936         0.978 / 1.936       ms
[11.140s][info][gc,stats]         Old Phase: Concurrent Remap Roots                        7.014 / 13.480        7.014 / 13.480        7.014 / 13.480        7.014 / 13.480      ms
[11.140s][info][gc,stats]         Old Phase: Concurrent Reset Relocation Set               0.000 / 0.000         0.000 / 0.000         0.000 / 0.000         0.000 / 0.000       ms
[11.140s][info][gc,stats]         Old Phase: Concurrent Select Relocation Set              0.172 / 0.230         0.172 / 0.230         0.172 / 0.230         0.172 / 0.230       ms
[11.140s][info][gc,stats]      Old Subphase: Concurrent Classes Purge                      0.146 / 0.277         0.146 / 0.277         0.146 / 0.277         0.146 / 0.277       ms
[11.140s][info][gc,stats]      Old Subphase: Concurrent Classes Unlink                     1.048 / 1.225         1.048 / 1.225         1.048 / 1.225         1.048 / 1.225       ms
[11.140s][info][gc,stats]      Old Subphase: Concurrent Mark Follow                      684.828 / 1369.557    684.828 / 1369.557    684.828 / 1369.557    684.828 / 1369.557    ms
[11.140s][info][gc,stats]      Old Subphase: Concurrent Mark Root Colored                  0.032 / 0.101         0.032 / 0.101         0.032 / 0.101         0.032 / 0.101       ms
[11.140s][info][gc,stats]      Old Subphase: Concurrent Mark Root Uncolored                0.031 / 0.051         0.031 / 0.051         0.031 / 0.051         0.031 / 0.051       ms
[11.140s][info][gc,stats]      Old Subphase: Concurrent Mark Roots                         0.107 / 0.115         0.107 / 0.115         0.107 / 0.115         0.107 / 0.115       ms
[11.140s][info][gc,stats]      Old Subphase: Concurrent References Enqueue                 0.002 / 0.003         0.002 / 0.003         0.002 / 0.003         0.002 / 0.003       ms
[11.140s][info][gc,stats]      Old Subphase: Concurrent References Process               150.870 / 301.729     150.870 / 301.729     150.870 / 301.729     150.870 / 301.729     ms
[11.140s][info][gc,stats]      Old Subphase: Concurrent Remap Remembered                   6.536 / 13.128        6.536 / 13.128        6.536 / 13.128        6.536 / 13.128      ms
[11.140s][info][gc,stats]      Old Subphase: Concurrent Remap Roots Colored                0.224 / 0.387         0.224 / 0.387         0.224 / 0.387         0.224 / 0.387       ms
[11.140s][info][gc,stats]      Old Subphase: Concurrent Remap Roots Uncolored              0.196 / 0.248         0.196 / 0.248         0.196 / 0.248         0.196 / 0.248       ms
[11.140s][info][gc,stats]      Old Subphase: Concurrent Roots ClassLoaderDataGraph         0.124 / 0.371         0.124 / 0.371         0.124 / 0.371         0.124 / 0.371       ms
[11.140s][info][gc,stats]      Old Subphase: Concurrent Roots CodeCache                    0.194 / 0.245         0.194 / 0.245         0.194 / 0.245         0.194 / 0.245       ms
[11.140s][info][gc,stats]      Old Subphase: Concurrent Roots JavaThreads                  0.012 / 0.051         0.012 / 0.051         0.012 / 0.051         0.012 / 0.051       ms
[11.140s][info][gc,stats]      Old Subphase: Concurrent Roots OopStorageSet                0.003 / 0.009         0.003 / 0.009         0.003 / 0.009         0.003 / 0.009       ms
[11.140s][info][gc,stats]      Old Subphase: Concurrent Weak Roots OopStorageSet           0.071 / 0.240         0.071 / 0.240         0.071 / 0.240         0.071 / 0.240       ms
[11.140s][info][gc,stats]            System: Java Threads                                     11 / 12               11 / 12               11 / 12               11 / 12          threads
[11.140s][info][gc,stats]  Young Generation: Young Generation                            860.836 / 860.836     860.836 / 860.836     860.836 / 860.836     860.836 / 860.836     ms
[11.140s][info][gc,stats]  Young Generation: Young Generation                              0.000 / 0.000         0.000 / 0.000         0.000 / 0.000         0.000 / 0.000       ms
[11.140s][info][gc,stats]  Young Generation: Young Generation (Collect Roots)              1.984 / 1.984         1.984 / 1.984         1.984 / 1.984         1.984 / 1.984       ms
[11.140s][info][gc,stats]  Young Generation: Young Generation (Promote All)             1685.826 / 1685.826   1685.826 / 1685.826   1685.826 / 1685.826   1685.826 / 1685.826    ms
[11.140s][info][gc,stats]       Young Pause: Pause Mark End                                0.009 / 0.014         0.009 / 0.014         0.009 / 0.014         0.009 / 0.014       ms
[11.140s][info][gc,stats]       Young Pause: Pause Mark Start                              0.014 / 0.014         0.014 / 0.014         0.014 / 0.014         0.014 / 0.014       ms
[11.140s][info][gc,stats]       Young Pause: Pause Mark Start (Major)                      0.028 / 0.031         0.028 / 0.031         0.028 / 0.031         0.028 / 0.031       ms
[11.140s][info][gc,stats]       Young Pause: Pause Relocate Start                          0.005 / 0.007         0.005 / 0.007         0.005 / 0.007         0.005 / 0.007       ms
[11.140s][info][gc,stats]       Young Phase: Concurrent Mark                             752.192 / 1397.762    752.192 / 1397.762    752.192 / 1397.762    752.192 / 1397.762    ms
[11.140s][info][gc,stats]       Young Phase: Concurrent Mark Continue                      0.000 / 0.000         0.000 / 0.000         0.000 / 0.000         0.000 / 0.000       ms
[11.140s][info][gc,stats]       Young Phase: Concurrent Mark Free                          0.003 / 0.005         0.003 / 0.005         0.003 / 0.005         0.003 / 0.005       ms
[11.140s][info][gc,stats]       Young Phase: Concurrent Relocate                          62.515 / 184.931      62.515 / 184.931      62.515 / 184.931      62.515 / 184.931     ms
[11.140s][info][gc,stats]       Young Phase: Concurrent Reset Relocation Set               0.045 / 0.129         0.045 / 0.129         0.045 / 0.129         0.045 / 0.129       ms
[11.140s][info][gc,stats]       Young Phase: Concurrent Select Relocation Set             34.616 / 103.008      34.616 / 103.008      34.616 / 103.008      34.616 / 103.008     ms
[11.140s][info][gc,stats]    Young Subphase: Concurrent Mark Follow                      751.183 / 1396.623    751.183 / 1396.623    751.183 / 1396.623    751.183 / 1396.623    ms
[11.140s][info][gc,stats]    Young Subphase: Concurrent Mark Root Colored                  0.696 / 0.937         0.696 / 0.937         0.696 / 0.937         0.696 / 0.937       ms
[11.140s][info][gc,stats]    Young Subphase: Concurrent Mark Root Uncolored                0.266 / 0.347         0.266 / 0.347         0.266 / 0.347         0.266 / 0.347       ms
[11.140s][info][gc,stats]    Young Subphase: Concurrent Mark Roots                         1.006 / 1.354         1.006 / 1.354         1.006 / 1.354         1.006 / 1.354       ms
[11.140s][info][gc,stats]    Young Subphase: Concurrent Relocate Remset FP                60.732 / 182.171      60.732 / 182.171      60.732 / 182.171      60.732 / 182.171     ms
[11.140s][info][gc,stats]    Young Subphase: Concurrent Roots ClassLoaderDataGraph         0.463 / 0.827         0.463 / 0.827         0.463 / 0.827         0.463 / 0.827       ms
[11.140s][info][gc,stats]    Young Subphase: Concurrent Roots CodeCache                    0.228 / 0.295         0.228 / 0.295         0.228 / 0.295         0.228 / 0.295       ms
[11.140s][info][gc,stats]    Young Subphase: Concurrent Roots JavaThreads                  0.020 / 0.103         0.020 / 0.103         0.020 / 0.103         0.020 / 0.103       ms
[11.140s][info][gc,stats]    Young Subphase: Concurrent Roots OopStorageSet                0.058 / 0.288         0.058 / 0.288         0.058 / 0.288         0.058 / 0.288       ms
[11.140s][info][gc,stats]    Young Subphase: Concurrent Weak Roots OopStorageSet           0.181 / 0.455         0.181 / 0.455         0.181 / 0.455         0.181 / 0.455       ms
[11.140s][info][gc,stats] =========================================================================================================================================================
