
=== Instance 7/8, outer iteration 86/100 (Variant sep_only) ===

Affinity: allowed=24,25,26,27,28,29,30,31,32,33,34,35 jvm=24,25,26,27,28,29,30,31,32,33 aux=34,35
Benchmark args: <none>
Command: /gorilla/home/fredrha/SimplifyingWeakRefs/build/variant-images/sep_only-linux-x86_64-server-release/jdk/bin/java -Xms7g -Xmx7g -XX:+UseZGC -Xlog:gc+stats,gc+ref -XX:InitialTenuringThreshold=1 -XX:MaxTenuringThreshold=1 -XX:NativeMemoryTracking=summary /gorilla/home/fredrha/SimplifyingWeakRefs/test/weakrefs/WeakRefSingleObjectBenchmark.java

[0.004s][info][gc,ref] Reference Processor created, Config: Separate list
WeakRefSingleObjectBenchmark: weakRefCount=10000000 sleepMillis=500
Phase 1: Allocating the single target object...
Phase 2: Allocating 10000000 WeakReferences in random order...
Allocated 10000000 weak ref holders in 0.80 seconds
Phase 3: Sleeping for 500 ms (strong ref still held)...
Phase 4: Releasing the strong reference to the target object...
Phase 5: Triggering GC...
[5.389s][info][gc,ref] GC(0) O:                           Encountered       Discovered Cleared/Enqueued 
[5.389s][info][gc,ref] GC(0) O: Soft References:                  238                0                0 
[5.389s][info][gc,ref] GC(0) O: Weak References:                 1330                0                0 
[5.389s][info][gc,ref] GC(0) O: Weak (No Queue):              7056885                0                0 
[5.389s][info][gc,ref] GC(0) O: Final References:                   0                0                0 
[5.389s][info][gc,ref] GC(0) O: Phantom References:                 1                0                0 
[8.441s][info][gc,ref] GC(1) O:                           Encountered       Discovered Cleared/Enqueued 
[8.441s][info][gc,ref] GC(1) O: Soft References:                  238                0                0 
[8.441s][info][gc,ref] GC(1) O: Weak References:                 1330              953              330 
[8.441s][info][gc,ref] GC(1) O: Weak (No Queue):             10000003         10000000         10000000 
[8.441s][info][gc,ref] GC(1) O: Final References:                   0                0                0 
[8.441s][info][gc,ref] GC(1) O: Phantom References:                 1                0                0 
Phase 6: Checking results...
Alive weak references after GC: 0 / 10000000
[11.272s][info][gc,stats] === Garbage Collection Statistics =======================================================================================================================
[11.272s][info][gc,stats]                                                              Last 10s              Last 10m              Last 10h                Total
[11.272s][info][gc,stats]                                                              Avg / Max             Avg / Max             Avg / Max             Avg / Max
[11.272s][info][gc,stats]        Contention: Mark Segment Reset Contention                     3 / 28                3 / 28                3 / 28                3 / 28          ops/s
[11.272s][info][gc,stats]        Contention: Mark SeqNum Reset Contention                      0 / 3                 0 / 3                 0 / 3                 0 / 3           ops/s
[11.272s][info][gc,stats]          Critical: Allocation Stall                                  0 / 0                 0 / 0                 0 / 0                 0 / 0           ops/s
[11.272s][info][gc,stats]          Critical: Allocation Stall                              0.000 / 0.000         0.000 / 0.000         0.000 / 0.000         0.000 / 0.000       ms
[11.272s][info][gc,stats]          Critical: JNI Critical Stall                                0 / 0                 0 / 0                 0 / 0                 0 / 0           ops/s
[11.272s][info][gc,stats]          Critical: JNI Critical Stall                            0.000 / 0.000         0.000 / 0.000         0.000 / 0.000         0.000 / 0.000       ms
[11.272s][info][gc,stats]          Critical: Relocation Stall                                  0 / 0                 0 / 0                 0 / 0                 0 / 0           ops/s
[11.272s][info][gc,stats]          Critical: Relocation Stall                              0.000 / 0.000         0.000 / 0.000         0.000 / 0.000         0.000 / 0.000       ms
[11.272s][info][gc,stats]  Major Collection: Major Collection                           2075.529 / 3051.531   2075.529 / 3051.531   2075.529 / 3051.531   2075.529 / 3051.531    ms
[11.272s][info][gc,stats]            Memory: Allocation Rate                                 102 / 728             102 / 728             102 / 728             102 / 728         MB/s
[11.272s][info][gc,stats]            Memory: Defragment                                        0 / 0                 0 / 0                 0 / 0                 0 / 0           ops/s
[11.272s][info][gc,stats]            Memory: Mapped Cache Harvest                              0 / 0                 0 / 0                 0 / 0                 0 / 0           MB/s
[11.272s][info][gc,stats]            Memory: Out Of Memory                                     0 / 0                 0 / 0                 0 / 0                 0 / 0           ops/s
[11.272s][info][gc,stats]            Memory: Uncommit                                          0 / 0                 0 / 0                 0 / 0                 0 / 0           MB/s
[11.272s][info][gc,stats]            Memory: Undo Object Allocation Failed                     0 / 0                 0 / 0                 0 / 0                 0 / 0           ops/s
[11.272s][info][gc,stats]            Memory: Undo Object Allocation Succeeded                  0 / 0                 0 / 0                 0 / 0                 0 / 0           ops/s
[11.272s][info][gc,stats]            Memory: Undo Page Allocation                              0 / 0                 0 / 0                 0 / 0                 0 / 0           ops/s
[11.272s][info][gc,stats]  Minor Collection: Minor Collection                              0.000 / 0.000         0.000 / 0.000         0.000 / 0.000         0.000 / 0.000       ms
[11.272s][info][gc,stats]    Old Generation: Old Generation                              775.984 / 1548.964    775.984 / 1548.964    775.984 / 1548.964    775.984 / 1548.964    ms
[11.272s][info][gc,stats]         Old Pause: Pause Mark End                                0.010 / 0.015         0.010 / 0.015         0.010 / 0.015         0.010 / 0.015       ms
[11.272s][info][gc,stats]         Old Pause: Pause Relocate Start                          0.009 / 0.012         0.009 / 0.012         0.009 / 0.012         0.009 / 0.012       ms
[11.272s][info][gc,stats]         Old Phase: Concurrent Mark                             527.374 / 1054.539    527.374 / 1054.539    527.374 / 1054.539    527.374 / 1054.539    ms
[11.272s][info][gc,stats]         Old Phase: Concurrent Mark Continue                      0.000 / 0.000         0.000 / 0.000         0.000 / 0.000         0.000 / 0.000       ms
[11.272s][info][gc,stats]         Old Phase: Concurrent Mark Free                          0.004 / 0.009         0.004 / 0.009         0.004 / 0.009         0.004 / 0.009       ms
[11.272s][info][gc,stats]         Old Phase: Concurrent Process Non-Strong               239.868 / 477.747     239.868 / 477.747     239.868 / 477.747     239.868 / 477.747     ms
[11.272s][info][gc,stats]         Old Phase: Concurrent Relocate                           0.838 / 1.646         0.838 / 1.646         0.838 / 1.646         0.838 / 1.646       ms
[11.272s][info][gc,stats]         Old Phase: Concurrent Remap Roots                        7.684 / 14.814        7.684 / 14.814        7.684 / 14.814        7.684 / 14.814      ms
[11.272s][info][gc,stats]         Old Phase: Concurrent Reset Relocation Set               0.000 / 0.000         0.000 / 0.000         0.000 / 0.000         0.000 / 0.000       ms
[11.272s][info][gc,stats]         Old Phase: Concurrent Select Relocation Set              0.142 / 0.171         0.142 / 0.171         0.142 / 0.171         0.142 / 0.171       ms
[11.272s][info][gc,stats]      Old Subphase: Concurrent Classes Purge                      0.240 / 0.463         0.240 / 0.463         0.240 / 0.463         0.240 / 0.463       ms
[11.272s][info][gc,stats]      Old Subphase: Concurrent Classes Unlink                     0.996 / 1.249         0.996 / 1.249         0.996 / 1.249         0.996 / 1.249       ms
[11.272s][info][gc,stats]      Old Subphase: Concurrent Mark Follow                      527.277 / 1054.457    527.277 / 1054.457    527.277 / 1054.457    527.277 / 1054.457    ms
[11.272s][info][gc,stats]      Old Subphase: Concurrent Mark Root Colored                  0.026 / 0.061         0.026 / 0.061         0.026 / 0.061         0.026 / 0.061       ms
[11.272s][info][gc,stats]      Old Subphase: Concurrent Mark Root Uncolored                0.029 / 0.057         0.029 / 0.057         0.029 / 0.057         0.029 / 0.057       ms
[11.272s][info][gc,stats]      Old Subphase: Concurrent Mark Roots                         0.095 / 0.109         0.095 / 0.109         0.095 / 0.109         0.095 / 0.109       ms
[11.272s][info][gc,stats]      Old Subphase: Concurrent References Enqueue                 0.002 / 0.004         0.002 / 0.004         0.002 / 0.004         0.002 / 0.004       ms
[11.272s][info][gc,stats]      Old Subphase: Concurrent References Process               238.353 / 476.692     238.353 / 476.692     238.353 / 476.692     238.353 / 476.692     ms
[11.272s][info][gc,stats]      Old Subphase: Concurrent Remap Remembered                   7.273 / 14.571        7.273 / 14.571        7.273 / 14.571        7.273 / 14.571      ms
[11.272s][info][gc,stats]      Old Subphase: Concurrent Remap Roots Colored                0.217 / 0.373         0.217 / 0.373         0.217 / 0.373         0.217 / 0.373       ms
[11.272s][info][gc,stats]      Old Subphase: Concurrent Remap Roots Uncolored              0.152 / 0.164         0.152 / 0.164         0.152 / 0.164         0.152 / 0.164       ms
[11.272s][info][gc,stats]      Old Subphase: Concurrent Roots ClassLoaderDataGraph         0.115 / 0.352         0.115 / 0.352         0.115 / 0.352         0.115 / 0.352       ms
[11.272s][info][gc,stats]      Old Subphase: Concurrent Roots CodeCache                    0.151 / 0.163         0.151 / 0.163         0.151 / 0.163         0.151 / 0.163       ms
[11.272s][info][gc,stats]      Old Subphase: Concurrent Roots JavaThreads                  0.010 / 0.057         0.010 / 0.057         0.010 / 0.057         0.010 / 0.057       ms
[11.272s][info][gc,stats]      Old Subphase: Concurrent Roots OopStorageSet                0.006 / 0.015         0.006 / 0.015         0.006 / 0.015         0.006 / 0.015       ms
[11.272s][info][gc,stats]      Old Subphase: Concurrent Weak Roots OopStorageSet           0.059 / 0.182         0.059 / 0.182         0.059 / 0.182         0.059 / 0.182       ms
[11.272s][info][gc,stats]            System: Java Threads                                     12 / 13               12 / 13               12 / 13               12 / 13          threads
[11.272s][info][gc,stats]  Young Generation: Young Generation                           1096.413 / 1096.413   1096.413 / 1096.413   1096.413 / 1096.413   1096.413 / 1096.413    ms
[11.272s][info][gc,stats]  Young Generation: Young Generation                              0.000 / 0.000         0.000 / 0.000         0.000 / 0.000         0.000 / 0.000       ms
[11.272s][info][gc,stats]  Young Generation: Young Generation (Collect Roots)              1.935 / 1.935         1.935 / 1.935         1.935 / 1.935         1.935 / 1.935       ms
[11.272s][info][gc,stats]  Young Generation: Young Generation (Promote All)             1500.524 / 1500.524   1500.524 / 1500.524   1500.524 / 1500.524   1500.524 / 1500.524    ms
[11.272s][info][gc,stats]       Young Pause: Pause Mark End                                0.012 / 0.014         0.012 / 0.014         0.012 / 0.014         0.012 / 0.014       ms
[11.272s][info][gc,stats]       Young Pause: Pause Mark Start                              0.012 / 0.012         0.012 / 0.012         0.012 / 0.012         0.012 / 0.012       ms
[11.272s][info][gc,stats]       Young Pause: Pause Mark Start (Major)                      0.033 / 0.039         0.033 / 0.039         0.033 / 0.039         0.033 / 0.039       ms
[11.272s][info][gc,stats]       Young Pause: Pause Relocate Start                          0.010 / 0.015         0.010 / 0.015         0.010 / 0.015         0.010 / 0.015       ms
[11.272s][info][gc,stats]       Young Phase: Concurrent Mark                             770.066 / 1215.485    770.066 / 1215.485    770.066 / 1215.485    770.066 / 1215.485    ms
[11.272s][info][gc,stats]       Young Phase: Concurrent Mark Continue                      0.000 / 0.000         0.000 / 0.000         0.000 / 0.000         0.000 / 0.000       ms
[11.272s][info][gc,stats]       Young Phase: Concurrent Mark Free                          0.004 / 0.006         0.004 / 0.006         0.004 / 0.006         0.004 / 0.006       ms
[11.272s][info][gc,stats]       Young Phase: Concurrent Relocate                          61.272 / 181.635      61.272 / 181.635      61.272 / 181.635      61.272 / 181.635     ms
[11.272s][info][gc,stats]       Young Phase: Concurrent Reset Relocation Set               0.045 / 0.129         0.045 / 0.129         0.045 / 0.129         0.045 / 0.129       ms
[11.272s][info][gc,stats]       Young Phase: Concurrent Select Relocation Set             34.688 / 103.212      34.688 / 103.212      34.688 / 103.212      34.688 / 103.212     ms
[11.272s][info][gc,stats]    Young Subphase: Concurrent Mark Follow                      769.075 / 1214.344    769.075 / 1214.344    769.075 / 1214.344    769.075 / 1214.344    ms
[11.272s][info][gc,stats]    Young Subphase: Concurrent Mark Root Colored                  0.687 / 0.971         0.687 / 0.971         0.687 / 0.971         0.687 / 0.971       ms
[11.272s][info][gc,stats]    Young Subphase: Concurrent Mark Root Uncolored                0.262 / 0.362         0.262 / 0.362         0.262 / 0.362         0.262 / 0.362       ms
[11.272s][info][gc,stats]    Young Subphase: Concurrent Mark Roots                         0.990 / 1.291         0.990 / 1.291         0.990 / 1.291         0.990 / 1.291       ms
[11.272s][info][gc,stats]    Young Subphase: Concurrent Relocate Remset FP                59.745 / 179.204      59.745 / 179.204      59.745 / 179.204      59.745 / 179.204     ms
[11.272s][info][gc,stats]    Young Subphase: Concurrent Roots ClassLoaderDataGraph         0.477 / 0.820         0.477 / 0.820         0.477 / 0.820         0.477 / 0.820       ms
[11.272s][info][gc,stats]    Young Subphase: Concurrent Roots CodeCache                    0.223 / 0.305         0.223 / 0.305         0.223 / 0.305         0.223 / 0.305       ms
[11.272s][info][gc,stats]    Young Subphase: Concurrent Roots JavaThreads                  0.020 / 0.104         0.020 / 0.104         0.020 / 0.104         0.020 / 0.104       ms
[11.272s][info][gc,stats]    Young Subphase: Concurrent Roots OopStorageSet                0.048 / 0.131         0.048 / 0.131         0.048 / 0.131         0.048 / 0.131       ms
[11.272s][info][gc,stats]    Young Subphase: Concurrent Weak Roots OopStorageSet           0.171 / 0.387         0.171 / 0.387         0.171 / 0.387         0.171 / 0.387       ms
[11.272s][info][gc,stats] =========================================================================================================================================================
