
=== Instance 8/8, outer iteration 90/100 (Variant sep_dyn) ===

Affinity: allowed=36,37,38,39,40,41,42,43,44,45,46,47 jvm=36,37,38,39,40,41,42,43,44,45 aux=46,47
Benchmark args: <none>
Command: /gorilla/home/fredrha/SimplifyingWeakRefs/build/variant-images/sep_dyn-linux-x86_64-server-release/jdk/bin/java -Xms7g -Xmx7g -XX:+UseZGC -Xlog:gc+stats,gc+ref -XX:InitialTenuringThreshold=1 -XX:MaxTenuringThreshold=1 -XX:NativeMemoryTracking=summary /gorilla/home/fredrha/SimplifyingWeakRefs/test/weakrefs/WeakRefSingleObjectBenchmark.java

[0.004s][info][gc,ref] Reference Processor created, Config: Separate lists, dynamic array
WeakRefSingleObjectBenchmark: weakRefCount=10000000 sleepMillis=500
Phase 1: Allocating the single target object...
Phase 2: Allocating 10000000 WeakReferences in random order...
Allocated 10000000 weak ref holders in 0.84 seconds
Phase 3: Sleeping for 500 ms (strong ref still held)...
Phase 4: Releasing the strong reference to the target object...
Phase 5: Triggering GC...
[4.348s][info][gc,ref] GC(0) O:                           Encountered       Discovered Cleared/Enqueued 
[4.348s][info][gc,ref] GC(0) O: Soft References:                  238                0                0 
[4.348s][info][gc,ref] GC(0) O: Weak References:                 1330                0                0 
[4.348s][info][gc,ref] GC(0) O: Weak (No Queue):              7056103                0                0 
[4.348s][info][gc,ref] GC(0) O: Final References:                   0                0                0 
[4.348s][info][gc,ref] GC(0) O: Phantom References:                 1                0                0 
[9.201s][info][gc,ref] GC(1) O:                           Encountered       Discovered Cleared/Enqueued 
[9.201s][info][gc,ref] GC(1) O: Soft References:                  238                0                0 
[9.201s][info][gc,ref] GC(1) O: Weak References:                 1330             1047              330 
[9.201s][info][gc,ref] GC(1) O: Weak (No Queue):             10000003         10000000         10000000 
[9.201s][info][gc,ref] GC(1) O: Final References:                   0                0                0 
[9.201s][info][gc,ref] GC(1) O: Phantom References:                 1                1                0 
Phase 6: Checking results...
Alive weak references after GC: 0 / 10000000
[12.032s][info][gc,stats] === Garbage Collection Statistics =======================================================================================================================
[12.032s][info][gc,stats]                                                              Last 10s              Last 10m              Last 10h                Total
[12.032s][info][gc,stats]                                                              Avg / Max             Avg / Max             Avg / Max             Avg / Max
[12.032s][info][gc,stats]        Contention: Mark Segment Reset Contention                     4 / 28                4 / 28                4 / 28                4 / 28          ops/s
[12.032s][info][gc,stats]        Contention: Mark SeqNum Reset Contention                      0 / 9                 0 / 9                 0 / 9                 0 / 9           ops/s
[12.032s][info][gc,stats]          Critical: Allocation Stall                                  0 / 0                 0 / 0                 0 / 0                 0 / 0           ops/s
[12.032s][info][gc,stats]          Critical: Allocation Stall                              0.000 / 0.000         0.000 / 0.000         0.000 / 0.000         0.000 / 0.000       ms
[12.032s][info][gc,stats]          Critical: JNI Critical Stall                                0 / 0                 0 / 0                 0 / 0                 0 / 0           ops/s
[12.032s][info][gc,stats]          Critical: JNI Critical Stall                            0.000 / 0.000         0.000 / 0.000         0.000 / 0.000         0.000 / 0.000       ms
[12.032s][info][gc,stats]          Critical: Relocation Stall                                  0 / 0                 0 / 0                 0 / 0                 0 / 0           ops/s
[12.032s][info][gc,stats]          Critical: Relocation Stall                              0.000 / 0.000         0.000 / 0.000         0.000 / 0.000         0.000 / 0.000       ms
[12.032s][info][gc,stats]  Major Collection: Major Collection                           2791.089 / 4852.779   2791.089 / 4852.779   2791.089 / 4852.779   2791.089 / 4852.779    ms
[12.032s][info][gc,stats]            Memory: Allocation Rate                                  92 / 738              92 / 738              92 / 738              92 / 738         MB/s
[12.032s][info][gc,stats]            Memory: Defragment                                        0 / 0                 0 / 0                 0 / 0                 0 / 0           ops/s
[12.032s][info][gc,stats]            Memory: Mapped Cache Harvest                              0 / 0                 0 / 0                 0 / 0                 0 / 0           MB/s
[12.032s][info][gc,stats]            Memory: Out Of Memory                                     0 / 0                 0 / 0                 0 / 0                 0 / 0           ops/s
[12.032s][info][gc,stats]            Memory: Uncommit                                          0 / 0                 0 / 0                 0 / 0                 0 / 0           MB/s
[12.032s][info][gc,stats]            Memory: Undo Object Allocation Failed                     0 / 0                 0 / 0                 0 / 0                 0 / 0           ops/s
[12.032s][info][gc,stats]            Memory: Undo Object Allocation Succeeded                  0 / 0                 0 / 0                 0 / 0                 0 / 0           ops/s
[12.032s][info][gc,stats]            Memory: Undo Page Allocation                              0 / 0                 0 / 0                 0 / 0                 0 / 0           ops/s
[12.032s][info][gc,stats]  Minor Collection: Minor Collection                              0.000 / 0.000         0.000 / 0.000         0.000 / 0.000         0.000 / 0.000       ms
[12.032s][info][gc,stats]    Old Generation: Old Generation                             1438.989 / 2875.242   1438.989 / 2875.242   1438.989 / 2875.242   1438.989 / 2875.242    ms
[12.032s][info][gc,stats]         Old Pause: Pause Mark End                                0.010 / 0.014         0.010 / 0.014         0.010 / 0.014         0.010 / 0.014       ms
[12.032s][info][gc,stats]         Old Pause: Pause Relocate Start                          0.008 / 0.011         0.008 / 0.011         0.008 / 0.011         0.008 / 0.011       ms
[12.032s][info][gc,stats]         Old Phase: Concurrent Mark                            1289.222 / 2578.267   1289.222 / 2578.267   1289.222 / 2578.267   1289.222 / 2578.267    ms
[12.032s][info][gc,stats]         Old Phase: Concurrent Mark Continue                      0.000 / 0.000         0.000 / 0.000         0.000 / 0.000         0.000 / 0.000       ms
[12.032s][info][gc,stats]         Old Phase: Concurrent Mark Free                          0.001 / 0.002         0.001 / 0.002         0.001 / 0.002         0.001 / 0.002       ms
[12.032s][info][gc,stats]         Old Phase: Concurrent Process Non-Strong               141.029 / 280.308     141.029 / 280.308     141.029 / 280.308     141.029 / 280.308     ms
[12.032s][info][gc,stats]         Old Phase: Concurrent Relocate                           0.723 / 1.424         0.723 / 1.424         0.723 / 1.424         0.723 / 1.424       ms
[12.032s][info][gc,stats]         Old Phase: Concurrent Remap Roots                        7.808 / 15.055        7.808 / 15.055        7.808 / 15.055        7.808 / 15.055      ms
[12.032s][info][gc,stats]         Old Phase: Concurrent Reset Relocation Set               0.000 / 0.001         0.000 / 0.001         0.000 / 0.001         0.000 / 0.001       ms
[12.032s][info][gc,stats]         Old Phase: Concurrent Select Relocation Set              0.143 / 0.185         0.143 / 0.185         0.143 / 0.185         0.143 / 0.185       ms
[12.032s][info][gc,stats]      Old Subphase: Concurrent Classes Purge                      0.151 / 0.289         0.151 / 0.289         0.151 / 0.289         0.151 / 0.289       ms
[12.032s][info][gc,stats]      Old Subphase: Concurrent Classes Unlink                     0.982 / 1.225         0.982 / 1.225         0.982 / 1.225         0.982 / 1.225       ms
[12.032s][info][gc,stats]      Old Subphase: Concurrent Mark Follow                     1289.144 / 2578.207   1289.144 / 2578.207   1289.144 / 2578.207   1289.144 / 2578.207    ms
[12.032s][info][gc,stats]      Old Subphase: Concurrent Mark Root Colored                  0.019 / 0.045         0.019 / 0.045         0.019 / 0.045         0.019 / 0.045       ms
[12.032s][info][gc,stats]      Old Subphase: Concurrent Mark Root Uncolored                0.027 / 0.051         0.027 / 0.051         0.027 / 0.051         0.027 / 0.051       ms
[12.032s][info][gc,stats]      Old Subphase: Concurrent Mark Roots                         0.076 / 0.095         0.076 / 0.095         0.076 / 0.095         0.076 / 0.095       ms
[12.032s][info][gc,stats]      Old Subphase: Concurrent References Enqueue                 0.002 / 0.003         0.002 / 0.003         0.002 / 0.003         0.002 / 0.003       ms
[12.032s][info][gc,stats]      Old Subphase: Concurrent References Process               139.672 / 279.335     139.672 / 279.335     139.672 / 279.335     139.672 / 279.335     ms
[12.032s][info][gc,stats]      Old Subphase: Concurrent Remap Remembered                   7.378 / 14.772        7.378 / 14.772        7.378 / 14.772        7.378 / 14.772      ms
[12.032s][info][gc,stats]      Old Subphase: Concurrent Remap Roots Colored                0.216 / 0.373         0.216 / 0.373         0.216 / 0.373         0.216 / 0.373       ms
[12.032s][info][gc,stats]      Old Subphase: Concurrent Remap Roots Uncolored              0.182 / 0.190         0.182 / 0.190         0.182 / 0.190         0.182 / 0.190       ms
[12.032s][info][gc,stats]      Old Subphase: Concurrent Roots ClassLoaderDataGraph         0.124 / 0.352         0.124 / 0.352         0.124 / 0.352         0.124 / 0.352       ms
[12.032s][info][gc,stats]      Old Subphase: Concurrent Roots CodeCache                    0.180 / 0.189         0.180 / 0.189         0.180 / 0.189         0.180 / 0.189       ms
[12.032s][info][gc,stats]      Old Subphase: Concurrent Roots JavaThreads                  0.010 / 0.051         0.010 / 0.051         0.010 / 0.051         0.010 / 0.051       ms
[12.032s][info][gc,stats]      Old Subphase: Concurrent Roots OopStorageSet                0.003 / 0.007         0.003 / 0.007         0.003 / 0.007         0.003 / 0.007       ms
[12.032s][info][gc,stats]      Old Subphase: Concurrent Weak Roots OopStorageSet           0.059 / 0.176         0.059 / 0.176         0.059 / 0.176         0.059 / 0.176       ms
[12.032s][info][gc,stats]            System: Java Threads                                     11 / 11               11 / 11               11 / 11               11 / 11          threads
[12.032s][info][gc,stats]  Young Generation: Young Generation                            726.542 / 726.542     726.542 / 726.542     726.542 / 726.542     726.542 / 726.542     ms
[12.032s][info][gc,stats]  Young Generation: Young Generation                              0.000 / 0.000         0.000 / 0.000         0.000 / 0.000         0.000 / 0.000       ms
[12.032s][info][gc,stats]  Young Generation: Young Generation (Collect Roots)              1.755 / 1.755         1.755 / 1.755         1.755 / 1.755         1.755 / 1.755       ms
[12.032s][info][gc,stats]  Young Generation: Young Generation (Promote All)             1975.670 / 1975.670   1975.670 / 1975.670   1975.670 / 1975.670   1975.670 / 1975.670    ms
[12.032s][info][gc,stats]       Young Pause: Pause Mark End                                0.011 / 0.013         0.011 / 0.013         0.011 / 0.013         0.011 / 0.013       ms
[12.032s][info][gc,stats]       Young Pause: Pause Mark Start                              0.011 / 0.011         0.011 / 0.011         0.011 / 0.011         0.011 / 0.011       ms
[12.032s][info][gc,stats]       Young Pause: Pause Mark Start (Major)                      0.023 / 0.025         0.023 / 0.025         0.023 / 0.025         0.023 / 0.025       ms
[12.032s][info][gc,stats]       Young Pause: Pause Relocate Start                          0.006 / 0.011         0.006 / 0.011         0.006 / 0.011         0.006 / 0.011       ms
[12.032s][info][gc,stats]       Young Phase: Concurrent Mark                             806.131 / 1693.612    806.131 / 1693.612    806.131 / 1693.612    806.131 / 1693.612    ms
[12.032s][info][gc,stats]       Young Phase: Concurrent Mark Continue                      0.000 / 0.000         0.000 / 0.000         0.000 / 0.000         0.000 / 0.000       ms
[12.032s][info][gc,stats]       Young Phase: Concurrent Mark Free                          0.002 / 0.003         0.002 / 0.003         0.002 / 0.003         0.002 / 0.003       ms
[12.032s][info][gc,stats]       Young Phase: Concurrent Relocate                          61.201 / 181.314      61.201 / 181.314      61.201 / 181.314      61.201 / 181.314     ms
[12.032s][info][gc,stats]       Young Phase: Concurrent Reset Relocation Set               0.040 / 0.116         0.040 / 0.116         0.040 / 0.116         0.040 / 0.116       ms
[12.032s][info][gc,stats]       Young Phase: Concurrent Select Relocation Set             33.775 / 100.588      33.775 / 100.588      33.775 / 100.588      33.775 / 100.588     ms
[12.032s][info][gc,stats]    Young Subphase: Concurrent Mark Follow                      805.276 / 1692.947    805.276 / 1692.947    805.276 / 1692.947    805.276 / 1692.947    ms
[12.032s][info][gc,stats]    Young Subphase: Concurrent Mark Root Colored                  0.567 / 0.922         0.567 / 0.922         0.567 / 0.922         0.567 / 0.922       ms
[12.032s][info][gc,stats]    Young Subphase: Concurrent Mark Root Uncolored                0.244 / 0.356         0.244 / 0.356         0.244 / 0.356         0.244 / 0.356       ms
[12.032s][info][gc,stats]    Young Subphase: Concurrent Mark Roots                         0.853 / 1.354         0.853 / 1.354         0.853 / 1.354         0.853 / 1.354       ms
[12.032s][info][gc,stats]    Young Subphase: Concurrent Relocate Remset FP                59.836 / 179.476      59.836 / 179.476      59.836 / 179.476      59.836 / 179.476     ms
[12.032s][info][gc,stats]    Young Subphase: Concurrent Roots ClassLoaderDataGraph         0.344 / 0.433         0.344 / 0.433         0.344 / 0.433         0.344 / 0.433       ms
[12.032s][info][gc,stats]    Young Subphase: Concurrent Roots CodeCache                    0.208 / 0.301         0.208 / 0.301         0.208 / 0.301         0.208 / 0.301       ms
[12.032s][info][gc,stats]    Young Subphase: Concurrent Roots JavaThreads                  0.018 / 0.096         0.018 / 0.096         0.018 / 0.096         0.018 / 0.096       ms
[12.032s][info][gc,stats]    Young Subphase: Concurrent Roots OopStorageSet                0.053 / 0.188         0.053 / 0.188         0.053 / 0.188         0.053 / 0.188       ms
[12.032s][info][gc,stats]    Young Subphase: Concurrent Weak Roots OopStorageSet           0.180 / 0.523         0.180 / 0.523         0.180 / 0.523         0.180 / 0.523       ms
[12.032s][info][gc,stats] =========================================================================================================================================================
