
=== Instance 5/8, outer iteration 53/100 (Variant all) ===

Affinity: allowed=0,1,2,3,4,5,6,7,8,9,10,11 jvm=0,1,2,3,4,5,6,7,8,9 aux=10,11
Benchmark args: <none>
Command: /gorilla/home/fredrha/SimplifyingWeakRefs/build/variant-images/all-linux-x86_64-server-release/jdk/bin/java -Xms7g -Xmx7g -XX:+UseZGC -Xlog:gc+stats,gc+ref -XX:InitialTenuringThreshold=1 -XX:MaxTenuringThreshold=1 -XX:NativeMemoryTracking=summary /gorilla/home/fredrha/SimplifyingWeakRefs/test/weakrefs/WeakRefSingleObjectBenchmark.java

[0.004s][info][gc,ref] Reference Processor created, Config: All optimisations
WeakRefSingleObjectBenchmark: weakRefCount=10000000 sleepMillis=500
Phase 1: Allocating the single target object...
Phase 2: Allocating 10000000 WeakReferences in random order...
Allocated 10000000 weak ref holders in 0.86 seconds
Phase 3: Sleeping for 500 ms (strong ref still held)...
Phase 4: Releasing the strong reference to the target object...
Phase 5: Triggering GC...
[4.114s][info][gc,ref] GC(0) O:                           Encountered       Discovered Cleared/Enqueued 
[4.114s][info][gc,ref] GC(0) O: Soft References:                  238                0                0 
[4.114s][info][gc,ref] GC(0) O: Weak References:                 1330                0                0 
[4.114s][info][gc,ref] GC(0) O: Weak (No Queue):              7028726                0                0 
[4.114s][info][gc,ref] GC(0) O: Final References:                   0                0                0 
[4.114s][info][gc,ref] GC(0) O: Phantom References:                 1                0                0 
[8.147s][info][gc,ref] GC(1) O:                           Encountered       Discovered Cleared/Enqueued 
[8.147s][info][gc,ref] GC(1) O: Soft References:                  238                0                0 
[8.147s][info][gc,ref] GC(1) O: Weak References:                 1330              336              330 
[8.147s][info][gc,ref] GC(1) O: Weak (No Queue):             10000003         10000000         10000000 
[8.147s][info][gc,ref] GC(1) O: Final References:                   0                0                0 
[8.147s][info][gc,ref] GC(1) O: Phantom References:                 1                1                0 
Phase 6: Checking results...
Alive weak references after GC: 0 / 10000000
[10.976s][info][gc,stats] === Garbage Collection Statistics =======================================================================================================================
[10.976s][info][gc,stats]                                                              Last 10s              Last 10m              Last 10h                Total
[10.976s][info][gc,stats]                                                              Avg / Max             Avg / Max             Avg / Max             Avg / Max
[10.976s][info][gc,stats]        Contention: Mark Segment Reset Contention                     5 / 40                5 / 40                5 / 40                5 / 40          ops/s
[10.976s][info][gc,stats]        Contention: Mark SeqNum Reset Contention                      1 / 4                 1 / 4                 1 / 4                 1 / 4           ops/s
[10.976s][info][gc,stats]          Critical: Allocation Stall                                  0 / 0                 0 / 0                 0 / 0                 0 / 0           ops/s
[10.976s][info][gc,stats]          Critical: Allocation Stall                              0.000 / 0.000         0.000 / 0.000         0.000 / 0.000         0.000 / 0.000       ms
[10.976s][info][gc,stats]          Critical: JNI Critical Stall                                0 / 0                 0 / 0                 0 / 0                 0 / 0           ops/s
[10.976s][info][gc,stats]          Critical: JNI Critical Stall                            0.000 / 0.000         0.000 / 0.000         0.000 / 0.000         0.000 / 0.000       ms
[10.976s][info][gc,stats]          Critical: Relocation Stall                                  0 / 0                 0 / 0                 0 / 0                 0 / 0           ops/s
[10.976s][info][gc,stats]          Critical: Relocation Stall                              0.000 / 0.000         0.000 / 0.000         0.000 / 0.000         0.000 / 0.000       ms
[10.976s][info][gc,stats]  Major Collection: Major Collection                           2379.501 / 4032.565   2379.501 / 4032.565   2379.501 / 4032.565   2379.501 / 4032.565    ms
[10.976s][info][gc,stats]            Memory: Allocation Rate                                 102 / 810             102 / 810             102 / 810             102 / 810         MB/s
[10.976s][info][gc,stats]            Memory: Defragment                                        0 / 0                 0 / 0                 0 / 0                 0 / 0           ops/s
[10.976s][info][gc,stats]            Memory: Mapped Cache Harvest                              0 / 0                 0 / 0                 0 / 0                 0 / 0           MB/s
[10.976s][info][gc,stats]            Memory: Out Of Memory                                     0 / 0                 0 / 0                 0 / 0                 0 / 0           ops/s
[10.976s][info][gc,stats]            Memory: Uncommit                                          0 / 0                 0 / 0                 0 / 0                 0 / 0           MB/s
[10.976s][info][gc,stats]            Memory: Undo Object Allocation Failed                     0 / 0                 0 / 0                 0 / 0                 0 / 0           ops/s
[10.976s][info][gc,stats]            Memory: Undo Object Allocation Succeeded                  0 / 0                 0 / 0                 0 / 0                 0 / 0           ops/s
[10.976s][info][gc,stats]            Memory: Undo Page Allocation                              0 / 0                 0 / 0                 0 / 0                 0 / 0           ops/s
[10.976s][info][gc,stats]  Minor Collection: Minor Collection                              0.000 / 0.000         0.000 / 0.000         0.000 / 0.000         0.000 / 0.000       ms
[10.976s][info][gc,stats]    Old Generation: Old Generation                             1221.463 / 2439.738   1221.463 / 2439.738   1221.463 / 2439.738   1221.463 / 2439.738    ms
[10.976s][info][gc,stats]         Old Pause: Pause Mark End                                0.010 / 0.015         0.010 / 0.015         0.010 / 0.015         0.010 / 0.015       ms
[10.976s][info][gc,stats]         Old Pause: Pause Relocate Start                          0.010 / 0.013         0.010 / 0.013         0.010 / 0.013         0.010 / 0.013       ms
[10.976s][info][gc,stats]         Old Phase: Concurrent Mark                            1166.731 / 2333.255   1166.731 / 2333.255   1166.731 / 2333.255   1166.731 / 2333.255    ms
[10.976s][info][gc,stats]         Old Phase: Concurrent Mark Continue                      0.000 / 0.000         0.000 / 0.000         0.000 / 0.000         0.000 / 0.000       ms
[10.976s][info][gc,stats]         Old Phase: Concurrent Mark Free                          0.002 / 0.004         0.002 / 0.004         0.002 / 0.004         0.002 / 0.004       ms
[10.976s][info][gc,stats]         Old Phase: Concurrent Process Non-Strong                47.185 / 92.199       47.185 / 92.199       47.185 / 92.199       47.185 / 92.199      ms
[10.976s][info][gc,stats]         Old Phase: Concurrent Relocate                           0.324 / 0.627         0.324 / 0.627         0.324 / 0.627         0.324 / 0.627       ms
[10.976s][info][gc,stats]         Old Phase: Concurrent Remap Roots                        7.016 / 13.458        7.016 / 13.458        7.016 / 13.458        7.016 / 13.458      ms
[10.976s][info][gc,stats]         Old Phase: Concurrent Reset Relocation Set               0.000 / 0.000         0.000 / 0.000         0.000 / 0.000         0.000 / 0.000       ms
[10.976s][info][gc,stats]         Old Phase: Concurrent Select Relocation Set              0.135 / 0.164         0.135 / 0.164         0.135 / 0.164         0.135 / 0.164       ms
[10.976s][info][gc,stats]      Old Subphase: Concurrent Classes Purge                      0.192 / 0.370         0.192 / 0.370         0.192 / 0.370         0.192 / 0.370       ms
[10.976s][info][gc,stats]      Old Subphase: Concurrent Classes Unlink                     1.171 / 1.481         1.171 / 1.481         1.171 / 1.481         1.171 / 1.481       ms
[10.976s][info][gc,stats]      Old Subphase: Concurrent Mark Follow                     1166.632 / 2333.162   1166.632 / 2333.162   1166.632 / 2333.162   1166.632 / 2333.162    ms
[10.976s][info][gc,stats]      Old Subphase: Concurrent Mark Root Colored                  0.032 / 0.058         0.032 / 0.058         0.032 / 0.058         0.032 / 0.058       ms
[10.976s][info][gc,stats]      Old Subphase: Concurrent Mark Root Uncolored                0.032 / 0.053         0.032 / 0.053         0.032 / 0.053         0.032 / 0.053       ms
[10.976s][info][gc,stats]      Old Subphase: Concurrent Mark Roots                         0.097 / 0.104         0.097 / 0.104         0.097 / 0.104         0.097 / 0.104       ms
[10.976s][info][gc,stats]      Old Subphase: Concurrent References Enqueue                 0.001 / 0.003         0.001 / 0.003         0.001 / 0.003         0.001 / 0.003       ms
[10.976s][info][gc,stats]      Old Subphase: Concurrent References Process                45.548 / 91.072       45.548 / 91.072       45.548 / 91.072       45.548 / 91.072      ms
[10.976s][info][gc,stats]      Old Subphase: Concurrent Remap Remembered                   6.532 / 13.118        6.532 / 13.118        6.532 / 13.118        6.532 / 13.118      ms
[10.976s][info][gc,stats]      Old Subphase: Concurrent Remap Roots Colored                0.202 / 0.338         0.202 / 0.338         0.202 / 0.338         0.202 / 0.338       ms
[10.976s][info][gc,stats]      Old Subphase: Concurrent Remap Roots Uncolored              0.223 / 0.236         0.223 / 0.236         0.223 / 0.236         0.223 / 0.236       ms
[10.976s][info][gc,stats]      Old Subphase: Concurrent Roots ClassLoaderDataGraph         0.110 / 0.314         0.110 / 0.314         0.110 / 0.314         0.110 / 0.314       ms
[10.976s][info][gc,stats]      Old Subphase: Concurrent Roots CodeCache                    0.222 / 0.233         0.222 / 0.233         0.222 / 0.233         0.222 / 0.233       ms
[10.976s][info][gc,stats]      Old Subphase: Concurrent Roots JavaThreads                  0.012 / 0.053         0.012 / 0.053         0.012 / 0.053         0.012 / 0.053       ms
[10.976s][info][gc,stats]      Old Subphase: Concurrent Roots OopStorageSet                0.003 / 0.007         0.003 / 0.007         0.003 / 0.007         0.003 / 0.007       ms
[10.976s][info][gc,stats]      Old Subphase: Concurrent Weak Roots OopStorageSet           0.070 / 0.223         0.070 / 0.223         0.070 / 0.223         0.070 / 0.223       ms
[10.976s][info][gc,stats]            System: Java Threads                                     11 / 11               11 / 11               11 / 11               11 / 11          threads
[10.976s][info][gc,stats]  Young Generation: Young Generation                            723.139 / 723.139     723.139 / 723.139     723.139 / 723.139     723.139 / 723.139     ms
[10.976s][info][gc,stats]  Young Generation: Young Generation                              0.000 / 0.000         0.000 / 0.000         0.000 / 0.000         0.000 / 0.000       ms
[10.976s][info][gc,stats]  Young Generation: Young Generation (Collect Roots)              1.714 / 1.714         1.714 / 1.714         1.714 / 1.714         1.714 / 1.714       ms
[10.976s][info][gc,stats]  Young Generation: Young Generation (Promote All)             1591.006 / 1591.006   1591.006 / 1591.006   1591.006 / 1591.006   1591.006 / 1591.006    ms
[10.976s][info][gc,stats]       Young Pause: Pause Mark End                                0.011 / 0.014         0.011 / 0.014         0.011 / 0.014         0.011 / 0.014       ms
[10.976s][info][gc,stats]       Young Pause: Pause Mark Start                              0.012 / 0.012         0.012 / 0.012         0.012 / 0.012         0.012 / 0.012       ms
[10.976s][info][gc,stats]       Young Pause: Pause Mark Start (Major)                      0.027 / 0.031         0.027 / 0.031         0.027 / 0.031         0.027 / 0.031       ms
[10.976s][info][gc,stats]       Young Pause: Pause Relocate Start                          0.006 / 0.013         0.006 / 0.013         0.006 / 0.013         0.006 / 0.013       ms
[10.976s][info][gc,stats]       Young Phase: Concurrent Mark                             669.788 / 1288.238    669.788 / 1288.238    669.788 / 1288.238    669.788 / 1288.238    ms
[10.976s][info][gc,stats]       Young Phase: Concurrent Mark Continue                      0.000 / 0.000         0.000 / 0.000         0.000 / 0.000         0.000 / 0.000       ms
[10.976s][info][gc,stats]       Young Phase: Concurrent Mark Free                          0.005 / 0.008         0.005 / 0.008         0.005 / 0.008         0.005 / 0.008       ms
[10.976s][info][gc,stats]       Young Phase: Concurrent Relocate                          69.079 / 204.806      69.079 / 204.806      69.079 / 204.806      69.079 / 204.806     ms
[10.976s][info][gc,stats]       Young Phase: Concurrent Reset Relocation Set               0.046 / 0.127         0.046 / 0.127         0.046 / 0.127         0.046 / 0.127       ms
[10.976s][info][gc,stats]       Young Phase: Concurrent Select Relocation Set             32.864 / 97.815       32.864 / 97.815       32.864 / 97.815       32.864 / 97.815      ms
[10.976s][info][gc,stats]    Young Subphase: Concurrent Mark Follow                      668.893 / 1287.383    668.893 / 1287.383    668.893 / 1287.383    668.893 / 1287.383    ms
[10.976s][info][gc,stats]    Young Subphase: Concurrent Mark Root Colored                  0.584 / 0.818         0.584 / 0.818         0.584 / 0.818         0.584 / 0.818       ms
[10.976s][info][gc,stats]    Young Subphase: Concurrent Mark Root Uncolored                0.272 / 0.345         0.272 / 0.345         0.272 / 0.345         0.272 / 0.345       ms
[10.976s][info][gc,stats]    Young Subphase: Concurrent Mark Roots                         0.892 / 1.200         0.892 / 1.200         0.892 / 1.200         0.892 / 1.200       ms
[10.976s][info][gc,stats]    Young Subphase: Concurrent Relocate Remset FP                67.938 / 203.790      67.938 / 203.790      67.938 / 203.790      67.938 / 203.790     ms
[10.976s][info][gc,stats]    Young Subphase: Concurrent Roots ClassLoaderDataGraph         0.380 / 0.489         0.380 / 0.489         0.380 / 0.489         0.380 / 0.489       ms
[10.976s][info][gc,stats]    Young Subphase: Concurrent Roots CodeCache                    0.238 / 0.290         0.238 / 0.290         0.238 / 0.290         0.238 / 0.290       ms
[10.976s][info][gc,stats]    Young Subphase: Concurrent Roots JavaThreads                  0.018 / 0.095         0.018 / 0.095         0.018 / 0.095         0.018 / 0.095       ms
[10.976s][info][gc,stats]    Young Subphase: Concurrent Roots OopStorageSet                0.032 / 0.121         0.032 / 0.121         0.032 / 0.121         0.032 / 0.121       ms
[10.976s][info][gc,stats]    Young Subphase: Concurrent Weak Roots OopStorageSet           0.179 / 0.434         0.179 / 0.434         0.179 / 0.434         0.179 / 0.434       ms
[10.976s][info][gc,stats] =========================================================================================================================================================
