
=== Instance 3/8, outer iteration 35/100 (Variant dyn_only) ===

Affinity: allowed=24,25,26,27,28,29,30,31,32,33,34,35 jvm=24,25,26,27,28,29,30,31,32,33 aux=34,35
Benchmark args: <none>
Command: /gorilla/home/fredrha/SimplifyingWeakRefs/build/variant-images/dyn_only-linux-x86_64-server-release/jdk/bin/java -Xms7g -Xmx7g -XX:+UseZGC -Xlog:gc+stats,gc+ref -XX:InitialTenuringThreshold=1 -XX:MaxTenuringThreshold=1 -XX:NativeMemoryTracking=summary /gorilla/home/fredrha/SimplifyingWeakRefs/test/weakrefs/WeakRefSingleObjectBenchmark.java

[0.004s][info][gc,ref] Reference Processor created, Config: Dynamic array
WeakRefSingleObjectBenchmark: weakRefCount=10000000 sleepMillis=500
Phase 1: Allocating the single target object...
Phase 2: Allocating 10000000 WeakReferences in random order...
Allocated 10000000 weak ref holders in 0.82 seconds
Phase 3: Sleeping for 500 ms (strong ref still held)...
Phase 4: Releasing the strong reference to the target object...
Phase 5: Triggering GC...
[4.017s][info][gc,ref] GC(0) O:                       Encountered   Discovered     Enqueued 
[4.017s][info][gc,ref] GC(0) O: Soft References:              238            0            0 
[4.017s][info][gc,ref] GC(0) O: Weak References:          7030286            0            0 
[4.017s][info][gc,ref] GC(0) O: Final References:               0            0            0 
[4.017s][info][gc,ref] GC(0) O: Phantom References:             1            0            0 
[8.070s][info][gc,ref] GC(1) O:                       Encountered   Discovered     Enqueued 
[8.070s][info][gc,ref] GC(1) O: Soft References:              238            0            0 
[8.070s][info][gc,ref] GC(1) O: Weak References:         10001333     10001255     10000330 
[8.070s][info][gc,ref] GC(1) O: Final References:               0            0            0 
[8.070s][info][gc,ref] GC(1) O: Phantom References:             1            1            0 
Phase 6: Checking results...
Alive weak references after GC: 0 / 10000000
[10.904s][info][gc,stats] === Garbage Collection Statistics =======================================================================================================================
[10.904s][info][gc,stats]                                                              Last 10s              Last 10m              Last 10h                Total
[10.904s][info][gc,stats]                                                              Avg / Max             Avg / Max             Avg / Max             Avg / Max
[10.904s][info][gc,stats]        Contention: Mark Segment Reset Contention                     4 / 34                4 / 34                4 / 34                4 / 34          ops/s
[10.904s][info][gc,stats]        Contention: Mark SeqNum Reset Contention                      0 / 2                 0 / 2                 0 / 2                 0 / 2           ops/s
[10.904s][info][gc,stats]          Critical: Allocation Stall                                  0 / 0                 0 / 0                 0 / 0                 0 / 0           ops/s
[10.904s][info][gc,stats]          Critical: Allocation Stall                              0.000 / 0.000         0.000 / 0.000         0.000 / 0.000         0.000 / 0.000       ms
[10.904s][info][gc,stats]          Critical: JNI Critical Stall                                0 / 0                 0 / 0                 0 / 0                 0 / 0           ops/s
[10.904s][info][gc,stats]          Critical: JNI Critical Stall                            0.000 / 0.000         0.000 / 0.000         0.000 / 0.000         0.000 / 0.000       ms
[10.904s][info][gc,stats]          Critical: Relocation Stall                                  0 / 0                 0 / 0                 0 / 0                 0 / 0           ops/s
[10.904s][info][gc,stats]          Critical: Relocation Stall                              0.000 / 0.000         0.000 / 0.000         0.000 / 0.000         0.000 / 0.000       ms
[10.904s][info][gc,stats]  Major Collection: Major Collection                           2389.642 / 4053.395   2389.642 / 4053.395   2389.642 / 4053.395   2389.642 / 4053.395    ms
[10.904s][info][gc,stats]            Memory: Allocation Rate                                 102 / 812             102 / 812             102 / 812             102 / 812         MB/s
[10.904s][info][gc,stats]            Memory: Defragment                                        0 / 0                 0 / 0                 0 / 0                 0 / 0           ops/s
[10.904s][info][gc,stats]            Memory: Mapped Cache Harvest                              0 / 0                 0 / 0                 0 / 0                 0 / 0           MB/s
[10.904s][info][gc,stats]            Memory: Out Of Memory                                     0 / 0                 0 / 0                 0 / 0                 0 / 0           ops/s
[10.904s][info][gc,stats]            Memory: Uncommit                                          0 / 0                 0 / 0                 0 / 0                 0 / 0           MB/s
[10.904s][info][gc,stats]            Memory: Undo Object Allocation Failed                     0 / 0                 0 / 0                 0 / 0                 0 / 0           ops/s
[10.904s][info][gc,stats]            Memory: Undo Object Allocation Succeeded                  0 / 0                 0 / 0                 0 / 0                 0 / 0           ops/s
[10.904s][info][gc,stats]            Memory: Undo Page Allocation                              0 / 0                 0 / 0                 0 / 0                 0 / 0           ops/s
[10.904s][info][gc,stats]  Minor Collection: Minor Collection                              0.000 / 0.000         0.000 / 0.000         0.000 / 0.000         0.000 / 0.000       ms
[10.904s][info][gc,stats]    Old Generation: Old Generation                              848.053 / 1692.863    848.053 / 1692.863    848.053 / 1692.863    848.053 / 1692.863    ms
[10.904s][info][gc,stats]         Old Pause: Pause Mark End                                0.010 / 0.015         0.010 / 0.015         0.010 / 0.015         0.010 / 0.015       ms
[10.904s][info][gc,stats]         Old Pause: Pause Relocate Start                          0.009 / 0.012         0.009 / 0.012         0.009 / 0.012         0.009 / 0.012       ms
[10.904s][info][gc,stats]         Old Phase: Concurrent Mark                             664.343 / 1328.491    664.343 / 1328.491    664.343 / 1328.491    664.343 / 1328.491    ms
[10.904s][info][gc,stats]         Old Phase: Concurrent Mark Continue                      0.000 / 0.000         0.000 / 0.000         0.000 / 0.000         0.000 / 0.000       ms
[10.904s][info][gc,stats]         Old Phase: Concurrent Mark Free                          0.003 / 0.006         0.003 / 0.006         0.003 / 0.006         0.003 / 0.006       ms
[10.904s][info][gc,stats]         Old Phase: Concurrent Process Non-Strong               175.712 / 349.285     175.712 / 349.285     175.712 / 349.285     175.712 / 349.285     ms
[10.904s][info][gc,stats]         Old Phase: Concurrent Relocate                           0.712 / 1.401         0.712 / 1.401         0.712 / 1.401         0.712 / 1.401       ms
[10.904s][info][gc,stats]         Old Phase: Concurrent Remap Roots                        7.033 / 13.407        7.033 / 13.407        7.033 / 13.407        7.033 / 13.407      ms
[10.904s][info][gc,stats]         Old Phase: Concurrent Reset Relocation Set               0.000 / 0.000         0.000 / 0.000         0.000 / 0.000         0.000 / 0.000       ms
[10.904s][info][gc,stats]         Old Phase: Concurrent Select Relocation Set              0.139 / 0.173         0.139 / 0.173         0.139 / 0.173         0.139 / 0.173       ms
[10.904s][info][gc,stats]      Old Subphase: Concurrent Classes Purge                      0.205 / 0.395         0.205 / 0.395         0.205 / 0.395         0.205 / 0.395       ms
[10.904s][info][gc,stats]      Old Subphase: Concurrent Classes Unlink                     1.178 / 1.486         1.178 / 1.486         1.178 / 1.486         1.178 / 1.486       ms
[10.904s][info][gc,stats]      Old Subphase: Concurrent Mark Follow                      664.246 / 1328.408    664.246 / 1328.408    664.246 / 1328.408    664.246 / 1328.408    ms
[10.904s][info][gc,stats]      Old Subphase: Concurrent Mark Root Colored                  0.028 / 0.065         0.028 / 0.065         0.028 / 0.065         0.028 / 0.065       ms
[10.904s][info][gc,stats]      Old Subphase: Concurrent Mark Root Uncolored                0.029 / 0.059         0.029 / 0.059         0.029 / 0.059         0.029 / 0.059       ms
[10.904s][info][gc,stats]      Old Subphase: Concurrent Mark Roots                         0.095 / 0.110         0.095 / 0.110         0.095 / 0.110         0.095 / 0.110       ms
[10.904s][info][gc,stats]      Old Subphase: Concurrent References Enqueue                 0.002 / 0.004         0.002 / 0.004         0.002 / 0.004         0.002 / 0.004       ms
[10.904s][info][gc,stats]      Old Subphase: Concurrent References Process               174.065 / 348.116     174.065 / 348.116     174.065 / 348.116     174.065 / 348.116     ms
[10.904s][info][gc,stats]      Old Subphase: Concurrent Remap Remembered                   6.532 / 13.075        6.532 / 13.075        6.532 / 13.075        6.532 / 13.075      ms
[10.904s][info][gc,stats]      Old Subphase: Concurrent Remap Roots Colored                0.243 / 0.421         0.243 / 0.421         0.243 / 0.421         0.243 / 0.421       ms
[10.904s][info][gc,stats]      Old Subphase: Concurrent Remap Roots Uncolored              0.218 / 0.223         0.218 / 0.223         0.218 / 0.223         0.218 / 0.223       ms
[10.904s][info][gc,stats]      Old Subphase: Concurrent Roots ClassLoaderDataGraph         0.130 / 0.400         0.130 / 0.400         0.130 / 0.400         0.130 / 0.400       ms
[10.904s][info][gc,stats]      Old Subphase: Concurrent Roots CodeCache                    0.217 / 0.221         0.217 / 0.221         0.217 / 0.221         0.217 / 0.221       ms
[10.904s][info][gc,stats]      Old Subphase: Concurrent Roots JavaThreads                  0.012 / 0.058         0.012 / 0.058         0.012 / 0.058         0.012 / 0.058       ms
[10.904s][info][gc,stats]      Old Subphase: Concurrent Roots OopStorageSet                0.004 / 0.013         0.004 / 0.013         0.004 / 0.013         0.004 / 0.013       ms
[10.904s][info][gc,stats]      Old Subphase: Concurrent Weak Roots OopStorageSet           0.061 / 0.172         0.061 / 0.172         0.061 / 0.172         0.061 / 0.172       ms
[10.904s][info][gc,stats]            System: Java Threads                                     12 / 13               12 / 13               12 / 13               12 / 13          threads
[10.904s][info][gc,stats]  Young Generation: Young Generation                            722.539 / 722.539     722.539 / 722.539     722.539 / 722.539     722.539 / 722.539     ms
[10.904s][info][gc,stats]  Young Generation: Young Generation                              0.000 / 0.000         0.000 / 0.000         0.000 / 0.000         0.000 / 0.000       ms
[10.904s][info][gc,stats]  Young Generation: Young Generation (Collect Roots)              1.915 / 1.915         1.915 / 1.915         1.915 / 1.915         1.915 / 1.915       ms
[10.904s][info][gc,stats]  Young Generation: Young Generation (Promote All)             2358.501 / 2358.501   2358.501 / 2358.501   2358.501 / 2358.501   2358.501 / 2358.501    ms
[10.904s][info][gc,stats]       Young Pause: Pause Mark End                                0.011 / 0.014         0.011 / 0.014         0.011 / 0.014         0.011 / 0.014       ms
[10.904s][info][gc,stats]       Young Pause: Pause Mark Start                              0.012 / 0.012         0.012 / 0.012         0.012 / 0.012         0.012 / 0.012       ms
[10.904s][info][gc,stats]       Young Pause: Pause Mark Start (Major)                      0.031 / 0.035         0.031 / 0.035         0.031 / 0.035         0.031 / 0.035       ms
[10.904s][info][gc,stats]       Young Pause: Pause Relocate Start                          0.005 / 0.011         0.005 / 0.011         0.005 / 0.011         0.005 / 0.011       ms
[10.904s][info][gc,stats]       Young Phase: Concurrent Mark                             932.863 / 2077.886    932.863 / 2077.886    932.863 / 2077.886    932.863 / 2077.886    ms
[10.904s][info][gc,stats]       Young Phase: Concurrent Mark Continue                      0.000 / 0.000         0.000 / 0.000         0.000 / 0.000         0.000 / 0.000       ms
[10.904s][info][gc,stats]       Young Phase: Concurrent Mark Free                          0.005 / 0.008         0.005 / 0.008         0.005 / 0.008         0.005 / 0.008       ms
[10.904s][info][gc,stats]       Young Phase: Concurrent Relocate                          61.564 / 182.376      61.564 / 182.376      61.564 / 182.376      61.564 / 182.376     ms
[10.904s][info][gc,stats]       Young Phase: Concurrent Reset Relocation Set               0.045 / 0.130         0.045 / 0.130         0.045 / 0.130         0.045 / 0.130       ms
[10.904s][info][gc,stats]       Young Phase: Concurrent Select Relocation Set             32.970 / 98.080       32.970 / 98.080       32.970 / 98.080       32.970 / 98.080      ms
[10.904s][info][gc,stats]    Young Subphase: Concurrent Mark Follow                      931.967 / 2077.122    931.967 / 2077.122    931.967 / 2077.122    931.967 / 2077.122    ms
[10.904s][info][gc,stats]    Young Subphase: Concurrent Mark Root Colored                  0.605 / 0.865         0.605 / 0.865         0.605 / 0.865         0.605 / 0.865       ms
[10.904s][info][gc,stats]    Young Subphase: Concurrent Mark Root Uncolored                0.253 / 0.352         0.253 / 0.352         0.253 / 0.352         0.253 / 0.352       ms
[10.904s][info][gc,stats]    Young Subphase: Concurrent Mark Roots                         0.894 / 1.262         0.894 / 1.262         0.894 / 1.262         0.894 / 1.262       ms
[10.904s][info][gc,stats]    Young Subphase: Concurrent Relocate Remset FP                60.028 / 180.063      60.028 / 180.063      60.028 / 180.063      60.028 / 180.063     ms
[10.904s][info][gc,stats]    Young Subphase: Concurrent Roots ClassLoaderDataGraph         0.398 / 0.460         0.398 / 0.460         0.398 / 0.460         0.398 / 0.460       ms
[10.904s][info][gc,stats]    Young Subphase: Concurrent Roots CodeCache                    0.215 / 0.289         0.215 / 0.289         0.215 / 0.289         0.215 / 0.289       ms
[10.904s][info][gc,stats]    Young Subphase: Concurrent Roots JavaThreads                  0.020 / 0.106         0.020 / 0.106         0.020 / 0.106         0.020 / 0.106       ms
[10.904s][info][gc,stats]    Young Subphase: Concurrent Roots OopStorageSet                0.058 / 0.150         0.058 / 0.150         0.058 / 0.150         0.058 / 0.150       ms
[10.904s][info][gc,stats]    Young Subphase: Concurrent Weak Roots OopStorageSet           0.161 / 0.366         0.161 / 0.366         0.161 / 0.366         0.161 / 0.366       ms
[10.904s][info][gc,stats] =========================================================================================================================================================
