
=== Instance 5/8, outer iteration 56/100 (Variant dyn_only) ===

Affinity: allowed=0,1,2,3,4,5,6,7,8,9,10,11 jvm=0,1,2,3,4,5,6,7,8,9 aux=10,11
Benchmark args: <none>
Command: /gorilla/home/fredrha/SimplifyingWeakRefs/build/variant-images/dyn_only-linux-x86_64-server-release/jdk/bin/java -Xms7g -Xmx7g -XX:+UseZGC -Xlog:gc+stats,gc+ref -XX:InitialTenuringThreshold=1 -XX:MaxTenuringThreshold=1 -XX:NativeMemoryTracking=summary /gorilla/home/fredrha/SimplifyingWeakRefs/test/weakrefs/WeakRefSingleObjectBenchmark.java

[0.004s][info][gc,ref] Reference Processor created, Config: Dynamic array
WeakRefSingleObjectBenchmark: weakRefCount=10000000 sleepMillis=500
Phase 1: Allocating the single target object...
Phase 2: Allocating 10000000 WeakReferences in random order...
Allocated 10000000 weak ref holders in 0.83 seconds
Phase 3: Sleeping for 500 ms (strong ref still held)...
Phase 4: Releasing the strong reference to the target object...
Phase 5: Triggering GC...
[4.134s][info][gc,ref] GC(0) O:                       Encountered   Discovered     Enqueued 
[4.134s][info][gc,ref] GC(0) O: Soft References:              238            0            0 
[4.134s][info][gc,ref] GC(0) O: Weak References:          7052729            0            0 
[4.134s][info][gc,ref] GC(0) O: Final References:               0            0            0 
[4.134s][info][gc,ref] GC(0) O: Phantom References:             1            0            0 
[6.703s][info][gc,ref] GC(1) O:                       Encountered   Discovered     Enqueued 
[6.703s][info][gc,ref] GC(1) O: Soft References:              238            0            0 
[6.703s][info][gc,ref] GC(1) O: Weak References:         10001333     10001041     10000330 
[6.703s][info][gc,ref] GC(1) O: Final References:               0            0            0 
[6.703s][info][gc,ref] GC(1) O: Phantom References:             1            1            0 
Phase 6: Checking results...
Alive weak references after GC: 0 / 10000000
[9.545s][info][gc,stats] === Garbage Collection Statistics =======================================================================================================================
[9.545s][info][gc,stats]                                                              Last 10s              Last 10m              Last 10h                Total
[9.545s][info][gc,stats]                                                              Avg / Max             Avg / Max             Avg / Max             Avg / Max
[9.545s][info][gc,stats]        Contention: Mark Segment Reset Contention                     5 / 29                5 / 29                5 / 29                5 / 29          ops/s
[9.545s][info][gc,stats]        Contention: Mark SeqNum Reset Contention                      1 / 3                 1 / 3                 1 / 3                 1 / 3           ops/s
[9.545s][info][gc,stats]          Critical: Allocation Stall                                  0 / 0                 0 / 0                 0 / 0                 0 / 0           ops/s
[9.545s][info][gc,stats]          Critical: Allocation Stall                              0.000 / 0.000         0.000 / 0.000         0.000 / 0.000         0.000 / 0.000       ms
[9.545s][info][gc,stats]          Critical: JNI Critical Stall                                0 / 0                 0 / 0                 0 / 0                 0 / 0           ops/s
[9.545s][info][gc,stats]          Critical: JNI Critical Stall                            0.000 / 0.000         0.000 / 0.000         0.000 / 0.000         0.000 / 0.000       ms
[9.545s][info][gc,stats]          Critical: Relocation Stall                                  0 / 0                 0 / 0                 0 / 0                 0 / 0           ops/s
[9.545s][info][gc,stats]          Critical: Relocation Stall                              0.000 / 0.000         0.000 / 0.000         0.000 / 0.000         0.000 / 0.000       ms
[9.545s][info][gc,stats]  Major Collection: Major Collection                           1648.217 / 2568.358   1648.217 / 2568.358   1648.217 / 2568.358   1648.217 / 2568.358    ms
[9.545s][info][gc,stats]            Memory: Allocation Rate                                 132 / 826             132 / 826             132 / 826             132 / 826         MB/s
[9.545s][info][gc,stats]            Memory: Defragment                                        0 / 0                 0 / 0                 0 / 0                 0 / 0           ops/s
[9.545s][info][gc,stats]            Memory: Mapped Cache Harvest                              0 / 0                 0 / 0                 0 / 0                 0 / 0           MB/s
[9.545s][info][gc,stats]            Memory: Out Of Memory                                     0 / 0                 0 / 0                 0 / 0                 0 / 0           ops/s
[9.545s][info][gc,stats]            Memory: Uncommit                                          0 / 0                 0 / 0                 0 / 0                 0 / 0           MB/s
[9.545s][info][gc,stats]            Memory: Undo Object Allocation Failed                     0 / 0                 0 / 0                 0 / 0                 0 / 0           ops/s
[9.545s][info][gc,stats]            Memory: Undo Object Allocation Succeeded                  0 / 0                 0 / 0                 0 / 0                 0 / 0           ops/s
[9.545s][info][gc,stats]            Memory: Undo Page Allocation                              0 / 0                 0 / 0                 0 / 0                 0 / 0           ops/s
[9.545s][info][gc,stats]  Minor Collection: Minor Collection                              0.000 / 0.000         0.000 / 0.000         0.000 / 0.000         0.000 / 0.000       ms
[9.545s][info][gc,stats]    Old Generation: Old Generation                              666.822 / 1330.809    666.822 / 1330.809    666.822 / 1330.809    666.822 / 1330.809    ms
[9.545s][info][gc,stats]         Old Pause: Pause Mark End                                0.009 / 0.014         0.009 / 0.014         0.009 / 0.014         0.009 / 0.014       ms
[9.545s][info][gc,stats]         Old Pause: Pause Relocate Start                          0.011 / 0.011         0.011 / 0.011         0.011 / 0.011         0.011 / 0.011       ms
[9.545s][info][gc,stats]         Old Phase: Concurrent Mark                             506.005 / 1011.823    506.005 / 1011.823    506.005 / 1011.823    506.005 / 1011.823    ms
[9.545s][info][gc,stats]         Old Phase: Concurrent Mark Continue                      0.000 / 0.000         0.000 / 0.000         0.000 / 0.000         0.000 / 0.000       ms
[9.545s][info][gc,stats]         Old Phase: Concurrent Mark Free                          0.001 / 0.002         0.001 / 0.002         0.001 / 0.002         0.001 / 0.002       ms
[9.545s][info][gc,stats]         Old Phase: Concurrent Process Non-Strong               151.715 / 301.688     151.715 / 301.688     151.715 / 301.688     151.715 / 301.688     ms
[9.545s][info][gc,stats]         Old Phase: Concurrent Relocate                           0.596 / 1.173         0.596 / 1.173         0.596 / 1.173         0.596 / 1.173       ms
[9.545s][info][gc,stats]         Old Phase: Concurrent Remap Roots                        8.215 / 15.854        8.215 / 15.854        8.215 / 15.854        8.215 / 15.854      ms
[9.545s][info][gc,stats]         Old Phase: Concurrent Reset Relocation Set               0.000 / 0.000         0.000 / 0.000         0.000 / 0.000         0.000 / 0.000       ms
[9.545s][info][gc,stats]         Old Phase: Concurrent Select Relocation Set              0.172 / 0.236         0.172 / 0.236         0.172 / 0.236         0.172 / 0.236       ms
[9.545s][info][gc,stats]      Old Subphase: Concurrent Classes Purge                      0.147 / 0.279         0.147 / 0.279         0.147 / 0.279         0.147 / 0.279       ms
[9.545s][info][gc,stats]      Old Subphase: Concurrent Classes Unlink                     0.976 / 1.202         0.976 / 1.202         0.976 / 1.202         0.976 / 1.202       ms
[9.545s][info][gc,stats]      Old Subphase: Concurrent Mark Follow                      505.920 / 1011.751    505.920 / 1011.751    505.920 / 1011.751    505.920 / 1011.751    ms
[9.545s][info][gc,stats]      Old Subphase: Concurrent Mark Root Colored                  0.027 / 0.055         0.027 / 0.055         0.027 / 0.055         0.027 / 0.055       ms
[9.545s][info][gc,stats]      Old Subphase: Concurrent Mark Root Uncolored                0.024 / 0.054         0.024 / 0.054         0.024 / 0.054         0.024 / 0.054       ms
[9.545s][info][gc,stats]      Old Subphase: Concurrent Mark Roots                         0.083 / 0.096         0.083 / 0.096         0.083 / 0.096         0.083 / 0.096       ms
[9.545s][info][gc,stats]      Old Subphase: Concurrent References Enqueue                 0.003 / 0.005         0.003 / 0.005         0.003 / 0.005         0.003 / 0.005       ms
[9.545s][info][gc,stats]      Old Subphase: Concurrent References Process               150.349 / 300.690     150.349 / 300.690     150.349 / 300.690     150.349 / 300.690     ms
[9.545s][info][gc,stats]      Old Subphase: Concurrent Remap Remembered                   7.770 / 15.574        7.770 / 15.574        7.770 / 15.574        7.770 / 15.574      ms
[9.545s][info][gc,stats]      Old Subphase: Concurrent Remap Roots Colored                0.233 / 0.410         0.233 / 0.410         0.233 / 0.410         0.233 / 0.410       ms
[9.545s][info][gc,stats]      Old Subphase: Concurrent Remap Roots Uncolored              0.169 / 0.188         0.169 / 0.188         0.169 / 0.188         0.169 / 0.188       ms
[9.545s][info][gc,stats]      Old Subphase: Concurrent Roots ClassLoaderDataGraph         0.124 / 0.389         0.124 / 0.389         0.124 / 0.389         0.124 / 0.389       ms
[9.545s][info][gc,stats]      Old Subphase: Concurrent Roots CodeCache                    0.167 / 0.186         0.167 / 0.186         0.167 / 0.186         0.167 / 0.186       ms
[9.545s][info][gc,stats]      Old Subphase: Concurrent Roots JavaThreads                  0.009 / 0.054         0.009 / 0.054         0.009 / 0.054         0.009 / 0.054       ms
[9.545s][info][gc,stats]      Old Subphase: Concurrent Roots OopStorageSet                0.004 / 0.012         0.004 / 0.012         0.004 / 0.012         0.004 / 0.012       ms
[9.545s][info][gc,stats]      Old Subphase: Concurrent Weak Roots OopStorageSet           0.064 / 0.199         0.064 / 0.199         0.064 / 0.199         0.064 / 0.199       ms
[9.545s][info][gc,stats]            System: Java Threads                                     12 / 13               12 / 13               12 / 13               12 / 13          threads
[9.545s][info][gc,stats]  Young Generation: Young Generation                            725.119 / 725.119     725.119 / 725.119     725.119 / 725.119     725.119 / 725.119     ms
[9.545s][info][gc,stats]  Young Generation: Young Generation                              0.000 / 0.000         0.000 / 0.000         0.000 / 0.000         0.000 / 0.000       ms
[9.545s][info][gc,stats]  Young Generation: Young Generation (Collect Roots)              1.818 / 1.818         1.818 / 1.818         1.818 / 1.818         1.818 / 1.818       ms
[9.545s][info][gc,stats]  Young Generation: Young Generation (Promote All)             1235.594 / 1235.594   1235.594 / 1235.594   1235.594 / 1235.594   1235.594 / 1235.594    ms
[9.545s][info][gc,stats]       Young Pause: Pause Mark End                                0.011 / 0.013         0.011 / 0.013         0.011 / 0.013         0.011 / 0.013       ms
[9.545s][info][gc,stats]       Young Pause: Pause Mark Start                              0.012 / 0.012         0.012 / 0.012         0.012 / 0.012         0.012 / 0.012       ms
[9.545s][info][gc,stats]       Young Pause: Pause Mark Start (Major)                      0.029 / 0.032         0.029 / 0.032         0.029 / 0.032         0.029 / 0.032       ms
[9.545s][info][gc,stats]       Young Pause: Pause Relocate Start                          0.006 / 0.012         0.006 / 0.012         0.006 / 0.012         0.006 / 0.012       ms
[9.545s][info][gc,stats]       Young Phase: Concurrent Mark                             558.875 / 953.280     558.875 / 953.280     558.875 / 953.280     558.875 / 953.280     ms
[9.545s][info][gc,stats]       Young Phase: Concurrent Mark Continue                      0.000 / 0.000         0.000 / 0.000         0.000 / 0.000         0.000 / 0.000       ms
[9.545s][info][gc,stats]       Young Phase: Concurrent Mark Free                          0.002 / 0.003         0.002 / 0.003         0.002 / 0.003         0.002 / 0.003       ms
[9.545s][info][gc,stats]       Young Phase: Concurrent Relocate                          62.268 / 184.503      62.268 / 184.503      62.268 / 184.503      62.268 / 184.503     ms
[9.545s][info][gc,stats]       Young Phase: Concurrent Reset Relocation Set               0.041 / 0.120         0.041 / 0.120         0.041 / 0.120         0.041 / 0.120       ms
[9.545s][info][gc,stats]       Young Phase: Concurrent Select Relocation Set             32.797 / 97.645       32.797 / 97.645       32.797 / 97.645       32.797 / 97.645      ms
[9.545s][info][gc,stats]    Young Subphase: Concurrent Mark Follow                      558.033 / 952.587     558.033 / 952.587     558.033 / 952.587     558.033 / 952.587     ms
[9.545s][info][gc,stats]    Young Subphase: Concurrent Mark Root Colored                  0.564 / 0.889         0.564 / 0.889         0.564 / 0.889         0.564 / 0.889       ms
[9.545s][info][gc,stats]    Young Subphase: Concurrent Mark Root Uncolored                0.240 / 0.348         0.240 / 0.348         0.240 / 0.348         0.240 / 0.348       ms
[9.545s][info][gc,stats]    Young Subphase: Concurrent Mark Roots                         0.841 / 1.297         0.841 / 1.297         0.841 / 1.297         0.841 / 1.297       ms
[9.545s][info][gc,stats]    Young Subphase: Concurrent Relocate Remset FP                60.940 / 182.801      60.940 / 182.801      60.940 / 182.801      60.940 / 182.801     ms
[9.545s][info][gc,stats]    Young Subphase: Concurrent Roots ClassLoaderDataGraph         0.362 / 0.464         0.362 / 0.464         0.362 / 0.464         0.362 / 0.464       ms
[9.545s][info][gc,stats]    Young Subphase: Concurrent Roots CodeCache                    0.203 / 0.296         0.203 / 0.296         0.203 / 0.296         0.203 / 0.296       ms
[9.545s][info][gc,stats]    Young Subphase: Concurrent Roots JavaThreads                  0.019 / 0.093         0.019 / 0.093         0.019 / 0.093         0.019 / 0.093       ms
[9.545s][info][gc,stats]    Young Subphase: Concurrent Roots OopStorageSet                0.053 / 0.138         0.053 / 0.138         0.053 / 0.138         0.053 / 0.138       ms
[9.545s][info][gc,stats]    Young Subphase: Concurrent Weak Roots OopStorageSet           0.160 / 0.379         0.160 / 0.379         0.160 / 0.379         0.160 / 0.379       ms
[9.545s][info][gc,stats] =========================================================================================================================================================
