
=== Instance 7/8, outer iteration 80/100 (Variant weak_fields) ===

Affinity: allowed=24,25,26,27,28,29,30,31,32,33,34,35 jvm=24,25,26,27,28,29,30,31,32,33 aux=34,35
Benchmark args: <none>
Command: /gorilla/home/fredrha/SimplifyingWeakRefs/build/variant-images/weak_fields-linux-x86_64-server-release/jdk/bin/java -Xms8g -Xmx8g -XX:+UseZGC -Xlog:gc+stats,gc+ref -XX:InitialTenuringThreshold=1 -XX:MaxTenuringThreshold=1 -XX:ZCollectionIntervalMajor=0.5 -XX:+ZCollectionIntervalOnly -XX:NativeMemoryTracking=summary /gorilla/home/fredrha/SimplifyingWeakRefs/test/weakrefs/WeakFieldSingleObjectBenchmark.java

[0.004s][info][gc,ref] Reference Processor created, Config: Weak field discovery
[1.931s][info][gc,ref] GC(0) O:                       Encountered   Discovered      Cleared 
[1.931s][info][gc,ref] GC(0) O: Soft References:                0            0            0 
[1.931s][info][gc,ref] GC(0) O: Weak References:                0            0            0 
[1.931s][info][gc,ref] GC(0) O: Weak Fields:                    0            0            0 
[1.931s][info][gc,ref] GC(0) O: Final References:               0            0            0 
[1.931s][info][gc,ref] GC(0) O: Phantom References:             0            0            0 
[2.442s][info][gc,ref] GC(1) O:                       Encountered   Discovered      Cleared 
[2.442s][info][gc,ref] GC(1) O: Soft References:              148            0            0 
[2.442s][info][gc,ref] GC(1) O: Weak References:              608            0            0 
[2.442s][info][gc,ref] GC(1) O: Weak Fields:                    0            0            0 
[2.442s][info][gc,ref] GC(1) O: Final References:               0            0            0 
[2.442s][info][gc,ref] GC(1) O: Phantom References:             1            0            0 
[2.961s][info][gc,ref] GC(2) O:                       Encountered   Discovered      Cleared 
[2.961s][info][gc,ref] GC(2) O: Soft References:              148            0            0 
[2.961s][info][gc,ref] GC(2) O: Weak References:              608            0            0 
[2.961s][info][gc,ref] GC(2) O: Weak Fields:                    0            0            0 
[2.961s][info][gc,ref] GC(2) O: Final References:               0            0            0 
[2.961s][info][gc,ref] GC(2) O: Phantom References:             1            0            0 
WeakFieldSingleObjectBenchmark: weakRefCount=10000000 sleepMillis=500
Phase 1: Allocating the single target object...
Phase 2: Allocating 10000000 weak holders in random order...
Allocated 10000000 weak holders in 0.40 seconds
Phase 3: Sleeping for 500 ms (strong ref still held)...
Phase 4: Releasing the strong reference to the target object...
Phase 5: Triggering GC...
[4.248s][info][gc,ref] GC(3) O:                       Encountered   Discovered      Cleared 
[4.248s][info][gc,ref] GC(3) O: Soft References:              239            0            0 
[4.248s][info][gc,ref] GC(3) O: Weak References:             1339          351          129 
[4.248s][info][gc,ref] GC(3) O: Weak Fields:              5190027            0            0 
[4.248s][info][gc,ref] GC(3) O: Final References:               0            0            0 
[4.248s][info][gc,ref] GC(3) O: Phantom References:             1            1            0 
[6.390s][info][gc,ref] GC(4) O:                       Encountered   Discovered      Cleared 
[6.390s][info][gc,ref] GC(4) O: Soft References:              238            0            0 
[6.390s][info][gc,ref] GC(4) O: Weak References:             1210          290          203 
[6.390s][info][gc,ref] GC(4) O: Weak Fields:             10000000     10000000     10000000 
[6.390s][info][gc,ref] GC(4) O: Final References:               0            0            0 
[6.390s][info][gc,ref] GC(4) O: Phantom References:             1            0            0 
[8.150s][info][gc,ref] GC(5) O:                       Encountered   Discovered      Cleared 
[8.150s][info][gc,ref] GC(5) O: Soft References:              238            0            0 
[8.150s][info][gc,ref] GC(5) O: Weak References:             1007          139            0 
[8.150s][info][gc,ref] GC(5) O: Weak Fields:             10000000            0            0 
[8.150s][info][gc,ref] GC(5) O: Final References:               0            0            0 
[8.150s][info][gc,ref] GC(5) O: Phantom References:             1            0            0 
Phase 6: Checking results...
Alive weak holders after GC: 0 / 10000000
[9.094s][info][gc,stats] === Garbage Collection Statistics =======================================================================================================================
[9.094s][info][gc,stats]                                                              Last 10s              Last 10m              Last 10h                Total
[9.094s][info][gc,stats]                                                              Avg / Max             Avg / Max             Avg / Max             Avg / Max
[9.094s][info][gc,stats]        Contention: Mark Segment Reset Contention                     4 / 14                4 / 14                4 / 14                4 / 14          ops/s
[9.094s][info][gc,stats]        Contention: Mark SeqNum Reset Contention                      1 / 4                 1 / 4                 1 / 4                 1 / 4           ops/s
[9.094s][info][gc,stats]          Critical: Allocation Stall                                  0 / 0                 0 / 0                 0 / 0                 0 / 0           ops/s
[9.094s][info][gc,stats]          Critical: Allocation Stall                              0.000 / 0.000         0.000 / 0.000         0.000 / 0.000         0.000 / 0.000       ms
[9.094s][info][gc,stats]          Critical: JNI Critical Stall                                0 / 0                 0 / 0                 0 / 0                 0 / 0           ops/s
[9.094s][info][gc,stats]          Critical: JNI Critical Stall                            0.000 / 0.000         0.000 / 0.000         0.000 / 0.000         0.000 / 0.000       ms
[9.094s][info][gc,stats]          Critical: Relocation Stall                                  0 / 0                 0 / 0                 0 / 0                 0 / 0           ops/s
[9.094s][info][gc,stats]          Critical: Relocation Stall                              0.000 / 0.000         0.000 / 0.000         0.000 / 0.000         0.000 / 0.000       ms
[9.094s][info][gc,stats]  Major Collection: Major Collection                            701.648 / 2142.817    701.648 / 2142.817    701.648 / 2142.817    701.648 / 2142.817    ms
[9.094s][info][gc,stats]            Memory: Allocation Rate                                  74 / 424              74 / 424              74 / 424              74 / 424         MB/s
[9.094s][info][gc,stats]            Memory: Defragment                                        0 / 0                 0 / 0                 0 / 0                 0 / 0           ops/s
[9.094s][info][gc,stats]            Memory: Mapped Cache Harvest                              0 / 0                 0 / 0                 0 / 0                 0 / 0           MB/s
[9.094s][info][gc,stats]            Memory: Out Of Memory                                     0 / 0                 0 / 0                 0 / 0                 0 / 0           ops/s
[9.094s][info][gc,stats]            Memory: Uncommit                                          0 / 0                 0 / 0                 0 / 0                 0 / 0           MB/s
[9.094s][info][gc,stats]            Memory: Undo Object Allocation Failed                     0 / 0                 0 / 0                 0 / 0                 0 / 0           ops/s
[9.094s][info][gc,stats]            Memory: Undo Object Allocation Succeeded                  0 / 1                 0 / 1                 0 / 1                 0 / 1           ops/s
[9.094s][info][gc,stats]            Memory: Undo Page Allocation                              0 / 0                 0 / 0                 0 / 0                 0 / 0           ops/s
[9.094s][info][gc,stats]  Minor Collection: Minor Collection                              0.000 / 0.000         0.000 / 0.000         0.000 / 0.000         0.000 / 0.000       ms
[9.094s][info][gc,stats]    Old Generation: Old Generation                              399.868 / 1254.474    399.868 / 1254.474    399.868 / 1254.474    399.868 / 1254.474    ms
[9.094s][info][gc,stats]         Old Pause: Pause Mark End                                0.008 / 0.015         0.008 / 0.015         0.008 / 0.015         0.008 / 0.015       ms
[9.094s][info][gc,stats]         Old Pause: Pause Relocate Start                          0.005 / 0.011         0.005 / 0.011         0.005 / 0.011         0.005 / 0.011       ms
[9.094s][info][gc,stats]         Old Phase: Concurrent Mark                             358.568 / 1250.443    358.568 / 1250.443    358.568 / 1250.443    358.568 / 1250.443    ms
[9.094s][info][gc,stats]         Old Phase: Concurrent Mark Continue                      0.000 / 0.000         0.000 / 0.000         0.000 / 0.000         0.000 / 0.000       ms
[9.094s][info][gc,stats]         Old Phase: Concurrent Mark Free                          0.003 / 0.004         0.003 / 0.004         0.003 / 0.004         0.003 / 0.004       ms
[9.094s][info][gc,stats]         Old Phase: Concurrent Process Non-Strong                39.864 / 234.213      39.864 / 234.213      39.864 / 234.213      39.864 / 234.213     ms
[9.094s][info][gc,stats]         Old Phase: Concurrent Relocate                           0.715 / 1.718         0.715 / 1.718         0.715 / 1.718         0.715 / 1.718       ms
[9.094s][info][gc,stats]         Old Phase: Concurrent Remap Roots                        0.439 / 0.741         0.439 / 0.741         0.439 / 0.741         0.439 / 0.741       ms
[9.094s][info][gc,stats]         Old Phase: Concurrent Reset Relocation Set               0.001 / 0.002         0.001 / 0.002         0.001 / 0.002         0.001 / 0.002       ms
[9.094s][info][gc,stats]         Old Phase: Concurrent Select Relocation Set              0.188 / 0.338         0.188 / 0.338         0.188 / 0.338         0.188 / 0.338       ms
[9.094s][info][gc,stats]      Old Subphase: Concurrent Classes Purge                      0.077 / 0.223         0.077 / 0.223         0.077 / 0.223         0.077 / 0.223       ms
[9.094s][info][gc,stats]      Old Subphase: Concurrent Classes Unlink                     0.767 / 1.384         0.767 / 1.384         0.767 / 1.384         0.767 / 1.384       ms
[9.094s][info][gc,stats]      Old Subphase: Concurrent Mark Follow                      358.500 / 1250.384    358.500 / 1250.384    358.500 / 1250.384    358.500 / 1250.384    ms
[9.094s][info][gc,stats]      Old Subphase: Concurrent Mark Root Colored                  0.018 / 0.056         0.018 / 0.056         0.018 / 0.056         0.018 / 0.056       ms
[9.094s][info][gc,stats]      Old Subphase: Concurrent Mark Root Uncolored                0.022 / 0.061         0.022 / 0.061         0.022 / 0.061         0.022 / 0.061       ms
[9.094s][info][gc,stats]      Old Subphase: Concurrent Mark Roots                         0.066 / 0.094         0.066 / 0.094         0.066 / 0.094         0.066 / 0.094       ms
[9.094s][info][gc,stats]      Old Subphase: Concurrent References Enqueue                 0.001 / 0.003         0.001 / 0.003         0.001 / 0.003         0.001 / 0.003       ms
[9.095s][info][gc,stats]      Old Subphase: Concurrent References Process                38.864 / 233.066      38.864 / 233.066      38.864 / 233.066      38.864 / 233.066     ms
[9.095s][info][gc,stats]      Old Subphase: Concurrent Remap Remembered                   0.108 / 0.471         0.108 / 0.471         0.108 / 0.471         0.108 / 0.471       ms
[9.095s][info][gc,stats]      Old Subphase: Concurrent Remap Roots Colored                0.130 / 0.258         0.130 / 0.258         0.130 / 0.258         0.130 / 0.258       ms
[9.095s][info][gc,stats]      Old Subphase: Concurrent Remap Roots Uncolored              0.137 / 0.240         0.137 / 0.240         0.137 / 0.240         0.137 / 0.240       ms
[9.095s][info][gc,stats]      Old Subphase: Concurrent Roots ClassLoaderDataGraph         0.076 / 0.249         0.076 / 0.249         0.076 / 0.249         0.076 / 0.249       ms
[9.095s][info][gc,stats]      Old Subphase: Concurrent Roots CodeCache                    0.136 / 0.237         0.136 / 0.237         0.136 / 0.237         0.136 / 0.237       ms
[9.095s][info][gc,stats]      Old Subphase: Concurrent Roots JavaThreads                  0.009 / 0.061         0.009 / 0.061         0.009 / 0.061         0.009 / 0.061       ms
[9.095s][info][gc,stats]      Old Subphase: Concurrent Roots OopStorageSet                0.003 / 0.013         0.003 / 0.013         0.003 / 0.013         0.003 / 0.013       ms
[9.095s][info][gc,stats]      Old Subphase: Concurrent Weak Roots OopStorageSet           0.038 / 0.110         0.038 / 0.110         0.038 / 0.110         0.038 / 0.110       ms
[9.095s][info][gc,stats]            System: Java Threads                                     10 / 13               10 / 13               10 / 13               10 / 13          threads
[9.095s][info][gc,stats]  Young Generation: Young Generation                            132.754 / 770.025     132.754 / 770.025     132.754 / 770.025     132.754 / 770.025     ms
[9.095s][info][gc,stats]  Young Generation: Young Generation                              0.000 / 0.000         0.000 / 0.000         0.000 / 0.000         0.000 / 0.000       ms
[9.095s][info][gc,stats]  Young Generation: Young Generation (Collect Roots)              1.541 / 1.541         1.541 / 1.541         1.541 / 1.541         1.541 / 1.541       ms
[9.095s][info][gc,stats]  Young Generation: Young Generation (Promote All)             1014.072 / 1014.072   1014.072 / 1014.072   1014.072 / 1014.072   1014.072 / 1014.072    ms
[9.095s][info][gc,stats]       Young Pause: Pause Mark End                                0.008 / 0.014         0.008 / 0.014         0.008 / 0.014         0.008 / 0.014       ms
[9.095s][info][gc,stats]       Young Pause: Pause Mark Start                              0.012 / 0.012         0.012 / 0.012         0.012 / 0.012         0.012 / 0.012       ms
[9.095s][info][gc,stats]       Young Pause: Pause Mark Start (Major)                      0.025 / 0.032         0.025 / 0.032         0.025 / 0.032         0.025 / 0.032       ms
[9.095s][info][gc,stats]       Young Pause: Pause Relocate Start                          0.004 / 0.011         0.004 / 0.011         0.004 / 0.011         0.004 / 0.011       ms
[9.095s][info][gc,stats]       Young Phase: Concurrent Mark                             206.713 / 867.000     206.713 / 867.000     206.713 / 867.000     206.713 / 867.000     ms
[9.095s][info][gc,stats]       Young Phase: Concurrent Mark Continue                      0.000 / 0.000         0.000 / 0.000         0.000 / 0.000         0.000 / 0.000       ms
[9.095s][info][gc,stats]       Young Phase: Concurrent Mark Free                          0.003 / 0.006         0.003 / 0.006         0.003 / 0.006         0.003 / 0.006       ms
[9.095s][info][gc,stats]       Young Phase: Concurrent Relocate                          13.222 / 99.763       13.222 / 99.763       13.222 / 99.763       13.222 / 99.763      ms
[9.095s][info][gc,stats]       Young Phase: Concurrent Reset Relocation Set               0.008 / 0.054         0.008 / 0.054         0.008 / 0.054         0.008 / 0.054       ms
[9.095s][info][gc,stats]       Young Phase: Concurrent Select Relocation Set              6.325 / 47.138        6.325 / 47.138        6.325 / 47.138        6.325 / 47.138      ms
[9.095s][info][gc,stats]    Young Subphase: Concurrent Mark Follow                      205.933 / 866.218     205.933 / 866.218     205.933 / 866.218     205.933 / 866.218     ms
[9.095s][info][gc,stats]    Young Subphase: Concurrent Mark Root Colored                  0.463 / 0.645         0.463 / 0.645         0.463 / 0.645         0.463 / 0.645       ms
[9.095s][info][gc,stats]    Young Subphase: Concurrent Mark Root Uncolored                0.245 / 0.315         0.245 / 0.315         0.245 / 0.315         0.245 / 0.315       ms
[9.095s][info][gc,stats]    Young Subphase: Concurrent Mark Roots                         0.777 / 0.953         0.777 / 0.953         0.777 / 0.953         0.777 / 0.953       ms
[9.095s][info][gc,stats]    Young Subphase: Concurrent Relocate Remset FP                12.559 / 98.724       12.559 / 98.724       12.559 / 98.724       12.559 / 98.724      ms
[9.095s][info][gc,stats]    Young Subphase: Concurrent Roots ClassLoaderDataGraph         0.333 / 0.573         0.333 / 0.573         0.333 / 0.573         0.333 / 0.573       ms
[9.095s][info][gc,stats]    Young Subphase: Concurrent Roots CodeCache                    0.218 / 0.293         0.218 / 0.293         0.218 / 0.293         0.218 / 0.293       ms
[9.095s][info][gc,stats]    Young Subphase: Concurrent Roots JavaThreads                  0.028 / 0.291         0.028 / 0.291         0.028 / 0.291         0.028 / 0.291       ms
[9.095s][info][gc,stats]    Young Subphase: Concurrent Roots OopStorageSet                0.020 / 0.137         0.020 / 0.137         0.020 / 0.137         0.020 / 0.137       ms
[9.095s][info][gc,stats]    Young Subphase: Concurrent Weak Roots OopStorageSet           0.114 / 0.244         0.114 / 0.244         0.114 / 0.244         0.114 / 0.244       ms
[9.095s][info][gc,stats] =========================================================================================================================================================
