
=== Instance 8/8, outer iteration 96/100 (Variant sep_only) ===

Affinity: allowed=36,37,38,39,40,41,42,43,44,45,46,47 jvm=36,37,38,39,40,41,42,43,44,45 aux=46,47
Benchmark args: <none>
Command: /gorilla/home/fredrha/SimplifyingWeakRefs/build/variant-images/sep_only-linux-x86_64-server-release/jdk/bin/java -Xms7g -Xmx7g -XX:+UseZGC -Xlog:gc+stats,gc+ref -XX:InitialTenuringThreshold=1 -XX:MaxTenuringThreshold=1 -XX:NativeMemoryTracking=summary /gorilla/home/fredrha/SimplifyingWeakRefs/test/weakrefs/WeakRefSingleObjectBenchmark.java

[0.004s][info][gc,ref] Reference Processor created, Config: Separate list
WeakRefSingleObjectBenchmark: weakRefCount=10000000 sleepMillis=500
Phase 1: Allocating the single target object...
Phase 2: Allocating 10000000 WeakReferences in random order...
Allocated 10000000 weak ref holders in 0.81 seconds
Phase 3: Sleeping for 500 ms (strong ref still held)...
Phase 4: Releasing the strong reference to the target object...
Phase 5: Triggering GC...
[4.421s][info][gc,ref] GC(0) O:                           Encountered       Discovered Cleared/Enqueued 
[4.421s][info][gc,ref] GC(0) O: Soft References:                  238                0                0 
[4.421s][info][gc,ref] GC(0) O: Weak References:                 1330                0                0 
[4.421s][info][gc,ref] GC(0) O: Weak (No Queue):              7055933                0                0 
[4.421s][info][gc,ref] GC(0) O: Final References:                   0                0                0 
[4.421s][info][gc,ref] GC(0) O: Phantom References:                 1                0                0 
[7.604s][info][gc,ref] GC(1) O:                           Encountered       Discovered Cleared/Enqueued 
[7.604s][info][gc,ref] GC(1) O: Soft References:                  238                0                0 
[7.604s][info][gc,ref] GC(1) O: Weak References:                 1330             1135              330 
[7.604s][info][gc,ref] GC(1) O: Weak (No Queue):             10000003         10000000         10000000 
[7.604s][info][gc,ref] GC(1) O: Final References:                   0                0                0 
[7.604s][info][gc,ref] GC(1) O: Phantom References:                 1                0                0 
Phase 6: Checking results...
Alive weak references after GC: 0 / 10000000
[10.436s][info][gc,stats] === Garbage Collection Statistics =======================================================================================================================
[10.436s][info][gc,stats]                                                              Last 10s              Last 10m              Last 10h                Total
[10.436s][info][gc,stats]                                                              Avg / Max             Avg / Max             Avg / Max             Avg / Max
[10.436s][info][gc,stats]        Contention: Mark Segment Reset Contention                     5 / 44                5 / 44                5 / 44                5 / 44          ops/s
[10.436s][info][gc,stats]        Contention: Mark SeqNum Reset Contention                      0 / 6                 0 / 6                 0 / 6                 0 / 6           ops/s
[10.436s][info][gc,stats]          Critical: Allocation Stall                                  0 / 0                 0 / 0                 0 / 0                 0 / 0           ops/s
[10.436s][info][gc,stats]          Critical: Allocation Stall                              0.000 / 0.000         0.000 / 0.000         0.000 / 0.000         0.000 / 0.000       ms
[10.436s][info][gc,stats]          Critical: JNI Critical Stall                                0 / 0                 0 / 0                 0 / 0                 0 / 0           ops/s
[10.436s][info][gc,stats]          Critical: JNI Critical Stall                            0.000 / 0.000         0.000 / 0.000         0.000 / 0.000         0.000 / 0.000       ms
[10.436s][info][gc,stats]          Critical: Relocation Stall                                  0 / 0                 0 / 0                 0 / 0                 0 / 0           ops/s
[10.436s][info][gc,stats]          Critical: Relocation Stall                              0.000 / 0.000         0.000 / 0.000         0.000 / 0.000         0.000 / 0.000       ms
[10.436s][info][gc,stats]  Major Collection: Major Collection                           1957.227 / 3182.620   1957.227 / 3182.620   1957.227 / 3182.620   1957.227 / 3182.620    ms
[10.436s][info][gc,stats]            Memory: Allocation Rate                                 115 / 602             115 / 602             115 / 602             115 / 602         MB/s
[10.436s][info][gc,stats]            Memory: Defragment                                        0 / 0                 0 / 0                 0 / 0                 0 / 0           ops/s
[10.436s][info][gc,stats]            Memory: Mapped Cache Harvest                              0 / 0                 0 / 0                 0 / 0                 0 / 0           MB/s
[10.436s][info][gc,stats]            Memory: Out Of Memory                                     0 / 0                 0 / 0                 0 / 0                 0 / 0           ops/s
[10.436s][info][gc,stats]            Memory: Uncommit                                          0 / 0                 0 / 0                 0 / 0                 0 / 0           MB/s
[10.436s][info][gc,stats]            Memory: Undo Object Allocation Failed                     0 / 0                 0 / 0                 0 / 0                 0 / 0           ops/s
[10.436s][info][gc,stats]            Memory: Undo Object Allocation Succeeded                  0 / 0                 0 / 0                 0 / 0                 0 / 0           ops/s
[10.436s][info][gc,stats]            Memory: Undo Page Allocation                              0 / 0                 0 / 0                 0 / 0                 0 / 0           ops/s
[10.436s][info][gc,stats]  Minor Collection: Minor Collection                              0.000 / 0.000         0.000 / 0.000         0.000 / 0.000         0.000 / 0.000       ms
[10.436s][info][gc,stats]    Old Generation: Old Generation                              972.165 / 1941.223    972.165 / 1941.223    972.165 / 1941.223    972.165 / 1941.223    ms
[10.436s][info][gc,stats]         Old Pause: Pause Mark End                                0.010 / 0.015         0.010 / 0.015         0.010 / 0.015         0.010 / 0.015       ms
[10.436s][info][gc,stats]         Old Pause: Pause Relocate Start                          0.010 / 0.014         0.010 / 0.014         0.010 / 0.014         0.010 / 0.014       ms
[10.436s][info][gc,stats]         Old Phase: Concurrent Mark                             706.693 / 1413.197    706.693 / 1413.197    706.693 / 1413.197    706.693 / 1413.197    ms
[10.436s][info][gc,stats]         Old Phase: Concurrent Mark Continue                      0.000 / 0.000         0.000 / 0.000         0.000 / 0.000         0.000 / 0.000       ms
[10.436s][info][gc,stats]         Old Phase: Concurrent Mark Free                          0.002 / 0.004         0.002 / 0.004         0.002 / 0.004         0.002 / 0.004       ms
[10.436s][info][gc,stats]         Old Phase: Concurrent Process Non-Strong               257.417 / 512.830     257.417 / 512.830     257.417 / 512.830     257.417 / 512.830     ms
[10.436s][info][gc,stats]         Old Phase: Concurrent Relocate                           0.765 / 1.505         0.765 / 1.505         0.765 / 1.505         0.765 / 1.505       ms
[10.436s][info][gc,stats]         Old Phase: Concurrent Remap Roots                        7.064 / 13.476        7.064 / 13.476        7.064 / 13.476        7.064 / 13.476      ms
[10.436s][info][gc,stats]         Old Phase: Concurrent Reset Relocation Set               0.000 / 0.000         0.000 / 0.000         0.000 / 0.000         0.000 / 0.000       ms
[10.436s][info][gc,stats]         Old Phase: Concurrent Select Relocation Set              0.149 / 0.184         0.149 / 0.184         0.149 / 0.184         0.149 / 0.184       ms
[10.436s][info][gc,stats]      Old Subphase: Concurrent Classes Purge                      0.238 / 0.461         0.238 / 0.461         0.238 / 0.461         0.238 / 0.461       ms
[10.436s][info][gc,stats]      Old Subphase: Concurrent Classes Unlink                     1.060 / 1.232         1.060 / 1.232         1.060 / 1.232         1.060 / 1.232       ms
[10.436s][info][gc,stats]      Old Subphase: Concurrent Mark Follow                      706.602 / 1413.115    706.602 / 1413.115    706.602 / 1413.115    706.602 / 1413.115    ms
[10.436s][info][gc,stats]      Old Subphase: Concurrent Mark Root Colored                  0.026 / 0.062         0.026 / 0.062         0.026 / 0.062         0.026 / 0.062       ms
[10.436s][info][gc,stats]      Old Subphase: Concurrent Mark Root Uncolored                0.029 / 0.050         0.029 / 0.050         0.029 / 0.050         0.029 / 0.050       ms
[10.436s][info][gc,stats]      Old Subphase: Concurrent Mark Roots                         0.089 / 0.098         0.089 / 0.098         0.089 / 0.098         0.089 / 0.098       ms
[10.436s][info][gc,stats]      Old Subphase: Concurrent References Enqueue                 0.002 / 0.003         0.002 / 0.003         0.002 / 0.003         0.002 / 0.003       ms
[10.436s][info][gc,stats]      Old Subphase: Concurrent References Process               255.825 / 511.635     255.825 / 511.635     255.825 / 511.635     255.825 / 511.635     ms
[10.436s][info][gc,stats]      Old Subphase: Concurrent Remap Remembered                   6.542 / 13.114        6.542 / 13.114        6.542 / 13.114        6.542 / 13.114      ms
[10.436s][info][gc,stats]      Old Subphase: Concurrent Remap Roots Colored                0.252 / 0.438         0.252 / 0.438         0.252 / 0.438         0.252 / 0.438       ms
[10.436s][info][gc,stats]      Old Subphase: Concurrent Remap Roots Uncolored              0.223 / 0.252         0.223 / 0.252         0.223 / 0.252         0.223 / 0.252       ms
[10.436s][info][gc,stats]      Old Subphase: Concurrent Roots ClassLoaderDataGraph         0.131 / 0.409         0.131 / 0.409         0.131 / 0.409         0.131 / 0.409       ms
[10.436s][info][gc,stats]      Old Subphase: Concurrent Roots CodeCache                    0.220 / 0.249         0.220 / 0.249         0.220 / 0.249         0.220 / 0.249       ms
[10.436s][info][gc,stats]      Old Subphase: Concurrent Roots JavaThreads                  0.011 / 0.050         0.011 / 0.050         0.011 / 0.050         0.011 / 0.050       ms
[10.436s][info][gc,stats]      Old Subphase: Concurrent Roots OopStorageSet                0.005 / 0.016         0.005 / 0.016         0.005 / 0.016         0.005 / 0.016       ms
[10.436s][info][gc,stats]      Old Subphase: Concurrent Weak Roots OopStorageSet           0.073 / 0.221         0.073 / 0.221         0.073 / 0.221         0.073 / 0.221       ms
[10.436s][info][gc,stats]            System: Java Threads                                     12 / 13               12 / 13               12 / 13               12 / 13          threads
[10.436s][info][gc,stats]  Young Generation: Young Generation                            728.614 / 728.614     728.614 / 728.614     728.614 / 728.614     728.614 / 728.614     ms
[10.436s][info][gc,stats]  Young Generation: Young Generation                              0.000 / 0.000         0.000 / 0.000         0.000 / 0.000         0.000 / 0.000       ms
[10.436s][info][gc,stats]  Young Generation: Young Generation (Collect Roots)              1.778 / 1.778         1.778 / 1.778         1.778 / 1.778         1.778 / 1.778       ms
[10.436s][info][gc,stats]  Young Generation: Young Generation (Promote All)             1239.498 / 1239.498   1239.498 / 1239.498   1239.498 / 1239.498   1239.498 / 1239.498    ms
[10.436s][info][gc,stats]       Young Pause: Pause Mark End                                0.011 / 0.014         0.011 / 0.014         0.011 / 0.014         0.011 / 0.014       ms
[10.436s][info][gc,stats]       Young Pause: Pause Mark Start                              0.012 / 0.012         0.012 / 0.012         0.012 / 0.012         0.012 / 0.012       ms
[10.436s][info][gc,stats]       Young Pause: Pause Mark Start (Major)                      0.031 / 0.032         0.031 / 0.032         0.031 / 0.032         0.031 / 0.032       ms
[10.436s][info][gc,stats]       Young Pause: Pause Relocate Start                          0.007 / 0.014         0.007 / 0.014         0.007 / 0.014         0.007 / 0.014       ms
[10.436s][info][gc,stats]       Young Phase: Concurrent Mark                             560.687 / 955.397     560.687 / 955.397     560.687 / 955.397     560.687 / 955.397     ms
[10.436s][info][gc,stats]       Young Phase: Concurrent Mark Continue                      0.000 / 0.000         0.000 / 0.000         0.000 / 0.000         0.000 / 0.000       ms
[10.436s][info][gc,stats]       Young Phase: Concurrent Mark Free                          0.004 / 0.006         0.004 / 0.006         0.004 / 0.006         0.004 / 0.006       ms
[10.436s][info][gc,stats]       Young Phase: Concurrent Relocate                          61.446 / 182.019      61.446 / 182.019      61.446 / 182.019      61.446 / 182.019     ms
[10.436s][info][gc,stats]       Young Phase: Concurrent Reset Relocation Set               0.044 / 0.129         0.044 / 0.129         0.044 / 0.129         0.044 / 0.129       ms
[10.436s][info][gc,stats]       Young Phase: Concurrent Select Relocation Set             34.257 / 101.934      34.257 / 101.934      34.257 / 101.934      34.257 / 101.934     ms
[10.436s][info][gc,stats]    Young Subphase: Concurrent Mark Follow                      559.801 / 954.643     559.801 / 954.643     559.801 / 954.643     559.801 / 954.643     ms
[10.436s][info][gc,stats]    Young Subphase: Concurrent Mark Root Colored                  0.592 / 0.943         0.592 / 0.943         0.592 / 0.943         0.592 / 0.943       ms
[10.436s][info][gc,stats]    Young Subphase: Concurrent Mark Root Uncolored                0.252 / 0.369         0.252 / 0.369         0.252 / 0.369         0.252 / 0.369       ms
[10.436s][info][gc,stats]    Young Subphase: Concurrent Mark Roots                         0.883 / 1.364         0.883 / 1.364         0.883 / 1.364         0.883 / 1.364       ms
[10.436s][info][gc,stats]    Young Subphase: Concurrent Relocate Remset FP                59.920 / 179.733      59.920 / 179.733      59.920 / 179.733      59.920 / 179.733     ms
[10.436s][info][gc,stats]    Young Subphase: Concurrent Roots ClassLoaderDataGraph         0.368 / 0.457         0.368 / 0.457         0.368 / 0.457         0.368 / 0.457       ms
[10.436s][info][gc,stats]    Young Subphase: Concurrent Roots CodeCache                    0.213 / 0.309         0.213 / 0.309         0.213 / 0.309         0.213 / 0.309       ms
[10.436s][info][gc,stats]    Young Subphase: Concurrent Roots JavaThreads                  0.020 / 0.114         0.020 / 0.114         0.020 / 0.114         0.020 / 0.114       ms
[10.436s][info][gc,stats]    Young Subphase: Concurrent Roots OopStorageSet                0.072 / 0.224         0.072 / 0.224         0.072 / 0.224         0.072 / 0.224       ms
[10.436s][info][gc,stats]    Young Subphase: Concurrent Weak Roots OopStorageSet           0.167 / 0.445         0.167 / 0.445         0.167 / 0.445         0.167 / 0.445       ms
[10.436s][info][gc,stats] =========================================================================================================================================================
