
=== Instance 1/8, outer iteration 9/100 (Variant clear_path_sep) ===

Affinity: allowed=0,1,2,3,4,5,6,7,8,9,10,11 jvm=0,1,2,3,4,5,6,7,8,9 aux=10,11
Benchmark args: <none>
Command: /gorilla/home/fredrha/SimplifyingWeakRefs/build/variant-images/clear_path_sep-linux-x86_64-server-release/jdk/bin/java -Xms7g -Xmx7g -XX:+UseZGC -Xlog:gc+stats,gc+ref -XX:InitialTenuringThreshold=1 -XX:MaxTenuringThreshold=1 -XX:NativeMemoryTracking=summary /gorilla/home/fredrha/SimplifyingWeakRefs/test/weakrefs/WeakRefSingleObjectBenchmark.java

[0.004s][info][gc,ref] Reference Processor created, Config: Separate lists, optimised clear path
WeakRefSingleObjectBenchmark: weakRefCount=10000000 sleepMillis=500
Phase 1: Allocating the single target object...
Phase 2: Allocating 10000000 WeakReferences in random order...
Allocated 10000000 weak ref holders in 0.80 seconds
Phase 3: Sleeping for 500 ms (strong ref still held)...
Phase 4: Releasing the strong reference to the target object...
Phase 5: Triggering GC...
[4.212s][info][gc,ref] GC(0) O:                           Encountered       Discovered Cleared/Enqueued 
[4.212s][info][gc,ref] GC(0) O: Soft References:                  238                0                0 
[4.212s][info][gc,ref] GC(0) O: Weak References:                 1330                0                0 
[4.212s][info][gc,ref] GC(0) O: Weak (No Queue):              7058366                0                0 
[4.212s][info][gc,ref] GC(0) O: Final References:                   0                0                0 
[4.212s][info][gc,ref] GC(0) O: Phantom References:                 1                0                0 
[8.837s][info][gc,ref] GC(1) O:                           Encountered       Discovered Cleared/Enqueued 
[8.837s][info][gc,ref] GC(1) O: Soft References:                  238                0                0 
[8.837s][info][gc,ref] GC(1) O: Weak References:                 1330             1035              330 
[8.837s][info][gc,ref] GC(1) O: Weak (No Queue):             10000003         10000000         10000000 
[8.837s][info][gc,ref] GC(1) O: Final References:                   0                0                0 
[8.837s][info][gc,ref] GC(1) O: Phantom References:                 1                0                0 
Phase 6: Checking results...
Alive weak references after GC: 0 / 10000000
[11.669s][info][gc,stats] === Garbage Collection Statistics =======================================================================================================================
[11.669s][info][gc,stats]                                                              Last 10s              Last 10m              Last 10h                Total
[11.669s][info][gc,stats]                                                              Avg / Max             Avg / Max             Avg / Max             Avg / Max
[11.669s][info][gc,stats]        Contention: Mark Segment Reset Contention                     5 / 47                5 / 47                5 / 47                5 / 47          ops/s
[11.669s][info][gc,stats]        Contention: Mark SeqNum Reset Contention                      0 / 5                 0 / 5                 0 / 5                 0 / 5           ops/s
[11.669s][info][gc,stats]          Critical: Allocation Stall                                  0 / 0                 0 / 0                 0 / 0                 0 / 0           ops/s
[11.669s][info][gc,stats]          Critical: Allocation Stall                              0.000 / 0.000         0.000 / 0.000         0.000 / 0.000         0.000 / 0.000       ms
[11.669s][info][gc,stats]          Critical: JNI Critical Stall                                0 / 0                 0 / 0                 0 / 0                 0 / 0           ops/s
[11.669s][info][gc,stats]          Critical: JNI Critical Stall                            0.000 / 0.000         0.000 / 0.000         0.000 / 0.000         0.000 / 0.000       ms
[11.669s][info][gc,stats]          Critical: Relocation Stall                                  0 / 0                 0 / 0                 0 / 0                 0 / 0           ops/s
[11.669s][info][gc,stats]          Critical: Relocation Stall                              0.000 / 0.000         0.000 / 0.000         0.000 / 0.000         0.000 / 0.000       ms
[11.669s][info][gc,stats]  Major Collection: Major Collection                           2678.991 / 4624.856   2678.991 / 4624.856   2678.991 / 4624.856   2678.991 / 4624.856    ms
[11.669s][info][gc,stats]            Memory: Allocation Rate                                  92 / 762              92 / 762              92 / 762              92 / 762         MB/s
[11.669s][info][gc,stats]            Memory: Defragment                                        0 / 0                 0 / 0                 0 / 0                 0 / 0           ops/s
[11.669s][info][gc,stats]            Memory: Mapped Cache Harvest                              0 / 0                 0 / 0                 0 / 0                 0 / 0           MB/s
[11.669s][info][gc,stats]            Memory: Out Of Memory                                     0 / 0                 0 / 0                 0 / 0                 0 / 0           ops/s
[11.669s][info][gc,stats]            Memory: Uncommit                                          0 / 0                 0 / 0                 0 / 0                 0 / 0           MB/s
[11.669s][info][gc,stats]            Memory: Undo Object Allocation Failed                     0 / 0                 0 / 0                 0 / 0                 0 / 0           ops/s
[11.669s][info][gc,stats]            Memory: Undo Object Allocation Succeeded                  0 / 0                 0 / 0                 0 / 0                 0 / 0           ops/s
[11.669s][info][gc,stats]            Memory: Undo Page Allocation                              0 / 0                 0 / 0                 0 / 0                 0 / 0           ops/s
[11.669s][info][gc,stats]  Minor Collection: Minor Collection                              0.000 / 0.000         0.000 / 0.000         0.000 / 0.000         0.000 / 0.000       ms
[11.669s][info][gc,stats]    Old Generation: Old Generation                              779.597 / 1556.435    779.597 / 1556.435    779.597 / 1556.435    779.597 / 1556.435    ms
[11.669s][info][gc,stats]         Old Pause: Pause Mark End                                0.009 / 0.014         0.009 / 0.014         0.009 / 0.014         0.009 / 0.014       ms
[11.669s][info][gc,stats]         Old Pause: Pause Relocate Start                          0.009 / 0.013         0.009 / 0.013         0.009 / 0.013         0.009 / 0.013       ms
[11.669s][info][gc,stats]         Old Phase: Concurrent Mark                             532.316 / 1064.432    532.316 / 1064.432    532.316 / 1064.432    532.316 / 1064.432    ms
[11.669s][info][gc,stats]         Old Phase: Concurrent Mark Continue                      0.000 / 0.000         0.000 / 0.000         0.000 / 0.000         0.000 / 0.000       ms
[11.669s][info][gc,stats]         Old Phase: Concurrent Mark Free                          0.002 / 0.004         0.002 / 0.004         0.002 / 0.004         0.002 / 0.004       ms
[11.669s][info][gc,stats]         Old Phase: Concurrent Process Non-Strong               238.500 / 475.285     238.500 / 475.285     238.500 / 475.285     238.500 / 475.285     ms
[11.669s][info][gc,stats]         Old Phase: Concurrent Relocate                           0.664 / 1.302         0.664 / 1.302         0.664 / 1.302         0.664 / 1.302       ms
[11.669s][info][gc,stats]         Old Phase: Concurrent Remap Roots                        7.868 / 15.202        7.868 / 15.202        7.868 / 15.202        7.868 / 15.202      ms
[11.669s][info][gc,stats]         Old Phase: Concurrent Reset Relocation Set               0.000 / 0.001         0.000 / 0.001         0.000 / 0.001         0.000 / 0.001       ms
[11.669s][info][gc,stats]         Old Phase: Concurrent Select Relocation Set              0.174 / 0.228         0.174 / 0.228         0.174 / 0.228         0.174 / 0.228       ms
[11.669s][info][gc,stats]      Old Subphase: Concurrent Classes Purge                      0.149 / 0.280         0.149 / 0.280         0.149 / 0.280         0.149 / 0.280       ms
[11.669s][info][gc,stats]      Old Subphase: Concurrent Classes Unlink                     0.967 / 1.194         0.967 / 1.194         0.967 / 1.194         0.967 / 1.194       ms
[11.669s][info][gc,stats]      Old Subphase: Concurrent Mark Follow                      532.233 / 1064.362    532.233 / 1064.362    532.233 / 1064.362    532.233 / 1064.362    ms
[11.669s][info][gc,stats]      Old Subphase: Concurrent Mark Root Colored                  0.024 / 0.054         0.024 / 0.054         0.024 / 0.054         0.024 / 0.054       ms
[11.669s][info][gc,stats]      Old Subphase: Concurrent Mark Root Uncolored                0.024 / 0.052         0.024 / 0.052         0.024 / 0.052         0.024 / 0.052       ms
[11.669s][info][gc,stats]      Old Subphase: Concurrent Mark Roots                         0.081 / 0.095         0.081 / 0.095         0.081 / 0.095         0.081 / 0.095       ms
[11.669s][info][gc,stats]      Old Subphase: Concurrent References Enqueue                 0.003 / 0.005         0.003 / 0.005         0.003 / 0.005         0.003 / 0.005       ms
[11.669s][info][gc,stats]      Old Subphase: Concurrent References Process               237.149 / 474.284     237.149 / 474.284     237.149 / 474.284     237.149 / 474.284     ms
[11.669s][info][gc,stats]      Old Subphase: Concurrent Remap Remembered                   7.456 / 14.961        7.456 / 14.961        7.456 / 14.961        7.456 / 14.961      ms
[11.669s][info][gc,stats]      Old Subphase: Concurrent Remap Roots Colored                0.209 / 0.366         0.209 / 0.366         0.209 / 0.366         0.209 / 0.366       ms
[11.669s][info][gc,stats]      Old Subphase: Concurrent Remap Roots Uncolored              0.145 / 0.155         0.145 / 0.155         0.145 / 0.155         0.145 / 0.155       ms
[11.669s][info][gc,stats]      Old Subphase: Concurrent Roots ClassLoaderDataGraph         0.123 / 0.347         0.123 / 0.347         0.123 / 0.347         0.123 / 0.347       ms
[11.669s][info][gc,stats]      Old Subphase: Concurrent Roots CodeCache                    0.142 / 0.153         0.142 / 0.153         0.142 / 0.153         0.142 / 0.153       ms
[11.669s][info][gc,stats]      Old Subphase: Concurrent Roots JavaThreads                  0.009 / 0.052         0.009 / 0.052         0.009 / 0.052         0.009 / 0.052       ms
[11.669s][info][gc,stats]      Old Subphase: Concurrent Roots OopStorageSet                0.003 / 0.012         0.003 / 0.012         0.003 / 0.012         0.003 / 0.012       ms
[11.669s][info][gc,stats]      Old Subphase: Concurrent Weak Roots OopStorageSet           0.053 / 0.154         0.053 / 0.154         0.053 / 0.154         0.053 / 0.154       ms
[11.669s][info][gc,stats]            System: Java Threads                                     12 / 13               12 / 13               12 / 13               12 / 13          threads
[11.669s][info][gc,stats]  Young Generation: Young Generation                            730.237 / 730.237     730.237 / 730.237     730.237 / 730.237     730.237 / 730.237     ms
[11.669s][info][gc,stats]  Young Generation: Young Generation                              0.000 / 0.000         0.000 / 0.000         0.000 / 0.000         0.000 / 0.000       ms
[11.669s][info][gc,stats]  Young Generation: Young Generation (Collect Roots)              1.919 / 1.919         1.919 / 1.919         1.919 / 1.919         1.919 / 1.919       ms
[11.669s][info][gc,stats]  Young Generation: Young Generation (Promote All)             3066.345 / 3066.345   3066.345 / 3066.345   3066.345 / 3066.345   3066.345 / 3066.345    ms
[11.669s][info][gc,stats]       Young Pause: Pause Mark End                                0.011 / 0.013         0.011 / 0.013         0.011 / 0.013         0.011 / 0.013       ms
[11.669s][info][gc,stats]       Young Pause: Pause Mark Start                              0.013 / 0.013         0.013 / 0.013         0.013 / 0.013         0.013 / 0.013       ms
[11.669s][info][gc,stats]       Young Pause: Pause Mark Start (Major)                      0.028 / 0.031         0.028 / 0.031         0.028 / 0.031         0.028 / 0.031       ms
[11.669s][info][gc,stats]       Young Pause: Pause Relocate Start                          0.006 / 0.012         0.006 / 0.012         0.006 / 0.012         0.006 / 0.012       ms
[11.669s][info][gc,stats]       Young Phase: Concurrent Mark                            1168.584 / 2777.080   1168.584 / 2777.080   1168.584 / 2777.080   1168.584 / 2777.080    ms
[11.669s][info][gc,stats]       Young Phase: Concurrent Mark Continue                      0.000 / 0.000         0.000 / 0.000         0.000 / 0.000         0.000 / 0.000       ms
[11.669s][info][gc,stats]       Young Phase: Concurrent Mark Free                          0.002 / 0.003         0.002 / 0.003         0.002 / 0.003         0.002 / 0.003       ms
[11.669s][info][gc,stats]       Young Phase: Concurrent Relocate                          63.695 / 188.940      63.695 / 188.940      63.695 / 188.940      63.695 / 188.940     ms
[11.669s][info][gc,stats]       Young Phase: Concurrent Reset Relocation Set               0.040 / 0.118         0.040 / 0.118         0.040 / 0.118         0.040 / 0.118       ms
[11.669s][info][gc,stats]       Young Phase: Concurrent Select Relocation Set             33.652 / 100.141      33.652 / 100.141      33.652 / 100.141      33.652 / 100.141     ms
[11.669s][info][gc,stats]    Young Subphase: Concurrent Mark Follow                     1167.734 / 2776.440   1167.734 / 2776.440   1167.734 / 2776.440   1167.734 / 2776.440    ms
[11.669s][info][gc,stats]    Young Subphase: Concurrent Mark Root Colored                  0.571 / 0.857         0.571 / 0.857         0.571 / 0.857         0.571 / 0.857       ms
[11.669s][info][gc,stats]    Young Subphase: Concurrent Mark Root Uncolored                0.243 / 0.370         0.243 / 0.370         0.243 / 0.370         0.243 / 0.370       ms
[11.669s][info][gc,stats]    Young Subphase: Concurrent Mark Roots                         0.849 / 1.277         0.849 / 1.277         0.849 / 1.277         0.849 / 1.277       ms
[11.669s][info][gc,stats]    Young Subphase: Concurrent Relocate Remset FP                62.064 / 186.171      62.064 / 186.171      62.064 / 186.171      62.064 / 186.171     ms
[11.669s][info][gc,stats]    Young Subphase: Concurrent Roots ClassLoaderDataGraph         0.377 / 0.450         0.377 / 0.450         0.377 / 0.450         0.377 / 0.450       ms
[11.669s][info][gc,stats]    Young Subphase: Concurrent Roots CodeCache                    0.203 / 0.295         0.203 / 0.295         0.203 / 0.295         0.203 / 0.295       ms
[11.669s][info][gc,stats]    Young Subphase: Concurrent Roots JavaThreads                  0.021 / 0.099         0.021 / 0.099         0.021 / 0.099         0.021 / 0.099       ms
[11.669s][info][gc,stats]    Young Subphase: Concurrent Roots OopStorageSet                0.034 / 0.147         0.034 / 0.147         0.034 / 0.147         0.034 / 0.147       ms
[11.669s][info][gc,stats]    Young Subphase: Concurrent Weak Roots OopStorageSet           0.166 / 0.382         0.166 / 0.382         0.166 / 0.382         0.166 / 0.382       ms
[11.669s][info][gc,stats] =========================================================================================================================================================
