
=== Instance 3/8, outer iteration 32/100 (Variant clear_path_sep) ===

Affinity: allowed=24,25,26,27,28,29,30,31,32,33,34,35 jvm=24,25,26,27,28,29,30,31,32,33 aux=34,35
Benchmark args: <none>
Command: /gorilla/home/fredrha/SimplifyingWeakRefs/build/variant-images/clear_path_sep-linux-x86_64-server-release/jdk/bin/java -Xms7g -Xmx7g -XX:+UseZGC -Xlog:gc+stats,gc+ref -XX:InitialTenuringThreshold=1 -XX:MaxTenuringThreshold=1 -XX:NativeMemoryTracking=summary /gorilla/home/fredrha/SimplifyingWeakRefs/test/weakrefs/WeakRefSingleObjectBenchmark.java

[0.004s][info][gc,ref] Reference Processor created, Config: Separate lists, optimised clear path
WeakRefSingleObjectBenchmark: weakRefCount=10000000 sleepMillis=500
Phase 1: Allocating the single target object...
Phase 2: Allocating 10000000 WeakReferences in random order...
Allocated 10000000 weak ref holders in 0.81 seconds
Phase 3: Sleeping for 500 ms (strong ref still held)...
Phase 4: Releasing the strong reference to the target object...
Phase 5: Triggering GC...
[4.510s][info][gc,ref] GC(0) O:                           Encountered       Discovered Cleared/Enqueued 
[4.510s][info][gc,ref] GC(0) O: Soft References:                  238                0                0 
[4.510s][info][gc,ref] GC(0) O: Weak References:                 1330                0                0 
[4.510s][info][gc,ref] GC(0) O: Weak (No Queue):              7052537                0                0 
[4.510s][info][gc,ref] GC(0) O: Final References:                   0                0                0 
[4.510s][info][gc,ref] GC(0) O: Phantom References:                 1                0                0 
[7.947s][info][gc,ref] GC(1) O:                           Encountered       Discovered Cleared/Enqueued 
[7.947s][info][gc,ref] GC(1) O: Soft References:                  238                0                0 
[7.947s][info][gc,ref] GC(1) O: Weak References:                 1330             1047              330 
[7.947s][info][gc,ref] GC(1) O: Weak (No Queue):             10000003         10000000         10000000 
[7.947s][info][gc,ref] GC(1) O: Final References:                   0                0                0 
[7.947s][info][gc,ref] GC(1) O: Phantom References:                 1                0                0 
Phase 6: Checking results...
Alive weak references after GC: 0 / 10000000
[10.788s][info][gc,stats] === Garbage Collection Statistics =======================================================================================================================
[10.788s][info][gc,stats]                                                              Last 10s              Last 10m              Last 10h                Total
[10.788s][info][gc,stats]                                                              Avg / Max             Avg / Max             Avg / Max             Avg / Max
[10.788s][info][gc,stats]        Contention: Mark Segment Reset Contention                     5 / 42                5 / 42                5 / 42                5 / 42          ops/s
[10.788s][info][gc,stats]        Contention: Mark SeqNum Reset Contention                      0 / 3                 0 / 3                 0 / 3                 0 / 3           ops/s
[10.789s][info][gc,stats]          Critical: Allocation Stall                                  0 / 0                 0 / 0                 0 / 0                 0 / 0           ops/s
[10.789s][info][gc,stats]          Critical: Allocation Stall                              0.000 / 0.000         0.000 / 0.000         0.000 / 0.000         0.000 / 0.000       ms
[10.789s][info][gc,stats]          Critical: JNI Critical Stall                                0 / 0                 0 / 0                 0 / 0                 0 / 0           ops/s
[10.789s][info][gc,stats]          Critical: JNI Critical Stall                            0.000 / 0.000         0.000 / 0.000         0.000 / 0.000         0.000 / 0.000       ms
[10.789s][info][gc,stats]          Critical: Relocation Stall                                  0 / 0                 0 / 0                 0 / 0                 0 / 0           ops/s
[10.789s][info][gc,stats]          Critical: Relocation Stall                              0.000 / 0.000         0.000 / 0.000         0.000 / 0.000         0.000 / 0.000       ms
[10.789s][info][gc,stats]  Major Collection: Major Collection                           2187.322 / 3436.819   2187.322 / 3436.819   2187.322 / 3436.819   2187.322 / 3436.819    ms
[10.789s][info][gc,stats]            Memory: Allocation Rate                                 102 / 768             102 / 768             102 / 768             102 / 768         MB/s
[10.789s][info][gc,stats]            Memory: Defragment                                        0 / 0                 0 / 0                 0 / 0                 0 / 0           ops/s
[10.789s][info][gc,stats]            Memory: Mapped Cache Harvest                              0 / 0                 0 / 0                 0 / 0                 0 / 0           MB/s
[10.789s][info][gc,stats]            Memory: Out Of Memory                                     0 / 0                 0 / 0                 0 / 0                 0 / 0           ops/s
[10.789s][info][gc,stats]            Memory: Uncommit                                          0 / 0                 0 / 0                 0 / 0                 0 / 0           MB/s
[10.789s][info][gc,stats]            Memory: Undo Object Allocation Failed                     0 / 0                 0 / 0                 0 / 0                 0 / 0           ops/s
[10.789s][info][gc,stats]            Memory: Undo Object Allocation Succeeded                  0 / 0                 0 / 0                 0 / 0                 0 / 0           ops/s
[10.789s][info][gc,stats]            Memory: Undo Page Allocation                              0 / 0                 0 / 0                 0 / 0                 0 / 0           ops/s
[10.789s][info][gc,stats]  Minor Collection: Minor Collection                              0.000 / 0.000         0.000 / 0.000         0.000 / 0.000         0.000 / 0.000       ms
[10.789s][info][gc,stats]    Old Generation: Old Generation                              955.500 / 1907.704    955.500 / 1907.704    955.500 / 1907.704    955.500 / 1907.704    ms
[10.789s][info][gc,stats]         Old Pause: Pause Mark End                                0.009 / 0.014         0.009 / 0.014         0.009 / 0.014         0.009 / 0.014       ms
[10.789s][info][gc,stats]         Old Pause: Pause Relocate Start                          0.010 / 0.013         0.010 / 0.013         0.010 / 0.013         0.010 / 0.013       ms
[10.789s][info][gc,stats]         Old Phase: Concurrent Mark                             697.135 / 1394.065    697.135 / 1394.065    697.135 / 1394.065    697.135 / 1394.065    ms
[10.789s][info][gc,stats]         Old Phase: Concurrent Mark Continue                      0.000 / 0.000         0.000 / 0.000         0.000 / 0.000         0.000 / 0.000       ms
[10.789s][info][gc,stats]         Old Phase: Concurrent Mark Free                          0.003 / 0.006         0.003 / 0.006         0.003 / 0.006         0.003 / 0.006       ms
[10.789s][info][gc,stats]         Old Phase: Concurrent Process Non-Strong               250.172 / 498.134     250.172 / 498.134     250.172 / 498.134     250.172 / 498.134     ms
[10.789s][info][gc,stats]         Old Phase: Concurrent Relocate                           0.939 / 1.851         0.939 / 1.851         0.939 / 1.851         0.939 / 1.851       ms
[10.789s][info][gc,stats]         Old Phase: Concurrent Remap Roots                        7.032 / 13.429        7.032 / 13.429        7.032 / 13.429        7.032 / 13.429      ms
[10.789s][info][gc,stats]         Old Phase: Concurrent Reset Relocation Set               0.000 / 0.000         0.000 / 0.000         0.000 / 0.000         0.000 / 0.000       ms
[10.789s][info][gc,stats]         Old Phase: Concurrent Select Relocation Set              0.143 / 0.162         0.143 / 0.162         0.143 / 0.162         0.143 / 0.162       ms
[10.789s][info][gc,stats]      Old Subphase: Concurrent Classes Purge                      0.212 / 0.405         0.212 / 0.405         0.212 / 0.405         0.212 / 0.405       ms
[10.789s][info][gc,stats]      Old Subphase: Concurrent Classes Unlink                     1.183 / 1.498         1.183 / 1.498         1.183 / 1.498         1.183 / 1.498       ms
[10.789s][info][gc,stats]      Old Subphase: Concurrent Mark Follow                      697.032 / 1393.966    697.032 / 1393.966    697.032 / 1393.966    697.032 / 1393.966    ms
[10.789s][info][gc,stats]      Old Subphase: Concurrent Mark Root Colored                  0.031 / 0.063         0.031 / 0.063         0.031 / 0.063         0.031 / 0.063       ms
[10.789s][info][gc,stats]      Old Subphase: Concurrent Mark Root Uncolored                0.032 / 0.052         0.032 / 0.052         0.032 / 0.052         0.032 / 0.052       ms
[10.789s][info][gc,stats]      Old Subphase: Concurrent Mark Roots                         0.101 / 0.106         0.101 / 0.106         0.101 / 0.106         0.101 / 0.106       ms
[10.789s][info][gc,stats]      Old Subphase: Concurrent References Enqueue                 0.002 / 0.004         0.002 / 0.004         0.002 / 0.004         0.002 / 0.004       ms
[10.789s][info][gc,stats]      Old Subphase: Concurrent References Process               248.503 / 496.993     248.503 / 496.993     248.503 / 496.993     248.503 / 496.993     ms
[10.789s][info][gc,stats]      Old Subphase: Concurrent Remap Remembered                   6.538 / 13.103        6.538 / 13.103        6.538 / 13.103        6.538 / 13.103      ms
[10.789s][info][gc,stats]      Old Subphase: Concurrent Remap Roots Colored                0.227 / 0.395         0.227 / 0.395         0.227 / 0.395         0.227 / 0.395       ms
[10.789s][info][gc,stats]      Old Subphase: Concurrent Remap Roots Uncolored              0.218 / 0.223         0.218 / 0.223         0.218 / 0.223         0.218 / 0.223       ms
[10.789s][info][gc,stats]      Old Subphase: Concurrent Roots ClassLoaderDataGraph         0.122 / 0.368         0.122 / 0.368         0.122 / 0.368         0.122 / 0.368       ms
[10.789s][info][gc,stats]      Old Subphase: Concurrent Roots CodeCache                    0.216 / 0.221         0.216 / 0.221         0.216 / 0.221         0.216 / 0.221       ms
[10.789s][info][gc,stats]      Old Subphase: Concurrent Roots JavaThreads                  0.013 / 0.051         0.013 / 0.051         0.013 / 0.051         0.013 / 0.051       ms
[10.789s][info][gc,stats]      Old Subphase: Concurrent Roots OopStorageSet                0.005 / 0.013         0.005 / 0.013         0.005 / 0.013         0.005 / 0.013       ms
[10.789s][info][gc,stats]      Old Subphase: Concurrent Weak Roots OopStorageSet           0.071 / 0.222         0.071 / 0.222         0.071 / 0.222         0.071 / 0.222       ms
[10.789s][info][gc,stats]            System: Java Threads                                     12 / 13               12 / 13               12 / 13               12 / 13          threads
[10.789s][info][gc,stats]  Young Generation: Young Generation                            934.400 / 934.400     934.400 / 934.400     934.400 / 934.400     934.400 / 934.400     ms
[10.789s][info][gc,stats]  Young Generation: Young Generation                              0.000 / 0.000         0.000 / 0.000         0.000 / 0.000         0.000 / 0.000       ms
[10.789s][info][gc,stats]  Young Generation: Young Generation (Collect Roots)              2.025 / 2.025         2.025 / 2.025         2.025 / 2.025         2.025 / 2.025       ms
[10.789s][info][gc,stats]  Young Generation: Young Generation (Promote All)             1526.937 / 1526.937   1526.937 / 1526.937   1526.937 / 1526.937   1526.937 / 1526.937    ms
[10.789s][info][gc,stats]       Young Pause: Pause Mark End                                0.011 / 0.013         0.011 / 0.013         0.011 / 0.013         0.011 / 0.013       ms
[10.789s][info][gc,stats]       Young Pause: Pause Mark Start                              0.013 / 0.013         0.013 / 0.013         0.013 / 0.013         0.013 / 0.013       ms
[10.789s][info][gc,stats]       Young Pause: Pause Mark Start (Major)                      0.027 / 0.031         0.027 / 0.031         0.027 / 0.031         0.027 / 0.031       ms
[10.789s][info][gc,stats]       Young Pause: Pause Relocate Start                          0.006 / 0.012         0.006 / 0.012         0.006 / 0.012         0.006 / 0.012       ms
[10.789s][info][gc,stats]       Young Phase: Concurrent Mark                             721.924 / 1233.112    721.924 / 1233.112    721.924 / 1233.112    721.924 / 1233.112    ms
[10.789s][info][gc,stats]       Young Phase: Concurrent Mark Continue                      0.000 / 0.000         0.000 / 0.000         0.000 / 0.000         0.000 / 0.000       ms
[10.789s][info][gc,stats]       Young Phase: Concurrent Mark Free                          0.004 / 0.006         0.004 / 0.006         0.004 / 0.006         0.004 / 0.006       ms
[10.789s][info][gc,stats]       Young Phase: Concurrent Relocate                          63.608 / 188.464      63.608 / 188.464      63.608 / 188.464      63.608 / 188.464     ms
[10.789s][info][gc,stats]       Young Phase: Concurrent Reset Relocation Set               0.045 / 0.127         0.045 / 0.127         0.045 / 0.127         0.045 / 0.127       ms
[10.789s][info][gc,stats]       Young Phase: Concurrent Select Relocation Set             35.355 / 105.195      35.355 / 105.195      35.355 / 105.195      35.355 / 105.195     ms
[10.789s][info][gc,stats]    Young Subphase: Concurrent Mark Follow                      720.925 / 1231.960    720.925 / 1231.960    720.925 / 1231.960    720.925 / 1231.960    ms
[10.789s][info][gc,stats]    Young Subphase: Concurrent Mark Root Colored                  0.688 / 0.937         0.688 / 0.937         0.688 / 0.937         0.688 / 0.937       ms
[10.789s][info][gc,stats]    Young Subphase: Concurrent Mark Root Uncolored                0.274 / 0.356         0.274 / 0.356         0.274 / 0.356         0.274 / 0.356       ms
[10.789s][info][gc,stats]    Young Subphase: Concurrent Mark Roots                         0.996 / 1.317         0.996 / 1.317         0.996 / 1.317         0.996 / 1.317       ms
[10.789s][info][gc,stats]    Young Subphase: Concurrent Relocate Remset FP                61.938 / 185.789      61.938 / 185.789      61.938 / 185.789      61.938 / 185.789     ms
[10.789s][info][gc,stats]    Young Subphase: Concurrent Roots ClassLoaderDataGraph         0.458 / 0.805         0.458 / 0.805         0.458 / 0.805         0.458 / 0.805       ms
[10.789s][info][gc,stats]    Young Subphase: Concurrent Roots CodeCache                    0.231 / 0.295         0.231 / 0.295         0.231 / 0.295         0.231 / 0.295       ms
[10.789s][info][gc,stats]    Young Subphase: Concurrent Roots JavaThreads                  0.022 / 0.122         0.022 / 0.122         0.022 / 0.122         0.022 / 0.122       ms
[10.789s][info][gc,stats]    Young Subphase: Concurrent Roots OopStorageSet                0.050 / 0.202         0.050 / 0.202         0.050 / 0.202         0.050 / 0.202       ms
[10.789s][info][gc,stats]    Young Subphase: Concurrent Weak Roots OopStorageSet           0.191 / 0.468         0.191 / 0.468         0.191 / 0.468         0.191 / 0.468       ms
[10.789s][info][gc,stats] =========================================================================================================================================================
