
=== Instance 4/8, outer iteration 41/100 (Variant sep_only) ===

Affinity: allowed=36,37,38,39,40,41,42,43,44,45,46,47 jvm=36,37,38,39,40,41,42,43,44,45 aux=46,47
Benchmark args: <none>
Command: /gorilla/home/fredrha/SimplifyingWeakRefs/build/variant-images/sep_only-linux-x86_64-server-release/jdk/bin/java -Xms7g -Xmx7g -XX:+UseZGC -Xlog:gc+stats,gc+ref -XX:InitialTenuringThreshold=1 -XX:MaxTenuringThreshold=1 -XX:NativeMemoryTracking=summary /gorilla/home/fredrha/SimplifyingWeakRefs/test/weakrefs/WeakRefSingleObjectBenchmark.java

[0.004s][info][gc,ref] Reference Processor created, Config: Separate list
WeakRefSingleObjectBenchmark: weakRefCount=10000000 sleepMillis=500
Phase 1: Allocating the single target object...
Phase 2: Allocating 10000000 WeakReferences in random order...
Allocated 10000000 weak ref holders in 0.82 seconds
Phase 3: Sleeping for 500 ms (strong ref still held)...
Phase 4: Releasing the strong reference to the target object...
Phase 5: Triggering GC...
[4.272s][info][gc,ref] GC(0) O:                           Encountered       Discovered Cleared/Enqueued 
[4.272s][info][gc,ref] GC(0) O: Soft References:                  238                0                0 
[4.272s][info][gc,ref] GC(0) O: Weak References:                 1330                0                0 
[4.272s][info][gc,ref] GC(0) O: Weak (No Queue):              7059977                0                0 
[4.272s][info][gc,ref] GC(0) O: Final References:                   0                0                0 
[4.272s][info][gc,ref] GC(0) O: Phantom References:                 1                0                0 
[7.085s][info][gc,ref] GC(1) O:                           Encountered       Discovered Cleared/Enqueued 
[7.085s][info][gc,ref] GC(1) O: Soft References:                  238                0                0 
[7.085s][info][gc,ref] GC(1) O: Weak References:                 1330              857              330 
[7.085s][info][gc,ref] GC(1) O: Weak (No Queue):             10000003         10000000         10000000 
[7.085s][info][gc,ref] GC(1) O: Final References:                   0                0                0 
[7.085s][info][gc,ref] GC(1) O: Phantom References:                 1                0                0 
Phase 6: Checking results...
Alive weak references after GC: 0 / 10000000
[9.920s][info][gc,stats] === Garbage Collection Statistics =======================================================================================================================
[9.920s][info][gc,stats]                                                              Last 10s              Last 10m              Last 10h                Total
[9.920s][info][gc,stats]                                                              Avg / Max             Avg / Max             Avg / Max             Avg / Max
[9.920s][info][gc,stats]        Contention: Mark Segment Reset Contention                     2 / 17                2 / 17                2 / 17                2 / 17          ops/s
[9.920s][info][gc,stats]        Contention: Mark SeqNum Reset Contention                      1 / 8                 1 / 8                 1 / 8                 1 / 8           ops/s
[9.920s][info][gc,stats]          Critical: Allocation Stall                                  0 / 0                 0 / 0                 0 / 0                 0 / 0           ops/s
[9.920s][info][gc,stats]          Critical: Allocation Stall                              0.000 / 0.000         0.000 / 0.000         0.000 / 0.000         0.000 / 0.000       ms
[9.920s][info][gc,stats]          Critical: JNI Critical Stall                                0 / 0                 0 / 0                 0 / 0                 0 / 0           ops/s
[9.920s][info][gc,stats]          Critical: JNI Critical Stall                            0.000 / 0.000         0.000 / 0.000         0.000 / 0.000         0.000 / 0.000       ms
[9.920s][info][gc,stats]          Critical: Relocation Stall                                  0 / 0                 0 / 0                 0 / 0                 0 / 0           ops/s
[9.920s][info][gc,stats]          Critical: Relocation Stall                              0.000 / 0.000         0.000 / 0.000         0.000 / 0.000         0.000 / 0.000       ms
[9.920s][info][gc,stats]  Major Collection: Major Collection                           1773.193 / 2812.899   1773.193 / 2812.899   1773.193 / 2812.899   1773.193 / 2812.899    ms
[9.920s][info][gc,stats]            Memory: Allocation Rate                                 115 / 716             115 / 716             115 / 716             115 / 716         MB/s
[9.920s][info][gc,stats]            Memory: Defragment                                        0 / 0                 0 / 0                 0 / 0                 0 / 0           ops/s
[9.920s][info][gc,stats]            Memory: Mapped Cache Harvest                              0 / 0                 0 / 0                 0 / 0                 0 / 0           MB/s
[9.920s][info][gc,stats]            Memory: Out Of Memory                                     0 / 0                 0 / 0                 0 / 0                 0 / 0           ops/s
[9.920s][info][gc,stats]            Memory: Uncommit                                          0 / 0                 0 / 0                 0 / 0                 0 / 0           MB/s
[9.920s][info][gc,stats]            Memory: Undo Object Allocation Failed                     0 / 0                 0 / 0                 0 / 0                 0 / 0           ops/s
[9.920s][info][gc,stats]            Memory: Undo Object Allocation Succeeded                  0 / 0                 0 / 0                 0 / 0                 0 / 0           ops/s
[9.920s][info][gc,stats]            Memory: Undo Page Allocation                              0 / 0                 0 / 0                 0 / 0                 0 / 0           ops/s
[9.920s][info][gc,stats]  Minor Collection: Minor Collection                              0.000 / 0.000         0.000 / 0.000         0.000 / 0.000         0.000 / 0.000       ms
[9.920s][info][gc,stats]    Old Generation: Old Generation                              778.981 / 1555.151    778.981 / 1555.151    778.981 / 1555.151    778.981 / 1555.151    ms
[9.920s][info][gc,stats]         Old Pause: Pause Mark End                                0.009 / 0.013         0.009 / 0.013         0.009 / 0.013         0.009 / 0.013       ms
[9.920s][info][gc,stats]         Old Pause: Pause Relocate Start                          0.009 / 0.012         0.009 / 0.012         0.009 / 0.012         0.009 / 0.012       ms
[9.920s][info][gc,stats]         Old Phase: Concurrent Mark                             532.346 / 1064.481    532.346 / 1064.481    532.346 / 1064.481    532.346 / 1064.481    ms
[9.920s][info][gc,stats]         Old Phase: Concurrent Mark Continue                      0.000 / 0.000         0.000 / 0.000         0.000 / 0.000         0.000 / 0.000       ms
[9.920s][info][gc,stats]         Old Phase: Concurrent Mark Free                          0.002 / 0.004         0.002 / 0.004         0.002 / 0.004         0.002 / 0.004       ms
[9.920s][info][gc,stats]         Old Phase: Concurrent Process Non-Strong               238.512 / 475.290     238.512 / 475.290     238.512 / 475.290     238.512 / 475.290     ms
[9.920s][info][gc,stats]         Old Phase: Concurrent Relocate                           0.029 / 0.033         0.029 / 0.033         0.029 / 0.033         0.029 / 0.033       ms
[9.920s][info][gc,stats]         Old Phase: Concurrent Remap Roots                        7.858 / 15.164        7.858 / 15.164        7.858 / 15.164        7.858 / 15.164      ms
[9.920s][info][gc,stats]         Old Phase: Concurrent Reset Relocation Set               0.000 / 0.000         0.000 / 0.000         0.000 / 0.000         0.000 / 0.000       ms
[9.920s][info][gc,stats]         Old Phase: Concurrent Select Relocation Set              0.157 / 0.235         0.157 / 0.235         0.157 / 0.235         0.157 / 0.235       ms
[9.920s][info][gc,stats]      Old Subphase: Concurrent Classes Purge                      0.144 / 0.270         0.144 / 0.270         0.144 / 0.270         0.144 / 0.270       ms
[9.920s][info][gc,stats]      Old Subphase: Concurrent Classes Unlink                     0.959 / 1.199         0.959 / 1.199         0.959 / 1.199         0.959 / 1.199       ms
[9.920s][info][gc,stats]      Old Subphase: Concurrent Mark Follow                      532.255 / 1064.402    532.255 / 1064.402    532.255 / 1064.402    532.255 / 1064.402    ms
[9.920s][info][gc,stats]      Old Subphase: Concurrent Mark Root Colored                  0.025 / 0.060         0.025 / 0.060         0.025 / 0.060         0.025 / 0.060       ms
[9.920s][info][gc,stats]      Old Subphase: Concurrent Mark Root Uncolored                0.025 / 0.050         0.025 / 0.050         0.025 / 0.050         0.025 / 0.050       ms
[9.920s][info][gc,stats]      Old Subphase: Concurrent Mark Roots                         0.089 / 0.102         0.089 / 0.102         0.089 / 0.102         0.089 / 0.102       ms
[9.920s][info][gc,stats]      Old Subphase: Concurrent References Enqueue                 0.003 / 0.006         0.003 / 0.006         0.003 / 0.006         0.003 / 0.006       ms
[9.920s][info][gc,stats]      Old Subphase: Concurrent References Process               237.173 / 474.335     237.173 / 474.335     237.173 / 474.335     237.173 / 474.335     ms
[9.920s][info][gc,stats]      Old Subphase: Concurrent Remap Remembered                   7.452 / 14.928        7.452 / 14.928        7.452 / 14.928        7.452 / 14.928      ms
[9.920s][info][gc,stats]      Old Subphase: Concurrent Remap Roots Colored                0.221 / 0.395         0.221 / 0.395         0.221 / 0.395         0.221 / 0.395       ms
[9.920s][info][gc,stats]      Old Subphase: Concurrent Remap Roots Uncolored              0.137 / 0.143         0.137 / 0.143         0.137 / 0.143         0.137 / 0.143       ms
[9.920s][info][gc,stats]      Old Subphase: Concurrent Roots ClassLoaderDataGraph         0.120 / 0.378         0.120 / 0.378         0.120 / 0.378         0.120 / 0.378       ms
[9.920s][info][gc,stats]      Old Subphase: Concurrent Roots CodeCache                    0.134 / 0.141         0.134 / 0.141         0.134 / 0.141         0.134 / 0.141       ms
[9.920s][info][gc,stats]      Old Subphase: Concurrent Roots JavaThreads                  0.010 / 0.050         0.010 / 0.050         0.010 / 0.050         0.010 / 0.050       ms
[9.920s][info][gc,stats]      Old Subphase: Concurrent Roots OopStorageSet                0.005 / 0.015         0.005 / 0.015         0.005 / 0.015         0.005 / 0.015       ms
[9.920s][info][gc,stats]      Old Subphase: Concurrent Weak Roots OopStorageSet           0.059 / 0.196         0.059 / 0.196         0.059 / 0.196         0.059 / 0.196       ms
[9.920s][info][gc,stats]            System: Java Threads                                     12 / 13               12 / 13               12 / 13               12 / 13          threads
[9.920s][info][gc,stats]  Young Generation: Young Generation                            730.552 / 730.552     730.552 / 730.552     730.552 / 730.552     730.552 / 730.552     ms
[9.920s][info][gc,stats]  Young Generation: Young Generation                              0.000 / 0.000         0.000 / 0.000         0.000 / 0.000         0.000 / 0.000       ms
[9.920s][info][gc,stats]  Young Generation: Young Generation (Collect Roots)              1.564 / 1.564         1.564 / 1.564         1.564 / 1.564         1.564 / 1.564       ms
[9.920s][info][gc,stats]  Young Generation: Young Generation (Promote All)             1256.028 / 1256.028   1256.028 / 1256.028   1256.028 / 1256.028   1256.028 / 1256.028    ms
[9.920s][info][gc,stats]       Young Pause: Pause Mark End                                0.011 / 0.013         0.011 / 0.013         0.011 / 0.013         0.011 / 0.013       ms
[9.920s][info][gc,stats]       Young Pause: Pause Mark Start                              0.013 / 0.013         0.013 / 0.013         0.013 / 0.013         0.013 / 0.013       ms
[9.920s][info][gc,stats]       Young Pause: Pause Mark Start (Major)                      0.031 / 0.038         0.031 / 0.038         0.031 / 0.038         0.031 / 0.038       ms
[9.920s][info][gc,stats]       Young Pause: Pause Relocate Start                          0.006 / 0.011         0.006 / 0.011         0.006 / 0.011         0.006 / 0.011       ms
[9.920s][info][gc,stats]       Young Phase: Concurrent Mark                             565.901 / 969.417     565.901 / 969.417     565.901 / 969.417     565.901 / 969.417     ms
[9.920s][info][gc,stats]       Young Phase: Concurrent Mark Continue                      0.000 / 0.000         0.000 / 0.000         0.000 / 0.000         0.000 / 0.000       ms
[9.920s][info][gc,stats]       Young Phase: Concurrent Mark Free                          0.002 / 0.004         0.002 / 0.004         0.002 / 0.004         0.002 / 0.004       ms
[9.920s][info][gc,stats]       Young Phase: Concurrent Relocate                          61.879 / 183.181      61.879 / 183.181      61.879 / 183.181      61.879 / 183.181     ms
[9.920s][info][gc,stats]       Young Phase: Concurrent Reset Relocation Set               0.041 / 0.120         0.041 / 0.120         0.041 / 0.120         0.041 / 0.120       ms
[9.920s][info][gc,stats]       Young Phase: Concurrent Select Relocation Set             34.688 / 103.264      34.688 / 103.264      34.688 / 103.264      34.688 / 103.264     ms
[9.920s][info][gc,stats]    Young Subphase: Concurrent Mark Follow                      565.059 / 968.771     565.059 / 968.771     565.059 / 968.771     565.059 / 968.771     ms
[9.920s][info][gc,stats]    Young Subphase: Concurrent Mark Root Colored                  0.562 / 0.916         0.562 / 0.916         0.562 / 0.916         0.562 / 0.916       ms
[9.920s][info][gc,stats]    Young Subphase: Concurrent Mark Root Uncolored                0.239 / 0.359         0.239 / 0.359         0.239 / 0.359         0.239 / 0.359       ms
[9.920s][info][gc,stats]    Young Subphase: Concurrent Mark Roots                         0.840 / 1.341         0.840 / 1.341         0.840 / 1.341         0.840 / 1.341       ms
[9.920s][info][gc,stats]    Young Subphase: Concurrent Relocate Remset FP                61.055 / 183.144      61.055 / 183.144      61.055 / 183.144      61.055 / 183.144     ms
[9.920s][info][gc,stats]    Young Subphase: Concurrent Roots ClassLoaderDataGraph         0.344 / 0.437         0.344 / 0.437         0.344 / 0.437         0.344 / 0.437       ms
[9.920s][info][gc,stats]    Young Subphase: Concurrent Roots CodeCache                    0.199 / 0.297         0.199 / 0.297         0.199 / 0.297         0.199 / 0.297       ms
[9.920s][info][gc,stats]    Young Subphase: Concurrent Roots JavaThreads                  0.021 / 0.114         0.021 / 0.114         0.021 / 0.114         0.021 / 0.114       ms
[9.920s][info][gc,stats]    Young Subphase: Concurrent Roots OopStorageSet                0.058 / 0.235         0.058 / 0.235         0.058 / 0.235         0.058 / 0.235       ms
[9.920s][info][gc,stats]    Young Subphase: Concurrent Weak Roots OopStorageSet           0.171 / 0.448         0.171 / 0.448         0.171 / 0.448         0.171 / 0.448       ms
[9.920s][info][gc,stats] =========================================================================================================================================================
