
=== Instance 2/8, outer iteration 20/100 (Variant none) ===

Affinity: allowed=12,13,14,15,16,17,18,19,20,21,22,23 jvm=12,13,14,15,16,17,18,19,20,21 aux=22,23
Benchmark args: <none>
Command: /gorilla/home/fredrha/SimplifyingWeakRefs/build/variant-images/none-linux-x86_64-server-release/jdk/bin/java -Xms7g -Xmx7g -XX:+UseZGC -Xlog:gc+stats,gc+ref -XX:InitialTenuringThreshold=1 -XX:MaxTenuringThreshold=1 -XX:NativeMemoryTracking=summary /gorilla/home/fredrha/SimplifyingWeakRefs/test/weakrefs/WeakRefSingleObjectBenchmark.java

WeakRefSingleObjectBenchmark: weakRefCount=10000000 sleepMillis=500
Phase 1: Allocating the single target object...
Phase 2: Allocating 10000000 WeakReferences in random order...
Allocated 10000000 weak ref holders in 0.81 seconds
Phase 3: Sleeping for 500 ms (strong ref still held)...
[4.321s][info][gc,ref] GC(0) O:                       Encountered   Discovered     Enqueued 
[4.321s][info][gc,ref] GC(0) O: Soft References:              238            0            0 
[4.321s][info][gc,ref] GC(0) O: Weak References:          7066509            0            0 
[4.321s][info][gc,ref] GC(0) O: Final References:               0            0            0 
[4.321s][info][gc,ref] GC(0) O: Phantom References:             1            0            0 
Phase 4: Releasing the strong reference to the target object...
Phase 5: Triggering GC...
[7.109s][info][gc,ref] GC(1) O:                       Encountered   Discovered     Enqueued 
[7.109s][info][gc,ref] GC(1) O: Soft References:              238            0            0 
[7.109s][info][gc,ref] GC(1) O: Weak References:         10001333     10000715     10000330 
[7.109s][info][gc,ref] GC(1) O: Final References:               0            0            0 
[7.109s][info][gc,ref] GC(1) O: Phantom References:             1            0            0 
Phase 6: Checking results...
Alive weak references after GC: 0 / 10000000
[9.936s][info][gc,stats] === Garbage Collection Statistics =======================================================================================================================
[9.936s][info][gc,stats]                                                              Last 10s              Last 10m              Last 10h                Total
[9.936s][info][gc,stats]                                                              Avg / Max             Avg / Max             Avg / Max             Avg / Max
[9.936s][info][gc,stats]        Contention: Mark Segment Reset Contention                     4 / 30                4 / 30                4 / 30                4 / 30          ops/s
[9.936s][info][gc,stats]        Contention: Mark SeqNum Reset Contention                      1 / 7                 1 / 7                 1 / 7                 1 / 7           ops/s
[9.936s][info][gc,stats]          Critical: Allocation Stall                                  0 / 0                 0 / 0                 0 / 0                 0 / 0           ops/s
[9.936s][info][gc,stats]          Critical: Allocation Stall                              0.000 / 0.000         0.000 / 0.000         0.000 / 0.000         0.000 / 0.000       ms
[9.936s][info][gc,stats]          Critical: JNI Critical Stall                                0 / 0                 0 / 0                 0 / 0                 0 / 0           ops/s
[9.936s][info][gc,stats]          Critical: JNI Critical Stall                            0.000 / 0.000         0.000 / 0.000         0.000 / 0.000         0.000 / 0.000       ms
[9.936s][info][gc,stats]          Critical: Relocation Stall                                  0 / 0                 0 / 0                 0 / 0                 0 / 0           ops/s
[9.936s][info][gc,stats]          Critical: Relocation Stall                              0.000 / 0.000         0.000 / 0.000         0.000 / 0.000         0.000 / 0.000       ms
[9.936s][info][gc,stats]  Major Collection: Major Collection                           1729.328 / 2764.720   1729.328 / 2764.720   1729.328 / 2764.720   1729.328 / 2764.720    ms
[9.936s][info][gc,stats]            Memory: Allocation Rate                                 115 / 622             115 / 622             115 / 622             115 / 622         MB/s
[9.936s][info][gc,stats]            Memory: Defragment                                        0 / 0                 0 / 0                 0 / 0                 0 / 0           ops/s
[9.936s][info][gc,stats]            Memory: Mapped Cache Harvest                              0 / 0                 0 / 0                 0 / 0                 0 / 0           MB/s
[9.936s][info][gc,stats]            Memory: Out Of Memory                                     0 / 0                 0 / 0                 0 / 0                 0 / 0           ops/s
[9.936s][info][gc,stats]            Memory: Uncommit                                          0 / 0                 0 / 0                 0 / 0                 0 / 0           MB/s
[9.936s][info][gc,stats]            Memory: Undo Object Allocation Failed                     0 / 0                 0 / 0                 0 / 0                 0 / 0           ops/s
[9.936s][info][gc,stats]            Memory: Undo Object Allocation Succeeded                  0 / 0                 0 / 0                 0 / 0                 0 / 0           ops/s
[9.936s][info][gc,stats]            Memory: Undo Page Allocation                              0 / 0                 0 / 0                 0 / 0                 0 / 0           ops/s
[9.936s][info][gc,stats]  Minor Collection: Minor Collection                              0.000 / 0.000         0.000 / 0.000         0.000 / 0.000         0.000 / 0.000       ms
[9.936s][info][gc,stats]    Old Generation: Old Generation                              766.220 / 1529.354    766.220 / 1529.354    766.220 / 1529.354    766.220 / 1529.354    ms
[9.936s][info][gc,stats]         Old Pause: Pause Mark End                                0.010 / 0.015         0.010 / 0.015         0.010 / 0.015         0.010 / 0.015       ms
[9.936s][info][gc,stats]         Old Pause: Pause Relocate Start                          0.010 / 0.011         0.010 / 0.011         0.010 / 0.011         0.010 / 0.011       ms
[9.936s][info][gc,stats]         Old Phase: Concurrent Mark                             511.742 / 1023.270    511.742 / 1023.270    511.742 / 1023.270    511.742 / 1023.270    ms
[9.936s][info][gc,stats]         Old Phase: Concurrent Mark Continue                      0.000 / 0.000         0.000 / 0.000         0.000 / 0.000         0.000 / 0.000       ms
[9.936s][info][gc,stats]         Old Phase: Concurrent Mark Free                          0.004 / 0.008         0.004 / 0.008         0.004 / 0.008         0.004 / 0.008       ms
[9.936s][info][gc,stats]         Old Phase: Concurrent Process Non-Strong               246.255 / 490.491     246.255 / 490.491     246.255 / 490.491     246.255 / 490.491     ms
[9.936s][info][gc,stats]         Old Phase: Concurrent Relocate                           0.031 / 0.037         0.031 / 0.037         0.031 / 0.037         0.031 / 0.037       ms
[9.936s][info][gc,stats]         Old Phase: Concurrent Remap Roots                        7.918 / 15.268        7.918 / 15.268        7.918 / 15.268        7.918 / 15.268      ms
[9.936s][info][gc,stats]         Old Phase: Concurrent Reset Relocation Set               0.000 / 0.000         0.000 / 0.000         0.000 / 0.000         0.000 / 0.000       ms
[9.936s][info][gc,stats]         Old Phase: Concurrent Select Relocation Set              0.136 / 0.177         0.136 / 0.177         0.136 / 0.177         0.136 / 0.177       ms
[9.936s][info][gc,stats]      Old Subphase: Concurrent Classes Purge                      0.250 / 0.483         0.250 / 0.483         0.250 / 0.483         0.250 / 0.483       ms
[9.936s][info][gc,stats]      Old Subphase: Concurrent Classes Unlink                     0.998 / 1.245         0.998 / 1.245         0.998 / 1.245         0.998 / 1.245       ms
[9.936s][info][gc,stats]      Old Subphase: Concurrent Mark Follow                      511.644 / 1023.191    511.644 / 1023.191    511.644 / 1023.191    511.644 / 1023.191    ms
[9.936s][info][gc,stats]      Old Subphase: Concurrent Mark Root Colored                  0.024 / 0.061         0.024 / 0.061         0.024 / 0.061         0.024 / 0.061       ms
[9.936s][info][gc,stats]      Old Subphase: Concurrent Mark Root Uncolored                0.028 / 0.066         0.028 / 0.066         0.028 / 0.066         0.028 / 0.066       ms
[9.936s][info][gc,stats]      Old Subphase: Concurrent Mark Roots                         0.096 / 0.116         0.096 / 0.116         0.096 / 0.116         0.096 / 0.116       ms
[9.936s][info][gc,stats]      Old Subphase: Concurrent References Enqueue                 0.002 / 0.004         0.002 / 0.004         0.002 / 0.004         0.002 / 0.004       ms
[9.936s][info][gc,stats]      Old Subphase: Concurrent References Process               244.712 / 489.407     244.712 / 489.407     244.712 / 489.407     244.712 / 489.407     ms
[9.936s][info][gc,stats]      Old Subphase: Concurrent Remap Remembered                   7.508 / 15.042        7.508 / 15.042        7.508 / 15.042        7.508 / 15.042      ms
[9.936s][info][gc,stats]      Old Subphase: Concurrent Remap Roots Colored                0.222 / 0.384         0.222 / 0.384         0.222 / 0.384         0.222 / 0.384       ms
[9.936s][info][gc,stats]      Old Subphase: Concurrent Remap Roots Uncolored              0.146 / 0.167         0.146 / 0.167         0.146 / 0.167         0.146 / 0.167       ms
[9.936s][info][gc,stats]      Old Subphase: Concurrent Roots ClassLoaderDataGraph         0.131 / 0.365         0.131 / 0.365         0.131 / 0.365         0.131 / 0.365       ms
[9.936s][info][gc,stats]      Old Subphase: Concurrent Roots CodeCache                    0.145 / 0.166         0.145 / 0.166         0.145 / 0.166         0.145 / 0.166       ms
[9.936s][info][gc,stats]      Old Subphase: Concurrent Roots JavaThreads                  0.010 / 0.066         0.010 / 0.066         0.010 / 0.066         0.010 / 0.066       ms
[9.936s][info][gc,stats]      Old Subphase: Concurrent Roots OopStorageSet                0.004 / 0.011         0.004 / 0.011         0.004 / 0.011         0.004 / 0.011       ms
[9.936s][info][gc,stats]      Old Subphase: Concurrent Weak Roots OopStorageSet           0.063 / 0.202         0.063 / 0.202         0.063 / 0.202         0.063 / 0.202       ms
[9.936s][info][gc,stats]            System: Java Threads                                     11 / 13               11 / 13               11 / 13               11 / 13          threads
[9.936s][info][gc,stats]  Young Generation: Young Generation                            690.740 / 690.740     690.740 / 690.740     690.740 / 690.740     690.740 / 690.740     ms
[9.936s][info][gc,stats]  Young Generation: Young Generation                              0.000 / 0.000         0.000 / 0.000         0.000 / 0.000         0.000 / 0.000       ms
[9.936s][info][gc,stats]  Young Generation: Young Generation (Collect Roots)              1.654 / 1.654         1.654 / 1.654         1.654 / 1.654         1.654 / 1.654       ms
[9.936s][info][gc,stats]  Young Generation: Young Generation (Promote All)             1233.612 / 1233.612   1233.612 / 1233.612   1233.612 / 1233.612   1233.612 / 1233.612    ms
[9.936s][info][gc,stats]       Young Pause: Pause Mark End                                0.018 / 0.034         0.018 / 0.034         0.018 / 0.034         0.018 / 0.034       ms
[9.936s][info][gc,stats]       Young Pause: Pause Mark Start                              0.017 / 0.017         0.017 / 0.017         0.017 / 0.017         0.017 / 0.017       ms
[9.936s][info][gc,stats]       Young Pause: Pause Mark Start (Major)                      0.027 / 0.029         0.027 / 0.029         0.027 / 0.029         0.027 / 0.029       ms
[9.936s][info][gc,stats]       Young Pause: Pause Relocate Start                          0.007 / 0.014         0.007 / 0.014         0.007 / 0.014         0.007 / 0.014       ms
[9.936s][info][gc,stats]       Young Phase: Concurrent Mark                             547.876 / 955.095     547.876 / 955.095     547.876 / 955.095     547.876 / 955.095     ms
[9.936s][info][gc,stats]       Young Phase: Concurrent Mark Continue                      0.000 / 0.000         0.000 / 0.000         0.000 / 0.000         0.000 / 0.000       ms
[9.936s][info][gc,stats]       Young Phase: Concurrent Mark Free                          0.005 / 0.008         0.005 / 0.008         0.005 / 0.008         0.005 / 0.008       ms
[9.936s][info][gc,stats]       Young Phase: Concurrent Relocate                          60.452 / 178.893      60.452 / 178.893      60.452 / 178.893      60.452 / 178.893     ms
[9.936s][info][gc,stats]       Young Phase: Concurrent Reset Relocation Set               0.045 / 0.128         0.045 / 0.128         0.045 / 0.128         0.045 / 0.128       ms
[9.936s][info][gc,stats]       Young Phase: Concurrent Select Relocation Set             33.397 / 99.360       33.397 / 99.360       33.397 / 99.360       33.397 / 99.360      ms
[9.936s][info][gc,stats]    Young Subphase: Concurrent Mark Follow                      546.949 / 954.308     546.949 / 954.308     546.949 / 954.308     546.949 / 954.308     ms
[9.936s][info][gc,stats]    Young Subphase: Concurrent Mark Root Colored                  0.604 / 0.985         0.604 / 0.985         0.604 / 0.985         0.604 / 0.985       ms
[9.936s][info][gc,stats]    Young Subphase: Concurrent Mark Root Uncolored                0.262 / 0.365         0.262 / 0.365         0.262 / 0.365         0.262 / 0.365       ms
[9.936s][info][gc,stats]    Young Subphase: Concurrent Mark Roots                         0.924 / 1.442         0.924 / 1.442         0.924 / 1.442         0.924 / 1.442       ms
[9.936s][info][gc,stats]    Young Subphase: Concurrent Relocate Remset FP                59.629 / 178.854      59.629 / 178.854      59.629 / 178.854      59.629 / 178.854     ms
[9.936s][info][gc,stats]    Young Subphase: Concurrent Roots ClassLoaderDataGraph         0.369 / 0.480         0.369 / 0.480         0.369 / 0.480         0.369 / 0.480       ms
[9.936s][info][gc,stats]    Young Subphase: Concurrent Roots CodeCache                    0.218 / 0.302         0.218 / 0.302         0.218 / 0.302         0.218 / 0.302       ms
[9.936s][info][gc,stats]    Young Subphase: Concurrent Roots JavaThreads                  0.023 / 0.128         0.023 / 0.128         0.023 / 0.128         0.023 / 0.128       ms
[9.936s][info][gc,stats]    Young Subphase: Concurrent Roots OopStorageSet                0.069 / 0.281         0.069 / 0.281         0.069 / 0.281         0.069 / 0.281       ms
[9.936s][info][gc,stats]    Young Subphase: Concurrent Weak Roots OopStorageSet           0.180 / 0.509         0.180 / 0.509         0.180 / 0.509         0.180 / 0.509       ms
[9.936s][info][gc,stats] =========================================================================================================================================================
