
=== Instance 4/8, outer iteration 50/100 (Variant clear_path_dyn) ===

Affinity: allowed=36,37,38,39,40,41,42,43,44,45,46,47 jvm=36,37,38,39,40,41,42,43,44,45 aux=46,47
Benchmark args: <none>
Command: /gorilla/home/fredrha/SimplifyingWeakRefs/build/variant-images/clear_path_dyn-linux-x86_64-server-release/jdk/bin/java -Xms7g -Xmx7g -XX:+UseZGC -Xlog:gc+stats,gc+ref -XX:InitialTenuringThreshold=1 -XX:MaxTenuringThreshold=1 -XX:NativeMemoryTracking=summary /gorilla/home/fredrha/SimplifyingWeakRefs/test/weakrefs/WeakRefSingleObjectBenchmark.java

[0.004s][info][gc,ref] Reference Processor created, Config: Optimised clear path, dynamic array
WeakRefSingleObjectBenchmark: weakRefCount=10000000 sleepMillis=500
Phase 1: Allocating the single target object...
Phase 2: Allocating 10000000 WeakReferences in random order...
Allocated 10000000 weak ref holders in 0.82 seconds
Phase 3: Sleeping for 500 ms (strong ref still held)...
Phase 4: Releasing the strong reference to the target object...
Phase 5: Triggering GC...
[4.786s][info][gc,ref] GC(0) O:                           Encountered       Discovered Cleared/Enqueued 
[4.786s][info][gc,ref] GC(0) O: Soft References:                  238                0                0 
[4.786s][info][gc,ref] GC(0) O: Weak References:                 1330                0                0 
[4.786s][info][gc,ref] GC(0) O: Weak (No Queue):              7059974                0                0 
[4.786s][info][gc,ref] GC(0) O: Final References:                   0                0                0 
[4.786s][info][gc,ref] GC(0) O: Phantom References:                 1                0                0 
[9.157s][info][gc,ref] GC(1) O:                           Encountered       Discovered Cleared/Enqueued 
[9.157s][info][gc,ref] GC(1) O: Soft References:                  238                0                0 
[9.157s][info][gc,ref] GC(1) O: Weak References:                 1330             1049              330 
[9.157s][info][gc,ref] GC(1) O: Weak (No Queue):             10000003         10000000         10000000 
[9.157s][info][gc,ref] GC(1) O: Final References:                   0                0                0 
[9.157s][info][gc,ref] GC(1) O: Phantom References:                 1                0                0 
Phase 6: Checking results...
Alive weak references after GC: 0 / 10000000
[12.005s][info][gc,stats] === Garbage Collection Statistics =======================================================================================================================
[12.005s][info][gc,stats]                                                              Last 10s              Last 10m              Last 10h                Total
[12.005s][info][gc,stats]                                                              Avg / Max             Avg / Max             Avg / Max             Avg / Max
[12.005s][info][gc,stats]        Contention: Mark Segment Reset Contention                     5 / 47                5 / 47                5 / 47                5 / 47          ops/s
[12.005s][info][gc,stats]        Contention: Mark SeqNum Reset Contention                      0 / 5                 0 / 5                 0 / 5                 0 / 5           ops/s
[12.005s][info][gc,stats]          Critical: Allocation Stall                                  0 / 0                 0 / 0                 0 / 0                 0 / 0           ops/s
[12.005s][info][gc,stats]          Critical: Allocation Stall                              0.000 / 0.000         0.000 / 0.000         0.000 / 0.000         0.000 / 0.000       ms
[12.005s][info][gc,stats]          Critical: JNI Critical Stall                                0 / 0                 0 / 0                 0 / 0                 0 / 0           ops/s
[12.005s][info][gc,stats]          Critical: JNI Critical Stall                            0.000 / 0.000         0.000 / 0.000         0.000 / 0.000         0.000 / 0.000       ms
[12.005s][info][gc,stats]          Critical: Relocation Stall                                  0 / 0                 0 / 0                 0 / 0                 0 / 0           ops/s
[12.005s][info][gc,stats]          Critical: Relocation Stall                              0.000 / 0.000         0.000 / 0.000         0.000 / 0.000         0.000 / 0.000       ms
[12.005s][info][gc,stats]  Major Collection: Major Collection                           2551.760 / 4370.999   2551.760 / 4370.999   2551.760 / 4370.999   2551.760 / 4370.999    ms
[12.005s][info][gc,stats]            Memory: Allocation Rate                                  92 / 558              92 / 558              92 / 558              92 / 558         MB/s
[12.005s][info][gc,stats]            Memory: Defragment                                        0 / 0                 0 / 0                 0 / 0                 0 / 0           ops/s
[12.005s][info][gc,stats]            Memory: Mapped Cache Harvest                              0 / 0                 0 / 0                 0 / 0                 0 / 0           MB/s
[12.005s][info][gc,stats]            Memory: Out Of Memory                                     0 / 0                 0 / 0                 0 / 0                 0 / 0           ops/s
[12.005s][info][gc,stats]            Memory: Uncommit                                          0 / 0                 0 / 0                 0 / 0                 0 / 0           MB/s
[12.005s][info][gc,stats]            Memory: Undo Object Allocation Failed                     0 / 0                 0 / 0                 0 / 0                 0 / 0           ops/s
[12.005s][info][gc,stats]            Memory: Undo Object Allocation Succeeded                  0 / 0                 0 / 0                 0 / 0                 0 / 0           ops/s
[12.005s][info][gc,stats]            Memory: Undo Page Allocation                              0 / 0                 0 / 0                 0 / 0                 0 / 0           ops/s
[12.005s][info][gc,stats]  Minor Collection: Minor Collection                              0.000 / 0.000         0.000 / 0.000         0.000 / 0.000         0.000 / 0.000       ms
[12.005s][info][gc,stats]    Old Generation: Old Generation                              614.271 / 1225.496    614.271 / 1225.496    614.271 / 1225.496    614.271 / 1225.496    ms
[12.005s][info][gc,stats]         Old Pause: Pause Mark End                                0.010 / 0.014         0.010 / 0.014         0.010 / 0.014         0.010 / 0.014       ms
[12.005s][info][gc,stats]         Old Pause: Pause Relocate Start                          0.010 / 0.014         0.010 / 0.014         0.010 / 0.014         0.010 / 0.014       ms
[12.005s][info][gc,stats]         Old Phase: Concurrent Mark                             560.919 / 1121.633    560.919 / 1121.633    560.919 / 1121.633    560.919 / 1121.633    ms
[12.005s][info][gc,stats]         Old Phase: Concurrent Mark Continue                      0.000 / 0.000         0.000 / 0.000         0.000 / 0.000         0.000 / 0.000       ms
[12.005s][info][gc,stats]         Old Phase: Concurrent Mark Free                          0.005 / 0.010         0.005 / 0.010         0.005 / 0.010         0.005 / 0.010       ms
[12.005s][info][gc,stats]         Old Phase: Concurrent Process Non-Strong                46.072 / 90.133       46.072 / 90.133       46.072 / 90.133       46.072 / 90.133      ms
[12.005s][info][gc,stats]         Old Phase: Concurrent Relocate                           0.030 / 0.034         0.030 / 0.034         0.030 / 0.034         0.030 / 0.034       ms
[12.005s][info][gc,stats]         Old Phase: Concurrent Remap Roots                        7.026 / 13.476        7.026 / 13.476        7.026 / 13.476        7.026 / 13.476      ms
[12.005s][info][gc,stats]         Old Phase: Concurrent Reset Relocation Set               0.000 / 0.000         0.000 / 0.000         0.000 / 0.000         0.000 / 0.000       ms
[12.005s][info][gc,stats]         Old Phase: Concurrent Select Relocation Set              0.126 / 0.174         0.126 / 0.174         0.126 / 0.174         0.126 / 0.174       ms
[12.005s][info][gc,stats]      Old Subphase: Concurrent Classes Purge                      0.240 / 0.463         0.240 / 0.463         0.240 / 0.463         0.240 / 0.463       ms
[12.005s][info][gc,stats]      Old Subphase: Concurrent Classes Unlink                     1.013 / 1.262         1.013 / 1.262         1.013 / 1.262         1.013 / 1.262       ms
[12.005s][info][gc,stats]      Old Subphase: Concurrent Mark Follow                      560.828 / 1121.558    560.828 / 1121.558    560.828 / 1121.558    560.828 / 1121.558    ms
[12.005s][info][gc,stats]      Old Subphase: Concurrent Mark Root Colored                  0.023 / 0.055         0.023 / 0.055         0.023 / 0.055         0.023 / 0.055       ms
[12.005s][info][gc,stats]      Old Subphase: Concurrent Mark Root Uncolored                0.026 / 0.054         0.026 / 0.054         0.026 / 0.054         0.026 / 0.054       ms
[12.005s][info][gc,stats]      Old Subphase: Concurrent Mark Roots                         0.090 / 0.107         0.090 / 0.107         0.090 / 0.107         0.090 / 0.107       ms
[12.005s][info][gc,stats]      Old Subphase: Concurrent References Enqueue                 0.002 / 0.004         0.002 / 0.004         0.002 / 0.004         0.002 / 0.004       ms
[12.005s][info][gc,stats]      Old Subphase: Concurrent References Process                44.556 / 89.098       44.556 / 89.098       44.556 / 89.098       44.556 / 89.098      ms
[12.005s][info][gc,stats]      Old Subphase: Concurrent Remap Remembered                   6.568 / 13.165        6.568 / 13.165        6.568 / 13.165        6.568 / 13.165      ms
[12.005s][info][gc,stats]      Old Subphase: Concurrent Remap Roots Colored                0.234 / 0.398         0.234 / 0.398         0.234 / 0.398         0.234 / 0.398       ms
[12.005s][info][gc,stats]      Old Subphase: Concurrent Remap Roots Uncolored              0.175 / 0.194         0.175 / 0.194         0.175 / 0.194         0.175 / 0.194       ms
[12.005s][info][gc,stats]      Old Subphase: Concurrent Roots ClassLoaderDataGraph         0.126 / 0.382         0.126 / 0.382         0.126 / 0.382         0.126 / 0.382       ms
[12.005s][info][gc,stats]      Old Subphase: Concurrent Roots CodeCache                    0.174 / 0.191         0.174 / 0.191         0.174 / 0.191         0.174 / 0.191       ms
[12.005s][info][gc,stats]      Old Subphase: Concurrent Roots JavaThreads                  0.010 / 0.054         0.010 / 0.054         0.010 / 0.054         0.010 / 0.054       ms
[12.005s][info][gc,stats]      Old Subphase: Concurrent Roots OopStorageSet                0.003 / 0.009         0.003 / 0.009         0.003 / 0.009         0.003 / 0.009       ms
[12.005s][info][gc,stats]      Old Subphase: Concurrent Weak Roots OopStorageSet           0.061 / 0.200         0.061 / 0.200         0.061 / 0.200         0.061 / 0.200       ms
[12.005s][info][gc,stats]            System: Java Threads                                     11 / 12               11 / 12               11 / 12               11 / 12          threads
[12.005s][info][gc,stats]  Young Generation: Young Generation                            729.364 / 729.364     729.364 / 729.364     729.364 / 729.364     729.364 / 729.364     ms
[12.005s][info][gc,stats]  Young Generation: Young Generation                              0.000 / 0.000         0.000 / 0.000         0.000 / 0.000         0.000 / 0.000       ms
[12.005s][info][gc,stats]  Young Generation: Young Generation (Collect Roots)              1.624 / 1.624         1.624 / 1.624         1.624 / 1.624         1.624 / 1.624       ms
[12.005s][info][gc,stats]  Young Generation: Young Generation (Promote All)             3143.767 / 3143.767   3143.767 / 3143.767   3143.767 / 3143.767   3143.767 / 3143.767    ms
[12.005s][info][gc,stats]       Young Pause: Pause Mark End                                0.012 / 0.014         0.012 / 0.014         0.012 / 0.014         0.012 / 0.014       ms
[12.005s][info][gc,stats]       Young Pause: Pause Mark Start                              0.012 / 0.012         0.012 / 0.012         0.012 / 0.012         0.012 / 0.012       ms
[12.005s][info][gc,stats]       Young Pause: Pause Mark Start (Major)                      0.032 / 0.041         0.032 / 0.041         0.032 / 0.041         0.032 / 0.041       ms
[12.005s][info][gc,stats]       Young Pause: Pause Relocate Start                          0.005 / 0.010         0.005 / 0.010         0.005 / 0.010         0.005 / 0.010       ms
[12.005s][info][gc,stats]       Young Phase: Concurrent Mark                            1195.563 / 2859.555   1195.563 / 2859.555   1195.563 / 2859.555   1195.563 / 2859.555    ms
[12.005s][info][gc,stats]       Young Phase: Concurrent Mark Continue                      0.000 / 0.000         0.000 / 0.000         0.000 / 0.000         0.000 / 0.000       ms
[12.005s][info][gc,stats]       Young Phase: Concurrent Mark Free                          0.005 / 0.008         0.005 / 0.008         0.005 / 0.008         0.005 / 0.008       ms
[12.005s][info][gc,stats]       Young Phase: Concurrent Relocate                          62.823 / 186.045      62.823 / 186.045      62.823 / 186.045      62.823 / 186.045     ms
[12.005s][info][gc,stats]       Young Phase: Concurrent Reset Relocation Set               0.043 / 0.125         0.043 / 0.125         0.043 / 0.125         0.043 / 0.125       ms
[12.005s][info][gc,stats]       Young Phase: Concurrent Select Relocation Set             32.965 / 98.023       32.965 / 98.023       32.965 / 98.023       32.965 / 98.023      ms
[12.005s][info][gc,stats]    Young Subphase: Concurrent Mark Follow                     1194.700 / 2858.857   1194.700 / 2858.857   1194.700 / 2858.857   1194.700 / 2858.857    ms
[12.005s][info][gc,stats]    Young Subphase: Concurrent Mark Root Colored                  0.583 / 0.938         0.583 / 0.938         0.583 / 0.938         0.583 / 0.938       ms
[12.005s][info][gc,stats]    Young Subphase: Concurrent Mark Root Uncolored                0.240 / 0.347         0.240 / 0.347         0.240 / 0.347         0.240 / 0.347       ms
[12.005s][info][gc,stats]    Young Subphase: Concurrent Mark Roots                         0.861 / 1.342         0.861 / 1.342         0.861 / 1.342         0.861 / 1.342       ms
[12.005s][info][gc,stats]    Young Subphase: Concurrent Relocate Remset FP                62.010 / 186.003      62.010 / 186.003      62.010 / 186.003      62.010 / 186.003     ms
[12.005s][info][gc,stats]    Young Subphase: Concurrent Roots ClassLoaderDataGraph         0.363 / 0.446         0.363 / 0.446         0.363 / 0.446         0.363 / 0.446       ms
[12.005s][info][gc,stats]    Young Subphase: Concurrent Roots CodeCache                    0.203 / 0.289         0.203 / 0.289         0.203 / 0.289         0.203 / 0.289       ms
[12.005s][info][gc,stats]    Young Subphase: Concurrent Roots JavaThreads                  0.018 / 0.101         0.018 / 0.101         0.018 / 0.101         0.018 / 0.101       ms
[12.005s][info][gc,stats]    Young Subphase: Concurrent Roots OopStorageSet                0.055 / 0.186         0.055 / 0.186         0.055 / 0.186         0.055 / 0.186       ms
[12.005s][info][gc,stats]    Young Subphase: Concurrent Weak Roots OopStorageSet           0.170 / 0.454         0.170 / 0.454         0.170 / 0.454         0.170 / 0.454       ms
[12.005s][info][gc,stats] =========================================================================================================================================================
