
=== Instance 6/8, outer iteration 31/48 (Variant clear_path_sep) ===

Affinity: allowed=12,13,14,15,16,17,18,19,20,21,22,23 jvm=12,13,14,15,16,17,18,19,20,21 aux=22,23
Benchmark args: 146800180
Command: /gorilla/home/fredrha/SimplifyingWeakRefs/build/variant-images/clear_path_sep-linux-x86_64-server-release/jdk/bin/java -Xms160g -Xmx160g -XX:+UseZGC -Xlog:gc+stats,gc+ref -XX:InitialTenuringThreshold=1 -XX:MaxTenuringThreshold=1 -XX:ZCollectionIntervalMajor=0.5 -XX:+ZCollectionIntervalOnly -XX:NativeMemoryTracking=summary /gorilla/home/fredrha/SimplifyingWeakRefs/test/weakrefs/WeakRefMultiObjectBenchmark.java 146800180

[0.003s][warning][gc] ***** WARNING! INCORRECT SYSTEM CONFIGURATION DETECTED! *****
[0.003s][warning][gc] The system limit on number of memory mappings per process might be too low for the given
[0.003s][warning][gc] max Java heap size (163840M). Please adjust /proc/sys/vm/max_map_count to allow for at
[0.003s][warning][gc] least 294912 mappings (current limit is 65530). Continuing execution with the current
[0.003s][warning][gc] limit could lead to a premature OutOfMemoryError being thrown, due to failure to map memory.
[0.004s][info   ][gc,ref] Reference Processor created, Config: Separate lists, optimised clear path
[39.307s][info   ][gc,ref] GC(0) O:                           Encountered       Discovered Cleared/Enqueued 
[39.307s][info   ][gc,ref] GC(0) O: Soft References:                    0                0                0 
[39.307s][info   ][gc,ref] GC(0) O: Weak References:                    0                0                0 
[39.307s][info   ][gc,ref] GC(0) O: Weak (No Queue):                    0                0                0 
[39.307s][info   ][gc,ref] GC(0) O: Final References:                   0                0                0 
[39.307s][info   ][gc,ref] GC(0) O: Phantom References:                 0                0                0 
[39.824s][info   ][gc,ref] GC(1) O:                           Encountered       Discovered Cleared/Enqueued 
[39.824s][info   ][gc,ref] GC(1) O: Soft References:                  148                0                0 
[39.824s][info   ][gc,ref] GC(1) O: Weak References:                  605                0                0 
[39.824s][info   ][gc,ref] GC(1) O: Weak (No Queue):                    3                0                0 
[39.824s][info   ][gc,ref] GC(1) O: Final References:                   0                0                0 
[39.824s][info   ][gc,ref] GC(1) O: Phantom References:                 1                0                0 
[40.339s][info   ][gc,ref] GC(2) O:                           Encountered       Discovered Cleared/Enqueued 
[40.339s][info   ][gc,ref] GC(2) O: Soft References:                  148                0                0 
[40.339s][info   ][gc,ref] GC(2) O: Weak References:                  605                0                0 
[40.339s][info   ][gc,ref] GC(2) O: Weak (No Queue):                    3                0                0 
[40.339s][info   ][gc,ref] GC(2) O: Final References:                   0                0                0 
[40.339s][info   ][gc,ref] GC(2) O: Phantom References:                 1                0                0 
WeakRefMultiObjectBenchmark: objects=146800180 minSize=509 maxSize=1097 sleepMillis=3000
[40.862s][info   ][gc,ref] GC(3) O:                           Encountered       Discovered Cleared/Enqueued 
[40.862s][info   ][gc,ref] GC(3) O: Soft References:                  238                0                0 
[40.862s][info   ][gc,ref] GC(3) O: Weak References:                 1330              442              129 
[40.862s][info   ][gc,ref] GC(3) O: Weak (No Queue):                    3                3                0 
[40.862s][info   ][gc,ref] GC(3) O: Final References:                   0                0                0 
[40.862s][info   ][gc,ref] GC(3) O: Phantom References:                 1                1                0 
Phase 1: Allocating references and objects...
[42.375s][info   ][gc,ref] GC(4) O:                           Encountered       Discovered Cleared/Enqueued 
[42.375s][info   ][gc,ref] GC(4) O: Soft References:                  238                0                0 
[42.375s][info   ][gc,ref] GC(4) O: Weak References:                 1201              340                0 
[42.375s][info   ][gc,ref] GC(4) O: Weak (No Queue):                    3                3                0 
[42.375s][info   ][gc,ref] GC(4) O: Final References:                   0                0                0 
[42.375s][info   ][gc,ref] GC(4) O: Phantom References:                 1                1                0 
[44.334s][info   ][gc,ref] GC(5) O:                           Encountered       Discovered Cleared/Enqueued 
[44.334s][info   ][gc,ref] GC(5) O: Soft References:                  238                0                0 
[44.334s][info   ][gc,ref] GC(5) O: Weak References:                 1201              737              201 
[44.334s][info   ][gc,ref] GC(5) O: Weak (No Queue):                    3                3                0 
[44.334s][info   ][gc,ref] GC(5) O: Final References:                   0                0                0 
[44.334s][info   ][gc,ref] GC(5) O: Phantom References:                 1                1                0 
[45.745s][info   ][gc,ref] GC(6) O:                           Encountered       Discovered Cleared/Enqueued 
[45.745s][info   ][gc,ref] GC(6) O: Soft References:                  238                0                0 
[45.745s][info   ][gc,ref] GC(6) O: Weak References:                 1000              180                0 
[45.745s][info   ][gc,ref] GC(6) O: Weak (No Queue):                    3                3                0 
[45.745s][info   ][gc,ref] GC(6) O: Final References:                   0                0                0 
[45.745s][info   ][gc,ref] GC(6) O: Phantom References:                 1                1                0 
[47.150s][info   ][gc,ref] GC(7) O:                           Encountered       Discovered Cleared/Enqueued 
[47.150s][info   ][gc,ref] GC(7) O: Soft References:                  238                0                0 
[47.150s][info   ][gc,ref] GC(7) O: Weak References:                 1000              619                0 
[47.150s][info   ][gc,ref] GC(7) O: Weak (No Queue):                    3                0                0 
[47.150s][info   ][gc,ref] GC(7) O: Final References:                   0                0                0 
[47.150s][info   ][gc,ref] GC(7) O: Phantom References:                 1                0                0 
[48.538s][info   ][gc,ref] GC(8) O:                           Encountered       Discovered Cleared/Enqueued 
[48.538s][info   ][gc,ref] GC(8) O: Soft References:                  238                0                0 
[48.538s][info   ][gc,ref] GC(8) O: Weak References:                 1000              266                0 
[48.538s][info   ][gc,ref] GC(8) O: Weak (No Queue):                    3                2                0 
[48.538s][info   ][gc,ref] GC(8) O: Final References:                   0                0                0 
[48.538s][info   ][gc,ref] GC(8) O: Phantom References:                 1                1                0 
[50.829s][info   ][gc,ref] GC(9) O:                           Encountered       Discovered Cleared/Enqueued 
[50.829s][info   ][gc,ref] GC(9) O: Soft References:                  238                0                0 
[50.829s][info   ][gc,ref] GC(9) O: Weak References:                 1000              360                0 
[50.829s][info   ][gc,ref] GC(9) O: Weak (No Queue):              1808702                3                0 
[50.829s][info   ][gc,ref] GC(9) O: Final References:                   0                0                0 
[50.829s][info   ][gc,ref] GC(9) O: Phantom References:                 1                1                0 
[55.495s][info   ][gc,ref] GC(10) O:                           Encountered       Discovered Cleared/Enqueued 
[55.495s][info   ][gc,ref] GC(10) O: Soft References:                  238                0                0 
[55.495s][info   ][gc,ref] GC(10) O: Weak References:                 1000              370                0 
[55.495s][info   ][gc,ref] GC(10) O: Weak (No Queue):              6532344                3                0 
[55.495s][info   ][gc,ref] GC(10) O: Final References:                   0                0                0 
[55.495s][info   ][gc,ref] GC(10) O: Phantom References:                 1                1                0 
[66.398s][info   ][gc,ref] GC(11) O:                           Encountered       Discovered Cleared/Enqueued 
[66.398s][info   ][gc,ref] GC(11) O: Soft References:                  238                0                0 
[66.398s][info   ][gc,ref] GC(11) O: Weak References:                 1000              424                0 
[66.398s][info   ][gc,ref] GC(11) O: Weak (No Queue):             15663275                3                0 
[66.398s][info   ][gc,ref] GC(11) O: Final References:                   0                0                0 
[66.398s][info   ][gc,ref] GC(11) O: Phantom References:                 1                1                0 
[93.327s][info   ][gc,ref] GC(12) O:                           Encountered       Discovered Cleared/Enqueued 
[93.327s][info   ][gc,ref] GC(12) O: Soft References:                  238                0                0 
[93.327s][info   ][gc,ref] GC(12) O: Weak References:                 1000              169                0 
[93.327s][info   ][gc,ref] GC(12) O: Weak (No Queue):             37675996                3                0 
[93.327s][info   ][gc,ref] GC(12) O: Final References:                   0                0                0 
[93.327s][info   ][gc,ref] GC(12) O: Phantom References:                 1                1                0 
Allocated 146800180 objects in 82.43 seconds
Phase 2: Sleeping for 3000 ms...
Phase 3.1: Clearing strong references...
Cleared 29360037 strong references, 117440143 remaining
Waiting 3000 ms...
Phase 3.2: Clearing strong references...
Cleared 29360037 strong references, 88080106 remaining
Waiting 3000 ms...
Phase 3.3: Clearing strong references...
[144.317s][info   ][gc,ref] GC(13) O:                           Encountered       Discovered Cleared/Enqueued 
[144.317s][info   ][gc,ref] GC(13) O: Soft References:                  238                0                0 
[144.317s][info   ][gc,ref] GC(13) O: Weak References:                 1000              485                0 
[144.317s][info   ][gc,ref] GC(13) O: Weak (No Queue):             90546675          3669025                0 
[144.317s][info   ][gc,ref] GC(13) O: Final References:                   0                0                0 
[144.317s][info   ][gc,ref] GC(13) O: Phantom References:                 1                1                0 
Cleared 29360037 strong references, 58720069 remaining
Waiting 3000 ms...
Phase 3.4: Clearing strong references...
Cleared 29360037 strong references, 29360032 remaining
Waiting 3000 ms...
Phase 3.5: Clearing strong references...
Cleared 29360032 strong references, 0 remaining
Waiting 3000 ms...
Waiting 6000 ms...
Phase 4: Final weak reference checks...
Final count of alive weak references: 146800180
[189.948s][info   ][gc,stats] === Garbage Collection Statistics =======================================================================================================================
[189.948s][info   ][gc,stats]                                                              Last 10s              Last 10m              Last 10h                Total
[189.948s][info   ][gc,stats]                                                              Avg / Max             Avg / Max             Avg / Max             Avg / Max
[189.948s][info   ][gc,stats]        Contention: Mark Segment Reset Contention                     0 / 0                 0 / 34                0 / 34                0 / 34          ops/s
[189.948s][info   ][gc,stats]        Contention: Mark SeqNum Reset Contention                      0 / 0                 0 / 6                 0 / 6                 0 / 6           ops/s
[189.948s][info   ][gc,stats]          Critical: Allocation Stall                                  0 / 0                 0 / 0                 0 / 0                 0 / 0           ops/s
[189.948s][info   ][gc,stats]          Critical: Allocation Stall                              0.000 / 0.000         0.000 / 0.000         0.000 / 0.000         0.000 / 0.000       ms
[189.948s][info   ][gc,stats]          Critical: JNI Critical Stall                                0 / 0                 0 / 0                 0 / 0                 0 / 0           ops/s
[189.948s][info   ][gc,stats]          Critical: JNI Critical Stall                            0.000 / 0.000         0.000 / 0.000         0.000 / 0.000         0.000 / 0.000       ms
[189.948s][info   ][gc,stats]          Critical: Relocation Stall                                  0 / 0                 0 / 0                 0 / 0                 0 / 0           ops/s
[189.948s][info   ][gc,stats]          Critical: Relocation Stall                              0.000 / 0.000         0.000 / 0.000         0.000 / 0.000         0.000 / 0.000       ms
[189.948s][info   ][gc,stats]  Major Collection: Major Collection                              0.000 / 0.000      7031.609 / 50484.051  7031.609 / 50484.051  7031.609 / 50484.051   ms
[189.948s][info   ][gc,stats]            Memory: Allocation Rate                                   0 / 0               886 / 2326            886 / 2326            886 / 2326        MB/s
[189.948s][info   ][gc,stats]            Memory: Defragment                                        0 / 0                 0 / 0                 0 / 0                 0 / 0           ops/s
[189.948s][info   ][gc,stats]            Memory: Mapped Cache Harvest                              0 / 0                 0 / 0                 0 / 0                 0 / 0           MB/s
[189.948s][info   ][gc,stats]            Memory: Out Of Memory                                     0 / 0                 0 / 0                 0 / 0                 0 / 0           ops/s
[189.948s][info   ][gc,stats]            Memory: Uncommit                                          0 / 0                 0 / 0                 0 / 0                 0 / 0           MB/s
[189.948s][info   ][gc,stats]            Memory: Undo Object Allocation Failed                     0 / 0                 0 / 0                 0 / 0                 0 / 0           ops/s
[189.948s][info   ][gc,stats]            Memory: Undo Object Allocation Succeeded                  0 / 0                 0 / 1                 0 / 1                 0 / 1           ops/s
[189.948s][info   ][gc,stats]            Memory: Undo Page Allocation                              0 / 0                 0 / 0                 0 / 0                 0 / 0           ops/s
[189.948s][info   ][gc,stats]  Minor Collection: Minor Collection                              0.000 / 0.000         0.000 / 0.000         0.000 / 0.000         0.000 / 0.000       ms
[189.948s][info   ][gc,stats]    Old Generation: Old Generation                                0.000 / 0.000      2537.590 / 13551.107  2537.590 / 13551.107  2537.590 / 13551.107   ms
[189.948s][info   ][gc,stats]         Old Pause: Pause Mark End                                0.000 / 0.000         0.010 / 0.014         0.010 / 0.014         0.010 / 0.014       ms
[189.948s][info   ][gc,stats]         Old Pause: Pause Relocate Start                          0.000 / 0.000         0.007 / 0.013         0.007 / 0.013         0.007 / 0.013       ms
[189.949s][info   ][gc,stats]         Old Phase: Concurrent Mark                               0.000 / 0.000      2307.416 / 12108.503  2307.416 / 12108.503  2307.416 / 12108.503   ms
[189.949s][info   ][gc,stats]         Old Phase: Concurrent Mark Continue                      0.000 / 0.000         0.000 / 0.000         0.000 / 0.000         0.000 / 0.000       ms
[189.949s][info   ][gc,stats]         Old Phase: Concurrent Mark Free                          0.000 / 0.000         0.005 / 0.008         0.005 / 0.008         0.005 / 0.008       ms
[189.949s][info   ][gc,stats]         Old Phase: Concurrent Process Non-Strong                 0.000 / 0.000        31.531 / 424.543      31.531 / 424.543      31.531 / 424.543     ms
[189.949s][info   ][gc,stats]         Old Phase: Concurrent Relocate                           0.000 / 0.000         1.011 / 3.367         1.011 / 3.367         1.011 / 3.367       ms
[189.949s][info   ][gc,stats]         Old Phase: Concurrent Remap Roots                        0.000 / 0.000       195.550 / 1013.107    195.550 / 1013.107    195.550 / 1013.107    ms
[189.949s][info   ][gc,stats]         Old Phase: Concurrent Reset Relocation Set               0.000 / 0.000         0.001 / 0.001         0.001 / 0.001         0.001 / 0.001       ms
[189.949s][info   ][gc,stats]         Old Phase: Concurrent Select Relocation Set              0.000 / 0.000         1.872 / 2.593         1.872 / 2.593         1.872 / 2.593       ms
[189.949s][info   ][gc,stats]      Old Subphase: Concurrent Classes Purge                      0.000 / 0.000         0.187 / 2.018         0.187 / 2.018         0.187 / 2.018       ms
[189.949s][info   ][gc,stats]      Old Subphase: Concurrent Classes Unlink                     0.000 / 0.000         1.062 / 1.832         1.062 / 1.832         1.062 / 1.832       ms
[189.949s][info   ][gc,stats]      Old Subphase: Concurrent Mark Follow                        0.000 / 0.000      2307.341 / 12108.408  2307.341 / 12108.408  2307.341 / 12108.408   ms
[189.949s][info   ][gc,stats]      Old Subphase: Concurrent Mark Root Colored                  0.026 / 0.035         0.027 / 0.075         0.027 / 0.075         0.027 / 0.075       ms
[189.949s][info   ][gc,stats]      Old Subphase: Concurrent Mark Root Uncolored                0.027 / 0.029         0.021 / 0.036         0.021 / 0.036         0.021 / 0.036       ms
[189.949s][info   ][gc,stats]      Old Subphase: Concurrent Mark Roots                         0.088 / 0.088         0.073 / 0.105         0.073 / 0.105         0.073 / 0.105       ms
[189.949s][info   ][gc,stats]      Old Subphase: Concurrent References Enqueue                 0.000 / 0.000         0.001 / 0.003         0.001 / 0.003         0.001 / 0.003       ms
[189.949s][info   ][gc,stats]      Old Subphase: Concurrent References Process                 0.000 / 0.000        30.102 / 420.796      30.102 / 420.796      30.102 / 420.796     ms
[189.949s][info   ][gc,stats]      Old Subphase: Concurrent Remap Remembered                   0.000 / 0.000       131.140 / 1012.963    131.140 / 1012.963    131.140 / 1012.963    ms
[189.949s][info   ][gc,stats]      Old Subphase: Concurrent Remap Roots Colored                0.000 / 0.000         0.139 / 0.274         0.139 / 0.274         0.139 / 0.274       ms
[189.949s][info   ][gc,stats]      Old Subphase: Concurrent Remap Roots Uncolored              0.000 / 0.000         0.139 / 0.243         0.139 / 0.243         0.139 / 0.243       ms
[189.949s][info   ][gc,stats]      Old Subphase: Concurrent Roots ClassLoaderDataGraph         0.020 / 0.023         0.080 / 0.265         0.080 / 0.265         0.080 / 0.265       ms
[189.949s][info   ][gc,stats]      Old Subphase: Concurrent Roots CodeCache                    0.000 / 0.000         0.137 / 0.241         0.137 / 0.241         0.137 / 0.241       ms
[189.949s][info   ][gc,stats]      Old Subphase: Concurrent Roots JavaThreads                  0.026 / 0.029         0.008 / 0.036         0.008 / 0.036         0.008 / 0.036       ms
[189.949s][info   ][gc,stats]      Old Subphase: Concurrent Roots OopStorageSet                0.009 / 0.009         0.003 / 0.011         0.003 / 0.011         0.003 / 0.011       ms
[189.949s][info   ][gc,stats]      Old Subphase: Concurrent Weak Roots OopStorageSet           0.000 / 0.000         0.047 / 0.213         0.047 / 0.213         0.047 / 0.213       ms
[189.949s][info   ][gc,stats]            System: Java Threads                                     11 / 11               11 / 13               11 / 13               11 / 13          threads
[189.949s][info   ][gc,stats]  Young Generation: Young Generation                          41855.480 / 41855.480  6984.696 / 41855.480  6984.696 / 41855.480  6984.696 / 41855.480   ms
[189.949s][info   ][gc,stats]  Young Generation: Young Generation                              0.000 / 0.000         0.000 / 0.000         0.000 / 0.000         0.000 / 0.000       ms
[189.949s][info   ][gc,stats]  Young Generation: Young Generation (Collect Roots)              0.000 / 0.000         0.000 / 0.000         0.000 / 0.000         0.000 / 0.000       ms
[189.949s][info   ][gc,stats]  Young Generation: Young Generation (Promote All)                0.000 / 0.000         0.000 / 0.000         0.000 / 0.000         0.000 / 0.000       ms
[189.949s][info   ][gc,stats]       Young Pause: Pause Mark End                                0.012 / 0.012         0.010 / 0.013         0.010 / 0.013         0.010 / 0.013       ms
[189.949s][info   ][gc,stats]       Young Pause: Pause Mark Start                              0.000 / 0.000         0.000 / 0.000         0.000 / 0.000         0.000 / 0.000       ms
[189.949s][info   ][gc,stats]       Young Pause: Pause Mark Start (Major)                      0.000 / 0.000         0.022 / 0.035         0.022 / 0.035         0.022 / 0.035       ms
[189.949s][info   ][gc,stats]       Young Pause: Pause Relocate Start                          0.014 / 0.014         0.007 / 0.014         0.007 / 0.014         0.007 / 0.014       ms
[189.949s][info   ][gc,stats]       Young Phase: Concurrent Mark                           35691.601 / 35691.601  6151.598 / 35691.601  6151.598 / 35691.601  6151.598 / 35691.601   ms
[189.949s][info   ][gc,stats]       Young Phase: Concurrent Mark Continue                      0.000 / 0.000         0.000 / 0.000         0.000 / 0.000         0.000 / 0.000       ms
[189.949s][info   ][gc,stats]       Young Phase: Concurrent Mark Free                          0.007 / 0.007         0.006 / 0.014         0.006 / 0.014         0.006 / 0.014       ms
[189.949s][info   ][gc,stats]       Young Phase: Concurrent Relocate                        3257.312 / 3257.312    443.395 / 3257.312    443.395 / 3257.312    443.395 / 3257.312    ms
[189.949s][info   ][gc,stats]       Young Phase: Concurrent Reset Relocation Set               3.334 / 3.334         0.376 / 3.334         0.376 / 3.334         0.376 / 3.334       ms
[189.949s][info   ][gc,stats]       Young Phase: Concurrent Select Relocation Set           2902.775 / 2902.775    388.942 / 2902.775    388.942 / 2902.775    388.942 / 2902.775    ms
[189.949s][info   ][gc,stats]    Young Subphase: Concurrent Mark Follow                    35691.084 / 35691.084  6150.877 / 35691.084  6150.877 / 35691.084  6150.877 / 35691.084   ms
[189.949s][info   ][gc,stats]    Young Subphase: Concurrent Mark Root Colored                  0.000 / 0.000         0.400 / 0.644         0.400 / 0.644         0.400 / 0.644       ms
[189.949s][info   ][gc,stats]    Young Subphase: Concurrent Mark Root Uncolored                0.000 / 0.000         0.253 / 0.420         0.253 / 0.420         0.253 / 0.420       ms
[189.949s][info   ][gc,stats]    Young Subphase: Concurrent Mark Roots                         0.000 / 0.000         0.719 / 1.004         0.719 / 1.004         0.719 / 1.004       ms
[189.949s][info   ][gc,stats]    Young Subphase: Concurrent Relocate Remset FP              3257.266 / 3257.266    442.967 / 3257.266    442.967 / 3257.266    442.967 / 3257.266    ms
[189.949s][info   ][gc,stats]    Young Subphase: Concurrent Roots ClassLoaderDataGraph         0.000 / 0.000         0.283 / 0.429         0.283 / 0.429         0.283 / 0.429       ms
[189.949s][info   ][gc,stats]    Young Subphase: Concurrent Roots CodeCache                    0.000 / 0.000         0.229 / 0.395         0.229 / 0.395         0.229 / 0.395       ms
[189.949s][info   ][gc,stats]    Young Subphase: Concurrent Roots JavaThreads                  0.004 / 0.004         0.018 / 0.302         0.018 / 0.302         0.018 / 0.302       ms
[189.949s][info   ][gc,stats]    Young Subphase: Concurrent Roots OopStorageSet                0.000 / 0.000         0.015 / 0.109         0.015 / 0.109         0.015 / 0.109       ms
[189.949s][info   ][gc,stats]    Young Subphase: Concurrent Weak Roots OopStorageSet           0.000 / 0.000         0.102 / 0.238         0.102 / 0.238         0.102 / 0.238       ms
[189.949s][info   ][gc,stats] =========================================================================================================================================================
