
=== Instance 3/8, outer iteration 18/48 (Variant clear_path_only) ===

Affinity: allowed=24,25,26,27,28,29,30,31,32,33,34,35 jvm=24,25,26,27,28,29,30,31,32,33 aux=34,35
Benchmark args: 146800180
Command: /gorilla/home/fredrha/SimplifyingWeakRefs/build/variant-images/clear_path_only-linux-x86_64-server-release/jdk/bin/java -Xms160g -Xmx160g -XX:+UseZGC -Xlog:gc+stats,gc+ref -XX:InitialTenuringThreshold=1 -XX:MaxTenuringThreshold=1 -XX:ZCollectionIntervalMajor=0.5 -XX:+ZCollectionIntervalOnly -XX:NativeMemoryTracking=summary /gorilla/home/fredrha/SimplifyingWeakRefs/test/weakrefs/WeakRefMultiObjectBenchmark.java 146800180

[0.004s][warning][gc] ***** WARNING! INCORRECT SYSTEM CONFIGURATION DETECTED! *****
[0.004s][warning][gc] The system limit on number of memory mappings per process might be too low for the given
[0.004s][warning][gc] max Java heap size (163840M). Please adjust /proc/sys/vm/max_map_count to allow for at
[0.004s][warning][gc] least 294912 mappings (current limit is 65530). Continuing execution with the current
[0.004s][warning][gc] limit could lead to a premature OutOfMemoryError being thrown, due to failure to map memory.
[0.004s][info   ][gc,ref] Reference Processor created, Config: Optimised clear path
[41.085s][info   ][gc,ref] GC(0) O:                           Encountered       Discovered Cleared/Enqueued 
[41.085s][info   ][gc,ref] GC(0) O: Soft References:                    0                0                0 
[41.085s][info   ][gc,ref] GC(0) O: Weak References:                    0                0                0 
[41.085s][info   ][gc,ref] GC(0) O: Weak (No Queue):                    0                0                0 
[41.085s][info   ][gc,ref] GC(0) O: Final References:                   0                0                0 
[41.085s][info   ][gc,ref] GC(0) O: Phantom References:                 0                0                0 
[41.602s][info   ][gc,ref] GC(1) O:                           Encountered       Discovered Cleared/Enqueued 
[41.602s][info   ][gc,ref] GC(1) O: Soft References:                  148                0                0 
[41.602s][info   ][gc,ref] GC(1) O: Weak References:                  605                0                0 
[41.602s][info   ][gc,ref] GC(1) O: Weak (No Queue):                    3                0                0 
[41.602s][info   ][gc,ref] GC(1) O: Final References:                   0                0                0 
[41.602s][info   ][gc,ref] GC(1) O: Phantom References:                 1                0                0 
[42.119s][info   ][gc,ref] GC(2) O:                           Encountered       Discovered Cleared/Enqueued 
[42.119s][info   ][gc,ref] GC(2) O: Soft References:                  148                0                0 
[42.119s][info   ][gc,ref] GC(2) O: Weak References:                  605                0                0 
[42.119s][info   ][gc,ref] GC(2) O: Weak (No Queue):                    3                0                0 
[42.119s][info   ][gc,ref] GC(2) O: Final References:                   0                0                0 
[42.119s][info   ][gc,ref] GC(2) O: Phantom References:                 1                0                0 
[42.640s][info   ][gc,ref] GC(3) O:                           Encountered       Discovered Cleared/Enqueued 
[42.640s][info   ][gc,ref] GC(3) O: Soft References:                  209                0                0 
[42.640s][info   ][gc,ref] GC(3) O: Weak References:                 1244              411              129 
[42.640s][info   ][gc,ref] GC(3) O: Weak (No Queue):                   61                3                0 
[42.640s][info   ][gc,ref] GC(3) O: Final References:                   0                0                0 
[42.640s][info   ][gc,ref] GC(3) O: Phantom References:                 1                0                0 
WeakRefMultiObjectBenchmark: objects=146800180 minSize=509 maxSize=1097 sleepMillis=3000
[43.234s][info   ][gc,ref] GC(4) O:                           Encountered       Discovered Cleared/Enqueued 
[43.234s][info   ][gc,ref] GC(4) O: Soft References:                  238                0                0 
[43.234s][info   ][gc,ref] GC(4) O: Weak References:                 1201              182                0 
[43.234s][info   ][gc,ref] GC(4) O: Weak (No Queue):                    3                3                0 
[43.234s][info   ][gc,ref] GC(4) O: Final References:                   0                0                0 
[43.234s][info   ][gc,ref] GC(4) O: Phantom References:                 1                1                0 
Phase 1: Allocating references and objects...
[44.818s][info   ][gc,ref] GC(5) O:                           Encountered       Discovered Cleared/Enqueued 
[44.818s][info   ][gc,ref] GC(5) O: Soft References:                  238                0                0 
[44.818s][info   ][gc,ref] GC(5) O: Weak References:                 1201              566              166 
[44.818s][info   ][gc,ref] GC(5) O: Weak (No Queue):                    3                3                0 
[44.818s][info   ][gc,ref] GC(5) O: Final References:                   0                0                0 
[44.818s][info   ][gc,ref] GC(5) O: Phantom References:                 1                1                0 
[45.819s][info   ][gc,ref] GC(6) O:                           Encountered       Discovered Cleared/Enqueued 
[45.819s][info   ][gc,ref] GC(6) O: Soft References:                  238                0                0 
[45.819s][info   ][gc,ref] GC(6) O: Weak References:                 1035              905               35 
[45.819s][info   ][gc,ref] GC(6) O: Weak (No Queue):                    3                3                0 
[45.819s][info   ][gc,ref] GC(6) O: Final References:                   0                0                0 
[45.819s][info   ][gc,ref] GC(6) O: Phantom References:                 1                1                0 
[46.816s][info   ][gc,ref] GC(7) O:                           Encountered       Discovered Cleared/Enqueued 
[46.816s][info   ][gc,ref] GC(7) O: Soft References:                  238                0                0 
[46.816s][info   ][gc,ref] GC(7) O: Weak References:                 1000                0                0 
[46.816s][info   ][gc,ref] GC(7) O: Weak (No Queue):                    3                3                0 
[46.816s][info   ][gc,ref] GC(7) O: Final References:                   0                0                0 
[46.816s][info   ][gc,ref] GC(7) O: Phantom References:                 1                1                0 
[47.820s][info   ][gc,ref] GC(8) O:                           Encountered       Discovered Cleared/Enqueued 
[47.820s][info   ][gc,ref] GC(8) O: Soft References:                  238                0                0 
[47.820s][info   ][gc,ref] GC(8) O: Weak References:                 1000              888                0 
[47.820s][info   ][gc,ref] GC(8) O: Weak (No Queue):                    3                0                0 
[47.820s][info   ][gc,ref] GC(8) O: Final References:                   0                0                0 
[47.820s][info   ][gc,ref] GC(8) O: Phantom References:                 1                0                0 
[48.773s][info   ][gc,ref] GC(9) O:                           Encountered       Discovered Cleared/Enqueued 
[48.773s][info   ][gc,ref] GC(9) O: Soft References:                  238                0                0 
[48.773s][info   ][gc,ref] GC(9) O: Weak References:                 1000              903                0 
[48.773s][info   ][gc,ref] GC(9) O: Weak (No Queue):                    3                0                0 
[48.773s][info   ][gc,ref] GC(9) O: Final References:                   0                0                0 
[48.773s][info   ][gc,ref] GC(9) O: Phantom References:                 1                1                0 
[50.148s][info   ][gc,ref] GC(10) O:                           Encountered       Discovered Cleared/Enqueued 
[50.148s][info   ][gc,ref] GC(10) O: Soft References:                  238                0                0 
[50.148s][info   ][gc,ref] GC(10) O: Weak References:                 1000              146                0 
[50.148s][info   ][gc,ref] GC(10) O: Weak (No Queue):                    3                0                0 
[50.148s][info   ][gc,ref] GC(10) O: Final References:                   0                0                0 
[50.148s][info   ][gc,ref] GC(10) O: Phantom References:                 1                1                0 
[51.577s][info   ][gc,ref] GC(11) O:                           Encountered       Discovered Cleared/Enqueued 
[51.577s][info   ][gc,ref] GC(11) O: Soft References:                  238                0                0 
[51.577s][info   ][gc,ref] GC(11) O: Weak References:                 1000              139                0 
[51.577s][info   ][gc,ref] GC(11) O: Weak (No Queue):               873118                3                0 
[51.577s][info   ][gc,ref] GC(11) O: Final References:                   0                0                0 
[51.577s][info   ][gc,ref] GC(11) O: Phantom References:                 1                1                0 
[54.829s][info   ][gc,ref] GC(12) O:                           Encountered       Discovered Cleared/Enqueued 
[54.829s][info   ][gc,ref] GC(12) O: Soft References:                  238                0                0 
[54.829s][info   ][gc,ref] GC(12) O: Weak References:                 1000              142                0 
[54.829s][info   ][gc,ref] GC(12) O: Weak (No Queue):              3603594                3                0 
[54.829s][info   ][gc,ref] GC(12) O: Final References:                   0                0                0 
[54.829s][info   ][gc,ref] GC(12) O: Phantom References:                 1                1                0 
[62.263s][info   ][gc,ref] GC(13) O:                           Encountered       Discovered Cleared/Enqueued 
[62.263s][info   ][gc,ref] GC(13) O: Soft References:                  238                0                0 
[62.263s][info   ][gc,ref] GC(13) O: Weak References:                 1000              118                0 
[62.263s][info   ][gc,ref] GC(13) O: Weak (No Queue):              9738318                3                0 
[62.263s][info   ][gc,ref] GC(13) O: Final References:                   0                0                0 
[62.263s][info   ][gc,ref] GC(13) O: Phantom References:                 1                1                0 
[78.884s][info   ][gc,ref] GC(14) O:                           Encountered       Discovered Cleared/Enqueued 
[78.884s][info   ][gc,ref] GC(14) O: Soft References:                  238                0                0 
[78.884s][info   ][gc,ref] GC(14) O: Weak References:                 1000              231                0 
[78.884s][info   ][gc,ref] GC(14) O: Weak (No Queue):             23505465                3                0 
[78.884s][info   ][gc,ref] GC(14) O: Final References:                   0                0                0 
[78.884s][info   ][gc,ref] GC(14) O: Phantom References:                 1                1                0 
[112.785s][info   ][gc,ref] GC(15) O:                           Encountered       Discovered Cleared/Enqueued 
[112.785s][info   ][gc,ref] GC(15) O: Soft References:                  238                0                0 
[112.785s][info   ][gc,ref] GC(15) O: Weak References:                 1000                5                0 
[112.785s][info   ][gc,ref] GC(15) O: Weak (No Queue):             54945791          2508922                0 
[112.785s][info   ][gc,ref] GC(15) O: Final References:                   0                0                0 
[112.785s][info   ][gc,ref] GC(15) O: Phantom References:                 1                1                0 
Allocated 146800180 objects in 87.80 seconds
Phase 2: Sleeping for 3000 ms...
Phase 3.1: Clearing strong references...
Cleared 29360037 strong references, 117440143 remaining
Waiting 3000 ms...
Phase 3.2: Clearing strong references...
Cleared 29360037 strong references, 88080106 remaining
Waiting 3000 ms...
Phase 3.3: Clearing strong references...
Cleared 29360037 strong references, 58720069 remaining
Waiting 3000 ms...
Phase 3.4: Clearing strong references...
Cleared 29360037 strong references, 29360032 remaining
Waiting 3000 ms...
Phase 3.5: Clearing strong references...
Cleared 29360032 strong references, 0 remaining
Waiting 3000 ms...
Waiting 6000 ms...
Phase 4: Final weak reference checks...
[179.527s][info   ][gc,ref] GC(16) O:                           Encountered       Discovered Cleared/Enqueued 
[179.527s][info   ][gc,ref] GC(16) O: Soft References:                  238                0                0 
[179.527s][info   ][gc,ref] GC(16) O: Weak References:                 1000              935                0 
[179.527s][info   ][gc,ref] GC(16) O: Weak (No Queue):            117159767         19159625                0 
[179.527s][info   ][gc,ref] GC(16) O: Final References:                   0                0                0 
[179.527s][info   ][gc,ref] GC(16) O: Phantom References:                 1                1                0 
Final count of alive weak references: 146800180
[210.843s][info   ][gc,stats] === Garbage Collection Statistics =======================================================================================================================
[210.843s][info   ][gc,stats]                                                              Last 10s              Last 10m              Last 10h                Total
[210.843s][info   ][gc,stats]                                                              Avg / Max             Avg / Max             Avg / Max             Avg / Max
[210.843s][info   ][gc,stats]        Contention: Mark Segment Reset Contention                     0 / 0                 0 / 15                0 / 15                0 / 15          ops/s
[210.843s][info   ][gc,stats]        Contention: Mark SeqNum Reset Contention                      0 / 0                 0 / 5                 0 / 5                 0 / 5           ops/s
[210.843s][info   ][gc,stats]          Critical: Allocation Stall                                  0 / 0                 0 / 0                 0 / 0                 0 / 0           ops/s
[210.843s][info   ][gc,stats]          Critical: Allocation Stall                              0.000 / 0.000         0.000 / 0.000         0.000 / 0.000         0.000 / 0.000       ms
[210.843s][info   ][gc,stats]          Critical: JNI Critical Stall                                0 / 0                 0 / 0                 0 / 0                 0 / 0           ops/s
[210.843s][info   ][gc,stats]          Critical: JNI Critical Stall                            0.000 / 0.000         0.000 / 0.000         0.000 / 0.000         0.000 / 0.000       ms
[210.843s][info   ][gc,stats]          Critical: Relocation Stall                                  0 / 0                 0 / 0                 0 / 0                 0 / 0           ops/s
[210.843s][info   ][gc,stats]          Critical: Relocation Stall                              0.000 / 0.000         0.000 / 0.000         0.000 / 0.000         0.000 / 0.000       ms
[210.843s][info   ][gc,stats]  Major Collection: Major Collection                              0.000 / 0.000      7669.815 / 66232.273  7669.815 / 66232.273  7669.815 / 66232.273   ms
[210.844s][info   ][gc,stats]            Memory: Allocation Rate                                   0 / 0               786 / 1722            786 / 1722            786 / 1722        MB/s
[210.844s][info   ][gc,stats]            Memory: Defragment                                        0 / 0                 0 / 0                 0 / 0                 0 / 0           ops/s
[210.844s][info   ][gc,stats]            Memory: Mapped Cache Harvest                              0 / 0                 0 / 0                 0 / 0                 0 / 0           MB/s
[210.844s][info   ][gc,stats]            Memory: Out Of Memory                                     0 / 0                 0 / 0                 0 / 0                 0 / 0           ops/s
[210.844s][info   ][gc,stats]            Memory: Uncommit                                          0 / 0                 0 / 0                 0 / 0                 0 / 0           MB/s
[210.844s][info   ][gc,stats]            Memory: Undo Object Allocation Failed                     0 / 0                 0 / 0                 0 / 0                 0 / 0           ops/s
[210.844s][info   ][gc,stats]            Memory: Undo Object Allocation Succeeded                  0 / 0                 0 / 2                 0 / 2                 0 / 2           ops/s
[210.844s][info   ][gc,stats]            Memory: Undo Page Allocation                              0 / 0                 0 / 0                 0 / 0                 0 / 0           ops/s
[210.844s][info   ][gc,stats]  Minor Collection: Minor Collection                              0.000 / 0.000         0.000 / 0.000         0.000 / 0.000         0.000 / 0.000       ms
[210.844s][info   ][gc,stats]    Old Generation: Old Generation                                0.000 / 0.000      2441.577 / 16758.726  2441.577 / 16758.726  2441.577 / 16758.726   ms
[210.844s][info   ][gc,stats]         Old Pause: Pause Mark End                                0.000 / 0.000         0.011 / 0.015         0.011 / 0.015         0.011 / 0.015       ms
[210.844s][info   ][gc,stats]         Old Pause: Pause Relocate Start                          0.000 / 0.000         0.007 / 0.017         0.007 / 0.017         0.007 / 0.017       ms
[210.844s][info   ][gc,stats]         Old Phase: Concurrent Mark                               0.000 / 0.000      2084.650 / 13458.732  2084.650 / 13458.732  2084.650 / 13458.732   ms
[210.844s][info   ][gc,stats]         Old Phase: Concurrent Mark Continue                      0.000 / 0.000         0.000 / 0.000         0.000 / 0.000         0.000 / 0.000       ms
[210.844s][info   ][gc,stats]         Old Phase: Concurrent Mark Free                          0.000 / 0.000         0.004 / 0.007         0.004 / 0.007         0.004 / 0.007       ms
[210.844s][info   ][gc,stats]         Old Phase: Concurrent Process Non-Strong                 0.000 / 0.000       175.155 / 2376.004    175.155 / 2376.004    175.155 / 2376.004    ms
[210.844s][info   ][gc,stats]         Old Phase: Concurrent Relocate                           0.000 / 0.000         1.025 / 2.120         1.025 / 2.120         1.025 / 2.120       ms
[210.844s][info   ][gc,stats]         Old Phase: Concurrent Remap Roots                        0.000 / 0.000       178.722 / 1003.832    178.722 / 1003.832    178.722 / 1003.832    ms
[210.844s][info   ][gc,stats]         Old Phase: Concurrent Reset Relocation Set               0.000 / 0.000         0.001 / 0.002         0.001 / 0.002         0.001 / 0.002       ms
[210.844s][info   ][gc,stats]         Old Phase: Concurrent Select Relocation Set              0.000 / 0.000         1.789 / 2.422         1.789 / 2.422         1.789 / 2.422       ms
[210.844s][info   ][gc,stats]      Old Subphase: Concurrent Classes Purge                      0.000 / 0.000         0.125 / 1.552         0.125 / 1.552         0.125 / 1.552       ms
[210.844s][info   ][gc,stats]      Old Subphase: Concurrent Classes Unlink                     0.000 / 0.000         1.143 / 1.421         1.143 / 1.421         1.143 / 1.421       ms
[210.844s][info   ][gc,stats]      Old Subphase: Concurrent Mark Follow                        0.000 / 0.000      2084.558 / 13458.654  2084.558 / 13458.654  2084.558 / 13458.654   ms
[210.844s][info   ][gc,stats]      Old Subphase: Concurrent Mark Root Colored                  0.000 / 0.000         0.028 / 0.073         0.028 / 0.073         0.028 / 0.073       ms
[210.844s][info   ][gc,stats]      Old Subphase: Concurrent Mark Root Uncolored                0.000 / 0.000         0.029 / 0.069         0.029 / 0.069         0.029 / 0.069       ms
[210.844s][info   ][gc,stats]      Old Subphase: Concurrent Mark Roots                         0.000 / 0.000         0.089 / 0.144         0.089 / 0.144         0.089 / 0.144       ms
[210.844s][info   ][gc,stats]      Old Subphase: Concurrent References Enqueue                 0.000 / 0.000         0.001 / 0.003         0.001 / 0.003         0.001 / 0.003       ms
[210.844s][info   ][gc,stats]      Old Subphase: Concurrent References Process                 0.000 / 0.000       173.684 / 2372.819    173.684 / 2372.819    173.684 / 2372.819    ms
[210.844s][info   ][gc,stats]      Old Subphase: Concurrent Remap Remembered                   0.000 / 0.000       118.736 / 1003.525    118.736 / 1003.525    118.736 / 1003.525    ms
[210.844s][info   ][gc,stats]      Old Subphase: Concurrent Remap Roots Colored                0.000 / 0.000         0.126 / 0.286         0.126 / 0.286         0.126 / 0.286       ms
[210.844s][info   ][gc,stats]      Old Subphase: Concurrent Remap Roots Uncolored              0.000 / 0.000         0.188 / 0.291         0.188 / 0.291         0.188 / 0.291       ms
[210.844s][info   ][gc,stats]      Old Subphase: Concurrent Roots ClassLoaderDataGraph         0.000 / 0.000         0.073 / 0.276         0.073 / 0.276         0.073 / 0.276       ms
[210.844s][info   ][gc,stats]      Old Subphase: Concurrent Roots CodeCache                    0.000 / 0.000         0.187 / 0.289         0.187 / 0.289         0.187 / 0.289       ms
[210.844s][info   ][gc,stats]      Old Subphase: Concurrent Roots JavaThreads                  0.000 / 0.000         0.009 / 0.069         0.009 / 0.069         0.009 / 0.069       ms
[210.844s][info   ][gc,stats]      Old Subphase: Concurrent Roots OopStorageSet                0.000 / 0.000         0.003 / 0.011         0.003 / 0.011         0.003 / 0.011       ms
[210.844s][info   ][gc,stats]      Old Subphase: Concurrent Weak Roots OopStorageSet           0.000 / 0.000         0.051 / 0.151         0.051 / 0.151         0.051 / 0.151       ms
[210.844s][info   ][gc,stats]            System: Java Threads                                      0 / 0                11 / 12               11 / 12               11 / 12          threads
[210.844s][info   ][gc,stats]  Young Generation: Young Generation                              0.000 / 0.000      5228.125 / 49473.416  5228.125 / 49473.416  5228.125 / 49473.416   ms
[210.844s][info   ][gc,stats]  Young Generation: Young Generation                              0.000 / 0.000         0.000 / 0.000         0.000 / 0.000         0.000 / 0.000       ms
[210.844s][info   ][gc,stats]  Young Generation: Young Generation (Collect Roots)              0.000 / 0.000         0.000 / 0.000         0.000 / 0.000         0.000 / 0.000       ms
[210.844s][info   ][gc,stats]  Young Generation: Young Generation (Promote All)                0.000 / 0.000         0.000 / 0.000         0.000 / 0.000         0.000 / 0.000       ms
[210.844s][info   ][gc,stats]       Young Pause: Pause Mark End                                0.000 / 0.000         0.011 / 0.014         0.011 / 0.014         0.011 / 0.014       ms
[210.844s][info   ][gc,stats]       Young Pause: Pause Mark Start                              0.000 / 0.000         0.000 / 0.000         0.000 / 0.000         0.000 / 0.000       ms
[210.844s][info   ][gc,stats]       Young Pause: Pause Mark Start (Major)                      0.000 / 0.000         0.021 / 0.033         0.021 / 0.033         0.021 / 0.033       ms
[210.844s][info   ][gc,stats]       Young Pause: Pause Relocate Start                          0.000 / 0.000         0.007 / 0.017         0.007 / 0.017         0.007 / 0.017       ms
[210.844s][info   ][gc,stats]       Young Phase: Concurrent Mark                               0.000 / 0.000      4794.092 / 45811.868  4794.092 / 45811.868  4794.092 / 45811.868   ms
[210.844s][info   ][gc,stats]       Young Phase: Concurrent Mark Continue                      0.000 / 0.000         0.000 / 0.000         0.000 / 0.000         0.000 / 0.000       ms
[210.844s][info   ][gc,stats]       Young Phase: Concurrent Mark Free                          0.000 / 0.000         0.004 / 0.008         0.004 / 0.008         0.004 / 0.008       ms
[210.844s][info   ][gc,stats]       Young Phase: Concurrent Relocate                           0.000 / 0.000       231.089 / 1928.870    231.089 / 1928.870    231.089 / 1928.870    ms
[210.844s][info   ][gc,stats]       Young Phase: Concurrent Reset Relocation Set               0.000 / 0.000         0.727 / 9.381         0.727 / 9.381         0.727 / 9.381       ms
[210.844s][info   ][gc,stats]       Young Phase: Concurrent Select Relocation Set              0.000 / 0.000       201.849 / 1730.348    201.849 / 1730.348    201.849 / 1730.348    ms
[210.844s][info   ][gc,stats]    Young Subphase: Concurrent Mark Follow                        0.000 / 0.000      4793.298 / 45811.119  4793.298 / 45811.119  4793.298 / 45811.119   ms
[210.844s][info   ][gc,stats]    Young Subphase: Concurrent Mark Root Colored                  0.000 / 0.000         0.423 / 0.894         0.423 / 0.894         0.423 / 0.894       ms
[210.844s][info   ][gc,stats]    Young Subphase: Concurrent Mark Root Uncolored                0.000 / 0.000         0.279 / 0.584         0.279 / 0.584         0.279 / 0.584       ms
[210.844s][info   ][gc,stats]    Young Subphase: Concurrent Mark Roots                         0.000 / 0.000         0.766 / 1.215         0.766 / 1.215         0.766 / 1.215       ms
[210.844s][info   ][gc,stats]    Young Subphase: Concurrent Relocate Remset FP                 0.000 / 0.000       230.417 / 1928.833    230.417 / 1928.833    230.417 / 1928.833    ms
[210.844s][info   ][gc,stats]    Young Subphase: Concurrent Roots ClassLoaderDataGraph         0.000 / 0.000         0.302 / 0.605         0.302 / 0.605         0.302 / 0.605       ms
[210.844s][info   ][gc,stats]    Young Subphase: Concurrent Roots CodeCache                    0.000 / 0.000         0.257 / 0.429         0.257 / 0.429         0.257 / 0.429       ms
[210.844s][info   ][gc,stats]    Young Subphase: Concurrent Roots JavaThreads                  0.000 / 0.000         0.022 / 0.584         0.022 / 0.584         0.022 / 0.584       ms
[210.844s][info   ][gc,stats]    Young Subphase: Concurrent Roots OopStorageSet                0.000 / 0.000         0.018 / 0.097         0.018 / 0.097         0.018 / 0.097       ms
[210.844s][info   ][gc,stats]    Young Subphase: Concurrent Weak Roots OopStorageSet           0.000 / 0.000         0.109 / 0.216         0.109 / 0.216         0.109 / 0.216       ms
[210.844s][info   ][gc,stats] =========================================================================================================================================================
