
=== Instance 2/8, outer iteration 9/48 (Variant clear_path_dyn) ===

Affinity: allowed=12,13,14,15,16,17,18,19,20,21,22,23 jvm=12,13,14,15,16,17,18,19,20,21 aux=22,23
Benchmark args: 146800180
Command: /gorilla/home/fredrha/SimplifyingWeakRefs/build/variant-images/clear_path_dyn-linux-x86_64-server-release/jdk/bin/java -Xms160g -Xmx160g -XX:+UseZGC -Xlog:gc+stats,gc+ref -XX:InitialTenuringThreshold=1 -XX:MaxTenuringThreshold=1 -XX:ZCollectionIntervalMajor=0.5 -XX:+ZCollectionIntervalOnly -XX:NativeMemoryTracking=summary /gorilla/home/fredrha/SimplifyingWeakRefs/test/weakrefs/WeakRefMultiObjectBenchmark.java 146800180

[0.004s][warning][gc] ***** WARNING! INCORRECT SYSTEM CONFIGURATION DETECTED! *****
[0.004s][warning][gc] The system limit on number of memory mappings per process might be too low for the given
[0.004s][warning][gc] max Java heap size (163840M). Please adjust /proc/sys/vm/max_map_count to allow for at
[0.004s][warning][gc] least 294912 mappings (current limit is 65530). Continuing execution with the current
[0.004s][warning][gc] limit could lead to a premature OutOfMemoryError being thrown, due to failure to map memory.
[0.004s][info   ][gc,ref] Reference Processor created, Config: Optimised clear path, dynamic array
[39.613s][info   ][gc,ref] GC(0) O:                           Encountered       Discovered Cleared/Enqueued 
[39.613s][info   ][gc,ref] GC(0) O: Soft References:                    0                0                0 
[39.613s][info   ][gc,ref] GC(0) O: Weak References:                    0                0                0 
[39.613s][info   ][gc,ref] GC(0) O: Weak (No Queue):                    0                0                0 
[39.613s][info   ][gc,ref] GC(0) O: Final References:                   0                0                0 
[39.613s][info   ][gc,ref] GC(0) O: Phantom References:                 0                0                0 
[40.129s][info   ][gc,ref] GC(1) O:                           Encountered       Discovered Cleared/Enqueued 
[40.129s][info   ][gc,ref] GC(1) O: Soft References:                  148                0                0 
[40.129s][info   ][gc,ref] GC(1) O: Weak References:                  605                0                0 
[40.129s][info   ][gc,ref] GC(1) O: Weak (No Queue):                    3                0                0 
[40.129s][info   ][gc,ref] GC(1) O: Final References:                   0                0                0 
[40.129s][info   ][gc,ref] GC(1) O: Phantom References:                 1                0                0 
[40.644s][info   ][gc,ref] GC(2) O:                           Encountered       Discovered Cleared/Enqueued 
[40.644s][info   ][gc,ref] GC(2) O: Soft References:                  148                0                0 
[40.644s][info   ][gc,ref] GC(2) O: Weak References:                  605                0                0 
[40.644s][info   ][gc,ref] GC(2) O: Weak (No Queue):                    3                0                0 
[40.644s][info   ][gc,ref] GC(2) O: Final References:                   0                0                0 
[40.644s][info   ][gc,ref] GC(2) O: Phantom References:                 1                0                0 
[41.167s][info   ][gc,ref] GC(3) O:                           Encountered       Discovered Cleared/Enqueued 
[41.167s][info   ][gc,ref] GC(3) O: Soft References:                  220                0                0 
[41.167s][info   ][gc,ref] GC(3) O: Weak References:                 1291              454              129 
[41.167s][info   ][gc,ref] GC(3) O: Weak (No Queue):                   67                1                0 
[41.167s][info   ][gc,ref] GC(3) O: Final References:                   0                0                0 
[41.167s][info   ][gc,ref] GC(3) O: Phantom References:                 1                0                0 
WeakRefMultiObjectBenchmark: objects=146800180 minSize=509 maxSize=1097 sleepMillis=3000
[41.783s][info   ][gc,ref] GC(4) O:                           Encountered       Discovered Cleared/Enqueued 
[41.783s][info   ][gc,ref] GC(4) O: Soft References:                  238                0                0 
[41.783s][info   ][gc,ref] GC(4) O: Weak References:                 1201              230                0 
[41.783s][info   ][gc,ref] GC(4) O: Weak (No Queue):                    3                1                0 
[41.783s][info   ][gc,ref] GC(4) O: Final References:                   0                0                0 
[41.783s][info   ][gc,ref] GC(4) O: Phantom References:                 1                1                0 
Phase 1: Allocating references and objects...
[43.369s][info   ][gc,ref] GC(5) O:                           Encountered       Discovered Cleared/Enqueued 
[43.369s][info   ][gc,ref] GC(5) O: Soft References:                  238                0                0 
[43.369s][info   ][gc,ref] GC(5) O: Weak References:                 1201              865              176 
[43.369s][info   ][gc,ref] GC(5) O: Weak (No Queue):                    3                1                0 
[43.369s][info   ][gc,ref] GC(5) O: Final References:                   0                0                0 
[43.369s][info   ][gc,ref] GC(5) O: Phantom References:                 1                1                0 
[44.784s][info   ][gc,ref] GC(6) O:                           Encountered       Discovered Cleared/Enqueued 
[44.784s][info   ][gc,ref] GC(6) O: Soft References:                  238                0                0 
[44.784s][info   ][gc,ref] GC(6) O: Weak References:                 1025              645               25 
[44.784s][info   ][gc,ref] GC(6) O: Weak (No Queue):                    3                3                0 
[44.784s][info   ][gc,ref] GC(6) O: Final References:                   0                0                0 
[44.784s][info   ][gc,ref] GC(6) O: Phantom References:                 1                1                0 
[46.115s][info   ][gc,ref] GC(7) O:                           Encountered       Discovered Cleared/Enqueued 
[46.115s][info   ][gc,ref] GC(7) O: Soft References:                  238                0                0 
[46.115s][info   ][gc,ref] GC(7) O: Weak References:                 1000              108                0 
[46.115s][info   ][gc,ref] GC(7) O: Weak (No Queue):                    3                0                0 
[46.115s][info   ][gc,ref] GC(7) O: Final References:                   0                0                0 
[46.115s][info   ][gc,ref] GC(7) O: Phantom References:                 1                0                0 
[47.488s][info   ][gc,ref] GC(8) O:                           Encountered       Discovered Cleared/Enqueued 
[47.488s][info   ][gc,ref] GC(8) O: Soft References:                  238                0                0 
[47.488s][info   ][gc,ref] GC(8) O: Weak References:                 1000              382                0 
[47.488s][info   ][gc,ref] GC(8) O: Weak (No Queue):                    3                0                0 
[47.488s][info   ][gc,ref] GC(8) O: Final References:                   0                0                0 
[47.488s][info   ][gc,ref] GC(8) O: Phantom References:                 1                0                0 
[48.904s][info   ][gc,ref] GC(9) O:                           Encountered       Discovered Cleared/Enqueued 
[48.904s][info   ][gc,ref] GC(9) O: Soft References:                  238                0                0 
[48.904s][info   ][gc,ref] GC(9) O: Weak References:                 1000                0                0 
[48.904s][info   ][gc,ref] GC(9) O: Weak (No Queue):                    3                1                0 
[48.904s][info   ][gc,ref] GC(9) O: Final References:                   0                0                0 
[48.904s][info   ][gc,ref] GC(9) O: Phantom References:                 1                1                0 
[50.672s][info   ][gc,ref] GC(10) O:                           Encountered       Discovered Cleared/Enqueued 
[50.672s][info   ][gc,ref] GC(10) O: Soft References:                  238                0                0 
[50.672s][info   ][gc,ref] GC(10) O: Weak References:                 1000              311                0 
[50.672s][info   ][gc,ref] GC(10) O: Weak (No Queue):               779351                0                0 
[50.672s][info   ][gc,ref] GC(10) O: Final References:                   0                0                0 
[50.672s][info   ][gc,ref] GC(10) O: Phantom References:                 1                1                0 
[53.439s][info   ][gc,ref] GC(11) O:                           Encountered       Discovered Cleared/Enqueued 
[53.439s][info   ][gc,ref] GC(11) O: Soft References:                  238                0                0 
[53.439s][info   ][gc,ref] GC(11) O: Weak References:                 1000              289                0 
[53.439s][info   ][gc,ref] GC(11) O: Weak (No Queue):              4189596                0                0 
[53.439s][info   ][gc,ref] GC(11) O: Final References:                   0                0                0 
[53.439s][info   ][gc,ref] GC(11) O: Phantom References:                 1                1                0 
[59.818s][info   ][gc,ref] GC(12) O:                           Encountered       Discovered Cleared/Enqueued 
[59.818s][info   ][gc,ref] GC(12) O: Soft References:                  238                0                0 
[59.818s][info   ][gc,ref] GC(12) O: Weak References:                 1000              127                0 
[59.818s][info   ][gc,ref] GC(12) O: Weak (No Queue):              9325107                3                0 
[59.818s][info   ][gc,ref] GC(12) O: Final References:                   0                0                0 
[59.818s][info   ][gc,ref] GC(12) O: Phantom References:                 1                1                0 
[72.135s][info   ][gc,ref] GC(13) O:                           Encountered       Discovered Cleared/Enqueued 
[72.135s][info   ][gc,ref] GC(13) O: Soft References:                  238                0                0 
[72.135s][info   ][gc,ref] GC(13) O: Weak References:                 1000              214                0 
[72.135s][info   ][gc,ref] GC(13) O: Weak (No Queue):             21276433          1056424                0 
[72.135s][info   ][gc,ref] GC(13) O: Final References:                   0                0                0 
[72.135s][info   ][gc,ref] GC(13) O: Phantom References:                 1                1                0 
[104.063s][info   ][gc,ref] GC(14) O:                           Encountered       Discovered Cleared/Enqueued 
[104.063s][info   ][gc,ref] GC(14) O: Soft References:                  238                0                0 
[104.063s][info   ][gc,ref] GC(14) O: Weak References:                 1000              631                0 
[104.063s][info   ][gc,ref] GC(14) O: Weak (No Queue):             44233663                3                0 
[104.063s][info   ][gc,ref] GC(14) O: Final References:                   0                0                0 
[104.063s][info   ][gc,ref] GC(14) O: Phantom References:                 1                1                0 
Allocated 146800180 objects in 87.86 seconds
Phase 2: Sleeping for 3000 ms...
Phase 3.1: Clearing strong references...
Cleared 29360037 strong references, 117440143 remaining
Waiting 3000 ms...
Phase 3.2: Clearing strong references...
Cleared 29360037 strong references, 88080106 remaining
Waiting 3000 ms...
Phase 3.3: Clearing strong references...
Cleared 29360037 strong references, 58720069 remaining
Waiting 3000 ms...
Phase 3.4: Clearing strong references...
[157.104s][info   ][gc,ref] GC(15) O:                           Encountered       Discovered Cleared/Enqueued 
[157.104s][info   ][gc,ref] GC(15) O: Soft References:                  238                0                0 
[157.104s][info   ][gc,ref] GC(15) O: Weak References:                 1000              802                0 
[157.104s][info   ][gc,ref] GC(15) O: Weak (No Queue):            102450893          7855247                0 
[157.104s][info   ][gc,ref] GC(15) O: Final References:                   0                0                0 
[157.104s][info   ][gc,ref] GC(15) O: Phantom References:                 1                1                0 
Cleared 29360037 strong references, 29360032 remaining
Waiting 3000 ms...
Phase 3.5: Clearing strong references...
Cleared 29360032 strong references, 0 remaining
Waiting 3000 ms...
Waiting 6000 ms...
Phase 4: Final weak reference checks...
Final count of alive weak references: 146800180
[197.371s][info   ][gc,stats] === Garbage Collection Statistics =======================================================================================================================
[197.371s][info   ][gc,stats]                                                              Last 10s              Last 10m              Last 10h                Total
[197.371s][info   ][gc,stats]                                                              Avg / Max             Avg / Max             Avg / Max             Avg / Max
[197.371s][info   ][gc,stats]        Contention: Mark Segment Reset Contention                     0 / 0                 0 / 23                0 / 23                0 / 23          ops/s
[197.371s][info   ][gc,stats]        Contention: Mark SeqNum Reset Contention                      0 / 0                 0 / 4                 0 / 4                 0 / 4           ops/s
[197.371s][info   ][gc,stats]          Critical: Allocation Stall                                  0 / 0                 0 / 0                 0 / 0                 0 / 0           ops/s
[197.371s][info   ][gc,stats]          Critical: Allocation Stall                              0.000 / 0.000         0.000 / 0.000         0.000 / 0.000         0.000 / 0.000       ms
[197.371s][info   ][gc,stats]          Critical: JNI Critical Stall                                0 / 0                 0 / 0                 0 / 0                 0 / 0           ops/s
[197.371s][info   ][gc,stats]          Critical: JNI Critical Stall                            0.000 / 0.000         0.000 / 0.000         0.000 / 0.000         0.000 / 0.000       ms
[197.371s][info   ][gc,stats]          Critical: Relocation Stall                                  0 / 0                 0 / 0                 0 / 0                 0 / 0           ops/s
[197.371s][info   ][gc,stats]          Critical: Relocation Stall                              0.000 / 0.000         0.000 / 0.000         0.000 / 0.000         0.000 / 0.000       ms
[197.371s][info   ][gc,stats]  Major Collection: Major Collection                              0.000 / 0.000      6868.888 / 52530.690  6868.888 / 52530.690  6868.888 / 52530.690   ms
[197.371s][info   ][gc,stats]            Memory: Allocation Rate                                   0 / 0               846 / 1724            846 / 1724            846 / 1724        MB/s
[197.371s][info   ][gc,stats]            Memory: Defragment                                        0 / 0                 0 / 0                 0 / 0                 0 / 0           ops/s
[197.371s][info   ][gc,stats]            Memory: Mapped Cache Harvest                              0 / 0                 0 / 0                 0 / 0                 0 / 0           MB/s
[197.371s][info   ][gc,stats]            Memory: Out Of Memory                                     0 / 0                 0 / 0                 0 / 0                 0 / 0           ops/s
[197.371s][info   ][gc,stats]            Memory: Uncommit                                          0 / 0                 0 / 0                 0 / 0                 0 / 0           MB/s
[197.371s][info   ][gc,stats]            Memory: Undo Object Allocation Failed                     0 / 0                 0 / 0                 0 / 0                 0 / 0           ops/s
[197.371s][info   ][gc,stats]            Memory: Undo Object Allocation Succeeded                  0 / 0                 0 / 1                 0 / 1                 0 / 1           ops/s
[197.371s][info   ][gc,stats]            Memory: Undo Page Allocation                              0 / 0                 0 / 0                 0 / 0                 0 / 0           ops/s
[197.371s][info   ][gc,stats]  Minor Collection: Minor Collection                              0.000 / 0.000         0.000 / 0.000         0.000 / 0.000         0.000 / 0.000       ms
[197.371s][info   ][gc,stats]    Old Generation: Old Generation                                0.000 / 0.000      2714.379 / 15596.698  2714.379 / 15596.698  2714.379 / 15596.698   ms
[197.371s][info   ][gc,stats]         Old Pause: Pause Mark End                                0.000 / 0.000         0.011 / 0.015         0.011 / 0.015         0.011 / 0.015       ms
[197.371s][info   ][gc,stats]         Old Pause: Pause Relocate Start                          0.000 / 0.000         0.009 / 0.013         0.009 / 0.013         0.009 / 0.013       ms
[197.371s][info   ][gc,stats]         Old Phase: Concurrent Mark                               0.000 / 0.000      2501.053 / 14573.250  2501.053 / 14573.250  2501.053 / 14573.250   ms
[197.371s][info   ][gc,stats]         Old Phase: Concurrent Mark Continue                      0.000 / 0.000         0.000 / 0.000         0.000 / 0.000         0.000 / 0.000       ms
[197.371s][info   ][gc,stats]         Old Phase: Concurrent Mark Free                          0.000 / 0.000         0.003 / 0.005         0.003 / 0.005         0.003 / 0.005       ms
[197.371s][info   ][gc,stats]         Old Phase: Concurrent Process Non-Strong                 0.000 / 0.000        29.340 / 366.350      29.340 / 366.350      29.340 / 366.350     ms
[197.371s][info   ][gc,stats]         Old Phase: Concurrent Relocate                           0.000 / 0.000         1.449 / 2.925         1.449 / 2.925         1.449 / 2.925       ms
[197.371s][info   ][gc,stats]         Old Phase: Concurrent Remap Roots                        0.000 / 0.000       180.437 / 1017.657    180.437 / 1017.657    180.437 / 1017.657    ms
[197.371s][info   ][gc,stats]         Old Phase: Concurrent Reset Relocation Set               0.000 / 0.000         0.001 / 0.001         0.001 / 0.001         0.001 / 0.001       ms
[197.371s][info   ][gc,stats]         Old Phase: Concurrent Select Relocation Set              0.000 / 0.000         1.871 / 3.064         1.871 / 3.064         1.871 / 3.064       ms
[197.371s][info   ][gc,stats]      Old Subphase: Concurrent Classes Purge                      0.000 / 0.000         0.127 / 1.564         0.127 / 1.564         0.127 / 1.564       ms
[197.371s][info   ][gc,stats]      Old Subphase: Concurrent Classes Unlink                     0.000 / 0.000         0.970 / 1.173         0.970 / 1.173         0.970 / 1.173       ms
[197.371s][info   ][gc,stats]      Old Subphase: Concurrent Mark Follow                        0.000 / 0.000      2500.968 / 14573.170  2500.968 / 14573.170  2500.968 / 14573.170   ms
[197.371s][info   ][gc,stats]      Old Subphase: Concurrent Mark Root Colored                  0.000 / 0.000         0.028 / 0.083         0.028 / 0.083         0.028 / 0.083       ms
[197.371s][info   ][gc,stats]      Old Subphase: Concurrent Mark Root Uncolored                0.000 / 0.000         0.026 / 0.162         0.026 / 0.162         0.026 / 0.162       ms
[197.371s][info   ][gc,stats]      Old Subphase: Concurrent Mark Roots                         0.000 / 0.000         0.082 / 0.202         0.082 / 0.202         0.082 / 0.202       ms
[197.371s][info   ][gc,stats]      Old Subphase: Concurrent References Enqueue                 0.000 / 0.000         0.001 / 0.004         0.001 / 0.004         0.001 / 0.004       ms
[197.371s][info   ][gc,stats]      Old Subphase: Concurrent References Process                 0.000 / 0.000        28.080 / 363.363      28.080 / 363.363      28.080 / 363.363     ms
[197.371s][info   ][gc,stats]      Old Subphase: Concurrent Remap Remembered                   0.000 / 0.000       123.534 / 1017.303    123.534 / 1017.303    123.534 / 1017.303    ms
[197.371s][info   ][gc,stats]      Old Subphase: Concurrent Remap Roots Colored                0.000 / 0.000         0.136 / 0.273         0.136 / 0.273         0.136 / 0.273       ms
[197.371s][info   ][gc,stats]      Old Subphase: Concurrent Remap Roots Uncolored              0.000 / 0.000         0.133 / 0.212         0.133 / 0.212         0.133 / 0.212       ms
[197.371s][info   ][gc,stats]      Old Subphase: Concurrent Roots ClassLoaderDataGraph         0.000 / 0.000         0.082 / 0.263         0.082 / 0.263         0.082 / 0.263       ms
[197.371s][info   ][gc,stats]      Old Subphase: Concurrent Roots CodeCache                    0.000 / 0.000         0.131 / 0.211         0.131 / 0.211         0.131 / 0.211       ms
[197.371s][info   ][gc,stats]      Old Subphase: Concurrent Roots JavaThreads                  0.000 / 0.000         0.009 / 0.161         0.009 / 0.161         0.009 / 0.161       ms
[197.371s][info   ][gc,stats]      Old Subphase: Concurrent Roots OopStorageSet                0.000 / 0.000         0.003 / 0.009         0.003 / 0.009         0.003 / 0.009       ms
[197.371s][info   ][gc,stats]      Old Subphase: Concurrent Weak Roots OopStorageSet           0.000 / 0.000         0.042 / 0.132         0.042 / 0.132         0.042 / 0.132       ms
[197.371s][info   ][gc,stats]            System: Java Threads                                     11 / 11               11 / 13               11 / 13               11 / 13          threads
[197.371s][info   ][gc,stats]  Young Generation: Young Generation                              0.000 / 0.000      4154.396 / 37037.196  4154.396 / 37037.196  4154.396 / 37037.196   ms
[197.371s][info   ][gc,stats]  Young Generation: Young Generation                              0.000 / 0.000         0.000 / 0.000         0.000 / 0.000         0.000 / 0.000       ms
[197.371s][info   ][gc,stats]  Young Generation: Young Generation (Collect Roots)              0.000 / 0.000         0.000 / 0.000         0.000 / 0.000         0.000 / 0.000       ms
[197.371s][info   ][gc,stats]  Young Generation: Young Generation (Promote All)                0.000 / 0.000         0.000 / 0.000         0.000 / 0.000         0.000 / 0.000       ms
[197.371s][info   ][gc,stats]       Young Pause: Pause Mark End                                0.013 / 0.013         0.011 / 0.014         0.011 / 0.014         0.011 / 0.014       ms
[197.371s][info   ][gc,stats]       Young Pause: Pause Mark Start                              0.000 / 0.000         0.000 / 0.000         0.000 / 0.000         0.000 / 0.000       ms
[197.371s][info   ][gc,stats]       Young Pause: Pause Mark Start (Major)                      0.000 / 0.000         0.036 / 0.269         0.036 / 0.269         0.036 / 0.269       ms
[197.371s][info   ][gc,stats]       Young Pause: Pause Relocate Start                          0.000 / 0.000         0.007 / 0.013         0.007 / 0.013         0.007 / 0.013       ms
[197.371s][info   ][gc,stats]       Young Phase: Concurrent Mark                           36621.130 / 36621.130  5701.485 / 36621.130  5701.485 / 36621.130  5701.485 / 36621.130   ms
[197.371s][info   ][gc,stats]       Young Phase: Concurrent Mark Continue                      0.000 / 0.000         0.000 / 0.000         0.000 / 0.000         0.000 / 0.000       ms
[197.371s][info   ][gc,stats]       Young Phase: Concurrent Mark Free                          0.008 / 0.008         0.003 / 0.008         0.003 / 0.008         0.003 / 0.008       ms
[197.371s][info   ][gc,stats]       Young Phase: Concurrent Relocate                           0.000 / 0.000       206.190 / 1440.762    206.190 / 1440.762    206.190 / 1440.762    ms
[197.371s][info   ][gc,stats]       Young Phase: Concurrent Reset Relocation Set              25.265 / 25.265        1.688 / 25.265        1.688 / 25.265        1.688 / 25.265      ms
[197.371s][info   ][gc,stats]       Young Phase: Concurrent Select Relocation Set              0.000 / 0.000       178.590 / 1273.934    178.590 / 1273.934    178.590 / 1273.934    ms
[197.371s][info   ][gc,stats]    Young Subphase: Concurrent Mark Follow                    36620.488 / 36620.488  5700.767 / 36620.488  5700.767 / 36620.488  5700.767 / 36620.488   ms
[197.371s][info   ][gc,stats]    Young Subphase: Concurrent Mark Root Colored                  0.000 / 0.000         0.412 / 0.584         0.412 / 0.584         0.412 / 0.584       ms
[197.371s][info   ][gc,stats]    Young Subphase: Concurrent Mark Root Uncolored                0.000 / 0.000         0.244 / 0.471         0.244 / 0.471         0.244 / 0.471       ms
[197.371s][info   ][gc,stats]    Young Subphase: Concurrent Mark Roots                         0.000 / 0.000         0.716 / 0.948         0.716 / 0.948         0.716 / 0.948       ms
[197.371s][info   ][gc,stats]    Young Subphase: Concurrent Relocate Remset FP                 0.000 / 0.000       205.710 / 1440.726    205.710 / 1440.726    205.710 / 1440.726    ms
[197.371s][info   ][gc,stats]    Young Subphase: Concurrent Roots ClassLoaderDataGraph         0.000 / 0.000         0.293 / 0.346         0.293 / 0.346         0.293 / 0.346       ms
[197.371s][info   ][gc,stats]    Young Subphase: Concurrent Roots CodeCache                    0.000 / 0.000         0.230 / 0.440         0.230 / 0.440         0.230 / 0.440       ms
[197.371s][info   ][gc,stats]    Young Subphase: Concurrent Roots JavaThreads                  0.000 / 0.000         0.017 / 0.227         0.017 / 0.227         0.017 / 0.227       ms
[197.371s][info   ][gc,stats]    Young Subphase: Concurrent Roots OopStorageSet                0.000 / 0.000         0.018 / 0.116         0.018 / 0.116         0.018 / 0.116       ms
[197.371s][info   ][gc,stats]    Young Subphase: Concurrent Weak Roots OopStorageSet           0.000 / 0.000         0.131 / 0.220         0.131 / 0.220         0.131 / 0.220       ms
[197.371s][info   ][gc,stats] =========================================================================================================================================================
