
=== Instance 3/8, outer iteration 13/48 (Variant sep_only) ===

Affinity: allowed=24,25,26,27,28,29,30,31,32,33,34,35 jvm=24,25,26,27,28,29,30,31,32,33 aux=34,35
Benchmark args: 146800180
Command: /gorilla/home/fredrha/SimplifyingWeakRefs/build/variant-images/sep_only-linux-x86_64-server-release/jdk/bin/java -Xms160g -Xmx160g -XX:+UseZGC -Xlog:gc+stats,gc+ref -XX:InitialTenuringThreshold=1 -XX:MaxTenuringThreshold=1 -XX:ZCollectionIntervalMajor=0.5 -XX:+ZCollectionIntervalOnly -XX:NativeMemoryTracking=summary /gorilla/home/fredrha/SimplifyingWeakRefs/test/weakrefs/WeakRefMultiObjectBenchmark.java 146800180

[0.004s][warning][gc] ***** WARNING! INCORRECT SYSTEM CONFIGURATION DETECTED! *****
[0.004s][warning][gc] The system limit on number of memory mappings per process might be too low for the given
[0.004s][warning][gc] max Java heap size (163840M). Please adjust /proc/sys/vm/max_map_count to allow for at
[0.004s][warning][gc] least 294912 mappings (current limit is 65530). Continuing execution with the current
[0.004s][warning][gc] limit could lead to a premature OutOfMemoryError being thrown, due to failure to map memory.
[0.005s][info   ][gc,ref] Reference Processor created, Config: Separate list
[40.992s][info   ][gc,ref] GC(0) O:                           Encountered       Discovered Cleared/Enqueued 
[40.992s][info   ][gc,ref] GC(0) O: Soft References:                    0                0                0 
[40.992s][info   ][gc,ref] GC(0) O: Weak References:                    0                0                0 
[40.992s][info   ][gc,ref] GC(0) O: Weak (No Queue):                    0                0                0 
[40.992s][info   ][gc,ref] GC(0) O: Final References:                   0                0                0 
[40.992s][info   ][gc,ref] GC(0) O: Phantom References:                 0                0                0 
[41.510s][info   ][gc,ref] GC(1) O:                           Encountered       Discovered Cleared/Enqueued 
[41.510s][info   ][gc,ref] GC(1) O: Soft References:                  148                0                0 
[41.510s][info   ][gc,ref] GC(1) O: Weak References:                  605                0                0 
[41.510s][info   ][gc,ref] GC(1) O: Weak (No Queue):                    3                0                0 
[41.510s][info   ][gc,ref] GC(1) O: Final References:                   0                0                0 
[41.510s][info   ][gc,ref] GC(1) O: Phantom References:                 1                0                0 
[42.027s][info   ][gc,ref] GC(2) O:                           Encountered       Discovered Cleared/Enqueued 
[42.027s][info   ][gc,ref] GC(2) O: Soft References:                  148                0                0 
[42.027s][info   ][gc,ref] GC(2) O: Weak References:                  605                0                0 
[42.027s][info   ][gc,ref] GC(2) O: Weak (No Queue):                    3                0                0 
[42.027s][info   ][gc,ref] GC(2) O: Final References:                   0                0                0 
[42.027s][info   ][gc,ref] GC(2) O: Phantom References:                 1                0                0 
WeakRefMultiObjectBenchmark: objects=146800180 minSize=509 maxSize=1097 sleepMillis=3000
[42.555s][info   ][gc,ref] GC(3) O:                           Encountered       Discovered Cleared/Enqueued 
[42.555s][info   ][gc,ref] GC(3) O: Soft References:                  238                0                0 
[42.555s][info   ][gc,ref] GC(3) O: Weak References:                 1330              427              129 
[42.555s][info   ][gc,ref] GC(3) O: Weak (No Queue):                    3                3                0 
[42.555s][info   ][gc,ref] GC(3) O: Final References:                   0                0                0 
[42.555s][info   ][gc,ref] GC(3) O: Phantom References:                 1                1                0 
Phase 1: Allocating references and objects...
[44.072s][info   ][gc,ref] GC(4) O:                           Encountered       Discovered Cleared/Enqueued 
[44.072s][info   ][gc,ref] GC(4) O: Soft References:                  238                0                0 
[44.073s][info   ][gc,ref] GC(4) O: Weak References:                 1201              187                0 
[44.073s][info   ][gc,ref] GC(4) O: Weak (No Queue):                    3                0                0 
[44.073s][info   ][gc,ref] GC(4) O: Final References:                   0                0                0 
[44.073s][info   ][gc,ref] GC(4) O: Phantom References:                 1                1                0 
[46.039s][info   ][gc,ref] GC(5) O:                           Encountered       Discovered Cleared/Enqueued 
[46.039s][info   ][gc,ref] GC(5) O: Soft References:                  238                0                0 
[46.039s][info   ][gc,ref] GC(5) O: Weak References:                 1201             1033              201 
[46.039s][info   ][gc,ref] GC(5) O: Weak (No Queue):                    3                3                0 
[46.039s][info   ][gc,ref] GC(5) O: Final References:                   0                0                0 
[46.039s][info   ][gc,ref] GC(5) O: Phantom References:                 1                1                0 
[47.466s][info   ][gc,ref] GC(6) O:                           Encountered       Discovered Cleared/Enqueued 
[47.466s][info   ][gc,ref] GC(6) O: Soft References:                  238                0                0 
[47.466s][info   ][gc,ref] GC(6) O: Weak References:                 1000              262                0 
[47.466s][info   ][gc,ref] GC(6) O: Weak (No Queue):                    3                3                0 
[47.466s][info   ][gc,ref] GC(6) O: Final References:                   0                0                0 
[47.466s][info   ][gc,ref] GC(6) O: Phantom References:                 1                1                0 
[48.872s][info   ][gc,ref] GC(7) O:                           Encountered       Discovered Cleared/Enqueued 
[48.872s][info   ][gc,ref] GC(7) O: Soft References:                  238                0                0 
[48.872s][info   ][gc,ref] GC(7) O: Weak References:                 1000              380                0 
[48.872s][info   ][gc,ref] GC(7) O: Weak (No Queue):                    3                0                0 
[48.872s][info   ][gc,ref] GC(7) O: Final References:                   0                0                0 
[48.872s][info   ][gc,ref] GC(7) O: Phantom References:                 1                1                0 
[49.876s][info   ][gc,ref] GC(8) O:                           Encountered       Discovered Cleared/Enqueued 
[49.876s][info   ][gc,ref] GC(8) O: Soft References:                  238                0                0 
[49.876s][info   ][gc,ref] GC(8) O: Weak References:                 1000              520                0 
[49.876s][info   ][gc,ref] GC(8) O: Weak (No Queue):                    3                0                0 
[49.876s][info   ][gc,ref] GC(8) O: Final References:                   0                0                0 
[49.876s][info   ][gc,ref] GC(8) O: Phantom References:                 1                1                0 
[51.347s][info   ][gc,ref] GC(9) O:                           Encountered       Discovered Cleared/Enqueued 
[51.347s][info   ][gc,ref] GC(9) O: Soft References:                  238                0                0 
[51.347s][info   ][gc,ref] GC(9) O: Weak References:                 1000              259                0 
[51.347s][info   ][gc,ref] GC(9) O: Weak (No Queue):                    3                0                0 
[51.347s][info   ][gc,ref] GC(9) O: Final References:                   0                0                0 
[51.347s][info   ][gc,ref] GC(9) O: Phantom References:                 1                1                0 
[53.521s][info   ][gc,ref] GC(10) O:                           Encountered       Discovered Cleared/Enqueued 
[53.521s][info   ][gc,ref] GC(10) O: Soft References:                  238                0                0 
[53.521s][info   ][gc,ref] GC(10) O: Weak References:                 1000              198                0 
[53.521s][info   ][gc,ref] GC(10) O: Weak (No Queue):              2706975                3                0 
[53.521s][info   ][gc,ref] GC(10) O: Final References:                   0                0                0 
[53.521s][info   ][gc,ref] GC(10) O: Phantom References:                 1                1                0 
[58.573s][info   ][gc,ref] GC(11) O:                           Encountered       Discovered Cleared/Enqueued 
[58.573s][info   ][gc,ref] GC(11) O: Soft References:                  238                0                0 
[58.573s][info   ][gc,ref] GC(11) O: Weak References:                 1000                1                0 
[58.573s][info   ][gc,ref] GC(11) O: Weak (No Queue):              6765901                3                0 
[58.573s][info   ][gc,ref] GC(11) O: Final References:                   0                0                0 
[58.573s][info   ][gc,ref] GC(11) O: Phantom References:                 1                1                0 
[71.061s][info   ][gc,ref] GC(12) O:                           Encountered       Discovered Cleared/Enqueued 
[71.061s][info   ][gc,ref] GC(12) O: Soft References:                  238                0                0 
[71.061s][info   ][gc,ref] GC(12) O: Weak References:                 1000              239                0 
[71.061s][info   ][gc,ref] GC(12) O: Weak (No Queue):             16224300                3                0 
[71.061s][info   ][gc,ref] GC(12) O: Final References:                   0                0                0 
[71.061s][info   ][gc,ref] GC(12) O: Phantom References:                 1                1                0 
[100.348s][info   ][gc,ref] GC(13) O:                           Encountered       Discovered Cleared/Enqueued 
[100.348s][info   ][gc,ref] GC(13) O: Soft References:                  238                0                0 
[100.348s][info   ][gc,ref] GC(13) O: Weak References:                 1000                0                0 
[100.348s][info   ][gc,ref] GC(13) O: Weak (No Queue):             39920116                3                0 
[100.348s][info   ][gc,ref] GC(13) O: Final References:                   0                0                0 
[100.348s][info   ][gc,ref] GC(13) O: Phantom References:                 1                1                0 
Allocated 146800180 objects in 89.16 seconds
Phase 2: Sleeping for 3000 ms...
Phase 3.1: Clearing strong references...
Cleared 29360037 strong references, 117440143 remaining
Waiting 3000 ms...
Phase 3.2: Clearing strong references...
Cleared 29360037 strong references, 88080106 remaining
Waiting 3000 ms...
Phase 3.3: Clearing strong references...
Cleared 29360037 strong references, 58720069 remaining
Waiting 3000 ms...
[155.548s][info   ][gc,ref] GC(14) O:                           Encountered       Discovered Cleared/Enqueued 
[155.548s][info   ][gc,ref] GC(14) O: Soft References:                  238                0                0 
[155.548s][info   ][gc,ref] GC(14) O: Weak References:                 1000              481                0 
[155.548s][info   ][gc,ref] GC(14) O: Weak (No Queue):             93095604          2462147                0 
[155.548s][info   ][gc,ref] GC(14) O: Final References:                   0                0                0 
[155.548s][info   ][gc,ref] GC(14) O: Phantom References:                 1                1                0 
Phase 3.4: Clearing strong references...
Cleared 29360037 strong references, 29360032 remaining
Waiting 3000 ms...
Phase 3.5: Clearing strong references...
Cleared 29360032 strong references, 0 remaining
Waiting 3000 ms...
Waiting 6000 ms...
Phase 4: Final weak reference checks...
Final count of alive weak references: 146800180
[203.063s][info   ][gc,stats] === Garbage Collection Statistics =======================================================================================================================
[203.063s][info   ][gc,stats]                                                              Last 10s              Last 10m              Last 10h                Total
[203.063s][info   ][gc,stats]                                                              Avg / Max             Avg / Max             Avg / Max             Avg / Max
[203.063s][info   ][gc,stats]        Contention: Mark Segment Reset Contention                     0 / 0                 0 / 22                0 / 22                0 / 22          ops/s
[203.063s][info   ][gc,stats]        Contention: Mark SeqNum Reset Contention                      0 / 1                 0 / 4                 0 / 4                 0 / 4           ops/s
[203.063s][info   ][gc,stats]          Critical: Allocation Stall                                  0 / 0                 0 / 0                 0 / 0                 0 / 0           ops/s
[203.063s][info   ][gc,stats]          Critical: Allocation Stall                              0.000 / 0.000         0.000 / 0.000         0.000 / 0.000         0.000 / 0.000       ms
[203.063s][info   ][gc,stats]          Critical: JNI Critical Stall                                0 / 0                 0 / 0                 0 / 0                 0 / 0           ops/s
[203.063s][info   ][gc,stats]          Critical: JNI Critical Stall                            0.000 / 0.000         0.000 / 0.000         0.000 / 0.000         0.000 / 0.000       ms
[203.063s][info   ][gc,stats]          Critical: Relocation Stall                                  0 / 0                 0 / 0                 0 / 0                 0 / 0           ops/s
[203.063s][info   ][gc,stats]          Critical: Relocation Stall                              0.000 / 0.000         0.000 / 0.000         0.000 / 0.000         0.000 / 0.000       ms
[203.063s][info   ][gc,stats]  Major Collection: Major Collection                              0.000 / 0.000      7165.525 / 54689.578  7165.525 / 54689.578  7165.525 / 54689.578   ms
[203.063s][info   ][gc,stats]            Memory: Allocation Rate                                   0 / 0               820 / 2330            820 / 2330            820 / 2330        MB/s
[203.063s][info   ][gc,stats]            Memory: Defragment                                        0 / 0                 0 / 0                 0 / 0                 0 / 0           ops/s
[203.063s][info   ][gc,stats]            Memory: Mapped Cache Harvest                              0 / 0                 0 / 0                 0 / 0                 0 / 0           MB/s
[203.063s][info   ][gc,stats]            Memory: Out Of Memory                                     0 / 0                 0 / 0                 0 / 0                 0 / 0           ops/s
[203.063s][info   ][gc,stats]            Memory: Uncommit                                          0 / 0                 0 / 0                 0 / 0                 0 / 0           MB/s
[203.063s][info   ][gc,stats]            Memory: Undo Object Allocation Failed                     0 / 0                 0 / 0                 0 / 0                 0 / 0           ops/s
[203.063s][info   ][gc,stats]            Memory: Undo Object Allocation Succeeded                  0 / 0                 0 / 0                 0 / 0                 0 / 0           ops/s
[203.063s][info   ][gc,stats]            Memory: Undo Page Allocation                              0 / 0                 0 / 0                 0 / 0                 0 / 0           ops/s
[203.063s][info   ][gc,stats]  Minor Collection: Minor Collection                              0.000 / 0.000         0.000 / 0.000         0.000 / 0.000         0.000 / 0.000       ms
[203.063s][info   ][gc,stats]    Old Generation: Old Generation                                0.000 / 0.000      2466.854 / 13027.319  2466.854 / 13027.319  2466.854 / 13027.319   ms
[203.063s][info   ][gc,stats]         Old Pause: Pause Mark End                                0.000 / 0.000         0.011 / 0.015         0.011 / 0.015         0.011 / 0.015       ms
[203.063s][info   ][gc,stats]         Old Pause: Pause Relocate Start                          0.000 / 0.000         0.008 / 0.016         0.008 / 0.016         0.008 / 0.016       ms
[203.063s][info   ][gc,stats]         Old Phase: Concurrent Mark                               0.000 / 0.000      2259.115 / 12052.395  2259.115 / 12052.395  2259.115 / 12052.395   ms
[203.063s][info   ][gc,stats]         Old Phase: Concurrent Mark Continue                      0.000 / 0.000         0.000 / 0.000         0.000 / 0.000         0.000 / 0.000       ms
[203.063s][info   ][gc,stats]         Old Phase: Concurrent Mark Free                          0.000 / 0.000         0.004 / 0.007         0.004 / 0.007         0.004 / 0.007       ms
[203.063s][info   ][gc,stats]         Old Phase: Concurrent Process Non-Strong                 0.000 / 0.000        21.554 / 304.557      21.554 / 304.557      21.554 / 304.557     ms
[203.063s][info   ][gc,stats]         Old Phase: Concurrent Relocate                           0.000 / 0.000         1.111 / 3.278         1.111 / 3.278         1.111 / 3.278       ms
[203.063s][info   ][gc,stats]         Old Phase: Concurrent Remap Roots                        0.000 / 0.000       183.050 / 970.142     183.050 / 970.142     183.050 / 970.142     ms
[203.063s][info   ][gc,stats]         Old Phase: Concurrent Reset Relocation Set               0.000 / 0.000         0.001 / 0.001         0.001 / 0.001         0.001 / 0.001       ms
[203.063s][info   ][gc,stats]         Old Phase: Concurrent Select Relocation Set              0.000 / 0.000         1.801 / 2.038         1.801 / 2.038         1.801 / 2.038       ms
[203.063s][info   ][gc,stats]      Old Subphase: Concurrent Classes Purge                      0.000 / 0.000         0.139 / 1.574         0.139 / 1.574         0.139 / 1.574       ms
[203.063s][info   ][gc,stats]      Old Subphase: Concurrent Classes Unlink                     0.000 / 0.000         1.074 / 1.398         1.074 / 1.398         1.074 / 1.398       ms
[203.063s][info   ][gc,stats]      Old Subphase: Concurrent Mark Follow                        0.000 / 0.000      2259.035 / 12052.289  2259.035 / 12052.289  2259.035 / 12052.289   ms
[203.063s][info   ][gc,stats]      Old Subphase: Concurrent Mark Root Colored                  0.027 / 0.033         0.025 / 0.073         0.025 / 0.073         0.025 / 0.073       ms
[203.063s][info   ][gc,stats]      Old Subphase: Concurrent Mark Root Uncolored                0.027 / 0.030         0.023 / 0.044         0.023 / 0.044         0.023 / 0.044       ms
[203.063s][info   ][gc,stats]      Old Subphase: Concurrent Mark Roots                         0.083 / 0.083         0.078 / 0.110         0.078 / 0.110         0.078 / 0.110       ms
[203.063s][info   ][gc,stats]      Old Subphase: Concurrent References Enqueue                 0.000 / 0.000         0.001 / 0.003         0.001 / 0.003         0.001 / 0.003       ms
[203.063s][info   ][gc,stats]      Old Subphase: Concurrent References Process                 0.000 / 0.000        20.150 / 301.608      20.150 / 301.608      20.150 / 301.608     ms
[203.063s][info   ][gc,stats]      Old Subphase: Concurrent Remap Remembered                   0.000 / 0.000       123.776 / 969.764     123.776 / 969.764     123.776 / 969.764     ms
[203.063s][info   ][gc,stats]      Old Subphase: Concurrent Remap Roots Colored                0.000 / 0.000         0.122 / 0.271         0.122 / 0.271         0.122 / 0.271       ms
[203.063s][info   ][gc,stats]      Old Subphase: Concurrent Remap Roots Uncolored              0.000 / 0.000         0.184 / 0.264         0.184 / 0.264         0.184 / 0.264       ms
[203.063s][info   ][gc,stats]      Old Subphase: Concurrent Roots ClassLoaderDataGraph         0.021 / 0.023         0.066 / 0.256         0.066 / 0.256         0.066 / 0.256       ms
[203.063s][info   ][gc,stats]      Old Subphase: Concurrent Roots CodeCache                    0.000 / 0.000         0.182 / 0.262         0.182 / 0.262         0.182 / 0.262       ms
[203.063s][info   ][gc,stats]      Old Subphase: Concurrent Roots JavaThreads                  0.026 / 0.030         0.008 / 0.044         0.008 / 0.044         0.008 / 0.044       ms
[203.063s][info   ][gc,stats]      Old Subphase: Concurrent Roots OopStorageSet                0.009 / 0.009         0.003 / 0.014         0.003 / 0.014         0.003 / 0.014       ms
[203.063s][info   ][gc,stats]      Old Subphase: Concurrent Weak Roots OopStorageSet           0.000 / 0.000         0.052 / 0.186         0.052 / 0.186         0.052 / 0.186       ms
[203.063s][info   ][gc,stats]            System: Java Threads                                     11 / 11               11 / 13               11 / 13               11 / 13          threads
[203.063s][info   ][gc,stats]  Young Generation: Young Generation                          44275.838 / 44275.838  7172.138 / 44275.838  7172.138 / 44275.838  7172.138 / 44275.838   ms
[203.063s][info   ][gc,stats]  Young Generation: Young Generation                              0.000 / 0.000         0.000 / 0.000         0.000 / 0.000         0.000 / 0.000       ms
[203.063s][info   ][gc,stats]  Young Generation: Young Generation (Collect Roots)              0.000 / 0.000         0.000 / 0.000         0.000 / 0.000         0.000 / 0.000       ms
[203.063s][info   ][gc,stats]  Young Generation: Young Generation (Promote All)                0.000 / 0.000         0.000 / 0.000         0.000 / 0.000         0.000 / 0.000       ms
[203.063s][info   ][gc,stats]       Young Pause: Pause Mark End                                0.014 / 0.014         0.012 / 0.014         0.012 / 0.014         0.012 / 0.014       ms
[203.063s][info   ][gc,stats]       Young Pause: Pause Mark Start                              0.000 / 0.000         0.000 / 0.000         0.000 / 0.000         0.000 / 0.000       ms
[203.063s][info   ][gc,stats]       Young Pause: Pause Mark Start (Major)                      0.000 / 0.000         0.020 / 0.032         0.020 / 0.032         0.020 / 0.032       ms
[203.063s][info   ][gc,stats]       Young Pause: Pause Relocate Start                          0.016 / 0.016         0.008 / 0.016         0.008 / 0.016         0.008 / 0.016       ms
[203.063s][info   ][gc,stats]       Young Phase: Concurrent Mark                           37966.113 / 37966.113  6319.047 / 38534.234  6319.047 / 38534.234  6319.047 / 38534.234   ms
[203.063s][info   ][gc,stats]       Young Phase: Concurrent Mark Continue                      0.000 / 0.000         0.000 / 0.000         0.000 / 0.000         0.000 / 0.000       ms
[203.063s][info   ][gc,stats]       Young Phase: Concurrent Mark Free                          0.006 / 0.006         0.004 / 0.006         0.004 / 0.006         0.004 / 0.006       ms
[203.063s][info   ][gc,stats]       Young Phase: Concurrent Relocate                        3307.358 / 3307.358    424.826 / 3307.358    424.826 / 3307.358    424.826 / 3307.358    ms
[203.063s][info   ][gc,stats]       Young Phase: Concurrent Reset Relocation Set               3.378 / 3.378         0.883 / 8.781         0.883 / 8.781         0.883 / 8.781       ms
[203.063s][info   ][gc,stats]       Young Phase: Concurrent Select Relocation Set           2998.446 / 2998.446    375.275 / 2998.446    375.275 / 2998.446    375.275 / 2998.446    ms
[203.063s][info   ][gc,stats]    Young Subphase: Concurrent Mark Follow                    37965.669 / 37965.669  6318.339 / 38533.587  6318.339 / 38533.587  6318.339 / 38533.587   ms
[203.063s][info   ][gc,stats]    Young Subphase: Concurrent Mark Root Colored                  0.000 / 0.000         0.404 / 0.843         0.404 / 0.843         0.404 / 0.843       ms
[203.063s][info   ][gc,stats]    Young Subphase: Concurrent Mark Root Uncolored                0.000 / 0.000         0.250 / 0.335         0.250 / 0.335         0.250 / 0.335       ms
[203.063s][info   ][gc,stats]    Young Subphase: Concurrent Mark Roots                         0.000 / 0.000         0.706 / 1.126         0.706 / 1.126         0.706 / 1.126       ms
[203.063s][info   ][gc,stats]    Young Subphase: Concurrent Relocate Remset FP              3307.323 / 3307.323    424.232 / 3307.323    424.232 / 3307.323    424.232 / 3307.323    ms
[203.063s][info   ][gc,stats]    Young Subphase: Concurrent Roots ClassLoaderDataGraph         0.000 / 0.000         0.289 / 0.583         0.289 / 0.583         0.289 / 0.583       ms
[203.063s][info   ][gc,stats]    Young Subphase: Concurrent Roots CodeCache                    0.000 / 0.000         0.231 / 0.317         0.231 / 0.317         0.231 / 0.317       ms
[203.063s][info   ][gc,stats]    Young Subphase: Concurrent Roots JavaThreads                  0.002 / 0.003         0.015 / 0.242         0.015 / 0.242         0.015 / 0.242       ms
[203.063s][info   ][gc,stats]    Young Subphase: Concurrent Roots OopStorageSet                0.000 / 0.000         0.010 / 0.079         0.010 / 0.079         0.010 / 0.079       ms
[203.063s][info   ][gc,stats]    Young Subphase: Concurrent Weak Roots OopStorageSet           0.000 / 0.000         0.107 / 0.238         0.107 / 0.238         0.107 / 0.238       ms
[203.063s][info   ][gc,stats] =========================================================================================================================================================
