
=== Instance 6/8, outer iteration 35/48 (Variant clear_path_sep) ===

Affinity: allowed=12,13,14,15,16,17,18,19,20,21,22,23 jvm=12,13,14,15,16,17,18,19,20,21 aux=22,23
Benchmark args: 146800180
Command: /gorilla/home/fredrha/SimplifyingWeakRefs/build/variant-images/clear_path_sep-linux-x86_64-server-release/jdk/bin/java -Xms160g -Xmx160g -XX:+UseZGC -Xlog:gc+stats,gc+ref -XX:InitialTenuringThreshold=1 -XX:MaxTenuringThreshold=1 -XX:ZCollectionIntervalMajor=0.5 -XX:+ZCollectionIntervalOnly -XX:NativeMemoryTracking=summary /gorilla/home/fredrha/SimplifyingWeakRefs/test/weakrefs/WeakRefMultiObjectBenchmark.java 146800180

[0.004s][warning][gc] ***** WARNING! INCORRECT SYSTEM CONFIGURATION DETECTED! *****
[0.004s][warning][gc] The system limit on number of memory mappings per process might be too low for the given
[0.004s][warning][gc] max Java heap size (163840M). Please adjust /proc/sys/vm/max_map_count to allow for at
[0.004s][warning][gc] least 294912 mappings (current limit is 65530). Continuing execution with the current
[0.004s][warning][gc] limit could lead to a premature OutOfMemoryError being thrown, due to failure to map memory.
[0.004s][info   ][gc,ref] Reference Processor created, Config: Separate lists, optimised clear path
2026-04-17 22:07:46
Full thread dump OpenJDK 64-Bit Server VM (27-internal-adhoc.fredrha.SimplifyingWeakRefs mixed mode)
                 JDK version: OpenJDK Runtime Environment (27.0) (build 27-internal-adhoc.fredrha.SimplifyingWeakRefs)

Threads class SMR info:
_java_thread_list=0x000014f0a01a3d80, length=7, elements={
0x000014f0a00ba820, 0x000014f0a0197a60, 0x000014f0a0199870, 0x000014f0a019b9f0,
0x000014f0a019d860, 0x000014f0a019f6c0, 0x000014f0a01a1f00
}

"main" #3 [432255] prio=5 os_prio=0 cpu=36891.07ms elapsed=37.04s tid=0x000014f0a00ba820 nid=432255 runnable  [0x0000000000000000]
   java.lang.Thread.State: RUNNABLE

"Reference Handler" #23 [449628] daemon prio=10 os_prio=0 cpu=0.13ms elapsed=0.00s tid=0x000014f0a0197a60 nid=449628 waiting on condition  [0x000014f089df6000]
   java.lang.Thread.State: RUNNABLE
	at java.lang.ref.Reference.waitForReferencePendingList(java.base/Native Method)
	at java.lang.ref.Reference.processPendingReferences(java.base/Reference.java:240)
	at java.lang.ref.Reference$ReferenceHandler.run(java.base/Reference.java:202)

"Finalizer" #24 [449629] daemon prio=8 os_prio=0 cpu=0.13ms elapsed=0.00s tid=0x000014f0a0199870 nid=449629 in Object.wait()  [0x000014f0899fe000]
   java.lang.Thread.State: WAITING (on object monitor)
	at java.lang.Object.wait0(java.base/Native Method)
	- waiting on <0x000004000000f8a8> (a java.lang.Object)
	at java.lang.Object.wait(java.base/Object.java:391)
	at java.lang.Object.wait(java.base/Object.java:353)
	at java.lang.ref.ReferenceQueue.remove0(java.base/ReferenceQueue.java:136)
	at java.lang.ref.ReferenceQueue.remove(java.base/ReferenceQueue.java:214)
	- locked <0x000004000000f8a8> (a java.lang.Object)
	at java.lang.ref.Finalizer$FinalizerThread.run(java.base/Finalizer.java:165)

"Signal Dispatcher" #25 [449630] daemon prio=9 os_prio=0 cpu=0.10ms elapsed=0.00s tid=0x000014f0a019b9f0 nid=449630 waiting on condition  [0x0000000000000000]
   java.lang.Thread.State: RUNNABLE

"Service Thread" #26 [449631] daemon prio=9 os_prio=0 cpu=0.10ms elapsed=0.00s tid=0x000014f0a019d860 nid=449631 runnable  [0x0000000000000000]
   java.lang.Thread.State: RUNNABLE

"Monitor Deflation Thread" #27 [449632] daemon prio=9 os_prio=0 cpu=0.07ms elapsed=0.00s tid=0x000014f0a019f6c0 nid=449632 runnable  [0x0000000000000000]
   java.lang.Thread.State: RUNNABLE

"C2 CompilerThread0" #28 [449633] daemon prio=9 os_prio=0 cpu=0.36ms elapsed=0.00s tid=0x000014f0a01a1f00 nid=449633 runnable  [0x0000000000000000]
   java.lang.Thread.State: RUNNABLE
   No compile task

"VM Thread" os_prio=0 cpu=0.35ms elapsed=0.01s tid=0x000014f0a0132e90 nid=449627 runnable  

"VM Periodic Task Thread" os_prio=0 cpu=0.06ms elapsed=0.03s tid=0x000014f0a010afb0 nid=449626 runnable  

"RuntimeWorker#5" os_prio=0 cpu=0.03ms elapsed=0.03s tid=0x000014f0a00ef8e0 nid=449625 runnable  

"RuntimeWorker#4" os_prio=0 cpu=0.03ms elapsed=0.03s tid=0x000014f0a00ee2f0 nid=449624 runnable  

"RuntimeWorker#3" os_prio=0 cpu=0.03ms elapsed=0.03s tid=0x000014f0a00ecd00 nid=449623 runnable  

"RuntimeWorker#2" os_prio=0 cpu=0.03ms elapsed=0.03s tid=0x000014f0a00eb710 nid=449622 runnable  

"RuntimeWorker#1" os_prio=0 cpu=0.04ms elapsed=0.03s tid=0x000014f0a00ea120 nid=449621 runnable  

"RuntimeWorker#0" os_prio=0 cpu=0.03ms elapsed=0.03s tid=0x000014f0a00e8b30 nid=449620 runnable  

"ZStat" os_prio=0 cpu=0.15ms elapsed=0.03s tid=0x000014f0a00e73f0 nid=449619 runnable  

"ZDirector" os_prio=0 cpu=0.05ms elapsed=0.03s tid=0x000014f0a00e5db0 nid=449618 runnable  

"ZDriverMajor" os_prio=0 cpu=0.08ms elapsed=0.03s tid=0x000014f0a00e43e0 nid=449617 runnable  

"ZDriverMinor" os_prio=0 cpu=0.16ms elapsed=0.03s tid=0x000014f0a00e2a80 nid=449616 runnable  

"ZWorkerYoung#2" os_prio=0 cpu=0.03ms elapsed=37.04s tid=0x000014f0a00e1330 nid=432265 runnable  

"ZWorkerYoung#1" os_prio=0 cpu=0.03ms elapsed=37.04s tid=0x000014f0a00dfd40 nid=432264 runnable  

"ZWorkerYoung#0" os_prio=0 cpu=0.04ms elapsed=37.04s tid=0x000014f0a00de7b0 nid=432263 runnable  

"ZWorkerOld#2" os_prio=0 cpu=0.03ms elapsed=37.04s tid=0x000014f0a00dd120 nid=432262 runnable  

"ZWorkerOld#1" os_prio=0 cpu=0.03ms elapsed=37.04s tid=0x000014f0a00dbb30 nid=432261 runnable  

"ZWorkerOld#0" os_prio=0 cpu=0.05ms elapsed=37.04s tid=0x000014f0a00da950 nid=432260 runnable  

"ZUncommitter#0" os_prio=0 cpu=0.07ms elapsed=37.04s tid=0x000014f0a00d4250 nid=432259 runnable  

JNI global refs: 6, weak refs: 0

Heap
 ZHeap           used 2M, capacity 163840M, max capacity 163840M
  Cache          163838M (1)
   size classes  16G (1)
 Metaspace       used 2805K, committed 2880K, reserved 1114112K
  class space    used 201K, committed 256K, reserved 1048576K

2026-04-17 22:07:46
Full thread dump OpenJDK 64-Bit Server VM (27-internal-adhoc.fredrha.SimplifyingWeakRefs mixed mode)
                 JDK version: OpenJDK Runtime Environment (27.0) (build 27-internal-adhoc.fredrha.SimplifyingWeakRefs)

Threads class SMR info:
_java_thread_list=0x000014f0a01a5cc0, length=8, elements={
0x000014f0a00ba820, 0x000014f0a0197a60, 0x000014f0a0199870, 0x000014f0a019b9f0,
0x000014f0a019d860, 0x000014f0a019f6c0, 0x000014f0a01a1f00, 0x000014f0a01a3f10
}

"main" #3 [432255] prio=5 os_prio=0 cpu=36891.28ms elapsed=37.04s tid=0x000014f0a00ba820 nid=432255 runnable  [0x000014f0a5c01000]
   java.lang.Thread.State: RUNNABLE
	at java.lang.invoke.MethodHandle.<clinit>(java.base/MethodHandle.java:1906)

"Reference Handler" #23 [449628] daemon prio=10 os_prio=0 cpu=0.13ms elapsed=0.01s tid=0x000014f0a0197a60 nid=449628 waiting on condition  [0x000014f089df6000]
   java.lang.Thread.State: RUNNABLE
	at java.lang.ref.Reference.waitForReferencePendingList(java.base/Native Method)
	at java.lang.ref.Reference.processPendingReferences(java.base/Reference.java:240)
	at java.lang.ref.Reference$ReferenceHandler.run(java.base/Reference.java:202)

"Finalizer" #24 [449629] daemon prio=8 os_prio=0 cpu=0.13ms elapsed=0.01s tid=0x000014f0a0199870 nid=449629 in Object.wait()  [0x000014f0899fe000]
   java.lang.Thread.State: WAITING (on object monitor)
	at java.lang.Object.wait0(java.base/Native Method)
	- waiting on <0x000004000000f8a8> (a java.lang.Object)
	at java.lang.Object.wait(java.base/Object.java:391)
	at java.lang.Object.wait(java.base/Object.java:353)
	at java.lang.ref.ReferenceQueue.remove0(java.base/ReferenceQueue.java:136)
	at java.lang.ref.ReferenceQueue.remove(java.base/ReferenceQueue.java:214)
	- locked <0x000004000000f8a8> (a java.lang.Object)
	at java.lang.ref.Finalizer$FinalizerThread.run(java.base/Finalizer.java:165)

"Signal Dispatcher" #25 [449630] daemon prio=9 os_prio=0 cpu=0.15ms elapsed=0.00s tid=0x000014f0a019b9f0 nid=449630 waiting on condition  [0x0000000000000000]
   java.lang.Thread.State: RUNNABLE

"Service Thread" #26 [449631] daemon prio=9 os_prio=0 cpu=0.10ms elapsed=0.00s tid=0x000014f0a019d860 nid=449631 runnable  [0x0000000000000000]
   java.lang.Thread.State: RUNNABLE

"Monitor Deflation Thread" #27 [449632] daemon prio=9 os_prio=0 cpu=0.07ms elapsed=0.00s tid=0x000014f0a019f6c0 nid=449632 runnable  [0x0000000000000000]
   java.lang.Thread.State: RUNNABLE

"C2 CompilerThread0" #28 [449633] daemon prio=9 os_prio=0 cpu=3.36ms elapsed=0.00s tid=0x000014f0a01a1f00 nid=449633 runnable  [0x0000000000000000]
   java.lang.Thread.State: RUNNABLE
   No compile task

"C1 CompilerThread0" #31 [449634] daemon prio=9 os_prio=0 cpu=0.35ms elapsed=0.00s tid=0x000014f0a01a3f10 nid=449634 runnable  [0x0000000000000000]
   java.lang.Thread.State: RUNNABLE
   No compile task

"VM Thread" os_prio=0 cpu=0.86ms elapsed=0.02s tid=0x000014f0a0132e90 nid=449627 runnable  

"VM Periodic Task Thread" os_prio=0 cpu=0.06ms elapsed=0.03s tid=0x000014f0a010afb0 nid=449626 runnable  

"RuntimeWorker#5" os_prio=0 cpu=0.03ms elapsed=0.03s tid=0x000014f0a00ef8e0 nid=449625 runnable  

"RuntimeWorker#4" os_prio=0 cpu=0.03ms elapsed=0.03s tid=0x000014f0a00ee2f0 nid=449624 runnable  

"RuntimeWorker#3" os_prio=0 cpu=0.03ms elapsed=0.03s tid=0x000014f0a00ecd00 nid=449623 runnable  

"RuntimeWorker#2" os_prio=0 cpu=0.03ms elapsed=0.03s tid=0x000014f0a00eb710 nid=449622 runnable  

"RuntimeWorker#1" os_prio=0 cpu=0.04ms elapsed=0.03s tid=0x000014f0a00ea120 nid=449621 runnable  

"RuntimeWorker#0" os_prio=0 cpu=0.03ms elapsed=0.03s tid=0x000014f0a00e8b30 nid=449620 runnable  

"ZStat" os_prio=0 cpu=0.15ms elapsed=0.03s tid=0x000014f0a00e73f0 nid=449619 runnable  

"ZDirector" os_prio=0 cpu=0.05ms elapsed=0.03s tid=0x000014f0a00e5db0 nid=449618 runnable  

"ZDriverMajor" os_prio=0 cpu=0.08ms elapsed=0.03s tid=0x000014f0a00e43e0 nid=449617 runnable  

"ZDriverMinor" os_prio=0 cpu=0.16ms elapsed=0.03s tid=0x000014f0a00e2a80 nid=449616 runnable  

"ZWorkerYoung#2" os_prio=0 cpu=0.03ms elapsed=37.04s tid=0x000014f0a00e1330 nid=432265 runnable  

"ZWorkerYoung#1" os_prio=0 cpu=0.03ms elapsed=37.04s tid=0x000014f0a00dfd40 nid=432264 runnable  

"ZWorkerYoung#0" os_prio=0 cpu=0.04ms elapsed=37.04s tid=0x000014f0a00de7b0 nid=432263 runnable  

"ZWorkerOld#2" os_prio=0 cpu=0.03ms elapsed=37.04s tid=0x000014f0a00dd120 nid=432262 runnable  

"ZWorkerOld#1" os_prio=0 cpu=0.03ms elapsed=37.04s tid=0x000014f0a00dbb30 nid=432261 runnable  

"ZWorkerOld#0" os_prio=0 cpu=0.05ms elapsed=37.04s tid=0x000014f0a00da950 nid=432260 runnable  

"ZUncommitter#0" os_prio=0 cpu=0.07ms elapsed=37.04s tid=0x000014f0a00d4250 nid=432259 runnable  

JNI global refs: 6, weak refs: 0

Heap
 ZHeap           used 2M, capacity 163840M, max capacity 163840M
  Cache          163838M (1)
   size classes  16G (1)
 Metaspace       used 2822K, committed 2880K, reserved 1114112K
  class space    used 202K, committed 256K, reserved 1048576K

2026-04-17 22:07:46
Full thread dump OpenJDK 64-Bit Server VM (27-internal-adhoc.fredrha.SimplifyingWeakRefs mixed mode)
                 JDK version: OpenJDK Runtime Environment (27.0) (build 27-internal-adhoc.fredrha.SimplifyingWeakRefs)

Threads class SMR info:
_java_thread_list=0x000014f0a01a5cc0, length=8, elements={
0x000014f0a00ba820, 0x000014f0a0197a60, 0x000014f0a0199870, 0x000014f0a019b9f0,
0x000014f0a019d860, 0x000014f0a019f6c0, 0x000014f0a01a1f00, 0x000014f0a01a3f10
}

"main" #3 [432255] prio=5 os_prio=0 cpu=36891.39ms elapsed=37.04s tid=0x000014f0a00ba820 nid=432255 runnable  [0x000014f0a5c00000]
   java.lang.Thread.State: RUNNABLE
	at java.lang.reflect.ClassFileFormatVersion.<clinit>(java.base/ClassFileFormatVersion.java:325)
	at java.lang.invoke.MethodHandleStatics.<clinit>(java.base/MethodHandleStatics.java:50)
	at java.lang.invoke.MethodHandle.<clinit>(java.base/MethodHandle.java:1906)

"Reference Handler" #23 [449628] daemon prio=10 os_prio=0 cpu=0.13ms elapsed=0.01s tid=0x000014f0a0197a60 nid=449628 waiting on condition  [0x000014f089df6000]
   java.lang.Thread.State: RUNNABLE
	at java.lang.ref.Reference.waitForReferencePendingList(java.base/Native Method)
	at java.lang.ref.Reference.processPendingReferences(java.base/Reference.java:240)
	at java.lang.ref.Reference$ReferenceHandler.run(java.base/Reference.java:202)

"Finalizer" #24 [449629] daemon prio=8 os_prio=0 cpu=0.13ms elapsed=0.01s tid=0x000014f0a0199870 nid=449629 in Object.wait()  [0x000014f0899fe000]
   java.lang.Thread.State: WAITING (on object monitor)
	at java.lang.Object.wait0(java.base/Native Method)
	- waiting on <0x000004000000f8a8> (a java.lang.Object)
	at java.lang.Object.wait(java.base/Object.java:391)
	at java.lang.Object.wait(java.base/Object.java:353)
	at java.lang.ref.ReferenceQueue.remove0(java.base/ReferenceQueue.java:136)
	at java.lang.ref.ReferenceQueue.remove(java.base/ReferenceQueue.java:214)
	- locked <0x000004000000f8a8> (a java.lang.Object)
	at java.lang.ref.Finalizer$FinalizerThread.run(java.base/Finalizer.java:165)

"Signal Dispatcher" #25 [449630] daemon prio=9 os_prio=0 cpu=0.19ms elapsed=0.01s tid=0x000014f0a019b9f0 nid=449630 waiting on condition  [0x0000000000000000]
   java.lang.Thread.State: RUNNABLE

"Service Thread" #26 [449631] daemon prio=9 os_prio=0 cpu=0.10ms elapsed=0.01s tid=0x000014f0a019d860 nid=449631 runnable  [0x0000000000000000]
   java.lang.Thread.State: RUNNABLE

"Monitor Deflation Thread" #27 [449632] daemon prio=9 os_prio=0 cpu=0.07ms elapsed=0.01s tid=0x000014f0a019f6c0 nid=449632 runnable  [0x0000000000000000]
   java.lang.Thread.State: RUNNABLE

"C2 CompilerThread0" #28 [449633] daemon prio=9 os_prio=0 cpu=3.38ms elapsed=0.01s tid=0x000014f0a01a1f00 nid=449633 waiting on condition  [0x0000000000000000]
   java.lang.Thread.State: RUNNABLE
   No compile task

"C1 CompilerThread0" #31 [449634] daemon prio=9 os_prio=0 cpu=0.38ms elapsed=0.00s tid=0x000014f0a01a3f10 nid=449634 runnable  [0x0000000000000000]
   java.lang.Thread.State: RUNNABLE
   Compiling:    1       3       java.lang.Object::<init> (1 bytes)

"VM Thread" os_prio=0 cpu=1.32ms elapsed=0.02s tid=0x000014f0a0132e90 nid=449627 runnable  

"VM Periodic Task Thread" os_prio=0 cpu=0.06ms elapsed=0.03s tid=0x000014f0a010afb0 nid=449626 runnable  

"RuntimeWorker#5" os_prio=0 cpu=0.03ms elapsed=0.03s tid=0x000014f0a00ef8e0 nid=449625 runnable  

"RuntimeWorker#4" os_prio=0 cpu=0.03ms elapsed=0.03s tid=0x000014f0a00ee2f0 nid=449624 runnable  

"RuntimeWorker#3" os_prio=0 cpu=0.03ms elapsed=0.03s tid=0x000014f0a00ecd00 nid=449623 runnable  

"RuntimeWorker#2" os_prio=0 cpu=0.03ms elapsed=0.03s tid=0x000014f0a00eb710 nid=449622 runnable  

"RuntimeWorker#1" os_prio=0 cpu=0.04ms elapsed=0.03s tid=0x000014f0a00ea120 nid=449621 runnable  

"RuntimeWorker#0" os_prio=0 cpu=0.03ms elapsed=0.03s tid=0x000014f0a00e8b30 nid=449620 runnable  

"ZStat" os_prio=0 cpu=0.15ms elapsed=0.03s tid=0x000014f0a00e73f0 nid=449619 runnable  

"ZDirector" os_prio=0 cpu=0.05ms elapsed=0.03s tid=0x000014f0a00e5db0 nid=449618 runnable  

"ZDriverMajor" os_prio=0 cpu=0.08ms elapsed=0.03s tid=0x000014f0a00e43e0 nid=449617 runnable  

"ZDriverMinor" os_prio=0 cpu=0.16ms elapsed=0.03s tid=0x000014f0a00e2a80 nid=449616 runnable  

"ZWorkerYoung#2" os_prio=0 cpu=0.03ms elapsed=37.04s tid=0x000014f0a00e1330 nid=432265 runnable  

"ZWorkerYoung#1" os_prio=0 cpu=0.03ms elapsed=37.04s tid=0x000014f0a00dfd40 nid=432264 runnable  

"ZWorkerYoung#0" os_prio=0 cpu=0.04ms elapsed=37.04s tid=0x000014f0a00de7b0 nid=432263 runnable  

"ZWorkerOld#2" os_prio=0 cpu=0.03ms elapsed=37.04s tid=0x000014f0a00dd120 nid=432262 runnable  

"ZWorkerOld#1" os_prio=0 cpu=0.03ms elapsed=37.04s tid=0x000014f0a00dbb30 nid=432261 runnable  

"ZWorkerOld#0" os_prio=0 cpu=0.05ms elapsed=37.04s tid=0x000014f0a00da950 nid=432260 runnable  

"ZUncommitter#0" os_prio=0 cpu=0.07ms elapsed=37.04s tid=0x000014f0a00d4250 nid=432259 runnable  

JNI global refs: 6, weak refs: 0

Heap
 ZHeap           used 2M, capacity 163840M, max capacity 163840M
  Cache          163838M (1)
   size classes  16G (1)
 Metaspace       used 2822K, committed 2880K, reserved 1114112K
  class space    used 203K, committed 256K, reserved 1048576K

2026-04-17 22:07:46
Full thread dump OpenJDK 64-Bit Server VM (27-internal-adhoc.fredrha.SimplifyingWeakRefs mixed mode)
                 JDK version: OpenJDK Runtime Environment (27.0) (build 27-internal-adhoc.fredrha.SimplifyingWeakRefs)

Threads class SMR info:
_java_thread_list=0x000014f0a01a5cc0, length=8, elements={
0x000014f0a00ba820, 0x000014f0a0197a60, 0x000014f0a0199870, 0x000014f0a019b9f0,
0x000014f0a019d860, 0x000014f0a019f6c0, 0x000014f0a01a1f00, 0x000014f0a01a3f10
}

"main" #3 [432255] prio=5 os_prio=0 cpu=36891.45ms elapsed=37.04s tid=0x000014f0a00ba820 nid=432255 runnable  [0x000014f0a5c00000]
   java.lang.Thread.State: RUNNABLE
	at java.lang.Integer.parseInt(java.base/Integer.java:504)
	at java.lang.Integer.parseInt(java.base/Integer.java:626)
	at java.lang.invoke.MethodHandleStatics.<clinit>(java.base/MethodHandleStatics.java:78)
	at java.lang.invoke.MethodHandle.<clinit>(java.base/MethodHandle.java:1906)

"Reference Handler" #23 [449628] daemon prio=10 os_prio=0 cpu=0.13ms elapsed=0.01s tid=0x000014f0a0197a60 nid=449628 waiting on condition  [0x000014f089df6000]
   java.lang.Thread.State: RUNNABLE
	at java.lang.ref.Reference.waitForReferencePendingList(java.base/Native Method)
	at java.lang.ref.Reference.processPendingReferences(java.base/Reference.java:240)
	at java.lang.ref.Reference$ReferenceHandler.run(java.base/Reference.java:202)

"Finalizer" #24 [449629] daemon prio=8 os_prio=0 cpu=0.13ms elapsed=0.01s tid=0x000014f0a0199870 nid=449629 in Object.wait()  [0x000014f0899fe000]
   java.lang.Thread.State: WAITING (on object monitor)
	at java.lang.Object.wait0(java.base/Native Method)
	- waiting on <0x000004000000f8a8> (a java.lang.Object)
	at java.lang.Object.wait(java.base/Object.java:391)
	at java.lang.Object.wait(java.base/Object.java:353)
	at java.lang.ref.ReferenceQueue.remove0(java.base/ReferenceQueue.java:136)
	at java.lang.ref.ReferenceQueue.remove(java.base/ReferenceQueue.java:214)
	- locked <0x000004000000f8a8> (a java.lang.Object)
	at java.lang.ref.Finalizer$FinalizerThread.run(java.base/Finalizer.java:165)

"Signal Dispatcher" #25 [449630] daemon prio=9 os_prio=0 cpu=0.23ms elapsed=0.01s tid=0x000014f0a019b9f0 nid=449630 waiting on condition  [0x0000000000000000]
   java.lang.Thread.State: RUNNABLE

"Service Thread" #26 [449631] daemon prio=9 os_prio=0 cpu=0.10ms elapsed=0.01s tid=0x000014f0a019d860 nid=449631 runnable  [0x0000000000000000]
   java.lang.Thread.State: RUNNABLE

"Monitor Deflation Thread" #27 [449632] daemon prio=9 os_prio=0 cpu=0.07ms elapsed=0.01s tid=0x000014f0a019f6c0 nid=449632 runnable  [0x0000000000000000]
   java.lang.Thread.State: RUNNABLE

"C2 CompilerThread0" #28 [449633] daemon prio=9 os_prio=0 cpu=3.38ms elapsed=0.01s tid=0x000014f0a01a1f00 nid=449633 waiting on condition  [0x0000000000000000]
   java.lang.Thread.State: RUNNABLE
   No compile task

"C1 CompilerThread0" #31 [449634] daemon prio=9 os_prio=0 cpu=0.47ms elapsed=0.01s tid=0x000014f0a01a3f10 nid=449634 runnable  [0x0000000000000000]
   java.lang.Thread.State: RUNNABLE
   Compiling:    1       3       java.lang.Object::<init> (1 bytes)

"VM Thread" os_prio=0 cpu=1.78ms elapsed=0.02s tid=0x000014f0a0132e90 nid=449627 runnable  

"VM Periodic Task Thread" os_prio=0 cpu=0.06ms elapsed=0.03s tid=0x000014f0a010afb0 nid=449626 runnable  

"RuntimeWorker#5" os_prio=0 cpu=0.03ms elapsed=0.03s tid=0x000014f0a00ef8e0 nid=449625 runnable  

"RuntimeWorker#4" os_prio=0 cpu=0.03ms elapsed=0.03s tid=0x000014f0a00ee2f0 nid=449624 runnable  

"RuntimeWorker#3" os_prio=0 cpu=0.03ms elapsed=0.03s tid=0x000014f0a00ecd00 nid=449623 runnable  

"RuntimeWorker#2" os_prio=0 cpu=0.03ms elapsed=0.03s tid=0x000014f0a00eb710 nid=449622 runnable  

"RuntimeWorker#1" os_prio=0 cpu=0.04ms elapsed=0.03s tid=0x000014f0a00ea120 nid=449621 runnable  

"RuntimeWorker#0" os_prio=0 cpu=0.03ms elapsed=0.03s tid=0x000014f0a00e8b30 nid=449620 runnable  

"ZStat" os_prio=0 cpu=0.15ms elapsed=0.03s tid=0x000014f0a00e73f0 nid=449619 runnable  

"ZDirector" os_prio=0 cpu=0.05ms elapsed=0.03s tid=0x000014f0a00e5db0 nid=449618 runnable  

"ZDriverMajor" os_prio=0 cpu=0.08ms elapsed=0.03s tid=0x000014f0a00e43e0 nid=449617 runnable  

"ZDriverMinor" os_prio=0 cpu=0.16ms elapsed=0.03s tid=0x000014f0a00e2a80 nid=449616 runnable  

"ZWorkerYoung#2" os_prio=0 cpu=0.03ms elapsed=37.04s tid=0x000014f0a00e1330 nid=432265 runnable  

"ZWorkerYoung#1" os_prio=0 cpu=0.03ms elapsed=37.04s tid=0x000014f0a00dfd40 nid=432264 runnable  

"ZWorkerYoung#0" os_prio=0 cpu=0.04ms elapsed=37.04s tid=0x000014f0a00de7b0 nid=432263 runnable  

"ZWorkerOld#2" os_prio=0 cpu=0.03ms elapsed=37.04s tid=0x000014f0a00dd120 nid=432262 runnable  

"ZWorkerOld#1" os_prio=0 cpu=0.03ms elapsed=37.04s tid=0x000014f0a00dbb30 nid=432261 runnable  

"ZWorkerOld#0" os_prio=0 cpu=0.05ms elapsed=37.04s tid=0x000014f0a00da950 nid=432260 runnable  

"ZUncommitter#0" os_prio=0 cpu=0.07ms elapsed=37.04s tid=0x000014f0a00d4250 nid=432259 runnable  

JNI global refs: 6, weak refs: 0

Heap
 ZHeap           used 2M, capacity 163840M, max capacity 163840M
  Cache          163838M (1)
   size classes  16G (1)
 Metaspace       used 2826K, committed 2880K, reserved 1114112K
  class space    used 203K, committed 256K, reserved 1048576K

2026-04-17 22:07:46
Full thread dump OpenJDK 64-Bit Server VM (27-internal-adhoc.fredrha.SimplifyingWeakRefs mixed mode)
                 JDK version: OpenJDK Runtime Environment (27.0) (build 27-internal-adhoc.fredrha.SimplifyingWeakRefs)

Threads class SMR info:
_java_thread_list=0x000014f0a01a5cc0, length=8, elements={
0x000014f0a00ba820, 0x000014f0a0197a60, 0x000014f0a0199870, 0x000014f0a019b9f0,
0x000014f0a019d860, 0x000014f0a019f6c0, 0x000014f0a01a1f00, 0x000014f0a01a3f10
}

"main" #3 [432255] prio=5 os_prio=0 cpu=36891.59ms elapsed=37.04s tid=0x000014f0a00ba820 nid=432255 runnable  [0x000014f0a5c00000]
   java.lang.Thread.State: RUNNABLE
	at java.lang.Character.digit(java.base/Character.java:11656)
	at java.lang.Character.digit(java.base/Character.java:11604)
	at java.lang.Integer.parseInt(java.base/Integer.java:512)
	at java.lang.Integer.parseInt(java.base/Integer.java:626)
	at java.lang.invoke.MethodHandleStatics.<clinit>(java.base/MethodHandleStatics.java:78)
	at java.lang.invoke.MethodHandle.<clinit>(java.base/MethodHandle.java:1906)

"Reference Handler" #23 [449628] daemon prio=10 os_prio=0 cpu=0.13ms elapsed=0.01s tid=0x000014f0a0197a60 nid=449628 waiting on condition  [0x000014f089df6000]
   java.lang.Thread.State: RUNNABLE
	at java.lang.ref.Reference.waitForReferencePendingList(java.base/Native Method)
	at java.lang.ref.Reference.processPendingReferences(java.base/Reference.java:240)
	at java.lang.ref.Reference$ReferenceHandler.run(java.base/Reference.java:202)

"Finalizer" #24 [449629] daemon prio=8 os_prio=0 cpu=0.13ms elapsed=0.01s tid=0x000014f0a0199870 nid=449629 in Object.wait()  [0x000014f0899fe000]
   java.lang.Thread.State: WAITING (on object monitor)
	at java.lang.Object.wait0(java.base/Native Method)
	- waiting on <0x000004000000f8a8> (a java.lang.Object)
	at java.lang.Object.wait(java.base/Object.java:391)
	at java.lang.Object.wait(java.base/Object.java:353)
	at java.lang.ref.ReferenceQueue.remove0(java.base/ReferenceQueue.java:136)
	at java.lang.ref.ReferenceQueue.remove(java.base/ReferenceQueue.java:214)
	- locked <0x000004000000f8a8> (a java.lang.Object)
	at java.lang.ref.Finalizer$FinalizerThread.run(java.base/Finalizer.java:165)

"Signal Dispatcher" #25 [449630] daemon prio=9 os_prio=0 cpu=0.27ms elapsed=0.01s tid=0x000014f0a019b9f0 nid=449630 waiting on condition  [0x0000000000000000]
   java.lang.Thread.State: RUNNABLE

"Service Thread" #26 [449631] daemon prio=9 os_prio=0 cpu=0.10ms elapsed=0.01s tid=0x000014f0a019d860 nid=449631 runnable  [0x0000000000000000]
   java.lang.Thread.State: RUNNABLE

"Monitor Deflation Thread" #27 [449632] daemon prio=9 os_prio=0 cpu=0.07ms elapsed=0.01s tid=0x000014f0a019f6c0 nid=449632 runnable  [0x0000000000000000]
   java.lang.Thread.State: RUNNABLE

"C2 CompilerThread0" #28 [449633] daemon prio=9 os_prio=0 cpu=3.38ms elapsed=0.01s tid=0x000014f0a01a1f00 nid=449633 waiting on condition  [0x0000000000000000]
   java.lang.Thread.State: RUNNABLE
   No compile task

"C1 CompilerThread0" #31 [449634] daemon prio=9 os_prio=0 cpu=0.55ms elapsed=0.01s tid=0x000014f0a01a3f10 nid=449634 runnable  [0x0000000000000000]
   java.lang.Thread.State: RUNNABLE
   Compiling:    1       3       java.lang.Object::<init> (1 bytes)

"VM Thread" os_prio=0 cpu=2.24ms elapsed=0.02s tid=0x000014f0a0132e90 nid=449627 runnable  

"VM Periodic Task Thread" os_prio=0 cpu=0.06ms elapsed=0.03s tid=0x000014f0a010afb0 nid=449626 runnable  

"RuntimeWorker#5" os_prio=0 cpu=0.03ms elapsed=0.03s tid=0x000014f0a00ef8e0 nid=449625 runnable  

"RuntimeWorker#4" os_prio=0 cpu=0.03ms elapsed=0.03s tid=0x000014f0a00ee2f0 nid=449624 runnable  

"RuntimeWorker#3" os_prio=0 cpu=0.03ms elapsed=0.03s tid=0x000014f0a00ecd00 nid=449623 runnable  

"RuntimeWorker#2" os_prio=0 cpu=0.03ms elapsed=0.03s tid=0x000014f0a00eb710 nid=449622 runnable  

"RuntimeWorker#1" os_prio=0 cpu=0.04ms elapsed=0.03s tid=0x000014f0a00ea120 nid=449621 runnable  

"RuntimeWorker#0" os_prio=0 cpu=0.03ms elapsed=0.03s tid=0x000014f0a00e8b30 nid=449620 runnable  

"ZStat" os_prio=0 cpu=0.15ms elapsed=0.03s tid=0x000014f0a00e73f0 nid=449619 runnable  

"ZDirector" os_prio=0 cpu=0.05ms elapsed=0.03s tid=0x000014f0a00e5db0 nid=449618 runnable  

"ZDriverMajor" os_prio=0 cpu=0.08ms elapsed=0.03s tid=0x000014f0a00e43e0 nid=449617 runnable  

"ZDriverMinor" os_prio=0 cpu=0.16ms elapsed=0.03s tid=0x000014f0a00e2a80 nid=449616 runnable  

"ZWorkerYoung#2" os_prio=0 cpu=0.03ms elapsed=37.04s tid=0x000014f0a00e1330 nid=432265 runnable  

"ZWorkerYoung#1" os_prio=0 cpu=0.03ms elapsed=37.04s tid=0x000014f0a00dfd40 nid=432264 runnable  

"ZWorkerYoung#0" os_prio=0 cpu=0.04ms elapsed=37.04s tid=0x000014f0a00de7b0 nid=432263 runnable  

"ZWorkerOld#2" os_prio=0 cpu=0.03ms elapsed=37.04s tid=0x000014f0a00dd120 nid=432262 runnable  

"ZWorkerOld#1" os_prio=0 cpu=0.03ms elapsed=37.04s tid=0x000014f0a00dbb30 nid=432261 runnable  

"ZWorkerOld#0" os_prio=0 cpu=0.05ms elapsed=37.04s tid=0x000014f0a00da950 nid=432260 runnable  

"ZUncommitter#0" os_prio=0 cpu=0.07ms elapsed=37.04s tid=0x000014f0a00d4250 nid=432259 runnable  

JNI global refs: 6, weak refs: 0

Heap
 ZHeap           used 2M, capacity 163840M, max capacity 163840M
  Cache          163838M (1)
   size classes  16G (1)
 Metaspace       used 2848K, committed 2944K, reserved 1114112K
  class space    used 204K, committed 256K, reserved 1048576K

2026-04-17 22:07:46
Full thread dump OpenJDK 64-Bit Server VM (27-internal-adhoc.fredrha.SimplifyingWeakRefs mixed mode)
                 JDK version: OpenJDK Runtime Environment (27.0) (build 27-internal-adhoc.fredrha.SimplifyingWeakRefs)

Threads class SMR info:
_java_thread_list=0x000014f0a01a5cc0, length=8, elements={
0x000014f0a00ba820, 0x000014f0a0197a60, 0x000014f0a0199870, 0x000014f0a019b9f0,
0x000014f0a019d860, 0x000014f0a019f6c0, 0x000014f0a01a1f00, 0x000014f0a01a3f10
}

"main" #3 [432255] prio=5 os_prio=0 cpu=36891.72ms elapsed=37.04s tid=0x000014f0a00ba820 nid=432255 runnable  [0x000014f0a5c00000]
   java.lang.Thread.State: RUNNABLE
	at jdk.internal.util.ArraysSupport.unsignedHashCode(java.base/ArraysSupport.java:378)
	at jdk.internal.util.ArraysSupport.vectorizedHashCode(java.base/ArraysSupport.java:365)
	at jdk.internal.util.ArraysSupport.hashCodeOfUnsigned(java.base/ArraysSupport.java:276)
	at java.lang.StringLatin1.hashCode(java.base/StringLatin1.java:410)
	at java.lang.String.hashCode(java.base/String.java:2807)
	at java.util.concurrent.ConcurrentHashMap.get(java.base/ConcurrentHashMap.java:951)
	at java.util.Properties.getProperty(java.base/Properties.java:1145)
	at java.util.Properties.getProperty(java.base/Properties.java:1165)
	at java.lang.invoke.MethodHandleStatics.<clinit>(java.base/MethodHandleStatics.java:87)
	at java.lang.invoke.MethodHandle.<clinit>(java.base/MethodHandle.java:1906)

"Reference Handler" #23 [449628] daemon prio=10 os_prio=0 cpu=0.13ms elapsed=0.01s tid=0x000014f0a0197a60 nid=449628 waiting on condition  [0x000014f089df6000]
   java.lang.Thread.State: RUNNABLE
	at java.lang.ref.Reference.waitForReferencePendingList(java.base/Native Method)
	at java.lang.ref.Reference.processPendingReferences(java.base/Reference.java:240)
	at java.lang.ref.Reference$ReferenceHandler.run(java.base/Reference.java:202)

"Finalizer" #24 [449629] daemon prio=8 os_prio=0 cpu=0.13ms elapsed=0.01s tid=0x000014f0a0199870 nid=449629 in Object.wait()  [0x000014f0899fe000]
   java.lang.Thread.State: WAITING (on object monitor)
	at java.lang.Object.wait0(java.base/Native Method)
	- waiting on <0x000004000000f8a8> (a java.lang.Object)
	at java.lang.Object.wait(java.base/Object.java:391)
	at java.lang.Object.wait(java.base/Object.java:353)
	at java.lang.ref.ReferenceQueue.remove0(java.base/ReferenceQueue.java:136)
	at java.lang.ref.ReferenceQueue.remove(java.base/ReferenceQueue.java:214)
	- locked <0x000004000000f8a8> (a java.lang.Object)
	at java.lang.ref.Finalizer$FinalizerThread.run(java.base/Finalizer.java:165)

"Signal Dispatcher" #25 [449630] daemon prio=9 os_prio=0 cpu=0.31ms elapsed=0.01s tid=0x000014f0a019b9f0 nid=449630 waiting on condition  [0x0000000000000000]
   java.lang.Thread.State: RUNNABLE

"Service Thread" #26 [449631] daemon prio=9 os_prio=0 cpu=0.10ms elapsed=0.01s tid=0x000014f0a019d860 nid=449631 runnable  [0x0000000000000000]
   java.lang.Thread.State: RUNNABLE

"Monitor Deflation Thread" #27 [449632] daemon prio=9 os_prio=0 cpu=0.07ms elapsed=0.01s tid=0x000014f0a019f6c0 nid=449632 runnable  [0x0000000000000000]
   java.lang.Thread.State: RUNNABLE

"C2 CompilerThread0" #28 [449633] daemon prio=9 os_prio=0 cpu=3.38ms elapsed=0.01s tid=0x000014f0a01a1f00 nid=449633 waiting on condition  [0x0000000000000000]
   java.lang.Thread.State: RUNNABLE
   No compile task

"C1 CompilerThread0" #31 [449634] daemon prio=9 os_prio=0 cpu=0.70ms elapsed=0.01s tid=0x000014f0a01a3f10 nid=449634 runnable  [0x0000000000000000]
   java.lang.Thread.State: RUNNABLE
   Compiling:    1       3       java.lang.Object::<init> (1 bytes)

"VM Thread" os_prio=0 cpu=2.73ms elapsed=0.02s tid=0x000014f0a0132e90 nid=449627 runnable  

"VM Periodic Task Thread" os_prio=0 cpu=0.06ms elapsed=0.03s tid=0x000014f0a010afb0 nid=449626 runnable  

"RuntimeWorker#5" os_prio=0 cpu=0.03ms elapsed=0.03s tid=0x000014f0a00ef8e0 nid=449625 runnable  

"RuntimeWorker#4" os_prio=0 cpu=0.03ms elapsed=0.03s tid=0x000014f0a00ee2f0 nid=449624 runnable  

"RuntimeWorker#3" os_prio=0 cpu=0.03ms elapsed=0.03s tid=0x000014f0a00ecd00 nid=449623 runnable  

"RuntimeWorker#2" os_prio=0 cpu=0.03ms elapsed=0.03s tid=0x000014f0a00eb710 nid=449622 runnable  

"RuntimeWorker#1" os_prio=0 cpu=0.04ms elapsed=0.03s tid=0x000014f0a00ea120 nid=449621 runnable  

"RuntimeWorker#0" os_prio=0 cpu=0.03ms elapsed=0.03s tid=0x000014f0a00e8b30 nid=449620 runnable  

"ZStat" os_prio=0 cpu=0.15ms elapsed=0.03s tid=0x000014f0a00e73f0 nid=449619 runnable  

"ZDirector" os_prio=0 cpu=0.05ms elapsed=0.03s tid=0x000014f0a00e5db0 nid=449618 runnable  

"ZDriverMajor" os_prio=0 cpu=0.08ms elapsed=0.03s tid=0x000014f0a00e43e0 nid=449617 runnable  

"ZDriverMinor" os_prio=0 cpu=0.16ms elapsed=0.03s tid=0x000014f0a00e2a80 nid=449616 runnable  

"ZWorkerYoung#2" os_prio=0 cpu=0.03ms elapsed=37.04s tid=0x000014f0a00e1330 nid=432265 runnable  

"ZWorkerYoung#1" os_prio=0 cpu=0.03ms elapsed=37.04s tid=0x000014f0a00dfd40 nid=432264 runnable  

"ZWorkerYoung#0" os_prio=0 cpu=0.04ms elapsed=37.04s tid=0x000014f0a00de7b0 nid=432263 runnable  

"ZWorkerOld#2" os_prio=0 cpu=0.03ms elapsed=37.04s tid=0x000014f0a00dd120 nid=432262 runnable  

"ZWorkerOld#1" os_prio=0 cpu=0.03ms elapsed=37.04s tid=0x000014f0a00dbb30 nid=432261 runnable  

"ZWorkerOld#0" os_prio=0 cpu=0.05ms elapsed=37.04s tid=0x000014f0a00da950 nid=432260 runnable  

"ZUncommitter#0" os_prio=0 cpu=0.07ms elapsed=37.04s tid=0x000014f0a00d4250 nid=432259 runnable  

JNI global refs: 6, weak refs: 0

Heap
 ZHeap           used 2M, capacity 163840M, max capacity 163840M
  Cache          163838M (1)
   size classes  16G (1)
 Metaspace       used 2848K, committed 2944K, reserved 1114112K
  class space    used 204K, committed 256K, reserved 1048576K

2026-04-17 22:07:46
Full thread dump OpenJDK 64-Bit Server VM (27-internal-adhoc.fredrha.SimplifyingWeakRefs mixed mode)
                 JDK version: OpenJDK Runtime Environment (27.0) (build 27-internal-adhoc.fredrha.SimplifyingWeakRefs)

Threads class SMR info:
_java_thread_list=0x000014f0a01a5cc0, length=8, elements={
0x000014f0a00ba820, 0x000014f0a0197a60, 0x000014f0a0199870, 0x000014f0a019b9f0,
0x000014f0a019d860, 0x000014f0a019f6c0, 0x000014f0a01a1f00, 0x000014f0a01a3f10
}

"main" #3 [432255] prio=5 os_prio=0 cpu=36891.85ms elapsed=37.05s tid=0x000014f0a00ba820 nid=432255 runnable  [0x000014f0a5c00000]
   java.lang.Thread.State: RUNNABLE
	at java.lang.invoke.MethodHandleStatics.<clinit>(java.base/MethodHandleStatics.java:101)
	at java.lang.invoke.MethodHandle.<clinit>(java.base/MethodHandle.java:1906)

"Reference Handler" #23 [449628] daemon prio=10 os_prio=0 cpu=0.13ms elapsed=0.01s tid=0x000014f0a0197a60 nid=449628 waiting on condition  [0x000014f089df6000]
   java.lang.Thread.State: RUNNABLE
	at java.lang.ref.Reference.waitForReferencePendingList(java.base/Native Method)
	at java.lang.ref.Reference.processPendingReferences(java.base/Reference.java:240)
	at java.lang.ref.Reference$ReferenceHandler.run(java.base/Reference.java:202)

"Finalizer" #24 [449629] daemon prio=8 os_prio=0 cpu=0.13ms elapsed=0.01s tid=0x000014f0a0199870 nid=449629 in Object.wait()  [0x000014f0899fe000]
   java.lang.Thread.State: WAITING (on object monitor)
	at java.lang.Object.wait0(java.base/Native Method)
	- waiting on <0x000004000000f8a8> (a java.lang.Object)
	at java.lang.Object.wait(java.base/Object.java:391)
	at java.lang.Object.wait(java.base/Object.java:353)
	at java.lang.ref.ReferenceQueue.remove0(java.base/ReferenceQueue.java:136)
	at java.lang.ref.ReferenceQueue.remove(java.base/ReferenceQueue.java:214)
	- locked <0x000004000000f8a8> (a java.lang.Object)
	at java.lang.ref.Finalizer$FinalizerThread.run(java.base/Finalizer.java:165)

"Signal Dispatcher" #25 [449630] daemon prio=9 os_prio=0 cpu=0.36ms elapsed=0.01s tid=0x000014f0a019b9f0 nid=449630 waiting on condition  [0x0000000000000000]
   java.lang.Thread.State: RUNNABLE

"Service Thread" #26 [449631] daemon prio=9 os_prio=0 cpu=0.10ms elapsed=0.01s tid=0x000014f0a019d860 nid=449631 runnable  [0x0000000000000000]
   java.lang.Thread.State: RUNNABLE

"Monitor Deflation Thread" #27 [449632] daemon prio=9 os_prio=0 cpu=0.07ms elapsed=0.01s tid=0x000014f0a019f6c0 nid=449632 runnable  [0x0000000000000000]
   java.lang.Thread.State: RUNNABLE

"C2 CompilerThread0" #28 [449633] daemon prio=9 os_prio=0 cpu=3.38ms elapsed=0.01s tid=0x000014f0a01a1f00 nid=449633 waiting on condition  [0x0000000000000000]
   java.lang.Thread.State: RUNNABLE
   No compile task

"C1 CompilerThread0" #31 [449634] daemon prio=9 os_prio=0 cpu=0.77ms elapsed=0.01s tid=0x000014f0a01a3f10 nid=449634 runnable  [0x0000000000000000]
   java.lang.Thread.State: RUNNABLE
   Compiling:    2       3       java.lang.Byte::toUnsignedInt (6 bytes)

"VM Thread" os_prio=0 cpu=3.18ms elapsed=0.02s tid=0x000014f0a0132e90 nid=449627 runnable  

"VM Periodic Task Thread" os_prio=0 cpu=0.06ms elapsed=0.03s tid=0x000014f0a010afb0 nid=449626 runnable  

"RuntimeWorker#5" os_prio=0 cpu=0.03ms elapsed=0.03s tid=0x000014f0a00ef8e0 nid=449625 runnable  

"RuntimeWorker#4" os_prio=0 cpu=0.03ms elapsed=0.03s tid=0x000014f0a00ee2f0 nid=449624 runnable  

"RuntimeWorker#3" os_prio=0 cpu=0.03ms elapsed=0.03s tid=0x000014f0a00ecd00 nid=449623 runnable  

"RuntimeWorker#2" os_prio=0 cpu=0.03ms elapsed=0.03s tid=0x000014f0a00eb710 nid=449622 runnable  

"RuntimeWorker#1" os_prio=0 cpu=0.04ms elapsed=0.03s tid=0x000014f0a00ea120 nid=449621 runnable  

"RuntimeWorker#0" os_prio=0 cpu=0.03ms elapsed=0.03s tid=0x000014f0a00e8b30 nid=449620 runnable  

"ZStat" os_prio=0 cpu=0.15ms elapsed=0.03s tid=0x000014f0a00e73f0 nid=449619 runnable  

"ZDirector" os_prio=0 cpu=0.05ms elapsed=0.03s tid=0x000014f0a00e5db0 nid=449618 runnable  

"ZDriverMajor" os_prio=0 cpu=0.08ms elapsed=0.03s tid=0x000014f0a00e43e0 nid=449617 runnable  

"ZDriverMinor" os_prio=0 cpu=0.16ms elapsed=0.04s tid=0x000014f0a00e2a80 nid=449616 runnable  

"ZWorkerYoung#2" os_prio=0 cpu=0.03ms elapsed=37.04s tid=0x000014f0a00e1330 nid=432265 runnable  

"ZWorkerYoung#1" os_prio=0 cpu=0.03ms elapsed=37.04s tid=0x000014f0a00dfd40 nid=432264 runnable  

"ZWorkerYoung#0" os_prio=0 cpu=0.04ms elapsed=37.04s tid=0x000014f0a00de7b0 nid=432263 runnable  

"ZWorkerOld#2" os_prio=0 cpu=0.03ms elapsed=37.04s tid=0x000014f0a00dd120 nid=432262 runnable  

"ZWorkerOld#1" os_prio=0 cpu=0.03ms elapsed=37.04s tid=0x000014f0a00dbb30 nid=432261 runnable  

"ZWorkerOld#0" os_prio=0 cpu=0.05ms elapsed=37.04s tid=0x000014f0a00da950 nid=432260 runnable  

"ZUncommitter#0" os_prio=0 cpu=0.07ms elapsed=37.04s tid=0x000014f0a00d4250 nid=432259 runnable  

JNI global refs: 6, weak refs: 0

Heap
 ZHeap           used 2M, capacity 163840M, max capacity 163840M
  Cache          163838M (1)
   size classes  16G (1)
 Metaspace       used 2875K, committed 2944K, reserved 1114112K
  class space    used 205K, committed 256K, reserved 1048576K

2026-04-17 22:07:46
Full thread dump OpenJDK 64-Bit Server VM (27-internal-adhoc.fredrha.SimplifyingWeakRefs mixed mode)
                 JDK version: OpenJDK Runtime Environment (27.0) (build 27-internal-adhoc.fredrha.SimplifyingWeakRefs)

Threads class SMR info:
_java_thread_list=0x000014f0a01a5cc0, length=8, elements={
0x000014f0a00ba820, 0x000014f0a0197a60, 0x000014f0a0199870, 0x000014f0a019b9f0,
0x000014f0a019d860, 0x000014f0a019f6c0, 0x000014f0a01a1f00, 0x000014f0a01a3f10
}

"main" #3 [432255] prio=5 os_prio=0 cpu=36892.04ms elapsed=37.05s tid=0x000014f0a00ba820 nid=432255 runnable  [0x000014f0a5c00000]
   java.lang.Thread.State: RUNNABLE
	at java.lang.Character.valueOf(java.base/Character.java:9464)
	at jdk.internal.util.ClassFileDumper.<clinit>(java.base/ClassFileDumper.java:165)
	at java.lang.invoke.MethodHandleStatics.<clinit>(java.base/MethodHandleStatics.java:101)
	at java.lang.invoke.MethodHandle.<clinit>(java.base/MethodHandle.java:1906)

"Reference Handler" #23 [449628] daemon prio=10 os_prio=0 cpu=0.13ms elapsed=0.01s tid=0x000014f0a0197a60 nid=449628 waiting on condition  [0x000014f089df6000]
   java.lang.Thread.State: RUNNABLE
	at java.lang.ref.Reference.waitForReferencePendingList(java.base/Native Method)
	at java.lang.ref.Reference.processPendingReferences(java.base/Reference.java:240)
	at java.lang.ref.Reference$ReferenceHandler.run(java.base/Reference.java:202)

"Finalizer" #24 [449629] daemon prio=8 os_prio=0 cpu=0.13ms elapsed=0.01s tid=0x000014f0a0199870 nid=449629 in Object.wait()  [0x000014f0899fe000]
   java.lang.Thread.State: WAITING (on object monitor)
	at java.lang.Object.wait0(java.base/Native Method)
	- waiting on <0x000004000000f8a8> (a java.lang.Object)
	at java.lang.Object.wait(java.base/Object.java:391)
	at java.lang.Object.wait(java.base/Object.java:353)
	at java.lang.ref.ReferenceQueue.remove0(java.base/ReferenceQueue.java:136)
	at java.lang.ref.ReferenceQueue.remove(java.base/ReferenceQueue.java:214)
	- locked <0x000004000000f8a8> (a java.lang.Object)
	at java.lang.ref.Finalizer$FinalizerThread.run(java.base/Finalizer.java:165)

"Signal Dispatcher" #25 [449630] daemon prio=9 os_prio=0 cpu=0.40ms elapsed=0.01s tid=0x000014f0a019b9f0 nid=449630 waiting on condition  [0x0000000000000000]
   java.lang.Thread.State: RUNNABLE

"Service Thread" #26 [449631] daemon prio=9 os_prio=0 cpu=0.10ms elapsed=0.01s tid=0x000014f0a019d860 nid=449631 runnable  [0x0000000000000000]
   java.lang.Thread.State: RUNNABLE

"Monitor Deflation Thread" #27 [449632] daemon prio=9 os_prio=0 cpu=0.07ms elapsed=0.01s tid=0x000014f0a019f6c0 nid=449632 runnable  [0x0000000000000000]
   java.lang.Thread.State: RUNNABLE

"C2 CompilerThread0" #28 [449633] daemon prio=9 os_prio=0 cpu=3.38ms elapsed=0.01s tid=0x000014f0a01a1f00 nid=449633 waiting on condition  [0x0000000000000000]
   java.lang.Thread.State: RUNNABLE
   No compile task

"C1 CompilerThread0" #31 [449634] daemon prio=9 os_prio=0 cpu=0.78ms elapsed=0.01s tid=0x000014f0a01a3f10 nid=449634 waiting on condition  [0x0000000000000000]
   java.lang.Thread.State: RUNNABLE
   No compile task

"VM Thread" os_prio=0 cpu=3.63ms elapsed=0.02s tid=0x000014f0a0132e90 nid=449627 runnable  

"VM Periodic Task Thread" os_prio=0 cpu=0.06ms elapsed=0.03s tid=0x000014f0a010afb0 nid=449626 runnable  

"RuntimeWorker#5" os_prio=0 cpu=0.03ms elapsed=0.03s tid=0x000014f0a00ef8e0 nid=449625 runnable  

"RuntimeWorker#4" os_prio=0 cpu=0.03ms elapsed=0.03s tid=0x000014f0a00ee2f0 nid=449624 runnable  

"RuntimeWorker#3" os_prio=0 cpu=0.03ms elapsed=0.04s tid=0x000014f0a00ecd00 nid=449623 runnable  

"RuntimeWorker#2" os_prio=0 cpu=0.03ms elapsed=0.04s tid=0x000014f0a00eb710 nid=449622 runnable  

"RuntimeWorker#1" os_prio=0 cpu=0.04ms elapsed=0.04s tid=0x000014f0a00ea120 nid=449621 runnable  

"RuntimeWorker#0" os_prio=0 cpu=0.03ms elapsed=0.04s tid=0x000014f0a00e8b30 nid=449620 runnable  

"ZStat" os_prio=0 cpu=0.15ms elapsed=0.04s tid=0x000014f0a00e73f0 nid=449619 runnable  

"ZDirector" os_prio=0 cpu=0.05ms elapsed=0.04s tid=0x000014f0a00e5db0 nid=449618 runnable  

"ZDriverMajor" os_prio=0 cpu=0.08ms elapsed=0.04s tid=0x000014f0a00e43e0 nid=449617 runnable  

"ZDriverMinor" os_prio=0 cpu=0.16ms elapsed=0.04s tid=0x000014f0a00e2a80 nid=449616 runnable  

"ZWorkerYoung#2" os_prio=0 cpu=0.03ms elapsed=37.04s tid=0x000014f0a00e1330 nid=432265 runnable  

"ZWorkerYoung#1" os_prio=0 cpu=0.03ms elapsed=37.05s tid=0x000014f0a00dfd40 nid=432264 runnable  

"ZWorkerYoung#0" os_prio=0 cpu=0.04ms elapsed=37.05s tid=0x000014f0a00de7b0 nid=432263 runnable  

"ZWorkerOld#2" os_prio=0 cpu=0.03ms elapsed=37.05s tid=0x000014f0a00dd120 nid=432262 runnable  

"ZWorkerOld#1" os_prio=0 cpu=0.03ms elapsed=37.05s tid=0x000014f0a00dbb30 nid=432261 runnable  

"ZWorkerOld#0" os_prio=0 cpu=0.05ms elapsed=37.05s tid=0x000014f0a00da950 nid=432260 runnable  

"ZUncommitter#0" os_prio=0 cpu=0.07ms elapsed=37.05s tid=0x000014f0a00d4250 nid=432259 runnable  

JNI global refs: 6, weak refs: 0

Heap
 ZHeap           used 2M, capacity 163840M, max capacity 163840M
  Cache          163838M (1)
   size classes  16G (1)
 Metaspace       used 2878K, committed 2944K, reserved 1114112K
  class space    used 206K, committed 256K, reserved 1048576K

2026-04-17 22:07:46
Full thread dump OpenJDK 64-Bit Server VM (27-internal-adhoc.fredrha.SimplifyingWeakRefs mixed mode)
                 JDK version: OpenJDK Runtime Environment (27.0) (build 27-internal-adhoc.fredrha.SimplifyingWeakRefs)

Threads class SMR info:
_java_thread_list=0x000014f0a01a5cc0, length=8, elements={
0x000014f0a00ba820, 0x000014f0a0197a60, 0x000014f0a0199870, 0x000014f0a019b9f0,
0x000014f0a019d860, 0x000014f0a019f6c0, 0x000014f0a01a1f00, 0x000014f0a01a3f10
}

"main" #3 [432255] prio=5 os_prio=0 cpu=36892.17ms elapsed=37.05s tid=0x000014f0a00ba820 nid=432255 runnable  [0x000014f0a5c00000]
   java.lang.Thread.State: RUNNABLE
	at jdk.internal.util.ClassFileDumper.<init>(java.base/ClassFileDumper.java:77)
	at jdk.internal.util.ClassFileDumper.getInstance(java.base/ClassFileDumper.java:63)
	at java.lang.invoke.MethodHandleStatics.<clinit>(java.base/MethodHandleStatics.java:101)
	at java.lang.invoke.MethodHandle.<clinit>(java.base/MethodHandle.java:1906)

"Reference Handler" #23 [449628] daemon prio=10 os_prio=0 cpu=0.13ms elapsed=0.01s tid=0x000014f0a0197a60 nid=449628 waiting on condition  [0x000014f089df6000]
   java.lang.Thread.State: RUNNABLE
	at java.lang.ref.Reference.waitForReferencePendingList(java.base/Native Method)
	at java.lang.ref.Reference.processPendingReferences(java.base/Reference.java:240)
	at java.lang.ref.Reference$ReferenceHandler.run(java.base/Reference.java:202)

"Finalizer" #24 [449629] daemon prio=8 os_prio=0 cpu=0.13ms elapsed=0.01s tid=0x000014f0a0199870 nid=449629 in Object.wait()  [0x000014f0899fe000]
   java.lang.Thread.State: WAITING (on object monitor)
	at java.lang.Object.wait0(java.base/Native Method)
	- waiting on <0x000004000000f8a8> (a java.lang.Object)
	at java.lang.Object.wait(java.base/Object.java:391)
	at java.lang.Object.wait(java.base/Object.java:353)
	at java.lang.ref.ReferenceQueue.remove0(java.base/ReferenceQueue.java:136)
	at java.lang.ref.ReferenceQueue.remove(java.base/ReferenceQueue.java:214)
	- locked <0x000004000000f8a8> (a java.lang.Object)
	at java.lang.ref.Finalizer$FinalizerThread.run(java.base/Finalizer.java:165)

"Signal Dispatcher" #25 [449630] daemon prio=9 os_prio=0 cpu=0.44ms elapsed=0.01s tid=0x000014f0a019b9f0 nid=449630 waiting on condition  [0x0000000000000000]
   java.lang.Thread.State: RUNNABLE

"Service Thread" #26 [449631] daemon prio=9 os_prio=0 cpu=0.10ms elapsed=0.01s tid=0x000014f0a019d860 nid=449631 runnable  [0x0000000000000000]
   java.lang.Thread.State: RUNNABLE

"Monitor Deflation Thread" #27 [449632] daemon prio=9 os_prio=0 cpu=0.07ms elapsed=0.01s tid=0x000014f0a019f6c0 nid=449632 runnable  [0x0000000000000000]
   java.lang.Thread.State: RUNNABLE

"C2 CompilerThread0" #28 [449633] daemon prio=9 os_prio=0 cpu=3.38ms elapsed=0.01s tid=0x000014f0a01a1f00 nid=449633 waiting on condition  [0x0000000000000000]
   java.lang.Thread.State: RUNNABLE
   No compile task

"C1 CompilerThread0" #31 [449634] daemon prio=9 os_prio=0 cpu=0.78ms elapsed=0.01s tid=0x000014f0a01a3f10 nid=449634 waiting on condition  [0x0000000000000000]
   java.lang.Thread.State: RUNNABLE
   No compile task

"VM Thread" os_prio=0 cpu=4.09ms elapsed=0.02s tid=0x000014f0a0132e90 nid=449627 runnable  

"VM Periodic Task Thread" os_prio=0 cpu=0.06ms elapsed=0.03s tid=0x000014f0a010afb0 nid=449626 runnable  

"RuntimeWorker#5" os_prio=0 cpu=0.03ms elapsed=0.04s tid=0x000014f0a00ef8e0 nid=449625 runnable  

"RuntimeWorker#4" os_prio=0 cpu=0.03ms elapsed=0.04s tid=0x000014f0a00ee2f0 nid=449624 runnable  

"RuntimeWorker#3" os_prio=0 cpu=0.03ms elapsed=0.04s tid=0x000014f0a00ecd00 nid=449623 runnable  

"RuntimeWorker#2" os_prio=0 cpu=0.03ms elapsed=0.04s tid=0x000014f0a00eb710 nid=449622 runnable  

"RuntimeWorker#1" os_prio=0 cpu=0.04ms elapsed=0.04s tid=0x000014f0a00ea120 nid=449621 runnable  

"RuntimeWorker#0" os_prio=0 cpu=0.03ms elapsed=0.04s tid=0x000014f0a00e8b30 nid=449620 runnable  

"ZStat" os_prio=0 cpu=0.15ms elapsed=0.04s tid=0x000014f0a00e73f0 nid=449619 runnable  

"ZDirector" os_prio=0 cpu=0.05ms elapsed=0.04s tid=0x000014f0a00e5db0 nid=449618 runnable  

"ZDriverMajor" os_prio=0 cpu=0.08ms elapsed=0.04s tid=0x000014f0a00e43e0 nid=449617 runnable  

"ZDriverMinor" os_prio=0 cpu=0.16ms elapsed=0.04s tid=0x000014f0a00e2a80 nid=449616 runnable  

"ZWorkerYoung#2" os_prio=0 cpu=0.03ms elapsed=37.05s tid=0x000014f0a00e1330 nid=432265 runnable  

"ZWorkerYoung#1" os_prio=0 cpu=0.03ms elapsed=37.05s tid=0x000014f0a00dfd40 nid=432264 runnable  

"ZWorkerYoung#0" os_prio=0 cpu=0.04ms elapsed=37.05s tid=0x000014f0a00de7b0 nid=432263 runnable  

"ZWorkerOld#2" os_prio=0 cpu=0.03ms elapsed=37.05s tid=0x000014f0a00dd120 nid=432262 runnable  

"ZWorkerOld#1" os_prio=0 cpu=0.03ms elapsed=37.05s tid=0x000014f0a00dbb30 nid=432261 runnable  

"ZWorkerOld#0" os_prio=0 cpu=0.05ms elapsed=37.05s tid=0x000014f0a00da950 nid=432260 runnable  

"ZUncommitter#0" os_prio=0 cpu=0.07ms elapsed=37.05s tid=0x000014f0a00d4250 nid=432259 runnable  

JNI global refs: 6, weak refs: 0

Heap
 ZHeap           used 2M, capacity 163840M, max capacity 163840M
  Cache          163838M (1)
   size classes  16G (1)
 Metaspace       used 2890K, committed 2944K, reserved 1114112K
  class space    used 207K, committed 256K, reserved 1048576K

2026-04-17 22:07:46
Full thread dump OpenJDK 64-Bit Server VM (27-internal-adhoc.fredrha.SimplifyingWeakRefs mixed mode)
                 JDK version: OpenJDK Runtime Environment (27.0) (build 27-internal-adhoc.fredrha.SimplifyingWeakRefs)

Threads class SMR info:
_java_thread_list=0x000014f0a01a5cc0, length=8, elements={
0x000014f0a00ba820, 0x000014f0a0197a60, 0x000014f0a0199870, 0x000014f0a019b9f0,
0x000014f0a019d860, 0x000014f0a019f6c0, 0x000014f0a01a1f00, 0x000014f0a01a3f10
}

"main" #3 [432255] prio=5 os_prio=0 cpu=36892.27ms elapsed=37.05s tid=0x000014f0a00ba820 nid=432255 runnable  [0x0000000000000000]
   java.lang.Thread.State: RUNNABLE

"Reference Handler" #23 [449628] daemon prio=10 os_prio=0 cpu=0.13ms elapsed=0.01s tid=0x000014f0a0197a60 nid=449628 waiting on condition  [0x000014f089df6000]
   java.lang.Thread.State: RUNNABLE
	at java.lang.ref.Reference.waitForReferencePendingList(java.base/Native Method)
	at java.lang.ref.Reference.processPendingReferences(java.base/Reference.java:240)
	at java.lang.ref.Reference$ReferenceHandler.run(java.base/Reference.java:202)

"Finalizer" #24 [449629] daemon prio=8 os_prio=0 cpu=0.13ms elapsed=0.01s tid=0x000014f0a0199870 nid=449629 in Object.wait()  [0x000014f0899fe000]
   java.lang.Thread.State: WAITING (on object monitor)
	at java.lang.Object.wait0(java.base/Native Method)
	- waiting on <0x000004000000f8a8> (a java.lang.Object)
	at java.lang.Object.wait(java.base/Object.java:391)
	at java.lang.Object.wait(java.base/Object.java:353)
	at java.lang.ref.ReferenceQueue.remove0(java.base/ReferenceQueue.java:136)
	at java.lang.ref.ReferenceQueue.remove(java.base/ReferenceQueue.java:214)
	- locked <0x000004000000f8a8> (a java.lang.Object)
	at java.lang.ref.Finalizer$FinalizerThread.run(java.base/Finalizer.java:165)

"Signal Dispatcher" #25 [449630] daemon prio=9 os_prio=0 cpu=0.48ms elapsed=0.01s tid=0x000014f0a019b9f0 nid=449630 waiting on condition  [0x0000000000000000]
   java.lang.Thread.State: RUNNABLE

"Service Thread" #26 [449631] daemon prio=9 os_prio=0 cpu=0.10ms elapsed=0.01s tid=0x000014f0a019d860 nid=449631 runnable  [0x0000000000000000]
   java.lang.Thread.State: RUNNABLE

"Monitor Deflation Thread" #27 [449632] daemon prio=9 os_prio=0 cpu=0.07ms elapsed=0.01s tid=0x000014f0a019f6c0 nid=449632 runnable  [0x0000000000000000]
   java.lang.Thread.State: RUNNABLE

"C2 CompilerThread0" #28 [449633] daemon prio=9 os_prio=0 cpu=3.38ms elapsed=0.01s tid=0x000014f0a01a1f00 nid=449633 waiting on condition  [0x0000000000000000]
   java.lang.Thread.State: RUNNABLE
   No compile task

"C1 CompilerThread0" #31 [449634] daemon prio=9 os_prio=0 cpu=0.78ms elapsed=0.01s tid=0x000014f0a01a3f10 nid=449634 waiting on condition  [0x0000000000000000]
   java.lang.Thread.State: RUNNABLE
   No compile task

"VM Thread" os_prio=0 cpu=4.53ms elapsed=0.02s tid=0x000014f0a0132e90 nid=449627 runnable  

"VM Periodic Task Thread" os_prio=0 cpu=0.06ms elapsed=0.04s tid=0x000014f0a010afb0 nid=449626 runnable  

"RuntimeWorker#5" os_prio=0 cpu=0.03ms elapsed=0.04s tid=0x000014f0a00ef8e0 nid=449625 runnable  

"RuntimeWorker#4" os_prio=0 cpu=0.03ms elapsed=0.04s tid=0x000014f0a00ee2f0 nid=449624 runnable  

"RuntimeWorker#3" os_prio=0 cpu=0.03ms elapsed=0.04s tid=0x000014f0a00ecd00 nid=449623 runnable  

"RuntimeWorker#2" os_prio=0 cpu=0.03ms elapsed=0.04s tid=0x000014f0a00eb710 nid=449622 runnable  

"RuntimeWorker#1" os_prio=0 cpu=0.04ms elapsed=0.04s tid=0x000014f0a00ea120 nid=449621 runnable  

"RuntimeWorker#0" os_prio=0 cpu=0.03ms elapsed=0.04s tid=0x000014f0a00e8b30 nid=449620 runnable  

"ZStat" os_prio=0 cpu=0.15ms elapsed=0.04s tid=0x000014f0a00e73f0 nid=449619 runnable  

"ZDirector" os_prio=0 cpu=0.06ms elapsed=0.04s tid=0x000014f0a00e5db0 nid=449618 runnable  

"ZDriverMajor" os_prio=0 cpu=0.13ms elapsed=0.04s tid=0x000014f0a00e43e0 nid=449617 runnable  

"ZDriverMinor" os_prio=0 cpu=0.16ms elapsed=0.04s tid=0x000014f0a00e2a80 nid=449616 runnable  

"ZWorkerYoung#2" os_prio=0 cpu=0.03ms elapsed=37.05s tid=0x000014f0a00e1330 nid=432265 runnable  

"ZWorkerYoung#1" os_prio=0 cpu=0.03ms elapsed=37.05s tid=0x000014f0a00dfd40 nid=432264 runnable  

"ZWorkerYoung#0" os_prio=0 cpu=0.04ms elapsed=37.05s tid=0x000014f0a00de7b0 nid=432263 runnable  

"ZWorkerOld#2" os_prio=0 cpu=0.03ms elapsed=37.05s tid=0x000014f0a00dd120 nid=432262 runnable  

"ZWorkerOld#1" os_prio=0 cpu=0.03ms elapsed=37.05s tid=0x000014f0a00dbb30 nid=432261 runnable  

"ZWorkerOld#0" os_prio=0 cpu=0.05ms elapsed=37.05s tid=0x000014f0a00da950 nid=432260 runnable  

"ZUncommitter#0" os_prio=0 cpu=0.07ms elapsed=37.05s tid=0x000014f0a00d4250 nid=432259 runnable  

JNI global refs: 6, weak refs: 0

Heap
 ZHeap           used 2M, capacity 163840M, max capacity 163840M
  Cache          163838M (1)
   size classes  16G (1)
 Metaspace       used 2896K, committed 3008K, reserved 1114112K
  class space    used 207K, committed 256K, reserved 1048576K

2026-04-17 22:07:46
Full thread dump OpenJDK 64-Bit Server VM (27-internal-adhoc.fredrha.SimplifyingWeakRefs mixed mode)
                 JDK version: OpenJDK Runtime Environment (27.0) (build 27-internal-adhoc.fredrha.SimplifyingWeakRefs)

Threads class SMR info:
_java_thread_list=0x000014f0a01a5cc0, length=8, elements={
0x000014f0a00ba820, 0x000014f0a0197a60, 0x000014f0a0199870, 0x000014f0a019b9f0,
0x000014f0a019d860, 0x000014f0a019f6c0, 0x000014f0a01a1f00, 0x000014f0a01a3f10
}

"main" #3 [432255] prio=5 os_prio=0 cpu=36892.63ms elapsed=37.05s tid=0x000014f0a00ba820 nid=432255 runnable  [0x000014f0a5c01000]
   java.lang.Thread.State: RUNNABLE
	at java.lang.System.initPhase2(java.base/System.java:1932)

"Reference Handler" #23 [449628] daemon prio=10 os_prio=0 cpu=0.13ms elapsed=0.01s tid=0x000014f0a0197a60 nid=449628 waiting on condition  [0x000014f089df6000]
   java.lang.Thread.State: RUNNABLE
	at java.lang.ref.Reference.waitForReferencePendingList(java.base/Native Method)
	at java.lang.ref.Reference.processPendingReferences(java.base/Reference.java:240)
	at java.lang.ref.Reference$ReferenceHandler.run(java.base/Reference.java:202)

"Finalizer" #24 [449629] daemon prio=8 os_prio=0 cpu=0.13ms elapsed=0.01s tid=0x000014f0a0199870 nid=449629 in Object.wait()  [0x000014f0899fe000]
   java.lang.Thread.State: WAITING (on object monitor)
	at java.lang.Object.wait0(java.base/Native Method)
	- waiting on <0x000004000000f8a8> (a java.lang.Object)
	at java.lang.Object.wait(java.base/Object.java:391)
	at java.lang.Object.wait(java.base/Object.java:353)
	at java.lang.ref.ReferenceQueue.remove0(java.base/ReferenceQueue.java:136)
	at java.lang.ref.ReferenceQueue.remove(java.base/ReferenceQueue.java:214)
	- locked <0x000004000000f8a8> (a java.lang.Object)
	at java.lang.ref.Finalizer$FinalizerThread.run(java.base/Finalizer.java:165)

"Signal Dispatcher" #25 [449630] daemon prio=9 os_prio=0 cpu=0.52ms elapsed=0.01s tid=0x000014f0a019b9f0 nid=449630 waiting on condition  [0x0000000000000000]
   java.lang.Thread.State: RUNNABLE

"Service Thread" #26 [449631] daemon prio=9 os_prio=0 cpu=0.10ms elapsed=0.01s tid=0x000014f0a019d860 nid=449631 runnable  [0x0000000000000000]
   java.lang.Thread.State: RUNNABLE

"Monitor Deflation Thread" #27 [449632] daemon prio=9 os_prio=0 cpu=0.07ms elapsed=0.01s tid=0x000014f0a019f6c0 nid=449632 runnable  [0x0000000000000000]
   java.lang.Thread.State: RUNNABLE

"C2 CompilerThread0" #28 [449633] daemon prio=9 os_prio=0 cpu=3.38ms elapsed=0.01s tid=0x000014f0a01a1f00 nid=449633 waiting on condition  [0x0000000000000000]
   java.lang.Thread.State: RUNNABLE
   No compile task

"C1 CompilerThread0" #31 [449634] daemon prio=9 os_prio=0 cpu=0.78ms elapsed=0.01s tid=0x000014f0a01a3f10 nid=449634 waiting on condition  [0x0000000000000000]
   java.lang.Thread.State: RUNNABLE
   No compile task

"VM Thread" os_prio=0 cpu=5.07ms elapsed=0.02s tid=0x000014f0a0132e90 nid=449627 runnable  

"VM Periodic Task Thread" os_prio=0 cpu=0.06ms elapsed=0.04s tid=0x000014f0a010afb0 nid=449626 runnable  

"RuntimeWorker#5" os_prio=0 cpu=0.03ms elapsed=0.04s tid=0x000014f0a00ef8e0 nid=449625 runnable  

"RuntimeWorker#4" os_prio=0 cpu=0.03ms elapsed=0.04s tid=0x000014f0a00ee2f0 nid=449624 runnable  

"RuntimeWorker#3" os_prio=0 cpu=0.03ms elapsed=0.04s tid=0x000014f0a00ecd00 nid=449623 runnable  

"RuntimeWorker#2" os_prio=0 cpu=0.03ms elapsed=0.04s tid=0x000014f0a00eb710 nid=449622 runnable  

"RuntimeWorker#1" os_prio=0 cpu=0.04ms elapsed=0.04s tid=0x000014f0a00ea120 nid=449621 runnable  

"RuntimeWorker#0" os_prio=0 cpu=0.03ms elapsed=0.04s tid=0x000014f0a00e8b30 nid=449620 runnable  

"ZStat" os_prio=0 cpu=0.15ms elapsed=0.04s tid=0x000014f0a00e73f0 nid=449619 runnable  

"ZDirector" os_prio=0 cpu=0.06ms elapsed=0.04s tid=0x000014f0a00e5db0 nid=449618 runnable  

"ZDriverMajor" os_prio=0 cpu=0.18ms elapsed=0.04s tid=0x000014f0a00e43e0 nid=449617 runnable  

"ZDriverMinor" os_prio=0 cpu=0.16ms elapsed=0.04s tid=0x000014f0a00e2a80 nid=449616 runnable  

"ZWorkerYoung#2" os_prio=0 cpu=0.12ms elapsed=37.05s tid=0x000014f0a00e1330 nid=432265 runnable  

"ZWorkerYoung#1" os_prio=0 cpu=0.12ms elapsed=37.05s tid=0x000014f0a00dfd40 nid=432264 runnable  

"ZWorkerYoung#0" os_prio=0 cpu=0.16ms elapsed=37.05s tid=0x000014f0a00de7b0 nid=432263 runnable  

"ZWorkerOld#2" os_prio=0 cpu=0.03ms elapsed=37.05s tid=0x000014f0a00dd120 nid=432262 runnable  

"ZWorkerOld#1" os_prio=0 cpu=0.03ms elapsed=37.05s tid=0x000014f0a00dbb30 nid=432261 runnable  

"ZWorkerOld#0" os_prio=0 cpu=0.05ms elapsed=37.05s tid=0x000014f0a00da950 nid=432260 runnable  

"ZUncommitter#0" os_prio=0 cpu=0.07ms elapsed=37.05s tid=0x000014f0a00d4250 nid=432259 runnable  

JNI global refs: 6, weak refs: 0

Heap
 ZHeap           used 4M, capacity 163840M, max capacity 163840M
  Cache          163836M (1)
   size classes  16G (1)
 Metaspace       used 2947K, committed 3008K, reserved 1114112K
  class space    used 208K, committed 256K, reserved 1048576K

2026-04-17 22:07:46
Full thread dump OpenJDK 64-Bit Server VM (27-internal-adhoc.fredrha.SimplifyingWeakRefs mixed mode)
                 JDK version: OpenJDK Runtime Environment (27.0) (build 27-internal-adhoc.fredrha.SimplifyingWeakRefs)

Threads class SMR info:
_java_thread_list=0x000014f0a01a5cc0, length=8, elements={
0x000014f0a00ba820, 0x000014f0a0197a60, 0x000014f0a0199870, 0x000014f0a019b9f0,
0x000014f0a019d860, 0x000014f0a019f6c0, 0x000014f0a01a1f00, 0x000014f0a01a3f10
}

"main" #3 [432255] prio=5 os_prio=0 cpu=36893.08ms elapsed=37.05s tid=0x000014f0a00ba820 nid=432255 runnable  [0x000014f0a5c00000]
   java.lang.Thread.State: RUNNABLE
	at jdk.internal.access.SharedSecrets.ensureClassInitialized(java.base/SharedSecrets.java:504)
	at jdk.internal.access.SharedSecrets.getJavaLangModuleAccess(java.base/SharedSecrets.java:198)
	at jdk.internal.module.ModuleBootstrap.<clinit>(java.base/ModuleBootstrap.java:91)
	at java.lang.System.initPhase2(java.base/System.java:1932)

"Reference Handler" #23 [449628] daemon prio=10 os_prio=0 cpu=0.13ms elapsed=0.01s tid=0x000014f0a0197a60 nid=449628 waiting on condition  [0x000014f089df6000]
   java.lang.Thread.State: RUNNABLE
	at java.lang.ref.Reference.waitForReferencePendingList(java.base/Native Method)
	at java.lang.ref.Reference.processPendingReferences(java.base/Reference.java:240)
	at java.lang.ref.Reference$ReferenceHandler.run(java.base/Reference.java:202)

"Finalizer" #24 [449629] daemon prio=8 os_prio=0 cpu=0.13ms elapsed=0.01s tid=0x000014f0a0199870 nid=449629 in Object.wait()  [0x000014f0899fe000]
   java.lang.Thread.State: WAITING (on object monitor)
	at java.lang.Object.wait0(java.base/Native Method)
	- waiting on <0x000004000000f8a8> (a java.lang.Object)
	at java.lang.Object.wait(java.base/Object.java:391)
	at java.lang.Object.wait(java.base/Object.java:353)
	at java.lang.ref.ReferenceQueue.remove0(java.base/ReferenceQueue.java:136)
	at java.lang.ref.ReferenceQueue.remove(java.base/ReferenceQueue.java:214)
	- locked <0x000004000000f8a8> (a java.lang.Object)
	at java.lang.ref.Finalizer$FinalizerThread.run(java.base/Finalizer.java:165)

"Signal Dispatcher" #25 [449630] daemon prio=9 os_prio=0 cpu=0.56ms elapsed=0.01s tid=0x000014f0a019b9f0 nid=449630 waiting on condition  [0x0000000000000000]
   java.lang.Thread.State: RUNNABLE

"Service Thread" #26 [449631] daemon prio=9 os_prio=0 cpu=0.10ms elapsed=0.01s tid=0x000014f0a019d860 nid=449631 runnable  [0x0000000000000000]
   java.lang.Thread.State: RUNNABLE

"Monitor Deflation Thread" #27 [449632] daemon prio=9 os_prio=0 cpu=0.07ms elapsed=0.01s tid=0x000014f0a019f6c0 nid=449632 runnable  [0x0000000000000000]
   java.lang.Thread.State: RUNNABLE

"C2 CompilerThread0" #28 [449633] daemon prio=9 os_prio=0 cpu=3.38ms elapsed=0.01s tid=0x000014f0a01a1f00 nid=449633 waiting on condition  [0x0000000000000000]
   java.lang.Thread.State: RUNNABLE
   No compile task

"C1 CompilerThread0" #31 [449634] daemon prio=9 os_prio=0 cpu=0.78ms elapsed=0.01s tid=0x000014f0a01a3f10 nid=449634 waiting on condition  [0x0000000000000000]
   java.lang.Thread.State: RUNNABLE
   No compile task

"VM Thread" os_prio=0 cpu=5.53ms elapsed=0.02s tid=0x000014f0a0132e90 nid=449627 runnable  

"VM Periodic Task Thread" os_prio=0 cpu=0.06ms elapsed=0.04s tid=0x000014f0a010afb0 nid=449626 runnable  

"RuntimeWorker#5" os_prio=0 cpu=0.03ms elapsed=0.04s tid=0x000014f0a00ef8e0 nid=449625 runnable  

"RuntimeWorker#4" os_prio=0 cpu=0.03ms elapsed=0.04s tid=0x000014f0a00ee2f0 nid=449624 runnable  

"RuntimeWorker#3" os_prio=0 cpu=0.03ms elapsed=0.04s tid=0x000014f0a00ecd00 nid=449623 runnable  

"RuntimeWorker#2" os_prio=0 cpu=0.03ms elapsed=0.04s tid=0x000014f0a00eb710 nid=449622 runnable  

"RuntimeWorker#1" os_prio=0 cpu=0.04ms elapsed=0.04s tid=0x000014f0a00ea120 nid=449621 runnable  

"RuntimeWorker#0" os_prio=0 cpu=0.03ms elapsed=0.04s tid=0x000014f0a00e8b30 nid=449620 runnable  

"ZStat" os_prio=0 cpu=0.15ms elapsed=0.04s tid=0x000014f0a00e73f0 nid=449619 runnable  

"ZDirector" os_prio=0 cpu=0.06ms elapsed=0.04s tid=0x000014f0a00e5db0 nid=449618 runnable  

"ZDriverMajor" os_prio=0 cpu=0.18ms elapsed=0.04s tid=0x000014f0a00e43e0 nid=449617 runnable  

"ZDriverMinor" os_prio=0 cpu=0.16ms elapsed=0.04s tid=0x000014f0a00e2a80 nid=449616 runnable  

"ZWorkerYoung#2" os_prio=0 cpu=0.17ms elapsed=37.05s tid=0x000014f0a00e1330 nid=432265 runnable  

"ZWorkerYoung#1" os_prio=0 cpu=0.17ms elapsed=37.05s tid=0x000014f0a00dfd40 nid=432264 runnable  

"ZWorkerYoung#0" os_prio=0 cpu=0.23ms elapsed=37.05s tid=0x000014f0a00de7b0 nid=432263 runnable  

"ZWorkerOld#2" os_prio=0 cpu=0.03ms elapsed=37.05s tid=0x000014f0a00dd120 nid=432262 runnable  

"ZWorkerOld#1" os_prio=0 cpu=0.03ms elapsed=37.05s tid=0x000014f0a00dbb30 nid=432261 runnable  

"ZWorkerOld#0" os_prio=0 cpu=0.05ms elapsed=37.05s tid=0x000014f0a00da950 nid=432260 runnable  

"ZUncommitter#0" os_prio=0 cpu=0.07ms elapsed=37.05s tid=0x000014f0a00d4250 nid=432259 runnable  

JNI global refs: 6, weak refs: 0

Heap
 ZHeap           used 4M, capacity 163840M, max capacity 163840M
  Cache          163836M (1)
   size classes  16G (1)
 Metaspace       used 3011K, committed 3072K, reserved 1114112K
  class space    used 210K, committed 256K, reserved 1048576K

[37.058s][info   ][gc,ref] GC(0) O:                           Encountered       Discovered Cleared/Enqueued 
[37.058s][info   ][gc,ref] GC(0) O: Soft References:                    0                0                0 
[37.058s][info   ][gc,ref] GC(0) O: Weak References:                    0                0                0 
[37.058s][info   ][gc,ref] GC(0) O: Weak (No Queue):                    0                0                0 
[37.058s][info   ][gc,ref] GC(0) O: Final References:                   0                0                0 
[37.058s][info   ][gc,ref] GC(0) O: Phantom References:                 0                0                0 
[37.574s][info   ][gc,ref] GC(1) O:                           Encountered       Discovered Cleared/Enqueued 
[37.574s][info   ][gc,ref] GC(1) O: Soft References:                  148                0                0 
[37.574s][info   ][gc,ref] GC(1) O: Weak References:                  605                0                0 
[37.574s][info   ][gc,ref] GC(1) O: Weak (No Queue):                    3                0                0 
[37.574s][info   ][gc,ref] GC(1) O: Final References:                   0                0                0 
[37.574s][info   ][gc,ref] GC(1) O: Phantom References:                 1                0                0 
[38.091s][info   ][gc,ref] GC(2) O:                           Encountered       Discovered Cleared/Enqueued 
[38.091s][info   ][gc,ref] GC(2) O: Soft References:                  148                0                0 
[38.091s][info   ][gc,ref] GC(2) O: Weak References:                  605                0                0 
[38.091s][info   ][gc,ref] GC(2) O: Weak (No Queue):                    3                0                0 
[38.091s][info   ][gc,ref] GC(2) O: Final References:                   0                0                0 
[38.091s][info   ][gc,ref] GC(2) O: Phantom References:                 1                0                0 
[38.602s][info   ][gc,ref] GC(3) O:                           Encountered       Discovered Cleared/Enqueued 
[38.602s][info   ][gc,ref] GC(3) O: Soft References:                  148                0                0 
[38.602s][info   ][gc,ref] GC(3) O: Weak References:                  605              140              130 
[38.602s][info   ][gc,ref] GC(3) O: Weak (No Queue):                    3                3                0 
[38.602s][info   ][gc,ref] GC(3) O: Final References:                   0                0                0 
[38.602s][info   ][gc,ref] GC(3) O: Phantom References:                 1                1                0 
WeakRefMultiObjectBenchmark: objects=146800180 minSize=509 maxSize=1097 sleepMillis=3000
[39.128s][info   ][gc,ref] GC(4) O:                           Encountered       Discovered Cleared/Enqueued 
[39.128s][info   ][gc,ref] GC(4) O: Soft References:                  238                0                0 
[39.128s][info   ][gc,ref] GC(4) O: Weak References:                 1201              290                0 
[39.128s][info   ][gc,ref] GC(4) O: Weak (No Queue):                    3                0                0 
[39.128s][info   ][gc,ref] GC(4) O: Final References:                   0                0                0 
[39.128s][info   ][gc,ref] GC(4) O: Phantom References:                 1                1                0 
Phase 1: Allocating references and objects...
[40.656s][info   ][gc,ref] GC(5) O:                           Encountered       Discovered Cleared/Enqueued 
[40.656s][info   ][gc,ref] GC(5) O: Soft References:                  238                0                0 
[40.656s][info   ][gc,ref] GC(5) O: Weak References:                 1201              214                0 
[40.656s][info   ][gc,ref] GC(5) O: Weak (No Queue):                    3                3                0 
[40.656s][info   ][gc,ref] GC(5) O: Final References:                   0                0                0 
[40.656s][info   ][gc,ref] GC(5) O: Phantom References:                 1                1                0 
[42.558s][info   ][gc,ref] GC(6) O:                           Encountered       Discovered Cleared/Enqueued 
[42.558s][info   ][gc,ref] GC(6) O: Soft References:                  238                0                0 
[42.558s][info   ][gc,ref] GC(6) O: Weak References:                 1201             1073              201 
[42.558s][info   ][gc,ref] GC(6) O: Weak (No Queue):                    3                3                0 
[42.558s][info   ][gc,ref] GC(6) O: Final References:                   0                0                0 
[42.558s][info   ][gc,ref] GC(6) O: Phantom References:                 1                1                0 
[43.985s][info   ][gc,ref] GC(7) O:                           Encountered       Discovered Cleared/Enqueued 
[43.985s][info   ][gc,ref] GC(7) O: Soft References:                  238                0                0 
[43.985s][info   ][gc,ref] GC(7) O: Weak References:                 1000              657                0 
[43.985s][info   ][gc,ref] GC(7) O: Weak (No Queue):                    3                3                0 
[43.985s][info   ][gc,ref] GC(7) O: Final References:                   0                0                0 
[43.985s][info   ][gc,ref] GC(7) O: Phantom References:                 1                1                0 
[45.221s][info   ][gc,ref] GC(8) O:                           Encountered       Discovered Cleared/Enqueued 
[45.221s][info   ][gc,ref] GC(8) O: Soft References:                  238                0                0 
[45.221s][info   ][gc,ref] GC(8) O: Weak References:                 1000              143                0 
[45.221s][info   ][gc,ref] GC(8) O: Weak (No Queue):                    3                3                0 
[45.221s][info   ][gc,ref] GC(8) O: Final References:                   0                0                0 
[45.221s][info   ][gc,ref] GC(8) O: Phantom References:                 1                1                0 
[46.679s][info   ][gc,ref] GC(9) O:                           Encountered       Discovered Cleared/Enqueued 
[46.679s][info   ][gc,ref] GC(9) O: Soft References:                  238                0                0 
[46.679s][info   ][gc,ref] GC(9) O: Weak References:                 1000               76                0 
[46.679s][info   ][gc,ref] GC(9) O: Weak (No Queue):                    3                3                0 
[46.679s][info   ][gc,ref] GC(9) O: Final References:                   0                0                0 
[46.679s][info   ][gc,ref] GC(9) O: Phantom References:                 1                0                0 
[48.927s][info   ][gc,ref] GC(10) O:                           Encountered       Discovered Cleared/Enqueued 
[48.927s][info   ][gc,ref] GC(10) O: Soft References:                  238                0                0 
[48.927s][info   ][gc,ref] GC(10) O: Weak References:                 1000              257                0 
[48.927s][info   ][gc,ref] GC(10) O: Weak (No Queue):              1631006                3                0 
[48.927s][info   ][gc,ref] GC(10) O: Final References:                   0                0                0 
[48.927s][info   ][gc,ref] GC(10) O: Phantom References:                 1                1                0 
[53.577s][info   ][gc,ref] GC(11) O:                           Encountered       Discovered Cleared/Enqueued 
[53.577s][info   ][gc,ref] GC(11) O: Soft References:                  238                0                0 
[53.577s][info   ][gc,ref] GC(11) O: Weak References:                 1000              138                0 
[53.577s][info   ][gc,ref] GC(11) O: Weak (No Queue):              6157336                3                0 
[53.577s][info   ][gc,ref] GC(11) O: Final References:                   0                0                0 
[53.577s][info   ][gc,ref] GC(11) O: Phantom References:                 1                1                0 
[64.915s][info   ][gc,ref] GC(12) O:                           Encountered       Discovered Cleared/Enqueued 
[64.915s][info   ][gc,ref] GC(12) O: Soft References:                  238                0                0 
[64.915s][info   ][gc,ref] GC(12) O: Weak References:                 1000              138                0 
[64.915s][info   ][gc,ref] GC(12) O: Weak (No Queue):             15618975                3                0 
[64.915s][info   ][gc,ref] GC(12) O: Final References:                   0                0                0 
[64.915s][info   ][gc,ref] GC(12) O: Phantom References:                 1                1                0 
[91.052s][info   ][gc,ref] GC(13) O:                           Encountered       Discovered Cleared/Enqueued 
[91.052s][info   ][gc,ref] GC(13) O: Soft References:                  238                0                0 
[91.052s][info   ][gc,ref] GC(13) O: Weak References:                 1000              138                0 
[91.052s][info   ][gc,ref] GC(13) O: Weak (No Queue):             38767987                3                0 
[91.052s][info   ][gc,ref] GC(13) O: Final References:                   0                0                0 
[91.052s][info   ][gc,ref] GC(13) O: Phantom References:                 1                1                0 
Allocated 146800180 objects in 81.04 seconds
Phase 2: Sleeping for 3000 ms...
Phase 3.1: Clearing strong references...
Cleared 29360037 strong references, 117440143 remaining
Waiting 3000 ms...
Phase 3.2: Clearing strong references...
Cleared 29360037 strong references, 88080106 remaining
Waiting 3000 ms...
Phase 3.3: Clearing strong references...
Cleared 29360037 strong references, 58720069 remaining
Waiting 3000 ms...
Phase 3.4: Clearing strong references...
[145.683s][info   ][gc,ref] GC(14) O:                           Encountered       Discovered Cleared/Enqueued 
[145.683s][info   ][gc,ref] GC(14) O: Soft References:                  238                0                0 
[145.683s][info   ][gc,ref] GC(14) O: Weak References:                 1000               24                0 
[145.683s][info   ][gc,ref] GC(14) O: Weak (No Queue):             90463679         12445935                0 
[145.683s][info   ][gc,ref] GC(14) O: Final References:                   0                0                0 
[145.683s][info   ][gc,ref] GC(14) O: Phantom References:                 1                1                0 
Cleared 29360037 strong references, 29360032 remaining
Waiting 3000 ms...
Phase 3.5: Clearing strong references...
Cleared 29360032 strong references, 0 remaining
Waiting 3000 ms...
Waiting 6000 ms...
Phase 4: Final weak reference checks...
Final count of alive weak references: 146800180
[183.971s][info   ][gc,stats] === Garbage Collection Statistics =======================================================================================================================
[183.971s][info   ][gc,stats]                                                              Last 10s              Last 10m              Last 10h                Total
[183.971s][info   ][gc,stats]                                                              Avg / Max             Avg / Max             Avg / Max             Avg / Max
[183.971s][info   ][gc,stats]        Contention: Mark Segment Reset Contention                     0 / 0                 0 / 20                0 / 20                0 / 20          ops/s
[183.971s][info   ][gc,stats]        Contention: Mark SeqNum Reset Contention                      0 / 0                 0 / 4                 0 / 4                 0 / 4           ops/s
[183.971s][info   ][gc,stats]          Critical: Allocation Stall                                  0 / 0                 0 / 0                 0 / 0                 0 / 0           ops/s
[183.971s][info   ][gc,stats]          Critical: Allocation Stall                              0.000 / 0.000         0.000 / 0.000         0.000 / 0.000         0.000 / 0.000       ms
[183.971s][info   ][gc,stats]          Critical: JNI Critical Stall                                0 / 0                 0 / 0                 0 / 0                 0 / 0           ops/s
[183.971s][info   ][gc,stats]          Critical: JNI Critical Stall                            0.000 / 0.000         0.000 / 0.000         0.000 / 0.000         0.000 / 0.000       ms
[183.971s][info   ][gc,stats]          Critical: Relocation Stall                                  0 / 0                 0 / 0                 0 / 0                 0 / 0           ops/s
[183.971s][info   ][gc,stats]          Critical: Relocation Stall                              0.000 / 0.000         0.000 / 0.000         0.000 / 0.000         0.000 / 0.000       ms
[183.971s][info   ][gc,stats]  Major Collection: Major Collection                              0.000 / 0.000      6771.684 / 54128.376  6771.684 / 54128.376  6771.684 / 54128.376   ms
[183.971s][info   ][gc,stats]            Memory: Allocation Rate                                   0 / 0               910 / 1870            910 / 1870            910 / 1870        MB/s
[183.971s][info   ][gc,stats]            Memory: Defragment                                        0 / 0                 0 / 0                 0 / 0                 0 / 0           ops/s
[183.971s][info   ][gc,stats]            Memory: Mapped Cache Harvest                              0 / 0                 0 / 0                 0 / 0                 0 / 0           MB/s
[183.971s][info   ][gc,stats]            Memory: Out Of Memory                                     0 / 0                 0 / 0                 0 / 0                 0 / 0           ops/s
[183.971s][info   ][gc,stats]            Memory: Uncommit                                          0 / 0                 0 / 0                 0 / 0                 0 / 0           MB/s
[183.971s][info   ][gc,stats]            Memory: Undo Object Allocation Failed                     0 / 0                 0 / 0                 0 / 0                 0 / 0           ops/s
[183.971s][info   ][gc,stats]            Memory: Undo Object Allocation Succeeded                  0 / 0                 0 / 1                 0 / 1                 0 / 1           ops/s
[183.971s][info   ][gc,stats]            Memory: Undo Page Allocation                              0 / 0                 0 / 0                 0 / 0                 0 / 0           ops/s
[183.971s][info   ][gc,stats]  Minor Collection: Minor Collection                              0.000 / 0.000         0.000 / 0.000         0.000 / 0.000         0.000 / 0.000       ms
[183.971s][info   ][gc,stats]    Old Generation: Old Generation                                0.000 / 0.000      2782.016 / 20662.984  2782.016 / 20662.984  2782.016 / 20662.984   ms
[183.971s][info   ][gc,stats]         Old Pause: Pause Mark End                                0.000 / 0.000         0.011 / 0.016         0.011 / 0.016         0.011 / 0.016       ms
[183.971s][info   ][gc,stats]         Old Pause: Pause Relocate Start                          0.000 / 0.000         0.007 / 0.013         0.007 / 0.013         0.007 / 0.013       ms
[183.971s][info   ][gc,stats]         Old Phase: Concurrent Mark                               0.000 / 0.000      2510.422 / 18374.597  2510.422 / 18374.597  2510.422 / 18374.597   ms
[183.971s][info   ][gc,stats]         Old Phase: Concurrent Mark Continue                      0.000 / 0.000         0.000 / 0.000         0.000 / 0.000         0.000 / 0.000       ms
[183.971s][info   ][gc,stats]         Old Phase: Concurrent Mark Free                          0.000 / 0.000         0.003 / 0.007         0.003 / 0.007         0.003 / 0.007       ms
[183.971s][info   ][gc,stats]         Old Phase: Concurrent Process Non-Strong                 0.000 / 0.000        93.565 / 1385.351     93.565 / 1385.351     93.565 / 1385.351    ms
[183.971s][info   ][gc,stats]         Old Phase: Concurrent Relocate                           0.000 / 0.000         1.009 / 3.139         1.009 / 3.139         1.009 / 3.139       ms
[183.971s][info   ][gc,stats]         Old Phase: Concurrent Remap Roots                        0.000 / 0.000       175.011 / 949.791     175.011 / 949.791     175.011 / 949.791     ms
[183.971s][info   ][gc,stats]         Old Phase: Concurrent Reset Relocation Set               0.000 / 0.000         0.001 / 0.001         0.001 / 0.001         0.001 / 0.001       ms
[183.971s][info   ][gc,stats]         Old Phase: Concurrent Select Relocation Set              0.000 / 0.000         1.815 / 2.248         1.815 / 2.248         1.815 / 2.248       ms
[183.971s][info   ][gc,stats]      Old Subphase: Concurrent Classes Purge                      0.000 / 0.000         0.128 / 1.396         0.128 / 1.396         0.128 / 1.396       ms
[183.971s][info   ][gc,stats]      Old Subphase: Concurrent Classes Unlink                     0.000 / 0.000         1.047 / 1.648         1.047 / 1.648         1.047 / 1.648       ms
[183.971s][info   ][gc,stats]      Old Subphase: Concurrent Mark Follow                        0.000 / 0.000      2510.346 / 18374.514  2510.346 / 18374.514  2510.346 / 18374.514   ms
[183.971s][info   ][gc,stats]      Old Subphase: Concurrent Mark Root Colored                  0.000 / 0.000         0.024 / 0.089         0.024 / 0.089         0.024 / 0.089       ms
[183.971s][info   ][gc,stats]      Old Subphase: Concurrent Mark Root Uncolored                0.000 / 0.000         0.023 / 0.039         0.023 / 0.039         0.023 / 0.039       ms
[183.971s][info   ][gc,stats]      Old Subphase: Concurrent Mark Roots                         0.000 / 0.000         0.074 / 0.122         0.074 / 0.122         0.074 / 0.122       ms
[183.971s][info   ][gc,stats]      Old Subphase: Concurrent References Enqueue                 0.000 / 0.000         0.000 / 0.003         0.000 / 0.003         0.000 / 0.003       ms
[183.971s][info   ][gc,stats]      Old Subphase: Concurrent References Process                 0.000 / 0.000        92.227 / 1382.744     92.227 / 1382.744     92.227 / 1382.744    ms
[183.971s][info   ][gc,stats]      Old Subphase: Concurrent Remap Remembered                   0.000 / 0.000       123.176 / 949.478     123.176 / 949.478     123.176 / 949.478     ms
[183.971s][info   ][gc,stats]      Old Subphase: Concurrent Remap Roots Colored                0.000 / 0.000         0.131 / 0.287         0.131 / 0.287         0.131 / 0.287       ms
[183.971s][info   ][gc,stats]      Old Subphase: Concurrent Remap Roots Uncolored              0.000 / 0.000         0.153 / 0.253         0.153 / 0.253         0.153 / 0.253       ms
[183.971s][info   ][gc,stats]      Old Subphase: Concurrent Roots ClassLoaderDataGraph         0.000 / 0.000         0.077 / 0.275         0.077 / 0.275         0.077 / 0.275       ms
[183.971s][info   ][gc,stats]      Old Subphase: Concurrent Roots CodeCache                    0.000 / 0.000         0.151 / 0.249         0.151 / 0.249         0.151 / 0.249       ms
[183.971s][info   ][gc,stats]      Old Subphase: Concurrent Roots JavaThreads                  0.000 / 0.000         0.008 / 0.039         0.008 / 0.039         0.008 / 0.039       ms
[183.971s][info   ][gc,stats]      Old Subphase: Concurrent Roots OopStorageSet                0.000 / 0.000         0.003 / 0.014         0.003 / 0.014         0.003 / 0.014       ms
[183.971s][info   ][gc,stats]      Old Subphase: Concurrent Weak Roots OopStorageSet           0.000 / 0.000         0.047 / 0.187         0.047 / 0.187         0.047 / 0.187       ms
[183.971s][info   ][gc,stats]            System: Java Threads                                     11 / 11               11 / 13               11 / 13               11 / 13          threads
[183.971s][info   ][gc,stats]  Young Generation: Young Generation                              0.000 / 0.000      3989.559 / 33465.249  3989.559 / 33465.249  3989.559 / 33465.249   ms
[183.971s][info   ][gc,stats]  Young Generation: Young Generation                              0.000 / 0.000         0.000 / 0.000         0.000 / 0.000         0.000 / 0.000       ms
[183.971s][info   ][gc,stats]  Young Generation: Young Generation (Collect Roots)              0.000 / 0.000         0.000 / 0.000         0.000 / 0.000         0.000 / 0.000       ms
[183.971s][info   ][gc,stats]  Young Generation: Young Generation (Promote All)                0.000 / 0.000         0.000 / 0.000         0.000 / 0.000         0.000 / 0.000       ms
[183.971s][info   ][gc,stats]       Young Pause: Pause Mark End                                0.012 / 0.012         0.010 / 0.014         0.010 / 0.014         0.010 / 0.014       ms
[183.971s][info   ][gc,stats]       Young Pause: Pause Mark Start                              0.000 / 0.000         0.000 / 0.000         0.000 / 0.000         0.000 / 0.000       ms
[183.971s][info   ][gc,stats]       Young Pause: Pause Mark Start (Major)                      0.000 / 0.000         0.032 / 0.156         0.032 / 0.156         0.032 / 0.156       ms
[183.972s][info   ][gc,stats]       Young Pause: Pause Relocate Start                          0.000 / 0.000         0.008 / 0.021         0.008 / 0.021         0.008 / 0.021       ms
[183.972s][info   ][gc,stats]       Young Phase: Concurrent Mark                           34944.847 / 34944.847  5528.885 / 34944.847  5528.885 / 34944.847  5528.885 / 34944.847   ms
[183.972s][info   ][gc,stats]       Young Phase: Concurrent Mark Continue                      0.000 / 0.000         0.000 / 0.000         0.000 / 0.000         0.000 / 0.000       ms
[183.972s][info   ][gc,stats]       Young Phase: Concurrent Mark Free                          0.006 / 0.006         0.003 / 0.006         0.003 / 0.006         0.003 / 0.006       ms
[183.972s][info   ][gc,stats]       Young Phase: Concurrent Relocate                           0.000 / 0.000       223.732 / 1432.102    223.732 / 1432.102    223.732 / 1432.102    ms
[183.972s][info   ][gc,stats]       Young Phase: Concurrent Reset Relocation Set               3.309 / 3.309         0.356 / 3.309         0.356 / 3.309         0.356 / 3.309       ms
[183.972s][info   ][gc,stats]       Young Phase: Concurrent Select Relocation Set              0.000 / 0.000       197.486 / 1263.248    197.486 / 1263.248    197.486 / 1263.248    ms
[183.972s][info   ][gc,stats]    Young Subphase: Concurrent Mark Follow                    34944.500 / 34944.500  5528.172 / 34944.500  5528.172 / 34944.500  5528.172 / 34944.500   ms
[183.972s][info   ][gc,stats]    Young Subphase: Concurrent Mark Root Colored                  0.000 / 0.000         0.409 / 0.893         0.409 / 0.893         0.409 / 0.893       ms
[183.972s][info   ][gc,stats]    Young Subphase: Concurrent Mark Root Uncolored                0.000 / 0.000         0.250 / 0.346         0.250 / 0.346         0.250 / 0.346       ms
[183.972s][info   ][gc,stats]    Young Subphase: Concurrent Mark Roots                         0.000 / 0.000         0.711 / 1.218         0.711 / 1.218         0.711 / 1.218       ms
[183.972s][info   ][gc,stats]    Young Subphase: Concurrent Relocate Remset FP                 0.000 / 0.000       223.143 / 1432.065    223.143 / 1432.065    223.143 / 1432.065    ms
[183.972s][info   ][gc,stats]    Young Subphase: Concurrent Roots ClassLoaderDataGraph         0.000 / 0.000         0.302 / 0.619         0.302 / 0.619         0.302 / 0.619       ms
[183.972s][info   ][gc,stats]    Young Subphase: Concurrent Roots CodeCache                    0.000 / 0.000         0.229 / 0.320         0.229 / 0.320         0.229 / 0.320       ms
[183.972s][info   ][gc,stats]    Young Subphase: Concurrent Roots JavaThreads                  0.000 / 0.000         0.017 / 0.290         0.017 / 0.290         0.017 / 0.290       ms
[183.972s][info   ][gc,stats]    Young Subphase: Concurrent Roots OopStorageSet                0.000 / 0.000         0.012 / 0.085         0.012 / 0.085         0.012 / 0.085       ms
[183.972s][info   ][gc,stats]    Young Subphase: Concurrent Weak Roots OopStorageSet           0.000 / 0.000         0.095 / 0.261         0.095 / 0.261         0.095 / 0.261       ms
[183.972s][info   ][gc,stats] =========================================================================================================================================================
