
=== Instance 6/8, outer iteration 36/48 (Variant dyn_only) ===

Affinity: allowed=12,13,14,15,16,17,18,19,20,21,22,23 jvm=12,13,14,15,16,17,18,19,20,21 aux=22,23
Benchmark args: 146800180
Command: /gorilla/home/fredrha/SimplifyingWeakRefs/build/variant-images/dyn_only-linux-x86_64-server-release/jdk/bin/java -Xms160g -Xmx160g -XX:+UseZGC -Xlog:gc+stats,gc+ref -XX:InitialTenuringThreshold=1 -XX:MaxTenuringThreshold=1 -XX:ZCollectionIntervalMajor=0.5 -XX:+ZCollectionIntervalOnly -XX:NativeMemoryTracking=summary /gorilla/home/fredrha/SimplifyingWeakRefs/test/weakrefs/WeakRefMultiObjectBenchmark.java 146800180

[0.003s][warning][gc] ***** WARNING! INCORRECT SYSTEM CONFIGURATION DETECTED! *****
[0.003s][warning][gc] The system limit on number of memory mappings per process might be too low for the given
[0.003s][warning][gc] max Java heap size (163840M). Please adjust /proc/sys/vm/max_map_count to allow for at
[0.003s][warning][gc] least 294912 mappings (current limit is 65530). Continuing execution with the current
[0.003s][warning][gc] limit could lead to a premature OutOfMemoryError being thrown, due to failure to map memory.
[0.004s][info   ][gc,ref] Reference Processor created, Config: Dynamic array
2026-04-17 22:38:39
Full thread dump OpenJDK 64-Bit Server VM (27-internal-adhoc.fredrha.SimplifyingWeakRefs mixed mode)
                 JDK version: OpenJDK Runtime Environment (27.0) (build 27-internal-adhoc.fredrha.SimplifyingWeakRefs)

Threads class SMR info:
_java_thread_list=0x00001469301a1480, length=6, elements={
0x00001469300ba8d0, 0x0000146930197ac0, 0x00001469301998d0, 0x000014693019ba50,
0x000014693019d8c0, 0x000014693019f720
}

"main" #3 [1311857] prio=5 os_prio=0 cpu=36815.37ms elapsed=36.96s tid=0x00001469300ba8d0 nid=1311857 runnable  [0x0000000000000000]
   java.lang.Thread.State: RUNNABLE

"Reference Handler" #23 [1327778] daemon prio=10 os_prio=0 cpu=0.14ms elapsed=0.00s tid=0x0000146930197ac0 nid=1327778 waiting on condition  [0x000014691a5fe000]
   java.lang.Thread.State: RUNNABLE
	at java.lang.ref.Reference.waitForReferencePendingList(java.base/Native Method)
	at java.lang.ref.Reference.processPendingReferences(java.base/Reference.java:240)
	at java.lang.ref.Reference$ReferenceHandler.run(java.base/Reference.java:202)

"Finalizer" #24 [1327779] daemon prio=8 os_prio=0 cpu=0.13ms elapsed=0.00s tid=0x00001469301998d0 nid=1327779 in Object.wait()  [0x000014691a4fd000]
   java.lang.Thread.State: WAITING (on object monitor)
	at java.lang.Object.wait0(java.base/Native Method)
	- waiting on <0x000004000000f8a8> (a java.lang.Object)
	at java.lang.Object.wait(java.base/Object.java:391)
	at java.lang.Object.wait(java.base/Object.java:353)
	at java.lang.ref.ReferenceQueue.remove0(java.base/ReferenceQueue.java:136)
	at java.lang.ref.ReferenceQueue.remove(java.base/ReferenceQueue.java:214)
	- locked <0x000004000000f8a8> (a java.lang.Object)
	at java.lang.ref.Finalizer$FinalizerThread.run(java.base/Finalizer.java:165)

"Signal Dispatcher" #25 [1327780] daemon prio=9 os_prio=0 cpu=0.12ms elapsed=0.00s tid=0x000014693019ba50 nid=1327780 waiting on condition  [0x0000000000000000]
   java.lang.Thread.State: RUNNABLE

"Service Thread" #26 [1327781] daemon prio=9 os_prio=0 cpu=0.08ms elapsed=0.00s tid=0x000014693019d8c0 nid=1327781 runnable  [0x0000000000000000]
   java.lang.Thread.State: RUNNABLE

"Monitor Deflation Thread" #27 [1327782] daemon prio=9 os_prio=0 cpu=0.10ms elapsed=0.00s tid=0x000014693019f720 nid=1327782 runnable  [0x0000000000000000]
   java.lang.Thread.State: RUNNABLE

"VM Thread" os_prio=0 cpu=0.30ms elapsed=0.01s tid=0x0000146930132ef0 nid=1327770 runnable  

"VM Periodic Task Thread" os_prio=0 cpu=0.06ms elapsed=0.03s tid=0x000014693010b010 nid=1327768 runnable  

"RuntimeWorker#5" os_prio=0 cpu=0.03ms elapsed=0.03s tid=0x00001469300ef940 nid=1327767 runnable  

"RuntimeWorker#4" os_prio=0 cpu=0.03ms elapsed=0.03s tid=0x00001469300ee350 nid=1327766 runnable  

"RuntimeWorker#3" os_prio=0 cpu=0.03ms elapsed=0.03s tid=0x00001469300ecd60 nid=1327765 runnable  

"RuntimeWorker#2" os_prio=0 cpu=0.03ms elapsed=0.03s tid=0x00001469300eb770 nid=1327764 runnable  

"RuntimeWorker#1" os_prio=0 cpu=0.03ms elapsed=0.03s tid=0x00001469300ea180 nid=1327763 runnable  

"RuntimeWorker#0" os_prio=0 cpu=0.04ms elapsed=0.03s tid=0x00001469300e8b90 nid=1327762 runnable  

"ZStat" os_prio=0 cpu=0.15ms elapsed=0.03s tid=0x00001469300e7450 nid=1327761 runnable  

"ZDirector" os_prio=0 cpu=0.05ms elapsed=0.03s tid=0x00001469300e5e10 nid=1327760 runnable  

"ZDriverMajor" os_prio=0 cpu=0.10ms elapsed=0.03s tid=0x00001469300e4440 nid=1327759 runnable  

"ZDriverMinor" os_prio=0 cpu=0.16ms elapsed=0.03s tid=0x00001469300e2ae0 nid=1327758 runnable  

"ZWorkerYoung#2" os_prio=0 cpu=0.03ms elapsed=36.96s tid=0x00001469300e1390 nid=1311864 runnable  

"ZWorkerYoung#1" os_prio=0 cpu=0.03ms elapsed=36.96s tid=0x00001469300dfda0 nid=1311863 runnable  

"ZWorkerYoung#0" os_prio=0 cpu=0.03ms elapsed=36.96s tid=0x00001469300de7b0 nid=1311862 runnable  

"ZWorkerOld#2" os_prio=0 cpu=0.03ms elapsed=36.96s tid=0x00001469300dd0c0 nid=1311861 runnable  

"ZWorkerOld#1" os_prio=0 cpu=0.03ms elapsed=36.96s tid=0x00001469300dbad0 nid=1311860 runnable  

"ZWorkerOld#0" os_prio=0 cpu=0.04ms elapsed=36.96s tid=0x00001469300da8f0 nid=1311859 runnable  

"ZUncommitter#0" os_prio=0 cpu=0.07ms elapsed=36.96s tid=0x00001469300d4250 nid=1311858 runnable  

JNI global refs: 3, weak refs: 0

Heap
 ZHeap           used 2M, capacity 163840M, max capacity 163840M
  Cache          163838M (1)
   size classes  16G (1)
 Metaspace       used 2802K, committed 2880K, reserved 1114112K
  class space    used 201K, committed 256K, reserved 1048576K

2026-04-17 22:38:39
Full thread dump OpenJDK 64-Bit Server VM (27-internal-adhoc.fredrha.SimplifyingWeakRefs mixed mode)
                 JDK version: OpenJDK Runtime Environment (27.0) (build 27-internal-adhoc.fredrha.SimplifyingWeakRefs)

Threads class SMR info:
_java_thread_list=0x00001469301a3de0, length=7, elements={
0x00001469300ba8d0, 0x0000146930197ac0, 0x00001469301998d0, 0x000014693019ba50,
0x000014693019d8c0, 0x000014693019f720, 0x00001469301a1f60
}

"main" #3 [1311857] prio=5 os_prio=0 cpu=36815.44ms elapsed=36.96s tid=0x00001469300ba8d0 nid=1311857 runnable  [0x0000000000000000]
   java.lang.Thread.State: RUNNABLE

"Reference Handler" #23 [1327778] daemon prio=10 os_prio=0 cpu=0.14ms elapsed=0.01s tid=0x0000146930197ac0 nid=1327778 waiting on condition  [0x000014691a5fe000]
   java.lang.Thread.State: RUNNABLE
	at java.lang.ref.Reference.waitForReferencePendingList(java.base/Native Method)
	at java.lang.ref.Reference.processPendingReferences(java.base/Reference.java:240)
	at java.lang.ref.Reference$ReferenceHandler.run(java.base/Reference.java:202)

"Finalizer" #24 [1327779] daemon prio=8 os_prio=0 cpu=0.13ms elapsed=0.01s tid=0x00001469301998d0 nid=1327779 in Object.wait()  [0x000014691a4fd000]
   java.lang.Thread.State: WAITING (on object monitor)
	at java.lang.Object.wait0(java.base/Native Method)
	- waiting on <0x000004000000f8a8> (a java.lang.Object)
	at java.lang.Object.wait(java.base/Object.java:391)
	at java.lang.Object.wait(java.base/Object.java:353)
	at java.lang.ref.ReferenceQueue.remove0(java.base/ReferenceQueue.java:136)
	at java.lang.ref.ReferenceQueue.remove(java.base/ReferenceQueue.java:214)
	- locked <0x000004000000f8a8> (a java.lang.Object)
	at java.lang.ref.Finalizer$FinalizerThread.run(java.base/Finalizer.java:165)

"Signal Dispatcher" #25 [1327780] daemon prio=9 os_prio=0 cpu=0.18ms elapsed=0.00s tid=0x000014693019ba50 nid=1327780 waiting on condition  [0x0000000000000000]
   java.lang.Thread.State: RUNNABLE

"Service Thread" #26 [1327781] daemon prio=9 os_prio=0 cpu=0.08ms elapsed=0.00s tid=0x000014693019d8c0 nid=1327781 runnable  [0x0000000000000000]
   java.lang.Thread.State: RUNNABLE

"Monitor Deflation Thread" #27 [1327782] daemon prio=9 os_prio=0 cpu=0.10ms elapsed=0.00s tid=0x000014693019f720 nid=1327782 runnable  [0x0000000000000000]
   java.lang.Thread.State: RUNNABLE

"C2 CompilerThread0" #28 [1327783] daemon prio=9 os_prio=0 cpu=3.39ms elapsed=0.00s tid=0x00001469301a1f60 nid=1327783 runnable  [0x0000000000000000]
   java.lang.Thread.State: RUNNABLE
   No compile task

"VM Thread" os_prio=0 cpu=0.82ms elapsed=0.02s tid=0x0000146930132ef0 nid=1327770 runnable  

"VM Periodic Task Thread" os_prio=0 cpu=0.06ms elapsed=0.03s tid=0x000014693010b010 nid=1327768 runnable  

"RuntimeWorker#5" os_prio=0 cpu=0.03ms elapsed=0.03s tid=0x00001469300ef940 nid=1327767 runnable  

"RuntimeWorker#4" os_prio=0 cpu=0.03ms elapsed=0.03s tid=0x00001469300ee350 nid=1327766 runnable  

"RuntimeWorker#3" os_prio=0 cpu=0.03ms elapsed=0.03s tid=0x00001469300ecd60 nid=1327765 runnable  

"RuntimeWorker#2" os_prio=0 cpu=0.03ms elapsed=0.03s tid=0x00001469300eb770 nid=1327764 runnable  

"RuntimeWorker#1" os_prio=0 cpu=0.03ms elapsed=0.03s tid=0x00001469300ea180 nid=1327763 runnable  

"RuntimeWorker#0" os_prio=0 cpu=0.04ms elapsed=0.03s tid=0x00001469300e8b90 nid=1327762 runnable  

"ZStat" os_prio=0 cpu=0.15ms elapsed=0.03s tid=0x00001469300e7450 nid=1327761 runnable  

"ZDirector" os_prio=0 cpu=0.05ms elapsed=0.03s tid=0x00001469300e5e10 nid=1327760 runnable  

"ZDriverMajor" os_prio=0 cpu=0.10ms elapsed=0.03s tid=0x00001469300e4440 nid=1327759 runnable  

"ZDriverMinor" os_prio=0 cpu=0.16ms elapsed=0.03s tid=0x00001469300e2ae0 nid=1327758 runnable  

"ZWorkerYoung#2" os_prio=0 cpu=0.03ms elapsed=36.96s tid=0x00001469300e1390 nid=1311864 runnable  

"ZWorkerYoung#1" os_prio=0 cpu=0.03ms elapsed=36.96s tid=0x00001469300dfda0 nid=1311863 runnable  

"ZWorkerYoung#0" os_prio=0 cpu=0.03ms elapsed=36.96s tid=0x00001469300de7b0 nid=1311862 runnable  

"ZWorkerOld#2" os_prio=0 cpu=0.03ms elapsed=36.96s tid=0x00001469300dd0c0 nid=1311861 runnable  

"ZWorkerOld#1" os_prio=0 cpu=0.03ms elapsed=36.96s tid=0x00001469300dbad0 nid=1311860 runnable  

"ZWorkerOld#0" os_prio=0 cpu=0.04ms elapsed=36.96s tid=0x00001469300da8f0 nid=1311859 runnable  

"ZUncommitter#0" os_prio=0 cpu=0.07ms elapsed=36.96s tid=0x00001469300d4250 nid=1311858 runnable  

JNI global refs: 6, weak refs: 0

Heap
 ZHeap           used 2M, capacity 163840M, max capacity 163840M
  Cache          163838M (1)
   size classes  16G (1)
 Metaspace       used 2805K, committed 2880K, reserved 1114112K
  class space    used 201K, committed 256K, reserved 1048576K

2026-04-17 22:38:39
Full thread dump OpenJDK 64-Bit Server VM (27-internal-adhoc.fredrha.SimplifyingWeakRefs mixed mode)
                 JDK version: OpenJDK Runtime Environment (27.0) (build 27-internal-adhoc.fredrha.SimplifyingWeakRefs)

Threads class SMR info:
_java_thread_list=0x00001469301add30, length=8, elements={
0x00001469300ba8d0, 0x0000146930197ac0, 0x00001469301998d0, 0x000014693019ba50,
0x000014693019d8c0, 0x000014693019f720, 0x00001469301a1f60, 0x00001469301abf80
}

"main" #3 [1311857] prio=5 os_prio=0 cpu=36815.61ms elapsed=36.96s tid=0x00001469300ba8d0 nid=1311857 runnable  [0x0000146936803000]
   java.lang.Thread.State: RUNNABLE
	at java.lang.invoke.MethodHandle.<clinit>(java.base/MethodHandle.java:1906)

"Reference Handler" #23 [1327778] daemon prio=10 os_prio=0 cpu=0.14ms elapsed=0.01s tid=0x0000146930197ac0 nid=1327778 waiting on condition  [0x000014691a5fe000]
   java.lang.Thread.State: RUNNABLE
	at java.lang.ref.Reference.waitForReferencePendingList(java.base/Native Method)
	at java.lang.ref.Reference.processPendingReferences(java.base/Reference.java:240)
	at java.lang.ref.Reference$ReferenceHandler.run(java.base/Reference.java:202)

"Finalizer" #24 [1327779] daemon prio=8 os_prio=0 cpu=0.13ms elapsed=0.01s tid=0x00001469301998d0 nid=1327779 in Object.wait()  [0x000014691a4fd000]
   java.lang.Thread.State: WAITING (on object monitor)
	at java.lang.Object.wait0(java.base/Native Method)
	- waiting on <0x000004000000f8a8> (a java.lang.Object)
	at java.lang.Object.wait(java.base/Object.java:391)
	at java.lang.Object.wait(java.base/Object.java:353)
	at java.lang.ref.ReferenceQueue.remove0(java.base/ReferenceQueue.java:136)
	at java.lang.ref.ReferenceQueue.remove(java.base/ReferenceQueue.java:214)
	- locked <0x000004000000f8a8> (a java.lang.Object)
	at java.lang.ref.Finalizer$FinalizerThread.run(java.base/Finalizer.java:165)

"Signal Dispatcher" #25 [1327780] daemon prio=9 os_prio=0 cpu=0.22ms elapsed=0.01s tid=0x000014693019ba50 nid=1327780 waiting on condition  [0x0000000000000000]
   java.lang.Thread.State: RUNNABLE

"Service Thread" #26 [1327781] daemon prio=9 os_prio=0 cpu=0.08ms elapsed=0.01s tid=0x000014693019d8c0 nid=1327781 runnable  [0x0000000000000000]
   java.lang.Thread.State: RUNNABLE

"Monitor Deflation Thread" #27 [1327782] daemon prio=9 os_prio=0 cpu=0.10ms elapsed=0.01s tid=0x000014693019f720 nid=1327782 runnable  [0x0000000000000000]
   java.lang.Thread.State: RUNNABLE

"C2 CompilerThread0" #28 [1327783] daemon prio=9 os_prio=0 cpu=3.39ms elapsed=0.01s tid=0x00001469301a1f60 nid=1327783 waiting on condition  [0x0000000000000000]
   java.lang.Thread.State: RUNNABLE
   No compile task

"C1 CompilerThread0" #31 [1327784] daemon prio=9 os_prio=0 cpu=0.35ms elapsed=0.00s tid=0x00001469301abf80 nid=1327784 runnable  [0x0000000000000000]
   java.lang.Thread.State: RUNNABLE
   No compile task

"VM Thread" os_prio=0 cpu=1.29ms elapsed=0.02s tid=0x0000146930132ef0 nid=1327770 runnable  

"VM Periodic Task Thread" os_prio=0 cpu=0.06ms elapsed=0.03s tid=0x000014693010b010 nid=1327768 runnable  

"RuntimeWorker#5" os_prio=0 cpu=0.03ms elapsed=0.03s tid=0x00001469300ef940 nid=1327767 runnable  

"RuntimeWorker#4" os_prio=0 cpu=0.03ms elapsed=0.03s tid=0x00001469300ee350 nid=1327766 runnable  

"RuntimeWorker#3" os_prio=0 cpu=0.03ms elapsed=0.03s tid=0x00001469300ecd60 nid=1327765 runnable  

"RuntimeWorker#2" os_prio=0 cpu=0.03ms elapsed=0.03s tid=0x00001469300eb770 nid=1327764 runnable  

"RuntimeWorker#1" os_prio=0 cpu=0.03ms elapsed=0.03s tid=0x00001469300ea180 nid=1327763 runnable  

"RuntimeWorker#0" os_prio=0 cpu=0.04ms elapsed=0.03s tid=0x00001469300e8b90 nid=1327762 runnable  

"ZStat" os_prio=0 cpu=0.15ms elapsed=0.03s tid=0x00001469300e7450 nid=1327761 runnable  

"ZDirector" os_prio=0 cpu=0.05ms elapsed=0.03s tid=0x00001469300e5e10 nid=1327760 runnable  

"ZDriverMajor" os_prio=0 cpu=0.10ms elapsed=0.03s tid=0x00001469300e4440 nid=1327759 runnable  

"ZDriverMinor" os_prio=0 cpu=0.16ms elapsed=0.03s tid=0x00001469300e2ae0 nid=1327758 runnable  

"ZWorkerYoung#2" os_prio=0 cpu=0.03ms elapsed=36.96s tid=0x00001469300e1390 nid=1311864 runnable  

"ZWorkerYoung#1" os_prio=0 cpu=0.03ms elapsed=36.96s tid=0x00001469300dfda0 nid=1311863 runnable  

"ZWorkerYoung#0" os_prio=0 cpu=0.03ms elapsed=36.96s tid=0x00001469300de7b0 nid=1311862 runnable  

"ZWorkerOld#2" os_prio=0 cpu=0.03ms elapsed=36.96s tid=0x00001469300dd0c0 nid=1311861 runnable  

"ZWorkerOld#1" os_prio=0 cpu=0.03ms elapsed=36.96s tid=0x00001469300dbad0 nid=1311860 runnable  

"ZWorkerOld#0" os_prio=0 cpu=0.04ms elapsed=36.96s tid=0x00001469300da8f0 nid=1311859 runnable  

"ZUncommitter#0" os_prio=0 cpu=0.07ms elapsed=36.96s tid=0x00001469300d4250 nid=1311858 runnable  

JNI global refs: 6, weak refs: 0

Heap
 ZHeap           used 2M, capacity 163840M, max capacity 163840M
  Cache          163838M (1)
   size classes  16G (1)
 Metaspace       used 2822K, committed 2880K, reserved 1114112K
  class space    used 202K, committed 256K, reserved 1048576K

2026-04-17 22:38:39
Full thread dump OpenJDK 64-Bit Server VM (27-internal-adhoc.fredrha.SimplifyingWeakRefs mixed mode)
                 JDK version: OpenJDK Runtime Environment (27.0) (build 27-internal-adhoc.fredrha.SimplifyingWeakRefs)

Threads class SMR info:
_java_thread_list=0x00001469301add30, length=8, elements={
0x00001469300ba8d0, 0x0000146930197ac0, 0x00001469301998d0, 0x000014693019ba50,
0x000014693019d8c0, 0x000014693019f720, 0x00001469301a1f60, 0x00001469301abf80
}

"main" #3 [1311857] prio=5 os_prio=0 cpu=36815.72ms elapsed=36.96s tid=0x00001469300ba8d0 nid=1311857 runnable  [0x0000146936802000]
   java.lang.Thread.State: RUNNABLE
	at java.lang.Enum.<init>(java.base/Enum.java:145)
	at java.lang.reflect.ClassFileFormatVersion.<init>(java.base/ClassFileFormatVersion.java:405)
	at java.lang.reflect.ClassFileFormatVersion.<clinit>(java.base/ClassFileFormatVersion.java:397)
	at java.lang.invoke.MethodHandleStatics.<clinit>(java.base/MethodHandleStatics.java:50)
	at java.lang.invoke.MethodHandle.<clinit>(java.base/MethodHandle.java:1906)

"Reference Handler" #23 [1327778] daemon prio=10 os_prio=0 cpu=0.14ms elapsed=0.01s tid=0x0000146930197ac0 nid=1327778 waiting on condition  [0x000014691a5fe000]
   java.lang.Thread.State: RUNNABLE
	at java.lang.ref.Reference.waitForReferencePendingList(java.base/Native Method)
	at java.lang.ref.Reference.processPendingReferences(java.base/Reference.java:240)
	at java.lang.ref.Reference$ReferenceHandler.run(java.base/Reference.java:202)

"Finalizer" #24 [1327779] daemon prio=8 os_prio=0 cpu=0.13ms elapsed=0.01s tid=0x00001469301998d0 nid=1327779 in Object.wait()  [0x000014691a4fd000]
   java.lang.Thread.State: WAITING (on object monitor)
	at java.lang.Object.wait0(java.base/Native Method)
	- waiting on <0x000004000000f8a8> (a java.lang.Object)
	at java.lang.Object.wait(java.base/Object.java:391)
	at java.lang.Object.wait(java.base/Object.java:353)
	at java.lang.ref.ReferenceQueue.remove0(java.base/ReferenceQueue.java:136)
	at java.lang.ref.ReferenceQueue.remove(java.base/ReferenceQueue.java:214)
	- locked <0x000004000000f8a8> (a java.lang.Object)
	at java.lang.ref.Finalizer$FinalizerThread.run(java.base/Finalizer.java:165)

"Signal Dispatcher" #25 [1327780] daemon prio=9 os_prio=0 cpu=0.26ms elapsed=0.01s tid=0x000014693019ba50 nid=1327780 waiting on condition  [0x0000000000000000]
   java.lang.Thread.State: RUNNABLE

"Service Thread" #26 [1327781] daemon prio=9 os_prio=0 cpu=0.08ms elapsed=0.01s tid=0x000014693019d8c0 nid=1327781 runnable  [0x0000000000000000]
   java.lang.Thread.State: RUNNABLE

"Monitor Deflation Thread" #27 [1327782] daemon prio=9 os_prio=0 cpu=0.10ms elapsed=0.01s tid=0x000014693019f720 nid=1327782 runnable  [0x0000000000000000]
   java.lang.Thread.State: RUNNABLE

"C2 CompilerThread0" #28 [1327783] daemon prio=9 os_prio=0 cpu=3.40ms elapsed=0.01s tid=0x00001469301a1f60 nid=1327783 waiting on condition  [0x0000000000000000]
   java.lang.Thread.State: RUNNABLE
   No compile task

"C1 CompilerThread0" #31 [1327784] daemon prio=9 os_prio=0 cpu=0.38ms elapsed=0.00s tid=0x00001469301abf80 nid=1327784 runnable  [0x0000000000000000]
   java.lang.Thread.State: RUNNABLE
   Compiling:    1       3       java.lang.Object::<init> (1 bytes)

"VM Thread" os_prio=0 cpu=1.75ms elapsed=0.02s tid=0x0000146930132ef0 nid=1327770 runnable  

"VM Periodic Task Thread" os_prio=0 cpu=0.06ms elapsed=0.03s tid=0x000014693010b010 nid=1327768 runnable  

"RuntimeWorker#5" os_prio=0 cpu=0.03ms elapsed=0.03s tid=0x00001469300ef940 nid=1327767 runnable  

"RuntimeWorker#4" os_prio=0 cpu=0.03ms elapsed=0.03s tid=0x00001469300ee350 nid=1327766 runnable  

"RuntimeWorker#3" os_prio=0 cpu=0.03ms elapsed=0.03s tid=0x00001469300ecd60 nid=1327765 runnable  

"RuntimeWorker#2" os_prio=0 cpu=0.03ms elapsed=0.03s tid=0x00001469300eb770 nid=1327764 runnable  

"RuntimeWorker#1" os_prio=0 cpu=0.03ms elapsed=0.03s tid=0x00001469300ea180 nid=1327763 runnable  

"RuntimeWorker#0" os_prio=0 cpu=0.04ms elapsed=0.03s tid=0x00001469300e8b90 nid=1327762 runnable  

"ZStat" os_prio=0 cpu=0.15ms elapsed=0.03s tid=0x00001469300e7450 nid=1327761 runnable  

"ZDirector" os_prio=0 cpu=0.05ms elapsed=0.03s tid=0x00001469300e5e10 nid=1327760 runnable  

"ZDriverMajor" os_prio=0 cpu=0.10ms elapsed=0.03s tid=0x00001469300e4440 nid=1327759 runnable  

"ZDriverMinor" os_prio=0 cpu=0.16ms elapsed=0.03s tid=0x00001469300e2ae0 nid=1327758 runnable  

"ZWorkerYoung#2" os_prio=0 cpu=0.03ms elapsed=36.96s tid=0x00001469300e1390 nid=1311864 runnable  

"ZWorkerYoung#1" os_prio=0 cpu=0.03ms elapsed=36.96s tid=0x00001469300dfda0 nid=1311863 runnable  

"ZWorkerYoung#0" os_prio=0 cpu=0.03ms elapsed=36.96s tid=0x00001469300de7b0 nid=1311862 runnable  

"ZWorkerOld#2" os_prio=0 cpu=0.03ms elapsed=36.96s tid=0x00001469300dd0c0 nid=1311861 runnable  

"ZWorkerOld#1" os_prio=0 cpu=0.03ms elapsed=36.96s tid=0x00001469300dbad0 nid=1311860 runnable  

"ZWorkerOld#0" os_prio=0 cpu=0.04ms elapsed=36.96s tid=0x00001469300da8f0 nid=1311859 runnable  

"ZUncommitter#0" os_prio=0 cpu=0.07ms elapsed=36.96s tid=0x00001469300d4250 nid=1311858 runnable  

JNI global refs: 6, weak refs: 0

Heap
 ZHeap           used 2M, capacity 163840M, max capacity 163840M
  Cache          163838M (1)
   size classes  16G (1)
 Metaspace       used 2823K, committed 2880K, reserved 1114112K
  class space    used 203K, committed 256K, reserved 1048576K

2026-04-17 22:38:39
Full thread dump OpenJDK 64-Bit Server VM (27-internal-adhoc.fredrha.SimplifyingWeakRefs mixed mode)
                 JDK version: OpenJDK Runtime Environment (27.0) (build 27-internal-adhoc.fredrha.SimplifyingWeakRefs)

Threads class SMR info:
_java_thread_list=0x00001469301add30, length=8, elements={
0x00001469300ba8d0, 0x0000146930197ac0, 0x00001469301998d0, 0x000014693019ba50,
0x000014693019d8c0, 0x000014693019f720, 0x00001469301a1f60, 0x00001469301abf80
}

"main" #3 [1311857] prio=5 os_prio=0 cpu=36815.81ms elapsed=36.96s tid=0x00001469300ba8d0 nid=1311857 runnable  [0x0000146936802000]
   java.lang.Thread.State: RUNNABLE
	at java.lang.Integer.parseInt(java.base/Integer.java:512)
	at java.lang.Integer.parseInt(java.base/Integer.java:626)
	at java.lang.invoke.MethodHandleStatics.<clinit>(java.base/MethodHandleStatics.java:78)
	at java.lang.invoke.MethodHandle.<clinit>(java.base/MethodHandle.java:1906)

"Reference Handler" #23 [1327778] daemon prio=10 os_prio=0 cpu=0.14ms elapsed=0.01s tid=0x0000146930197ac0 nid=1327778 waiting on condition  [0x000014691a5fe000]
   java.lang.Thread.State: RUNNABLE
	at java.lang.ref.Reference.waitForReferencePendingList(java.base/Native Method)
	at java.lang.ref.Reference.processPendingReferences(java.base/Reference.java:240)
	at java.lang.ref.Reference$ReferenceHandler.run(java.base/Reference.java:202)

"Finalizer" #24 [1327779] daemon prio=8 os_prio=0 cpu=0.13ms elapsed=0.01s tid=0x00001469301998d0 nid=1327779 in Object.wait()  [0x000014691a4fd000]
   java.lang.Thread.State: WAITING (on object monitor)
	at java.lang.Object.wait0(java.base/Native Method)
	- waiting on <0x000004000000f8a8> (a java.lang.Object)
	at java.lang.Object.wait(java.base/Object.java:391)
	at java.lang.Object.wait(java.base/Object.java:353)
	at java.lang.ref.ReferenceQueue.remove0(java.base/ReferenceQueue.java:136)
	at java.lang.ref.ReferenceQueue.remove(java.base/ReferenceQueue.java:214)
	- locked <0x000004000000f8a8> (a java.lang.Object)
	at java.lang.ref.Finalizer$FinalizerThread.run(java.base/Finalizer.java:165)

"Signal Dispatcher" #25 [1327780] daemon prio=9 os_prio=0 cpu=0.30ms elapsed=0.01s tid=0x000014693019ba50 nid=1327780 waiting on condition  [0x0000000000000000]
   java.lang.Thread.State: RUNNABLE

"Service Thread" #26 [1327781] daemon prio=9 os_prio=0 cpu=0.08ms elapsed=0.01s tid=0x000014693019d8c0 nid=1327781 runnable  [0x0000000000000000]
   java.lang.Thread.State: RUNNABLE

"Monitor Deflation Thread" #27 [1327782] daemon prio=9 os_prio=0 cpu=0.10ms elapsed=0.01s tid=0x000014693019f720 nid=1327782 runnable  [0x0000000000000000]
   java.lang.Thread.State: RUNNABLE

"C2 CompilerThread0" #28 [1327783] daemon prio=9 os_prio=0 cpu=3.41ms elapsed=0.01s tid=0x00001469301a1f60 nid=1327783 waiting on condition  [0x0000000000000000]
   java.lang.Thread.State: RUNNABLE
   No compile task

"C1 CompilerThread0" #31 [1327784] daemon prio=9 os_prio=0 cpu=0.48ms elapsed=0.01s tid=0x00001469301abf80 nid=1327784 runnable  [0x0000000000000000]
   java.lang.Thread.State: RUNNABLE
   Compiling:    1       3       java.lang.Object::<init> (1 bytes)

"VM Thread" os_prio=0 cpu=2.20ms elapsed=0.02s tid=0x0000146930132ef0 nid=1327770 runnable  

"VM Periodic Task Thread" os_prio=0 cpu=0.06ms elapsed=0.03s tid=0x000014693010b010 nid=1327768 runnable  

"RuntimeWorker#5" os_prio=0 cpu=0.03ms elapsed=0.03s tid=0x00001469300ef940 nid=1327767 runnable  

"RuntimeWorker#4" os_prio=0 cpu=0.03ms elapsed=0.03s tid=0x00001469300ee350 nid=1327766 runnable  

"RuntimeWorker#3" os_prio=0 cpu=0.03ms elapsed=0.03s tid=0x00001469300ecd60 nid=1327765 runnable  

"RuntimeWorker#2" os_prio=0 cpu=0.03ms elapsed=0.03s tid=0x00001469300eb770 nid=1327764 runnable  

"RuntimeWorker#1" os_prio=0 cpu=0.03ms elapsed=0.03s tid=0x00001469300ea180 nid=1327763 runnable  

"RuntimeWorker#0" os_prio=0 cpu=0.04ms elapsed=0.03s tid=0x00001469300e8b90 nid=1327762 runnable  

"ZStat" os_prio=0 cpu=0.15ms elapsed=0.03s tid=0x00001469300e7450 nid=1327761 runnable  

"ZDirector" os_prio=0 cpu=0.05ms elapsed=0.03s tid=0x00001469300e5e10 nid=1327760 runnable  

"ZDriverMajor" os_prio=0 cpu=0.10ms elapsed=0.03s tid=0x00001469300e4440 nid=1327759 runnable  

"ZDriverMinor" os_prio=0 cpu=0.16ms elapsed=0.04s tid=0x00001469300e2ae0 nid=1327758 runnable  

"ZWorkerYoung#2" os_prio=0 cpu=0.03ms elapsed=36.96s tid=0x00001469300e1390 nid=1311864 runnable  

"ZWorkerYoung#1" os_prio=0 cpu=0.03ms elapsed=36.96s tid=0x00001469300dfda0 nid=1311863 runnable  

"ZWorkerYoung#0" os_prio=0 cpu=0.03ms elapsed=36.96s tid=0x00001469300de7b0 nid=1311862 runnable  

"ZWorkerOld#2" os_prio=0 cpu=0.03ms elapsed=36.96s tid=0x00001469300dd0c0 nid=1311861 runnable  

"ZWorkerOld#1" os_prio=0 cpu=0.03ms elapsed=36.96s tid=0x00001469300dbad0 nid=1311860 runnable  

"ZWorkerOld#0" os_prio=0 cpu=0.04ms elapsed=36.96s tid=0x00001469300da8f0 nid=1311859 runnable  

"ZUncommitter#0" os_prio=0 cpu=0.07ms elapsed=36.96s tid=0x00001469300d4250 nid=1311858 runnable  

JNI global refs: 6, weak refs: 0

Heap
 ZHeap           used 2M, capacity 163840M, max capacity 163840M
  Cache          163838M (1)
   size classes  16G (1)
 Metaspace       used 2833K, committed 2944K, reserved 1114112K
  class space    used 204K, committed 256K, reserved 1048576K

2026-04-17 22:38:39
Full thread dump OpenJDK 64-Bit Server VM (27-internal-adhoc.fredrha.SimplifyingWeakRefs mixed mode)
                 JDK version: OpenJDK Runtime Environment (27.0) (build 27-internal-adhoc.fredrha.SimplifyingWeakRefs)

Threads class SMR info:
_java_thread_list=0x00001469301add30, length=8, elements={
0x00001469300ba8d0, 0x0000146930197ac0, 0x00001469301998d0, 0x000014693019ba50,
0x000014693019d8c0, 0x000014693019f720, 0x00001469301a1f60, 0x00001469301abf80
}

"main" #3 [1311857] prio=5 os_prio=0 cpu=36816.00ms elapsed=36.96s tid=0x00001469300ba8d0 nid=1311857 runnable  [0x0000146936802000]
   java.lang.Thread.State: RUNNABLE
	at java.lang.CharacterData.of(java.base/CharacterData.java:81)
	at java.lang.Character.digit(java.base/Character.java:11656)
	at java.lang.Character.digit(java.base/Character.java:11604)
	at java.lang.Integer.parseInt(java.base/Integer.java:512)
	at java.lang.Integer.parseInt(java.base/Integer.java:626)
	at java.lang.invoke.MethodHandleStatics.<clinit>(java.base/MethodHandleStatics.java:78)
	at java.lang.invoke.MethodHandle.<clinit>(java.base/MethodHandle.java:1906)

"Reference Handler" #23 [1327778] daemon prio=10 os_prio=0 cpu=0.14ms elapsed=0.01s tid=0x0000146930197ac0 nid=1327778 waiting on condition  [0x000014691a5fe000]
   java.lang.Thread.State: RUNNABLE
	at java.lang.ref.Reference.waitForReferencePendingList(java.base/Native Method)
	at java.lang.ref.Reference.processPendingReferences(java.base/Reference.java:240)
	at java.lang.ref.Reference$ReferenceHandler.run(java.base/Reference.java:202)

"Finalizer" #24 [1327779] daemon prio=8 os_prio=0 cpu=0.13ms elapsed=0.01s tid=0x00001469301998d0 nid=1327779 in Object.wait()  [0x000014691a4fd000]
   java.lang.Thread.State: WAITING (on object monitor)
	at java.lang.Object.wait0(java.base/Native Method)
	- waiting on <0x000004000000f8a8> (a java.lang.Object)
	at java.lang.Object.wait(java.base/Object.java:391)
	at java.lang.Object.wait(java.base/Object.java:353)
	at java.lang.ref.ReferenceQueue.remove0(java.base/ReferenceQueue.java:136)
	at java.lang.ref.ReferenceQueue.remove(java.base/ReferenceQueue.java:214)
	- locked <0x000004000000f8a8> (a java.lang.Object)
	at java.lang.ref.Finalizer$FinalizerThread.run(java.base/Finalizer.java:165)

"Signal Dispatcher" #25 [1327780] daemon prio=9 os_prio=0 cpu=0.34ms elapsed=0.01s tid=0x000014693019ba50 nid=1327780 waiting on condition  [0x0000000000000000]
   java.lang.Thread.State: RUNNABLE

"Service Thread" #26 [1327781] daemon prio=9 os_prio=0 cpu=0.08ms elapsed=0.01s tid=0x000014693019d8c0 nid=1327781 runnable  [0x0000000000000000]
   java.lang.Thread.State: RUNNABLE

"Monitor Deflation Thread" #27 [1327782] daemon prio=9 os_prio=0 cpu=0.10ms elapsed=0.01s tid=0x000014693019f720 nid=1327782 runnable  [0x0000000000000000]
   java.lang.Thread.State: RUNNABLE

"C2 CompilerThread0" #28 [1327783] daemon prio=9 os_prio=0 cpu=3.41ms elapsed=0.01s tid=0x00001469301a1f60 nid=1327783 waiting on condition  [0x0000000000000000]
   java.lang.Thread.State: RUNNABLE
   No compile task

"C1 CompilerThread0" #31 [1327784] daemon prio=9 os_prio=0 cpu=0.57ms elapsed=0.01s tid=0x00001469301abf80 nid=1327784 runnable  [0x0000000000000000]
   java.lang.Thread.State: RUNNABLE
   Compiling:    1       3       java.lang.Object::<init> (1 bytes)

"VM Thread" os_prio=0 cpu=2.66ms elapsed=0.02s tid=0x0000146930132ef0 nid=1327770 runnable  

"VM Periodic Task Thread" os_prio=0 cpu=0.06ms elapsed=0.03s tid=0x000014693010b010 nid=1327768 runnable  

"RuntimeWorker#5" os_prio=0 cpu=0.03ms elapsed=0.04s tid=0x00001469300ef940 nid=1327767 runnable  

"RuntimeWorker#4" os_prio=0 cpu=0.03ms elapsed=0.04s tid=0x00001469300ee350 nid=1327766 runnable  

"RuntimeWorker#3" os_prio=0 cpu=0.03ms elapsed=0.04s tid=0x00001469300ecd60 nid=1327765 runnable  

"RuntimeWorker#2" os_prio=0 cpu=0.03ms elapsed=0.04s tid=0x00001469300eb770 nid=1327764 runnable  

"RuntimeWorker#1" os_prio=0 cpu=0.03ms elapsed=0.04s tid=0x00001469300ea180 nid=1327763 runnable  

"RuntimeWorker#0" os_prio=0 cpu=0.04ms elapsed=0.04s tid=0x00001469300e8b90 nid=1327762 runnable  

"ZStat" os_prio=0 cpu=0.15ms elapsed=0.04s tid=0x00001469300e7450 nid=1327761 runnable  

"ZDirector" os_prio=0 cpu=0.05ms elapsed=0.04s tid=0x00001469300e5e10 nid=1327760 runnable  

"ZDriverMajor" os_prio=0 cpu=0.10ms elapsed=0.04s tid=0x00001469300e4440 nid=1327759 runnable  

"ZDriverMinor" os_prio=0 cpu=0.16ms elapsed=0.04s tid=0x00001469300e2ae0 nid=1327758 runnable  

"ZWorkerYoung#2" os_prio=0 cpu=0.03ms elapsed=36.96s tid=0x00001469300e1390 nid=1311864 runnable  

"ZWorkerYoung#1" os_prio=0 cpu=0.03ms elapsed=36.96s tid=0x00001469300dfda0 nid=1311863 runnable  

"ZWorkerYoung#0" os_prio=0 cpu=0.03ms elapsed=36.96s tid=0x00001469300de7b0 nid=1311862 runnable  

"ZWorkerOld#2" os_prio=0 cpu=0.03ms elapsed=36.96s tid=0x00001469300dd0c0 nid=1311861 runnable  

"ZWorkerOld#1" os_prio=0 cpu=0.03ms elapsed=36.96s tid=0x00001469300dbad0 nid=1311860 runnable  

"ZWorkerOld#0" os_prio=0 cpu=0.04ms elapsed=36.96s tid=0x00001469300da8f0 nid=1311859 runnable  

"ZUncommitter#0" os_prio=0 cpu=0.07ms elapsed=36.96s tid=0x00001469300d4250 nid=1311858 runnable  

JNI global refs: 6, weak refs: 0

Heap
 ZHeap           used 2M, capacity 163840M, max capacity 163840M
  Cache          163838M (1)
   size classes  16G (1)
 Metaspace       used 2848K, committed 2944K, reserved 1114112K
  class space    used 204K, committed 256K, reserved 1048576K

2026-04-17 22:38:39
Full thread dump OpenJDK 64-Bit Server VM (27-internal-adhoc.fredrha.SimplifyingWeakRefs mixed mode)
                 JDK version: OpenJDK Runtime Environment (27.0) (build 27-internal-adhoc.fredrha.SimplifyingWeakRefs)

Threads class SMR info:
_java_thread_list=0x00001469301add30, length=8, elements={
0x00001469300ba8d0, 0x0000146930197ac0, 0x00001469301998d0, 0x000014693019ba50,
0x000014693019d8c0, 0x000014693019f720, 0x00001469301a1f60, 0x00001469301abf80
}

"main" #3 [1311857] prio=5 os_prio=0 cpu=36816.05ms elapsed=36.97s tid=0x00001469300ba8d0 nid=1311857 runnable  [0x0000146936802000]
   java.lang.Thread.State: RUNNABLE
	at java.lang.Byte.toUnsignedInt(java.base/Byte.java:553)
	at jdk.internal.util.ArraysSupport.unsignedHashCode(java.base/ArraysSupport.java:379)
	at jdk.internal.util.ArraysSupport.vectorizedHashCode(java.base/ArraysSupport.java:365)
	at jdk.internal.util.ArraysSupport.hashCodeOfUnsigned(java.base/ArraysSupport.java:276)
	at java.lang.StringLatin1.hashCode(java.base/StringLatin1.java:410)
	at java.lang.String.hashCode(java.base/String.java:2807)
	at java.util.concurrent.ConcurrentHashMap.get(java.base/ConcurrentHashMap.java:951)
	at java.util.Properties.getProperty(java.base/Properties.java:1145)
	at java.util.Properties.getProperty(java.base/Properties.java:1165)
	at java.lang.invoke.MethodHandleStatics.<clinit>(java.base/MethodHandleStatics.java:91)
	at java.lang.invoke.MethodHandle.<clinit>(java.base/MethodHandle.java:1906)

"Reference Handler" #23 [1327778] daemon prio=10 os_prio=0 cpu=0.14ms elapsed=0.01s tid=0x0000146930197ac0 nid=1327778 waiting on condition  [0x000014691a5fe000]
   java.lang.Thread.State: RUNNABLE
	at java.lang.ref.Reference.waitForReferencePendingList(java.base/Native Method)
	at java.lang.ref.Reference.processPendingReferences(java.base/Reference.java:240)
	at java.lang.ref.Reference$ReferenceHandler.run(java.base/Reference.java:202)

"Finalizer" #24 [1327779] daemon prio=8 os_prio=0 cpu=0.13ms elapsed=0.01s tid=0x00001469301998d0 nid=1327779 in Object.wait()  [0x000014691a4fd000]
   java.lang.Thread.State: WAITING (on object monitor)
	at java.lang.Object.wait0(java.base/Native Method)
	- waiting on <0x000004000000f8a8> (a java.lang.Object)
	at java.lang.Object.wait(java.base/Object.java:391)
	at java.lang.Object.wait(java.base/Object.java:353)
	at java.lang.ref.ReferenceQueue.remove0(java.base/ReferenceQueue.java:136)
	at java.lang.ref.ReferenceQueue.remove(java.base/ReferenceQueue.java:214)
	- locked <0x000004000000f8a8> (a java.lang.Object)
	at java.lang.ref.Finalizer$FinalizerThread.run(java.base/Finalizer.java:165)

"Signal Dispatcher" #25 [1327780] daemon prio=9 os_prio=0 cpu=0.38ms elapsed=0.01s tid=0x000014693019ba50 nid=1327780 waiting on condition  [0x0000000000000000]
   java.lang.Thread.State: RUNNABLE

"Service Thread" #26 [1327781] daemon prio=9 os_prio=0 cpu=0.08ms elapsed=0.01s tid=0x000014693019d8c0 nid=1327781 runnable  [0x0000000000000000]
   java.lang.Thread.State: RUNNABLE

"Monitor Deflation Thread" #27 [1327782] daemon prio=9 os_prio=0 cpu=0.10ms elapsed=0.01s tid=0x000014693019f720 nid=1327782 runnable  [0x0000000000000000]
   java.lang.Thread.State: RUNNABLE

"C2 CompilerThread0" #28 [1327783] daemon prio=9 os_prio=0 cpu=3.41ms elapsed=0.01s tid=0x00001469301a1f60 nid=1327783 waiting on condition  [0x0000000000000000]
   java.lang.Thread.State: RUNNABLE
   No compile task

"C1 CompilerThread0" #31 [1327784] daemon prio=9 os_prio=0 cpu=0.73ms elapsed=0.01s tid=0x00001469301abf80 nid=1327784 runnable  [0x0000000000000000]
   java.lang.Thread.State: RUNNABLE
   Compiling:    1       3       java.lang.Object::<init> (1 bytes)

"VM Thread" os_prio=0 cpu=3.13ms elapsed=0.02s tid=0x0000146930132ef0 nid=1327770 runnable  

"VM Periodic Task Thread" os_prio=0 cpu=0.06ms elapsed=0.03s tid=0x000014693010b010 nid=1327768 runnable  

"RuntimeWorker#5" os_prio=0 cpu=0.03ms elapsed=0.04s tid=0x00001469300ef940 nid=1327767 runnable  

"RuntimeWorker#4" os_prio=0 cpu=0.03ms elapsed=0.04s tid=0x00001469300ee350 nid=1327766 runnable  

"RuntimeWorker#3" os_prio=0 cpu=0.03ms elapsed=0.04s tid=0x00001469300ecd60 nid=1327765 runnable  

"RuntimeWorker#2" os_prio=0 cpu=0.03ms elapsed=0.04s tid=0x00001469300eb770 nid=1327764 runnable  

"RuntimeWorker#1" os_prio=0 cpu=0.03ms elapsed=0.04s tid=0x00001469300ea180 nid=1327763 runnable  

"RuntimeWorker#0" os_prio=0 cpu=0.04ms elapsed=0.04s tid=0x00001469300e8b90 nid=1327762 runnable  

"ZStat" os_prio=0 cpu=0.15ms elapsed=0.04s tid=0x00001469300e7450 nid=1327761 runnable  

"ZDirector" os_prio=0 cpu=0.05ms elapsed=0.04s tid=0x00001469300e5e10 nid=1327760 runnable  

"ZDriverMajor" os_prio=0 cpu=0.10ms elapsed=0.04s tid=0x00001469300e4440 nid=1327759 runnable  

"ZDriverMinor" os_prio=0 cpu=0.16ms elapsed=0.04s tid=0x00001469300e2ae0 nid=1327758 runnable  

"ZWorkerYoung#2" os_prio=0 cpu=0.03ms elapsed=36.96s tid=0x00001469300e1390 nid=1311864 runnable  

"ZWorkerYoung#1" os_prio=0 cpu=0.03ms elapsed=36.96s tid=0x00001469300dfda0 nid=1311863 runnable  

"ZWorkerYoung#0" os_prio=0 cpu=0.03ms elapsed=36.96s tid=0x00001469300de7b0 nid=1311862 runnable  

"ZWorkerOld#2" os_prio=0 cpu=0.03ms elapsed=36.96s tid=0x00001469300dd0c0 nid=1311861 runnable  

"ZWorkerOld#1" os_prio=0 cpu=0.03ms elapsed=36.96s tid=0x00001469300dbad0 nid=1311860 runnable  

"ZWorkerOld#0" os_prio=0 cpu=0.04ms elapsed=36.96s tid=0x00001469300da8f0 nid=1311859 runnable  

"ZUncommitter#0" os_prio=0 cpu=0.07ms elapsed=36.96s tid=0x00001469300d4250 nid=1311858 runnable  

JNI global refs: 6, weak refs: 0

Heap
 ZHeap           used 2M, capacity 163840M, max capacity 163840M
  Cache          163838M (1)
   size classes  16G (1)
 Metaspace       used 2848K, committed 2944K, reserved 1114112K
  class space    used 204K, committed 256K, reserved 1048576K

2026-04-17 22:38:39
Full thread dump OpenJDK 64-Bit Server VM (27-internal-adhoc.fredrha.SimplifyingWeakRefs mixed mode)
                 JDK version: OpenJDK Runtime Environment (27.0) (build 27-internal-adhoc.fredrha.SimplifyingWeakRefs)

Threads class SMR info:
_java_thread_list=0x00001469301add30, length=8, elements={
0x00001469300ba8d0, 0x0000146930197ac0, 0x00001469301998d0, 0x000014693019ba50,
0x000014693019d8c0, 0x000014693019f720, 0x00001469301a1f60, 0x00001469301abf80
}

"main" #3 [1311857] prio=5 os_prio=0 cpu=36816.16ms elapsed=36.97s tid=0x00001469300ba8d0 nid=1311857 runnable  [0x0000146936802000]
   java.lang.Thread.State: RUNNABLE
	at java.lang.invoke.MethodHandleStatics.<clinit>(java.base/MethodHandleStatics.java:101)
	at java.lang.invoke.MethodHandle.<clinit>(java.base/MethodHandle.java:1906)

"Reference Handler" #23 [1327778] daemon prio=10 os_prio=0 cpu=0.14ms elapsed=0.01s tid=0x0000146930197ac0 nid=1327778 waiting on condition  [0x000014691a5fe000]
   java.lang.Thread.State: RUNNABLE
	at java.lang.ref.Reference.waitForReferencePendingList(java.base/Native Method)
	at java.lang.ref.Reference.processPendingReferences(java.base/Reference.java:240)
	at java.lang.ref.Reference$ReferenceHandler.run(java.base/Reference.java:202)

"Finalizer" #24 [1327779] daemon prio=8 os_prio=0 cpu=0.13ms elapsed=0.01s tid=0x00001469301998d0 nid=1327779 in Object.wait()  [0x000014691a4fd000]
   java.lang.Thread.State: WAITING (on object monitor)
	at java.lang.Object.wait0(java.base/Native Method)
	- waiting on <0x000004000000f8a8> (a java.lang.Object)
	at java.lang.Object.wait(java.base/Object.java:391)
	at java.lang.Object.wait(java.base/Object.java:353)
	at java.lang.ref.ReferenceQueue.remove0(java.base/ReferenceQueue.java:136)
	at java.lang.ref.ReferenceQueue.remove(java.base/ReferenceQueue.java:214)
	- locked <0x000004000000f8a8> (a java.lang.Object)
	at java.lang.ref.Finalizer$FinalizerThread.run(java.base/Finalizer.java:165)

"Signal Dispatcher" #25 [1327780] daemon prio=9 os_prio=0 cpu=0.42ms elapsed=0.01s tid=0x000014693019ba50 nid=1327780 waiting on condition  [0x0000000000000000]
   java.lang.Thread.State: RUNNABLE

"Service Thread" #26 [1327781] daemon prio=9 os_prio=0 cpu=0.08ms elapsed=0.01s tid=0x000014693019d8c0 nid=1327781 runnable  [0x0000000000000000]
   java.lang.Thread.State: RUNNABLE

"Monitor Deflation Thread" #27 [1327782] daemon prio=9 os_prio=0 cpu=0.10ms elapsed=0.01s tid=0x000014693019f720 nid=1327782 runnable  [0x0000000000000000]
   java.lang.Thread.State: RUNNABLE

"C2 CompilerThread0" #28 [1327783] daemon prio=9 os_prio=0 cpu=3.41ms elapsed=0.01s tid=0x00001469301a1f60 nid=1327783 waiting on condition  [0x0000000000000000]
   java.lang.Thread.State: RUNNABLE
   No compile task

"C1 CompilerThread0" #31 [1327784] daemon prio=9 os_prio=0 cpu=0.80ms elapsed=0.01s tid=0x00001469301abf80 nid=1327784 runnable  [0x0000000000000000]
   java.lang.Thread.State: RUNNABLE
   Compiling:    2       3       java.lang.Byte::toUnsignedInt (6 bytes)

"VM Thread" os_prio=0 cpu=3.57ms elapsed=0.02s tid=0x0000146930132ef0 nid=1327770 runnable  

"VM Periodic Task Thread" os_prio=0 cpu=0.06ms elapsed=0.04s tid=0x000014693010b010 nid=1327768 runnable  

"RuntimeWorker#5" os_prio=0 cpu=0.03ms elapsed=0.04s tid=0x00001469300ef940 nid=1327767 runnable  

"RuntimeWorker#4" os_prio=0 cpu=0.03ms elapsed=0.04s tid=0x00001469300ee350 nid=1327766 runnable  

"RuntimeWorker#3" os_prio=0 cpu=0.03ms elapsed=0.04s tid=0x00001469300ecd60 nid=1327765 runnable  

"RuntimeWorker#2" os_prio=0 cpu=0.03ms elapsed=0.04s tid=0x00001469300eb770 nid=1327764 runnable  

"RuntimeWorker#1" os_prio=0 cpu=0.03ms elapsed=0.04s tid=0x00001469300ea180 nid=1327763 runnable  

"RuntimeWorker#0" os_prio=0 cpu=0.04ms elapsed=0.04s tid=0x00001469300e8b90 nid=1327762 runnable  

"ZStat" os_prio=0 cpu=0.15ms elapsed=0.04s tid=0x00001469300e7450 nid=1327761 runnable  

"ZDirector" os_prio=0 cpu=0.05ms elapsed=0.04s tid=0x00001469300e5e10 nid=1327760 runnable  

"ZDriverMajor" os_prio=0 cpu=0.10ms elapsed=0.04s tid=0x00001469300e4440 nid=1327759 runnable  

"ZDriverMinor" os_prio=0 cpu=0.16ms elapsed=0.04s tid=0x00001469300e2ae0 nid=1327758 runnable  

"ZWorkerYoung#2" os_prio=0 cpu=0.03ms elapsed=36.96s tid=0x00001469300e1390 nid=1311864 runnable  

"ZWorkerYoung#1" os_prio=0 cpu=0.03ms elapsed=36.96s tid=0x00001469300dfda0 nid=1311863 runnable  

"ZWorkerYoung#0" os_prio=0 cpu=0.03ms elapsed=36.96s tid=0x00001469300de7b0 nid=1311862 runnable  

"ZWorkerOld#2" os_prio=0 cpu=0.03ms elapsed=36.96s tid=0x00001469300dd0c0 nid=1311861 runnable  

"ZWorkerOld#1" os_prio=0 cpu=0.03ms elapsed=36.96s tid=0x00001469300dbad0 nid=1311860 runnable  

"ZWorkerOld#0" os_prio=0 cpu=0.04ms elapsed=36.96s tid=0x00001469300da8f0 nid=1311859 runnable  

"ZUncommitter#0" os_prio=0 cpu=0.07ms elapsed=36.97s tid=0x00001469300d4250 nid=1311858 runnable  

JNI global refs: 6, weak refs: 0

Heap
 ZHeap           used 2M, capacity 163840M, max capacity 163840M
  Cache          163838M (1)
   size classes  16G (1)
 Metaspace       used 2875K, committed 2944K, reserved 1114112K
  class space    used 205K, committed 256K, reserved 1048576K

2026-04-17 22:38:39
Full thread dump OpenJDK 64-Bit Server VM (27-internal-adhoc.fredrha.SimplifyingWeakRefs mixed mode)
                 JDK version: OpenJDK Runtime Environment (27.0) (build 27-internal-adhoc.fredrha.SimplifyingWeakRefs)

Threads class SMR info:
_java_thread_list=0x00001469301add30, length=8, elements={
0x00001469300ba8d0, 0x0000146930197ac0, 0x00001469301998d0, 0x000014693019ba50,
0x000014693019d8c0, 0x000014693019f720, 0x00001469301a1f60, 0x00001469301abf80
}

"main" #3 [1311857] prio=5 os_prio=0 cpu=36816.35ms elapsed=36.97s tid=0x00001469300ba8d0 nid=1311857 runnable  [0x0000146936802000]
   java.lang.Thread.State: RUNNABLE
	at java.lang.Character.valueOf(java.base/Character.java:9464)
	at jdk.internal.util.ClassFileDumper.<clinit>(java.base/ClassFileDumper.java:165)
	at java.lang.invoke.MethodHandleStatics.<clinit>(java.base/MethodHandleStatics.java:101)
	at java.lang.invoke.MethodHandle.<clinit>(java.base/MethodHandle.java:1906)

"Reference Handler" #23 [1327778] daemon prio=10 os_prio=0 cpu=0.14ms elapsed=0.01s tid=0x0000146930197ac0 nid=1327778 waiting on condition  [0x000014691a5fe000]
   java.lang.Thread.State: RUNNABLE
	at java.lang.ref.Reference.waitForReferencePendingList(java.base/Native Method)
	at java.lang.ref.Reference.processPendingReferences(java.base/Reference.java:240)
	at java.lang.ref.Reference$ReferenceHandler.run(java.base/Reference.java:202)

"Finalizer" #24 [1327779] daemon prio=8 os_prio=0 cpu=0.13ms elapsed=0.01s tid=0x00001469301998d0 nid=1327779 in Object.wait()  [0x000014691a4fd000]
   java.lang.Thread.State: WAITING (on object monitor)
	at java.lang.Object.wait0(java.base/Native Method)
	- waiting on <0x000004000000f8a8> (a java.lang.Object)
	at java.lang.Object.wait(java.base/Object.java:391)
	at java.lang.Object.wait(java.base/Object.java:353)
	at java.lang.ref.ReferenceQueue.remove0(java.base/ReferenceQueue.java:136)
	at java.lang.ref.ReferenceQueue.remove(java.base/ReferenceQueue.java:214)
	- locked <0x000004000000f8a8> (a java.lang.Object)
	at java.lang.ref.Finalizer$FinalizerThread.run(java.base/Finalizer.java:165)

"Signal Dispatcher" #25 [1327780] daemon prio=9 os_prio=0 cpu=0.46ms elapsed=0.01s tid=0x000014693019ba50 nid=1327780 waiting on condition  [0x0000000000000000]
   java.lang.Thread.State: RUNNABLE

"Service Thread" #26 [1327781] daemon prio=9 os_prio=0 cpu=0.08ms elapsed=0.01s tid=0x000014693019d8c0 nid=1327781 runnable  [0x0000000000000000]
   java.lang.Thread.State: RUNNABLE

"Monitor Deflation Thread" #27 [1327782] daemon prio=9 os_prio=0 cpu=0.10ms elapsed=0.01s tid=0x000014693019f720 nid=1327782 runnable  [0x0000000000000000]
   java.lang.Thread.State: RUNNABLE

"C2 CompilerThread0" #28 [1327783] daemon prio=9 os_prio=0 cpu=3.41ms elapsed=0.01s tid=0x00001469301a1f60 nid=1327783 waiting on condition  [0x0000000000000000]
   java.lang.Thread.State: RUNNABLE
   No compile task

"C1 CompilerThread0" #31 [1327784] daemon prio=9 os_prio=0 cpu=0.82ms elapsed=0.01s tid=0x00001469301abf80 nid=1327784 waiting on condition  [0x0000000000000000]
   java.lang.Thread.State: RUNNABLE
   No compile task

"VM Thread" os_prio=0 cpu=4.02ms elapsed=0.02s tid=0x0000146930132ef0 nid=1327770 runnable  

"VM Periodic Task Thread" os_prio=0 cpu=0.06ms elapsed=0.04s tid=0x000014693010b010 nid=1327768 runnable  

"RuntimeWorker#5" os_prio=0 cpu=0.03ms elapsed=0.04s tid=0x00001469300ef940 nid=1327767 runnable  

"RuntimeWorker#4" os_prio=0 cpu=0.03ms elapsed=0.04s tid=0x00001469300ee350 nid=1327766 runnable  

"RuntimeWorker#3" os_prio=0 cpu=0.03ms elapsed=0.04s tid=0x00001469300ecd60 nid=1327765 runnable  

"RuntimeWorker#2" os_prio=0 cpu=0.03ms elapsed=0.04s tid=0x00001469300eb770 nid=1327764 runnable  

"RuntimeWorker#1" os_prio=0 cpu=0.03ms elapsed=0.04s tid=0x00001469300ea180 nid=1327763 runnable  

"RuntimeWorker#0" os_prio=0 cpu=0.04ms elapsed=0.04s tid=0x00001469300e8b90 nid=1327762 runnable  

"ZStat" os_prio=0 cpu=0.15ms elapsed=0.04s tid=0x00001469300e7450 nid=1327761 runnable  

"ZDirector" os_prio=0 cpu=0.05ms elapsed=0.04s tid=0x00001469300e5e10 nid=1327760 runnable  

"ZDriverMajor" os_prio=0 cpu=0.10ms elapsed=0.04s tid=0x00001469300e4440 nid=1327759 runnable  

"ZDriverMinor" os_prio=0 cpu=0.16ms elapsed=0.04s tid=0x00001469300e2ae0 nid=1327758 runnable  

"ZWorkerYoung#2" os_prio=0 cpu=0.03ms elapsed=36.97s tid=0x00001469300e1390 nid=1311864 runnable  

"ZWorkerYoung#1" os_prio=0 cpu=0.03ms elapsed=36.97s tid=0x00001469300dfda0 nid=1311863 runnable  

"ZWorkerYoung#0" os_prio=0 cpu=0.03ms elapsed=36.97s tid=0x00001469300de7b0 nid=1311862 runnable  

"ZWorkerOld#2" os_prio=0 cpu=0.03ms elapsed=36.97s tid=0x00001469300dd0c0 nid=1311861 runnable  

"ZWorkerOld#1" os_prio=0 cpu=0.03ms elapsed=36.97s tid=0x00001469300dbad0 nid=1311860 runnable  

"ZWorkerOld#0" os_prio=0 cpu=0.04ms elapsed=36.97s tid=0x00001469300da8f0 nid=1311859 runnable  

"ZUncommitter#0" os_prio=0 cpu=0.07ms elapsed=36.97s tid=0x00001469300d4250 nid=1311858 runnable  

JNI global refs: 6, weak refs: 0

Heap
 ZHeap           used 2M, capacity 163840M, max capacity 163840M
  Cache          163838M (1)
   size classes  16G (1)
 Metaspace       used 2878K, committed 2944K, reserved 1114112K
  class space    used 206K, committed 256K, reserved 1048576K

2026-04-17 22:38:39
Full thread dump OpenJDK 64-Bit Server VM (27-internal-adhoc.fredrha.SimplifyingWeakRefs mixed mode)
                 JDK version: OpenJDK Runtime Environment (27.0) (build 27-internal-adhoc.fredrha.SimplifyingWeakRefs)

Threads class SMR info:
_java_thread_list=0x00001469301add30, length=8, elements={
0x00001469300ba8d0, 0x0000146930197ac0, 0x00001469301998d0, 0x000014693019ba50,
0x000014693019d8c0, 0x000014693019f720, 0x00001469301a1f60, 0x00001469301abf80
}

"main" #3 [1311857] prio=5 os_prio=0 cpu=36816.47ms elapsed=36.97s tid=0x00001469300ba8d0 nid=1311857 runnable  [0x0000146936802000]
   java.lang.Thread.State: RUNNABLE
	at jdk.internal.util.ClassFileDumper.<init>(java.base/ClassFileDumper.java:77)
	at jdk.internal.util.ClassFileDumper.getInstance(java.base/ClassFileDumper.java:63)
	at java.lang.invoke.MethodHandleStatics.<clinit>(java.base/MethodHandleStatics.java:101)
	at java.lang.invoke.MethodHandle.<clinit>(java.base/MethodHandle.java:1906)

"Reference Handler" #23 [1327778] daemon prio=10 os_prio=0 cpu=0.14ms elapsed=0.01s tid=0x0000146930197ac0 nid=1327778 waiting on condition  [0x000014691a5fe000]
   java.lang.Thread.State: RUNNABLE
	at java.lang.ref.Reference.waitForReferencePendingList(java.base/Native Method)
	at java.lang.ref.Reference.processPendingReferences(java.base/Reference.java:240)
	at java.lang.ref.Reference$ReferenceHandler.run(java.base/Reference.java:202)

"Finalizer" #24 [1327779] daemon prio=8 os_prio=0 cpu=0.13ms elapsed=0.01s tid=0x00001469301998d0 nid=1327779 in Object.wait()  [0x000014691a4fd000]
   java.lang.Thread.State: WAITING (on object monitor)
	at java.lang.Object.wait0(java.base/Native Method)
	- waiting on <0x000004000000f8a8> (a java.lang.Object)
	at java.lang.Object.wait(java.base/Object.java:391)
	at java.lang.Object.wait(java.base/Object.java:353)
	at java.lang.ref.ReferenceQueue.remove0(java.base/ReferenceQueue.java:136)
	at java.lang.ref.ReferenceQueue.remove(java.base/ReferenceQueue.java:214)
	- locked <0x000004000000f8a8> (a java.lang.Object)
	at java.lang.ref.Finalizer$FinalizerThread.run(java.base/Finalizer.java:165)

"Signal Dispatcher" #25 [1327780] daemon prio=9 os_prio=0 cpu=0.49ms elapsed=0.01s tid=0x000014693019ba50 nid=1327780 waiting on condition  [0x0000000000000000]
   java.lang.Thread.State: RUNNABLE

"Service Thread" #26 [1327781] daemon prio=9 os_prio=0 cpu=0.08ms elapsed=0.01s tid=0x000014693019d8c0 nid=1327781 runnable  [0x0000000000000000]
   java.lang.Thread.State: RUNNABLE

"Monitor Deflation Thread" #27 [1327782] daemon prio=9 os_prio=0 cpu=0.10ms elapsed=0.01s tid=0x000014693019f720 nid=1327782 runnable  [0x0000000000000000]
   java.lang.Thread.State: RUNNABLE

"C2 CompilerThread0" #28 [1327783] daemon prio=9 os_prio=0 cpu=3.41ms elapsed=0.01s tid=0x00001469301a1f60 nid=1327783 waiting on condition  [0x0000000000000000]
   java.lang.Thread.State: RUNNABLE
   No compile task

"C1 CompilerThread0" #31 [1327784] daemon prio=9 os_prio=0 cpu=0.82ms elapsed=0.01s tid=0x00001469301abf80 nid=1327784 waiting on condition  [0x0000000000000000]
   java.lang.Thread.State: RUNNABLE
   No compile task

"VM Thread" os_prio=0 cpu=4.46ms elapsed=0.02s tid=0x0000146930132ef0 nid=1327770 runnable  

"VM Periodic Task Thread" os_prio=0 cpu=0.06ms elapsed=0.04s tid=0x000014693010b010 nid=1327768 runnable  

"RuntimeWorker#5" os_prio=0 cpu=0.03ms elapsed=0.04s tid=0x00001469300ef940 nid=1327767 runnable  

"RuntimeWorker#4" os_prio=0 cpu=0.03ms elapsed=0.04s tid=0x00001469300ee350 nid=1327766 runnable  

"RuntimeWorker#3" os_prio=0 cpu=0.03ms elapsed=0.04s tid=0x00001469300ecd60 nid=1327765 runnable  

"RuntimeWorker#2" os_prio=0 cpu=0.03ms elapsed=0.04s tid=0x00001469300eb770 nid=1327764 runnable  

"RuntimeWorker#1" os_prio=0 cpu=0.03ms elapsed=0.04s tid=0x00001469300ea180 nid=1327763 runnable  

"RuntimeWorker#0" os_prio=0 cpu=0.04ms elapsed=0.04s tid=0x00001469300e8b90 nid=1327762 runnable  

"ZStat" os_prio=0 cpu=0.15ms elapsed=0.04s tid=0x00001469300e7450 nid=1327761 runnable  

"ZDirector" os_prio=0 cpu=0.07ms elapsed=0.04s tid=0x00001469300e5e10 nid=1327760 runnable  

"ZDriverMajor" os_prio=0 cpu=0.14ms elapsed=0.04s tid=0x00001469300e4440 nid=1327759 runnable  

"ZDriverMinor" os_prio=0 cpu=0.16ms elapsed=0.04s tid=0x00001469300e2ae0 nid=1327758 runnable  

"ZWorkerYoung#2" os_prio=0 cpu=0.03ms elapsed=36.97s tid=0x00001469300e1390 nid=1311864 runnable  

"ZWorkerYoung#1" os_prio=0 cpu=0.03ms elapsed=36.97s tid=0x00001469300dfda0 nid=1311863 runnable  

"ZWorkerYoung#0" os_prio=0 cpu=0.03ms elapsed=36.97s tid=0x00001469300de7b0 nid=1311862 runnable  

"ZWorkerOld#2" os_prio=0 cpu=0.03ms elapsed=36.97s tid=0x00001469300dd0c0 nid=1311861 runnable  

"ZWorkerOld#1" os_prio=0 cpu=0.03ms elapsed=36.97s tid=0x00001469300dbad0 nid=1311860 runnable  

"ZWorkerOld#0" os_prio=0 cpu=0.04ms elapsed=36.97s tid=0x00001469300da8f0 nid=1311859 runnable  

"ZUncommitter#0" os_prio=0 cpu=0.07ms elapsed=36.97s tid=0x00001469300d4250 nid=1311858 runnable  

JNI global refs: 6, weak refs: 0

Heap
 ZHeap           used 2M, capacity 163840M, max capacity 163840M
  Cache          163838M (1)
   size classes  16G (1)
 Metaspace       used 2889K, committed 2944K, reserved 1114112K
  class space    used 207K, committed 256K, reserved 1048576K

2026-04-17 22:38:39
Full thread dump OpenJDK 64-Bit Server VM (27-internal-adhoc.fredrha.SimplifyingWeakRefs mixed mode)
                 JDK version: OpenJDK Runtime Environment (27.0) (build 27-internal-adhoc.fredrha.SimplifyingWeakRefs)

Threads class SMR info:
_java_thread_list=0x00001469301add30, length=8, elements={
0x00001469300ba8d0, 0x0000146930197ac0, 0x00001469301998d0, 0x000014693019ba50,
0x000014693019d8c0, 0x000014693019f720, 0x00001469301a1f60, 0x00001469301abf80
}

"main" #3 [1311857] prio=5 os_prio=0 cpu=36816.71ms elapsed=36.97s tid=0x00001469300ba8d0 nid=1311857 runnable  [0x0000000000000000]
   java.lang.Thread.State: RUNNABLE

"Reference Handler" #23 [1327778] daemon prio=10 os_prio=0 cpu=0.14ms elapsed=0.01s tid=0x0000146930197ac0 nid=1327778 waiting on condition  [0x000014691a5fe000]
   java.lang.Thread.State: RUNNABLE
	at java.lang.ref.Reference.waitForReferencePendingList(java.base/Native Method)
	at java.lang.ref.Reference.processPendingReferences(java.base/Reference.java:240)
	at java.lang.ref.Reference$ReferenceHandler.run(java.base/Reference.java:202)

"Finalizer" #24 [1327779] daemon prio=8 os_prio=0 cpu=0.13ms elapsed=0.01s tid=0x00001469301998d0 nid=1327779 in Object.wait()  [0x000014691a4fd000]
   java.lang.Thread.State: WAITING (on object monitor)
	at java.lang.Object.wait0(java.base/Native Method)
	- waiting on <0x000004000000f8a8> (a java.lang.Object)
	at java.lang.Object.wait(java.base/Object.java:391)
	at java.lang.Object.wait(java.base/Object.java:353)
	at java.lang.ref.ReferenceQueue.remove0(java.base/ReferenceQueue.java:136)
	at java.lang.ref.ReferenceQueue.remove(java.base/ReferenceQueue.java:214)
	- locked <0x000004000000f8a8> (a java.lang.Object)
	at java.lang.ref.Finalizer$FinalizerThread.run(java.base/Finalizer.java:165)

"Signal Dispatcher" #25 [1327780] daemon prio=9 os_prio=0 cpu=0.54ms elapsed=0.01s tid=0x000014693019ba50 nid=1327780 waiting on condition  [0x0000000000000000]
   java.lang.Thread.State: RUNNABLE

"Service Thread" #26 [1327781] daemon prio=9 os_prio=0 cpu=0.08ms elapsed=0.01s tid=0x000014693019d8c0 nid=1327781 runnable  [0x0000000000000000]
   java.lang.Thread.State: RUNNABLE

"Monitor Deflation Thread" #27 [1327782] daemon prio=9 os_prio=0 cpu=0.10ms elapsed=0.01s tid=0x000014693019f720 nid=1327782 runnable  [0x0000000000000000]
   java.lang.Thread.State: RUNNABLE

"C2 CompilerThread0" #28 [1327783] daemon prio=9 os_prio=0 cpu=3.41ms elapsed=0.01s tid=0x00001469301a1f60 nid=1327783 waiting on condition  [0x0000000000000000]
   java.lang.Thread.State: RUNNABLE
   No compile task

"C1 CompilerThread0" #31 [1327784] daemon prio=9 os_prio=0 cpu=0.82ms elapsed=0.01s tid=0x00001469301abf80 nid=1327784 waiting on condition  [0x0000000000000000]
   java.lang.Thread.State: RUNNABLE
   No compile task

"VM Thread" os_prio=0 cpu=4.95ms elapsed=0.02s tid=0x0000146930132ef0 nid=1327770 runnable  

"VM Periodic Task Thread" os_prio=0 cpu=0.06ms elapsed=0.04s tid=0x000014693010b010 nid=1327768 runnable  

"RuntimeWorker#5" os_prio=0 cpu=0.03ms elapsed=0.04s tid=0x00001469300ef940 nid=1327767 runnable  

"RuntimeWorker#4" os_prio=0 cpu=0.03ms elapsed=0.04s tid=0x00001469300ee350 nid=1327766 runnable  

"RuntimeWorker#3" os_prio=0 cpu=0.03ms elapsed=0.04s tid=0x00001469300ecd60 nid=1327765 runnable  

"RuntimeWorker#2" os_prio=0 cpu=0.03ms elapsed=0.04s tid=0x00001469300eb770 nid=1327764 runnable  

"RuntimeWorker#1" os_prio=0 cpu=0.03ms elapsed=0.04s tid=0x00001469300ea180 nid=1327763 runnable  

"RuntimeWorker#0" os_prio=0 cpu=0.04ms elapsed=0.04s tid=0x00001469300e8b90 nid=1327762 runnable  

"ZStat" os_prio=0 cpu=0.15ms elapsed=0.04s tid=0x00001469300e7450 nid=1327761 runnable  

"ZDirector" os_prio=0 cpu=0.07ms elapsed=0.04s tid=0x00001469300e5e10 nid=1327760 runnable  

"ZDriverMajor" os_prio=0 cpu=0.19ms elapsed=0.04s tid=0x00001469300e4440 nid=1327759 runnable  

"ZDriverMinor" os_prio=0 cpu=0.16ms elapsed=0.04s tid=0x00001469300e2ae0 nid=1327758 runnable  

"ZWorkerYoung#2" os_prio=0 cpu=0.09ms elapsed=36.97s tid=0x00001469300e1390 nid=1311864 runnable  

"ZWorkerYoung#1" os_prio=0 cpu=0.13ms elapsed=36.97s tid=0x00001469300dfda0 nid=1311863 runnable  

"ZWorkerYoung#0" os_prio=0 cpu=0.10ms elapsed=36.97s tid=0x00001469300de7b0 nid=1311862 runnable  

"ZWorkerOld#2" os_prio=0 cpu=0.03ms elapsed=36.97s tid=0x00001469300dd0c0 nid=1311861 runnable  

"ZWorkerOld#1" os_prio=0 cpu=0.03ms elapsed=36.97s tid=0x00001469300dbad0 nid=1311860 runnable  

"ZWorkerOld#0" os_prio=0 cpu=0.04ms elapsed=36.97s tid=0x00001469300da8f0 nid=1311859 runnable  

"ZUncommitter#0" os_prio=0 cpu=0.07ms elapsed=36.97s tid=0x00001469300d4250 nid=1311858 runnable  

JNI global refs: 6, weak refs: 0

Heap
 ZHeap           used 4M, capacity 163840M, max capacity 163840M
  Cache          163836M (1)
   size classes  16G (1)
 Metaspace       used 2896K, committed 3008K, reserved 1114112K
  class space    used 207K, committed 256K, reserved 1048576K

2026-04-17 22:38:39
Full thread dump OpenJDK 64-Bit Server VM (27-internal-adhoc.fredrha.SimplifyingWeakRefs mixed mode)
                 JDK version: OpenJDK Runtime Environment (27.0) (build 27-internal-adhoc.fredrha.SimplifyingWeakRefs)

Threads class SMR info:
_java_thread_list=0x00001469301add30, length=8, elements={
0x00001469300ba8d0, 0x0000146930197ac0, 0x00001469301998d0, 0x000014693019ba50,
0x000014693019d8c0, 0x000014693019f720, 0x00001469301a1f60, 0x00001469301abf80
}

"main" #3 [1311857] prio=5 os_prio=0 cpu=36817.00ms elapsed=36.97s tid=0x00001469300ba8d0 nid=1311857 runnable  [0x0000146936803000]
   java.lang.Thread.State: RUNNABLE
	at java.lang.System.initPhase2(java.base/System.java:1932)

"Reference Handler" #23 [1327778] daemon prio=10 os_prio=0 cpu=0.14ms elapsed=0.01s tid=0x0000146930197ac0 nid=1327778 waiting on condition  [0x000014691a5fe000]
   java.lang.Thread.State: RUNNABLE
	at java.lang.ref.Reference.waitForReferencePendingList(java.base/Native Method)
	at java.lang.ref.Reference.processPendingReferences(java.base/Reference.java:240)
	at java.lang.ref.Reference$ReferenceHandler.run(java.base/Reference.java:202)

"Finalizer" #24 [1327779] daemon prio=8 os_prio=0 cpu=0.13ms elapsed=0.01s tid=0x00001469301998d0 nid=1327779 in Object.wait()  [0x000014691a4fd000]
   java.lang.Thread.State: WAITING (on object monitor)
	at java.lang.Object.wait0(java.base/Native Method)
	- waiting on <0x000004000000f8a8> (a java.lang.Object)
	at java.lang.Object.wait(java.base/Object.java:391)
	at java.lang.Object.wait(java.base/Object.java:353)
	at java.lang.ref.ReferenceQueue.remove0(java.base/ReferenceQueue.java:136)
	at java.lang.ref.ReferenceQueue.remove(java.base/ReferenceQueue.java:214)
	- locked <0x000004000000f8a8> (a java.lang.Object)
	at java.lang.ref.Finalizer$FinalizerThread.run(java.base/Finalizer.java:165)

"Signal Dispatcher" #25 [1327780] daemon prio=9 os_prio=0 cpu=0.58ms elapsed=0.01s tid=0x000014693019ba50 nid=1327780 waiting on condition  [0x0000000000000000]
   java.lang.Thread.State: RUNNABLE

"Service Thread" #26 [1327781] daemon prio=9 os_prio=0 cpu=0.08ms elapsed=0.01s tid=0x000014693019d8c0 nid=1327781 runnable  [0x0000000000000000]
   java.lang.Thread.State: RUNNABLE

"Monitor Deflation Thread" #27 [1327782] daemon prio=9 os_prio=0 cpu=0.10ms elapsed=0.01s tid=0x000014693019f720 nid=1327782 runnable  [0x0000000000000000]
   java.lang.Thread.State: RUNNABLE

"C2 CompilerThread0" #28 [1327783] daemon prio=9 os_prio=0 cpu=3.41ms elapsed=0.01s tid=0x00001469301a1f60 nid=1327783 waiting on condition  [0x0000000000000000]
   java.lang.Thread.State: RUNNABLE
   No compile task

"C1 CompilerThread0" #31 [1327784] daemon prio=9 os_prio=0 cpu=0.82ms elapsed=0.01s tid=0x00001469301abf80 nid=1327784 waiting on condition  [0x0000000000000000]
   java.lang.Thread.State: RUNNABLE
   No compile task

"VM Thread" os_prio=0 cpu=5.40ms elapsed=0.02s tid=0x0000146930132ef0 nid=1327770 runnable  

"VM Periodic Task Thread" os_prio=0 cpu=0.06ms elapsed=0.04s tid=0x000014693010b010 nid=1327768 runnable  

"RuntimeWorker#5" os_prio=0 cpu=0.03ms elapsed=0.04s tid=0x00001469300ef940 nid=1327767 runnable  

"RuntimeWorker#4" os_prio=0 cpu=0.03ms elapsed=0.04s tid=0x00001469300ee350 nid=1327766 runnable  

"RuntimeWorker#3" os_prio=0 cpu=0.03ms elapsed=0.04s tid=0x00001469300ecd60 nid=1327765 runnable  

"RuntimeWorker#2" os_prio=0 cpu=0.03ms elapsed=0.04s tid=0x00001469300eb770 nid=1327764 runnable  

"RuntimeWorker#1" os_prio=0 cpu=0.03ms elapsed=0.04s tid=0x00001469300ea180 nid=1327763 runnable  

"RuntimeWorker#0" os_prio=0 cpu=0.04ms elapsed=0.04s tid=0x00001469300e8b90 nid=1327762 runnable  

"ZStat" os_prio=0 cpu=0.15ms elapsed=0.04s tid=0x00001469300e7450 nid=1327761 runnable  

"ZDirector" os_prio=0 cpu=0.07ms elapsed=0.04s tid=0x00001469300e5e10 nid=1327760 runnable  

"ZDriverMajor" os_prio=0 cpu=0.19ms elapsed=0.04s tid=0x00001469300e4440 nid=1327759 runnable  

"ZDriverMinor" os_prio=0 cpu=0.16ms elapsed=0.04s tid=0x00001469300e2ae0 nid=1327758 runnable  

"ZWorkerYoung#2" os_prio=0 cpu=0.17ms elapsed=36.97s tid=0x00001469300e1390 nid=1311864 runnable  

"ZWorkerYoung#1" os_prio=0 cpu=0.19ms elapsed=36.97s tid=0x00001469300dfda0 nid=1311863 runnable  

"ZWorkerYoung#0" os_prio=0 cpu=0.17ms elapsed=36.97s tid=0x00001469300de7b0 nid=1311862 runnable  

"ZWorkerOld#2" os_prio=0 cpu=0.03ms elapsed=36.97s tid=0x00001469300dd0c0 nid=1311861 runnable  

"ZWorkerOld#1" os_prio=0 cpu=0.03ms elapsed=36.97s tid=0x00001469300dbad0 nid=1311860 runnable  

"ZWorkerOld#0" os_prio=0 cpu=0.04ms elapsed=36.97s tid=0x00001469300da8f0 nid=1311859 runnable  

"ZUncommitter#0" os_prio=0 cpu=0.07ms elapsed=36.97s tid=0x00001469300d4250 nid=1311858 runnable  

JNI global refs: 6, weak refs: 0

Heap
 ZHeap           used 4M, capacity 163840M, max capacity 163840M
  Cache          163836M (1)
   size classes  16G (1)
 Metaspace       used 2947K, committed 3008K, reserved 1114112K
  class space    used 208K, committed 256K, reserved 1048576K

[36.977s][info   ][gc,ref] GC(0) O:                       Encountered   Discovered     Enqueued 
[36.977s][info   ][gc,ref] GC(0) O: Soft References:                0            0            0 
[36.977s][info   ][gc,ref] GC(0) O: Weak References:                0            0            0 
[36.977s][info   ][gc,ref] GC(0) O: Final References:               0            0            0 
[36.977s][info   ][gc,ref] GC(0) O: Phantom References:             0            0            0 
[37.493s][info   ][gc,ref] GC(1) O:                       Encountered   Discovered     Enqueued 
[37.493s][info   ][gc,ref] GC(1) O: Soft References:              148            0            0 
[37.493s][info   ][gc,ref] GC(1) O: Weak References:              608            0            0 
[37.493s][info   ][gc,ref] GC(1) O: Final References:               0            0            0 
[37.493s][info   ][gc,ref] GC(1) O: Phantom References:             1            0            0 
[38.009s][info   ][gc,ref] GC(2) O:                       Encountered   Discovered     Enqueued 
[38.009s][info   ][gc,ref] GC(2) O: Soft References:              148            0            0 
[38.009s][info   ][gc,ref] GC(2) O: Weak References:              608            0            0 
[38.009s][info   ][gc,ref] GC(2) O: Final References:               0            0            0 
[38.009s][info   ][gc,ref] GC(2) O: Phantom References:             1            0            0 
[38.521s][info   ][gc,ref] GC(3) O:                       Encountered   Discovered     Enqueued 
[38.521s][info   ][gc,ref] GC(3) O: Soft References:              148            0            0 
[38.521s][info   ][gc,ref] GC(3) O: Weak References:              608          438          130 
[38.521s][info   ][gc,ref] GC(3) O: Final References:               0            0            0 
[38.521s][info   ][gc,ref] GC(3) O: Phantom References:             1            1            0 
WeakRefMultiObjectBenchmark: objects=146800180 minSize=509 maxSize=1097 sleepMillis=3000
[39.048s][info   ][gc,ref] GC(4) O:                       Encountered   Discovered     Enqueued 
[39.048s][info   ][gc,ref] GC(4) O: Soft References:              238            0            0 
[39.048s][info   ][gc,ref] GC(4) O: Weak References:             1204          117            0 
[39.048s][info   ][gc,ref] GC(4) O: Final References:               0            0            0 
[39.048s][info   ][gc,ref] GC(4) O: Phantom References:             1            1            0 
Phase 1: Allocating references and objects...
[40.502s][info   ][gc,ref] GC(5) O:                       Encountered   Discovered     Enqueued 
[40.502s][info   ][gc,ref] GC(5) O: Soft References:              238            0            0 
[40.502s][info   ][gc,ref] GC(5) O: Weak References:             1204          254            0 
[40.502s][info   ][gc,ref] GC(5) O: Final References:               0            0            0 
[40.502s][info   ][gc,ref] GC(5) O: Phantom References:             1            1            0 
[42.406s][info   ][gc,ref] GC(6) O:                       Encountered   Discovered     Enqueued 
[42.406s][info   ][gc,ref] GC(6) O: Soft References:              238            0            0 
[42.406s][info   ][gc,ref] GC(6) O: Weak References:             1204          676          201 
[42.406s][info   ][gc,ref] GC(6) O: Final References:               0            0            0 
[42.406s][info   ][gc,ref] GC(6) O: Phantom References:             1            1            0 
[43.742s][info   ][gc,ref] GC(7) O:                       Encountered   Discovered     Enqueued 
[43.742s][info   ][gc,ref] GC(7) O: Soft References:              238            0            0 
[43.742s][info   ][gc,ref] GC(7) O: Weak References:             1003            6            0 
[43.742s][info   ][gc,ref] GC(7) O: Final References:               0            0            0 
[43.742s][info   ][gc,ref] GC(7) O: Phantom References:             1            1            0 
[44.700s][info   ][gc,ref] GC(8) O:                       Encountered   Discovered     Enqueued 
[44.700s][info   ][gc,ref] GC(8) O: Soft References:              238            0            0 
[44.700s][info   ][gc,ref] GC(8) O: Weak References:             1003          714            0 
[44.700s][info   ][gc,ref] GC(8) O: Final References:               0            0            0 
[44.700s][info   ][gc,ref] GC(8) O: Phantom References:             1            1            0 
[46.036s][info   ][gc,ref] GC(9) O:                       Encountered   Discovered     Enqueued 
[46.036s][info   ][gc,ref] GC(9) O: Soft References:              238            0            0 
[46.036s][info   ][gc,ref] GC(9) O: Weak References:             1003          560            0 
[46.036s][info   ][gc,ref] GC(9) O: Final References:               0            0            0 
[46.036s][info   ][gc,ref] GC(9) O: Phantom References:             1            1            0 
[47.507s][info   ][gc,ref] GC(10) O:                       Encountered   Discovered     Enqueued 
[47.507s][info   ][gc,ref] GC(10) O: Soft References:              238            0            0 
[47.507s][info   ][gc,ref] GC(10) O: Weak References:           202090            4            0 
[47.507s][info   ][gc,ref] GC(10) O: Final References:               0            0            0 
[47.507s][info   ][gc,ref] GC(10) O: Phantom References:             1            1            0 
[50.358s][info   ][gc,ref] GC(11) O:                       Encountered   Discovered     Enqueued 
[50.358s][info   ][gc,ref] GC(11) O: Soft References:              238            0            0 
[50.358s][info   ][gc,ref] GC(11) O: Weak References:          3267014           16            0 
[50.358s][info   ][gc,ref] GC(11) O: Final References:               0            0            0 
[50.358s][info   ][gc,ref] GC(11) O: Phantom References:             1            1            0 
[56.499s][info   ][gc,ref] GC(12) O:                       Encountered   Discovered     Enqueued 
[56.499s][info   ][gc,ref] GC(12) O: Soft References:              238            0            0 
[56.499s][info   ][gc,ref] GC(12) O: Weak References:          9125039          607            0 
[56.499s][info   ][gc,ref] GC(12) O: Final References:               0            0            0 
[56.499s][info   ][gc,ref] GC(12) O: Phantom References:             1            1            0 
[71.622s][info   ][gc,ref] GC(13) O:                       Encountered   Discovered     Enqueued 
[71.622s][info   ][gc,ref] GC(13) O: Soft References:              238            0            0 
[71.622s][info   ][gc,ref] GC(13) O: Weak References:         21996131          607            0 
[71.622s][info   ][gc,ref] GC(13) O: Final References:               0            0            0 
[71.622s][info   ][gc,ref] GC(13) O: Phantom References:             1            1            0 
[108.370s][info   ][gc,ref] GC(14) O:                       Encountered   Discovered     Enqueued 
[108.370s][info   ][gc,ref] GC(14) O: Soft References:              238            0            0 
[108.370s][info   ][gc,ref] GC(14) O: Weak References:         53314863          630            0 
[108.370s][info   ][gc,ref] GC(14) O: Final References:               0            0            0 
[108.370s][info   ][gc,ref] GC(14) O: Phantom References:             1            0            0 
Allocated 146800180 objects in 79.96 seconds
Phase 2: Sleeping for 3000 ms...
Phase 3.1: Clearing strong references...
Cleared 29360037 strong references, 117440143 remaining
Waiting 3000 ms...
Phase 3.2: Clearing strong references...
Cleared 29360037 strong references, 88080106 remaining
Waiting 3000 ms...
Phase 3.3: Clearing strong references...
Cleared 29360037 strong references, 58720069 remaining
Waiting 3000 ms...
Phase 3.4: Clearing strong references...
Cleared 29360037 strong references, 29360032 remaining
Waiting 3000 ms...
Phase 3.5: Clearing strong references...
Cleared 29360032 strong references, 0 remaining
Waiting 3000 ms...
Waiting 6000 ms...
Phase 4: Final weak reference checks...
[179.208s][info   ][gc,ref] GC(15) O:                       Encountered   Discovered     Enqueued 
[179.208s][info   ][gc,ref] GC(15) O: Soft References:              238            0            0 
[179.208s][info   ][gc,ref] GC(15) O: Weak References:        127882935     21994287            0 
[179.208s][info   ][gc,ref] GC(15) O: Final References:               0            0            0 
[179.208s][info   ][gc,ref] GC(15) O: Phantom References:             1            1            0 
Final count of alive weak references: 146800180
[203.168s][info   ][gc,stats] === Garbage Collection Statistics =======================================================================================================================
[203.168s][info   ][gc,stats]                                                              Last 10s              Last 10m              Last 10h                Total
[203.168s][info   ][gc,stats]                                                              Avg / Max             Avg / Max             Avg / Max             Avg / Max
[203.168s][info   ][gc,stats]        Contention: Mark Segment Reset Contention                     0 / 0                 0 / 10                0 / 10                0 / 10          ops/s
[203.168s][info   ][gc,stats]        Contention: Mark SeqNum Reset Contention                      0 / 0                 0 / 6                 0 / 6                 0 / 6           ops/s
[203.168s][info   ][gc,stats]          Critical: Allocation Stall                                  0 / 0                 0 / 0                 0 / 0                 0 / 0           ops/s
[203.168s][info   ][gc,stats]          Critical: Allocation Stall                              0.000 / 0.000         0.000 / 0.000         0.000 / 0.000         0.000 / 0.000       ms
[203.168s][info   ][gc,stats]          Critical: JNI Critical Stall                                0 / 0                 0 / 0                 0 / 0                 0 / 0           ops/s
[203.168s][info   ][gc,stats]          Critical: JNI Critical Stall                            0.000 / 0.000         0.000 / 0.000         0.000 / 0.000         0.000 / 0.000       ms
[203.168s][info   ][gc,stats]          Critical: Relocation Stall                                  0 / 0                 0 / 0                 0 / 0                 0 / 0           ops/s
[203.168s][info   ][gc,stats]          Critical: Relocation Stall                              0.000 / 0.000         0.000 / 0.000         0.000 / 0.000         0.000 / 0.000       ms
[203.168s][info   ][gc,stats]  Major Collection: Major Collection                              0.000 / 0.000      8416.244 / 70334.684  8416.244 / 70334.684  8416.244 / 70334.684   ms
[203.168s][info   ][gc,stats]            Memory: Allocation Rate                                   0 / 0               800 / 1898            800 / 1898            800 / 1898        MB/s
[203.168s][info   ][gc,stats]            Memory: Defragment                                        0 / 0                 0 / 0                 0 / 0                 0 / 0           ops/s
[203.168s][info   ][gc,stats]            Memory: Mapped Cache Harvest                              0 / 0                 0 / 0                 0 / 0                 0 / 0           MB/s
[203.168s][info   ][gc,stats]            Memory: Out Of Memory                                     0 / 0                 0 / 0                 0 / 0                 0 / 0           ops/s
[203.168s][info   ][gc,stats]            Memory: Uncommit                                          0 / 0                 0 / 0                 0 / 0                 0 / 0           MB/s
[203.168s][info   ][gc,stats]            Memory: Undo Object Allocation Failed                     0 / 0                 0 / 0                 0 / 0                 0 / 0           ops/s
[203.168s][info   ][gc,stats]            Memory: Undo Object Allocation Succeeded                  0 / 0                 0 / 1                 0 / 1                 0 / 1           ops/s
[203.168s][info   ][gc,stats]            Memory: Undo Page Allocation                              0 / 0                 0 / 0                 0 / 0                 0 / 0           ops/s
[203.168s][info   ][gc,stats]  Minor Collection: Minor Collection                              0.000 / 0.000         0.000 / 0.000         0.000 / 0.000         0.000 / 0.000       ms
[203.168s][info   ][gc,stats]    Old Generation: Old Generation                                0.000 / 0.000      2692.573 / 15273.025  2692.573 / 15273.025  2692.573 / 15273.025   ms
[203.168s][info   ][gc,stats]         Old Pause: Pause Mark End                                0.000 / 0.000         0.011 / 0.016         0.011 / 0.016         0.011 / 0.016       ms
[203.168s][info   ][gc,stats]         Old Pause: Pause Relocate Start                          0.000 / 0.000         0.008 / 0.014         0.008 / 0.014         0.008 / 0.014       ms
[203.168s][info   ][gc,stats]         Old Phase: Concurrent Mark                               0.000 / 0.000      2418.823 / 14194.901  2418.823 / 14194.901  2418.823 / 14194.901   ms
[203.168s][info   ][gc,stats]         Old Phase: Concurrent Mark Continue                      0.000 / 0.000         0.000 / 0.000         0.000 / 0.000         0.000 / 0.000       ms
[203.168s][info   ][gc,stats]         Old Phase: Concurrent Mark Free                          0.000 / 0.000         0.003 / 0.005         0.003 / 0.005         0.003 / 0.005       ms
[203.168s][info   ][gc,stats]         Old Phase: Concurrent Process Non-Strong                 0.000 / 0.000        91.025 / 1437.914     91.025 / 1437.914     91.025 / 1437.914    ms
[203.168s][info   ][gc,stats]         Old Phase: Concurrent Relocate                           0.000 / 0.000         0.884 / 2.589         0.884 / 2.589         0.884 / 2.589       ms
[203.168s][info   ][gc,stats]         Old Phase: Concurrent Remap Roots                        0.000 / 0.000       179.781 / 1073.852    179.781 / 1073.852    179.781 / 1073.852    ms
[203.168s][info   ][gc,stats]         Old Phase: Concurrent Reset Relocation Set               0.000 / 0.000         0.001 / 0.001         0.001 / 0.001         0.001 / 0.001       ms
[203.168s][info   ][gc,stats]         Old Phase: Concurrent Select Relocation Set              0.000 / 0.000         1.837 / 2.688         1.837 / 2.688         1.837 / 2.688       ms
[203.168s][info   ][gc,stats]      Old Subphase: Concurrent Classes Purge                      0.000 / 0.000         0.167 / 2.051         0.167 / 2.051         0.167 / 2.051       ms
[203.168s][info   ][gc,stats]      Old Subphase: Concurrent Classes Unlink                     0.000 / 0.000         1.013 / 1.771         1.013 / 1.771         1.013 / 1.771       ms
[203.168s][info   ][gc,stats]      Old Subphase: Concurrent Mark Follow                        0.000 / 0.000      2418.745 / 14194.817  2418.745 / 14194.817  2418.745 / 14194.817   ms
[203.168s][info   ][gc,stats]      Old Subphase: Concurrent Mark Root Colored                  0.000 / 0.000         0.023 / 0.071         0.023 / 0.071         0.023 / 0.071       ms
[203.168s][info   ][gc,stats]      Old Subphase: Concurrent Mark Root Uncolored                0.000 / 0.000         0.025 / 0.077         0.025 / 0.077         0.025 / 0.077       ms
[203.168s][info   ][gc,stats]      Old Subphase: Concurrent Mark Roots                         0.000 / 0.000         0.075 / 0.126         0.075 / 0.126         0.075 / 0.126       ms
[203.168s][info   ][gc,stats]      Old Subphase: Concurrent References Enqueue                 0.000 / 0.000         0.000 / 0.003         0.000 / 0.003         0.000 / 0.003       ms
[203.168s][info   ][gc,stats]      Old Subphase: Concurrent References Process                 0.000 / 0.000        89.671 / 1434.127     89.671 / 1434.127     89.671 / 1434.127    ms
[203.168s][info   ][gc,stats]      Old Subphase: Concurrent Remap Remembered                   0.000 / 0.000       121.790 / 1073.528    121.790 / 1073.528    121.790 / 1073.528    ms
[203.168s][info   ][gc,stats]      Old Subphase: Concurrent Remap Roots Colored                0.000 / 0.000         0.130 / 0.302         0.130 / 0.302         0.130 / 0.302       ms
[203.168s][info   ][gc,stats]      Old Subphase: Concurrent Remap Roots Uncolored              0.000 / 0.000         0.127 / 0.258         0.127 / 0.258         0.127 / 0.258       ms
[203.168s][info   ][gc,stats]      Old Subphase: Concurrent Roots ClassLoaderDataGraph         0.000 / 0.000         0.076 / 0.289         0.076 / 0.289         0.076 / 0.289       ms
[203.168s][info   ][gc,stats]      Old Subphase: Concurrent Roots CodeCache                    0.000 / 0.000         0.125 / 0.256         0.125 / 0.256         0.125 / 0.256       ms
[203.168s][info   ][gc,stats]      Old Subphase: Concurrent Roots JavaThreads                  0.000 / 0.000         0.008 / 0.077         0.008 / 0.077         0.008 / 0.077       ms
[203.168s][info   ][gc,stats]      Old Subphase: Concurrent Roots OopStorageSet                0.000 / 0.000         0.003 / 0.015         0.003 / 0.015         0.003 / 0.015       ms
[203.168s][info   ][gc,stats]      Old Subphase: Concurrent Weak Roots OopStorageSet           0.000 / 0.000         0.050 / 0.276         0.050 / 0.276         0.050 / 0.276       ms
[203.168s][info   ][gc,stats]            System: Java Threads                                      0 / 0                11 / 13               11 / 13               11 / 13          threads
[203.168s][info   ][gc,stats]  Young Generation: Young Generation                              0.000 / 0.000      5723.561 / 55330.347  5723.561 / 55330.347  5723.561 / 55330.347   ms
[203.168s][info   ][gc,stats]  Young Generation: Young Generation                              0.000 / 0.000         0.000 / 0.000         0.000 / 0.000         0.000 / 0.000       ms
[203.168s][info   ][gc,stats]  Young Generation: Young Generation (Collect Roots)              0.000 / 0.000         0.000 / 0.000         0.000 / 0.000         0.000 / 0.000       ms
[203.168s][info   ][gc,stats]  Young Generation: Young Generation (Promote All)                0.000 / 0.000         0.000 / 0.000         0.000 / 0.000         0.000 / 0.000       ms
[203.168s][info   ][gc,stats]       Young Pause: Pause Mark End                                0.000 / 0.000         0.011 / 0.015         0.011 / 0.015         0.011 / 0.015       ms
[203.168s][info   ][gc,stats]       Young Pause: Pause Mark Start                              0.000 / 0.000         0.000 / 0.000         0.000 / 0.000         0.000 / 0.000       ms
[203.168s][info   ][gc,stats]       Young Pause: Pause Mark Start (Major)                      0.000 / 0.000         0.021 / 0.029         0.021 / 0.029         0.021 / 0.029       ms
[203.168s][info   ][gc,stats]       Young Pause: Pause Relocate Start                          0.000 / 0.000         0.007 / 0.014         0.007 / 0.014         0.007 / 0.014       ms
[203.168s][info   ][gc,stats]       Young Phase: Concurrent Mark                               0.000 / 0.000      5231.721 / 51821.810  5231.721 / 51821.810  5231.721 / 51821.810   ms
[203.168s][info   ][gc,stats]       Young Phase: Concurrent Mark Continue                      0.000 / 0.000         0.000 / 0.000         0.000 / 0.000         0.000 / 0.000       ms
[203.168s][info   ][gc,stats]       Young Phase: Concurrent Mark Free                          0.000 / 0.000         0.004 / 0.007         0.004 / 0.007         0.004 / 0.007       ms
[203.168s][info   ][gc,stats]       Young Phase: Concurrent Relocate                           0.000 / 0.000       265.462 / 1870.413    265.462 / 1870.413    265.462 / 1870.413    ms
[203.168s][info   ][gc,stats]       Young Phase: Concurrent Reset Relocation Set               0.000 / 0.000         0.216 / 2.113         0.216 / 2.113         0.216 / 2.113       ms
[203.168s][info   ][gc,stats]       Young Phase: Concurrent Select Relocation Set              0.000 / 0.000       225.806 / 1635.685    225.806 / 1635.685    225.806 / 1635.685    ms
[203.168s][info   ][gc,stats]    Young Subphase: Concurrent Mark Follow                        0.000 / 0.000      5231.009 / 51821.264  5231.009 / 51821.264  5231.009 / 51821.264   ms
[203.168s][info   ][gc,stats]    Young Subphase: Concurrent Mark Root Colored                  0.000 / 0.000         0.364 / 0.887         0.364 / 0.887         0.364 / 0.887       ms
[203.168s][info   ][gc,stats]    Young Subphase: Concurrent Mark Root Uncolored                0.000 / 0.000         0.271 / 0.478         0.271 / 0.478         0.271 / 0.478       ms
[203.168s][info   ][gc,stats]    Young Subphase: Concurrent Mark Roots                         0.000 / 0.000         0.687 / 1.214         0.687 / 1.214         0.687 / 1.214       ms
[203.168s][info   ][gc,stats]    Young Subphase: Concurrent Relocate Remset FP                 0.000 / 0.000       264.961 / 1869.705    264.961 / 1869.705    264.961 / 1869.705    ms
[203.168s][info   ][gc,stats]    Young Subphase: Concurrent Roots ClassLoaderDataGraph         0.000 / 0.000         0.273 / 0.636         0.273 / 0.636         0.273 / 0.636       ms
[203.168s][info   ][gc,stats]    Young Subphase: Concurrent Roots CodeCache                    0.000 / 0.000         0.250 / 0.447         0.250 / 0.447         0.250 / 0.447       ms
[203.168s][info   ][gc,stats]    Young Subphase: Concurrent Roots JavaThreads                  0.000 / 0.000         0.016 / 0.285         0.016 / 0.285         0.016 / 0.285       ms
[203.168s][info   ][gc,stats]    Young Subphase: Concurrent Roots OopStorageSet                0.000 / 0.000         0.013 / 0.071         0.013 / 0.071         0.013 / 0.071       ms
[203.168s][info   ][gc,stats]    Young Subphase: Concurrent Weak Roots OopStorageSet           0.000 / 0.000         0.089 / 0.212         0.089 / 0.212         0.089 / 0.212       ms
[203.168s][info   ][gc,stats] =========================================================================================================================================================
