
=== Instance 1/8, outer iteration 3/48 (Variant none) ===

Affinity: allowed=0,1,2,3,4,5,6,7,8,9,10,11 jvm=0,1,2,3,4,5,6,7,8,9 aux=10,11
Benchmark args: 146800180
Command: /gorilla/home/fredrha/SimplifyingWeakRefs/build/variant-images/none-linux-x86_64-server-release/jdk/bin/java -Xms160g -Xmx160g -XX:+UseZGC -Xlog:gc+stats,gc+ref -XX:InitialTenuringThreshold=1 -XX:MaxTenuringThreshold=1 -XX:ZCollectionIntervalMajor=0.5 -XX:+ZCollectionIntervalOnly -XX:NativeMemoryTracking=summary /gorilla/home/fredrha/SimplifyingWeakRefs/test/weakrefs/WeakRefMultiObjectBenchmark.java 146800180

[0.004s][warning][gc] ***** WARNING! INCORRECT SYSTEM CONFIGURATION DETECTED! *****
[0.004s][warning][gc] The system limit on number of memory mappings per process might be too low for the given
[0.004s][warning][gc] max Java heap size (163840M). Please adjust /proc/sys/vm/max_map_count to allow for at
[0.004s][warning][gc] least 294912 mappings (current limit is 65530). Continuing execution with the current
[0.004s][warning][gc] limit could lead to a premature OutOfMemoryError being thrown, due to failure to map memory.
[39.719s][info   ][gc,ref] GC(0) O:                       Encountered   Discovered     Enqueued 
[39.719s][info   ][gc,ref] GC(0) O: Soft References:                0            0            0 
[39.719s][info   ][gc,ref] GC(0) O: Weak References:                2            0            0 
[39.719s][info   ][gc,ref] GC(0) O: Final References:               0            0            0 
[39.719s][info   ][gc,ref] GC(0) O: Phantom References:             0            0            0 
[40.236s][info   ][gc,ref] GC(1) O:                       Encountered   Discovered     Enqueued 
[40.236s][info   ][gc,ref] GC(1) O: Soft References:              148            0            0 
[40.236s][info   ][gc,ref] GC(1) O: Weak References:              608            0            0 
[40.236s][info   ][gc,ref] GC(1) O: Final References:               0            0            0 
[40.236s][info   ][gc,ref] GC(1) O: Phantom References:             1            0            0 
[40.751s][info   ][gc,ref] GC(2) O:                       Encountered   Discovered     Enqueued 
[40.751s][info   ][gc,ref] GC(2) O: Soft References:              148            0            0 
[40.751s][info   ][gc,ref] GC(2) O: Weak References:              608            2            0 
[40.751s][info   ][gc,ref] GC(2) O: Final References:               0            0            0 
[40.751s][info   ][gc,ref] GC(2) O: Phantom References:             1            0            0 
[41.275s][info   ][gc,ref] GC(3) O:                       Encountered   Discovered     Enqueued 
[41.275s][info   ][gc,ref] GC(3) O: Soft References:              214            0            0 
[41.275s][info   ][gc,ref] GC(3) O: Weak References:             1328          468          129 
[41.275s][info   ][gc,ref] GC(3) O: Final References:               0            0            0 
[41.275s][info   ][gc,ref] GC(3) O: Phantom References:             1            0            0 
WeakRefMultiObjectBenchmark: objects=146800180 minSize=509 maxSize=1097 sleepMillis=3000
[41.898s][info   ][gc,ref] GC(4) O:                       Encountered   Discovered     Enqueued 
[41.898s][info   ][gc,ref] GC(4) O: Soft References:              238            0            0 
[41.898s][info   ][gc,ref] GC(4) O: Weak References:             1204          242            0 
[41.898s][info   ][gc,ref] GC(4) O: Final References:               0            0            0 
[41.898s][info   ][gc,ref] GC(4) O: Phantom References:             1            1            0 
Phase 1: Allocating references and objects...
[43.487s][info   ][gc,ref] GC(5) O:                       Encountered   Discovered     Enqueued 
[43.487s][info   ][gc,ref] GC(5) O: Soft References:              238            0            0 
[43.487s][info   ][gc,ref] GC(5) O: Weak References:             1204          429          170 
[43.487s][info   ][gc,ref] GC(5) O: Final References:               0            0            0 
[43.487s][info   ][gc,ref] GC(5) O: Phantom References:             1            1            0 
[44.830s][info   ][gc,ref] GC(6) O:                       Encountered   Discovered     Enqueued 
[44.830s][info   ][gc,ref] GC(6) O: Soft References:              238            0            0 
[44.830s][info   ][gc,ref] GC(6) O: Weak References:             1034          302           31 
[44.830s][info   ][gc,ref] GC(6) O: Final References:               0            0            0 
[44.830s][info   ][gc,ref] GC(6) O: Phantom References:             1            1            0 
[46.168s][info   ][gc,ref] GC(7) O:                       Encountered   Discovered     Enqueued 
[46.168s][info   ][gc,ref] GC(7) O: Soft References:              238            0            0 
[46.168s][info   ][gc,ref] GC(7) O: Weak References:             1003          630            0 
[46.168s][info   ][gc,ref] GC(7) O: Final References:               0            0            0 
[46.168s][info   ][gc,ref] GC(7) O: Phantom References:             1            1            0 
[47.129s][info   ][gc,ref] GC(8) O:                       Encountered   Discovered     Enqueued 
[47.129s][info   ][gc,ref] GC(8) O: Soft References:              238            0            0 
[47.129s][info   ][gc,ref] GC(8) O: Weak References:             1003          837            0 
[47.129s][info   ][gc,ref] GC(8) O: Final References:               0            0            0 
[47.129s][info   ][gc,ref] GC(8) O: Phantom References:             1            1            0 
[48.467s][info   ][gc,ref] GC(9) O:                       Encountered   Discovered     Enqueued 
[48.467s][info   ][gc,ref] GC(9) O: Soft References:              238            0            0 
[48.467s][info   ][gc,ref] GC(9) O: Weak References:             1003          279            0 
[48.467s][info   ][gc,ref] GC(9) O: Final References:               0            0            0 
[48.467s][info   ][gc,ref] GC(9) O: Phantom References:             1            1            0 
[49.839s][info   ][gc,ref] GC(10) O:                       Encountered   Discovered     Enqueued 
[49.839s][info   ][gc,ref] GC(10) O: Soft References:              238            0            0 
[49.839s][info   ][gc,ref] GC(10) O: Weak References:             1003          723            0 
[49.839s][info   ][gc,ref] GC(10) O: Final References:               0            0            0 
[49.839s][info   ][gc,ref] GC(10) O: Phantom References:             1            0            0 
[52.332s][info   ][gc,ref] GC(11) O:                       Encountered   Discovered     Enqueued 
[52.332s][info   ][gc,ref] GC(11) O: Soft References:              238            0            0 
[52.332s][info   ][gc,ref] GC(11) O: Weak References:          2393006          423            0 
[52.332s][info   ][gc,ref] GC(11) O: Final References:               0            0            0 
[52.332s][info   ][gc,ref] GC(11) O: Phantom References:             1            1            0 
[57.284s][info   ][gc,ref] GC(12) O:                       Encountered   Discovered     Enqueued 
[57.284s][info   ][gc,ref] GC(12) O: Soft References:              238            0            0 
[57.284s][info   ][gc,ref] GC(12) O: Weak References:          7060479          647            0 
[57.284s][info   ][gc,ref] GC(12) O: Final References:               0            0            0 
[57.284s][info   ][gc,ref] GC(12) O: Phantom References:             1            1            0 
[69.329s][info   ][gc,ref] GC(13) O:                       Encountered   Discovered     Enqueued 
[69.329s][info   ][gc,ref] GC(13) O: Soft References:              238            0            0 
[69.329s][info   ][gc,ref] GC(13) O: Weak References:         16271935          388            0 
[69.329s][info   ][gc,ref] GC(13) O: Final References:               0            0            0 
[69.329s][info   ][gc,ref] GC(13) O: Phantom References:             1            1            0 
[96.786s][info   ][gc,ref] GC(14) O:                       Encountered   Discovered     Enqueued 
[96.787s][info   ][gc,ref] GC(14) O: Soft References:              238            0            0 
[96.787s][info   ][gc,ref] GC(14) O: Weak References:         38716043          631            0 
[96.787s][info   ][gc,ref] GC(14) O: Final References:               0            0            0 
[96.787s][info   ][gc,ref] GC(14) O: Phantom References:             1            1            0 
Allocated 146800180 objects in 87.52 seconds
Phase 2: Sleeping for 3000 ms...
Phase 3.1: Clearing strong references...
Cleared 29360037 strong references, 117440143 remaining
Waiting 3000 ms...
Phase 3.2: Clearing strong references...
Cleared 29360037 strong references, 88080106 remaining
Waiting 3000 ms...
[148.413s][info   ][gc,ref] GC(15) O:                       Encountered   Discovered     Enqueued 
[148.413s][info   ][gc,ref] GC(15) O: Soft References:              238            0            0 
[148.413s][info   ][gc,ref] GC(15) O: Weak References:         89426567      4056627            0 
[148.413s][info   ][gc,ref] GC(15) O: Final References:               0            0            0 
[148.413s][info   ][gc,ref] GC(15) O: Phantom References:             1            1            0 
Phase 3.3: Clearing strong references...
Cleared 29360037 strong references, 58720069 remaining
Waiting 3000 ms...
Phase 3.4: Clearing strong references...
Cleared 29360037 strong references, 29360032 remaining
Waiting 3000 ms...
Phase 3.5: Clearing strong references...
Cleared 29360032 strong references, 0 remaining
Waiting 3000 ms...
Waiting 6000 ms...
Phase 4: Final weak reference checks...
Final count of alive weak references: 146800180
[199.820s][info   ][gc,stats] === Garbage Collection Statistics =======================================================================================================================
[199.820s][info   ][gc,stats]                                                              Last 10s              Last 10m              Last 10h                Total
[199.820s][info   ][gc,stats]                                                              Avg / Max             Avg / Max             Avg / Max             Avg / Max
[199.820s][info   ][gc,stats]        Contention: Mark Segment Reset Contention                     0 / 0                 0 / 22                0 / 22                0 / 22          ops/s
[199.820s][info   ][gc,stats]        Contention: Mark SeqNum Reset Contention                      0 / 0                 0 / 6                 0 / 6                 0 / 6           ops/s
[199.820s][info   ][gc,stats]          Critical: Allocation Stall                                  0 / 0                 0 / 0                 0 / 0                 0 / 0           ops/s
[199.820s][info   ][gc,stats]          Critical: Allocation Stall                              0.000 / 0.000         0.000 / 0.000         0.000 / 0.000         0.000 / 0.000       ms
[199.820s][info   ][gc,stats]          Critical: JNI Critical Stall                                0 / 0                 0 / 0                 0 / 0                 0 / 0           ops/s
[199.820s][info   ][gc,stats]          Critical: JNI Critical Stall                            0.000 / 0.000         0.000 / 0.000         0.000 / 0.000         0.000 / 0.000       ms
[199.820s][info   ][gc,stats]          Critical: Relocation Stall                                  0 / 0                 0 / 0                 0 / 0                 0 / 0           ops/s
[199.820s][info   ][gc,stats]          Critical: Relocation Stall                              0.000 / 0.000         0.000 / 0.000         0.000 / 0.000         0.000 / 0.000       ms
[199.820s][info   ][gc,stats]  Major Collection: Major Collection                              0.000 / 0.000      6320.037 / 51124.078  6320.037 / 51124.078  6320.037 / 51124.078   ms
[199.820s][info   ][gc,stats]            Memory: Allocation Rate                                   0 / 0               830 / 1726            830 / 1726            830 / 1726        MB/s
[199.820s][info   ][gc,stats]            Memory: Defragment                                        0 / 0                 0 / 0                 0 / 0                 0 / 0           ops/s
[199.820s][info   ][gc,stats]            Memory: Mapped Cache Harvest                              0 / 0                 0 / 0                 0 / 0                 0 / 0           MB/s
[199.820s][info   ][gc,stats]            Memory: Out Of Memory                                     0 / 0                 0 / 0                 0 / 0                 0 / 0           ops/s
[199.820s][info   ][gc,stats]            Memory: Uncommit                                          0 / 0                 0 / 0                 0 / 0                 0 / 0           MB/s
[199.820s][info   ][gc,stats]            Memory: Undo Object Allocation Failed                     0 / 0                 0 / 0                 0 / 0                 0 / 0           ops/s
[199.820s][info   ][gc,stats]            Memory: Undo Object Allocation Succeeded                  0 / 0                 0 / 1                 0 / 1                 0 / 1           ops/s
[199.820s][info   ][gc,stats]            Memory: Undo Page Allocation                              0 / 0                 0 / 0                 0 / 0                 0 / 0           ops/s
[199.820s][info   ][gc,stats]  Minor Collection: Minor Collection                              0.000 / 0.000         0.000 / 0.000         0.000 / 0.000         0.000 / 0.000       ms
[199.820s][info   ][gc,stats]    Old Generation: Old Generation                                0.000 / 0.000      2278.523 / 13059.147  2278.523 / 13059.147  2278.523 / 13059.147   ms
[199.820s][info   ][gc,stats]         Old Pause: Pause Mark End                                0.000 / 0.000         0.011 / 0.015         0.011 / 0.015         0.011 / 0.015       ms
[199.820s][info   ][gc,stats]         Old Pause: Pause Relocate Start                          0.000 / 0.000         0.008 / 0.016         0.008 / 0.016         0.008 / 0.016       ms
[199.820s][info   ][gc,stats]         Old Phase: Concurrent Mark                               0.000 / 0.000      2064.136 / 11450.613  2064.136 / 11450.613  2064.136 / 11450.613   ms
[199.820s][info   ][gc,stats]         Old Phase: Concurrent Mark Continue                      0.000 / 0.000         0.000 / 0.000         0.000 / 0.000         0.000 / 0.000       ms
[199.820s][info   ][gc,stats]         Old Phase: Concurrent Mark Free                          0.000 / 0.000         0.003 / 0.005         0.003 / 0.005         0.003 / 0.005       ms
[199.820s][info   ][gc,stats]         Old Phase: Concurrent Process Non-Strong                 0.000 / 0.000        30.193 / 463.433      30.193 / 463.433      30.193 / 463.433     ms
[199.820s][info   ][gc,stats]         Old Phase: Concurrent Relocate                           0.000 / 0.000         1.238 / 2.311         1.238 / 2.311         1.238 / 2.311       ms
[199.820s][info   ][gc,stats]         Old Phase: Concurrent Remap Roots                        0.000 / 0.000       180.986 / 1141.984    180.986 / 1141.984    180.986 / 1141.984    ms
[199.820s][info   ][gc,stats]         Old Phase: Concurrent Reset Relocation Set               0.000 / 0.000         0.001 / 0.001         0.001 / 0.001         0.001 / 0.001       ms
[199.820s][info   ][gc,stats]         Old Phase: Concurrent Select Relocation Set              0.000 / 0.000         1.780 / 2.253         1.780 / 2.253         1.780 / 2.253       ms
[199.820s][info   ][gc,stats]      Old Subphase: Concurrent Classes Purge                      0.000 / 0.000         0.130 / 1.486         0.130 / 1.486         0.130 / 1.486       ms
[199.820s][info   ][gc,stats]      Old Subphase: Concurrent Classes Unlink                     0.000 / 0.000         1.056 / 1.389         1.056 / 1.389         1.056 / 1.389       ms
[199.820s][info   ][gc,stats]      Old Subphase: Concurrent Mark Follow                        0.000 / 0.000      2064.053 / 11450.525  2064.053 / 11450.525  2064.053 / 11450.525   ms
[199.820s][info   ][gc,stats]      Old Subphase: Concurrent Mark Root Colored                  0.028 / 0.029         0.026 / 0.075         0.026 / 0.075         0.026 / 0.075       ms
[199.820s][info   ][gc,stats]      Old Subphase: Concurrent Mark Root Uncolored                0.026 / 0.030         0.026 / 0.086         0.026 / 0.086         0.026 / 0.086       ms
[199.820s][info   ][gc,stats]      Old Subphase: Concurrent Mark Roots                         0.101 / 0.101         0.082 / 0.119         0.082 / 0.119         0.082 / 0.119       ms
[199.820s][info   ][gc,stats]      Old Subphase: Concurrent References Enqueue                 0.000 / 0.000         0.001 / 0.003         0.001 / 0.003         0.001 / 0.003       ms
[199.820s][info   ][gc,stats]      Old Subphase: Concurrent References Process                 0.000 / 0.000        28.842 / 460.668      28.842 / 460.668      28.842 / 460.668     ms
[199.820s][info   ][gc,stats]      Old Subphase: Concurrent Remap Remembered                   0.000 / 0.000       120.118 / 1141.786    120.118 / 1141.786    120.118 / 1141.786    ms
[199.820s][info   ][gc,stats]      Old Subphase: Concurrent Remap Roots Colored                0.000 / 0.000         0.124 / 0.264         0.124 / 0.264         0.124 / 0.264       ms
[199.820s][info   ][gc,stats]      Old Subphase: Concurrent Remap Roots Uncolored              0.000 / 0.000         0.167 / 0.272         0.167 / 0.272         0.167 / 0.272       ms
[199.820s][info   ][gc,stats]      Old Subphase: Concurrent Roots ClassLoaderDataGraph         0.023 / 0.023         0.070 / 0.253         0.070 / 0.253         0.070 / 0.253       ms
[199.820s][info   ][gc,stats]      Old Subphase: Concurrent Roots CodeCache                    0.000 / 0.000         0.165 / 0.269         0.165 / 0.269         0.165 / 0.269       ms
[199.820s][info   ][gc,stats]      Old Subphase: Concurrent Roots JavaThreads                  0.026 / 0.029         0.009 / 0.086         0.009 / 0.086         0.009 / 0.086       ms
[199.820s][info   ][gc,stats]      Old Subphase: Concurrent Roots OopStorageSet                0.005 / 0.005         0.003 / 0.013         0.003 / 0.013         0.003 / 0.013       ms
[199.820s][info   ][gc,stats]      Old Subphase: Concurrent Weak Roots OopStorageSet           0.000 / 0.000         0.045 / 0.160         0.045 / 0.160         0.045 / 0.160       ms
[199.820s][info   ][gc,stats]            System: Java Threads                                     11 / 11               11 / 13               11 / 13               11 / 13          threads
[199.820s][info   ][gc,stats]  Young Generation: Young Generation                          48385.945 / 48385.945  6649.899 / 48385.945  6649.899 / 48385.945  6649.899 / 48385.945   ms
[199.820s][info   ][gc,stats]  Young Generation: Young Generation                              0.000 / 0.000         0.000 / 0.000         0.000 / 0.000         0.000 / 0.000       ms
[199.820s][info   ][gc,stats]  Young Generation: Young Generation (Collect Roots)              0.000 / 0.000         0.000 / 0.000         0.000 / 0.000         0.000 / 0.000       ms
[199.820s][info   ][gc,stats]  Young Generation: Young Generation (Promote All)                0.000 / 0.000         0.000 / 0.000         0.000 / 0.000         0.000 / 0.000       ms
[199.820s][info   ][gc,stats]       Young Pause: Pause Mark End                                0.013 / 0.013         0.011 / 0.014         0.011 / 0.014         0.011 / 0.014       ms
[199.820s][info   ][gc,stats]       Young Pause: Pause Mark Start                              0.000 / 0.000         0.000 / 0.000         0.000 / 0.000         0.000 / 0.000       ms
[199.820s][info   ][gc,stats]       Young Pause: Pause Mark Start (Major)                      0.000 / 0.000         0.023 / 0.030         0.023 / 0.030         0.023 / 0.030       ms
[199.820s][info   ][gc,stats]       Young Pause: Pause Relocate Start                          0.012 / 0.012         0.007 / 0.015         0.007 / 0.015         0.007 / 0.015       ms
[199.820s][info   ][gc,stats]       Young Phase: Concurrent Mark                           42525.898 / 42525.898  5979.871 / 42525.898  5979.871 / 42525.898  5979.871 / 42525.898   ms
[199.820s][info   ][gc,stats]       Young Phase: Concurrent Mark Continue                      0.000 / 0.000         0.000 / 0.000         0.000 / 0.000         0.000 / 0.000       ms
[199.820s][info   ][gc,stats]       Young Phase: Concurrent Mark Free                          0.009 / 0.009         0.004 / 0.009         0.004 / 0.009         0.004 / 0.009       ms
[199.820s][info   ][gc,stats]       Young Phase: Concurrent Relocate                        3106.813 / 3106.813    355.082 / 3106.813    355.082 / 3106.813    355.082 / 3106.813    ms
[199.820s][info   ][gc,stats]       Young Phase: Concurrent Reset Relocation Set               3.173 / 3.173         0.638 / 5.697         0.638 / 5.697         0.638 / 5.697       ms
[199.820s][info   ][gc,stats]       Young Phase: Concurrent Select Relocation Set           2749.416 / 2749.416    313.940 / 2749.416    313.940 / 2749.416    313.940 / 2749.416    ms
[199.820s][info   ][gc,stats]    Young Subphase: Concurrent Mark Follow                    42525.569 / 42525.569  5979.158 / 42525.569  5979.158 / 42525.569  5979.158 / 42525.569   ms
[199.820s][info   ][gc,stats]    Young Subphase: Concurrent Mark Root Colored                  0.000 / 0.000         0.385 / 0.647         0.385 / 0.647         0.385 / 0.647       ms
[199.820s][info   ][gc,stats]    Young Subphase: Concurrent Mark Root Uncolored                0.000 / 0.000         0.272 / 0.525         0.272 / 0.525         0.272 / 0.525       ms
[199.820s][info   ][gc,stats]    Young Subphase: Concurrent Mark Roots                         0.000 / 0.000         0.711 / 1.050         0.711 / 1.050         0.711 / 1.050       ms
[199.820s][info   ][gc,stats]    Young Subphase: Concurrent Relocate Remset FP              3106.775 / 3106.775    354.492 / 3106.775    354.492 / 3106.775    354.492 / 3106.775    ms
[199.820s][info   ][gc,stats]    Young Subphase: Concurrent Roots ClassLoaderDataGraph         0.000 / 0.000         0.276 / 0.443         0.276 / 0.443         0.276 / 0.443       ms
[199.820s][info   ][gc,stats]    Young Subphase: Concurrent Roots CodeCache                    0.000 / 0.000         0.252 / 0.358         0.252 / 0.358         0.252 / 0.358       ms
[199.820s][info   ][gc,stats]    Young Subphase: Concurrent Roots JavaThreads                  0.002 / 0.003         0.021 / 0.524         0.021 / 0.524         0.021 / 0.524       ms
[199.820s][info   ][gc,stats]    Young Subphase: Concurrent Roots OopStorageSet                0.000 / 0.000         0.020 / 0.089         0.020 / 0.089         0.020 / 0.089       ms
[199.820s][info   ][gc,stats]    Young Subphase: Concurrent Weak Roots OopStorageSet           0.000 / 0.000         0.098 / 0.197         0.098 / 0.197         0.098 / 0.197       ms
[199.820s][info   ][gc,stats] =========================================================================================================================================================
