
=== Instance 4/8, outer iteration 126/300 (Variant clear_path_only) ===

Affinity: allowed=36,37,38,39,40,41,42,43,44,45,46,47 jvm=36,37,38,39,40,41,42,43,44,45 aux=46,47
Benchmark args: 50000000
Command: /gorilla/home/fredrha/SimplifyingWeakRefs/build/variant-images/clear_path_only-linux-x86_64-server-release/jdk/bin/java -Xms64g -Xmx64g -XX:+UseZGC -Xlog:gc+stats,gc+ref -XX:InitialTenuringThreshold=1 -XX:MaxTenuringThreshold=1 -XX:ZCollectionIntervalMajor=0.5 -XX:+ZCollectionIntervalOnly -XX:NativeMemoryTracking=summary /gorilla/home/fredrha/SimplifyingWeakRefs/test/weakrefs/WeakRefMultiObjectBenchmark.java 50000000

[0.004s][warning][gc] ***** WARNING! INCORRECT SYSTEM CONFIGURATION DETECTED! *****
[0.004s][warning][gc] The system limit on number of memory mappings per process might be too low for the given
[0.004s][warning][gc] max Java heap size (65536M). Please adjust /proc/sys/vm/max_map_count to allow for at
[0.004s][warning][gc] least 117964 mappings (current limit is 65530). Continuing execution with the current
[0.004s][warning][gc] limit could lead to a premature OutOfMemoryError being thrown, due to failure to map memory.
[0.004s][info   ][gc,ref] Reference Processor created, Config: Optimised clear path
[15.517s][info   ][gc,ref] GC(0) O:                           Encountered       Discovered Cleared/Enqueued 
[15.517s][info   ][gc,ref] GC(0) O: Soft References:                    0                0                0 
[15.517s][info   ][gc,ref] GC(0) O: Weak References:                    2                0                0 
[15.517s][info   ][gc,ref] GC(0) O: Weak (No Queue):                    0                0                0 
[15.517s][info   ][gc,ref] GC(0) O: Final References:                   0                0                0 
[15.517s][info   ][gc,ref] GC(0) O: Phantom References:                 0                0                0 
[16.035s][info   ][gc,ref] GC(1) O:                           Encountered       Discovered Cleared/Enqueued 
[16.035s][info   ][gc,ref] GC(1) O: Soft References:                  148                0                0 
[16.035s][info   ][gc,ref] GC(1) O: Weak References:                  605                0                0 
[16.035s][info   ][gc,ref] GC(1) O: Weak (No Queue):                    3                0                0 
[16.035s][info   ][gc,ref] GC(1) O: Final References:                   0                0                0 
[16.035s][info   ][gc,ref] GC(1) O: Phantom References:                 1                0                0 
WeakRefMultiObjectBenchmark: objects=[16.560s][info   ][gc,ref] GC(2) O:                           Encountered       Discovered Cleared/Enqueued 
[16.560s][info   ][gc,ref] GC(2) O: Soft References:                  230                0                0 
[16.560s][info   ][gc,ref] GC(2) O: Weak References:                 1325                0                0 
[16.560s][info   ][gc,ref] GC(2) O: Weak (No Queue):                   67                2                0 
[16.560s][info   ][gc,ref] GC(2) O: Final References:                   0                0                0 
[16.560s][info   ][gc,ref] GC(2) O: Phantom References:                 1                0                0 
50000000 minSize=509 maxSize=1097 sleepMillis=3000
Phase 1: Allocating references and objects...
[17.111s][info   ][gc,ref] GC(3) O:                           Encountered       Discovered Cleared/Enqueued 
[17.111s][info   ][gc,ref] GC(3) O: Soft References:                  238                0                0 
[17.111s][info   ][gc,ref] GC(3) O: Weak References:                 1330              460              129 
[17.111s][info   ][gc,ref] GC(3) O: Weak (No Queue):                    3                0                0 
[17.111s][info   ][gc,ref] GC(3) O: Final References:                   0                0                0 
[17.111s][info   ][gc,ref] GC(3) O: Phantom References:                 1                0                0 
[17.959s][info   ][gc,ref] GC(4) O:                           Encountered       Discovered Cleared/Enqueued 
[17.959s][info   ][gc,ref] GC(4) O: Soft References:                  238                0                0 
[17.959s][info   ][gc,ref] GC(4) O: Weak References:                 1201              713              186 
[17.959s][info   ][gc,ref] GC(4) O: Weak (No Queue):                    3                3                0 
[17.959s][info   ][gc,ref] GC(4) O: Final References:                   0                0                0 
[17.959s][info   ][gc,ref] GC(4) O: Phantom References:                 1                1                0 
[18.624s][info   ][gc,ref] GC(5) O:                           Encountered       Discovered Cleared/Enqueued 
[18.624s][info   ][gc,ref] GC(5) O: Soft References:                  238                0                0 
[18.624s][info   ][gc,ref] GC(5) O: Weak References:                 1015              536               15 
[18.624s][info   ][gc,ref] GC(5) O: Weak (No Queue):                    3                1                0 
[18.624s][info   ][gc,ref] GC(5) O: Final References:                   0                0                0 
[18.624s][info   ][gc,ref] GC(5) O: Phantom References:                 1                1                0 
[19.452s][info   ][gc,ref] GC(6) O:                           Encountered       Discovered Cleared/Enqueued 
[19.452s][info   ][gc,ref] GC(6) O: Soft References:                  238                0                0 
[19.452s][info   ][gc,ref] GC(6) O: Weak References:                 1000              170                0 
[19.452s][info   ][gc,ref] GC(6) O: Weak (No Queue):               339112                3                0 
[19.452s][info   ][gc,ref] GC(6) O: Final References:                   0                0                0 
[19.452s][info   ][gc,ref] GC(6) O: Phantom References:                 1                1                0 
[20.928s][info   ][gc,ref] GC(7) O:                           Encountered       Discovered Cleared/Enqueued 
[20.928s][info   ][gc,ref] GC(7) O: Soft References:                  238                0                0 
[20.928s][info   ][gc,ref] GC(7) O: Weak References:                 1000              170                0 
[20.928s][info   ][gc,ref] GC(7) O: Weak (No Queue):              1963645                3                0 
[20.928s][info   ][gc,ref] GC(7) O: Final References:                   0                0                0 
[20.928s][info   ][gc,ref] GC(7) O: Phantom References:                 1                1                0 
[23.808s][info   ][gc,ref] GC(8) O:                           Encountered       Discovered Cleared/Enqueued 
[23.808s][info   ][gc,ref] GC(8) O: Soft References:                  238                0                0 
[23.808s][info   ][gc,ref] GC(8) O: Weak References:                 1000              865                0 
[23.808s][info   ][gc,ref] GC(8) O: Weak (No Queue):              4838316           149804                0 
[23.808s][info   ][gc,ref] GC(8) O: Final References:                   0                0                0 
[23.808s][info   ][gc,ref] GC(8) O: Phantom References:                 1                1                0 
[29.934s][info   ][gc,ref] GC(9) O:                           Encountered       Discovered Cleared/Enqueued 
[29.934s][info   ][gc,ref] GC(9) O: Soft References:                  238                0                0 
[29.934s][info   ][gc,ref] GC(9) O: Weak References:                 1000              851                0 
[29.934s][info   ][gc,ref] GC(9) O: Weak (No Queue):             10532551           749012                0 
[29.934s][info   ][gc,ref] GC(9) O: Final References:                   0                0                0 
[29.934s][info   ][gc,ref] GC(9) O: Phantom References:                 1                1                0 
[42.864s][info   ][gc,ref] GC(10) O:                           Encountered       Discovered Cleared/Enqueued 
[42.864s][info   ][gc,ref] GC(10) O: Soft References:                  238                0                0 
[42.864s][info   ][gc,ref] GC(10) O: Weak References:                 1000              926                0 
[42.864s][info   ][gc,ref] GC(10) O: Weak (No Queue):             22582927          1806490                0 
[42.864s][info   ][gc,ref] GC(10) O: Final References:                   0                0                0 
[42.864s][info   ][gc,ref] GC(10) O: Phantom References:                 1                1                0 
Allocated 50000000 objects in 27.58 seconds
Phase 2: Sleeping for 3000 ms...
Phase 3.1: Clearing strong references...
Cleared 10000001 strong references, 39999999 remaining
Waiting 3000 ms...
Phase 3.2: Clearing strong references...
Cleared 10000001 strong references, 29999998 remaining
Waiting 3000 ms...
Phase 3.3: Clearing strong references...
Cleared 10000001 strong references, 19999997 remaining
Waiting 3000 ms...
Phase 3.4: Clearing strong references...
Cleared 10000001 strong references, 9999996 remaining
Waiting 3000 ms...
Phase 3.5: Clearing strong references...
Cleared 9999996 strong references, 0 remaining
Waiting 3000 ms...
[68.229s][info   ][gc,ref] GC(11) O:                           Encountered       Discovered Cleared/Enqueued 
[68.229s][info   ][gc,ref] GC(11) O: Soft References:                  238                0                0 
[68.229s][info   ][gc,ref] GC(11) O: Weak References:                 1000              934                0 
[68.229s][info   ][gc,ref] GC(11) O: Weak (No Queue):             48019655         10518913                0 
[68.229s][info   ][gc,ref] GC(11) O: Final References:                   0                0                0 
[68.229s][info   ][gc,ref] GC(11) O: Phantom References:                 1                1                0 
Waiting 6000 ms...
Phase 4: Final weak reference checks...
Final count of alive weak references: 50000000
[83.880s][info   ][gc,stats] === Garbage Collection Statistics =======================================================================================================================
[83.880s][info   ][gc,stats]                                                              Last 10s              Last 10m              Last 10h                Total
[83.880s][info   ][gc,stats]                                                              Avg / Max             Avg / Max             Avg / Max             Avg / Max
[83.880s][info   ][gc,stats]        Contention: Mark Segment Reset Contention                     0 / 0                 0 / 24                0 / 24                0 / 24          ops/s
[83.880s][info   ][gc,stats]        Contention: Mark SeqNum Reset Contention                      0 / 0                 0 / 5                 0 / 5                 0 / 5           ops/s
[83.880s][info   ][gc,stats]          Critical: Allocation Stall                                  0 / 0                 0 / 0                 0 / 0                 0 / 0           ops/s
[83.880s][info   ][gc,stats]          Critical: Allocation Stall                              0.000 / 0.000         0.000 / 0.000         0.000 / 0.000         0.000 / 0.000       ms
[83.880s][info   ][gc,stats]          Critical: JNI Critical Stall                                0 / 0                 0 / 0                 0 / 0                 0 / 0           ops/s
[83.880s][info   ][gc,stats]          Critical: JNI Critical Stall                            0.000 / 0.000         0.000 / 0.000         0.000 / 0.000         0.000 / 0.000       ms
[83.880s][info   ][gc,stats]          Critical: Relocation Stall                                  0 / 0                 0 / 0                 0 / 0                 0 / 0           ops/s
[83.880s][info   ][gc,stats]          Critical: Relocation Stall                              0.000 / 0.000         0.000 / 0.000         0.000 / 0.000         0.000 / 0.000       ms
[83.880s][info   ][gc,stats]  Major Collection: Major Collection                              0.000 / 0.000      3930.101 / 24864.816  3930.101 / 24864.816  3930.101 / 24864.816   ms
[83.880s][info   ][gc,stats]            Memory: Allocation Rate                                   0 / 0               667 / 1768            667 / 1768            667 / 1768        MB/s
[83.880s][info   ][gc,stats]            Memory: Defragment                                        0 / 0                 0 / 0                 0 / 0                 0 / 0           ops/s
[83.880s][info   ][gc,stats]            Memory: Mapped Cache Harvest                              0 / 0                 0 / 0                 0 / 0                 0 / 0           MB/s
[83.880s][info   ][gc,stats]            Memory: Out Of Memory                                     0 / 0                 0 / 0                 0 / 0                 0 / 0           ops/s
[83.880s][info   ][gc,stats]            Memory: Uncommit                                          0 / 0                 0 / 0                 0 / 0                 0 / 0           MB/s
[83.880s][info   ][gc,stats]            Memory: Undo Object Allocation Failed                     0 / 0                 0 / 0                 0 / 0                 0 / 0           ops/s
[83.880s][info   ][gc,stats]            Memory: Undo Object Allocation Succeeded                  0 / 0                 0 / 1                 0 / 1                 0 / 1           ops/s
[83.880s][info   ][gc,stats]            Memory: Undo Page Allocation                              0 / 0                 0 / 0                 0 / 0                 0 / 0           ops/s
[83.880s][info   ][gc,stats]  Minor Collection: Minor Collection                              0.000 / 0.000         0.000 / 0.000         0.000 / 0.000         0.000 / 0.000       ms
[83.880s][info   ][gc,stats]    Old Generation: Old Generation                                0.000 / 0.000      1232.594 / 7469.887   1232.594 / 7469.887   1232.594 / 7469.887    ms
[83.880s][info   ][gc,stats]         Old Pause: Pause Mark End                                0.000 / 0.000         0.011 / 0.017         0.011 / 0.017         0.011 / 0.017       ms
[83.880s][info   ][gc,stats]         Old Pause: Pause Relocate Start                          0.000 / 0.000         0.009 / 0.018         0.009 / 0.018         0.009 / 0.018       ms
[83.880s][info   ][gc,stats]         Old Phase: Concurrent Mark                               0.000 / 0.000      1001.043 / 6041.394   1001.043 / 6041.394   1001.043 / 6041.394    ms
[83.880s][info   ][gc,stats]         Old Phase: Concurrent Mark Continue                      0.000 / 0.000         0.000 / 0.000         0.000 / 0.000         0.000 / 0.000       ms
[83.880s][info   ][gc,stats]         Old Phase: Concurrent Mark Free                          0.000 / 0.000         0.003 / 0.004         0.003 / 0.004         0.003 / 0.004       ms
[83.880s][info   ][gc,stats]         Old Phase: Concurrent Process Non-Strong                 0.000 / 0.000       135.025 / 1084.002    135.025 / 1084.002    135.025 / 1084.002    ms
[83.880s][info   ][gc,stats]         Old Phase: Concurrent Relocate                           0.000 / 0.000         1.098 / 2.065         1.098 / 2.065         1.098 / 2.065       ms
[83.880s][info   ][gc,stats]         Old Phase: Concurrent Remap Roots                        0.000 / 0.000        94.688 / 361.023      94.688 / 361.023      94.688 / 361.023     ms
[83.880s][info   ][gc,stats]         Old Phase: Concurrent Reset Relocation Set               0.000 / 0.000         0.001 / 0.002         0.001 / 0.002         0.001 / 0.002       ms
[83.880s][info   ][gc,stats]         Old Phase: Concurrent Select Relocation Set              0.000 / 0.000         0.501 / 0.698         0.501 / 0.698         0.501 / 0.698       ms
[83.880s][info   ][gc,stats]      Old Subphase: Concurrent Classes Purge                      0.000 / 0.000         0.163 / 1.432         0.163 / 1.432         0.163 / 1.432       ms
[83.880s][info   ][gc,stats]      Old Subphase: Concurrent Classes Unlink                     0.000 / 0.000         1.047 / 1.355         1.047 / 1.355         1.047 / 1.355       ms
[83.880s][info   ][gc,stats]      Old Subphase: Concurrent Mark Follow                        0.000 / 0.000      1000.962 / 6041.289   1000.962 / 6041.289   1000.962 / 6041.289    ms
[83.880s][info   ][gc,stats]      Old Subphase: Concurrent Mark Root Colored                  0.024 / 0.032         0.026 / 0.053         0.026 / 0.053         0.026 / 0.053       ms
[83.880s][info   ][gc,stats]      Old Subphase: Concurrent Mark Root Uncolored                0.026 / 0.028         0.026 / 0.080         0.026 / 0.080         0.026 / 0.080       ms
[83.880s][info   ][gc,stats]      Old Subphase: Concurrent Mark Roots                         0.086 / 0.086         0.079 / 0.114         0.079 / 0.114         0.079 / 0.114       ms
[83.880s][info   ][gc,stats]      Old Subphase: Concurrent References Enqueue                 0.000 / 0.000         0.001 / 0.003         0.001 / 0.003         0.001 / 0.003       ms
[83.880s][info   ][gc,stats]      Old Subphase: Concurrent References Process                 0.000 / 0.000       133.591 / 1081.289    133.591 / 1081.289    133.591 / 1081.289    ms
[83.880s][info   ][gc,stats]      Old Subphase: Concurrent Remap Remembered                   0.000 / 0.000        65.122 / 360.655      65.122 / 360.655      65.122 / 360.655     ms
[83.880s][info   ][gc,stats]      Old Subphase: Concurrent Remap Roots Colored                0.000 / 0.000         0.132 / 0.306         0.132 / 0.306         0.132 / 0.306       ms
[83.880s][info   ][gc,stats]      Old Subphase: Concurrent Remap Roots Uncolored              0.000 / 0.000         0.164 / 0.231         0.164 / 0.231         0.164 / 0.231       ms
[83.880s][info   ][gc,stats]      Old Subphase: Concurrent Roots ClassLoaderDataGraph         0.019 / 0.023         0.075 / 0.292         0.075 / 0.292         0.075 / 0.292       ms
[83.880s][info   ][gc,stats]      Old Subphase: Concurrent Roots CodeCache                    0.000 / 0.000         0.162 / 0.229         0.162 / 0.229         0.162 / 0.229       ms
[83.880s][info   ][gc,stats]      Old Subphase: Concurrent Roots JavaThreads                  0.026 / 0.028         0.009 / 0.080         0.009 / 0.080         0.009 / 0.080       ms
[83.880s][info   ][gc,stats]      Old Subphase: Concurrent Roots OopStorageSet                0.008 / 0.008         0.004 / 0.013         0.004 / 0.013         0.004 / 0.013       ms
[83.880s][info   ][gc,stats]      Old Subphase: Concurrent Weak Roots OopStorageSet           0.000 / 0.000         0.052 / 0.195         0.052 / 0.195         0.052 / 0.195       ms
[83.880s][info   ][gc,stats]            System: Java Threads                                     11 / 11               11 / 13               11 / 13               11 / 13          threads
[83.880s][info   ][gc,stats]  Young Generation: Young Generation                          10725.653 / 10725.653  3314.952 / 17394.784  3314.952 / 17394.784  3314.952 / 17394.784   ms
[83.880s][info   ][gc,stats]  Young Generation: Young Generation                              0.000 / 0.000         0.000 / 0.000         0.000 / 0.000         0.000 / 0.000       ms
[83.880s][info   ][gc,stats]  Young Generation: Young Generation (Collect Roots)              0.000 / 0.000         0.000 / 0.000         0.000 / 0.000         0.000 / 0.000       ms
[83.880s][info   ][gc,stats]  Young Generation: Young Generation (Promote All)                0.000 / 0.000         0.000 / 0.000         0.000 / 0.000         0.000 / 0.000       ms
[83.880s][info   ][gc,stats]       Young Pause: Pause Mark End                                0.013 / 0.013         0.011 / 0.013         0.011 / 0.013         0.011 / 0.013       ms
[83.880s][info   ][gc,stats]       Young Pause: Pause Mark Start                              0.000 / 0.000         0.000 / 0.000         0.000 / 0.000         0.000 / 0.000       ms
[83.880s][info   ][gc,stats]       Young Pause: Pause Mark Start (Major)                      0.000 / 0.000         0.022 / 0.034         0.022 / 0.034         0.022 / 0.034       ms
[83.880s][info   ][gc,stats]       Young Pause: Pause Relocate Start                          0.013 / 0.013         0.008 / 0.013         0.008 / 0.013         0.008 / 0.013       ms
[83.880s][info   ][gc,stats]       Young Phase: Concurrent Mark                            7778.872 / 7778.872   2864.830 / 16007.419  2864.830 / 16007.419  2864.830 / 16007.419   ms
[83.880s][info   ][gc,stats]       Young Phase: Concurrent Mark Continue                      0.000 / 0.000         0.000 / 0.000         0.000 / 0.000         0.000 / 0.000       ms
[83.880s][info   ][gc,stats]       Young Phase: Concurrent Mark Free                          0.005 / 0.005         0.005 / 0.009         0.005 / 0.009         0.005 / 0.009       ms
[83.881s][info   ][gc,stats]       Young Phase: Concurrent Relocate                        1560.797 / 1560.797    240.278 / 1560.797    240.278 / 1560.797    240.278 / 1560.797    ms
[83.881s][info   ][gc,stats]       Young Phase: Concurrent Reset Relocation Set               1.745 / 1.745         0.257 / 1.745         0.257 / 1.745         0.257 / 1.745       ms
[83.881s][info   ][gc,stats]       Young Phase: Concurrent Select Relocation Set           1383.592 / 1383.592    209.168 / 1383.592    209.168 / 1383.592    209.168 / 1383.592    ms
[83.881s][info   ][gc,stats]    Young Subphase: Concurrent Mark Follow                     7778.468 / 7778.468   2864.103 / 16006.781  2864.103 / 16006.781  2864.103 / 16006.781   ms
[83.881s][info   ][gc,stats]    Young Subphase: Concurrent Mark Root Colored                  0.000 / 0.000         0.408 / 0.823         0.408 / 0.823         0.408 / 0.823       ms
[83.881s][info   ][gc,stats]    Young Subphase: Concurrent Mark Root Uncolored                0.000 / 0.000         0.259 / 0.320         0.259 / 0.320         0.259 / 0.320       ms
[83.881s][info   ][gc,stats]    Young Subphase: Concurrent Mark Roots                         0.000 / 0.000         0.725 / 1.187         0.725 / 1.187         0.725 / 1.187       ms
[83.881s][info   ][gc,stats]    Young Subphase: Concurrent Relocate Remset FP              1560.753 / 1560.753    239.556 / 1560.753    239.556 / 1560.753    239.556 / 1560.753    ms
[83.881s][info   ][gc,stats]    Young Subphase: Concurrent Roots ClassLoaderDataGraph         0.000 / 0.000         0.281 / 0.654         0.281 / 0.654         0.281 / 0.654       ms
[83.881s][info   ][gc,stats]    Young Subphase: Concurrent Roots CodeCache                    0.000 / 0.000         0.237 / 0.300         0.237 / 0.300         0.237 / 0.300       ms
[83.881s][info   ][gc,stats]    Young Subphase: Concurrent Roots JavaThreads                  0.002 / 0.004         0.020 / 0.309         0.020 / 0.309         0.020 / 0.309       ms
[83.881s][info   ][gc,stats]    Young Subphase: Concurrent Roots OopStorageSet                0.000 / 0.000         0.017 / 0.111         0.017 / 0.111         0.017 / 0.111       ms
[83.881s][info   ][gc,stats]    Young Subphase: Concurrent Weak Roots OopStorageSet           0.000 / 0.000         0.114 / 0.205         0.114 / 0.205         0.114 / 0.205       ms
[83.881s][info   ][gc,stats] =========================================================================================================================================================
