
=== Instance 7/8, outer iteration 241/300 (Variant none) ===

Affinity: allowed=24,25,26,27,28,29,30,31,32,33,34,35 jvm=24,25,26,27,28,29,30,31,32,33 aux=34,35
Benchmark args: 50000000
Command: /gorilla/home/fredrha/SimplifyingWeakRefs/build/variant-images/none-linux-x86_64-server-release/jdk/bin/java -Xms64g -Xmx64g -XX:+UseZGC -Xlog:gc+stats,gc+ref -XX:InitialTenuringThreshold=1 -XX:MaxTenuringThreshold=1 -XX:ZCollectionIntervalMajor=0.5 -XX:+ZCollectionIntervalOnly -XX:NativeMemoryTracking=summary /gorilla/home/fredrha/SimplifyingWeakRefs/test/weakrefs/WeakRefMultiObjectBenchmark.java 50000000

[0.004s][warning][gc] ***** WARNING! INCORRECT SYSTEM CONFIGURATION DETECTED! *****
[0.004s][warning][gc] The system limit on number of memory mappings per process might be too low for the given
[0.004s][warning][gc] max Java heap size (65536M). Please adjust /proc/sys/vm/max_map_count to allow for at
[0.004s][warning][gc] least 117964 mappings (current limit is 65530). Continuing execution with the current
[0.004s][warning][gc] limit could lead to a premature OutOfMemoryError being thrown, due to failure to map memory.
[15.518s][info   ][gc,ref] GC(0) O:                       Encountered   Discovered     Enqueued 
[15.518s][info   ][gc,ref] GC(0) O: Soft References:                0            0            0 
[15.518s][info   ][gc,ref] GC(0) O: Weak References:                0            0            0 
[15.518s][info   ][gc,ref] GC(0) O: Final References:               0            0            0 
[15.518s][info   ][gc,ref] GC(0) O: Phantom References:             0            0            0 
[16.037s][info   ][gc,ref] GC(1) O:                       Encountered   Discovered     Enqueued 
[16.037s][info   ][gc,ref] GC(1) O: Soft References:              148            0            0 
[16.037s][info   ][gc,ref] GC(1) O: Weak References:              608            0            0 
[16.037s][info   ][gc,ref] GC(1) O: Final References:               0            0            0 
[16.037s][info   ][gc,ref] GC(1) O: Phantom References:             1            0            0 
[16.552s][info   ][gc,ref] GC(2) O:                       Encountered   Discovered     Enqueued 
[16.552s][info   ][gc,ref] GC(2) O: Soft References:              148            0            0 
[16.552s][info   ][gc,ref] GC(2) O: Weak References:              608            0            0 
[16.552s][info   ][gc,ref] GC(2) O: Final References:               0            0            0 
[16.552s][info   ][gc,ref] GC(2) O: Phantom References:             1            0            0 
[17.070s][info   ][gc,ref] GC(3) O:                       Encountered   Discovered     Enqueued 
[17.070s][info   ][gc,ref] GC(3) O: Soft References:              169            0            0 
[17.070s][info   ][gc,ref] GC(3) O: Weak References:              977          475          130 
[17.070s][info   ][gc,ref] GC(3) O: Final References:               0            0            0 
[17.070s][info   ][gc,ref] GC(3) O: Phantom References:             1            1            0 
WeakRefMultiObjectBenchmark: objects=50000000 minSize=509 maxSize=1097 sleepMillis=3000
Phase 1: Allocating references and objects...
[17.626s][info   ][gc,ref] GC(4) O:                       Encountered   Discovered     Enqueued 
[17.626s][info   ][gc,ref] GC(4) O: Soft References:              239            0            0 
[17.626s][info   ][gc,ref] GC(4) O: Weak References:             1204          315            0 
[17.626s][info   ][gc,ref] GC(4) O: Final References:               0            0            0 
[17.626s][info   ][gc,ref] GC(4) O: Phantom References:             1            1            0 
[18.474s][info   ][gc,ref] GC(5) O:                       Encountered   Discovered     Enqueued 
[18.474s][info   ][gc,ref] GC(5) O: Soft References:              238            0            0 
[18.474s][info   ][gc,ref] GC(5) O: Weak References:             1204          444          102 
[18.474s][info   ][gc,ref] GC(5) O: Final References:               0            0            0 
[18.474s][info   ][gc,ref] GC(5) O: Phantom References:             1            1            0 
[19.127s][info   ][gc,ref] GC(6) O:                       Encountered   Discovered     Enqueued 
[19.127s][info   ][gc,ref] GC(6) O: Soft References:              238            0            0 
[19.127s][info   ][gc,ref] GC(6) O: Weak References:             1102          121           99 
[19.127s][info   ][gc,ref] GC(6) O: Final References:               0            0            0 
[19.127s][info   ][gc,ref] GC(6) O: Phantom References:             1            0            0 
[19.910s][info   ][gc,ref] GC(7) O:                       Encountered   Discovered     Enqueued 
[19.910s][info   ][gc,ref] GC(7) O: Soft References:              238            0            0 
[19.910s][info   ][gc,ref] GC(7) O: Weak References:           245997          688            0 
[19.910s][info   ][gc,ref] GC(7) O: Final References:               0            0            0 
[19.910s][info   ][gc,ref] GC(7) O: Phantom References:             1            1            0 
[21.320s][info   ][gc,ref] GC(8) O:                       Encountered   Discovered     Enqueued 
[21.320s][info   ][gc,ref] GC(8) O: Soft References:              238            0            0 
[21.320s][info   ][gc,ref] GC(8) O: Weak References:          1810263          664            0 
[21.320s][info   ][gc,ref] GC(8) O: Final References:               0            0            0 
[21.320s][info   ][gc,ref] GC(8) O: Phantom References:             1            1            0 
[24.154s][info   ][gc,ref] GC(9) O:                       Encountered   Discovered     Enqueued 
[24.154s][info   ][gc,ref] GC(9) O: Soft References:              238            0            0 
[24.154s][info   ][gc,ref] GC(9) O: Weak References:          4603623       104538            0 
[24.154s][info   ][gc,ref] GC(9) O: Final References:               0            0            0 
[24.154s][info   ][gc,ref] GC(9) O: Phantom References:             1            1            0 
[29.837s][info   ][gc,ref] GC(10) O:                       Encountered   Discovered     Enqueued 
[29.837s][info   ][gc,ref] GC(10) O: Soft References:              238            0            0 
[29.837s][info   ][gc,ref] GC(10) O: Weak References:         10159633       817588            0 
[29.837s][info   ][gc,ref] GC(10) O: Final References:               0            0            0 
[29.837s][info   ][gc,ref] GC(10) O: Phantom References:             1            1            0 
[41.784s][info   ][gc,ref] GC(11) O:                       Encountered   Discovered     Enqueued 
[41.784s][info   ][gc,ref] GC(11) O: Soft References:              238            0            0 
[41.784s][info   ][gc,ref] GC(11) O: Weak References:         21308225      1812178            0 
[41.784s][info   ][gc,ref] GC(11) O: Final References:               0            0            0 
[41.784s][info   ][gc,ref] GC(11) O: Phantom References:             1            1            0 
Allocated 50000000 objects in 27.84 seconds
Phase 2: Sleeping for 3000 ms...
Phase 3.1: Clearing strong references...
Cleared 10000001 strong references, 39999999 remaining
Waiting 3000 ms...
Phase 3.2: Clearing strong references...
Cleared 10000001 strong references, 29999998 remaining
Waiting 3000 ms...
Phase 3.3: Clearing strong references...
Cleared 10000001 strong references, 19999997 remaining
Waiting 3000 ms...
Phase 3.4: Clearing strong references...
Cleared 10000001 strong references, 9999996 remaining
Waiting 3000 ms...
[64.403s][info   ][gc,ref] GC(12) O:                       Encountered   Discovered     Enqueued 
[64.403s][info   ][gc,ref] GC(12) O: Soft References:              238            0            0 
[64.403s][info   ][gc,ref] GC(12) O: Weak References:         44363422      8847409            0 
[64.403s][info   ][gc,ref] GC(12) O: Final References:               0            0            0 
[64.403s][info   ][gc,ref] GC(12) O: Phantom References:             1            1            0 
Phase 3.5: Clearing strong references...
Cleared 9999996 strong references, 0 remaining
Waiting 3000 ms...
Waiting 6000 ms...
Phase 4: Final weak reference checks...
Final count of alive weak references: 50000000
[83.571s][info   ][gc,stats] === Garbage Collection Statistics =======================================================================================================================
[83.571s][info   ][gc,stats]                                                              Last 10s              Last 10m              Last 10h                Total
[83.571s][info   ][gc,stats]                                                              Avg / Max             Avg / Max             Avg / Max             Avg / Max
[83.571s][info   ][gc,stats]        Contention: Mark Segment Reset Contention                     0 / 1                 0 / 13                0 / 13                0 / 13          ops/s
[83.571s][info   ][gc,stats]        Contention: Mark SeqNum Reset Contention                      0 / 0                 0 / 5                 0 / 5                 0 / 5           ops/s
[83.571s][info   ][gc,stats]          Critical: Allocation Stall                                  0 / 0                 0 / 0                 0 / 0                 0 / 0           ops/s
[83.571s][info   ][gc,stats]          Critical: Allocation Stall                              0.000 / 0.000         0.000 / 0.000         0.000 / 0.000         0.000 / 0.000       ms
[83.571s][info   ][gc,stats]          Critical: JNI Critical Stall                                0 / 0                 0 / 0                 0 / 0                 0 / 0           ops/s
[83.571s][info   ][gc,stats]          Critical: JNI Critical Stall                            0.000 / 0.000         0.000 / 0.000         0.000 / 0.000         0.000 / 0.000       ms
[83.571s][info   ][gc,stats]          Critical: Relocation Stall                                  0 / 0                 0 / 0                 0 / 0                 0 / 0           ops/s
[83.571s][info   ][gc,stats]          Critical: Relocation Stall                              0.000 / 0.000         0.000 / 0.000         0.000 / 0.000         0.000 / 0.000       ms
[83.571s][info   ][gc,stats]  Major Collection: Major Collection                              0.000 / 0.000      3293.512 / 22117.681  3293.512 / 22117.681  3293.512 / 22117.681   ms
[83.571s][info   ][gc,stats]            Memory: Allocation Rate                                   0 / 0               667 / 1778            667 / 1778            667 / 1778        MB/s
[83.571s][info   ][gc,stats]            Memory: Defragment                                        0 / 0                 0 / 0                 0 / 0                 0 / 0           ops/s
[83.571s][info   ][gc,stats]            Memory: Mapped Cache Harvest                              0 / 0                 0 / 0                 0 / 0                 0 / 0           MB/s
[83.571s][info   ][gc,stats]            Memory: Out Of Memory                                     0 / 0                 0 / 0                 0 / 0                 0 / 0           ops/s
[83.571s][info   ][gc,stats]            Memory: Uncommit                                          0 / 0                 0 / 0                 0 / 0                 0 / 0           MB/s
[83.571s][info   ][gc,stats]            Memory: Undo Object Allocation Failed                     0 / 0                 0 / 0                 0 / 0                 0 / 0           ops/s
[83.571s][info   ][gc,stats]            Memory: Undo Object Allocation Succeeded                  0 / 0                 0 / 1                 0 / 1                 0 / 1           ops/s
[83.571s][info   ][gc,stats]            Memory: Undo Page Allocation                              0 / 0                 0 / 0                 0 / 0                 0 / 0           ops/s
[83.571s][info   ][gc,stats]  Minor Collection: Minor Collection                              0.000 / 0.000         0.000 / 0.000         0.000 / 0.000         0.000 / 0.000       ms
[83.571s][info   ][gc,stats]    Old Generation: Old Generation                                0.000 / 0.000      1048.998 / 6580.659   1048.998 / 6580.659   1048.998 / 6580.659    ms
[83.571s][info   ][gc,stats]         Old Pause: Pause Mark End                                0.000 / 0.000         0.010 / 0.014         0.010 / 0.014         0.010 / 0.014       ms
[83.571s][info   ][gc,stats]         Old Pause: Pause Relocate Start                          0.000 / 0.000         0.007 / 0.012         0.007 / 0.012         0.007 / 0.012       ms
[83.571s][info   ][gc,stats]         Old Phase: Concurrent Mark                               0.000 / 0.000       854.957 / 5356.428    854.957 / 5356.428    854.957 / 5356.428    ms
[83.571s][info   ][gc,stats]         Old Phase: Concurrent Mark Continue                      0.000 / 0.000         0.000 / 0.000         0.000 / 0.000         0.000 / 0.000       ms
[83.571s][info   ][gc,stats]         Old Phase: Concurrent Mark Free                          0.000 / 0.000         0.003 / 0.008         0.003 / 0.008         0.003 / 0.008       ms
[83.571s][info   ][gc,stats]         Old Phase: Concurrent Process Non-Strong                 0.000 / 0.000       103.156 / 875.050     103.156 / 875.050     103.156 / 875.050     ms
[83.571s][info   ][gc,stats]         Old Phase: Concurrent Relocate                           0.000 / 0.000         0.767 / 2.328         0.767 / 2.328         0.767 / 2.328       ms
[83.571s][info   ][gc,stats]         Old Phase: Concurrent Remap Roots                        0.000 / 0.000        89.403 / 382.491      89.403 / 382.491      89.403 / 382.491     ms
[83.571s][info   ][gc,stats]         Old Phase: Concurrent Reset Relocation Set               0.000 / 0.000         0.001 / 0.001         0.001 / 0.001         0.001 / 0.001       ms
[83.571s][info   ][gc,stats]         Old Phase: Concurrent Select Relocation Set              0.000 / 0.000         0.535 / 0.681         0.535 / 0.681         0.535 / 0.681       ms
[83.571s][info   ][gc,stats]      Old Subphase: Concurrent Classes Purge                      0.000 / 0.000         0.057 / 0.234         0.057 / 0.234         0.057 / 0.234       ms
[83.571s][info   ][gc,stats]      Old Subphase: Concurrent Classes Unlink                     0.000 / 0.000         1.055 / 1.422         1.055 / 1.422         1.055 / 1.422       ms
[83.571s][info   ][gc,stats]      Old Subphase: Concurrent Mark Follow                        0.000 / 0.000       854.881 / 5356.332    854.881 / 5356.332    854.881 / 5356.332    ms
[83.571s][info   ][gc,stats]      Old Subphase: Concurrent Mark Root Colored                  0.029 / 0.029         0.024 / 0.067         0.024 / 0.067         0.024 / 0.067       ms
[83.571s][info   ][gc,stats]      Old Subphase: Concurrent Mark Root Uncolored                0.052 / 0.070         0.026 / 0.070         0.026 / 0.070         0.026 / 0.070       ms
[83.571s][info   ][gc,stats]      Old Subphase: Concurrent Mark Roots                         0.117 / 0.117         0.078 / 0.117         0.078 / 0.117         0.078 / 0.117       ms
[83.571s][info   ][gc,stats]      Old Subphase: Concurrent References Enqueue                 0.000 / 0.000         0.001 / 0.005         0.001 / 0.005         0.001 / 0.005       ms
[83.571s][info   ][gc,stats]      Old Subphase: Concurrent References Process                 0.000 / 0.000       101.853 / 873.403     101.853 / 873.403     101.853 / 873.403     ms
[83.571s][info   ][gc,stats]      Old Subphase: Concurrent Remap Remembered                   0.000 / 0.000        62.972 / 382.097      62.972 / 382.097      62.972 / 382.097     ms
[83.571s][info   ][gc,stats]      Old Subphase: Concurrent Remap Roots Colored                0.000 / 0.000         0.134 / 0.294         0.134 / 0.294         0.134 / 0.294       ms
[83.571s][info   ][gc,stats]      Old Subphase: Concurrent Remap Roots Uncolored              0.000 / 0.000         0.169 / 0.253         0.169 / 0.253         0.169 / 0.253       ms
[83.571s][info   ][gc,stats]      Old Subphase: Concurrent Roots ClassLoaderDataGraph         0.023 / 0.023         0.077 / 0.281         0.077 / 0.281         0.077 / 0.281       ms
[83.571s][info   ][gc,stats]      Old Subphase: Concurrent Roots CodeCache                    0.000 / 0.000         0.167 / 0.251         0.167 / 0.251         0.167 / 0.251       ms
[83.571s][info   ][gc,stats]      Old Subphase: Concurrent Roots JavaThreads                  0.052 / 0.070         0.009 / 0.070         0.009 / 0.070         0.009 / 0.070       ms
[83.571s][info   ][gc,stats]      Old Subphase: Concurrent Roots OopStorageSet                0.005 / 0.006         0.003 / 0.011         0.003 / 0.011         0.003 / 0.011       ms
[83.571s][info   ][gc,stats]      Old Subphase: Concurrent Weak Roots OopStorageSet           0.000 / 0.000         0.048 / 0.173         0.048 / 0.173         0.048 / 0.173       ms
[83.571s][info   ][gc,stats]            System: Java Threads                                     11 / 11               11 / 12               11 / 12               11 / 12          threads
[83.571s][info   ][gc,stats]  Young Generation: Young Generation                          10521.645 / 10521.645  2835.647 / 15536.877  2835.647 / 15536.877  2835.647 / 15536.877   ms
[83.571s][info   ][gc,stats]  Young Generation: Young Generation                              0.000 / 0.000         0.000 / 0.000         0.000 / 0.000         0.000 / 0.000       ms
[83.571s][info   ][gc,stats]  Young Generation: Young Generation (Collect Roots)              0.000 / 0.000         0.000 / 0.000         0.000 / 0.000         0.000 / 0.000       ms
[83.571s][info   ][gc,stats]  Young Generation: Young Generation (Promote All)                0.000 / 0.000         0.000 / 0.000         0.000 / 0.000         0.000 / 0.000       ms
[83.571s][info   ][gc,stats]       Young Pause: Pause Mark End                                0.000 / 0.000         0.010 / 0.013         0.010 / 0.013         0.010 / 0.013       ms
[83.571s][info   ][gc,stats]       Young Pause: Pause Mark Start                              0.000 / 0.000         0.000 / 0.000         0.000 / 0.000         0.000 / 0.000       ms
[83.571s][info   ][gc,stats]       Young Pause: Pause Mark Start (Major)                      0.000 / 0.000         0.021 / 0.032         0.021 / 0.032         0.021 / 0.032       ms
[83.571s][info   ][gc,stats]       Young Pause: Pause Relocate Start                          0.012 / 0.012         0.007 / 0.012         0.007 / 0.012         0.007 / 0.012       ms
[83.571s][info   ][gc,stats]       Young Phase: Concurrent Mark                               0.000 / 0.000      2442.711 / 14217.878  2442.711 / 14217.878  2442.711 / 14217.878   ms
[83.571s][info   ][gc,stats]       Young Phase: Concurrent Mark Continue                      0.000 / 0.000         0.000 / 0.000         0.000 / 0.000         0.000 / 0.000       ms
[83.571s][info   ][gc,stats]       Young Phase: Concurrent Mark Free                          0.000 / 0.000         0.004 / 0.009         0.004 / 0.009         0.004 / 0.009       ms
[83.571s][info   ][gc,stats]       Young Phase: Concurrent Relocate                        1389.522 / 1389.522    207.076 / 1389.522    207.076 / 1389.522    207.076 / 1389.522    ms
[83.571s][info   ][gc,stats]       Young Phase: Concurrent Reset Relocation Set               0.000 / 0.000         0.222 / 1.618         0.222 / 1.618         0.222 / 1.618       ms
[83.571s][info   ][gc,stats]       Young Phase: Concurrent Select Relocation Set           1262.110 / 1262.110    185.311 / 1262.110    185.311 / 1262.110    185.311 / 1262.110    ms
[83.571s][info   ][gc,stats]    Young Subphase: Concurrent Mark Follow                        0.000 / 0.000      2441.952 / 14217.270  2441.952 / 14217.270  2441.952 / 14217.270   ms
[83.571s][info   ][gc,stats]    Young Subphase: Concurrent Mark Root Colored                  0.000 / 0.000         0.401 / 0.910         0.401 / 0.910         0.401 / 0.910       ms
[83.571s][info   ][gc,stats]    Young Subphase: Concurrent Mark Root Uncolored                0.000 / 0.000         0.276 / 0.628         0.276 / 0.628         0.276 / 0.628       ms
[83.571s][info   ][gc,stats]    Young Subphase: Concurrent Mark Roots                         0.000 / 0.000         0.757 / 1.211         0.757 / 1.211         0.757 / 1.211       ms
[83.571s][info   ][gc,stats]    Young Subphase: Concurrent Relocate Remset FP              1389.484 / 1389.484    206.327 / 1389.484    206.327 / 1389.484    206.327 / 1389.484    ms
[83.571s][info   ][gc,stats]    Young Subphase: Concurrent Roots ClassLoaderDataGraph         0.000 / 0.000         0.310 / 0.630         0.310 / 0.630         0.310 / 0.630       ms
[83.571s][info   ][gc,stats]    Young Subphase: Concurrent Roots CodeCache                    0.000 / 0.000         0.250 / 0.309         0.250 / 0.309         0.250 / 0.309       ms
[83.571s][info   ][gc,stats]    Young Subphase: Concurrent Roots JavaThreads                  0.003 / 0.003         0.025 / 0.628         0.025 / 0.628         0.025 / 0.628       ms
[83.571s][info   ][gc,stats]    Young Subphase: Concurrent Roots OopStorageSet                0.000 / 0.000         0.016 / 0.084         0.016 / 0.084         0.016 / 0.084       ms
[83.571s][info   ][gc,stats]    Young Subphase: Concurrent Weak Roots OopStorageSet           0.000 / 0.000         0.092 / 0.200         0.092 / 0.200         0.092 / 0.200       ms
[83.571s][info   ][gc,stats] =========================================================================================================================================================
