
=== Instance 5/8, outer iteration 182/300 (Variant clear_path_sep) ===

Affinity: allowed=0,1,2,3,4,5,6,7,8,9,10,11 jvm=0,1,2,3,4,5,6,7,8,9 aux=10,11
Benchmark args: 50000000
Command: /gorilla/home/fredrha/SimplifyingWeakRefs/build/variant-images/clear_path_sep-linux-x86_64-server-release/jdk/bin/java -Xms64g -Xmx64g -XX:+UseZGC -Xlog:gc+stats,gc+ref -XX:InitialTenuringThreshold=1 -XX:MaxTenuringThreshold=1 -XX:ZCollectionIntervalMajor=0.5 -XX:+ZCollectionIntervalOnly -XX:NativeMemoryTracking=summary /gorilla/home/fredrha/SimplifyingWeakRefs/test/weakrefs/WeakRefMultiObjectBenchmark.java 50000000

[0.004s][warning][gc] ***** WARNING! INCORRECT SYSTEM CONFIGURATION DETECTED! *****
[0.004s][warning][gc] The system limit on number of memory mappings per process might be too low for the given
[0.004s][warning][gc] max Java heap size (65536M). Please adjust /proc/sys/vm/max_map_count to allow for at
[0.004s][warning][gc] least 117964 mappings (current limit is 65530). Continuing execution with the current
[0.004s][warning][gc] limit could lead to a premature OutOfMemoryError being thrown, due to failure to map memory.
[0.004s][info   ][gc,ref] Reference Processor created, Config: Separate lists, optimised clear path
[15.938s][info   ][gc,ref] GC(0) O:                           Encountered       Discovered Cleared/Enqueued 
[15.938s][info   ][gc,ref] GC(0) O: Soft References:                    0                0                0 
[15.938s][info   ][gc,ref] GC(0) O: Weak References:                    0                0                0 
[15.938s][info   ][gc,ref] GC(0) O: Weak (No Queue):                    0                0                0 
[15.938s][info   ][gc,ref] GC(0) O: Final References:                   0                0                0 
[15.938s][info   ][gc,ref] GC(0) O: Phantom References:                 0                0                0 
[16.455s][info   ][gc,ref] GC(1) O:                           Encountered       Discovered Cleared/Enqueued 
[16.455s][info   ][gc,ref] GC(1) O: Soft References:                  148                0                0 
[16.455s][info   ][gc,ref] GC(1) O: Weak References:                  605                0                0 
[16.455s][info   ][gc,ref] GC(1) O: Weak (No Queue):                    3                0                0 
[16.455s][info   ][gc,ref] GC(1) O: Final References:                   0                0                0 
[16.455s][info   ][gc,ref] GC(1) O: Phantom References:                 1                0                0 
[16.970s][info   ][gc,ref] GC(2) O:                           Encountered       Discovered Cleared/Enqueued 
[16.970s][info   ][gc,ref] GC(2) O: Soft References:                  148                0                0 
[16.970s][info   ][gc,ref] GC(2) O: Weak References:                  605                0                0 
[16.970s][info   ][gc,ref] GC(2) O: Weak (No Queue):                    3                0                0 
[16.970s][info   ][gc,ref] GC(2) O: Final References:                   0                0                0 
[16.970s][info   ][gc,ref] GC(2) O: Phantom References:                 1                0                0 
WeakRefMultiObjectBenchmark: objects=50000000 minSize=509 maxSize=1097 sleepMillis=3000
[17.524s][info   ][gc,ref] GC(3) O:                           Encountered       Discovered Cleared/Enqueued 
[17.524s][info   ][gc,ref] GC(3) O: Soft References:                  238                0                0 
[17.524s][info   ][gc,ref] GC(3) O: Weak References:                 1330              472              129 
[17.524s][info   ][gc,ref] GC(3) O: Weak (No Queue):                    3                1                0 
[17.524s][info   ][gc,ref] GC(3) O: Final References:                   0                0                0 
[17.524s][info   ][gc,ref] GC(3) O: Phantom References:                 1                0                0 
Phase 1: Allocating references and objects...
[18.383s][info   ][gc,ref] GC(4) O:                           Encountered       Discovered Cleared/Enqueued 
[18.383s][info   ][gc,ref] GC(4) O: Soft References:                  239                0                0 
[18.383s][info   ][gc,ref] GC(4) O: Weak References:                 1201              306                0 
[18.383s][info   ][gc,ref] GC(4) O: Weak (No Queue):                    3                3                0 
[18.383s][info   ][gc,ref] GC(4) O: Final References:                   0                0                0 
[18.383s][info   ][gc,ref] GC(4) O: Phantom References:                 1                1                0 
[19.169s][info   ][gc,ref] GC(5) O:                           Encountered       Discovered Cleared/Enqueued 
[19.169s][info   ][gc,ref] GC(5) O: Soft References:                  238                0                0 
[19.169s][info   ][gc,ref] GC(5) O: Weak References:                 1201              951              201 
[19.169s][info   ][gc,ref] GC(5) O: Weak (No Queue):                    3                3                0 
[19.169s][info   ][gc,ref] GC(5) O: Final References:                   0                0                0 
[19.169s][info   ][gc,ref] GC(5) O: Phantom References:                 1                1                0 
[19.953s][info   ][gc,ref] GC(6) O:                           Encountered       Discovered Cleared/Enqueued 
[19.953s][info   ][gc,ref] GC(6) O: Soft References:                  238                0                0 
[19.953s][info   ][gc,ref] GC(6) O: Weak References:                 1000              854                0 
[19.953s][info   ][gc,ref] GC(6) O: Weak (No Queue):               218066                3                0 
[19.953s][info   ][gc,ref] GC(6) O: Final References:                   0                0                0 
[19.953s][info   ][gc,ref] GC(6) O: Phantom References:                 1                1                0 
[21.387s][info   ][gc,ref] GC(7) O:                           Encountered       Discovered Cleared/Enqueued 
[21.387s][info   ][gc,ref] GC(7) O: Soft References:                  238                0                0 
[21.387s][info   ][gc,ref] GC(7) O: Weak References:                 1000              764                0 
[21.387s][info   ][gc,ref] GC(7) O: Weak (No Queue):              1802543                3                0 
[21.387s][info   ][gc,ref] GC(7) O: Final References:                   0                0                0 
[21.387s][info   ][gc,ref] GC(7) O: Phantom References:                 1                1                0 
[24.193s][info   ][gc,ref] GC(8) O:                           Encountered       Discovered Cleared/Enqueued 
[24.193s][info   ][gc,ref] GC(8) O: Soft References:                  238                0                0 
[24.193s][info   ][gc,ref] GC(8) O: Weak References:                 1000              808                0 
[24.193s][info   ][gc,ref] GC(8) O: Weak (No Queue):              4633173            96932                0 
[24.193s][info   ][gc,ref] GC(8) O: Final References:                   0                0                0 
[24.193s][info   ][gc,ref] GC(8) O: Phantom References:                 1                1                0 
[30.306s][info   ][gc,ref] GC(9) O:                           Encountered       Discovered Cleared/Enqueued 
[30.306s][info   ][gc,ref] GC(9) O: Soft References:                  238                0                0 
[30.306s][info   ][gc,ref] GC(9) O: Weak References:                 1000              836                0 
[30.306s][info   ][gc,ref] GC(9) O: Weak (No Queue):             10168445           712049                0 
[30.306s][info   ][gc,ref] GC(9) O: Final References:                   0                0                0 
[30.306s][info   ][gc,ref] GC(9) O: Phantom References:                 1                1                0 
[43.102s][info   ][gc,ref] GC(10) O:                           Encountered       Discovered Cleared/Enqueued 
[43.102s][info   ][gc,ref] GC(10) O: Soft References:                  238                0                0 
[43.102s][info   ][gc,ref] GC(10) O: Weak References:                 1000              820                0 
[43.102s][info   ][gc,ref] GC(10) O: Weak (No Queue):             22217381          1722704                0 
[43.102s][info   ][gc,ref] GC(10) O: Final References:                   0                0                0 
[43.102s][info   ][gc,ref] GC(10) O: Phantom References:                 1                1                0 
Allocated 50000000 objects in 27.48 seconds
Phase 2: Sleeping for 3000 ms...
Phase 3.1: Clearing strong references...
Cleared 10000001 strong references, 39999999 remaining
Waiting 3000 ms...
Phase 3.2: Clearing strong references...
Cleared 10000001 strong references, 29999998 remaining
Waiting 3000 ms...
Phase 3.3: Clearing strong references...
Cleared 10000001 strong references, 19999997 remaining
Waiting 3000 ms...
Phase 3.4: Clearing strong references...
Cleared 10000001 strong references, 9999996 remaining
Waiting 3000 ms...
Phase 3.5: Clearing strong references...
Cleared 9999996 strong references, 0 remaining
Waiting 3000 ms...
[66.445s][info   ][gc,ref] GC(11) O:                           Encountered       Discovered Cleared/Enqueued 
[66.445s][info   ][gc,ref] GC(11) O: Soft References:                  238                0                0 
[66.445s][info   ][gc,ref] GC(11) O: Weak References:                 1000              810                0 
[66.445s][info   ][gc,ref] GC(11) O: Weak (No Queue):             47367447              275                0 
[66.445s][info   ][gc,ref] GC(11) O: Final References:                   0                0                0 
[66.445s][info   ][gc,ref] GC(11) O: Phantom References:                 1                1                0 
Waiting 6000 ms...
Phase 4: Final weak reference checks...
Final count of alive weak references: 50000000
[84.144s][info   ][gc,stats] === Garbage Collection Statistics =======================================================================================================================
[84.144s][info   ][gc,stats]                                                              Last 10s              Last 10m              Last 10h                Total
[84.144s][info   ][gc,stats]                                                              Avg / Max             Avg / Max             Avg / Max             Avg / Max
[84.144s][info   ][gc,stats]        Contention: Mark Segment Reset Contention                     0 / 1                 0 / 18                0 / 18                0 / 18          ops/s
[84.144s][info   ][gc,stats]        Contention: Mark SeqNum Reset Contention                      0 / 0                 0 / 5                 0 / 5                 0 / 5           ops/s
[84.144s][info   ][gc,stats]          Critical: Allocation Stall                                  0 / 0                 0 / 0                 0 / 0                 0 / 0           ops/s
[84.144s][info   ][gc,stats]          Critical: Allocation Stall                              0.000 / 0.000         0.000 / 0.000         0.000 / 0.000         0.000 / 0.000       ms
[84.144s][info   ][gc,stats]          Critical: JNI Critical Stall                                0 / 0                 0 / 0                 0 / 0                 0 / 0           ops/s
[84.144s][info   ][gc,stats]          Critical: JNI Critical Stall                            0.000 / 0.000         0.000 / 0.000         0.000 / 0.000         0.000 / 0.000       ms
[84.144s][info   ][gc,stats]          Critical: Relocation Stall                                  0 / 0                 0 / 0                 0 / 0                 0 / 0           ops/s
[84.144s][info   ][gc,stats]          Critical: Relocation Stall                              0.000 / 0.000         0.000 / 0.000         0.000 / 0.000         0.000 / 0.000       ms
[84.144s][info   ][gc,stats]  Major Collection: Major Collection                              0.000 / 0.000      3746.014 / 22841.233  3746.014 / 22841.233  3746.014 / 22841.233   ms
[84.144s][info   ][gc,stats]            Memory: Allocation Rate                                   0 / 0               667 / 1764            667 / 1764            667 / 1764        MB/s
[84.144s][info   ][gc,stats]            Memory: Defragment                                        0 / 0                 0 / 0                 0 / 0                 0 / 0           ops/s
[84.144s][info   ][gc,stats]            Memory: Mapped Cache Harvest                              0 / 0                 0 / 0                 0 / 0                 0 / 0           MB/s
[84.144s][info   ][gc,stats]            Memory: Out Of Memory                                     0 / 0                 0 / 0                 0 / 0                 0 / 0           ops/s
[84.144s][info   ][gc,stats]            Memory: Uncommit                                          0 / 0                 0 / 0                 0 / 0                 0 / 0           MB/s
[84.144s][info   ][gc,stats]            Memory: Undo Object Allocation Failed                     0 / 0                 0 / 0                 0 / 0                 0 / 0           ops/s
[84.144s][info   ][gc,stats]            Memory: Undo Object Allocation Succeeded                  0 / 0                 0 / 1                 0 / 1                 0 / 1           ops/s
[84.144s][info   ][gc,stats]            Memory: Undo Page Allocation                              0 / 0                 0 / 0                 0 / 0                 0 / 0           ops/s
[84.144s][info   ][gc,stats]  Minor Collection: Minor Collection                              0.000 / 0.000         0.000 / 0.000         0.000 / 0.000         0.000 / 0.000       ms
[84.144s][info   ][gc,stats]    Old Generation: Old Generation                                0.000 / 0.000      1066.574 / 5618.077   1066.574 / 5618.077   1066.574 / 5618.077    ms
[84.144s][info   ][gc,stats]         Old Pause: Pause Mark End                                0.000 / 0.000         0.012 / 0.018         0.012 / 0.018         0.012 / 0.018       ms
[84.144s][info   ][gc,stats]         Old Pause: Pause Relocate Start                          0.000 / 0.000         0.008 / 0.013         0.008 / 0.013         0.008 / 0.013       ms
[84.144s][info   ][gc,stats]         Old Phase: Concurrent Mark                               0.000 / 0.000       931.917 / 5270.691    931.917 / 5270.691    931.917 / 5270.691    ms
[84.144s][info   ][gc,stats]         Old Phase: Concurrent Mark Continue                      0.000 / 0.000         0.000 / 0.000         0.000 / 0.000         0.000 / 0.000       ms
[84.144s][info   ][gc,stats]         Old Phase: Concurrent Mark Free                          0.000 / 0.000         0.004 / 0.008         0.004 / 0.008         0.004 / 0.008       ms
[84.144s][info   ][gc,stats]         Old Phase: Concurrent Process Non-Strong                 0.000 / 0.000        40.489 / 342.208      40.489 / 342.208      40.489 / 342.208     ms
[84.144s][info   ][gc,stats]         Old Phase: Concurrent Relocate                           0.000 / 0.000         1.372 / 3.546         1.372 / 3.546         1.372 / 3.546       ms
[84.144s][info   ][gc,stats]         Old Phase: Concurrent Remap Roots                        0.000 / 0.000        92.040 / 353.945      92.040 / 353.945      92.040 / 353.945     ms
[84.144s][info   ][gc,stats]         Old Phase: Concurrent Reset Relocation Set               0.000 / 0.000         0.001 / 0.001         0.001 / 0.001         0.001 / 0.001       ms
[84.144s][info   ][gc,stats]         Old Phase: Concurrent Select Relocation Set              0.000 / 0.000         0.540 / 0.824         0.540 / 0.824         0.540 / 0.824       ms
[84.144s][info   ][gc,stats]      Old Subphase: Concurrent Classes Purge                      0.000 / 0.000         0.168 / 1.535         0.168 / 1.535         0.168 / 1.535       ms
[84.144s][info   ][gc,stats]      Old Subphase: Concurrent Classes Unlink                     0.000 / 0.000         1.048 / 1.464         1.048 / 1.464         1.048 / 1.464       ms
[84.144s][info   ][gc,stats]      Old Subphase: Concurrent Mark Follow                        0.000 / 0.000       931.840 / 5270.615    931.840 / 5270.615    931.840 / 5270.615    ms
[84.144s][info   ][gc,stats]      Old Subphase: Concurrent Mark Root Colored                  0.029 / 0.030         0.023 / 0.038         0.023 / 0.038         0.023 / 0.038       ms
[84.144s][info   ][gc,stats]      Old Subphase: Concurrent Mark Root Uncolored                0.020 / 0.021         0.022 / 0.041         0.022 / 0.041         0.022 / 0.041       ms
[84.144s][info   ][gc,stats]      Old Subphase: Concurrent Mark Roots                         0.070 / 0.070         0.075 / 0.100         0.075 / 0.100         0.075 / 0.100       ms
[84.144s][info   ][gc,stats]      Old Subphase: Concurrent References Enqueue                 0.000 / 0.000         0.001 / 0.005         0.001 / 0.005         0.001 / 0.005       ms
[84.144s][info   ][gc,stats]      Old Subphase: Concurrent References Process                 0.000 / 0.000        39.076 / 340.775      39.076 / 340.775      39.076 / 340.775     ms
[84.144s][info   ][gc,stats]      Old Subphase: Concurrent Remap Remembered                   0.000 / 0.000        58.208 / 353.629      58.208 / 353.629      58.208 / 353.629     ms
[84.144s][info   ][gc,stats]      Old Subphase: Concurrent Remap Roots Colored                0.000 / 0.000         0.128 / 0.215         0.128 / 0.215         0.128 / 0.215       ms
[84.144s][info   ][gc,stats]      Old Subphase: Concurrent Remap Roots Uncolored              0.000 / 0.000         0.165 / 0.276         0.165 / 0.276         0.165 / 0.276       ms
[84.144s][info   ][gc,stats]      Old Subphase: Concurrent Roots ClassLoaderDataGraph         0.022 / 0.022         0.075 / 0.201         0.075 / 0.201         0.075 / 0.201       ms
[84.144s][info   ][gc,stats]      Old Subphase: Concurrent Roots CodeCache                    0.000 / 0.000         0.163 / 0.273         0.163 / 0.273         0.163 / 0.273       ms
[84.144s][info   ][gc,stats]      Old Subphase: Concurrent Roots JavaThreads                  0.020 / 0.021         0.008 / 0.041         0.008 / 0.041         0.008 / 0.041       ms
[84.144s][info   ][gc,stats]      Old Subphase: Concurrent Roots OopStorageSet                0.005 / 0.007         0.003 / 0.013         0.003 / 0.013         0.003 / 0.013       ms
[84.144s][info   ][gc,stats]      Old Subphase: Concurrent Weak Roots OopStorageSet           0.000 / 0.000         0.048 / 0.181         0.048 / 0.181         0.048 / 0.181       ms
[84.144s][info   ][gc,stats]            System: Java Threads                                     11 / 11               11 / 13               11 / 13               11 / 13          threads
[84.144s][info   ][gc,stats]  Young Generation: Young Generation                           9891.418 / 9891.418   3234.105 / 17223.026  3234.105 / 17223.026  3234.105 / 17223.026   ms
[84.144s][info   ][gc,stats]  Young Generation: Young Generation                              0.000 / 0.000         0.000 / 0.000         0.000 / 0.000         0.000 / 0.000       ms
[84.144s][info   ][gc,stats]  Young Generation: Young Generation (Collect Roots)              0.000 / 0.000         0.000 / 0.000         0.000 / 0.000         0.000 / 0.000       ms
[84.144s][info   ][gc,stats]  Young Generation: Young Generation (Promote All)                0.000 / 0.000         0.000 / 0.000         0.000 / 0.000         0.000 / 0.000       ms
[84.144s][info   ][gc,stats]       Young Pause: Pause Mark End                                0.013 / 0.013         0.011 / 0.014         0.011 / 0.014         0.011 / 0.014       ms
[84.144s][info   ][gc,stats]       Young Pause: Pause Mark Start                              0.000 / 0.000         0.000 / 0.000         0.000 / 0.000         0.000 / 0.000       ms
[84.144s][info   ][gc,stats]       Young Pause: Pause Mark Start (Major)                      0.000 / 0.000         0.021 / 0.033         0.021 / 0.033         0.021 / 0.033       ms
[84.144s][info   ][gc,stats]       Young Pause: Pause Relocate Start                          0.010 / 0.010         0.007 / 0.012         0.007 / 0.012         0.007 / 0.012       ms
[84.144s][info   ][gc,stats]       Young Phase: Concurrent Mark                            6975.948 / 6975.948   2787.447 / 15841.250  2787.447 / 15841.250  2787.447 / 15841.250   ms
[84.144s][info   ][gc,stats]       Young Phase: Concurrent Mark Continue                      0.000 / 0.000         0.000 / 0.000         0.000 / 0.000         0.000 / 0.000       ms
[84.144s][info   ][gc,stats]       Young Phase: Concurrent Mark Free                          0.003 / 0.003         0.004 / 0.006         0.004 / 0.006         0.004 / 0.006       ms
[84.144s][info   ][gc,stats]       Young Phase: Concurrent Relocate                        1527.604 / 1527.604    236.021 / 1527.604    236.021 / 1527.604    236.021 / 1527.604    ms
[84.144s][info   ][gc,stats]       Young Phase: Concurrent Reset Relocation Set               1.794 / 1.794         0.250 / 1.794         0.250 / 1.794         0.250 / 1.794       ms
[84.144s][info   ][gc,stats]       Young Phase: Concurrent Select Relocation Set           1385.871 / 1385.871    210.061 / 1385.871    210.061 / 1385.871    210.061 / 1385.871    ms
[84.144s][info   ][gc,stats]    Young Subphase: Concurrent Mark Follow                     6975.585 / 6975.585   2786.750 / 15840.523  2786.750 / 15840.523  2786.750 / 15840.523   ms
[84.144s][info   ][gc,stats]    Young Subphase: Concurrent Mark Root Colored                  0.000 / 0.000         0.401 / 0.636         0.401 / 0.636         0.401 / 0.636       ms
[84.144s][info   ][gc,stats]    Young Subphase: Concurrent Mark Root Uncolored                0.000 / 0.000         0.244 / 0.431         0.244 / 0.431         0.244 / 0.431       ms
[84.144s][info   ][gc,stats]    Young Subphase: Concurrent Mark Roots                         0.000 / 0.000         0.694 / 0.935         0.694 / 0.935         0.694 / 0.935       ms
[84.144s][info   ][gc,stats]    Young Subphase: Concurrent Relocate Remset FP              1526.796 / 1526.796    235.209 / 1526.796    235.209 / 1526.796    235.209 / 1526.796    ms
[84.144s][info   ][gc,stats]    Young Subphase: Concurrent Roots ClassLoaderDataGraph         0.000 / 0.000         0.285 / 0.441         0.285 / 0.441         0.285 / 0.441       ms
[84.144s][info   ][gc,stats]    Young Subphase: Concurrent Roots CodeCache                    0.000 / 0.000         0.229 / 0.401         0.229 / 0.401         0.229 / 0.401       ms
[84.144s][info   ][gc,stats]    Young Subphase: Concurrent Roots JavaThreads                  0.002 / 0.003         0.017 / 0.223         0.017 / 0.223         0.017 / 0.223       ms
[84.144s][info   ][gc,stats]    Young Subphase: Concurrent Roots OopStorageSet                0.000 / 0.000         0.017 / 0.107         0.017 / 0.107         0.017 / 0.107       ms
[84.144s][info   ][gc,stats]    Young Subphase: Concurrent Weak Roots OopStorageSet           0.000 / 0.000         0.105 / 0.221         0.105 / 0.221         0.105 / 0.221       ms
[84.144s][info   ][gc,stats] =========================================================================================================================================================
