
=== Instance 2/8, outer iteration 68/300 (Variant clear_path_sep) ===

Affinity: allowed=12,13,14,15,16,17,18,19,20,21,22,23 jvm=12,13,14,15,16,17,18,19,20,21 aux=22,23
Benchmark args: 50000000
Command: /gorilla/home/fredrha/SimplifyingWeakRefs/build/variant-images/clear_path_sep-linux-x86_64-server-release/jdk/bin/java -Xms64g -Xmx64g -XX:+UseZGC -Xlog:gc+stats,gc+ref -XX:InitialTenuringThreshold=1 -XX:MaxTenuringThreshold=1 -XX:ZCollectionIntervalMajor=0.5 -XX:+ZCollectionIntervalOnly -XX:NativeMemoryTracking=summary /gorilla/home/fredrha/SimplifyingWeakRefs/test/weakrefs/WeakRefMultiObjectBenchmark.java 50000000

[0.004s][warning][gc] ***** WARNING! INCORRECT SYSTEM CONFIGURATION DETECTED! *****
[0.004s][warning][gc] The system limit on number of memory mappings per process might be too low for the given
[0.004s][warning][gc] max Java heap size (65536M). Please adjust /proc/sys/vm/max_map_count to allow for at
[0.004s][warning][gc] least 117964 mappings (current limit is 65530). Continuing execution with the current
[0.004s][warning][gc] limit could lead to a premature OutOfMemoryError being thrown, due to failure to map memory.
[0.004s][info   ][gc,ref] Reference Processor created, Config: Separate lists, optimised clear path
[15.369s][info   ][gc,ref] GC(0) O:                           Encountered       Discovered Cleared/Enqueued 
[15.369s][info   ][gc,ref] GC(0) O: Soft References:                    0                0                0 
[15.369s][info   ][gc,ref] GC(0) O: Weak References:                    0                0                0 
[15.369s][info   ][gc,ref] GC(0) O: Weak (No Queue):                    0                0                0 
[15.369s][info   ][gc,ref] GC(0) O: Final References:                   0                0                0 
[15.369s][info   ][gc,ref] GC(0) O: Phantom References:                 0                0                0 
[15.876s][info   ][gc,ref] GC(1) O:                           Encountered       Discovered Cleared/Enqueued 
[15.876s][info   ][gc,ref] GC(1) O: Soft References:                  148                0                0 
[15.876s][info   ][gc,ref] GC(1) O: Weak References:                  605                0                0 
[15.876s][info   ][gc,ref] GC(1) O: Weak (No Queue):                    3                0                0 
[15.876s][info   ][gc,ref] GC(1) O: Final References:                   0                0                0 
[15.876s][info   ][gc,ref] GC(1) O: Phantom References:                 1                0                0 
[16.392s][info   ][gc,ref] GC(2) O:                           Encountered       Discovered Cleared/Enqueued 
[16.392s][info   ][gc,ref] GC(2) O: Soft References:                  148                0                0 
[16.392s][info   ][gc,ref] GC(2) O: Weak References:                  605                0                0 
[16.392s][info   ][gc,ref] GC(2) O: Weak (No Queue):                    3                0                0 
[16.392s][info   ][gc,ref] GC(2) O: Final References:                   0                0                0 
[16.392s][info   ][gc,ref] GC(2) O: Phantom References:                 1                0                0 
WeakRefMultiObjectBenchmark: objects=50000000 minSize=509 maxSize=1097 sleepMillis=3000
[16.949s][info   ][gc,ref] GC(3) O:                           Encountered       Discovered Cleared/Enqueued 
[16.949s][info   ][gc,ref] GC(3) O: Soft References:                  238                0                0 
[16.949s][info   ][gc,ref] GC(3) O: Weak References:                 1330              416              129 
[16.949s][info   ][gc,ref] GC(3) O: Weak (No Queue):                    3                3                0 
[16.949s][info   ][gc,ref] GC(3) O: Final References:                   0                0                0 
[16.949s][info   ][gc,ref] GC(3) O: Phantom References:                 1                1                0 
Phase 1: Allocating references and objects...
[17.791s][info   ][gc,ref] GC(4) O:                           Encountered       Discovered Cleared/Enqueued 
[17.791s][info   ][gc,ref] GC(4) O: Soft References:                  239                0                0 
[17.791s][info   ][gc,ref] GC(4) O: Weak References:                 1201              206                0 
[17.791s][info   ][gc,ref] GC(4) O: Weak (No Queue):                    3                1                0 
[17.791s][info   ][gc,ref] GC(4) O: Final References:                   0                0                0 
[17.791s][info   ][gc,ref] GC(4) O: Phantom References:                 1                0                0 
[18.461s][info   ][gc,ref] GC(5) O:                           Encountered       Discovered Cleared/Enqueued 
[18.461s][info   ][gc,ref] GC(5) O: Soft References:                  238                0                0 
[18.461s][info   ][gc,ref] GC(5) O: Weak References:                 1201              530              201 
[18.461s][info   ][gc,ref] GC(5) O: Weak (No Queue):                    3                3                0 
[18.461s][info   ][gc,ref] GC(5) O: Final References:                   0                0                0 
[18.461s][info   ][gc,ref] GC(5) O: Phantom References:                 1                1                0 
[19.176s][info   ][gc,ref] GC(6) O:                           Encountered       Discovered Cleared/Enqueued 
[19.176s][info   ][gc,ref] GC(6) O: Soft References:                  238                0                0 
[19.176s][info   ][gc,ref] GC(6) O: Weak References:                 1000              608                0 
[19.176s][info   ][gc,ref] GC(6) O: Weak (No Queue):                12431                3                0 
[19.176s][info   ][gc,ref] GC(6) O: Final References:                   0                0                0 
[19.176s][info   ][gc,ref] GC(6) O: Phantom References:                 1                1                0 
[20.405s][info   ][gc,ref] GC(7) O:                           Encountered       Discovered Cleared/Enqueued 
[20.405s][info   ][gc,ref] GC(7) O: Soft References:                  238                0                0 
[20.405s][info   ][gc,ref] GC(7) O: Weak References:                 1000                9                0 
[20.405s][info   ][gc,ref] GC(7) O: Weak (No Queue):              1450813                1                0 
[20.405s][info   ][gc,ref] GC(7) O: Final References:                   0                0                0 
[20.406s][info   ][gc,ref] GC(7) O: Phantom References:                 1                1                0 
[22.651s][info   ][gc,ref] GC(8) O:                           Encountered       Discovered Cleared/Enqueued 
[22.651s][info   ][gc,ref] GC(8) O: Soft References:                  238                0                0 
[22.651s][info   ][gc,ref] GC(8) O: Weak References:                 1000              550                0 
[22.651s][info   ][gc,ref] GC(8) O: Weak (No Queue):              3909362             6140                0 
[22.651s][info   ][gc,ref] GC(8) O: Final References:                   0                0                0 
[22.651s][info   ][gc,ref] GC(8) O: Phantom References:                 1                1                0 
[27.194s][info   ][gc,ref] GC(9) O:                           Encountered       Discovered Cleared/Enqueued 
[27.194s][info   ][gc,ref] GC(9) O: Soft References:                  238                0                0 
[27.194s][info   ][gc,ref] GC(9) O: Weak References:                 1000              341                0 
[27.194s][info   ][gc,ref] GC(9) O: Weak (No Queue):              8360575            32105                0 
[27.194s][info   ][gc,ref] GC(9) O: Final References:                   0                0                0 
[27.194s][info   ][gc,ref] GC(9) O: Phantom References:                 1                1                0 
[38.114s][info   ][gc,ref] GC(10) O:                           Encountered       Discovered Cleared/Enqueued 
[38.114s][info   ][gc,ref] GC(10) O: Soft References:                  238                0                0 
[38.114s][info   ][gc,ref] GC(10) O: Weak References:                 1000              514                0 
[38.114s][info   ][gc,ref] GC(10) O: Weak (No Queue):             17386652          3818336                0 
[38.114s][info   ][gc,ref] GC(10) O: Final References:                   0                0                0 
[38.114s][info   ][gc,ref] GC(10) O: Phantom References:                 1                1                0 
Allocated 50000000 objects in 27.44 seconds
Phase 2: Sleeping for 3000 ms...
Phase 3.1: Clearing strong references...
Cleared 10000001 strong references, 39999999 remaining
Waiting 3000 ms...
Phase 3.2: Clearing strong references...
Cleared 10000001 strong references, 29999998 remaining
Waiting 3000 ms...
Phase 3.3: Clearing strong references...
Cleared 10000001 strong references, 19999997 remaining
Waiting 3000 ms...
[58.862s][info   ][gc,ref] GC(11) O:                           Encountered       Discovered Cleared/Enqueued 
[58.862s][info   ][gc,ref] GC(11) O: Soft References:                  238                0                0 
[58.862s][info   ][gc,ref] GC(11) O: Weak References:                 1000              364                0 
[58.862s][info   ][gc,ref] GC(11) O: Weak (No Queue):             39058377          8160633                0 
[58.862s][info   ][gc,ref] GC(11) O: Final References:                   0                0                0 
[58.862s][info   ][gc,ref] GC(11) O: Phantom References:                 1                1                0 
Phase 3.4: Clearing strong references...
Cleared 10000001 strong references, 9999996 remaining
Waiting 3000 ms...
Phase 3.5: Clearing strong references...
Cleared 9999996 strong references, 0 remaining
Waiting 3000 ms...
Waiting 6000 ms...
Phase 4: Final weak reference checks...
Final count of alive weak references: 50000000
[85.272s][info   ][gc,stats] === Garbage Collection Statistics =======================================================================================================================
[85.272s][info   ][gc,stats]                                                              Last 10s              Last 10m              Last 10h                Total
[85.272s][info   ][gc,stats]                                                              Avg / Max             Avg / Max             Avg / Max             Avg / Max
[85.272s][info   ][gc,stats]        Contention: Mark Segment Reset Contention                     0 / 0                 0 / 21                0 / 21                0 / 21          ops/s
[85.272s][info   ][gc,stats]        Contention: Mark SeqNum Reset Contention                      0 / 1                 0 / 7                 0 / 7                 0 / 7           ops/s
[85.272s][info   ][gc,stats]          Critical: Allocation Stall                                  0 / 0                 0 / 0                 0 / 0                 0 / 0           ops/s
[85.272s][info   ][gc,stats]          Critical: Allocation Stall                              0.000 / 0.000         0.000 / 0.000         0.000 / 0.000         0.000 / 0.000       ms
[85.272s][info   ][gc,stats]          Critical: JNI Critical Stall                                0 / 0                 0 / 0                 0 / 0                 0 / 0           ops/s
[85.272s][info   ][gc,stats]          Critical: JNI Critical Stall                            0.000 / 0.000         0.000 / 0.000         0.000 / 0.000         0.000 / 0.000       ms
[85.272s][info   ][gc,stats]          Critical: Relocation Stall                                  0 / 0                 0 / 0                 0 / 0                 0 / 0           ops/s
[85.272s][info   ][gc,stats]          Critical: Relocation Stall                              0.000 / 0.000         0.000 / 0.000         0.000 / 0.000         0.000 / 0.000       ms
[85.272s][info   ][gc,stats]  Major Collection: Major Collection                              0.000 / 0.000      3161.372 / 20240.275  3161.372 / 20240.275  3161.372 / 20240.275   ms
[85.272s][info   ][gc,stats]            Memory: Allocation Rate                                   0 / 2               658 / 1788            658 / 1788            658 / 1788        MB/s
[85.272s][info   ][gc,stats]            Memory: Defragment                                        0 / 0                 0 / 0                 0 / 0                 0 / 0           ops/s
[85.272s][info   ][gc,stats]            Memory: Mapped Cache Harvest                              0 / 0                 0 / 0                 0 / 0                 0 / 0           MB/s
[85.272s][info   ][gc,stats]            Memory: Out Of Memory                                     0 / 0                 0 / 0                 0 / 0                 0 / 0           ops/s
[85.272s][info   ][gc,stats]            Memory: Uncommit                                          0 / 0                 0 / 0                 0 / 0                 0 / 0           MB/s
[85.272s][info   ][gc,stats]            Memory: Undo Object Allocation Failed                     0 / 0                 0 / 0                 0 / 0                 0 / 0           ops/s
[85.272s][info   ][gc,stats]            Memory: Undo Object Allocation Succeeded                  0 / 0                 0 / 1                 0 / 1                 0 / 1           ops/s
[85.272s][info   ][gc,stats]            Memory: Undo Page Allocation                              0 / 0                 0 / 0                 0 / 0                 0 / 0           ops/s
[85.272s][info   ][gc,stats]  Minor Collection: Minor Collection                              0.000 / 0.000         0.000 / 0.000         0.000 / 0.000         0.000 / 0.000       ms
[85.272s][info   ][gc,stats]    Old Generation: Old Generation                                0.000 / 0.000      1104.103 / 6300.859   1104.103 / 6300.859   1104.103 / 6300.859    ms
[85.272s][info   ][gc,stats]         Old Pause: Pause Mark End                                0.014 / 0.014         0.011 / 0.015         0.011 / 0.015         0.011 / 0.015       ms
[85.272s][info   ][gc,stats]         Old Pause: Pause Relocate Start                          0.000 / 0.000         0.009 / 0.015         0.009 / 0.015         0.009 / 0.015       ms
[85.272s][info   ][gc,stats]         Old Phase: Concurrent Mark                            8399.735 / 8399.735   1504.316 / 8399.735   1504.316 / 8399.735   1504.316 / 8399.735    ms
[85.272s][info   ][gc,stats]         Old Phase: Concurrent Mark Continue                      0.000 / 0.000         0.000 / 0.000         0.000 / 0.000         0.000 / 0.000       ms
[85.272s][info   ][gc,stats]         Old Phase: Concurrent Mark Free                          0.005 / 0.005         0.003 / 0.007         0.003 / 0.007         0.003 / 0.007       ms
[85.272s][info   ][gc,stats]         Old Phase: Concurrent Process Non-Strong                 0.000 / 0.000        87.955 / 734.135      87.955 / 734.135      87.955 / 734.135     ms
[85.272s][info   ][gc,stats]         Old Phase: Concurrent Relocate                           0.000 / 0.000         1.079 / 3.923         1.079 / 3.923         1.079 / 3.923       ms
[85.272s][info   ][gc,stats]         Old Phase: Concurrent Remap Roots                        0.000 / 0.000        84.650 / 362.369      84.650 / 362.369      84.650 / 362.369     ms
[85.272s][info   ][gc,stats]         Old Phase: Concurrent Reset Relocation Set               0.000 / 0.000         0.001 / 0.001         0.001 / 0.001         0.001 / 0.001       ms
[85.272s][info   ][gc,stats]         Old Phase: Concurrent Select Relocation Set              0.000 / 0.000         0.522 / 0.774         0.522 / 0.774         0.522 / 0.774       ms
[85.272s][info   ][gc,stats]      Old Subphase: Concurrent Classes Purge                      0.000 / 0.000         0.209 / 1.999         0.209 / 1.999         0.209 / 1.999       ms
[85.272s][info   ][gc,stats]      Old Subphase: Concurrent Classes Unlink                     0.000 / 0.000         1.096 / 1.439         1.096 / 1.439         1.096 / 1.439       ms
[85.272s][info   ][gc,stats]      Old Subphase: Concurrent Mark Follow                     8399.582 / 8399.582   1504.229 / 8399.582   1504.229 / 8399.582   1504.229 / 8399.582    ms
[85.272s][info   ][gc,stats]      Old Subphase: Concurrent Mark Root Colored                  0.033 / 0.036         0.022 / 0.048         0.022 / 0.048         0.022 / 0.048       ms
[85.272s][info   ][gc,stats]      Old Subphase: Concurrent Mark Root Uncolored                0.055 / 0.075         0.030 / 0.090         0.030 / 0.090         0.030 / 0.090       ms
[85.272s][info   ][gc,stats]      Old Subphase: Concurrent Mark Roots                         0.150 / 0.150         0.085 / 0.150         0.085 / 0.150         0.085 / 0.150       ms
[85.272s][info   ][gc,stats]      Old Subphase: Concurrent References Enqueue                 0.000 / 0.000         0.001 / 0.005         0.001 / 0.005         0.001 / 0.005       ms
[85.272s][info   ][gc,stats]      Old Subphase: Concurrent References Process                 0.000 / 0.000        86.465 / 730.415      86.465 / 730.415      86.465 / 730.415     ms
[85.272s][info   ][gc,stats]      Old Subphase: Concurrent Remap Remembered                   0.000 / 0.000        63.222 / 362.004      63.222 / 362.004      63.222 / 362.004     ms
[85.272s][info   ][gc,stats]      Old Subphase: Concurrent Remap Roots Colored                0.000 / 0.000         0.141 / 0.311         0.141 / 0.311         0.141 / 0.311       ms
[85.272s][info   ][gc,stats]      Old Subphase: Concurrent Remap Roots Uncolored              0.000 / 0.000         0.169 / 0.257         0.169 / 0.257         0.169 / 0.257       ms
[85.272s][info   ][gc,stats]      Old Subphase: Concurrent Roots ClassLoaderDataGraph         0.024 / 0.025         0.082 / 0.299         0.082 / 0.299         0.082 / 0.299       ms
[85.272s][info   ][gc,stats]      Old Subphase: Concurrent Roots CodeCache                    0.000 / 0.000         0.167 / 0.256         0.167 / 0.256         0.167 / 0.256       ms
[85.272s][info   ][gc,stats]      Old Subphase: Concurrent Roots JavaThreads                  0.055 / 0.075         0.010 / 0.090         0.010 / 0.090         0.010 / 0.090       ms
[85.272s][info   ][gc,stats]      Old Subphase: Concurrent Roots OopStorageSet                0.008 / 0.009         0.003 / 0.013         0.003 / 0.013         0.003 / 0.013       ms
[85.272s][info   ][gc,stats]      Old Subphase: Concurrent Weak Roots OopStorageSet           0.000 / 0.000         0.049 / 0.177         0.049 / 0.177         0.049 / 0.177       ms
[85.272s][info   ][gc,stats]            System: Java Threads                                     11 / 11               11 / 13               11 / 13               11 / 13          threads
[85.272s][info   ][gc,stats]  Young Generation: Young Generation                          15845.564 / 15845.564  3117.796 / 15845.564  3117.796 / 15845.564  3117.796 / 15845.564   ms
[85.272s][info   ][gc,stats]  Young Generation: Young Generation                              0.000 / 0.000         0.000 / 0.000         0.000 / 0.000         0.000 / 0.000       ms
[85.272s][info   ][gc,stats]  Young Generation: Young Generation (Collect Roots)              0.000 / 0.000         0.000 / 0.000         0.000 / 0.000         0.000 / 0.000       ms
[85.272s][info   ][gc,stats]  Young Generation: Young Generation (Promote All)                0.000 / 0.000         0.000 / 0.000         0.000 / 0.000         0.000 / 0.000       ms
[85.272s][info   ][gc,stats]       Young Pause: Pause Mark End                                0.000 / 0.000         0.011 / 0.014         0.011 / 0.014         0.011 / 0.014       ms
[85.272s][info   ][gc,stats]       Young Pause: Pause Mark Start                              0.000 / 0.000         0.000 / 0.000         0.000 / 0.000         0.000 / 0.000       ms
[85.272s][info   ][gc,stats]       Young Pause: Pause Mark Start (Major)                      0.000 / 0.000         0.036 / 0.159         0.036 / 0.159         0.036 / 0.159       ms
[85.272s][info   ][gc,stats]       Young Pause: Pause Relocate Start                          0.000 / 0.000         0.007 / 0.013         0.007 / 0.013         0.007 / 0.013       ms
[85.272s][info   ][gc,stats]       Young Phase: Concurrent Mark                               0.000 / 0.000      2747.764 / 13398.875  2747.764 / 13398.875  2747.764 / 13398.875   ms
[85.272s][info   ][gc,stats]       Young Phase: Concurrent Mark Continue                      0.000 / 0.000         0.000 / 0.000         0.000 / 0.000         0.000 / 0.000       ms
[85.272s][info   ][gc,stats]       Young Phase: Concurrent Mark Free                          0.000 / 0.000         0.004 / 0.007         0.004 / 0.007         0.004 / 0.007       ms
[85.272s][info   ][gc,stats]       Young Phase: Concurrent Relocate                        1279.499 / 1279.499    194.081 / 1279.499    194.081 / 1279.499    194.081 / 1279.499    ms
[85.272s][info   ][gc,stats]       Young Phase: Concurrent Reset Relocation Set               0.000 / 0.000         1.732 / 17.256        1.732 / 17.256        1.732 / 17.256      ms
[85.272s][info   ][gc,stats]       Young Phase: Concurrent Select Relocation Set              0.000 / 0.000       173.818 / 1149.694    173.818 / 1149.694    173.818 / 1149.694    ms
[85.272s][info   ][gc,stats]    Young Subphase: Concurrent Mark Follow                        0.000 / 0.000      2747.088 / 13398.470  2747.088 / 13398.470  2747.088 / 13398.470   ms
[85.272s][info   ][gc,stats]    Young Subphase: Concurrent Mark Root Colored                  0.000 / 0.000         0.380 / 0.642         0.380 / 0.642         0.380 / 0.642       ms
[85.272s][info   ][gc,stats]    Young Subphase: Concurrent Mark Root Uncolored                0.000 / 0.000         0.238 / 0.462         0.238 / 0.462         0.238 / 0.462       ms
[85.272s][info   ][gc,stats]    Young Subphase: Concurrent Mark Roots                         0.000 / 0.000         0.674 / 0.944         0.674 / 0.944         0.674 / 0.944       ms
[85.272s][info   ][gc,stats]    Young Subphase: Concurrent Relocate Remset FP              1279.456 / 1279.456    193.487 / 1279.456    193.487 / 1279.456    193.487 / 1279.456    ms
[85.272s][info   ][gc,stats]    Young Subphase: Concurrent Roots ClassLoaderDataGraph         0.000 / 0.000         0.278 / 0.444         0.278 / 0.444         0.278 / 0.444       ms
[85.272s][info   ][gc,stats]    Young Subphase: Concurrent Roots CodeCache                    0.000 / 0.000         0.215 / 0.432         0.215 / 0.432         0.215 / 0.432       ms
[85.272s][info   ][gc,stats]    Young Subphase: Concurrent Roots JavaThreads                  0.000 / 0.000         0.018 / 0.290         0.018 / 0.290         0.018 / 0.290       ms
[85.272s][info   ][gc,stats]    Young Subphase: Concurrent Roots OopStorageSet                0.000 / 0.000         0.015 / 0.097         0.015 / 0.097         0.015 / 0.097       ms
[85.272s][info   ][gc,stats]    Young Subphase: Concurrent Weak Roots OopStorageSet           0.000 / 0.000         0.096 / 0.204         0.096 / 0.204         0.096 / 0.204       ms
[85.272s][info   ][gc,stats] =========================================================================================================================================================
