
=== Instance 7/8, outer iteration 247/300 (Variant all) ===

Affinity: allowed=24,25,26,27,28,29,30,31,32,33,34,35 jvm=24,25,26,27,28,29,30,31,32,33 aux=34,35
Benchmark args: 50000000
Command: /gorilla/home/fredrha/SimplifyingWeakRefs/build/variant-images/all-linux-x86_64-server-release/jdk/bin/java -Xms64g -Xmx64g -XX:+UseZGC -Xlog:gc+stats,gc+ref -XX:InitialTenuringThreshold=1 -XX:MaxTenuringThreshold=1 -XX:ZCollectionIntervalMajor=0.5 -XX:+ZCollectionIntervalOnly -XX:NativeMemoryTracking=summary /gorilla/home/fredrha/SimplifyingWeakRefs/test/weakrefs/WeakRefMultiObjectBenchmark.java 50000000

[0.004s][warning][gc] ***** WARNING! INCORRECT SYSTEM CONFIGURATION DETECTED! *****
[0.004s][warning][gc] The system limit on number of memory mappings per process might be too low for the given
[0.004s][warning][gc] max Java heap size (65536M). Please adjust /proc/sys/vm/max_map_count to allow for at
[0.004s][warning][gc] least 117964 mappings (current limit is 65530). Continuing execution with the current
[0.004s][warning][gc] limit could lead to a premature OutOfMemoryError being thrown, due to failure to map memory.
[0.004s][info   ][gc,ref] Reference Processor created, Config: All optimisations
[15.526s][info   ][gc,ref] GC(0) O:                           Encountered       Discovered Cleared/Enqueued 
[15.526s][info   ][gc,ref] GC(0) O: Soft References:                    0                0                0 
[15.526s][info   ][gc,ref] GC(0) O: Weak References:                    0                0                0 
[15.526s][info   ][gc,ref] GC(0) O: Weak (No Queue):                    0                0                0 
[15.526s][info   ][gc,ref] GC(0) O: Final References:                   0                0                0 
[15.526s][info   ][gc,ref] GC(0) O: Phantom References:                 0                0                0 
[16.034s][info   ][gc,ref] GC(1) O:                           Encountered       Discovered Cleared/Enqueued 
[16.034s][info   ][gc,ref] GC(1) O: Soft References:                  148                0                0 
[16.034s][info   ][gc,ref] GC(1) O: Weak References:                  605                0                0 
[16.034s][info   ][gc,ref] GC(1) O: Weak (No Queue):                    3                0                0 
[16.034s][info   ][gc,ref] GC(1) O: Final References:                   0                0                0 
[16.034s][info   ][gc,ref] GC(1) O: Phantom References:                 1                0                0 
[16.551s][info   ][gc,ref] GC(2) O:                           Encountered       Discovered Cleared/Enqueued 
[16.551s][info   ][gc,ref] GC(2) O: Soft References:                  148                0                0 
[16.551s][info   ][gc,ref] GC(2) O: Weak References:                  605                0                0 
[16.551s][info   ][gc,ref] GC(2) O: Weak (No Queue):                    3                0                0 
[16.551s][info   ][gc,ref] GC(2) O: Final References:                   0                0                0 
[16.551s][info   ][gc,ref] GC(2) O: Phantom References:                 1                0                0 
WeakRefMultiObjectBenchmark: objects=50000000 minSize=509 maxSize=1097 sleepMillis=3000
[17.105s][info   ][gc,ref] GC(3) O:                           Encountered       Discovered Cleared/Enqueued 
[17.105s][info   ][gc,ref] GC(3) O: Soft References:                  238                0                0 
[17.105s][info   ][gc,ref] GC(3) O: Weak References:                 1330              457              129 
[17.105s][info   ][gc,ref] GC(3) O: Weak (No Queue):                    3                3                0 
[17.105s][info   ][gc,ref] GC(3) O: Final References:                   0                0                0 
[17.105s][info   ][gc,ref] GC(3) O: Phantom References:                 1                1                0 
Phase 1: Allocating references and objects...
[17.958s][info   ][gc,ref] GC(4) O:                           Encountered       Discovered Cleared/Enqueued 
[17.958s][info   ][gc,ref] GC(4) O: Soft References:                  239                0                0 
[17.959s][info   ][gc,ref] GC(4) O: Weak References:                 1201              277                0 
[17.959s][info   ][gc,ref] GC(4) O: Weak (No Queue):                    3                3                0 
[17.959s][info   ][gc,ref] GC(4) O: Final References:                   0                0                0 
[17.959s][info   ][gc,ref] GC(4) O: Phantom References:                 1                1                0 
[18.624s][info   ][gc,ref] GC(5) O:                           Encountered       Discovered Cleared/Enqueued 
[18.624s][info   ][gc,ref] GC(5) O: Soft References:                  238                0                0 
[18.624s][info   ][gc,ref] GC(5) O: Weak References:                 1201              657              201 
[18.624s][info   ][gc,ref] GC(5) O: Weak (No Queue):                    3                0                0 
[18.624s][info   ][gc,ref] GC(5) O: Final References:                   0                0                0 
[18.624s][info   ][gc,ref] GC(5) O: Phantom References:                 1                1                0 
[19.303s][info   ][gc,ref] GC(6) O:                           Encountered       Discovered Cleared/Enqueued 
[19.303s][info   ][gc,ref] GC(6) O: Soft References:                  238                0                0 
[19.303s][info   ][gc,ref] GC(6) O: Weak References:                 1000                1                0 
[19.303s][info   ][gc,ref] GC(6) O: Weak (No Queue):                    3                0                0 
[19.303s][info   ][gc,ref] GC(6) O: Final References:                   0                0                0 
[19.303s][info   ][gc,ref] GC(6) O: Phantom References:                 1                1                0 
[20.492s][info   ][gc,ref] GC(7) O:                           Encountered       Discovered Cleared/Enqueued 
[20.492s][info   ][gc,ref] GC(7) O: Soft References:                  238                0                0 
[20.492s][info   ][gc,ref] GC(7) O: Weak References:                 1000              247                0 
[20.492s][info   ][gc,ref] GC(7) O: Weak (No Queue):              1245756                3                0 
[20.492s][info   ][gc,ref] GC(7) O: Final References:                   0                0                0 
[20.492s][info   ][gc,ref] GC(7) O: Phantom References:                 1                1                0 
[22.765s][info   ][gc,ref] GC(8) O:                           Encountered       Discovered Cleared/Enqueued 
[22.765s][info   ][gc,ref] GC(8) O: Soft References:                  238                0                0 
[22.765s][info   ][gc,ref] GC(8) O: Weak References:                 1000              487                0 
[22.765s][info   ][gc,ref] GC(8) O: Weak (No Queue):              3660107                3                0 
[22.765s][info   ][gc,ref] GC(8) O: Final References:                   0                0                0 
[22.765s][info   ][gc,ref] GC(8) O: Phantom References:                 1                1                0 
[27.602s][info   ][gc,ref] GC(9) O:                           Encountered       Discovered Cleared/Enqueued 
[27.602s][info   ][gc,ref] GC(9) O: Soft References:                  238                0                0 
[27.602s][info   ][gc,ref] GC(9) O: Weak References:                 1000              744                0 
[27.602s][info   ][gc,ref] GC(9) O: Weak (No Queue):              8202541           477840                0 
[27.602s][info   ][gc,ref] GC(9) O: Final References:                   0                0                0 
[27.602s][info   ][gc,ref] GC(9) O: Phantom References:                 1                1                0 
[37.900s][info   ][gc,ref] GC(10) O:                           Encountered       Discovered Cleared/Enqueued 
[37.900s][info   ][gc,ref] GC(10) O: Soft References:                  238                0                0 
[37.900s][info   ][gc,ref] GC(10) O: Weak References:                 1000              283                0 
[37.900s][info   ][gc,ref] GC(10) O: Weak (No Queue):             17850332          1392490                0 
[37.900s][info   ][gc,ref] GC(10) O: Final References:                   0                0                0 
[37.900s][info   ][gc,ref] GC(10) O: Phantom References:                 1                1                0 
Allocated 50000000 objects in 27.23 seconds
Phase 2: Sleeping for 3000 ms...
Phase 3.1: Clearing strong references...
Cleared 10000001 strong references, 39999999 remaining
Waiting 3000 ms...
Phase 3.2: Clearing strong references...
Cleared 10000001 strong references, 29999998 remaining
Waiting 3000 ms...
Phase 3.3: Clearing strong references...
Cleared 10000001 strong references, 19999997 remaining
Waiting 3000 ms...
[57.522s][info   ][gc,ref] GC(11) O:                           Encountered       Discovered Cleared/Enqueued 
[57.522s][info   ][gc,ref] GC(11) O: Soft References:                  238                0                0 
[57.522s][info   ][gc,ref] GC(11) O: Weak References:                 1000              175                0 
[57.522s][info   ][gc,ref] GC(11) O: Weak (No Queue):             38519280          1598442                0 
[57.522s][info   ][gc,ref] GC(11) O: Final References:                   0                0                0 
[57.522s][info   ][gc,ref] GC(11) O: Phantom References:                 1                1                0 
Phase 3.4: Clearing strong references...
Cleared 10000001 strong references, 9999996 remaining
Waiting 3000 ms...
Phase 3.5: Clearing strong references...
Cleared 9999996 strong references, 0 remaining
Waiting 3000 ms...
Waiting 6000 ms...
Phase 4: Final weak reference checks...
Final count of alive weak references: 50000000
[83.206s][info   ][gc,stats] === Garbage Collection Statistics =======================================================================================================================
[83.206s][info   ][gc,stats]                                                              Last 10s              Last 10m              Last 10h                Total
[83.206s][info   ][gc,stats]                                                              Avg / Max             Avg / Max             Avg / Max             Avg / Max
[83.206s][info   ][gc,stats]        Contention: Mark Segment Reset Contention                     0 / 1                 0 / 23                0 / 23                0 / 23          ops/s
[83.206s][info   ][gc,stats]        Contention: Mark SeqNum Reset Contention                      0 / 1                 0 / 3                 0 / 3                 0 / 3           ops/s
[83.206s][info   ][gc,stats]          Critical: Allocation Stall                                  0 / 0                 0 / 0                 0 / 0                 0 / 0           ops/s
[83.206s][info   ][gc,stats]          Critical: Allocation Stall                              0.000 / 0.000         0.000 / 0.000         0.000 / 0.000         0.000 / 0.000       ms
[83.206s][info   ][gc,stats]          Critical: JNI Critical Stall                                0 / 0                 0 / 0                 0 / 0                 0 / 0           ops/s
[83.206s][info   ][gc,stats]          Critical: JNI Critical Stall                            0.000 / 0.000         0.000 / 0.000         0.000 / 0.000         0.000 / 0.000       ms
[83.206s][info   ][gc,stats]          Critical: Relocation Stall                                  0 / 0                 0 / 0                 0 / 0                 0 / 0           ops/s
[83.206s][info   ][gc,stats]          Critical: Relocation Stall                              0.000 / 0.000         0.000 / 0.000         0.000 / 0.000         0.000 / 0.000       ms
[83.206s][info   ][gc,stats]  Major Collection: Major Collection                              0.000 / 0.000      3037.039 / 19116.143  3037.039 / 19116.143  3037.039 / 19116.143   ms
[83.206s][info   ][gc,stats]            Memory: Allocation Rate                                   0 / 0               677 / 1790            677 / 1790            677 / 1790        MB/s
[83.206s][info   ][gc,stats]            Memory: Defragment                                        0 / 0                 0 / 0                 0 / 0                 0 / 0           ops/s
[83.206s][info   ][gc,stats]            Memory: Mapped Cache Harvest                              0 / 0                 0 / 0                 0 / 0                 0 / 0           MB/s
[83.206s][info   ][gc,stats]            Memory: Out Of Memory                                     0 / 0                 0 / 0                 0 / 0                 0 / 0           ops/s
[83.206s][info   ][gc,stats]            Memory: Uncommit                                          0 / 0                 0 / 0                 0 / 0                 0 / 0           MB/s
[83.206s][info   ][gc,stats]            Memory: Undo Object Allocation Failed                     0 / 0                 0 / 0                 0 / 0                 0 / 0           ops/s
[83.206s][info   ][gc,stats]            Memory: Undo Object Allocation Succeeded                  0 / 0                 0 / 1                 0 / 1                 0 / 1           ops/s
[83.206s][info   ][gc,stats]            Memory: Undo Page Allocation                              0 / 0                 0 / 0                 0 / 0                 0 / 0           ops/s
[83.206s][info   ][gc,stats]  Minor Collection: Minor Collection                              0.000 / 0.000         0.000 / 0.000         0.000 / 0.000         0.000 / 0.000       ms
[83.206s][info   ][gc,stats]    Old Generation: Old Generation                                0.000 / 0.000       870.525 / 4882.630    870.525 / 4882.630    870.525 / 4882.630    ms
[83.206s][info   ][gc,stats]         Old Pause: Pause Mark End                                0.000 / 0.000         0.010 / 0.014         0.010 / 0.014         0.010 / 0.014       ms
[83.206s][info   ][gc,stats]         Old Pause: Pause Relocate Start                          0.000 / 0.000         0.007 / 0.011         0.007 / 0.011         0.007 / 0.011       ms
[83.206s][info   ][gc,stats]         Old Phase: Concurrent Mark                               0.000 / 0.000       767.429 / 4487.318    767.429 / 4487.318    767.429 / 4487.318    ms
[83.206s][info   ][gc,stats]         Old Phase: Concurrent Mark Continue                      0.000 / 0.000         0.000 / 0.000         0.000 / 0.000         0.000 / 0.000       ms
[83.206s][info   ][gc,stats]         Old Phase: Concurrent Mark Free                          0.000 / 0.000         0.004 / 0.007         0.004 / 0.007         0.004 / 0.007       ms
[83.206s][info   ][gc,stats]         Old Phase: Concurrent Process Non-Strong                 0.000 / 0.000        18.291 / 103.627      18.291 / 103.627      18.291 / 103.627     ms
[83.206s][info   ][gc,stats]         Old Phase: Concurrent Relocate                           0.000 / 0.000         1.330 / 3.083         1.330 / 3.083         1.330 / 3.083       ms
[83.206s][info   ][gc,stats]         Old Phase: Concurrent Remap Roots                        0.000 / 0.000        82.722 / 340.987      82.722 / 340.987      82.722 / 340.987     ms
[83.206s][info   ][gc,stats]         Old Phase: Concurrent Reset Relocation Set               0.000 / 0.000         0.001 / 0.002         0.001 / 0.002         0.001 / 0.002       ms
[83.206s][info   ][gc,stats]         Old Phase: Concurrent Select Relocation Set              0.000 / 0.000         0.541 / 0.759         0.541 / 0.759         0.541 / 0.759       ms
[83.206s][info   ][gc,stats]      Old Subphase: Concurrent Classes Purge                      0.000 / 0.000         0.230 / 2.265         0.230 / 2.265         0.230 / 2.265       ms
[83.206s][info   ][gc,stats]      Old Subphase: Concurrent Classes Unlink                     0.000 / 0.000         1.077 / 1.468         1.077 / 1.468         1.077 / 1.468       ms
[83.206s][info   ][gc,stats]      Old Subphase: Concurrent Mark Follow                        0.000 / 0.000       767.343 / 4487.229    767.343 / 4487.229    767.343 / 4487.229    ms
[83.206s][info   ][gc,stats]      Old Subphase: Concurrent Mark Root Colored                  0.037 / 0.040         0.024 / 0.052         0.024 / 0.052         0.024 / 0.052       ms
[83.206s][info   ][gc,stats]      Old Subphase: Concurrent Mark Root Uncolored                0.051 / 0.071         0.027 / 0.071         0.027 / 0.071         0.027 / 0.071       ms
[83.206s][info   ][gc,stats]      Old Subphase: Concurrent Mark Roots                         0.137 / 0.137         0.089 / 0.137         0.089 / 0.137         0.089 / 0.137       ms
[83.206s][info   ][gc,stats]      Old Subphase: Concurrent References Enqueue                 0.000 / 0.000         0.001 / 0.004         0.001 / 0.004         0.001 / 0.004       ms
[83.206s][info   ][gc,stats]      Old Subphase: Concurrent References Process                 0.000 / 0.000        16.788 / 102.202      16.788 / 102.202      16.788 / 102.202     ms
[83.206s][info   ][gc,stats]      Old Subphase: Concurrent Remap Remembered                   0.000 / 0.000        57.208 / 340.640      57.208 / 340.640      57.208 / 340.640     ms
[83.206s][info   ][gc,stats]      Old Subphase: Concurrent Remap Roots Colored                0.000 / 0.000         0.130 / 0.277         0.130 / 0.277         0.130 / 0.277       ms
[83.206s][info   ][gc,stats]      Old Subphase: Concurrent Remap Roots Uncolored              0.000 / 0.000         0.165 / 0.300         0.165 / 0.300         0.165 / 0.300       ms
[83.206s][info   ][gc,stats]      Old Subphase: Concurrent Roots ClassLoaderDataGraph         0.031 / 0.033         0.077 / 0.263         0.077 / 0.263         0.077 / 0.263       ms
[83.206s][info   ][gc,stats]      Old Subphase: Concurrent Roots CodeCache                    0.000 / 0.000         0.163 / 0.298         0.163 / 0.298         0.163 / 0.298       ms
[83.206s][info   ][gc,stats]      Old Subphase: Concurrent Roots JavaThreads                  0.051 / 0.071         0.009 / 0.071         0.009 / 0.071         0.009 / 0.071       ms
[83.206s][info   ][gc,stats]      Old Subphase: Concurrent Roots OopStorageSet                0.009 / 0.009         0.004 / 0.010         0.004 / 0.010         0.004 / 0.010       ms
[83.206s][info   ][gc,stats]      Old Subphase: Concurrent Weak Roots OopStorageSet           0.000 / 0.000         0.052 / 0.205         0.052 / 0.205         0.052 / 0.205       ms
[83.206s][info   ][gc,stats]            System: Java Threads                                      0 / 0                11 / 13               11 / 13               11 / 13          threads
[83.206s][info   ][gc,stats]  Young Generation: Young Generation                          15409.955 / 15409.955  3185.152 / 15409.955  3185.152 / 15409.955  3185.152 / 15409.955   ms
[83.206s][info   ][gc,stats]  Young Generation: Young Generation                              0.000 / 0.000         0.000 / 0.000         0.000 / 0.000         0.000 / 0.000       ms
[83.206s][info   ][gc,stats]  Young Generation: Young Generation (Collect Roots)              0.000 / 0.000         0.000 / 0.000         0.000 / 0.000         0.000 / 0.000       ms
[83.206s][info   ][gc,stats]  Young Generation: Young Generation (Promote All)                0.000 / 0.000         0.000 / 0.000         0.000 / 0.000         0.000 / 0.000       ms
[83.207s][info   ][gc,stats]       Young Pause: Pause Mark End                                0.000 / 0.000         0.010 / 0.013         0.010 / 0.013         0.010 / 0.013       ms
[83.207s][info   ][gc,stats]       Young Pause: Pause Mark Start                              0.000 / 0.000         0.000 / 0.000         0.000 / 0.000         0.000 / 0.000       ms
[83.207s][info   ][gc,stats]       Young Pause: Pause Mark Start (Major)                      0.000 / 0.000         0.021 / 0.033         0.021 / 0.033         0.021 / 0.033       ms
[83.207s][info   ][gc,stats]       Young Pause: Pause Relocate Start                          0.000 / 0.000         0.007 / 0.013         0.007 / 0.013         0.007 / 0.013       ms
[83.207s][info   ][gc,stats]       Young Phase: Concurrent Mark                               0.000 / 0.000      2817.447 / 13131.813  2817.447 / 13131.813  2817.447 / 13131.813   ms
[83.207s][info   ][gc,stats]       Young Phase: Concurrent Mark Continue                      0.000 / 0.000         0.000 / 0.000         0.000 / 0.000         0.000 / 0.000       ms
[83.207s][info   ][gc,stats]       Young Phase: Concurrent Mark Free                          0.000 / 0.000         0.004 / 0.009         0.004 / 0.009         0.004 / 0.009       ms
[83.207s][info   ][gc,stats]       Young Phase: Concurrent Relocate                        1262.194 / 1262.194    195.521 / 1262.194    195.521 / 1262.194    195.521 / 1262.194    ms
[83.207s][info   ][gc,stats]       Young Phase: Concurrent Reset Relocation Set               0.000 / 0.000         0.406 / 2.779         0.406 / 2.779         0.406 / 2.779       ms
[83.207s][info   ][gc,stats]       Young Phase: Concurrent Select Relocation Set              0.000 / 0.000       171.440 / 1125.795    171.440 / 1125.795    171.440 / 1125.795    ms
[83.207s][info   ][gc,stats]    Young Subphase: Concurrent Mark Follow                        0.000 / 0.000      2816.674 / 13131.010  2816.674 / 13131.010  2816.674 / 13131.010   ms
[83.207s][info   ][gc,stats]    Young Subphase: Concurrent Mark Root Colored                  0.000 / 0.000         0.469 / 0.913         0.469 / 0.913         0.469 / 0.913       ms
[83.207s][info   ][gc,stats]    Young Subphase: Concurrent Mark Root Uncolored                0.000 / 0.000         0.246 / 0.304         0.246 / 0.304         0.246 / 0.304       ms
[83.207s][info   ][gc,stats]    Young Subphase: Concurrent Mark Roots                         0.000 / 0.000         0.771 / 1.235         0.771 / 1.235         0.771 / 1.235       ms
[83.207s][info   ][gc,stats]    Young Subphase: Concurrent Relocate Remset FP              1262.016 / 1262.016    194.883 / 1262.016    194.883 / 1262.016    194.883 / 1262.016    ms
[83.207s][info   ][gc,stats]    Young Subphase: Concurrent Roots ClassLoaderDataGraph         0.000 / 0.000         0.343 / 0.643         0.343 / 0.643         0.343 / 0.643       ms
[83.207s][info   ][gc,stats]    Young Subphase: Concurrent Roots CodeCache                    0.000 / 0.000         0.226 / 0.287         0.226 / 0.287         0.226 / 0.287       ms
[83.207s][info   ][gc,stats]    Young Subphase: Concurrent Roots JavaThreads                  0.000 / 0.000         0.017 / 0.284         0.017 / 0.284         0.017 / 0.284       ms
[83.207s][info   ][gc,stats]    Young Subphase: Concurrent Roots OopStorageSet                0.000 / 0.000         0.016 / 0.088         0.016 / 0.088         0.016 / 0.088       ms
[83.207s][info   ][gc,stats]    Young Subphase: Concurrent Weak Roots OopStorageSet           0.000 / 0.000         0.114 / 0.232         0.114 / 0.232         0.114 / 0.232       ms
[83.207s][info   ][gc,stats] =========================================================================================================================================================
