
=== Instance 8/8, outer iteration 264/300 (Variant none) ===

Affinity: allowed=36,37,38,39,40,41,42,43,44,45,46,47 jvm=36,37,38,39,40,41,42,43,44,45 aux=46,47
Benchmark args: 50000000
Command: /gorilla/home/fredrha/SimplifyingWeakRefs/build/variant-images/none-linux-x86_64-server-release/jdk/bin/java -Xms64g -Xmx64g -XX:+UseZGC -Xlog:gc+stats,gc+ref -XX:InitialTenuringThreshold=1 -XX:MaxTenuringThreshold=1 -XX:ZCollectionIntervalMajor=0.5 -XX:+ZCollectionIntervalOnly -XX:NativeMemoryTracking=summary /gorilla/home/fredrha/SimplifyingWeakRefs/test/weakrefs/WeakRefMultiObjectBenchmark.java 50000000

[0.004s][warning][gc] ***** WARNING! INCORRECT SYSTEM CONFIGURATION DETECTED! *****
[0.004s][warning][gc] The system limit on number of memory mappings per process might be too low for the given
[0.004s][warning][gc] max Java heap size (65536M). Please adjust /proc/sys/vm/max_map_count to allow for at
[0.004s][warning][gc] least 117964 mappings (current limit is 65530). Continuing execution with the current
[0.004s][warning][gc] limit could lead to a premature OutOfMemoryError being thrown, due to failure to map memory.
[15.644s][info   ][gc,ref] GC(0) O:                       Encountered   Discovered     Enqueued 
[15.644s][info   ][gc,ref] GC(0) O: Soft References:                0            0            0 
[15.644s][info   ][gc,ref] GC(0) O: Weak References:                0            0            0 
[15.644s][info   ][gc,ref] GC(0) O: Final References:               0            0            0 
[15.644s][info   ][gc,ref] GC(0) O: Phantom References:             0            0            0 
[16.162s][info   ][gc,ref] GC(1) O:                       Encountered   Discovered     Enqueued 
[16.162s][info   ][gc,ref] GC(1) O: Soft References:              148            0            0 
[16.162s][info   ][gc,ref] GC(1) O: Weak References:              608            0            0 
[16.162s][info   ][gc,ref] GC(1) O: Final References:               0            0            0 
[16.162s][info   ][gc,ref] GC(1) O: Phantom References:             1            0            0 
[16.682s][info   ][gc,ref] GC(2) O:                       Encountered   Discovered     Enqueued 
[16.682s][info   ][gc,ref] GC(2) O: Soft References:              165            0            0 
[16.682s][info   ][gc,ref] GC(2) O: Weak References:              939            0            0 
[16.682s][info   ][gc,ref] GC(2) O: Final References:               0            0            0 
[16.682s][info   ][gc,ref] GC(2) O: Phantom References:             1            0            0 
WeakRefMultiObjectBenchmark: objects=50000000 minSize=509 maxSize=1097 sleepMillis=3000
Phase 1: Allocating references and objects...
[17.229s][info   ][gc,ref] GC(3) O:                       Encountered   Discovered     Enqueued 
[17.229s][info   ][gc,ref] GC(3) O: Soft References:              238            0            0 
[17.229s][info   ][gc,ref] GC(3) O: Weak References:             1333          435          129 
[17.229s][info   ][gc,ref] GC(3) O: Final References:               0            0            0 
[17.229s][info   ][gc,ref] GC(3) O: Phantom References:             1            1            0 
[18.076s][info   ][gc,ref] GC(4) O:                       Encountered   Discovered     Enqueued 
[18.076s][info   ][gc,ref] GC(4) O: Soft References:              238            0            0 
[18.076s][info   ][gc,ref] GC(4) O: Weak References:             1204          290           93 
[18.076s][info   ][gc,ref] GC(4) O: Final References:               0            0            0 
[18.076s][info   ][gc,ref] GC(4) O: Phantom References:             1            1            0 
[18.731s][info   ][gc,ref] GC(5) O:                       Encountered   Discovered     Enqueued 
[18.731s][info   ][gc,ref] GC(5) O: Soft References:              238            0            0 
[18.731s][info   ][gc,ref] GC(5) O: Weak References:             1111          788          108 
[18.731s][info   ][gc,ref] GC(5) O: Final References:               0            0            0 
[18.731s][info   ][gc,ref] GC(5) O: Phantom References:             1            1            0 
[19.487s][info   ][gc,ref] GC(6) O:                       Encountered   Discovered     Enqueued 
[19.487s][info   ][gc,ref] GC(6) O: Soft References:              238            0            0 
[19.487s][info   ][gc,ref] GC(6) O: Weak References:           249933          664            0 
[19.487s][info   ][gc,ref] GC(6) O: Final References:               0            0            0 
[19.487s][info   ][gc,ref] GC(6) O: Phantom References:             1            1            0 
[20.870s][info   ][gc,ref] GC(7) O:                       Encountered   Discovered     Enqueued 
[20.870s][info   ][gc,ref] GC(7) O: Soft References:              238            0            0 
[20.870s][info   ][gc,ref] GC(7) O: Weak References:          1766470          519            0 
[20.870s][info   ][gc,ref] GC(7) O: Final References:               0            0            0 
[20.870s][info   ][gc,ref] GC(7) O: Phantom References:             1            1            0 
[23.490s][info   ][gc,ref] GC(8) O:                       Encountered   Discovered     Enqueued 
[23.490s][info   ][gc,ref] GC(8) O: Soft References:              238            0            0 
[23.490s][info   ][gc,ref] GC(8) O: Weak References:          4496036       109741            0 
[23.490s][info   ][gc,ref] GC(8) O: Final References:               0            0            0 
[23.490s][info   ][gc,ref] GC(8) O: Phantom References:             1            1            0 
[28.714s][info   ][gc,ref] GC(9) O:                       Encountered   Discovered     Enqueued 
[28.714s][info   ][gc,ref] GC(9) O: Soft References:              238            0            0 
[28.714s][info   ][gc,ref] GC(9) O: Weak References:          9651888       897497            0 
[28.714s][info   ][gc,ref] GC(9) O: Final References:               0            0            0 
[28.714s][info   ][gc,ref] GC(9) O: Phantom References:             1            1            0 
[39.219s][info   ][gc,ref] GC(10) O:                       Encountered   Discovered     Enqueued 
[39.219s][info   ][gc,ref] GC(10) O: Soft References:              238            0            0 
[39.219s][info   ][gc,ref] GC(10) O: Weak References:         19888373       104343            0 
[39.219s][info   ][gc,ref] GC(10) O: Final References:               0            0            0 
[39.219s][info   ][gc,ref] GC(10) O: Phantom References:             1            1            0 
Allocated 50000000 objects in 28.03 seconds
Phase 2: Sleeping for 3000 ms...
Phase 3.1: Clearing strong references...
Cleared 10000001 strong references, 39999999 remaining
Waiting 3000 ms...
Phase 3.2: Clearing strong references...
Cleared 10000001 strong references, 29999998 remaining
Waiting 3000 ms...
Phase 3.3: Clearing strong references...
Cleared 10000001 strong references, 19999997 remaining
Waiting 3000 ms...
[60.269s][info   ][gc,ref] GC(11) O:                       Encountered   Discovered     Enqueued 
[60.269s][info   ][gc,ref] GC(11) O: Soft References:              238            0            0 
[60.269s][info   ][gc,ref] GC(11) O: Weak References:         40510647      3453741            0 
[60.269s][info   ][gc,ref] GC(11) O: Final References:               0            0            0 
[60.269s][info   ][gc,ref] GC(11) O: Phantom References:             1            1            0 
Phase 3.4: Clearing strong references...
Cleared 10000001 strong references, 9999996 remaining
Waiting 3000 ms...
Phase 3.5: Clearing strong references...
Cleared 9999996 strong references, 0 remaining
Waiting 3000 ms...
Waiting 6000 ms...
Phase 4: Final weak reference checks...
Final count of alive weak references: 50000000
[85.462s][info   ][gc,stats] === Garbage Collection Statistics =======================================================================================================================
[85.462s][info   ][gc,stats]                                                              Last 10s              Last 10m              Last 10h                Total
[85.462s][info   ][gc,stats]                                                              Avg / Max             Avg / Max             Avg / Max             Avg / Max
[85.462s][info   ][gc,stats]        Contention: Mark Segment Reset Contention                     0 / 0                 0 / 21                0 / 21                0 / 21          ops/s
[85.462s][info   ][gc,stats]        Contention: Mark SeqNum Reset Contention                      0 / 0                 0 / 4                 0 / 4                 0 / 4           ops/s
[85.462s][info   ][gc,stats]          Critical: Allocation Stall                                  0 / 0                 0 / 0                 0 / 0                 0 / 0           ops/s
[85.462s][info   ][gc,stats]          Critical: Allocation Stall                              0.000 / 0.000         0.000 / 0.000         0.000 / 0.000         0.000 / 0.000       ms
[85.462s][info   ][gc,stats]          Critical: JNI Critical Stall                                0 / 0                 0 / 0                 0 / 0                 0 / 0           ops/s
[85.462s][info   ][gc,stats]          Critical: JNI Critical Stall                            0.000 / 0.000         0.000 / 0.000         0.000 / 0.000         0.000 / 0.000       ms
[85.462s][info   ][gc,stats]          Critical: Relocation Stall                                  0 / 0                 0 / 0                 0 / 0                 0 / 0           ops/s
[85.462s][info   ][gc,stats]          Critical: Relocation Stall                              0.000 / 0.000         0.000 / 0.000         0.000 / 0.000         0.000 / 0.000       ms
[85.462s][info   ][gc,stats]  Major Collection: Major Collection                              0.000 / 0.000      3254.919 / 20540.912  3254.919 / 20540.912  3254.919 / 20540.912   ms
[85.462s][info   ][gc,stats]            Memory: Allocation Rate                                   0 / 0               658 / 1766            658 / 1766            658 / 1766        MB/s
[85.462s][info   ][gc,stats]            Memory: Defragment                                        0 / 0                 0 / 0                 0 / 0                 0 / 0           ops/s
[85.462s][info   ][gc,stats]            Memory: Mapped Cache Harvest                              0 / 0                 0 / 0                 0 / 0                 0 / 0           MB/s
[85.462s][info   ][gc,stats]            Memory: Out Of Memory                                     0 / 0                 0 / 0                 0 / 0                 0 / 0           ops/s
[85.462s][info   ][gc,stats]            Memory: Uncommit                                          0 / 0                 0 / 0                 0 / 0                 0 / 0           MB/s
[85.462s][info   ][gc,stats]            Memory: Undo Object Allocation Failed                     0 / 0                 0 / 0                 0 / 0                 0 / 0           ops/s
[85.462s][info   ][gc,stats]            Memory: Undo Object Allocation Succeeded                  0 / 0                 0 / 0                 0 / 0                 0 / 0           ops/s
[85.462s][info   ][gc,stats]            Memory: Undo Page Allocation                              0 / 0                 0 / 0                 0 / 0                 0 / 0           ops/s
[85.462s][info   ][gc,stats]  Minor Collection: Minor Collection                              0.000 / 0.000         0.000 / 0.000         0.000 / 0.000         0.000 / 0.000       ms
[85.462s][info   ][gc,stats]    Old Generation: Old Generation                                0.000 / 0.000      1004.137 / 6102.482   1004.137 / 6102.482   1004.137 / 6102.482    ms
[85.462s][info   ][gc,stats]         Old Pause: Pause Mark End                                0.016 / 0.016         0.010 / 0.016         0.010 / 0.016         0.010 / 0.016       ms
[85.462s][info   ][gc,stats]         Old Pause: Pause Relocate Start                          0.000 / 0.000         0.008 / 0.012         0.008 / 0.012         0.008 / 0.012       ms
[85.462s][info   ][gc,stats]         Old Phase: Concurrent Mark                           11676.435 / 11676.435  1703.193 / 11676.435  1703.193 / 11676.435  1703.193 / 11676.435   ms
[85.462s][info   ][gc,stats]         Old Phase: Concurrent Mark Continue                      0.000 / 0.000         0.000 / 0.000         0.000 / 0.000         0.000 / 0.000       ms
[85.462s][info   ][gc,stats]         Old Phase: Concurrent Mark Free                          0.006 / 0.006         0.003 / 0.006         0.003 / 0.006         0.003 / 0.006       ms
[85.462s][info   ][gc,stats]         Old Phase: Concurrent Process Non-Strong                 0.000 / 0.000        39.358 / 357.494      39.358 / 357.494      39.358 / 357.494     ms
[85.462s][info   ][gc,stats]         Old Phase: Concurrent Relocate                           0.000 / 0.000         1.022 / 2.215         1.022 / 2.215         1.022 / 2.215       ms
[85.462s][info   ][gc,stats]         Old Phase: Concurrent Remap Roots                        0.000 / 0.000        90.912 / 361.825      90.912 / 361.825      90.912 / 361.825     ms
[85.462s][info   ][gc,stats]         Old Phase: Concurrent Reset Relocation Set               0.000 / 0.000         0.001 / 0.001         0.001 / 0.001         0.001 / 0.001       ms
[85.462s][info   ][gc,stats]         Old Phase: Concurrent Select Relocation Set              0.000 / 0.000         0.520 / 0.688         0.520 / 0.688         0.520 / 0.688       ms
[85.462s][info   ][gc,stats]      Old Subphase: Concurrent Classes Purge                      0.000 / 0.000         0.041 / 0.198         0.041 / 0.198         0.041 / 0.198       ms
[85.462s][info   ][gc,stats]      Old Subphase: Concurrent Classes Unlink                     0.000 / 0.000         1.043 / 1.357         1.043 / 1.357         1.043 / 1.357       ms
[85.462s][info   ][gc,stats]      Old Subphase: Concurrent Mark Follow                    11676.301 / 11676.301  1703.099 / 11676.301  1703.099 / 11676.301  1703.099 / 11676.301   ms
[85.462s][info   ][gc,stats]      Old Subphase: Concurrent Mark Root Colored                  0.000 / 0.000         0.027 / 0.063         0.027 / 0.063         0.027 / 0.063       ms
[85.462s][info   ][gc,stats]      Old Subphase: Concurrent Mark Root Uncolored                0.000 / 0.000         0.032 / 0.119         0.032 / 0.119         0.032 / 0.119       ms
[85.462s][info   ][gc,stats]      Old Subphase: Concurrent Mark Roots                         0.000 / 0.000         0.091 / 0.146         0.091 / 0.146         0.091 / 0.146       ms
[85.462s][info   ][gc,stats]      Old Subphase: Concurrent References Enqueue                 0.000 / 0.000         0.001 / 0.004         0.001 / 0.004         0.001 / 0.004       ms
[85.462s][info   ][gc,stats]      Old Subphase: Concurrent References Process                 0.000 / 0.000        38.068 / 356.115      38.068 / 356.115      38.068 / 356.115     ms
[85.462s][info   ][gc,stats]      Old Subphase: Concurrent Remap Remembered                   0.000 / 0.000        62.389 / 361.408      62.389 / 361.408      62.389 / 361.408     ms
[85.462s][info   ][gc,stats]      Old Subphase: Concurrent Remap Roots Colored                0.000 / 0.000         0.135 / 0.280         0.135 / 0.280         0.135 / 0.280       ms
[85.462s][info   ][gc,stats]      Old Subphase: Concurrent Remap Roots Uncolored              0.000 / 0.000         0.181 / 0.268         0.181 / 0.268         0.181 / 0.268       ms
[85.462s][info   ][gc,stats]      Old Subphase: Concurrent Roots ClassLoaderDataGraph         0.000 / 0.000         0.075 / 0.257         0.075 / 0.257         0.075 / 0.257       ms
[85.462s][info   ][gc,stats]      Old Subphase: Concurrent Roots CodeCache                    0.000 / 0.000         0.179 / 0.265         0.179 / 0.265         0.179 / 0.265       ms
[85.462s][info   ][gc,stats]      Old Subphase: Concurrent Roots JavaThreads                  0.000 / 0.000         0.011 / 0.119         0.011 / 0.119         0.011 / 0.119       ms
[85.462s][info   ][gc,stats]      Old Subphase: Concurrent Roots OopStorageSet                0.000 / 0.000         0.003 / 0.013         0.003 / 0.013         0.003 / 0.013       ms
[85.462s][info   ][gc,stats]      Old Subphase: Concurrent Weak Roots OopStorageSet           0.000 / 0.000         0.053 / 0.276         0.053 / 0.276         0.053 / 0.276       ms
[85.462s][info   ][gc,stats]            System: Java Threads                                     11 / 11               11 / 13               11 / 13               11 / 13          threads
[85.462s][info   ][gc,stats]  Young Generation: Young Generation                              0.000 / 0.000      2919.746 / 14438.300  2919.746 / 14438.300  2919.746 / 14438.300   ms
[85.462s][info   ][gc,stats]  Young Generation: Young Generation                              0.000 / 0.000         0.000 / 0.000         0.000 / 0.000         0.000 / 0.000       ms
[85.462s][info   ][gc,stats]  Young Generation: Young Generation (Collect Roots)              0.000 / 0.000         0.000 / 0.000         0.000 / 0.000         0.000 / 0.000       ms
[85.462s][info   ][gc,stats]  Young Generation: Young Generation (Promote All)                0.000 / 0.000         0.000 / 0.000         0.000 / 0.000         0.000 / 0.000       ms
[85.462s][info   ][gc,stats]       Young Pause: Pause Mark End                                0.000 / 0.000         0.010 / 0.014         0.010 / 0.014         0.010 / 0.014       ms
[85.462s][info   ][gc,stats]       Young Pause: Pause Mark Start                              0.000 / 0.000         0.000 / 0.000         0.000 / 0.000         0.000 / 0.000       ms
[85.462s][info   ][gc,stats]       Young Pause: Pause Mark Start (Major)                      0.000 / 0.000         0.023 / 0.029         0.023 / 0.029         0.023 / 0.029       ms
[85.462s][info   ][gc,stats]       Young Pause: Pause Relocate Start                          0.000 / 0.000         0.007 / 0.012         0.007 / 0.012         0.007 / 0.012       ms
[85.462s][info   ][gc,stats]       Young Phase: Concurrent Mark                               0.000 / 0.000      2527.707 / 13226.877  2527.707 / 13226.877  2527.707 / 13226.877   ms
[85.462s][info   ][gc,stats]       Young Phase: Concurrent Mark Continue                      0.000 / 0.000         0.000 / 0.000         0.000 / 0.000         0.000 / 0.000       ms
[85.462s][info   ][gc,stats]       Young Phase: Concurrent Mark Free                          0.000 / 0.000         0.004 / 0.006         0.004 / 0.006         0.004 / 0.006       ms
[85.462s][info   ][gc,stats]       Young Phase: Concurrent Relocate                           0.000 / 0.000       206.321 / 1264.750    206.321 / 1264.750    206.321 / 1264.750    ms
[85.462s][info   ][gc,stats]       Young Phase: Concurrent Reset Relocation Set               0.000 / 0.000         0.244 / 1.823         0.244 / 1.823         0.244 / 1.823       ms
[85.462s][info   ][gc,stats]       Young Phase: Concurrent Select Relocation Set              0.000 / 0.000       185.103 / 1147.799    185.103 / 1147.799    185.103 / 1147.799    ms
[85.462s][info   ][gc,stats]    Young Subphase: Concurrent Mark Follow                        0.000 / 0.000      2501.171 / 12891.153  2501.171 / 12891.153  2501.171 / 12891.153   ms
[85.462s][info   ][gc,stats]    Young Subphase: Concurrent Mark Root Colored                  0.000 / 0.000         0.446 / 0.915         0.446 / 0.915         0.446 / 0.915       ms
[85.462s][info   ][gc,stats]    Young Subphase: Concurrent Mark Root Uncolored                0.000 / 0.000         8.853 / 335.392       8.853 / 335.392       8.853 / 335.392     ms
[85.462s][info   ][gc,stats]    Young Subphase: Concurrent Mark Roots                         0.000 / 0.000        26.534 / 335.719      26.534 / 335.719      26.534 / 335.719     ms
[85.462s][info   ][gc,stats]    Young Subphase: Concurrent Relocate Remset FP                 0.000 / 0.000       205.555 / 1264.708    205.555 / 1264.708    205.555 / 1264.708    ms
[85.462s][info   ][gc,stats]    Young Subphase: Concurrent Roots ClassLoaderDataGraph         0.000 / 0.000         0.333 / 0.634         0.333 / 0.634         0.333 / 0.634       ms
[85.462s][info   ][gc,stats]    Young Subphase: Concurrent Roots CodeCache                    0.000 / 0.000         0.241 / 0.353         0.241 / 0.353         0.241 / 0.353       ms
[85.462s][info   ][gc,stats]    Young Subphase: Concurrent Roots JavaThreads                  0.000 / 0.000         4.319 / 335.391       4.319 / 335.391       4.319 / 335.391     ms
[85.462s][info   ][gc,stats]    Young Subphase: Concurrent Roots OopStorageSet                0.000 / 0.000         0.010 / 0.080         0.010 / 0.080         0.010 / 0.080       ms
[85.462s][info   ][gc,stats]    Young Subphase: Concurrent Weak Roots OopStorageSet           0.000 / 0.000         0.103 / 0.242         0.103 / 0.242         0.103 / 0.242       ms
[85.462s][info   ][gc,stats] =========================================================================================================================================================
