
=== Instance 4/8, outer iteration 115/300 (Variant weak_fields) ===

Affinity: allowed=36,37,38,39,40,41,42,43,44,45,46,47 jvm=36,37,38,39,40,41,42,43,44,45 aux=46,47
Benchmark args: 50000000
Command: /gorilla/home/fredrha/SimplifyingWeakRefs/build/variant-images/weak_fields-linux-x86_64-server-release/jdk/bin/java -Xms64g -Xmx64g -XX:+UseZGC -Xlog:gc+stats,gc+ref -XX:InitialTenuringThreshold=1 -XX:MaxTenuringThreshold=1 -XX:ZCollectionIntervalMajor=0.5 -XX:+ZCollectionIntervalOnly -XX:NativeMemoryTracking=summary /gorilla/home/fredrha/SimplifyingWeakRefs/test/weakrefs/WeakFieldMultiObjectBenchmark.java 50000000

[0.004s][warning][gc] ***** WARNING! INCORRECT SYSTEM CONFIGURATION DETECTED! *****
[0.004s][warning][gc] The system limit on number of memory mappings per process might be too low for the given
[0.004s][warning][gc] max Java heap size (65536M). Please adjust /proc/sys/vm/max_map_count to allow for at
[0.004s][warning][gc] least 117964 mappings (current limit is 65530). Continuing execution with the current
[0.004s][warning][gc] limit could lead to a premature OutOfMemoryError being thrown, due to failure to map memory.
[0.004s][info   ][gc,ref] Reference Processor created, Config: Weak field discovery
[16.173s][info   ][gc,ref] GC(0) O:                       Encountered   Discovered      Cleared 
[16.173s][info   ][gc,ref] GC(0) O: Soft References:                0            0            0 
[16.173s][info   ][gc,ref] GC(0) O: Weak References:                1            0            0 
[16.173s][info   ][gc,ref] GC(0) O: Weak Fields:                    0            0            0 
[16.173s][info   ][gc,ref] GC(0) O: Final References:               0            0            0 
[16.173s][info   ][gc,ref] GC(0) O: Phantom References:             0            0            0 
[16.695s][info   ][gc,ref] GC(1) O:                       Encountered   Discovered      Cleared 
[16.695s][info   ][gc,ref] GC(1) O: Soft References:              148            0            0 
[16.695s][info   ][gc,ref] GC(1) O: Weak References:              608            0            0 
[16.695s][info   ][gc,ref] GC(1) O: Weak Fields:                    0            0            0 
[16.695s][info   ][gc,ref] GC(1) O: Final References:               0            0            0 
[16.695s][info   ][gc,ref] GC(1) O: Phantom References:             1            0            0 
[17.216s][info   ][gc,ref] GC(2) O:                       Encountered   Discovered      Cleared 
[17.216s][info   ][gc,ref] GC(2) O: Soft References:              165            0            0 
[17.216s][info   ][gc,ref] GC(2) O: Weak References:              932            1            0 
[17.216s][info   ][gc,ref] GC(2) O: Weak Fields:                    0            0            0 
[17.216s][info   ][gc,ref] GC(2) O: Final References:               0            0            0 
[17.216s][info   ][gc,ref] GC(2) O: Phantom References:             1            0            0 
WeakFieldMultiObjectBenchmark: objects=50000000 minSize=509 maxSize=1097 sleepMillis=3000
Phase 1: Allocating references and objects...
[17.772s][info   ][gc,ref] GC(3) O:                       Encountered   Discovered      Cleared 
[17.772s][info   ][gc,ref] GC(3) O: Soft References:              238            0            0 
[17.772s][info   ][gc,ref] GC(3) O: Weak References:             1339          500          129 
[17.772s][info   ][gc,ref] GC(3) O: Weak Fields:                    0            0            0 
[17.772s][info   ][gc,ref] GC(3) O: Final References:               0            0            0 
[17.772s][info   ][gc,ref] GC(3) O: Phantom References:             1            1            0 
[18.614s][info   ][gc,ref] GC(4) O:                       Encountered   Discovered      Cleared 
[18.614s][info   ][gc,ref] GC(4) O: Soft References:              238            0            0 
[18.614s][info   ][gc,ref] GC(4) O: Weak References:             1210          643           91 
[18.614s][info   ][gc,ref] GC(4) O: Weak Fields:                    0            0            0 
[18.614s][info   ][gc,ref] GC(4) O: Final References:               0            0            0 
[18.614s][info   ][gc,ref] GC(4) O: Phantom References:             1            1            0 
[19.274s][info   ][gc,ref] GC(5) O:                       Encountered   Discovered      Cleared 
[19.274s][info   ][gc,ref] GC(5) O: Soft References:              238            0            0 
[19.274s][info   ][gc,ref] GC(5) O: Weak References:             1119          722          112 
[19.274s][info   ][gc,ref] GC(5) O: Weak Fields:                    0            0            0 
[19.274s][info   ][gc,ref] GC(5) O: Final References:               0            0            0 
[19.274s][info   ][gc,ref] GC(5) O: Phantom References:             1            1            0 
[20.081s][info   ][gc,ref] GC(6) O:                       Encountered   Discovered      Cleared 
[20.081s][info   ][gc,ref] GC(6) O: Soft References:              238            0            0 
[20.081s][info   ][gc,ref] GC(6) O: Weak References:             1007          207            0 
[20.081s][info   ][gc,ref] GC(6) O: Weak Fields:               355020            0            0 
[20.081s][info   ][gc,ref] GC(6) O: Final References:               0            0            0 
[20.081s][info   ][gc,ref] GC(6) O: Phantom References:             1            1            0 
[21.451s][info   ][gc,ref] GC(7) O:                       Encountered   Discovered      Cleared 
[21.451s][info   ][gc,ref] GC(7) O: Soft References:              238            0            0 
[21.451s][info   ][gc,ref] GC(7) O: Weak References:             1007          155            0 
[21.451s][info   ][gc,ref] GC(7) O: Weak Fields:              2085769            0            0 
[21.451s][info   ][gc,ref] GC(7) O: Final References:               0            0            0 
[21.451s][info   ][gc,ref] GC(7) O: Phantom References:             1            1            0 
[24.073s][info   ][gc,ref] GC(8) O:                       Encountered   Discovered      Cleared 
[24.073s][info   ][gc,ref] GC(8) O: Soft References:              238            0            0 
[24.073s][info   ][gc,ref] GC(8) O: Weak References:             1007          356            0 
[24.073s][info   ][gc,ref] GC(8) O: Weak Fields:              5031777       355020            0 
[24.073s][info   ][gc,ref] GC(8) O: Final References:               0            0            0 
[24.073s][info   ][gc,ref] GC(8) O: Phantom References:             1            0            0 
[29.726s][info   ][gc,ref] GC(9) O:                       Encountered   Discovered      Cleared 
[29.726s][info   ][gc,ref] GC(9) O: Soft References:              238            0            0 
[29.726s][info   ][gc,ref] GC(9) O: Weak References:             1007          600            0 
[29.726s][info   ][gc,ref] GC(9) O: Weak Fields:             10638087      2085769            0 
[29.726s][info   ][gc,ref] GC(9) O: Final References:               0            0            0 
[29.726s][info   ][gc,ref] GC(9) O: Phantom References:             1            1            0 
[41.482s][info   ][gc,ref] GC(10) O:                       Encountered   Discovered      Cleared 
[41.482s][info   ][gc,ref] GC(10) O: Soft References:              238            0            0 
[41.482s][info   ][gc,ref] GC(10) O: Weak References:             1007          189            0 
[41.482s][info   ][gc,ref] GC(10) O: Weak Fields:             22815088      5031777            0 
[41.482s][info   ][gc,ref] GC(10) O: Final References:               0            0            0 
[41.482s][info   ][gc,ref] GC(10) O: Phantom References:             1            1            0 
Allocated 50000000 objects in 25.74 seconds
Phase 2: Sleeping for 3000 ms...
Phase 3.1: Clearing strong references...
Cleared 10000001 strong references, 39999999 remaining
Waiting 3000 ms...
Phase 3.2: Clearing strong references...
Cleared 10000001 strong references, 29999998 remaining
Waiting 3000 ms...
Phase 3.3: Clearing strong references...
Cleared 10000001 strong references, 19999997 remaining
Waiting 3000 ms...
Phase 3.4: Clearing strong references...
Cleared 10000001 strong references, 9999996 remaining
Waiting 3000 ms...
[61.797s][info   ][gc,ref] GC(11) O:                       Encountered   Discovered      Cleared 
[61.797s][info   ][gc,ref] GC(11) O: Soft References:              238            0            0 
[61.797s][info   ][gc,ref] GC(11) O: Weak References:             1007          165            0 
[61.797s][info   ][gc,ref] GC(11) O: Weak Fields:             47195074     10638087            0 
[61.797s][info   ][gc,ref] GC(11) O: Final References:               0            0            0 
[61.797s][info   ][gc,ref] GC(11) O: Phantom References:             1            1            0 
Phase 3.5: Clearing strong references...
Cleared 9999996 strong references, 0 remaining
Waiting 3000 ms...
Waiting 6000 ms...
Phase 4: Final annotated field checks...
Final count of alive annotated fields: 50000000
[81.937s][info   ][gc,stats] === Garbage Collection Statistics =======================================================================================================================
[81.937s][info   ][gc,stats]                                                              Last 10s              Last 10m              Last 10h                Total
[81.937s][info   ][gc,stats]                                                              Avg / Max             Avg / Max             Avg / Max             Avg / Max
[81.937s][info   ][gc,stats]        Contention: Mark Segment Reset Contention                     0 / 0                 0 / 19                0 / 19                0 / 19          ops/s
[81.937s][info   ][gc,stats]        Contention: Mark SeqNum Reset Contention                      0 / 0                 0 / 4                 0 / 4                 0 / 4           ops/s
[81.937s][info   ][gc,stats]          Critical: Allocation Stall                                  0 / 0                 0 / 0                 0 / 0                 0 / 0           ops/s
[81.937s][info   ][gc,stats]          Critical: Allocation Stall                              0.000 / 0.000         0.000 / 0.000         0.000 / 0.000         0.000 / 0.000       ms
[81.937s][info   ][gc,stats]          Critical: JNI Critical Stall                                0 / 0                 0 / 0                 0 / 0                 0 / 0           ops/s
[81.937s][info   ][gc,stats]          Critical: JNI Critical Stall                            0.000 / 0.000         0.000 / 0.000         0.000 / 0.000         0.000 / 0.000       ms
[81.937s][info   ][gc,stats]          Critical: Relocation Stall                                  0 / 0                 0 / 0                 0 / 0                 0 / 0           ops/s
[81.937s][info   ][gc,stats]          Critical: Relocation Stall                              0.000 / 0.000         0.000 / 0.000         0.000 / 0.000         0.000 / 0.000       ms
[81.937s][info   ][gc,stats]  Major Collection: Major Collection                              0.000 / 0.000      3339.744 / 19809.413  3339.744 / 19809.413  3339.744 / 19809.413   ms
[81.937s][info   ][gc,stats]            Memory: Allocation Rate                                   0 / 0               663 / 1826            663 / 1826            663 / 1826        MB/s
[81.937s][info   ][gc,stats]            Memory: Defragment                                        0 / 0                 0 / 0                 0 / 0                 0 / 0           ops/s
[81.937s][info   ][gc,stats]            Memory: Mapped Cache Harvest                              0 / 0                 0 / 0                 0 / 0                 0 / 0           MB/s
[81.937s][info   ][gc,stats]            Memory: Out Of Memory                                     0 / 0                 0 / 0                 0 / 0                 0 / 0           ops/s
[81.937s][info   ][gc,stats]            Memory: Uncommit                                          0 / 0                 0 / 0                 0 / 0                 0 / 0           MB/s
[81.937s][info   ][gc,stats]            Memory: Undo Object Allocation Failed                     0 / 0                 0 / 0                 0 / 0                 0 / 0           ops/s
[81.937s][info   ][gc,stats]            Memory: Undo Object Allocation Succeeded                  0 / 0                 0 / 0                 0 / 0                 0 / 0           ops/s
[81.937s][info   ][gc,stats]            Memory: Undo Page Allocation                              0 / 0                 0 / 0                 0 / 0                 0 / 0           ops/s
[81.937s][info   ][gc,stats]  Minor Collection: Minor Collection                              0.000 / 0.000         0.000 / 0.000         0.000 / 0.000         0.000 / 0.000       ms
[81.937s][info   ][gc,stats]    Old Generation: Old Generation                                0.000 / 0.000      1072.499 / 5847.106   1072.499 / 5847.106   1072.499 / 5847.106    ms
[81.937s][info   ][gc,stats]         Old Pause: Pause Mark End                                0.014 / 0.014         0.010 / 0.014         0.010 / 0.014         0.010 / 0.014       ms
[81.937s][info   ][gc,stats]         Old Pause: Pause Relocate Start                          0.000 / 0.000         0.008 / 0.014         0.008 / 0.014         0.008 / 0.014       ms
[81.937s][info   ][gc,stats]         Old Phase: Concurrent Mark                            8757.125 / 8757.125   1476.784 / 8757.125   1476.784 / 8757.125   1476.784 / 8757.125    ms
[81.937s][info   ][gc,stats]         Old Phase: Concurrent Mark Continue                      0.000 / 0.000         0.000 / 0.000         0.000 / 0.000         0.000 / 0.000       ms
[81.937s][info   ][gc,stats]         Old Phase: Concurrent Mark Free                          0.004 / 0.004         0.003 / 0.007         0.003 / 0.007         0.003 / 0.007       ms
[81.937s][info   ][gc,stats]         Old Phase: Concurrent Process Non-Strong                 0.000 / 0.000       108.162 / 560.389     108.162 / 560.389     108.162 / 560.389     ms
[81.937s][info   ][gc,stats]         Old Phase: Concurrent Relocate                           0.000 / 0.000         1.030 / 2.645         1.030 / 2.645         1.030 / 2.645       ms
[81.937s][info   ][gc,stats]         Old Phase: Concurrent Remap Roots                        0.000 / 0.000        92.643 / 344.058      92.643 / 344.058      92.643 / 344.058     ms
[81.937s][info   ][gc,stats]         Old Phase: Concurrent Reset Relocation Set               0.000 / 0.000         0.001 / 0.001         0.001 / 0.001         0.001 / 0.001       ms
[81.937s][info   ][gc,stats]         Old Phase: Concurrent Select Relocation Set              0.000 / 0.000         0.371 / 0.563         0.371 / 0.563         0.371 / 0.563       ms
[81.937s][info   ][gc,stats]      Old Subphase: Concurrent Classes Purge                      0.000 / 0.000         0.167 / 1.523         0.167 / 1.523         0.167 / 1.523       ms
[81.937s][info   ][gc,stats]      Old Subphase: Concurrent Classes Unlink                     0.000 / 0.000         1.056 / 1.399         1.056 / 1.399         1.056 / 1.399       ms
[81.937s][info   ][gc,stats]      Old Subphase: Concurrent Mark Follow                     8756.999 / 8756.999   1476.693 / 8756.999   1476.693 / 8756.999   1476.693 / 8756.999    ms
[81.937s][info   ][gc,stats]      Old Subphase: Concurrent Mark Root Colored                  0.031 / 0.031         0.035 / 0.084         0.035 / 0.084         0.035 / 0.084       ms
[81.937s][info   ][gc,stats]      Old Subphase: Concurrent Mark Root Uncolored                0.054 / 0.072         0.026 / 0.072         0.026 / 0.072         0.026 / 0.072       ms
[81.937s][info   ][gc,stats]      Old Subphase: Concurrent Mark Roots                         0.124 / 0.124         0.090 / 0.124         0.090 / 0.124         0.090 / 0.124       ms
[81.937s][info   ][gc,stats]      Old Subphase: Concurrent References Enqueue                 0.000 / 0.000         0.001 / 0.003         0.001 / 0.003         0.001 / 0.003       ms
[81.937s][info   ][gc,stats]      Old Subphase: Concurrent References Process                 0.000 / 0.000       106.727 / 557.567     106.727 / 557.567     106.727 / 557.567     ms
[81.937s][info   ][gc,stats]      Old Subphase: Concurrent Remap Remembered                   0.000 / 0.000        58.329 / 343.720      58.329 / 343.720      58.329 / 343.720     ms
[81.937s][info   ][gc,stats]      Old Subphase: Concurrent Remap Roots Colored                0.000 / 0.000         0.121 / 0.279         0.121 / 0.279         0.121 / 0.279       ms
[81.937s][info   ][gc,stats]      Old Subphase: Concurrent Remap Roots Uncolored              0.000 / 0.000         0.167 / 0.277         0.167 / 0.277         0.167 / 0.277       ms
[81.937s][info   ][gc,stats]      Old Subphase: Concurrent Roots ClassLoaderDataGraph         0.024 / 0.024         0.073 / 0.269         0.073 / 0.269         0.073 / 0.269       ms
[81.937s][info   ][gc,stats]      Old Subphase: Concurrent Roots CodeCache                    0.000 / 0.000         0.165 / 0.275         0.165 / 0.275         0.165 / 0.275       ms
[81.937s][info   ][gc,stats]      Old Subphase: Concurrent Roots JavaThreads                  0.054 / 0.072         0.010 / 0.072         0.010 / 0.072         0.010 / 0.072       ms
[81.937s][info   ][gc,stats]      Old Subphase: Concurrent Roots OopStorageSet                0.006 / 0.006         0.003 / 0.012         0.003 / 0.012         0.003 / 0.012       ms
[81.937s][info   ][gc,stats]      Old Subphase: Concurrent Weak Roots OopStorageSet           0.000 / 0.000         0.055 / 0.178         0.055 / 0.178         0.055 / 0.178       ms
[81.937s][info   ][gc,stats]            System: Java Threads                                     11 / 11               11 / 13               11 / 13               11 / 13          threads
[81.937s][info   ][gc,stats]  Young Generation: Young Generation                           9822.304 / 9822.304   2848.312 / 13962.172  2848.312 / 13962.172  2848.312 / 13962.172   ms
[81.937s][info   ][gc,stats]  Young Generation: Young Generation                              0.000 / 0.000         0.000 / 0.000         0.000 / 0.000         0.000 / 0.000       ms
[81.937s][info   ][gc,stats]  Young Generation: Young Generation (Collect Roots)              0.000 / 0.000         0.000 / 0.000         0.000 / 0.000         0.000 / 0.000       ms
[81.937s][info   ][gc,stats]  Young Generation: Young Generation (Promote All)                0.000 / 0.000         0.000 / 0.000         0.000 / 0.000         0.000 / 0.000       ms
[81.937s][info   ][gc,stats]       Young Pause: Pause Mark End                                0.000 / 0.000         0.010 / 0.013         0.010 / 0.013         0.010 / 0.013       ms
[81.937s][info   ][gc,stats]       Young Pause: Pause Mark Start                              0.000 / 0.000         0.000 / 0.000         0.000 / 0.000         0.000 / 0.000       ms
[81.937s][info   ][gc,stats]       Young Pause: Pause Mark Start (Major)                      0.000 / 0.000         0.022 / 0.033         0.022 / 0.033         0.022 / 0.033       ms
[81.937s][info   ][gc,stats]       Young Pause: Pause Relocate Start                          0.000 / 0.000         0.007 / 0.012         0.007 / 0.012         0.007 / 0.012       ms
[81.937s][info   ][gc,stats]       Young Phase: Concurrent Mark                               0.000 / 0.000      2487.939 / 12841.866  2487.939 / 12841.866  2487.939 / 12841.866   ms
[81.937s][info   ][gc,stats]       Young Phase: Concurrent Mark Continue                      0.000 / 0.000         0.000 / 0.000         0.000 / 0.000         0.000 / 0.000       ms
[81.937s][info   ][gc,stats]       Young Phase: Concurrent Mark Free                          0.000 / 0.000         0.004 / 0.008         0.004 / 0.008         0.004 / 0.008       ms
[81.937s][info   ][gc,stats]       Young Phase: Concurrent Relocate                        1204.297 / 1204.297    193.439 / 1204.297    193.439 / 1204.297    193.439 / 1204.297    ms
[81.937s][info   ][gc,stats]       Young Phase: Concurrent Reset Relocation Set               0.000 / 0.000         0.233 / 1.606         0.233 / 1.606         0.233 / 1.606       ms
[81.937s][info   ][gc,stats]       Young Phase: Concurrent Select Relocation Set              0.000 / 0.000       166.345 / 1060.372    166.345 / 1060.372    166.345 / 1060.372    ms
[81.937s][info   ][gc,stats]    Young Subphase: Concurrent Mark Follow                        0.000 / 0.000      2487.252 / 12841.187  2487.252 / 12841.187  2487.252 / 12841.187   ms
[81.937s][info   ][gc,stats]    Young Subphase: Concurrent Mark Root Colored                  0.000 / 0.000         0.386 / 0.777         0.386 / 0.777         0.386 / 0.777       ms
[81.937s][info   ][gc,stats]    Young Subphase: Concurrent Mark Root Uncolored                0.000 / 0.000         0.243 / 0.298         0.243 / 0.298         0.243 / 0.298       ms
[81.937s][info   ][gc,stats]    Young Subphase: Concurrent Mark Roots                         0.000 / 0.000         0.685 / 1.065         0.685 / 1.065         0.685 / 1.065       ms
[81.937s][info   ][gc,stats]    Young Subphase: Concurrent Relocate Remset FP              1204.257 / 1204.257    192.918 / 1204.257    192.918 / 1204.257    192.918 / 1204.257    ms
[81.937s][info   ][gc,stats]    Young Subphase: Concurrent Roots ClassLoaderDataGraph         0.000 / 0.000         0.272 / 0.649         0.272 / 0.649         0.272 / 0.649       ms
[81.937s][info   ][gc,stats]    Young Subphase: Concurrent Roots CodeCache                    0.000 / 0.000         0.215 / 0.279         0.215 / 0.279         0.215 / 0.279       ms
[81.937s][info   ][gc,stats]    Young Subphase: Concurrent Roots JavaThreads                  0.000 / 0.000         0.020 / 0.298         0.020 / 0.298         0.020 / 0.298       ms
[81.938s][info   ][gc,stats]    Young Subphase: Concurrent Roots OopStorageSet                0.000 / 0.000         0.019 / 0.142         0.019 / 0.142         0.019 / 0.142       ms
[81.938s][info   ][gc,stats]    Young Subphase: Concurrent Weak Roots OopStorageSet           0.000 / 0.000         0.101 / 0.182         0.101 / 0.182         0.101 / 0.182       ms
[81.938s][info   ][gc,stats] =========================================================================================================================================================
