
=== Instance 3/8, outer iteration 107/300 (Variant dyn_only) ===

Affinity: allowed=24,25,26,27,28,29,30,31,32,33,34,35 jvm=24,25,26,27,28,29,30,31,32,33 aux=34,35
Benchmark args: 50000000
Command: /gorilla/home/fredrha/SimplifyingWeakRefs/build/variant-images/dyn_only-linux-x86_64-server-release/jdk/bin/java -Xms64g -Xmx64g -XX:+UseZGC -Xlog:gc+stats,gc+ref -XX:InitialTenuringThreshold=1 -XX:MaxTenuringThreshold=1 -XX:ZCollectionIntervalMajor=0.5 -XX:+ZCollectionIntervalOnly -XX:NativeMemoryTracking=summary /gorilla/home/fredrha/SimplifyingWeakRefs/test/weakrefs/WeakRefMultiObjectBenchmark.java 50000000

[0.004s][warning][gc] ***** WARNING! INCORRECT SYSTEM CONFIGURATION DETECTED! *****
[0.004s][warning][gc] The system limit on number of memory mappings per process might be too low for the given
[0.004s][warning][gc] max Java heap size (65536M). Please adjust /proc/sys/vm/max_map_count to allow for at
[0.004s][warning][gc] least 117964 mappings (current limit is 65530). Continuing execution with the current
[0.004s][warning][gc] limit could lead to a premature OutOfMemoryError being thrown, due to failure to map memory.
[0.004s][info   ][gc,ref] Reference Processor created, Config: Dynamic array
[15.397s][info   ][gc,ref] GC(0) O:                       Encountered   Discovered     Enqueued 
[15.397s][info   ][gc,ref] GC(0) O: Soft References:                0            0            0 
[15.397s][info   ][gc,ref] GC(0) O: Weak References:                1            0            0 
[15.397s][info   ][gc,ref] GC(0) O: Final References:               0            0            0 
[15.397s][info   ][gc,ref] GC(0) O: Phantom References:             0            0            0 
[15.914s][info   ][gc,ref] GC(1) O:                       Encountered   Discovered     Enqueued 
[15.914s][info   ][gc,ref] GC(1) O: Soft References:              148            0            0 
[15.914s][info   ][gc,ref] GC(1) O: Weak References:              608            0            0 
[15.914s][info   ][gc,ref] GC(1) O: Final References:               0            0            0 
[15.914s][info   ][gc,ref] GC(1) O: Phantom References:             1            0            0 
[16.430s][info   ][gc,ref] GC(2) O:                       Encountered   Discovered     Enqueued 
[16.430s][info   ][gc,ref] GC(2) O: Soft References:              148            0            0 
[16.430s][info   ][gc,ref] GC(2) O: Weak References:              608            0            0 
[16.430s][info   ][gc,ref] GC(2) O: Final References:               0            0            0 
[16.430s][info   ][gc,ref] GC(2) O: Phantom References:             1            0            0 
WeakRefMultiObjectBenchmark: objects=50000000 minSize=509 maxSize=1097 sleepMillis=3000
[16.978s][info   ][gc,ref] GC(3) O:                       Encountered   Discovered     Enqueued 
[16.978s][info   ][gc,ref] GC(3) O: Soft References:              238            0            0 
[16.978s][info   ][gc,ref] GC(3) O: Weak References:             1333          434          129 
[16.978s][info   ][gc,ref] GC(3) O: Final References:               0            0            0 
[16.978s][info   ][gc,ref] GC(3) O: Phantom References:             1            1            0 
Phase 1: Allocating references and objects...
[17.825s][info   ][gc,ref] GC(4) O:                       Encountered   Discovered     Enqueued 
[17.825s][info   ][gc,ref] GC(4) O: Soft References:              239            0            0 
[17.825s][info   ][gc,ref] GC(4) O: Weak References:             1204          301            0 
[17.825s][info   ][gc,ref] GC(4) O: Final References:               0            0            0 
[17.825s][info   ][gc,ref] GC(4) O: Phantom References:             1            1            0 
[18.480s][info   ][gc,ref] GC(5) O:                       Encountered   Discovered     Enqueued 
[18.480s][info   ][gc,ref] GC(5) O: Soft References:              238            0            0 
[18.480s][info   ][gc,ref] GC(5) O: Weak References:             1204          834          201 
[18.480s][info   ][gc,ref] GC(5) O: Final References:               0            0            0 
[18.480s][info   ][gc,ref] GC(5) O: Phantom References:             1            0            0 
[19.137s][info   ][gc,ref] GC(6) O:                       Encountered   Discovered     Enqueued 
[19.137s][info   ][gc,ref] GC(6) O: Soft References:              238            0            0 
[19.137s][info   ][gc,ref] GC(6) O: Weak References:             1003          570            0 
[19.137s][info   ][gc,ref] GC(6) O: Final References:               0            0            0 
[19.137s][info   ][gc,ref] GC(6) O: Phantom References:             1            0            0 
[20.205s][info   ][gc,ref] GC(7) O:                       Encountered   Discovered     Enqueued 
[20.205s][info   ][gc,ref] GC(7) O: Soft References:              238            0            0 
[20.205s][info   ][gc,ref] GC(7) O: Weak References:          1120558           15            0 
[20.205s][info   ][gc,ref] GC(7) O: Final References:               0            0            0 
[20.205s][info   ][gc,ref] GC(7) O: Phantom References:             1            1            0 
[22.116s][info   ][gc,ref] GC(8) O:                       Encountered   Discovered     Enqueued 
[22.116s][info   ][gc,ref] GC(8) O: Soft References:              238            0            0 
[22.116s][info   ][gc,ref] GC(8) O: Weak References:          3237034          113            0 
[22.116s][info   ][gc,ref] GC(8) O: Final References:               0            0            0 
[22.116s][info   ][gc,ref] GC(8) O: Phantom References:             1            1            0 
[25.547s][info   ][gc,ref] GC(9) O:                       Encountered   Discovered     Enqueued 
[25.547s][info   ][gc,ref] GC(9) O: Soft References:              238            0            0 
[25.547s][info   ][gc,ref] GC(9) O: Weak References:          7007972        40723            0 
[25.547s][info   ][gc,ref] GC(9) O: Final References:               0            0            0 
[25.547s][info   ][gc,ref] GC(9) O: Phantom References:             1            1            0 
[32.526s][info   ][gc,ref] GC(10) O:                       Encountered   Discovered     Enqueued 
[32.526s][info   ][gc,ref] GC(10) O: Soft References:              238            0            0 
[32.526s][info   ][gc,ref] GC(10) O: Weak References:         13748301      1200809            0 
[32.526s][info   ][gc,ref] GC(10) O: Final References:               0            0            0 
[32.526s][info   ][gc,ref] GC(10) O: Phantom References:             1            1            0 
Allocated 50000000 objects in 27.81 seconds
Phase 2: Sleeping for 3000 ms...
[46.504s][info   ][gc,ref] GC(11) O:                       Encountered   Discovered     Enqueued 
[46.504s][info   ][gc,ref] GC(11) O: Soft References:              238            0            0 
[46.504s][info   ][gc,ref] GC(11) O: Weak References:         27528397      2558149            0 
[46.504s][info   ][gc,ref] GC(11) O: Final References:               0            0            0 
[46.504s][info   ][gc,ref] GC(11) O: Phantom References:             1            1            0 
Phase 3.1: Clearing strong references...
Cleared 10000001 strong references, 39999999 remaining
Waiting 3000 ms...
Phase 3.2: Clearing strong references...
Cleared 10000001 strong references, 29999998 remaining
Waiting 3000 ms...
Phase 3.3: Clearing strong references...
Cleared 10000001 strong references, 19999997 remaining
Waiting 3000 ms...
Phase 3.4: Clearing strong references...
Cleared 10000001 strong references, 9999996 remaining
Waiting 3000 ms...
Phase 3.5: Clearing strong references...
Cleared 9999996 strong references, 0 remaining
Waiting 3000 ms...
[69.600s][info   ][gc,ref] GC(12) O:                       Encountered   Discovered     Enqueued 
[69.601s][info   ][gc,ref] GC(12) O: Soft References:              238            0            0 
[69.601s][info   ][gc,ref] GC(12) O: Weak References:         50001003      8170518            0 
[69.601s][info   ][gc,ref] GC(12) O: Final References:               0            0            0 
[69.601s][info   ][gc,ref] GC(12) O: Phantom References:             1            1            0 
Waiting 6000 ms...
Phase 4: Final weak reference checks...
Final count of alive weak references: 50000000
[85.100s][info   ][gc,stats] === Garbage Collection Statistics =======================================================================================================================
[85.100s][info   ][gc,stats]                                                              Last 10s              Last 10m              Last 10h                Total
[85.100s][info   ][gc,stats]                                                              Avg / Max             Avg / Max             Avg / Max             Avg / Max
[85.100s][info   ][gc,stats]        Contention: Mark Segment Reset Contention                     0 / 0                 0 / 24                0 / 24                0 / 24          ops/s
[85.100s][info   ][gc,stats]        Contention: Mark SeqNum Reset Contention                      0 / 0                 0 / 5                 0 / 5                 0 / 5           ops/s
[85.100s][info   ][gc,stats]          Critical: Allocation Stall                                  0 / 0                 0 / 0                 0 / 0                 0 / 0           ops/s
[85.100s][info   ][gc,stats]          Critical: Allocation Stall                              0.000 / 0.000         0.000 / 0.000         0.000 / 0.000         0.000 / 0.000       ms
[85.100s][info   ][gc,stats]          Critical: JNI Critical Stall                                0 / 0                 0 / 0                 0 / 0                 0 / 0           ops/s
[85.100s][info   ][gc,stats]          Critical: JNI Critical Stall                            0.000 / 0.000         0.000 / 0.000         0.000 / 0.000         0.000 / 0.000       ms
[85.100s][info   ][gc,stats]          Critical: Relocation Stall                                  0 / 0                 0 / 0                 0 / 0                 0 / 0           ops/s
[85.100s][info   ][gc,stats]          Critical: Relocation Stall                              0.000 / 0.000         0.000 / 0.000         0.000 / 0.000         0.000 / 0.000       ms
[85.100s][info   ][gc,stats]  Major Collection: Major Collection                              0.000 / 0.000      3702.924 / 22592.915  3702.924 / 22592.915  3702.924 / 22592.915   ms
[85.100s][info   ][gc,stats]            Memory: Allocation Rate                                   0 / 2               658 / 1764            658 / 1764            658 / 1764        MB/s
[85.100s][info   ][gc,stats]            Memory: Defragment                                        0 / 0                 0 / 0                 0 / 0                 0 / 0           ops/s
[85.100s][info   ][gc,stats]            Memory: Mapped Cache Harvest                              0 / 0                 0 / 0                 0 / 0                 0 / 0           MB/s
[85.100s][info   ][gc,stats]            Memory: Out Of Memory                                     0 / 0                 0 / 0                 0 / 0                 0 / 0           ops/s
[85.100s][info   ][gc,stats]            Memory: Uncommit                                          0 / 0                 0 / 0                 0 / 0                 0 / 0           MB/s
[85.100s][info   ][gc,stats]            Memory: Undo Object Allocation Failed                     0 / 0                 0 / 0                 0 / 0                 0 / 0           ops/s
[85.100s][info   ][gc,stats]            Memory: Undo Object Allocation Succeeded                  0 / 0                 0 / 0                 0 / 0                 0 / 0           ops/s
[85.100s][info   ][gc,stats]            Memory: Undo Page Allocation                              0 / 0                 0 / 0                 0 / 0                 0 / 0           ops/s
[85.100s][info   ][gc,stats]  Minor Collection: Minor Collection                              0.000 / 0.000         0.000 / 0.000         0.000 / 0.000         0.000 / 0.000       ms
[85.100s][info   ][gc,stats]    Old Generation: Old Generation                                0.000 / 0.000      1372.480 / 7990.023   1372.480 / 7990.023   1372.480 / 7990.023    ms
[85.100s][info   ][gc,stats]         Old Pause: Pause Mark End                                0.000 / 0.000         0.011 / 0.015         0.011 / 0.015         0.011 / 0.015       ms
[85.100s][info   ][gc,stats]         Old Pause: Pause Relocate Start                          0.000 / 0.000         0.009 / 0.016         0.009 / 0.016         0.009 / 0.016       ms
[85.100s][info   ][gc,stats]         Old Phase: Concurrent Mark                               0.000 / 0.000      1189.535 / 7039.447   1189.535 / 7039.447   1189.535 / 7039.447    ms
[85.100s][info   ][gc,stats]         Old Phase: Concurrent Mark Continue                      0.000 / 0.000         0.000 / 0.000         0.000 / 0.000         0.000 / 0.000       ms
[85.100s][info   ][gc,stats]         Old Phase: Concurrent Mark Free                          0.000 / 0.000         0.002 / 0.005         0.002 / 0.005         0.002 / 0.005       ms
[85.100s][info   ][gc,stats]         Old Phase: Concurrent Process Non-Strong                 0.000 / 0.000        83.767 / 598.370      83.767 / 598.370      83.767 / 598.370     ms
[85.100s][info   ][gc,stats]         Old Phase: Concurrent Relocate                           0.000 / 0.000         0.816 / 2.224         0.816 / 2.224         0.816 / 2.224       ms
[85.100s][info   ][gc,stats]         Old Phase: Concurrent Remap Roots                        0.000 / 0.000        97.657 / 359.522      97.657 / 359.522      97.657 / 359.522     ms
[85.100s][info   ][gc,stats]         Old Phase: Concurrent Reset Relocation Set               0.000 / 0.000         0.001 / 0.001         0.001 / 0.001         0.001 / 0.001       ms
[85.100s][info   ][gc,stats]         Old Phase: Concurrent Select Relocation Set              0.000 / 0.000         0.513 / 0.738         0.513 / 0.738         0.513 / 0.738       ms
[85.100s][info   ][gc,stats]      Old Subphase: Concurrent Classes Purge                      0.000 / 0.000         0.046 / 0.229         0.046 / 0.229         0.046 / 0.229       ms
[85.100s][info   ][gc,stats]      Old Subphase: Concurrent Classes Unlink                     0.000 / 0.000         0.946 / 1.200         0.946 / 1.200         0.946 / 1.200       ms
[85.100s][info   ][gc,stats]      Old Subphase: Concurrent Mark Follow                        0.000 / 0.000      1189.463 / 7039.363   1189.463 / 7039.363   1189.463 / 7039.363    ms
[85.100s][info   ][gc,stats]      Old Subphase: Concurrent Mark Root Colored                  0.024 / 0.032         0.023 / 0.070         0.023 / 0.070         0.023 / 0.070       ms
[85.100s][info   ][gc,stats]      Old Subphase: Concurrent Mark Root Uncolored                0.024 / 0.026         0.024 / 0.064         0.024 / 0.064         0.024 / 0.064       ms
[85.100s][info   ][gc,stats]      Old Subphase: Concurrent Mark Roots                         0.079 / 0.079         0.070 / 0.087         0.070 / 0.087         0.070 / 0.087       ms
[85.100s][info   ][gc,stats]      Old Subphase: Concurrent References Enqueue                 0.000 / 0.000         0.001 / 0.003         0.001 / 0.003         0.001 / 0.003       ms
[85.100s][info   ][gc,stats]      Old Subphase: Concurrent References Process                 0.000 / 0.000        82.595 / 597.029      82.595 / 597.029      82.595 / 597.029     ms
[85.100s][info   ][gc,stats]      Old Subphase: Concurrent Remap Remembered                   0.000 / 0.000        67.363 / 359.240      67.363 / 359.240      67.363 / 359.240     ms
[85.100s][info   ][gc,stats]      Old Subphase: Concurrent Remap Roots Colored                0.000 / 0.000         0.150 / 0.271         0.150 / 0.271         0.150 / 0.271       ms
[85.101s][info   ][gc,stats]      Old Subphase: Concurrent Remap Roots Uncolored              0.000 / 0.000         0.123 / 0.215         0.123 / 0.215         0.123 / 0.215       ms
[85.101s][info   ][gc,stats]      Old Subphase: Concurrent Roots ClassLoaderDataGraph         0.019 / 0.022         0.088 / 0.262         0.088 / 0.262         0.088 / 0.262       ms
[85.101s][info   ][gc,stats]      Old Subphase: Concurrent Roots CodeCache                    0.000 / 0.000         0.122 / 0.213         0.122 / 0.213         0.122 / 0.213       ms
[85.101s][info   ][gc,stats]      Old Subphase: Concurrent Roots JavaThreads                  0.024 / 0.026         0.008 / 0.063         0.008 / 0.063         0.008 / 0.063       ms
[85.101s][info   ][gc,stats]      Old Subphase: Concurrent Roots OopStorageSet                0.009 / 0.009         0.003 / 0.009         0.003 / 0.009         0.003 / 0.009       ms
[85.101s][info   ][gc,stats]      Old Subphase: Concurrent Weak Roots OopStorageSet           0.000 / 0.000         0.043 / 0.155         0.043 / 0.155         0.043 / 0.155       ms
[85.101s][info   ][gc,stats]            System: Java Threads                                     11 / 11               11 / 13               11 / 13               11 / 13          threads
[85.101s][info   ][gc,stats]  Young Generation: Young Generation                           8909.849 / 8909.849   2800.297 / 14602.748  2800.297 / 14602.748  2800.297 / 14602.748   ms
[85.101s][info   ][gc,stats]  Young Generation: Young Generation                              0.000 / 0.000         0.000 / 0.000         0.000 / 0.000         0.000 / 0.000       ms
[85.101s][info   ][gc,stats]  Young Generation: Young Generation (Collect Roots)              0.000 / 0.000         0.000 / 0.000         0.000 / 0.000         0.000 / 0.000       ms
[85.101s][info   ][gc,stats]  Young Generation: Young Generation (Promote All)                0.000 / 0.000         0.000 / 0.000         0.000 / 0.000         0.000 / 0.000       ms
[85.101s][info   ][gc,stats]       Young Pause: Pause Mark End                                0.013 / 0.013         0.011 / 0.014         0.011 / 0.014         0.011 / 0.014       ms
[85.101s][info   ][gc,stats]       Young Pause: Pause Mark Start                              0.000 / 0.000         0.000 / 0.000         0.000 / 0.000         0.000 / 0.000       ms
[85.101s][info   ][gc,stats]       Young Pause: Pause Mark Start (Major)                      0.000 / 0.000         0.023 / 0.036         0.023 / 0.036         0.023 / 0.036       ms
[85.101s][info   ][gc,stats]       Young Pause: Pause Relocate Start                          0.012 / 0.012         0.008 / 0.014         0.008 / 0.014         0.008 / 0.014       ms
[85.101s][info   ][gc,stats]       Young Phase: Concurrent Mark                            6345.605 / 6345.605   2368.346 / 13057.499  2368.346 / 13057.499  2368.346 / 13057.499   ms
[85.101s][info   ][gc,stats]       Young Phase: Concurrent Mark Continue                      0.000 / 0.000         0.000 / 0.000         0.000 / 0.000         0.000 / 0.000       ms
[85.101s][info   ][gc,stats]       Young Phase: Concurrent Mark Free                          0.006 / 0.006         0.003 / 0.006         0.003 / 0.006         0.003 / 0.006       ms
[85.101s][info   ][gc,stats]       Young Phase: Concurrent Relocate                        1349.633 / 1349.633    229.088 / 1349.633    229.088 / 1349.633    229.088 / 1349.633    ms
[85.101s][info   ][gc,stats]       Young Phase: Concurrent Reset Relocation Set               2.009 / 2.009         0.282 / 2.009         0.282 / 2.009         0.282 / 2.009       ms
[85.101s][info   ][gc,stats]       Young Phase: Concurrent Select Relocation Set           1211.983 / 1211.983    202.194 / 1211.983    202.194 / 1211.983    202.194 / 1211.983    ms
[85.101s][info   ][gc,stats]    Young Subphase: Concurrent Mark Follow                     6345.056 / 6345.056   2367.675 / 13056.921  2367.675 / 13056.921  2367.675 / 13056.921   ms
[85.101s][info   ][gc,stats]    Young Subphase: Concurrent Mark Root Colored                  0.000 / 0.000         0.359 / 0.619         0.359 / 0.619         0.359 / 0.619       ms
[85.101s][info   ][gc,stats]    Young Subphase: Concurrent Mark Root Uncolored                0.000 / 0.000         0.254 / 0.406         0.254 / 0.406         0.254 / 0.406       ms
[85.101s][info   ][gc,stats]    Young Subphase: Concurrent Mark Roots                         0.000 / 0.000         0.669 / 0.962         0.669 / 0.962         0.669 / 0.962       ms
[85.101s][info   ][gc,stats]    Young Subphase: Concurrent Relocate Remset FP              1349.393 / 1349.393    228.544 / 1349.393    228.544 / 1349.393    228.544 / 1349.393    ms
[85.101s][info   ][gc,stats]    Young Subphase: Concurrent Roots ClassLoaderDataGraph         0.000 / 0.000         0.259 / 0.434         0.259 / 0.434         0.259 / 0.434       ms
[85.101s][info   ][gc,stats]    Young Subphase: Concurrent Roots CodeCache                    0.000 / 0.000         0.230 / 0.381         0.230 / 0.381         0.230 / 0.381       ms
[85.101s][info   ][gc,stats]    Young Subphase: Concurrent Roots JavaThreads                  0.002 / 0.002         0.018 / 0.284         0.018 / 0.284         0.018 / 0.284       ms
[85.101s][info   ][gc,stats]    Young Subphase: Concurrent Roots OopStorageSet                0.000 / 0.000         0.013 / 0.092         0.013 / 0.092         0.013 / 0.092       ms
[85.101s][info   ][gc,stats]    Young Subphase: Concurrent Weak Roots OopStorageSet           0.000 / 0.000         0.088 / 0.198         0.088 / 0.198         0.088 / 0.198       ms
[85.101s][info   ][gc,stats] =========================================================================================================================================================
