
=== Instance 7/8, outer iteration 236/300 (Variant sep_dyn) ===

Affinity: allowed=24,25,26,27,28,29,30,31,32,33,34,35 jvm=24,25,26,27,28,29,30,31,32,33 aux=34,35
Benchmark args: 50000000
Command: /gorilla/home/fredrha/SimplifyingWeakRefs/build/variant-images/sep_dyn-linux-x86_64-server-release/jdk/bin/java -Xms64g -Xmx64g -XX:+UseZGC -Xlog:gc+stats,gc+ref -XX:InitialTenuringThreshold=1 -XX:MaxTenuringThreshold=1 -XX:ZCollectionIntervalMajor=0.5 -XX:+ZCollectionIntervalOnly -XX:NativeMemoryTracking=summary /gorilla/home/fredrha/SimplifyingWeakRefs/test/weakrefs/WeakRefMultiObjectBenchmark.java 50000000

[0.004s][warning][gc] ***** WARNING! INCORRECT SYSTEM CONFIGURATION DETECTED! *****
[0.004s][warning][gc] The system limit on number of memory mappings per process might be too low for the given
[0.004s][warning][gc] max Java heap size (65536M). Please adjust /proc/sys/vm/max_map_count to allow for at
[0.004s][warning][gc] least 117964 mappings (current limit is 65530). Continuing execution with the current
[0.004s][warning][gc] limit could lead to a premature OutOfMemoryError being thrown, due to failure to map memory.
[0.004s][info   ][gc,ref] Reference Processor created, Config: Separate lists, dynamic array
[14.778s][info   ][gc,ref] GC(0) O:                           Encountered       Discovered Cleared/Enqueued 
[14.778s][info   ][gc,ref] GC(0) O: Soft References:                    0                0                0 
[14.778s][info   ][gc,ref] GC(0) O: Weak References:                    0                0                0 
[14.778s][info   ][gc,ref] GC(0) O: Weak (No Queue):                    0                0                0 
[14.778s][info   ][gc,ref] GC(0) O: Final References:                   0                0                0 
[14.778s][info   ][gc,ref] GC(0) O: Phantom References:                 0                0                0 
[15.296s][info   ][gc,ref] GC(1) O:                           Encountered       Discovered Cleared/Enqueued 
[15.296s][info   ][gc,ref] GC(1) O: Soft References:                  148                0                0 
[15.296s][info   ][gc,ref] GC(1) O: Weak References:                  605                0                0 
[15.296s][info   ][gc,ref] GC(1) O: Weak (No Queue):                    3                0                0 
[15.296s][info   ][gc,ref] GC(1) O: Final References:                   0                0                0 
[15.296s][info   ][gc,ref] GC(1) O: Phantom References:                 1                0                0 
[15.813s][info   ][gc,ref] GC(2) O:                           Encountered       Discovered Cleared/Enqueued 
[15.813s][info   ][gc,ref] GC(2) O: Soft References:                  148                0                0 
[15.813s][info   ][gc,ref] GC(2) O: Weak References:                  605                0                0 
[15.813s][info   ][gc,ref] GC(2) O: Weak (No Queue):                    3                0                0 
[15.813s][info   ][gc,ref] GC(2) O: Final References:                   0                0                0 
[15.813s][info   ][gc,ref] GC(2) O: Phantom References:                 1                0                0 
[16.328s][info   ][gc,ref] GC(3) O:                           Encountered       Discovered Cleared/Enqueued 
[16.328s][info   ][gc,ref] GC(3) O: Soft References:                  165                0                0 
[16.328s][info   ][gc,ref] GC(3) O: Weak References:                  889              405              130 
[16.328s][info   ][gc,ref] GC(3) O: Weak (No Queue):                    3                2                0 
[16.328s][info   ][gc,ref] GC(3) O: Final References:                   0                0                0 
[16.328s][info   ][gc,ref] GC(3) O: Phantom References:                 1                1                0 
WeakRefMultiObjectBenchmark: objects=50000000 minSize=509 maxSize=1097 sleepMillis=3000
Phase 1: Allocating references and objects...
[16.881s][info   ][gc,ref] GC(4) O:                           Encountered       Discovered Cleared/Enqueued 
[16.881s][info   ][gc,ref] GC(4) O: Soft References:                  239                0                0 
[16.881s][info   ][gc,ref] GC(4) O: Weak References:                 1201              299                0 
[16.881s][info   ][gc,ref] GC(4) O: Weak (No Queue):                    3                2                0 
[16.881s][info   ][gc,ref] GC(4) O: Final References:                   0                0                0 
[16.881s][info   ][gc,ref] GC(4) O: Phantom References:                 1                1                0 
[17.731s][info   ][gc,ref] GC(5) O:                           Encountered       Discovered Cleared/Enqueued 
[17.731s][info   ][gc,ref] GC(5) O: Soft References:                  238                0                0 
[17.731s][info   ][gc,ref] GC(5) O: Weak References:                 1201               82               80 
[17.731s][info   ][gc,ref] GC(5) O: Weak (No Queue):                    3                2                0 
[17.731s][info   ][gc,ref] GC(5) O: Final References:                   0                0                0 
[17.731s][info   ][gc,ref] GC(5) O: Phantom References:                 1                1                0 
[18.394s][info   ][gc,ref] GC(6) O:                           Encountered       Discovered Cleared/Enqueued 
[18.394s][info   ][gc,ref] GC(6) O: Soft References:                  238                0                0 
[18.394s][info   ][gc,ref] GC(6) O: Weak References:                 1121              548              121 
[18.394s][info   ][gc,ref] GC(6) O: Weak (No Queue):                    3                2                0 
[18.394s][info   ][gc,ref] GC(6) O: Final References:                   0                0                0 
[18.394s][info   ][gc,ref] GC(6) O: Phantom References:                 1                1                0 
[19.112s][info   ][gc,ref] GC(7) O:                           Encountered       Discovered Cleared/Enqueued 
[19.112s][info   ][gc,ref] GC(7) O: Soft References:                  238                0                0 
[19.112s][info   ][gc,ref] GC(7) O: Weak References:                 1000              829                0 
[19.112s][info   ][gc,ref] GC(7) O: Weak (No Queue):                88228                3                0 
[19.112s][info   ][gc,ref] GC(7) O: Final References:                   0                0                0 
[19.112s][info   ][gc,ref] GC(7) O: Phantom References:                 1                1                0 
[20.415s][info   ][gc,ref] GC(8) O:                           Encountered       Discovered Cleared/Enqueued 
[20.415s][info   ][gc,ref] GC(8) O: Soft References:                  238                0                0 
[20.415s][info   ][gc,ref] GC(8) O: Weak References:                 1000              710                0 
[20.415s][info   ][gc,ref] GC(8) O: Weak (No Queue):              1536020                3                0 
[20.415s][info   ][gc,ref] GC(8) O: Final References:                   0                0                0 
[20.415s][info   ][gc,ref] GC(8) O: Phantom References:                 1                1                0 
[23.070s][info   ][gc,ref] GC(9) O:                           Encountered       Discovered Cleared/Enqueued 
[23.070s][info   ][gc,ref] GC(9) O: Soft References:                  238                0                0 
[23.070s][info   ][gc,ref] GC(9) O: Weak References:                 1000              557                0 
[23.070s][info   ][gc,ref] GC(9) O: Weak (No Queue):              4132124            46167                0 
[23.070s][info   ][gc,ref] GC(9) O: Final References:                   0                0                0 
[23.070s][info   ][gc,ref] GC(9) O: Phantom References:                 1                1                0 
[28.441s][info   ][gc,ref] GC(10) O:                           Encountered       Discovered Cleared/Enqueued 
[28.441s][info   ][gc,ref] GC(10) O: Soft References:                  238                0                0 
[28.441s][info   ][gc,ref] GC(10) O: Weak References:                 1000              837                0 
[28.441s][info   ][gc,ref] GC(10) O: Weak (No Queue):              9361632            36646                0 
[28.441s][info   ][gc,ref] GC(10) O: Final References:                   0                0                0 
[28.441s][info   ][gc,ref] GC(10) O: Phantom References:                 1                1                0 
[39.620s][info   ][gc,ref] GC(11) O:                           Encountered       Discovered Cleared/Enqueued 
[39.620s][info   ][gc,ref] GC(11) O: Soft References:                  238                0                0 
[39.620s][info   ][gc,ref] GC(11) O: Weak References:                 1000              714                0 
[39.620s][info   ][gc,ref] GC(11) O: Weak (No Queue):             19948923            90525                0 
[39.620s][info   ][gc,ref] GC(11) O: Final References:                   0                0                0 
[39.620s][info   ][gc,ref] GC(11) O: Phantom References:                 1                1                0 
Allocated 50000000 objects in 27.66 seconds
Phase 2: Sleeping for 3000 ms...
Phase 3.1: Clearing strong references...
Cleared 10000001 strong references, 39999999 remaining
Waiting 3000 ms...
Phase 3.2: Clearing strong references...
Cleared 10000001 strong references, 29999998 remaining
Waiting 3000 ms...
Phase 3.3: Clearing strong references...
Cleared 10000001 strong references, 19999997 remaining
Waiting 3000 ms...
Phase 3.4: Clearing strong references...
Cleared 10000001 strong references, 9999996 remaining
Waiting 3000 ms...
[61.450s][info   ][gc,ref] GC(12) O:                           Encountered       Discovered Cleared/Enqueued 
[61.450s][info   ][gc,ref] GC(12) O: Soft References:                  238                0                0 
[61.450s][info   ][gc,ref] GC(12) O: Weak References:                 1000              789                0 
[61.450s][info   ][gc,ref] GC(12) O: Weak (No Queue):             41684137          4070697                0 
[61.450s][info   ][gc,ref] GC(12) O: Final References:                   0                0                0 
[61.450s][info   ][gc,ref] GC(12) O: Phantom References:                 1                1                0 
Phase 3.5: Clearing strong references...
Cleared 9999996 strong references, 0 remaining
Waiting 3000 ms...
Waiting 6000 ms...
Phase 4: Final weak reference checks...
Final count of alive weak references: 50000000
[82.038s][info   ][gc,stats] === Garbage Collection Statistics =======================================================================================================================
[82.038s][info   ][gc,stats]                                                              Last 10s              Last 10m              Last 10h                Total
[82.038s][info   ][gc,stats]                                                              Avg / Max             Avg / Max             Avg / Max             Avg / Max
[82.038s][info   ][gc,stats]        Contention: Mark Segment Reset Contention                     0 / 3                 0 / 22                0 / 22                0 / 22          ops/s
[82.038s][info   ][gc,stats]        Contention: Mark SeqNum Reset Contention                      0 / 0                 0 / 7                 0 / 7                 0 / 7           ops/s
[82.038s][info   ][gc,stats]          Critical: Allocation Stall                                  0 / 0                 0 / 0                 0 / 0                 0 / 0           ops/s
[82.038s][info   ][gc,stats]          Critical: Allocation Stall                              0.000 / 0.000         0.000 / 0.000         0.000 / 0.000         0.000 / 0.000       ms
[82.038s][info   ][gc,stats]          Critical: JNI Critical Stall                                0 / 0                 0 / 0                 0 / 0                 0 / 0           ops/s
[82.038s][info   ][gc,stats]          Critical: JNI Critical Stall                            0.000 / 0.000         0.000 / 0.000         0.000 / 0.000         0.000 / 0.000       ms
[82.038s][info   ][gc,stats]          Critical: Relocation Stall                                  0 / 0                 0 / 0                 0 / 0                 0 / 0           ops/s
[82.038s][info   ][gc,stats]          Critical: Relocation Stall                              0.000 / 0.000         0.000 / 0.000         0.000 / 0.000         0.000 / 0.000       ms
[82.038s][info   ][gc,stats]  Major Collection: Major Collection                              0.000 / 0.000      3124.471 / 21321.078  3124.471 / 21321.078  3124.471 / 21321.078   ms
[82.038s][info   ][gc,stats]            Memory: Allocation Rate                                   0 / 0               677 / 1796            677 / 1796            677 / 1796        MB/s
[82.038s][info   ][gc,stats]            Memory: Defragment                                        0 / 0                 0 / 0                 0 / 0                 0 / 0           ops/s
[82.038s][info   ][gc,stats]            Memory: Mapped Cache Harvest                              0 / 0                 0 / 0                 0 / 0                 0 / 0           MB/s
[82.038s][info   ][gc,stats]            Memory: Out Of Memory                                     0 / 0                 0 / 0                 0 / 0                 0 / 0           ops/s
[82.038s][info   ][gc,stats]            Memory: Uncommit                                          0 / 0                 0 / 0                 0 / 0                 0 / 0           MB/s
[82.038s][info   ][gc,stats]            Memory: Undo Object Allocation Failed                     0 / 0                 0 / 0                 0 / 0                 0 / 0           ops/s
[82.038s][info   ][gc,stats]            Memory: Undo Object Allocation Succeeded                  0 / 0                 0 / 2                 0 / 2                 0 / 2           ops/s
[82.038s][info   ][gc,stats]            Memory: Undo Page Allocation                              0 / 0                 0 / 0                 0 / 0                 0 / 0           ops/s
[82.038s][info   ][gc,stats]  Minor Collection: Minor Collection                              0.000 / 0.000         0.000 / 0.000         0.000 / 0.000         0.000 / 0.000       ms
[82.038s][info   ][gc,stats]    Old Generation: Old Generation                                0.000 / 0.000       864.743 / 5841.815    864.743 / 5841.815    864.743 / 5841.815    ms
[82.038s][info   ][gc,stats]         Old Pause: Pause Mark End                                0.000 / 0.000         0.010 / 0.015         0.010 / 0.015         0.010 / 0.015       ms
[82.038s][info   ][gc,stats]         Old Pause: Pause Relocate Start                          0.000 / 0.000         0.008 / 0.014         0.008 / 0.014         0.008 / 0.014       ms
[82.038s][info   ][gc,stats]         Old Phase: Concurrent Mark                               0.000 / 0.000       758.293 / 5212.505    758.293 / 5212.505    758.293 / 5212.505    ms
[82.038s][info   ][gc,stats]         Old Phase: Concurrent Mark Continue                      0.000 / 0.000         0.000 / 0.000         0.000 / 0.000         0.000 / 0.000       ms
[82.038s][info   ][gc,stats]         Old Phase: Concurrent Mark Free                          0.000 / 0.000         0.003 / 0.005         0.003 / 0.005         0.003 / 0.005       ms
[82.038s][info   ][gc,stats]         Old Phase: Concurrent Process Non-Strong                 0.000 / 0.000        24.908 / 297.327      24.908 / 297.327      24.908 / 297.327     ms
[82.038s][info   ][gc,stats]         Old Phase: Concurrent Relocate                           0.000 / 0.000         1.398 / 2.127         1.398 / 2.127         1.398 / 2.127       ms
[82.038s][info   ][gc,stats]         Old Phase: Concurrent Remap Roots                        0.000 / 0.000        79.389 / 341.588      79.389 / 341.588      79.389 / 341.588     ms
[82.038s][info   ][gc,stats]         Old Phase: Concurrent Reset Relocation Set               0.000 / 0.000         0.001 / 0.002         0.001 / 0.002         0.001 / 0.002       ms
[82.038s][info   ][gc,stats]         Old Phase: Concurrent Select Relocation Set              0.000 / 0.000         0.538 / 0.748         0.538 / 0.748         0.538 / 0.748       ms
[82.038s][info   ][gc,stats]      Old Subphase: Concurrent Classes Purge                      0.000 / 0.000         0.165 / 1.590         0.165 / 1.590         0.165 / 1.590       ms
[82.038s][info   ][gc,stats]      Old Subphase: Concurrent Classes Unlink                     0.000 / 0.000         0.987 / 1.345         0.987 / 1.345         0.987 / 1.345       ms
[82.038s][info   ][gc,stats]      Old Subphase: Concurrent Mark Follow                        0.000 / 0.000       758.217 / 5212.402    758.217 / 5212.402    758.217 / 5212.402    ms
[82.038s][info   ][gc,stats]      Old Subphase: Concurrent Mark Root Colored                  0.024 / 0.035         0.020 / 0.039         0.020 / 0.039         0.020 / 0.039       ms
[82.038s][info   ][gc,stats]      Old Subphase: Concurrent Mark Root Uncolored                0.053 / 0.072         0.028 / 0.072         0.028 / 0.072         0.028 / 0.072       ms
[82.038s][info   ][gc,stats]      Old Subphase: Concurrent Mark Roots                         0.127 / 0.127         0.078 / 0.127         0.078 / 0.127         0.078 / 0.127       ms
[82.038s][info   ][gc,stats]      Old Subphase: Concurrent References Enqueue                 0.000 / 0.000         0.001 / 0.003         0.001 / 0.003         0.001 / 0.003       ms
[82.038s][info   ][gc,stats]      Old Subphase: Concurrent References Process                 0.000 / 0.000        23.571 / 294.417      23.571 / 294.417      23.571 / 294.417     ms
[82.038s][info   ][gc,stats]      Old Subphase: Concurrent Remap Remembered                   0.000 / 0.000        53.220 / 341.198      53.220 / 341.198      53.220 / 341.198     ms
[82.038s][info   ][gc,stats]      Old Subphase: Concurrent Remap Roots Colored                0.000 / 0.000         0.152 / 0.295         0.152 / 0.295         0.152 / 0.295       ms
[82.038s][info   ][gc,stats]      Old Subphase: Concurrent Remap Roots Uncolored              0.000 / 0.000         0.131 / 0.241         0.131 / 0.241         0.131 / 0.241       ms
[82.038s][info   ][gc,stats]      Old Subphase: Concurrent Roots ClassLoaderDataGraph         0.018 / 0.023         0.087 / 0.283         0.087 / 0.283         0.087 / 0.283       ms
[82.038s][info   ][gc,stats]      Old Subphase: Concurrent Roots CodeCache                    0.000 / 0.000         0.129 / 0.239         0.129 / 0.239         0.129 / 0.239       ms
[82.038s][info   ][gc,stats]      Old Subphase: Concurrent Roots JavaThreads                  0.053 / 0.072         0.009 / 0.072         0.009 / 0.072         0.009 / 0.072       ms
[82.038s][info   ][gc,stats]      Old Subphase: Concurrent Roots OopStorageSet                0.010 / 0.010         0.003 / 0.012         0.003 / 0.012         0.003 / 0.012       ms
[82.038s][info   ][gc,stats]      Old Subphase: Concurrent Weak Roots OopStorageSet           0.000 / 0.000         0.047 / 0.142         0.047 / 0.142         0.047 / 0.142       ms
[82.038s][info   ][gc,stats]            System: Java Threads                                     11 / 11               11 / 12               11 / 12               11 / 12          threads
[82.038s][info   ][gc,stats]  Young Generation: Young Generation                          11181.446 / 11181.446  2896.894 / 15479.122  2896.894 / 15479.122  2896.894 / 15479.122   ms
[82.038s][info   ][gc,stats]  Young Generation: Young Generation                              0.000 / 0.000         0.000 / 0.000         0.000 / 0.000         0.000 / 0.000       ms
[82.038s][info   ][gc,stats]  Young Generation: Young Generation (Collect Roots)              0.000 / 0.000         0.000 / 0.000         0.000 / 0.000         0.000 / 0.000       ms
[82.038s][info   ][gc,stats]  Young Generation: Young Generation (Promote All)                0.000 / 0.000         0.000 / 0.000         0.000 / 0.000         0.000 / 0.000       ms
[82.038s][info   ][gc,stats]       Young Pause: Pause Mark End                                0.000 / 0.000         0.011 / 0.014         0.011 / 0.014         0.011 / 0.014       ms
[82.038s][info   ][gc,stats]       Young Pause: Pause Mark Start                              0.000 / 0.000         0.000 / 0.000         0.000 / 0.000         0.000 / 0.000       ms
[82.038s][info   ][gc,stats]       Young Pause: Pause Mark Start (Major)                      0.000 / 0.000         0.023 / 0.035         0.023 / 0.035         0.023 / 0.035       ms
[82.038s][info   ][gc,stats]       Young Pause: Pause Relocate Start                          0.014 / 0.014         0.007 / 0.014         0.007 / 0.014         0.007 / 0.014       ms
[82.038s][info   ][gc,stats]       Young Phase: Concurrent Mark                               0.000 / 0.000      2526.746 / 14245.447  2526.746 / 14245.447  2526.746 / 14245.447   ms
[82.038s][info   ][gc,stats]       Young Phase: Concurrent Mark Continue                      0.000 / 0.000         0.000 / 0.000         0.000 / 0.000         0.000 / 0.000       ms
[82.038s][info   ][gc,stats]       Young Phase: Concurrent Mark Free                          0.000 / 0.000         0.004 / 0.008         0.004 / 0.008         0.004 / 0.008       ms
[82.038s][info   ][gc,stats]       Young Phase: Concurrent Relocate                        1310.200 / 1310.200    195.257 / 1310.200    195.257 / 1310.200    195.257 / 1310.200    ms
[82.038s][info   ][gc,stats]       Young Phase: Concurrent Reset Relocation Set               0.000 / 0.000         0.204 / 1.455         0.204 / 1.455         0.204 / 1.455       ms
[82.038s][info   ][gc,stats]       Young Phase: Concurrent Select Relocation Set           1194.511 / 1194.511    174.330 / 1194.511    174.330 / 1194.511    174.330 / 1194.511    ms
[82.038s][info   ][gc,stats]    Young Subphase: Concurrent Mark Follow                        0.000 / 0.000      2525.989 / 14244.724  2525.989 / 14244.724  2525.989 / 14244.724   ms
[82.038s][info   ][gc,stats]    Young Subphase: Concurrent Mark Root Colored                  0.000 / 0.000         0.442 / 0.991         0.442 / 0.991         0.442 / 0.991       ms
[82.038s][info   ][gc,stats]    Young Subphase: Concurrent Mark Root Uncolored                0.000 / 0.000         0.257 / 0.329         0.257 / 0.329         0.257 / 0.329       ms
[82.038s][info   ][gc,stats]    Young Subphase: Concurrent Mark Roots                         0.000 / 0.000         0.755 / 1.321         0.755 / 1.321         0.755 / 1.321       ms
[82.038s][info   ][gc,stats]    Young Subphase: Concurrent Relocate Remset FP              1310.162 / 1310.162    194.573 / 1310.162    194.573 / 1310.162    194.573 / 1310.162    ms
[82.038s][info   ][gc,stats]    Young Subphase: Concurrent Roots ClassLoaderDataGraph         0.000 / 0.000         0.329 / 0.631         0.329 / 0.631         0.329 / 0.631       ms
[82.038s][info   ][gc,stats]    Young Subphase: Concurrent Roots CodeCache                    0.000 / 0.000         0.234 / 0.307         0.234 / 0.307         0.234 / 0.307       ms
[82.038s][info   ][gc,stats]    Young Subphase: Concurrent Roots JavaThreads                  0.002 / 0.003         0.021 / 0.307         0.021 / 0.307         0.021 / 0.307       ms
[82.038s][info   ][gc,stats]    Young Subphase: Concurrent Roots OopStorageSet                0.000 / 0.000         0.022 / 0.157         0.022 / 0.157         0.022 / 0.157       ms
[82.038s][info   ][gc,stats]    Young Subphase: Concurrent Weak Roots OopStorageSet           0.000 / 0.000         0.114 / 0.272         0.114 / 0.272         0.114 / 0.272       ms
[82.038s][info   ][gc,stats] =========================================================================================================================================================
