
=== Instance 3/8, outer iteration 106/300 (Variant dyn_only) ===

Affinity: allowed=24,25,26,27,28,29,30,31,32,33,34,35 jvm=24,25,26,27,28,29,30,31,32,33 aux=34,35
Benchmark args: 50000000
Command: /gorilla/home/fredrha/SimplifyingWeakRefs/build/variant-images/dyn_only-linux-x86_64-server-release/jdk/bin/java -Xms64g -Xmx64g -XX:+UseZGC -Xlog:gc+stats,gc+ref -XX:InitialTenuringThreshold=1 -XX:MaxTenuringThreshold=1 -XX:ZCollectionIntervalMajor=0.5 -XX:+ZCollectionIntervalOnly -XX:NativeMemoryTracking=summary /gorilla/home/fredrha/SimplifyingWeakRefs/test/weakrefs/WeakRefMultiObjectBenchmark.java 50000000

[0.004s][warning][gc] ***** WARNING! INCORRECT SYSTEM CONFIGURATION DETECTED! *****
[0.004s][warning][gc] The system limit on number of memory mappings per process might be too low for the given
[0.004s][warning][gc] max Java heap size (65536M). Please adjust /proc/sys/vm/max_map_count to allow for at
[0.004s][warning][gc] least 117964 mappings (current limit is 65530). Continuing execution with the current
[0.004s][warning][gc] limit could lead to a premature OutOfMemoryError being thrown, due to failure to map memory.
[0.004s][info   ][gc,ref] Reference Processor created, Config: Dynamic array
[15.172s][info   ][gc,ref] GC(0) O:                       Encountered   Discovered     Enqueued 
[15.172s][info   ][gc,ref] GC(0) O: Soft References:                0            0            0 
[15.172s][info   ][gc,ref] GC(0) O: Weak References:                0            0            0 
[15.172s][info   ][gc,ref] GC(0) O: Final References:               0            0            0 
[15.172s][info   ][gc,ref] GC(0) O: Phantom References:             0            0            0 
[15.688s][info   ][gc,ref] GC(1) O:                       Encountered   Discovered     Enqueued 
[15.688s][info   ][gc,ref] GC(1) O: Soft References:              148            0            0 
[15.688s][info   ][gc,ref] GC(1) O: Weak References:              608            0            0 
[15.688s][info   ][gc,ref] GC(1) O: Final References:               0            0            0 
[15.688s][info   ][gc,ref] GC(1) O: Phantom References:             1            0            0 
[16.203s][info   ][gc,ref] GC(2) O:                       Encountered   Discovered     Enqueued 
[16.203s][info   ][gc,ref] GC(2) O: Soft References:              148            0            0 
[16.203s][info   ][gc,ref] GC(2) O: Weak References:              608            0            0 
[16.203s][info   ][gc,ref] GC(2) O: Final References:               0            0            0 
[16.203s][info   ][gc,ref] GC(2) O: Phantom References:             1            0            0 
[16.718s][info   ][gc,ref] GC(3) O:                       Encountered   Discovered     Enqueued 
[16.718s][info   ][gc,ref] GC(3) O: Soft References:              148            0            0 
[16.718s][info   ][gc,ref] GC(3) O: Weak References:              610          377          130 
[16.718s][info   ][gc,ref] GC(3) O: Final References:               0            0            0 
[16.718s][info   ][gc,ref] GC(3) O: Phantom References:             1            0            0 
WeakRefMultiObjectBenchmark: objects=50000000 minSize=509 maxSize=1097 sleepMillis=3000
[17.268s][info   ][gc,ref] GC(4) O:                       Encountered   Discovered     Enqueued 
[17.268s][info   ][gc,ref] GC(4) O: Soft References:              238            0            0 
[17.268s][info   ][gc,ref] GC(4) O: Weak References:             1204          312            0 
[17.268s][info   ][gc,ref] GC(4) O: Final References:               0            0            0 
[17.268s][info   ][gc,ref] GC(4) O: Phantom References:             1            1            0 
Phase 1: Allocating references and objects...
[18.115s][info   ][gc,ref] GC(5) O:                       Encountered   Discovered     Enqueued 
[18.115s][info   ][gc,ref] GC(5) O: Soft References:              239            0            0 
[18.115s][info   ][gc,ref] GC(5) O: Weak References:             1204          241            1 
[18.115s][info   ][gc,ref] GC(5) O: Final References:               0            0            0 
[18.115s][info   ][gc,ref] GC(5) O: Phantom References:             1            1            0 
[18.769s][info   ][gc,ref] GC(6) O:                       Encountered   Discovered     Enqueued 
[18.769s][info   ][gc,ref] GC(6) O: Soft References:              238            0            0 
[18.769s][info   ][gc,ref] GC(6) O: Weak References:             1203          657          200 
[18.769s][info   ][gc,ref] GC(6) O: Final References:               0            0            0 
[18.769s][info   ][gc,ref] GC(6) O: Phantom References:             1            1            0 
[19.480s][info   ][gc,ref] GC(7) O:                       Encountered   Discovered     Enqueued 
[19.480s][info   ][gc,ref] GC(7) O: Soft References:              238            0            0 
[19.480s][info   ][gc,ref] GC(7) O: Weak References:            13315          318            0 
[19.480s][info   ][gc,ref] GC(7) O: Final References:               0            0            0 
[19.480s][info   ][gc,ref] GC(7) O: Phantom References:             1            1            0 
[20.638s][info   ][gc,ref] GC(8) O:                       Encountered   Discovered     Enqueued 
[20.638s][info   ][gc,ref] GC(8) O: Soft References:              238            0            0 
[20.638s][info   ][gc,ref] GC(8) O: Weak References:          1425437          575            0 
[20.638s][info   ][gc,ref] GC(8) O: Final References:               0            0            0 
[20.638s][info   ][gc,ref] GC(8) O: Phantom References:             1            1            0 
[22.838s][info   ][gc,ref] GC(9) O:                       Encountered   Discovered     Enqueued 
[22.838s][info   ][gc,ref] GC(9) O: Soft References:              238            0            0 
[22.838s][info   ][gc,ref] GC(9) O: Weak References:          3738159         6292            0 
[22.838s][info   ][gc,ref] GC(9) O: Final References:               0            0            0 
[22.838s][info   ][gc,ref] GC(9) O: Phantom References:             1            1            0 
[27.472s][info   ][gc,ref] GC(10) O:                       Encountered   Discovered     Enqueued 
[27.472s][info   ][gc,ref] GC(10) O: Soft References:              238            0            0 
[27.472s][info   ][gc,ref] GC(10) O: Weak References:          8094985       550146            0 
[27.472s][info   ][gc,ref] GC(10) O: Final References:               0            0            0 
[27.472s][info   ][gc,ref] GC(10) O: Phantom References:             1            1            0 
[37.089s][info   ][gc,ref] GC(11) O:                       Encountered   Discovered     Enqueued 
[37.089s][info   ][gc,ref] GC(11) O: Soft References:              238            0            0 
[37.089s][info   ][gc,ref] GC(11) O: Weak References:         17255487      1398789            0 
[37.089s][info   ][gc,ref] GC(11) O: Final References:               0            0            0 
[37.089s][info   ][gc,ref] GC(11) O: Phantom References:             1            1            0 
Allocated 50000000 objects in 27.47 seconds
Phase 2: Sleeping for 3000 ms...
Phase 3.1: Clearing strong references...
Cleared 10000001 strong references, 39999999 remaining
Waiting 3000 ms...
Phase 3.2: Clearing strong references...
Cleared 10000001 strong references, 29999998 remaining
Waiting 3000 ms...
[55.275s][info   ][gc,ref] GC(12) O:                       Encountered   Discovered     Enqueued 
[55.275s][info   ][gc,ref] GC(12) O: Soft References:              238            0            0 
[55.275s][info   ][gc,ref] GC(12) O: Weak References:         36284948       998813            0 
[55.275s][info   ][gc,ref] GC(12) O: Final References:               0            0            0 
[55.275s][info   ][gc,ref] GC(12) O: Phantom References:             1            1            0 
Phase 3.3: Clearing strong references...
Cleared 10000001 strong references, 19999997 remaining
Waiting 3000 ms...
Phase 3.4: Clearing strong references...
Cleared 10000001 strong references, 9999996 remaining
Waiting 3000 ms...
Phase 3.5: Clearing strong references...
Cleared 9999996 strong references, 0 remaining
Waiting 3000 ms...
Waiting 6000 ms...
Phase 4: Final weak reference checks...
Final count of alive weak references: 50000000
[81.103s][info   ][gc,stats] === Garbage Collection Statistics =======================================================================================================================
[81.103s][info   ][gc,stats]                                                              Last 10s              Last 10m              Last 10h                Total
[81.103s][info   ][gc,stats]                                                              Avg / Max             Avg / Max             Avg / Max             Avg / Max
[81.103s][info   ][gc,stats]        Contention: Mark Segment Reset Contention                     0 / 0                 0 / 30                0 / 30                0 / 30          ops/s
[81.103s][info   ][gc,stats]        Contention: Mark SeqNum Reset Contention                      0 / 0                 0 / 6                 0 / 6                 0 / 6           ops/s
[81.103s][info   ][gc,stats]          Critical: Allocation Stall                                  0 / 0                 0 / 0                 0 / 0                 0 / 0           ops/s
[81.103s][info   ][gc,stats]          Critical: Allocation Stall                              0.000 / 0.000         0.000 / 0.000         0.000 / 0.000         0.000 / 0.000       ms
[81.103s][info   ][gc,stats]          Critical: JNI Critical Stall                                0 / 0                 0 / 0                 0 / 0                 0 / 0           ops/s
[81.103s][info   ][gc,stats]          Critical: JNI Critical Stall                            0.000 / 0.000         0.000 / 0.000         0.000 / 0.000         0.000 / 0.000       ms
[81.103s][info   ][gc,stats]          Critical: Relocation Stall                                  0 / 0                 0 / 0                 0 / 0                 0 / 0           ops/s
[81.103s][info   ][gc,stats]          Critical: Relocation Stall                              0.000 / 0.000         0.000 / 0.000         0.000 / 0.000         0.000 / 0.000       ms
[81.103s][info   ][gc,stats]  Major Collection: Major Collection                              0.000 / 0.000      2618.218 / 17676.471  2618.218 / 17676.471  2618.218 / 17676.471   ms
[81.103s][info   ][gc,stats]            Memory: Allocation Rate                                   0 / 0               698 / 1768            698 / 1768            698 / 1768        MB/s
[81.103s][info   ][gc,stats]            Memory: Defragment                                        0 / 0                 0 / 0                 0 / 0                 0 / 0           ops/s
[81.103s][info   ][gc,stats]            Memory: Mapped Cache Harvest                              0 / 0                 0 / 0                 0 / 0                 0 / 0           MB/s
[81.103s][info   ][gc,stats]            Memory: Out Of Memory                                     0 / 0                 0 / 0                 0 / 0                 0 / 0           ops/s
[81.103s][info   ][gc,stats]            Memory: Uncommit                                          0 / 0                 0 / 0                 0 / 0                 0 / 0           MB/s
[81.103s][info   ][gc,stats]            Memory: Undo Object Allocation Failed                     0 / 0                 0 / 0                 0 / 0                 0 / 0           ops/s
[81.103s][info   ][gc,stats]            Memory: Undo Object Allocation Succeeded                  0 / 0                 0 / 1                 0 / 1                 0 / 1           ops/s
[81.103s][info   ][gc,stats]            Memory: Undo Page Allocation                              0 / 0                 0 / 0                 0 / 0                 0 / 0           ops/s
[81.103s][info   ][gc,stats]  Minor Collection: Minor Collection                              0.000 / 0.000         0.000 / 0.000         0.000 / 0.000         0.000 / 0.000       ms
[81.103s][info   ][gc,stats]    Old Generation: Old Generation                                0.000 / 0.000       838.439 / 5284.467    838.439 / 5284.467    838.439 / 5284.467    ms
[81.103s][info   ][gc,stats]         Old Pause: Pause Mark End                                0.000 / 0.000         0.009 / 0.013         0.009 / 0.013         0.009 / 0.013       ms
[81.103s][info   ][gc,stats]         Old Pause: Pause Relocate Start                          0.000 / 0.000         0.008 / 0.012         0.008 / 0.012         0.008 / 0.012       ms
[81.103s][info   ][gc,stats]         Old Phase: Concurrent Mark                               0.000 / 0.000       728.914 / 4815.281    728.914 / 4815.281    728.914 / 4815.281    ms
[81.103s][info   ][gc,stats]         Old Phase: Concurrent Mark Continue                      0.000 / 0.000         0.000 / 0.000         0.000 / 0.000         0.000 / 0.000       ms
[81.103s][info   ][gc,stats]         Old Phase: Concurrent Mark Free                          0.000 / 0.000         0.003 / 0.009         0.003 / 0.009         0.003 / 0.009       ms
[81.103s][info   ][gc,stats]         Old Phase: Concurrent Process Non-Strong                 0.000 / 0.000        27.505 / 185.505      27.505 / 185.505      27.505 / 185.505     ms
[81.103s][info   ][gc,stats]         Old Phase: Concurrent Relocate                           0.000 / 0.000         0.935 / 2.486         0.935 / 2.486         0.935 / 2.486       ms
[81.103s][info   ][gc,stats]         Old Phase: Concurrent Remap Roots                        0.000 / 0.000        80.356 / 366.602      80.356 / 366.602      80.356 / 366.602     ms
[81.103s][info   ][gc,stats]         Old Phase: Concurrent Reset Relocation Set               0.000 / 0.000         0.001 / 0.001         0.001 / 0.001         0.001 / 0.001       ms
[81.103s][info   ][gc,stats]         Old Phase: Concurrent Select Relocation Set              0.000 / 0.000         0.527 / 0.762         0.527 / 0.762         0.527 / 0.762       ms
[81.103s][info   ][gc,stats]      Old Subphase: Concurrent Classes Purge                      0.000 / 0.000         0.201 / 2.240         0.201 / 2.240         0.201 / 2.240       ms
[81.103s][info   ][gc,stats]      Old Subphase: Concurrent Classes Unlink                     0.000 / 0.000         0.932 / 1.394         0.932 / 1.394         0.932 / 1.394       ms
[81.103s][info   ][gc,stats]      Old Subphase: Concurrent Mark Follow                        0.000 / 0.000       728.844 / 4815.149    728.844 / 4815.149    728.844 / 4815.149    ms
[81.103s][info   ][gc,stats]      Old Subphase: Concurrent Mark Root Colored                  0.000 / 0.000         0.021 / 0.036         0.021 / 0.036         0.021 / 0.036       ms
[81.103s][info   ][gc,stats]      Old Subphase: Concurrent Mark Root Uncolored                0.000 / 0.000         0.025 / 0.078         0.025 / 0.078         0.025 / 0.078       ms
[81.103s][info   ][gc,stats]      Old Subphase: Concurrent Mark Roots                         0.000 / 0.000         0.069 / 0.129         0.069 / 0.129         0.069 / 0.129       ms
[81.103s][info   ][gc,stats]      Old Subphase: Concurrent References Enqueue                 0.000 / 0.000         0.001 / 0.005         0.001 / 0.005         0.001 / 0.005       ms
[81.103s][info   ][gc,stats]      Old Subphase: Concurrent References Process                 0.000 / 0.000        26.193 / 183.872      26.193 / 183.872      26.193 / 183.872     ms
[81.103s][info   ][gc,stats]      Old Subphase: Concurrent Remap Remembered                   0.000 / 0.000        54.678 / 366.382      54.678 / 366.382      54.678 / 366.382     ms
[81.103s][info   ][gc,stats]      Old Subphase: Concurrent Remap Roots Colored                0.000 / 0.000         0.137 / 0.260         0.137 / 0.260         0.137 / 0.260       ms
[81.103s][info   ][gc,stats]      Old Subphase: Concurrent Remap Roots Uncolored              0.000 / 0.000         0.135 / 0.267         0.135 / 0.267         0.135 / 0.267       ms
[81.103s][info   ][gc,stats]      Old Subphase: Concurrent Roots ClassLoaderDataGraph         0.000 / 0.000         0.077 / 0.251         0.077 / 0.251         0.077 / 0.251       ms
[81.103s][info   ][gc,stats]      Old Subphase: Concurrent Roots CodeCache                    0.000 / 0.000         0.133 / 0.265         0.133 / 0.265         0.133 / 0.265       ms
[81.103s][info   ][gc,stats]      Old Subphase: Concurrent Roots JavaThreads                  0.000 / 0.000         0.008 / 0.078         0.008 / 0.078         0.008 / 0.078       ms
[81.103s][info   ][gc,stats]      Old Subphase: Concurrent Roots OopStorageSet                0.000 / 0.000         0.003 / 0.010         0.003 / 0.010         0.003 / 0.010       ms
[81.103s][info   ][gc,stats]      Old Subphase: Concurrent Weak Roots OopStorageSet           0.000 / 0.000         0.043 / 0.159         0.043 / 0.159         0.043 / 0.159       ms
[81.103s][info   ][gc,stats]            System: Java Threads                                      0 / 0                11 / 13               11 / 13               11 / 13          threads
[81.103s][info   ][gc,stats]  Young Generation: Young Generation                              0.000 / 0.000      2677.374 / 14347.338  2677.374 / 14347.338  2677.374 / 14347.338   ms
[81.103s][info   ][gc,stats]  Young Generation: Young Generation                              0.000 / 0.000         0.000 / 0.000         0.000 / 0.000         0.000 / 0.000       ms
[81.103s][info   ][gc,stats]  Young Generation: Young Generation (Collect Roots)              0.000 / 0.000         0.000 / 0.000         0.000 / 0.000         0.000 / 0.000       ms
[81.103s][info   ][gc,stats]  Young Generation: Young Generation (Promote All)                0.000 / 0.000         0.000 / 0.000         0.000 / 0.000         0.000 / 0.000       ms
[81.103s][info   ][gc,stats]       Young Pause: Pause Mark End                                0.000 / 0.000         0.010 / 0.013         0.010 / 0.013         0.010 / 0.013       ms
[81.103s][info   ][gc,stats]       Young Pause: Pause Mark Start                              0.000 / 0.000         0.000 / 0.000         0.000 / 0.000         0.000 / 0.000       ms
[81.103s][info   ][gc,stats]       Young Pause: Pause Mark Start (Major)                      0.000 / 0.000         0.021 / 0.030         0.021 / 0.030         0.021 / 0.030       ms
[81.103s][info   ][gc,stats]       Young Pause: Pause Relocate Start                          0.000 / 0.000         0.007 / 0.013         0.007 / 0.013         0.007 / 0.013       ms
[81.103s][info   ][gc,stats]       Young Phase: Concurrent Mark                               0.000 / 0.000      2360.356 / 12234.833  2360.356 / 12234.833  2360.356 / 12234.833   ms
[81.103s][info   ][gc,stats]       Young Phase: Concurrent Mark Continue                      0.000 / 0.000         0.000 / 0.000         0.000 / 0.000         0.000 / 0.000       ms
[81.103s][info   ][gc,stats]       Young Phase: Concurrent Mark Free                          0.000 / 0.000         0.003 / 0.007         0.003 / 0.007         0.003 / 0.007       ms
[81.103s][info   ][gc,stats]       Young Phase: Concurrent Relocate                           0.000 / 0.000       169.165 / 1124.061    169.165 / 1124.061    169.165 / 1124.061    ms
[81.103s][info   ][gc,stats]       Young Phase: Concurrent Reset Relocation Set               0.000 / 0.000         0.215 / 1.575         0.215 / 1.575         0.215 / 1.575       ms
[81.103s][info   ][gc,stats]       Young Phase: Concurrent Select Relocation Set              0.000 / 0.000       147.310 / 986.628     147.310 / 986.628     147.310 / 986.628     ms
[81.103s][info   ][gc,stats]    Young Subphase: Concurrent Mark Follow                        0.000 / 0.000      2359.726 / 12234.471  2359.726 / 12234.471  2359.726 / 12234.471   ms
[81.103s][info   ][gc,stats]    Young Subphase: Concurrent Mark Root Colored                  0.000 / 0.000         0.342 / 0.648         0.342 / 0.648         0.342 / 0.648       ms
[81.103s][info   ][gc,stats]    Young Subphase: Concurrent Mark Root Uncolored                0.000 / 0.000         0.231 / 0.310         0.231 / 0.310         0.231 / 0.310       ms
[81.103s][info   ][gc,stats]    Young Subphase: Concurrent Mark Roots                         0.000 / 0.000         0.628 / 0.978         0.628 / 0.978         0.628 / 0.978       ms
[81.103s][info   ][gc,stats]    Young Subphase: Concurrent Relocate Remset FP                 0.000 / 0.000       168.673 / 1124.017    168.673 / 1124.017    168.673 / 1124.017    ms
[81.103s][info   ][gc,stats]    Young Subphase: Concurrent Roots ClassLoaderDataGraph         0.000 / 0.000         0.236 / 0.433         0.236 / 0.433         0.236 / 0.433       ms
[81.103s][info   ][gc,stats]    Young Subphase: Concurrent Roots CodeCache                    0.000 / 0.000         0.205 / 0.285         0.205 / 0.285         0.205 / 0.285       ms
[81.103s][info   ][gc,stats]    Young Subphase: Concurrent Roots JavaThreads                  0.000 / 0.000         0.019 / 0.291         0.019 / 0.291         0.019 / 0.291       ms
[81.103s][info   ][gc,stats]    Young Subphase: Concurrent Roots OopStorageSet                0.000 / 0.000         0.012 / 0.085         0.012 / 0.085         0.012 / 0.085       ms
[81.103s][info   ][gc,stats]    Young Subphase: Concurrent Weak Roots OopStorageSet           0.000 / 0.000         0.096 / 0.231         0.096 / 0.231         0.096 / 0.231       ms
[81.103s][info   ][gc,stats] =========================================================================================================================================================
