
=== Instance 3/8, outer iteration 100/300 (Variant dyn_only) ===

Affinity: allowed=24,25,26,27,28,29,30,31,32,33,34,35 jvm=24,25,26,27,28,29,30,31,32,33 aux=34,35
Benchmark args: 50000000
Command: /gorilla/home/fredrha/SimplifyingWeakRefs/build/variant-images/dyn_only-linux-x86_64-server-release/jdk/bin/java -Xms64g -Xmx64g -XX:+UseZGC -Xlog:gc+stats,gc+ref -XX:InitialTenuringThreshold=1 -XX:MaxTenuringThreshold=1 -XX:ZCollectionIntervalMajor=0.5 -XX:+ZCollectionIntervalOnly -XX:NativeMemoryTracking=summary /gorilla/home/fredrha/SimplifyingWeakRefs/test/weakrefs/WeakRefMultiObjectBenchmark.java 50000000

[0.004s][warning][gc] ***** WARNING! INCORRECT SYSTEM CONFIGURATION DETECTED! *****
[0.004s][warning][gc] The system limit on number of memory mappings per process might be too low for the given
[0.004s][warning][gc] max Java heap size (65536M). Please adjust /proc/sys/vm/max_map_count to allow for at
[0.004s][warning][gc] least 117964 mappings (current limit is 65530). Continuing execution with the current
[0.004s][warning][gc] limit could lead to a premature OutOfMemoryError being thrown, due to failure to map memory.
[0.004s][info   ][gc,ref] Reference Processor created, Config: Dynamic array
[14.844s][info   ][gc,ref] GC(0) O:                       Encountered   Discovered     Enqueued 
[14.844s][info   ][gc,ref] GC(0) O: Soft References:                0            0            0 
[14.844s][info   ][gc,ref] GC(0) O: Weak References:                0            0            0 
[14.844s][info   ][gc,ref] GC(0) O: Final References:               0            0            0 
[14.844s][info   ][gc,ref] GC(0) O: Phantom References:             0            0            0 
[15.362s][info   ][gc,ref] GC(1) O:                       Encountered   Discovered     Enqueued 
[15.362s][info   ][gc,ref] GC(1) O: Soft References:              148            0            0 
[15.362s][info   ][gc,ref] GC(1) O: Weak References:              608            0            0 
[15.362s][info   ][gc,ref] GC(1) O: Final References:               0            0            0 
[15.362s][info   ][gc,ref] GC(1) O: Phantom References:             1            0            0 
[15.878s][info   ][gc,ref] GC(2) O:                       Encountered   Discovered     Enqueued 
[15.878s][info   ][gc,ref] GC(2) O: Soft References:              148            0            0 
[15.878s][info   ][gc,ref] GC(2) O: Weak References:              608            0            0 
[15.878s][info   ][gc,ref] GC(2) O: Final References:               0            0            0 
[15.878s][info   ][gc,ref] GC(2) O: Phantom References:             1            0            0 
[16.392s][info   ][gc,ref] GC(3) O:                       Encountered   Discovered     Enqueued 
[16.392s][info   ][gc,ref] GC(3) O: Soft References:              159            0            0 
[16.392s][info   ][gc,ref] GC(3) O: Weak References:              712          285          130 
[16.392s][info   ][gc,ref] GC(3) O: Final References:               0            0            0 
[16.392s][info   ][gc,ref] GC(3) O: Phantom References:             1            0            0 
WeakRefMultiObjectBenchmark: objects=50000000 minSize=509 maxSize=1097 sleepMillis=3000
Phase 1: Allocating references and objects...
[16.947s][info   ][gc,ref] GC(4) O:                       Encountered   Discovered     Enqueued 
[16.947s][info   ][gc,ref] GC(4) O: Soft References:              238            0            0 
[16.947s][info   ][gc,ref] GC(4) O: Weak References:             1204          297            0 
[16.947s][info   ][gc,ref] GC(4) O: Final References:               0            0            0 
[16.947s][info   ][gc,ref] GC(4) O: Phantom References:             1            1            0 
[17.798s][info   ][gc,ref] GC(5) O:                       Encountered   Discovered     Enqueued 
[17.798s][info   ][gc,ref] GC(5) O: Soft References:              238            0            0 
[17.798s][info   ][gc,ref] GC(5) O: Weak References:             1204          433           28 
[17.798s][info   ][gc,ref] GC(5) O: Final References:               0            0            0 
[17.798s][info   ][gc,ref] GC(5) O: Phantom References:             1            1            0 
[18.468s][info   ][gc,ref] GC(6) O:                       Encountered   Discovered     Enqueued 
[18.468s][info   ][gc,ref] GC(6) O: Soft References:              238            0            0 
[18.468s][info   ][gc,ref] GC(6) O: Weak References:             1176          697          173 
[18.468s][info   ][gc,ref] GC(6) O: Final References:               0            0            0 
[18.468s][info   ][gc,ref] GC(6) O: Phantom References:             1            1            0 
[19.172s][info   ][gc,ref] GC(7) O:                       Encountered   Discovered     Enqueued 
[19.172s][info   ][gc,ref] GC(7) O: Soft References:              238            0            0 
[19.172s][info   ][gc,ref] GC(7) O: Weak References:            23718          504            0 
[19.172s][info   ][gc,ref] GC(7) O: Final References:               0            0            0 
[19.172s][info   ][gc,ref] GC(7) O: Phantom References:             1            1            0 
[20.392s][info   ][gc,ref] GC(8) O:                       Encountered   Discovered     Enqueued 
[20.392s][info   ][gc,ref] GC(8) O: Soft References:              238            0            0 
[20.392s][info   ][gc,ref] GC(8) O: Weak References:          1423521          449            0 
[20.392s][info   ][gc,ref] GC(8) O: Final References:               0            0            0 
[20.392s][info   ][gc,ref] GC(8) O: Phantom References:             1            1            0 
[22.770s][info   ][gc,ref] GC(9) O:                       Encountered   Discovered     Enqueued 
[22.770s][info   ][gc,ref] GC(9) O: Soft References:              238            0            0 
[22.770s][info   ][gc,ref] GC(9) O: Weak References:          3835382        18817            0 
[22.770s][info   ][gc,ref] GC(9) O: Final References:               0            0            0 
[22.770s][info   ][gc,ref] GC(9) O: Phantom References:             1            1            0 
[27.561s][info   ][gc,ref] GC(10) O:                       Encountered   Discovered     Enqueued 
[27.561s][info   ][gc,ref] GC(10) O: Soft References:              238            0            0 
[27.561s][info   ][gc,ref] GC(10) O: Weak References:          8502893       644740            0 
[27.561s][info   ][gc,ref] GC(10) O: Final References:               0            0            0 
[27.561s][info   ][gc,ref] GC(10) O: Phantom References:             1            1            0 
[37.206s][info   ][gc,ref] GC(11) O:                       Encountered   Discovered     Enqueued 
[37.206s][info   ][gc,ref] GC(11) O: Soft References:              238            0            0 
[37.206s][info   ][gc,ref] GC(11) O: Weak References:         17970040        88522            0 
[37.206s][info   ][gc,ref] GC(11) O: Final References:               0            0            0 
[37.206s][info   ][gc,ref] GC(11) O: Phantom References:             1            1            0 
Allocated 50000000 objects in 27.51 seconds
Phase 2: Sleeping for 3000 ms...
Phase 3.1: Clearing strong references...
Cleared 10000001 strong references, 39999999 remaining
Waiting 3000 ms...
Phase 3.2: Clearing strong references...
Cleared 10000001 strong references, 29999998 remaining
Waiting 3000 ms...
Phase 3.3: Clearing strong references...
[56.967s][info   ][gc,ref] GC(12) O:                       Encountered   Discovered     Enqueued 
[56.967s][info   ][gc,ref] GC(12) O: Soft References:              238            0            0 
[56.967s][info   ][gc,ref] GC(12) O: Weak References:         37011914      8473279            0 
[56.967s][info   ][gc,ref] GC(12) O: Final References:               0            0            0 
[56.967s][info   ][gc,ref] GC(12) O: Phantom References:             1            1            0 
Cleared 10000001 strong references, 19999997 remaining
Waiting 3000 ms...
Phase 3.4: Clearing strong references...
Cleared 10000001 strong references, 9999996 remaining
Waiting 3000 ms...
Phase 3.5: Clearing strong references...
Cleared 9999996 strong references, 0 remaining
Waiting 3000 ms...
Waiting 6000 ms...
Phase 4: Final weak reference checks...
Final count of alive weak references: 50000000
[83.377s][info   ][gc,stats] === Garbage Collection Statistics =======================================================================================================================
[83.377s][info   ][gc,stats]                                                              Last 10s              Last 10m              Last 10h                Total
[83.377s][info   ][gc,stats]                                                              Avg / Max             Avg / Max             Avg / Max             Avg / Max
[83.377s][info   ][gc,stats]        Contention: Mark Segment Reset Contention                     0 / 0                 0 / 19                0 / 19                0 / 19          ops/s
[83.377s][info   ][gc,stats]        Contention: Mark SeqNum Reset Contention                      0 / 0                 0 / 4                 0 / 4                 0 / 4           ops/s
[83.377s][info   ][gc,stats]          Critical: Allocation Stall                                  0 / 0                 0 / 0                 0 / 0                 0 / 0           ops/s
[83.377s][info   ][gc,stats]          Critical: Allocation Stall                              0.000 / 0.000         0.000 / 0.000         0.000 / 0.000         0.000 / 0.000       ms
[83.377s][info   ][gc,stats]          Critical: JNI Critical Stall                                0 / 0                 0 / 0                 0 / 0                 0 / 0           ops/s
[83.377s][info   ][gc,stats]          Critical: JNI Critical Stall                            0.000 / 0.000         0.000 / 0.000         0.000 / 0.000         0.000 / 0.000       ms
[83.377s][info   ][gc,stats]          Critical: Relocation Stall                                  0 / 0                 0 / 0                 0 / 0                 0 / 0           ops/s
[83.377s][info   ][gc,stats]          Critical: Relocation Stall                              0.000 / 0.000         0.000 / 0.000         0.000 / 0.000         0.000 / 0.000       ms
[83.377s][info   ][gc,stats]  Major Collection: Major Collection                              0.000 / 0.000      2773.966 / 19253.931  2773.966 / 19253.931  2773.966 / 19253.931   ms
[83.377s][info   ][gc,stats]            Memory: Allocation Rate                                   0 / 0               667 / 1772            667 / 1772            667 / 1772        MB/s
[83.377s][info   ][gc,stats]            Memory: Defragment                                        0 / 0                 0 / 0                 0 / 0                 0 / 0           ops/s
[83.377s][info   ][gc,stats]            Memory: Mapped Cache Harvest                              0 / 0                 0 / 0                 0 / 0                 0 / 0           MB/s
[83.377s][info   ][gc,stats]            Memory: Out Of Memory                                     0 / 0                 0 / 0                 0 / 0                 0 / 0           ops/s
[83.377s][info   ][gc,stats]            Memory: Uncommit                                          0 / 0                 0 / 0                 0 / 0                 0 / 0           MB/s
[83.377s][info   ][gc,stats]            Memory: Undo Object Allocation Failed                     0 / 0                 0 / 0                 0 / 0                 0 / 0           ops/s
[83.377s][info   ][gc,stats]            Memory: Undo Object Allocation Succeeded                  0 / 0                 0 / 1                 0 / 1                 0 / 1           ops/s
[83.377s][info   ][gc,stats]            Memory: Undo Page Allocation                              0 / 0                 0 / 0                 0 / 0                 0 / 0           ops/s
[83.377s][info   ][gc,stats]  Minor Collection: Minor Collection                              0.000 / 0.000         0.000 / 0.000         0.000 / 0.000         0.000 / 0.000       ms
[83.377s][info   ][gc,stats]    Old Generation: Old Generation                                0.000 / 0.000       897.884 / 6555.347    897.884 / 6555.347    897.884 / 6555.347    ms
[83.377s][info   ][gc,stats]         Old Pause: Pause Mark End                                0.016 / 0.016         0.010 / 0.016         0.010 / 0.016         0.010 / 0.016       ms
[83.377s][info   ][gc,stats]         Old Pause: Pause Relocate Start                          0.000 / 0.000         0.009 / 0.030         0.009 / 0.030         0.009 / 0.030       ms
[83.377s][info   ][gc,stats]         Old Phase: Concurrent Mark                           10801.678 / 10801.678  1486.492 / 10801.678  1486.492 / 10801.678  1486.492 / 10801.678   ms
[83.377s][info   ][gc,stats]         Old Phase: Concurrent Mark Continue                      0.000 / 0.000         0.000 / 0.000         0.000 / 0.000         0.000 / 0.000       ms
[83.377s][info   ][gc,stats]         Old Phase: Concurrent Mark Free                          0.001 / 0.001         0.004 / 0.007         0.004 / 0.007         0.004 / 0.007       ms
[83.377s][info   ][gc,stats]         Old Phase: Concurrent Process Non-Strong                 0.000 / 0.000        48.171 / 567.438      48.171 / 567.438      48.171 / 567.438     ms
[83.377s][info   ][gc,stats]         Old Phase: Concurrent Relocate                           0.000 / 0.000         1.058 / 2.773         1.058 / 2.773         1.058 / 2.773       ms
[83.377s][info   ][gc,stats]         Old Phase: Concurrent Remap Roots                        0.000 / 0.000        77.983 / 342.278      77.983 / 342.278      77.983 / 342.278     ms
[83.377s][info   ][gc,stats]         Old Phase: Concurrent Reset Relocation Set               0.000 / 0.000         0.001 / 0.001         0.001 / 0.001         0.001 / 0.001       ms
[83.377s][info   ][gc,stats]         Old Phase: Concurrent Select Relocation Set              0.000 / 0.000         0.529 / 0.813         0.529 / 0.813         0.529 / 0.813       ms
[83.377s][info   ][gc,stats]      Old Subphase: Concurrent Classes Purge                      0.000 / 0.000         0.170 / 1.583         0.170 / 1.583         0.170 / 1.583       ms
[83.377s][info   ][gc,stats]      Old Subphase: Concurrent Classes Unlink                     0.000 / 0.000         0.984 / 1.373         0.984 / 1.373         0.984 / 1.373       ms
[83.377s][info   ][gc,stats]      Old Subphase: Concurrent Mark Follow                    10801.527 / 10801.527  1486.390 / 10801.527  1486.390 / 10801.527  1486.390 / 10801.527   ms
[83.377s][info   ][gc,stats]      Old Subphase: Concurrent Mark Root Colored                  0.000 / 0.000         0.022 / 0.035         0.022 / 0.035         0.022 / 0.035       ms
[83.377s][info   ][gc,stats]      Old Subphase: Concurrent Mark Root Uncolored                0.000 / 0.000         0.034 / 0.180         0.034 / 0.180         0.034 / 0.180       ms
[83.377s][info   ][gc,stats]      Old Subphase: Concurrent Mark Roots                         0.000 / 0.000         0.100 / 0.214         0.100 / 0.214         0.100 / 0.214       ms
[83.377s][info   ][gc,stats]      Old Subphase: Concurrent References Enqueue                 0.000 / 0.000         0.001 / 0.004         0.001 / 0.004         0.001 / 0.004       ms
[83.377s][info   ][gc,stats]      Old Subphase: Concurrent References Process                 0.000 / 0.000        46.823 / 564.604      46.823 / 564.604      46.823 / 564.604     ms
[83.377s][info   ][gc,stats]      Old Subphase: Concurrent Remap Remembered                   0.000 / 0.000        57.520 / 341.861      57.520 / 341.861      57.520 / 341.861     ms
[83.377s][info   ][gc,stats]      Old Subphase: Concurrent Remap Roots Colored                0.000 / 0.000         0.142 / 0.286         0.142 / 0.286         0.142 / 0.286       ms
[83.377s][info   ][gc,stats]      Old Subphase: Concurrent Remap Roots Uncolored              0.000 / 0.000         0.140 / 0.270         0.140 / 0.270         0.140 / 0.270       ms
[83.377s][info   ][gc,stats]      Old Subphase: Concurrent Roots ClassLoaderDataGraph         0.000 / 0.000         0.080 / 0.276         0.080 / 0.276         0.080 / 0.276       ms
[83.377s][info   ][gc,stats]      Old Subphase: Concurrent Roots CodeCache                    0.000 / 0.000         0.138 / 0.267         0.138 / 0.267         0.138 / 0.267       ms
[83.377s][info   ][gc,stats]      Old Subphase: Concurrent Roots JavaThreads                  0.000 / 0.000         0.011 / 0.180         0.011 / 0.180         0.011 / 0.180       ms
[83.377s][info   ][gc,stats]      Old Subphase: Concurrent Roots OopStorageSet                0.000 / 0.000         0.004 / 0.012         0.004 / 0.012         0.004 / 0.012       ms
[83.377s][info   ][gc,stats]      Old Subphase: Concurrent Weak Roots OopStorageSet           0.000 / 0.000         0.047 / 0.152         0.047 / 0.152         0.047 / 0.152       ms
[83.377s][info   ][gc,stats]            System: Java Threads                                     11 / 11               11 / 13               11 / 13               11 / 13          threads
[83.377s][info   ][gc,stats]  Young Generation: Young Generation                              0.000 / 0.000      2773.288 / 14438.441  2773.288 / 14438.441  2773.288 / 14438.441   ms
[83.377s][info   ][gc,stats]  Young Generation: Young Generation                              0.000 / 0.000         0.000 / 0.000         0.000 / 0.000         0.000 / 0.000       ms
[83.377s][info   ][gc,stats]  Young Generation: Young Generation (Collect Roots)              0.000 / 0.000         0.000 / 0.000         0.000 / 0.000         0.000 / 0.000       ms
[83.377s][info   ][gc,stats]  Young Generation: Young Generation (Promote All)                0.000 / 0.000         0.000 / 0.000         0.000 / 0.000         0.000 / 0.000       ms
[83.377s][info   ][gc,stats]       Young Pause: Pause Mark End                                0.000 / 0.000         0.010 / 0.015         0.010 / 0.015         0.010 / 0.015       ms
[83.377s][info   ][gc,stats]       Young Pause: Pause Mark Start                              0.000 / 0.000         0.000 / 0.000         0.000 / 0.000         0.000 / 0.000       ms
[83.377s][info   ][gc,stats]       Young Pause: Pause Mark Start (Major)                      0.000 / 0.000         0.025 / 0.036         0.025 / 0.036         0.025 / 0.036       ms
[83.377s][info   ][gc,stats]       Young Pause: Pause Relocate Start                          0.000 / 0.000         0.007 / 0.013         0.007 / 0.013         0.007 / 0.013       ms
[83.377s][info   ][gc,stats]       Young Phase: Concurrent Mark                               0.000 / 0.000      2446.604 / 12264.195  2446.604 / 12264.195  2446.604 / 12264.195   ms
[83.377s][info   ][gc,stats]       Young Phase: Concurrent Mark Continue                      0.000 / 0.000         0.000 / 0.000         0.000 / 0.000         0.000 / 0.000       ms
[83.377s][info   ][gc,stats]       Young Phase: Concurrent Mark Free                          0.000 / 0.000         0.004 / 0.006         0.004 / 0.006         0.004 / 0.006       ms
[83.377s][info   ][gc,stats]       Young Phase: Concurrent Relocate                           0.000 / 0.000       172.661 / 1131.967    172.661 / 1131.967    172.661 / 1131.967    ms
[83.377s][info   ][gc,stats]       Young Phase: Concurrent Reset Relocation Set               0.000 / 0.000         1.636 / 18.703        1.636 / 18.703        1.636 / 18.703      ms
[83.377s][info   ][gc,stats]       Young Phase: Concurrent Select Relocation Set              0.000 / 0.000       152.031 / 1023.314    152.031 / 1023.314    152.031 / 1023.314    ms
[83.377s][info   ][gc,stats]    Young Subphase: Concurrent Mark Follow                        0.000 / 0.000      2445.861 / 12263.837  2445.861 / 12263.837  2445.861 / 12263.837   ms
[83.377s][info   ][gc,stats]    Young Subphase: Concurrent Mark Root Colored                  0.000 / 0.000         0.426 / 0.892         0.426 / 0.892         0.426 / 0.892       ms
[83.377s][info   ][gc,stats]    Young Subphase: Concurrent Mark Root Uncolored                0.000 / 0.000         0.255 / 0.476         0.255 / 0.476         0.255 / 0.476       ms
[83.377s][info   ][gc,stats]    Young Subphase: Concurrent Mark Roots                         0.000 / 0.000         0.740 / 1.231         0.740 / 1.231         0.740 / 1.231       ms
[83.377s][info   ][gc,stats]    Young Subphase: Concurrent Relocate Remset FP                 0.000 / 0.000       172.161 / 1131.930    172.161 / 1131.930    172.161 / 1131.930    ms
[83.377s][info   ][gc,stats]    Young Subphase: Concurrent Roots ClassLoaderDataGraph         0.000 / 0.000         0.308 / 0.643         0.308 / 0.643         0.308 / 0.643       ms
[83.377s][info   ][gc,stats]    Young Subphase: Concurrent Roots CodeCache                    0.000 / 0.000         0.230 / 0.439         0.230 / 0.439         0.230 / 0.439       ms
[83.377s][info   ][gc,stats]    Young Subphase: Concurrent Roots JavaThreads                  0.000 / 0.000         0.019 / 0.294         0.019 / 0.294         0.019 / 0.294       ms
[83.377s][info   ][gc,stats]    Young Subphase: Concurrent Roots OopStorageSet                0.000 / 0.000         0.014 / 0.110         0.014 / 0.110         0.014 / 0.110       ms
[83.377s][info   ][gc,stats]    Young Subphase: Concurrent Weak Roots OopStorageSet           0.000 / 0.000         0.111 / 0.236         0.111 / 0.236         0.111 / 0.236       ms
[83.377s][info   ][gc,stats] =========================================================================================================================================================
