
=== Instance 7/8, outer iteration 230/300 (Variant none) ===

Affinity: allowed=24,25,26,27,28,29,30,31,32,33,34,35 jvm=24,25,26,27,28,29,30,31,32,33 aux=34,35
Benchmark args: 50000000
Command: /gorilla/home/fredrha/SimplifyingWeakRefs/build/variant-images/none-linux-x86_64-server-release/jdk/bin/java -Xms64g -Xmx64g -XX:+UseZGC -Xlog:gc+stats,gc+ref -XX:InitialTenuringThreshold=1 -XX:MaxTenuringThreshold=1 -XX:ZCollectionIntervalMajor=0.5 -XX:+ZCollectionIntervalOnly -XX:NativeMemoryTracking=summary /gorilla/home/fredrha/SimplifyingWeakRefs/test/weakrefs/WeakRefMultiObjectBenchmark.java 50000000

[0.004s][warning][gc] ***** WARNING! INCORRECT SYSTEM CONFIGURATION DETECTED! *****
[0.004s][warning][gc] The system limit on number of memory mappings per process might be too low for the given
[0.004s][warning][gc] max Java heap size (65536M). Please adjust /proc/sys/vm/max_map_count to allow for at
[0.004s][warning][gc] least 117964 mappings (current limit is 65530). Continuing execution with the current
[0.004s][warning][gc] limit could lead to a premature OutOfMemoryError being thrown, due to failure to map memory.
[15.311s][info   ][gc,ref] GC(0) O:                       Encountered   Discovered     Enqueued 
[15.311s][info   ][gc,ref] GC(0) O: Soft References:                0            0            0 
[15.311s][info   ][gc,ref] GC(0) O: Weak References:                0            0            0 
[15.311s][info   ][gc,ref] GC(0) O: Final References:               0            0            0 
[15.311s][info   ][gc,ref] GC(0) O: Phantom References:             0            0            0 
[15.827s][info   ][gc,ref] GC(1) O:                       Encountered   Discovered     Enqueued 
[15.827s][info   ][gc,ref] GC(1) O: Soft References:              148            0            0 
[15.827s][info   ][gc,ref] GC(1) O: Weak References:              608            0            0 
[15.827s][info   ][gc,ref] GC(1) O: Final References:               0            0            0 
[15.827s][info   ][gc,ref] GC(1) O: Phantom References:             1            0            0 
[16.343s][info   ][gc,ref] GC(2) O:                       Encountered   Discovered     Enqueued 
[16.343s][info   ][gc,ref] GC(2) O: Soft References:              148            0            0 
[16.343s][info   ][gc,ref] GC(2) O: Weak References:              608            0            0 
[16.343s][info   ][gc,ref] GC(2) O: Final References:               0            0            0 
[16.343s][info   ][gc,ref] GC(2) O: Phantom References:             1            0            0 
[16.865s][info   ][gc,ref] GC(3) O:                       Encountered   Discovered     Enqueued 
[16.865s][info   ][gc,ref] GC(3) O: Soft References:              214            0            0 
[16.865s][info   ][gc,ref] GC(3) O: Weak References:             1328          473          129 
[16.865s][info   ][gc,ref] GC(3) O: Final References:               0            0            0 
[16.865s][info   ][gc,ref] GC(3) O: Phantom References:             1            1            0 
WeakRefMultiObjectBenchmark: objects=50000000 minSize=509 maxSize=1097 sleepMillis=3000
Phase 1: Allocating references and objects...
[17.414s][info   ][gc,ref] GC(4) O:                       Encountered   Discovered     Enqueued 
[17.414s][info   ][gc,ref] GC(4) O: Soft References:              239            0            0 
[17.414s][info   ][gc,ref] GC(4) O: Weak References:             1204          147            0 
[17.414s][info   ][gc,ref] GC(4) O: Final References:               0            0            0 
[17.414s][info   ][gc,ref] GC(4) O: Phantom References:             1            1            0 
[18.263s][info   ][gc,ref] GC(5) O:                       Encountered   Discovered     Enqueued 
[18.263s][info   ][gc,ref] GC(5) O: Soft References:              238            0            0 
[18.263s][info   ][gc,ref] GC(5) O: Weak References:             1204          752          170 
[18.263s][info   ][gc,ref] GC(5) O: Final References:               0            0            0 
[18.263s][info   ][gc,ref] GC(5) O: Phantom References:             1            1            0 
[18.917s][info   ][gc,ref] GC(6) O:                       Encountered   Discovered     Enqueued 
[18.917s][info   ][gc,ref] GC(6) O: Soft References:              238            0            0 
[18.917s][info   ][gc,ref] GC(6) O: Weak References:             1034          883           31 
[18.917s][info   ][gc,ref] GC(6) O: Final References:               0            0            0 
[18.917s][info   ][gc,ref] GC(6) O: Phantom References:             1            1            0 
[19.765s][info   ][gc,ref] GC(7) O:                       Encountered   Discovered     Enqueued 
[19.765s][info   ][gc,ref] GC(7) O: Soft References:              238            0            0 
[19.765s][info   ][gc,ref] GC(7) O: Weak References:           397562          902            0 
[19.765s][info   ][gc,ref] GC(7) O: Final References:               0            0            0 
[19.765s][info   ][gc,ref] GC(7) O: Phantom References:             1            1            0 
[21.267s][info   ][gc,ref] GC(8) O:                       Encountered   Discovered     Enqueued 
[21.267s][info   ][gc,ref] GC(8) O: Soft References:              238            0            0 
[21.267s][info   ][gc,ref] GC(8) O: Weak References:          2103070          700            0 
[21.267s][info   ][gc,ref] GC(8) O: Final References:               0            0            0 
[21.267s][info   ][gc,ref] GC(8) O: Phantom References:             1            1            0 
[24.321s][info   ][gc,ref] GC(9) O:                       Encountered   Discovered     Enqueued 
[24.321s][info   ][gc,ref] GC(9) O: Soft References:              238            0            0 
[24.321s][info   ][gc,ref] GC(9) O: Weak References:          5058717       190799            0 
[24.321s][info   ][gc,ref] GC(9) O: Final References:               0            0            0 
[24.321s][info   ][gc,ref] GC(9) O: Phantom References:             1            1            0 
[30.879s][info   ][gc,ref] GC(10) O:                       Encountered   Discovered     Enqueued 
[30.879s][info   ][gc,ref] GC(10) O: Soft References:              238            0            0 
[30.879s][info   ][gc,ref] GC(10) O: Weak References:         11156700       794408            0 
[30.879s][info   ][gc,ref] GC(10) O: Final References:               0            0            0 
[30.879s][info   ][gc,ref] GC(10) O: Phantom References:             1            1            0 
[44.105s][info   ][gc,ref] GC(11) O:                       Encountered   Discovered     Enqueued 
[44.105s][info   ][gc,ref] GC(11) O: Soft References:              238            0            0 
[44.105s][info   ][gc,ref] GC(11) O: Weak References:         24288526       110357            0 
[44.105s][info   ][gc,ref] GC(11) O: Final References:               0            0            0 
[44.105s][info   ][gc,ref] GC(11) O: Phantom References:             1            1            0 
Allocated 50000000 objects in 27.12 seconds
Phase 2: Sleeping for 3000 ms...
Phase 3.1: Clearing strong references...
Cleared 10000001 strong references, 39999999 remaining
Waiting 3000 ms...
Phase 3.2: Clearing strong references...
Cleared 10000001 strong references, 29999998 remaining
Waiting 3000 ms...
Phase 3.3: Clearing strong references...
Cleared 10000001 strong references, 19999997 remaining
Waiting 3000 ms...
Phase 3.4: Clearing strong references...
Cleared 10000001 strong references, 9999996 remaining
Waiting 3000 ms...
Phase 3.5: Clearing strong references...
Cleared 9999996 strong references, 0 remaining
Waiting 3000 ms...
Waiting 6000 ms...
[69.696s][info   ][gc,ref] GC(12) O:                       Encountered   Discovered     Enqueued 
[69.696s][info   ][gc,ref] GC(12) O: Soft References:              238            0            0 
[69.696s][info   ][gc,ref] GC(12) O: Weak References:         50001003     10761722            0 
[69.696s][info   ][gc,ref] GC(12) O: Final References:               0            0            0 
[69.696s][info   ][gc,ref] GC(12) O: Phantom References:             1            1            0 
Phase 4: Final weak reference checks...
Final count of alive weak references: 50000000
[83.968s][info   ][gc,stats] === Garbage Collection Statistics =======================================================================================================================
[83.968s][info   ][gc,stats]                                                              Last 10s              Last 10m              Last 10h                Total
[83.968s][info   ][gc,stats]                                                              Avg / Max             Avg / Max             Avg / Max             Avg / Max
[83.968s][info   ][gc,stats]        Contention: Mark Segment Reset Contention                     0 / 0                 0 / 15                0 / 15                0 / 15          ops/s
[83.968s][info   ][gc,stats]        Contention: Mark SeqNum Reset Contention                      0 / 0                 0 / 5                 0 / 5                 0 / 5           ops/s
[83.968s][info   ][gc,stats]          Critical: Allocation Stall                                  0 / 0                 0 / 0                 0 / 0                 0 / 0           ops/s
[83.968s][info   ][gc,stats]          Critical: Allocation Stall                              0.000 / 0.000         0.000 / 0.000         0.000 / 0.000         0.000 / 0.000       ms
[83.968s][info   ][gc,stats]          Critical: JNI Critical Stall                                0 / 0                 0 / 0                 0 / 0                 0 / 0           ops/s
[83.968s][info   ][gc,stats]          Critical: JNI Critical Stall                            0.000 / 0.000         0.000 / 0.000         0.000 / 0.000         0.000 / 0.000       ms
[83.968s][info   ][gc,stats]          Critical: Relocation Stall                                  0 / 0                 0 / 0                 0 / 0                 0 / 0           ops/s
[83.968s][info   ][gc,stats]          Critical: Relocation Stall                              0.000 / 0.000         0.000 / 0.000         0.000 / 0.000         0.000 / 0.000       ms
[83.968s][info   ][gc,stats]  Major Collection: Major Collection                              0.000 / 0.000      3717.529 / 25088.459  3717.529 / 25088.459  3717.529 / 25088.459   ms
[83.968s][info   ][gc,stats]            Memory: Allocation Rate                                   0 / 2               667 / 1790            667 / 1790            667 / 1790        MB/s
[83.968s][info   ][gc,stats]            Memory: Defragment                                        0 / 0                 0 / 0                 0 / 0                 0 / 0           ops/s
[83.968s][info   ][gc,stats]            Memory: Mapped Cache Harvest                              0 / 0                 0 / 0                 0 / 0                 0 / 0           MB/s
[83.968s][info   ][gc,stats]            Memory: Out Of Memory                                     0 / 0                 0 / 0                 0 / 0                 0 / 0           ops/s
[83.968s][info   ][gc,stats]            Memory: Uncommit                                          0 / 0                 0 / 0                 0 / 0                 0 / 0           MB/s
[83.968s][info   ][gc,stats]            Memory: Undo Object Allocation Failed                     0 / 0                 0 / 0                 0 / 0                 0 / 0           ops/s
[83.968s][info   ][gc,stats]            Memory: Undo Object Allocation Succeeded                  0 / 0                 0 / 1                 0 / 1                 0 / 1           ops/s
[83.968s][info   ][gc,stats]            Memory: Undo Page Allocation                              0 / 0                 0 / 0                 0 / 0                 0 / 0           ops/s
[83.968s][info   ][gc,stats]  Minor Collection: Minor Collection                              0.000 / 0.000         0.000 / 0.000         0.000 / 0.000         0.000 / 0.000       ms
[83.968s][info   ][gc,stats]    Old Generation: Old Generation                                0.000 / 0.000      1105.076 / 7232.115   1105.076 / 7232.115   1105.076 / 7232.115    ms
[83.968s][info   ][gc,stats]         Old Pause: Pause Mark End                                0.000 / 0.000         0.012 / 0.016         0.012 / 0.016         0.012 / 0.016       ms
[83.968s][info   ][gc,stats]         Old Pause: Pause Relocate Start                          0.000 / 0.000         0.008 / 0.014         0.008 / 0.014         0.008 / 0.014       ms
[83.968s][info   ][gc,stats]         Old Phase: Concurrent Mark                               0.000 / 0.000       912.623 / 5759.230    912.623 / 5759.230    912.623 / 5759.230    ms
[83.968s][info   ][gc,stats]         Old Phase: Concurrent Mark Continue                      0.000 / 0.000         0.000 / 0.000         0.000 / 0.000         0.000 / 0.000       ms
[83.968s][info   ][gc,stats]         Old Phase: Concurrent Mark Free                          0.000 / 0.000         0.004 / 0.008         0.004 / 0.008         0.004 / 0.008       ms
[83.968s][info   ][gc,stats]         Old Phase: Concurrent Process Non-Strong                 0.000 / 0.000        98.963 / 1112.337     98.963 / 1112.337     98.963 / 1112.337    ms
[83.968s][info   ][gc,stats]         Old Phase: Concurrent Relocate                           0.000 / 0.000         1.075 / 2.827         1.075 / 2.827         1.075 / 2.827       ms
[83.968s][info   ][gc,stats]         Old Phase: Concurrent Remap Roots                        0.000 / 0.000        91.664 / 375.828      91.664 / 375.828      91.664 / 375.828     ms
[83.968s][info   ][gc,stats]         Old Phase: Concurrent Reset Relocation Set               0.000 / 0.000         0.001 / 0.001         0.001 / 0.001         0.001 / 0.001       ms
[83.968s][info   ][gc,stats]         Old Phase: Concurrent Select Relocation Set              0.000 / 0.000         0.520 / 0.768         0.520 / 0.768         0.520 / 0.768       ms
[83.968s][info   ][gc,stats]      Old Subphase: Concurrent Classes Purge                      0.000 / 0.000         0.104 / 0.788         0.104 / 0.788         0.104 / 0.788       ms
[83.968s][info   ][gc,stats]      Old Subphase: Concurrent Classes Unlink                     0.000 / 0.000         1.077 / 1.395         1.077 / 1.395         1.077 / 1.395       ms
[83.968s][info   ][gc,stats]      Old Subphase: Concurrent Mark Follow                        0.000 / 0.000       912.544 / 5759.137    912.544 / 5759.137    912.544 / 5759.137    ms
[83.968s][info   ][gc,stats]      Old Subphase: Concurrent Mark Root Colored                  0.028 / 0.029         0.024 / 0.042         0.024 / 0.042         0.024 / 0.042       ms
[83.968s][info   ][gc,stats]      Old Subphase: Concurrent Mark Root Uncolored                0.023 / 0.026         0.024 / 0.042         0.024 / 0.042         0.024 / 0.042       ms
[83.968s][info   ][gc,stats]      Old Subphase: Concurrent Mark Roots                         0.074 / 0.074         0.077 / 0.128         0.077 / 0.128         0.077 / 0.128       ms
[83.968s][info   ][gc,stats]      Old Subphase: Concurrent References Enqueue                 0.000 / 0.000         0.001 / 0.004         0.001 / 0.004         0.001 / 0.004       ms
[83.968s][info   ][gc,stats]      Old Subphase: Concurrent References Process                 0.000 / 0.000        97.583 / 1110.037     97.583 / 1110.037     97.583 / 1110.037    ms
[83.968s][info   ][gc,stats]      Old Subphase: Concurrent Remap Remembered                   0.000 / 0.000        62.106 / 375.464      62.106 / 375.464      62.106 / 375.464     ms
[83.968s][info   ][gc,stats]      Old Subphase: Concurrent Remap Roots Colored                0.000 / 0.000         0.126 / 0.251         0.126 / 0.251         0.126 / 0.251       ms
[83.968s][info   ][gc,stats]      Old Subphase: Concurrent Remap Roots Uncolored              0.000 / 0.000         0.171 / 0.246         0.171 / 0.246         0.171 / 0.246       ms
[83.968s][info   ][gc,stats]      Old Subphase: Concurrent Roots ClassLoaderDataGraph         0.022 / 0.022         0.071 / 0.236         0.071 / 0.236         0.071 / 0.236       ms
[83.968s][info   ][gc,stats]      Old Subphase: Concurrent Roots CodeCache                    0.000 / 0.000         0.169 / 0.243         0.169 / 0.243         0.169 / 0.243       ms
[83.968s][info   ][gc,stats]      Old Subphase: Concurrent Roots JavaThreads                  0.023 / 0.025         0.008 / 0.041         0.008 / 0.041         0.008 / 0.041       ms
[83.968s][info   ][gc,stats]      Old Subphase: Concurrent Roots OopStorageSet                0.005 / 0.006         0.003 / 0.010         0.003 / 0.010         0.003 / 0.010       ms
[83.968s][info   ][gc,stats]      Old Subphase: Concurrent Weak Roots OopStorageSet           0.000 / 0.000         0.050 / 0.146         0.050 / 0.146         0.050 / 0.146       ms
[83.968s][info   ][gc,stats]            System: Java Threads                                     11 / 11               11 / 13               11 / 13               11 / 13          threads
[83.968s][info   ][gc,stats]  Young Generation: Young Generation                           9363.645 / 9363.645   3094.592 / 17856.244  3094.592 / 17856.244  3094.592 / 17856.244   ms
[83.968s][info   ][gc,stats]  Young Generation: Young Generation                              0.000 / 0.000         0.000 / 0.000         0.000 / 0.000         0.000 / 0.000       ms
[83.968s][info   ][gc,stats]  Young Generation: Young Generation (Collect Roots)              0.000 / 0.000         0.000 / 0.000         0.000 / 0.000         0.000 / 0.000       ms
[83.968s][info   ][gc,stats]  Young Generation: Young Generation (Promote All)                0.000 / 0.000         0.000 / 0.000         0.000 / 0.000         0.000 / 0.000       ms
[83.968s][info   ][gc,stats]       Young Pause: Pause Mark End                                0.014 / 0.014         0.012 / 0.015         0.012 / 0.015         0.012 / 0.015       ms
[83.968s][info   ][gc,stats]       Young Pause: Pause Mark Start                              0.000 / 0.000         0.000 / 0.000         0.000 / 0.000         0.000 / 0.000       ms
[83.968s][info   ][gc,stats]       Young Pause: Pause Mark Start (Major)                      0.000 / 0.000         0.026 / 0.037         0.026 / 0.037         0.026 / 0.037       ms
[83.968s][info   ][gc,stats]       Young Pause: Pause Relocate Start                          0.013 / 0.013         0.008 / 0.014         0.008 / 0.014         0.008 / 0.014       ms
[83.968s][info   ][gc,stats]       Young Phase: Concurrent Mark                            6368.751 / 6368.751   2654.437 / 16310.170  2654.437 / 16310.170  2654.437 / 16310.170   ms
[83.968s][info   ][gc,stats]       Young Phase: Concurrent Mark Continue                      0.000 / 0.000         0.000 / 0.000         0.000 / 0.000         0.000 / 0.000       ms
[83.968s][info   ][gc,stats]       Young Phase: Concurrent Mark Free                          0.009 / 0.009         0.005 / 0.009         0.005 / 0.009         0.005 / 0.009       ms
[83.968s][info   ][gc,stats]       Young Phase: Concurrent Relocate                        1573.500 / 1573.500    231.985 / 1573.500    231.985 / 1573.500    231.985 / 1573.500    ms
[83.968s][info   ][gc,stats]       Young Phase: Concurrent Reset Relocation Set               1.916 / 1.916         1.293 / 13.753        1.293 / 13.753        1.293 / 13.753      ms
[83.968s][info   ][gc,stats]       Young Phase: Concurrent Select Relocation Set           1418.730 / 1418.730    206.456 / 1418.730    206.456 / 1418.730    206.456 / 1418.730    ms
[83.968s][info   ][gc,stats]    Young Subphase: Concurrent Mark Follow                     6368.190 / 6368.190   2653.724 / 16309.337  2653.724 / 16309.337  2653.724 / 16309.337   ms
[83.968s][info   ][gc,stats]    Young Subphase: Concurrent Mark Root Colored                  0.000 / 0.000         0.390 / 0.662         0.390 / 0.662         0.390 / 0.662       ms
[83.968s][info   ][gc,stats]    Young Subphase: Concurrent Mark Root Uncolored                0.000 / 0.000         0.263 / 0.435         0.263 / 0.435         0.263 / 0.435       ms
[83.968s][info   ][gc,stats]    Young Subphase: Concurrent Mark Roots                         0.000 / 0.000         0.711 / 0.989         0.711 / 0.989         0.711 / 0.989       ms
[83.968s][info   ][gc,stats]    Young Subphase: Concurrent Relocate Remset FP              1573.050 / 1573.050    231.217 / 1573.050    231.217 / 1573.050    231.217 / 1573.050    ms
[83.968s][info   ][gc,stats]    Young Subphase: Concurrent Roots ClassLoaderDataGraph         0.000 / 0.000         0.262 / 0.370         0.262 / 0.370         0.262 / 0.370       ms
[83.968s][info   ][gc,stats]    Young Subphase: Concurrent Roots CodeCache                    0.000 / 0.000         0.238 / 0.352         0.238 / 0.352         0.238 / 0.352       ms
[83.968s][info   ][gc,stats]    Young Subphase: Concurrent Roots JavaThreads                  0.002 / 0.003         0.024 / 0.435         0.024 / 0.435         0.024 / 0.435       ms
[83.968s][info   ][gc,stats]    Young Subphase: Concurrent Roots OopStorageSet                0.000 / 0.000         0.017 / 0.099         0.017 / 0.099         0.017 / 0.099       ms
[83.968s][info   ][gc,stats]    Young Subphase: Concurrent Weak Roots OopStorageSet           0.000 / 0.000         0.114 / 0.220         0.114 / 0.220         0.114 / 0.220       ms
[83.968s][info   ][gc,stats] =========================================================================================================================================================
