
=== Instance 1/8, outer iteration 5/300 (Variant sep_dyn) ===

Affinity: allowed=0,1,2,3,4,5,6,7,8,9,10,11 jvm=0,1,2,3,4,5,6,7,8,9 aux=10,11
Benchmark args: 50000000
Command: /gorilla/home/fredrha/SimplifyingWeakRefs/build/variant-images/sep_dyn-linux-x86_64-server-release/jdk/bin/java -Xms64g -Xmx64g -XX:+UseZGC -Xlog:gc+stats,gc+ref -XX:InitialTenuringThreshold=1 -XX:MaxTenuringThreshold=1 -XX:ZCollectionIntervalMajor=0.5 -XX:+ZCollectionIntervalOnly -XX:NativeMemoryTracking=summary /gorilla/home/fredrha/SimplifyingWeakRefs/test/weakrefs/WeakRefMultiObjectBenchmark.java 50000000

[0.004s][warning][gc] ***** WARNING! INCORRECT SYSTEM CONFIGURATION DETECTED! *****
[0.004s][warning][gc] The system limit on number of memory mappings per process might be too low for the given
[0.004s][warning][gc] max Java heap size (65536M). Please adjust /proc/sys/vm/max_map_count to allow for at
[0.004s][warning][gc] least 117964 mappings (current limit is 65530). Continuing execution with the current
[0.004s][warning][gc] limit could lead to a premature OutOfMemoryError being thrown, due to failure to map memory.
[0.004s][info   ][gc,ref] Reference Processor created, Config: Separate lists, dynamic array
[16.188s][info   ][gc,ref] GC(0) O:                           Encountered       Discovered Cleared/Enqueued 
[16.188s][info   ][gc,ref] GC(0) O: Soft References:                    0                0                0 
[16.188s][info   ][gc,ref] GC(0) O: Weak References:                    2                0                0 
[16.188s][info   ][gc,ref] GC(0) O: Weak (No Queue):                    0                0                0 
[16.188s][info   ][gc,ref] GC(0) O: Final References:                   0                0                0 
[16.188s][info   ][gc,ref] GC(0) O: Phantom References:                 0                0                0 
[16.695s][info   ][gc,ref] GC(1) O:                           Encountered       Discovered Cleared/Enqueued 
[16.695s][info   ][gc,ref] GC(1) O: Soft References:                  148                0                0 
[16.695s][info   ][gc,ref] GC(1) O: Weak References:                  605                0                0 
[16.695s][info   ][gc,ref] GC(1) O: Weak (No Queue):                    3                0                0 
[16.695s][info   ][gc,ref] GC(1) O: Final References:                   0                0                0 
[16.695s][info   ][gc,ref] GC(1) O: Phantom References:                 1                0                0 
[17.216s][info   ][gc,ref] GC(2) O:                           Encountered       Discovered Cleared/Enqueued 
[17.216s][info   ][gc,ref] GC(2) O: Soft References:                  175                0                0 
[17.216s][info   ][gc,ref] GC(2) O: Weak References:                 1052                0                0 
[17.216s][info   ][gc,ref] GC(2) O: Weak (No Queue):                   15                2                0 
[17.216s][info   ][gc,ref] GC(2) O: Final References:                   0                0                0 
[17.216s][info   ][gc,ref] GC(2) O: Phantom References:                 1                0                0 
WeakRefMultiObjectBenchmark: objects=50000000 minSize=509 maxSize=1097 sleepMillis=3000
Phase 1: Allocating references and objects...
[17.762s][info   ][gc,ref] GC(3) O:                           Encountered       Discovered Cleared/Enqueued 
[17.762s][info   ][gc,ref] GC(3) O: Soft References:                  238                0                0 
[17.762s][info   ][gc,ref] GC(3) O: Weak References:                 1330              471              129 
[17.762s][info   ][gc,ref] GC(3) O: Weak (No Queue):                    3                3                0 
[17.762s][info   ][gc,ref] GC(3) O: Final References:                   0                0                0 
[17.762s][info   ][gc,ref] GC(3) O: Phantom References:                 1                1                0 
[18.612s][info   ][gc,ref] GC(4) O:                           Encountered       Discovered Cleared/Enqueued 
[18.612s][info   ][gc,ref] GC(4) O: Soft References:                  238                0                0 
[18.612s][info   ][gc,ref] GC(4) O: Weak References:                 1201              668              127 
[18.612s][info   ][gc,ref] GC(4) O: Weak (No Queue):                    3                3                0 
[18.612s][info   ][gc,ref] GC(4) O: Final References:                   0                0                0 
[18.612s][info   ][gc,ref] GC(4) O: Phantom References:                 1                1                0 
[19.282s][info   ][gc,ref] GC(5) O:                           Encountered       Discovered Cleared/Enqueued 
[19.282s][info   ][gc,ref] GC(5) O: Soft References:                  238                0                0 
[19.282s][info   ][gc,ref] GC(5) O: Weak References:                 1074               76               74 
[19.282s][info   ][gc,ref] GC(5) O: Weak (No Queue):                    3                2                0 
[19.282s][info   ][gc,ref] GC(5) O: Final References:                   0                0                0 
[19.282s][info   ][gc,ref] GC(5) O: Phantom References:                 1                1                0 
[20.018s][info   ][gc,ref] GC(6) O:                           Encountered       Discovered Cleared/Enqueued 
[20.018s][info   ][gc,ref] GC(6) O: Soft References:                  238                0                0 
[20.018s][info   ][gc,ref] GC(6) O: Weak References:                 1000              895                0 
[20.018s][info   ][gc,ref] GC(6) O: Weak (No Queue):               180607                3                0 
[20.018s][info   ][gc,ref] GC(6) O: Final References:                   0                0                0 
[20.018s][info   ][gc,ref] GC(6) O: Phantom References:                 1                1                0 
[21.330s][info   ][gc,ref] GC(7) O:                           Encountered       Discovered Cleared/Enqueued 
[21.330s][info   ][gc,ref] GC(7) O: Soft References:                  238                0                0 
[21.330s][info   ][gc,ref] GC(7) O: Weak References:                 1000              764                0 
[21.330s][info   ][gc,ref] GC(7) O: Weak (No Queue):              1660059                3                0 
[21.330s][info   ][gc,ref] GC(7) O: Final References:                   0                0                0 
[21.330s][info   ][gc,ref] GC(7) O: Phantom References:                 1                1                0 
[23.757s][info   ][gc,ref] GC(8) O:                           Encountered       Discovered Cleared/Enqueued 
[23.757s][info   ][gc,ref] GC(8) O: Soft References:                  238                0                0 
[23.757s][info   ][gc,ref] GC(8) O: Weak References:                 1000              215                0 
[23.757s][info   ][gc,ref] GC(8) O: Weak (No Queue):              4211115            91133                0 
[23.757s][info   ][gc,ref] GC(8) O: Final References:                   0                0                0 
[23.757s][info   ][gc,ref] GC(8) O: Phantom References:                 1                1                0 
[28.643s][info   ][gc,ref] GC(9) O:                           Encountered       Discovered Cleared/Enqueued 
[28.643s][info   ][gc,ref] GC(9) O: Soft References:                  238                0                0 
[28.643s][info   ][gc,ref] GC(9) O: Weak References:                 1000              741                0 
[28.643s][info   ][gc,ref] GC(9) O: Weak (No Queue):              8953806           624812                0 
[28.643s][info   ][gc,ref] GC(9) O: Final References:                   0                0                0 
[28.643s][info   ][gc,ref] GC(9) O: Phantom References:                 1                1                0 
[38.943s][info   ][gc,ref] GC(10) O:                           Encountered       Discovered Cleared/Enqueued 
[38.943s][info   ][gc,ref] GC(10) O: Soft References:                  238                0                0 
[38.943s][info   ][gc,ref] GC(10) O: Weak References:                 1000              889                0 
[38.943s][info   ][gc,ref] GC(10) O: Weak (No Queue):             18575233          1561345                0 
[38.943s][info   ][gc,ref] GC(10) O: Final References:                   0                0                0 
[38.943s][info   ][gc,ref] GC(10) O: Phantom References:                 1                1                0 
Allocated 50000000 objects in 27.73 seconds
Phase 2: Sleeping for 3000 ms...
Phase 3.1: Clearing strong references...
Cleared 10000001 strong references, 39999999 remaining
Waiting 3000 ms...
Phase 3.2: Clearing strong references...
Cleared 10000001 strong references, 29999998 remaining
Waiting 3000 ms...
Phase 3.3: Clearing strong references...
Cleared 10000001 strong references, 19999997 remaining
Waiting 3000 ms...
[58.947s][info   ][gc,ref] GC(11) O:                           Encountered       Discovered Cleared/Enqueued 
[58.947s][info   ][gc,ref] GC(11) O: Soft References:                  238                0                0 
[58.947s][info   ][gc,ref] GC(11) O: Weak References:                 1000              508                0 
[58.947s][info   ][gc,ref] GC(11) O: Weak (No Queue):             38846183          8952215                0 
[58.947s][info   ][gc,ref] GC(11) O: Final References:                   0                0                0 
[58.947s][info   ][gc,ref] GC(11) O: Phantom References:                 1                1                0 
Phase 3.4: Clearing strong references...
Cleared 10000001 strong references, 9999996 remaining
Waiting 3000 ms...
Phase 3.5: Clearing strong references...
Cleared 9999996 strong references, 0 remaining
Waiting 3000 ms...
Waiting 6000 ms...
Phase 4: Final weak reference checks...
Final count of alive weak references: 50000000
[84.967s][info   ][gc,stats] === Garbage Collection Statistics =======================================================================================================================
[84.967s][info   ][gc,stats]                                                              Last 10s              Last 10m              Last 10h                Total
[84.967s][info   ][gc,stats]                                                              Avg / Max             Avg / Max             Avg / Max             Avg / Max
[84.967s][info   ][gc,stats]        Contention: Mark Segment Reset Contention                     0 / 2                 0 / 35                0 / 35                0 / 35          ops/s
[84.967s][info   ][gc,stats]        Contention: Mark SeqNum Reset Contention                      0 / 0                 0 / 5                 0 / 5                 0 / 5           ops/s
[84.967s][info   ][gc,stats]          Critical: Allocation Stall                                  0 / 0                 0 / 0                 0 / 0                 0 / 0           ops/s
[84.967s][info   ][gc,stats]          Critical: Allocation Stall                              0.000 / 0.000         0.000 / 0.000         0.000 / 0.000         0.000 / 0.000       ms
[84.967s][info   ][gc,stats]          Critical: JNI Critical Stall                                0 / 0                 0 / 0                 0 / 0                 0 / 0           ops/s
[84.967s][info   ][gc,stats]          Critical: JNI Critical Stall                            0.000 / 0.000         0.000 / 0.000         0.000 / 0.000         0.000 / 0.000       ms
[84.967s][info   ][gc,stats]          Critical: Relocation Stall                                  0 / 0                 0 / 0                 0 / 0                 0 / 0           ops/s
[84.967s][info   ][gc,stats]          Critical: Relocation Stall                              0.000 / 0.000         0.000 / 0.000         0.000 / 0.000         0.000 / 0.000       ms
[84.967s][info   ][gc,stats]  Major Collection: Major Collection                              0.000 / 0.000      3102.302 / 19504.169  3102.302 / 19504.169  3102.302 / 19504.169   ms
[84.967s][info   ][gc,stats]            Memory: Allocation Rate                                   0 / 0               667 / 1784            667 / 1784            667 / 1784        MB/s
[84.967s][info   ][gc,stats]            Memory: Defragment                                        0 / 0                 0 / 0                 0 / 0                 0 / 0           ops/s
[84.967s][info   ][gc,stats]            Memory: Mapped Cache Harvest                              0 / 0                 0 / 0                 0 / 0                 0 / 0           MB/s
[84.967s][info   ][gc,stats]            Memory: Out Of Memory                                     0 / 0                 0 / 0                 0 / 0                 0 / 0           ops/s
[84.967s][info   ][gc,stats]            Memory: Uncommit                                          0 / 0                 0 / 0                 0 / 0                 0 / 0           MB/s
[84.967s][info   ][gc,stats]            Memory: Undo Object Allocation Failed                     0 / 0                 0 / 0                 0 / 0                 0 / 0           ops/s
[84.967s][info   ][gc,stats]            Memory: Undo Object Allocation Succeeded                  0 / 0                 0 / 1                 0 / 1                 0 / 1           ops/s
[84.967s][info   ][gc,stats]            Memory: Undo Page Allocation                              0 / 0                 0 / 0                 0 / 0                 0 / 0           ops/s
[84.967s][info   ][gc,stats]  Minor Collection: Minor Collection                              0.000 / 0.000         0.000 / 0.000         0.000 / 0.000         0.000 / 0.000       ms
[84.967s][info   ][gc,stats]    Old Generation: Old Generation                                0.000 / 0.000      1016.906 / 5986.699   1016.906 / 5986.699   1016.906 / 5986.699    ms
[84.967s][info   ][gc,stats]         Old Pause: Pause Mark End                                0.000 / 0.000         0.011 / 0.014         0.011 / 0.014         0.011 / 0.014       ms
[84.967s][info   ][gc,stats]         Old Pause: Pause Relocate Start                          0.000 / 0.000         0.008 / 0.013         0.008 / 0.013         0.008 / 0.013       ms
[84.967s][info   ][gc,stats]         Old Phase: Concurrent Mark                               0.000 / 0.000       852.333 / 5037.971    852.333 / 5037.971    852.333 / 5037.971    ms
[84.967s][info   ][gc,stats]         Old Phase: Concurrent Mark Continue                      0.000 / 0.000         0.000 / 0.000         0.000 / 0.000         0.000 / 0.000       ms
[84.967s][info   ][gc,stats]         Old Phase: Concurrent Mark Free                          0.000 / 0.000         0.002 / 0.005         0.002 / 0.005         0.002 / 0.005       ms
[84.967s][info   ][gc,stats]         Old Phase: Concurrent Process Non-Strong                 0.000 / 0.000        76.350 / 621.107      76.350 / 621.107      76.350 / 621.107     ms
[84.967s][info   ][gc,stats]         Old Phase: Concurrent Relocate                           0.000 / 0.000         1.052 / 2.099         1.052 / 2.099         1.052 / 2.099       ms
[84.967s][info   ][gc,stats]         Old Phase: Concurrent Remap Roots                        0.000 / 0.000        86.442 / 343.696      86.442 / 343.696      86.442 / 343.696     ms
[84.967s][info   ][gc,stats]         Old Phase: Concurrent Reset Relocation Set               0.000 / 0.000         0.001 / 0.001         0.001 / 0.001         0.001 / 0.001       ms
[84.967s][info   ][gc,stats]         Old Phase: Concurrent Select Relocation Set              0.000 / 0.000         0.502 / 0.656         0.502 / 0.656         0.502 / 0.656       ms
[84.967s][info   ][gc,stats]      Old Subphase: Concurrent Classes Purge                      0.000 / 0.000         0.031 / 0.123         0.031 / 0.123         0.031 / 0.123       ms
[84.967s][info   ][gc,stats]      Old Subphase: Concurrent Classes Unlink                     0.000 / 0.000         0.930 / 1.131         0.930 / 1.131         0.930 / 1.131       ms
[84.967s][info   ][gc,stats]      Old Subphase: Concurrent Mark Follow                        0.000 / 0.000       852.243 / 5037.841    852.243 / 5037.841    852.243 / 5037.841    ms
[84.967s][info   ][gc,stats]      Old Subphase: Concurrent Mark Root Colored                  0.029 / 0.031         0.023 / 0.039         0.023 / 0.039         0.023 / 0.039       ms
[84.967s][info   ][gc,stats]      Old Subphase: Concurrent Mark Root Uncolored                0.056 / 0.077         0.036 / 0.282         0.036 / 0.282         0.036 / 0.282       ms
[84.967s][info   ][gc,stats]      Old Subphase: Concurrent Mark Roots                         0.297 / 0.297         0.105 / 0.315         0.105 / 0.315         0.105 / 0.315       ms
[84.967s][info   ][gc,stats]      Old Subphase: Concurrent References Enqueue                 0.000 / 0.000         0.001 / 0.003         0.001 / 0.003         0.001 / 0.003       ms
[84.967s][info   ][gc,stats]      Old Subphase: Concurrent References Process                 0.000 / 0.000        75.216 / 619.748      75.216 / 619.748      75.216 / 619.748     ms
[84.967s][info   ][gc,stats]      Old Subphase: Concurrent Remap Remembered                   0.000 / 0.000        64.565 / 343.352      64.565 / 343.352      64.565 / 343.352     ms
[84.967s][info   ][gc,stats]      Old Subphase: Concurrent Remap Roots Colored                0.000 / 0.000         0.135 / 0.261         0.135 / 0.261         0.135 / 0.261       ms
[84.967s][info   ][gc,stats]      Old Subphase: Concurrent Remap Roots Uncolored              0.000 / 0.000         0.136 / 0.227         0.136 / 0.227         0.136 / 0.227       ms
[84.967s][info   ][gc,stats]      Old Subphase: Concurrent Roots ClassLoaderDataGraph         0.022 / 0.023         0.077 / 0.252         0.077 / 0.252         0.077 / 0.252       ms
[84.967s][info   ][gc,stats]      Old Subphase: Concurrent Roots CodeCache                    0.000 / 0.000         0.134 / 0.224         0.134 / 0.224         0.134 / 0.224       ms
[84.967s][info   ][gc,stats]      Old Subphase: Concurrent Roots JavaThreads                  0.056 / 0.076         0.012 / 0.282         0.012 / 0.282         0.012 / 0.282       ms
[84.967s][info   ][gc,stats]      Old Subphase: Concurrent Roots OopStorageSet                0.006 / 0.007         0.003 / 0.013         0.003 / 0.013         0.003 / 0.013       ms
[84.967s][info   ][gc,stats]      Old Subphase: Concurrent Weak Roots OopStorageSet           0.000 / 0.000         0.042 / 0.132         0.042 / 0.132         0.042 / 0.132       ms
[84.967s][info   ][gc,stats]            System: Java Threads                                      0 / 0                11 / 13               11 / 13               11 / 13          threads
[84.967s][info   ][gc,stats]  Young Generation: Young Generation                          14983.016 / 14983.016  3077.415 / 14983.016  3077.415 / 14983.016  3077.415 / 14983.016   ms
[84.967s][info   ][gc,stats]  Young Generation: Young Generation                              0.000 / 0.000         0.000 / 0.000         0.000 / 0.000         0.000 / 0.000       ms
[84.967s][info   ][gc,stats]  Young Generation: Young Generation (Collect Roots)              0.000 / 0.000         0.000 / 0.000         0.000 / 0.000         0.000 / 0.000       ms
[84.967s][info   ][gc,stats]  Young Generation: Young Generation (Promote All)                0.000 / 0.000         0.000 / 0.000         0.000 / 0.000         0.000 / 0.000       ms
[84.967s][info   ][gc,stats]       Young Pause: Pause Mark End                                0.000 / 0.000         0.011 / 0.015         0.011 / 0.015         0.011 / 0.015       ms
[84.967s][info   ][gc,stats]       Young Pause: Pause Mark Start                              0.000 / 0.000         0.000 / 0.000         0.000 / 0.000         0.000 / 0.000       ms
[84.967s][info   ][gc,stats]       Young Pause: Pause Mark Start (Major)                      0.000 / 0.000         0.025 / 0.034         0.025 / 0.034         0.025 / 0.034       ms
[84.967s][info   ][gc,stats]       Young Pause: Pause Relocate Start                          0.000 / 0.000         0.007 / 0.013         0.007 / 0.013         0.007 / 0.013       ms
[84.967s][info   ][gc,stats]       Young Phase: Concurrent Mark                               0.000 / 0.000      2677.526 / 12602.491  2677.526 / 12602.491  2677.526 / 12602.491   ms
[84.967s][info   ][gc,stats]       Young Phase: Concurrent Mark Continue                      0.000 / 0.000         0.000 / 0.000         0.000 / 0.000         0.000 / 0.000       ms
[84.967s][info   ][gc,stats]       Young Phase: Concurrent Mark Free                          0.000 / 0.000         0.003 / 0.006         0.003 / 0.006         0.003 / 0.006       ms
[84.967s][info   ][gc,stats]       Young Phase: Concurrent Relocate                        1243.599 / 1243.599    198.287 / 1243.599    198.287 / 1243.599    198.287 / 1243.599    ms
[84.967s][info   ][gc,stats]       Young Phase: Concurrent Reset Relocation Set               0.000 / 0.000         0.881 / 10.120        0.881 / 10.120        0.881 / 10.120      ms
[84.967s][info   ][gc,stats]       Young Phase: Concurrent Select Relocation Set              0.000 / 0.000       200.349 / 1126.571    200.349 / 1126.571    200.349 / 1126.571    ms
[84.967s][info   ][gc,stats]    Young Subphase: Concurrent Mark Follow                        0.000 / 0.000      2676.836 / 12601.903  2676.836 / 12601.903  2676.836 / 12601.903   ms
[84.967s][info   ][gc,stats]    Young Subphase: Concurrent Mark Root Colored                  0.000 / 0.000         0.398 / 0.553         0.398 / 0.553         0.398 / 0.553       ms
[84.967s][info   ][gc,stats]    Young Subphase: Concurrent Mark Root Uncolored                0.000 / 0.000         0.245 / 0.288         0.245 / 0.288         0.245 / 0.288       ms
[84.967s][info   ][gc,stats]    Young Subphase: Concurrent Mark Roots                         0.000 / 0.000         0.688 / 0.869         0.688 / 0.869         0.688 / 0.869       ms
[84.967s][info   ][gc,stats]    Young Subphase: Concurrent Relocate Remset FP              1243.559 / 1243.559    197.776 / 1243.559    197.776 / 1243.559    197.776 / 1243.559    ms
[84.967s][info   ][gc,stats]    Young Subphase: Concurrent Roots ClassLoaderDataGraph         0.000 / 0.000         0.286 / 0.400         0.286 / 0.400         0.286 / 0.400       ms
[84.967s][info   ][gc,stats]    Young Subphase: Concurrent Roots CodeCache                    0.000 / 0.000         0.222 / 0.263         0.222 / 0.263         0.222 / 0.263       ms
[84.967s][info   ][gc,stats]    Young Subphase: Concurrent Roots JavaThreads                  0.000 / 0.000         0.018 / 0.288         0.018 / 0.288         0.018 / 0.288       ms
[84.967s][info   ][gc,stats]    Young Subphase: Concurrent Roots OopStorageSet                0.000 / 0.000         0.013 / 0.088         0.013 / 0.088         0.013 / 0.088       ms
[84.967s][info   ][gc,stats]    Young Subphase: Concurrent Weak Roots OopStorageSet           0.000 / 0.000         0.101 / 0.227         0.101 / 0.227         0.101 / 0.227       ms
[84.967s][info   ][gc,stats] =========================================================================================================================================================
