
=== Instance 1/8, outer iteration 10/300 (Variant clear_path_sep) ===

Affinity: allowed=0,1,2,3,4,5,6,7,8,9,10,11 jvm=0,1,2,3,4,5,6,7,8,9 aux=10,11
Benchmark args: 50000000
Command: /gorilla/home/fredrha/SimplifyingWeakRefs/build/variant-images/clear_path_sep-linux-x86_64-server-release/jdk/bin/java -Xms64g -Xmx64g -XX:+UseZGC -Xlog:gc+stats,gc+ref -XX:InitialTenuringThreshold=1 -XX:MaxTenuringThreshold=1 -XX:ZCollectionIntervalMajor=0.5 -XX:+ZCollectionIntervalOnly -XX:NativeMemoryTracking=summary /gorilla/home/fredrha/SimplifyingWeakRefs/test/weakrefs/WeakRefMultiObjectBenchmark.java 50000000

[0.004s][warning][gc] ***** WARNING! INCORRECT SYSTEM CONFIGURATION DETECTED! *****
[0.004s][warning][gc] The system limit on number of memory mappings per process might be too low for the given
[0.004s][warning][gc] max Java heap size (65536M). Please adjust /proc/sys/vm/max_map_count to allow for at
[0.004s][warning][gc] least 117964 mappings (current limit is 65530). Continuing execution with the current
[0.004s][warning][gc] limit could lead to a premature OutOfMemoryError being thrown, due to failure to map memory.
[0.004s][info   ][gc,ref] Reference Processor created, Config: Separate lists, optimised clear path
2026-04-20 18:53:39
Full thread dump OpenJDK 64-Bit Server VM (27-internal-adhoc.fredrha.SimplifyingWeakRefs mixed mode)
                 JDK version: OpenJDK Runtime Environment (27.0) (build 27-internal-adhoc.fredrha.SimplifyingWeakRefs)

Threads class SMR info:
_java_thread_list=0x000014f2f81c14c0, length=6, elements={
0x000014f2f80ba820, 0x000014f2f81b7b00, 0x000014f2f81b9910, 0x000014f2f81bba90,
0x000014f2f81bd900, 0x000014f2f81bf760
}

"main" #3 [402469] prio=5 os_prio=0 cpu=16644.41ms elapsed=16.71s tid=0x000014f2f80ba820 nid=402469 runnable  [0x0000000000000000]
   java.lang.Thread.State: RUNNABLE

"Reference Handler" #23 [404832] daemon prio=10 os_prio=0 cpu=0.14ms elapsed=0.00s tid=0x000014f2f81b7b00 nid=404832 waiting on condition  [0x000014f2e85fe000]
   java.lang.Thread.State: RUNNABLE
	at java.lang.ref.Reference.waitForReferencePendingList(java.base/Native Method)
	at java.lang.ref.Reference.processPendingReferences(java.base/Reference.java:240)
	at java.lang.ref.Reference$ReferenceHandler.run(java.base/Reference.java:202)

"Finalizer" #24 [404833] daemon prio=8 os_prio=0 cpu=0.19ms elapsed=0.00s tid=0x000014f2f81b9910 nid=404833 in Object.wait()  [0x000014f2e84fd000]
   java.lang.Thread.State: WAITING (on object monitor)
	at java.lang.Object.wait0(java.base/Native Method)
	- waiting on <0x000004000000f8a8> (a java.lang.Object)
	at java.lang.Object.wait(java.base/Object.java:391)
	at java.lang.Object.wait(java.base/Object.java:353)
	at java.lang.ref.ReferenceQueue.remove0(java.base/ReferenceQueue.java:136)
	at java.lang.ref.ReferenceQueue.remove(java.base/ReferenceQueue.java:214)
	- locked <0x000004000000f8a8> (a java.lang.Object)
	at java.lang.ref.Finalizer$FinalizerThread.run(java.base/Finalizer.java:165)

"Signal Dispatcher" #25 [404834] daemon prio=9 os_prio=0 cpu=0.10ms elapsed=0.00s tid=0x000014f2f81bba90 nid=404834 waiting on condition  [0x0000000000000000]
   java.lang.Thread.State: RUNNABLE

"Service Thread" #26 [404835] daemon prio=9 os_prio=0 cpu=0.06ms elapsed=0.00s tid=0x000014f2f81bd900 nid=404835 runnable  [0x0000000000000000]
   java.lang.Thread.State: RUNNABLE

"Monitor Deflation Thread" #27 [404836] daemon prio=9 os_prio=0 cpu=0.07ms elapsed=0.00s tid=0x000014f2f81bf760 nid=404836 runnable  [0x0000000000000000]
   java.lang.Thread.State: RUNNABLE

"VM Thread" os_prio=0 cpu=0.35ms elapsed=0.01s tid=0x000014f2f8152f30 nid=404828 runnable  

"VM Periodic Task Thread" os_prio=0 cpu=0.06ms elapsed=0.02s tid=0x000014f2f812b050 nid=404827 runnable  

"RuntimeWorker#5" os_prio=0 cpu=0.03ms elapsed=0.02s tid=0x000014f2f810f980 nid=404826 runnable  

"RuntimeWorker#4" os_prio=0 cpu=0.04ms elapsed=0.02s tid=0x000014f2f810e390 nid=404825 runnable  

"RuntimeWorker#3" os_prio=0 cpu=0.03ms elapsed=0.02s tid=0x000014f2f810cda0 nid=404824 runnable  

"RuntimeWorker#2" os_prio=0 cpu=0.04ms elapsed=0.02s tid=0x000014f2f810b7b0 nid=404823 runnable  

"RuntimeWorker#1" os_prio=0 cpu=0.03ms elapsed=0.02s tid=0x000014f2f810a1c0 nid=404822 runnable  

"RuntimeWorker#0" os_prio=0 cpu=0.04ms elapsed=0.02s tid=0x000014f2f8108bd0 nid=404821 runnable  

"ZStat" os_prio=0 cpu=0.16ms elapsed=0.02s tid=0x000014f2f8107490 nid=404820 runnable  

"ZDirector" os_prio=0 cpu=0.05ms elapsed=0.03s tid=0x000014f2f8105e50 nid=404819 runnable  

"ZDriverMajor" os_prio=0 cpu=0.04ms elapsed=0.03s tid=0x000014f2f8104480 nid=404818 runnable  

"ZDriverMinor" os_prio=0 cpu=0.18ms elapsed=0.03s tid=0x000014f2f8102b20 nid=404817 runnable  

"ZWorkerYoung#2" os_prio=0 cpu=0.03ms elapsed=16.71s tid=0x000014f2f80e1390 nid=402476 runnable  

"ZWorkerYoung#1" os_prio=0 cpu=0.04ms elapsed=16.71s tid=0x000014f2f80dfda0 nid=402475 runnable  

"ZWorkerYoung#0" os_prio=0 cpu=0.03ms elapsed=16.71s tid=0x000014f2f80de7b0 nid=402474 runnable  

"ZWorkerOld#2" os_prio=0 cpu=0.04ms elapsed=16.71s tid=0x000014f2f80dd0c0 nid=402473 runnable  

"ZWorkerOld#1" os_prio=0 cpu=0.03ms elapsed=16.71s tid=0x000014f2f80dbad0 nid=402472 runnable  

"ZWorkerOld#0" os_prio=0 cpu=0.05ms elapsed=16.71s tid=0x000014f2f80da8f0 nid=402471 runnable  

"ZUncommitter#0" os_prio=0 cpu=0.09ms elapsed=16.71s tid=0x000014f2f80d4250 nid=402470 runnable  

JNI global refs: 3, weak refs: 0

Heap
 ZHeap           used 2M, capacity 65536M, max capacity 65536M
  Cache          65534M (1)
   size classes  16G (1)
 Metaspace       used 2802K, committed 2880K, reserved 1114112K
  class space    used 201K, committed 256K, reserved 1048576K

2026-04-20 18:53:39
Full thread dump OpenJDK 64-Bit Server VM (27-internal-adhoc.fredrha.SimplifyingWeakRefs mixed mode)
                 JDK version: OpenJDK Runtime Environment (27.0) (build 27-internal-adhoc.fredrha.SimplifyingWeakRefs)

Threads class SMR info:
_java_thread_list=0x000014f2f81c3e20, length=7, elements={
0x000014f2f80ba820, 0x000014f2f81b7b00, 0x000014f2f81b9910, 0x000014f2f81bba90,
0x000014f2f81bd900, 0x000014f2f81bf760, 0x000014f2f81c1fa0
}

"main" #3 [402469] prio=5 os_prio=0 cpu=16644.48ms elapsed=16.72s tid=0x000014f2f80ba820 nid=402469 runnable  [0x0000000000000000]
   java.lang.Thread.State: RUNNABLE

"Reference Handler" #23 [404832] daemon prio=10 os_prio=0 cpu=0.14ms elapsed=0.01s tid=0x000014f2f81b7b00 nid=404832 waiting on condition  [0x000014f2e85fe000]
   java.lang.Thread.State: RUNNABLE
	at java.lang.ref.Reference.waitForReferencePendingList(java.base/Native Method)
	at java.lang.ref.Reference.processPendingReferences(java.base/Reference.java:240)
	at java.lang.ref.Reference$ReferenceHandler.run(java.base/Reference.java:202)

"Finalizer" #24 [404833] daemon prio=8 os_prio=0 cpu=0.19ms elapsed=0.01s tid=0x000014f2f81b9910 nid=404833 in Object.wait()  [0x000014f2e84fd000]
   java.lang.Thread.State: WAITING (on object monitor)
	at java.lang.Object.wait0(java.base/Native Method)
	- waiting on <0x000004000000f8a8> (a java.lang.Object)
	at java.lang.Object.wait(java.base/Object.java:391)
	at java.lang.Object.wait(java.base/Object.java:353)
	at java.lang.ref.ReferenceQueue.remove0(java.base/ReferenceQueue.java:136)
	at java.lang.ref.ReferenceQueue.remove(java.base/ReferenceQueue.java:214)
	- locked <0x000004000000f8a8> (a java.lang.Object)
	at java.lang.ref.Finalizer$FinalizerThread.run(java.base/Finalizer.java:165)

"Signal Dispatcher" #25 [404834] daemon prio=9 os_prio=0 cpu=0.17ms elapsed=0.01s tid=0x000014f2f81bba90 nid=404834 waiting on condition  [0x0000000000000000]
   java.lang.Thread.State: RUNNABLE

"Service Thread" #26 [404835] daemon prio=9 os_prio=0 cpu=0.06ms elapsed=0.01s tid=0x000014f2f81bd900 nid=404835 runnable  [0x0000000000000000]
   java.lang.Thread.State: RUNNABLE

"Monitor Deflation Thread" #27 [404836] daemon prio=9 os_prio=0 cpu=0.07ms elapsed=0.01s tid=0x000014f2f81bf760 nid=404836 runnable  [0x0000000000000000]
   java.lang.Thread.State: RUNNABLE

"C2 CompilerThread0" #28 [404837] daemon prio=9 os_prio=0 cpu=3.52ms elapsed=0.01s tid=0x000014f2f81c1fa0 nid=404837 runnable  [0x0000000000000000]
   java.lang.Thread.State: RUNNABLE
   No compile task

"VM Thread" os_prio=0 cpu=1.02ms elapsed=0.02s tid=0x000014f2f8152f30 nid=404828 runnable  

"VM Periodic Task Thread" os_prio=0 cpu=0.06ms elapsed=0.03s tid=0x000014f2f812b050 nid=404827 runnable  

"RuntimeWorker#5" os_prio=0 cpu=0.03ms elapsed=0.03s tid=0x000014f2f810f980 nid=404826 runnable  

"RuntimeWorker#4" os_prio=0 cpu=0.04ms elapsed=0.03s tid=0x000014f2f810e390 nid=404825 runnable  

"RuntimeWorker#3" os_prio=0 cpu=0.03ms elapsed=0.03s tid=0x000014f2f810cda0 nid=404824 runnable  

"RuntimeWorker#2" os_prio=0 cpu=0.04ms elapsed=0.03s tid=0x000014f2f810b7b0 nid=404823 runnable  

"RuntimeWorker#1" os_prio=0 cpu=0.03ms elapsed=0.03s tid=0x000014f2f810a1c0 nid=404822 runnable  

"RuntimeWorker#0" os_prio=0 cpu=0.04ms elapsed=0.03s tid=0x000014f2f8108bd0 nid=404821 runnable  

"ZStat" os_prio=0 cpu=0.16ms elapsed=0.03s tid=0x000014f2f8107490 nid=404820 runnable  

"ZDirector" os_prio=0 cpu=0.05ms elapsed=0.03s tid=0x000014f2f8105e50 nid=404819 runnable  

"ZDriverMajor" os_prio=0 cpu=0.04ms elapsed=0.03s tid=0x000014f2f8104480 nid=404818 runnable  

"ZDriverMinor" os_prio=0 cpu=0.18ms elapsed=0.03s tid=0x000014f2f8102b20 nid=404817 runnable  

"ZWorkerYoung#2" os_prio=0 cpu=0.03ms elapsed=16.72s tid=0x000014f2f80e1390 nid=402476 runnable  

"ZWorkerYoung#1" os_prio=0 cpu=0.04ms elapsed=16.72s tid=0x000014f2f80dfda0 nid=402475 runnable  

"ZWorkerYoung#0" os_prio=0 cpu=0.03ms elapsed=16.72s tid=0x000014f2f80de7b0 nid=402474 runnable  

"ZWorkerOld#2" os_prio=0 cpu=0.04ms elapsed=16.72s tid=0x000014f2f80dd0c0 nid=402473 runnable  

"ZWorkerOld#1" os_prio=0 cpu=0.03ms elapsed=16.72s tid=0x000014f2f80dbad0 nid=402472 runnable  

"ZWorkerOld#0" os_prio=0 cpu=0.05ms elapsed=16.72s tid=0x000014f2f80da8f0 nid=402471 runnable  

"ZUncommitter#0" os_prio=0 cpu=0.09ms elapsed=16.72s tid=0x000014f2f80d4250 nid=402470 runnable  

JNI global refs: 6, weak refs: 0

Heap
 ZHeap           used 2M, capacity 65536M, max capacity 65536M
  Cache          65534M (1)
   size classes  16G (1)
 Metaspace       used 2805K, committed 2880K, reserved 1114112K
  class space    used 201K, committed 256K, reserved 1048576K

2026-04-20 18:53:39
Full thread dump OpenJDK 64-Bit Server VM (27-internal-adhoc.fredrha.SimplifyingWeakRefs mixed mode)
                 JDK version: OpenJDK Runtime Environment (27.0) (build 27-internal-adhoc.fredrha.SimplifyingWeakRefs)

Threads class SMR info:
_java_thread_list=0x000014f2f81cdd70, length=8, elements={
0x000014f2f80ba820, 0x000014f2f81b7b00, 0x000014f2f81b9910, 0x000014f2f81bba90,
0x000014f2f81bd900, 0x000014f2f81bf760, 0x000014f2f81c1fa0, 0x000014f2f81cbfc0
}

"main" #3 [402469] prio=5 os_prio=0 cpu=16644.67ms elapsed=16.72s tid=0x000014f2f80ba820 nid=402469 runnable  [0x000014f2fec01000]
   java.lang.Thread.State: RUNNABLE
	at java.lang.invoke.MethodHandle.<clinit>(java.base/MethodHandle.java:1906)

"Reference Handler" #23 [404832] daemon prio=10 os_prio=0 cpu=0.14ms elapsed=0.01s tid=0x000014f2f81b7b00 nid=404832 waiting on condition  [0x000014f2e85fe000]
   java.lang.Thread.State: RUNNABLE
	at java.lang.ref.Reference.waitForReferencePendingList(java.base/Native Method)
	at java.lang.ref.Reference.processPendingReferences(java.base/Reference.java:240)
	at java.lang.ref.Reference$ReferenceHandler.run(java.base/Reference.java:202)

"Finalizer" #24 [404833] daemon prio=8 os_prio=0 cpu=0.19ms elapsed=0.01s tid=0x000014f2f81b9910 nid=404833 in Object.wait()  [0x000014f2e84fd000]
   java.lang.Thread.State: WAITING (on object monitor)
	at java.lang.Object.wait0(java.base/Native Method)
	- waiting on <0x000004000000f8a8> (a java.lang.Object)
	at java.lang.Object.wait(java.base/Object.java:391)
	at java.lang.Object.wait(java.base/Object.java:353)
	at java.lang.ref.ReferenceQueue.remove0(java.base/ReferenceQueue.java:136)
	at java.lang.ref.ReferenceQueue.remove(java.base/ReferenceQueue.java:214)
	- locked <0x000004000000f8a8> (a java.lang.Object)
	at java.lang.ref.Finalizer$FinalizerThread.run(java.base/Finalizer.java:165)

"Signal Dispatcher" #25 [404834] daemon prio=9 os_prio=0 cpu=0.24ms elapsed=0.01s tid=0x000014f2f81bba90 nid=404834 waiting on condition  [0x0000000000000000]
   java.lang.Thread.State: RUNNABLE

"Service Thread" #26 [404835] daemon prio=9 os_prio=0 cpu=0.06ms elapsed=0.01s tid=0x000014f2f81bd900 nid=404835 runnable  [0x0000000000000000]
   java.lang.Thread.State: RUNNABLE

"Monitor Deflation Thread" #27 [404836] daemon prio=9 os_prio=0 cpu=0.07ms elapsed=0.01s tid=0x000014f2f81bf760 nid=404836 runnable  [0x0000000000000000]
   java.lang.Thread.State: RUNNABLE

"C2 CompilerThread0" #28 [404837] daemon prio=9 os_prio=0 cpu=3.52ms elapsed=0.01s tid=0x000014f2f81c1fa0 nid=404837 waiting on condition  [0x0000000000000000]
   java.lang.Thread.State: RUNNABLE
   No compile task

"C1 CompilerThread0" #31 [404838] daemon prio=9 os_prio=0 cpu=0.36ms elapsed=0.01s tid=0x000014f2f81cbfc0 nid=404838 runnable  [0x0000000000000000]
   java.lang.Thread.State: RUNNABLE
   No compile task

"VM Thread" os_prio=0 cpu=1.64ms elapsed=0.02s tid=0x000014f2f8152f30 nid=404828 runnable  

"VM Periodic Task Thread" os_prio=0 cpu=0.06ms elapsed=0.03s tid=0x000014f2f812b050 nid=404827 runnable  

"RuntimeWorker#5" os_prio=0 cpu=0.03ms elapsed=0.03s tid=0x000014f2f810f980 nid=404826 runnable  

"RuntimeWorker#4" os_prio=0 cpu=0.04ms elapsed=0.03s tid=0x000014f2f810e390 nid=404825 runnable  

"RuntimeWorker#3" os_prio=0 cpu=0.03ms elapsed=0.03s tid=0x000014f2f810cda0 nid=404824 runnable  

"RuntimeWorker#2" os_prio=0 cpu=0.04ms elapsed=0.03s tid=0x000014f2f810b7b0 nid=404823 runnable  

"RuntimeWorker#1" os_prio=0 cpu=0.03ms elapsed=0.03s tid=0x000014f2f810a1c0 nid=404822 runnable  

"RuntimeWorker#0" os_prio=0 cpu=0.04ms elapsed=0.03s tid=0x000014f2f8108bd0 nid=404821 runnable  

"ZStat" os_prio=0 cpu=0.16ms elapsed=0.03s tid=0x000014f2f8107490 nid=404820 runnable  

"ZDirector" os_prio=0 cpu=0.05ms elapsed=0.03s tid=0x000014f2f8105e50 nid=404819 runnable  

"ZDriverMajor" os_prio=0 cpu=0.04ms elapsed=0.03s tid=0x000014f2f8104480 nid=404818 runnable  

"ZDriverMinor" os_prio=0 cpu=0.18ms elapsed=0.03s tid=0x000014f2f8102b20 nid=404817 runnable  

"ZWorkerYoung#2" os_prio=0 cpu=0.03ms elapsed=16.72s tid=0x000014f2f80e1390 nid=402476 runnable  

"ZWorkerYoung#1" os_prio=0 cpu=0.04ms elapsed=16.72s tid=0x000014f2f80dfda0 nid=402475 runnable  

"ZWorkerYoung#0" os_prio=0 cpu=0.03ms elapsed=16.72s tid=0x000014f2f80de7b0 nid=402474 runnable  

"ZWorkerOld#2" os_prio=0 cpu=0.04ms elapsed=16.72s tid=0x000014f2f80dd0c0 nid=402473 runnable  

"ZWorkerOld#1" os_prio=0 cpu=0.03ms elapsed=16.72s tid=0x000014f2f80dbad0 nid=402472 runnable  

"ZWorkerOld#0" os_prio=0 cpu=0.05ms elapsed=16.72s tid=0x000014f2f80da8f0 nid=402471 runnable  

"ZUncommitter#0" os_prio=0 cpu=0.09ms elapsed=16.72s tid=0x000014f2f80d4250 nid=402470 runnable  

JNI global refs: 6, weak refs: 0

Heap
 ZHeap           used 2M, capacity 65536M, max capacity 65536M
  Cache          65534M (1)
   size classes  16G (1)
 Metaspace       used 2822K, committed 2880K, reserved 1114112K
  class space    used 202K, committed 256K, reserved 1048576K

2026-04-20 18:53:39
Full thread dump OpenJDK 64-Bit Server VM (27-internal-adhoc.fredrha.SimplifyingWeakRefs mixed mode)
                 JDK version: OpenJDK Runtime Environment (27.0) (build 27-internal-adhoc.fredrha.SimplifyingWeakRefs)

Threads class SMR info:
_java_thread_list=0x000014f2f81cdd70, length=8, elements={
0x000014f2f80ba820, 0x000014f2f81b7b00, 0x000014f2f81b9910, 0x000014f2f81bba90,
0x000014f2f81bd900, 0x000014f2f81bf760, 0x000014f2f81c1fa0, 0x000014f2f81cbfc0
}

"main" #3 [402469] prio=5 os_prio=0 cpu=16644.79ms elapsed=16.72s tid=0x000014f2f80ba820 nid=402469 runnable  [0x000014f2fec00000]
   java.lang.Thread.State: RUNNABLE
	at java.lang.String.isLatin1(java.base/String.java:5268)
	at java.lang.String.hashCode(java.base/String.java:2807)
	at java.util.concurrent.ConcurrentHashMap.get(java.base/ConcurrentHashMap.java:951)
	at java.util.Properties.getProperty(java.base/Properties.java:1145)
	at java.lang.invoke.MethodHandleStatics.<clinit>(java.base/MethodHandleStatics.java:70)
	at java.lang.invoke.MethodHandle.<clinit>(java.base/MethodHandle.java:1906)

"Reference Handler" #23 [404832] daemon prio=10 os_prio=0 cpu=0.14ms elapsed=0.01s tid=0x000014f2f81b7b00 nid=404832 waiting on condition  [0x000014f2e85fe000]
   java.lang.Thread.State: RUNNABLE
	at java.lang.ref.Reference.waitForReferencePendingList(java.base/Native Method)
	at java.lang.ref.Reference.processPendingReferences(java.base/Reference.java:240)
	at java.lang.ref.Reference$ReferenceHandler.run(java.base/Reference.java:202)

"Finalizer" #24 [404833] daemon prio=8 os_prio=0 cpu=0.19ms elapsed=0.01s tid=0x000014f2f81b9910 nid=404833 in Object.wait()  [0x000014f2e84fd000]
   java.lang.Thread.State: WAITING (on object monitor)
	at java.lang.Object.wait0(java.base/Native Method)
	- waiting on <0x000004000000f8a8> (a java.lang.Object)
	at java.lang.Object.wait(java.base/Object.java:391)
	at java.lang.Object.wait(java.base/Object.java:353)
	at java.lang.ref.ReferenceQueue.remove0(java.base/ReferenceQueue.java:136)
	at java.lang.ref.ReferenceQueue.remove(java.base/ReferenceQueue.java:214)
	- locked <0x000004000000f8a8> (a java.lang.Object)
	at java.lang.ref.Finalizer$FinalizerThread.run(java.base/Finalizer.java:165)

"Signal Dispatcher" #25 [404834] daemon prio=9 os_prio=0 cpu=0.29ms elapsed=0.01s tid=0x000014f2f81bba90 nid=404834 waiting on condition  [0x0000000000000000]
   java.lang.Thread.State: RUNNABLE

"Service Thread" #26 [404835] daemon prio=9 os_prio=0 cpu=0.06ms elapsed=0.01s tid=0x000014f2f81bd900 nid=404835 runnable  [0x0000000000000000]
   java.lang.Thread.State: RUNNABLE

"Monitor Deflation Thread" #27 [404836] daemon prio=9 os_prio=0 cpu=0.07ms elapsed=0.01s tid=0x000014f2f81bf760 nid=404836 runnable  [0x0000000000000000]
   java.lang.Thread.State: RUNNABLE

"C2 CompilerThread0" #28 [404837] daemon prio=9 os_prio=0 cpu=3.53ms elapsed=0.01s tid=0x000014f2f81c1fa0 nid=404837 waiting on condition  [0x0000000000000000]
   java.lang.Thread.State: RUNNABLE
   No compile task

"C1 CompilerThread0" #31 [404838] daemon prio=9 os_prio=0 cpu=0.41ms elapsed=0.01s tid=0x000014f2f81cbfc0 nid=404838 runnable  [0x0000000000000000]
   java.lang.Thread.State: RUNNABLE
   Compiling:    1       3       java.lang.Object::<init> (1 bytes)

"VM Thread" os_prio=0 cpu=2.28ms elapsed=0.02s tid=0x000014f2f8152f30 nid=404828 runnable  

"VM Periodic Task Thread" os_prio=0 cpu=0.06ms elapsed=0.03s tid=0x000014f2f812b050 nid=404827 runnable  

"RuntimeWorker#5" os_prio=0 cpu=0.03ms elapsed=0.03s tid=0x000014f2f810f980 nid=404826 runnable  

"RuntimeWorker#4" os_prio=0 cpu=0.04ms elapsed=0.03s tid=0x000014f2f810e390 nid=404825 runnable  

"RuntimeWorker#3" os_prio=0 cpu=0.03ms elapsed=0.03s tid=0x000014f2f810cda0 nid=404824 runnable  

"RuntimeWorker#2" os_prio=0 cpu=0.04ms elapsed=0.03s tid=0x000014f2f810b7b0 nid=404823 runnable  

"RuntimeWorker#1" os_prio=0 cpu=0.03ms elapsed=0.03s tid=0x000014f2f810a1c0 nid=404822 runnable  

"RuntimeWorker#0" os_prio=0 cpu=0.04ms elapsed=0.03s tid=0x000014f2f8108bd0 nid=404821 runnable  

"ZStat" os_prio=0 cpu=0.16ms elapsed=0.03s tid=0x000014f2f8107490 nid=404820 runnable  

"ZDirector" os_prio=0 cpu=0.05ms elapsed=0.03s tid=0x000014f2f8105e50 nid=404819 runnable  

"ZDriverMajor" os_prio=0 cpu=0.04ms elapsed=0.03s tid=0x000014f2f8104480 nid=404818 runnable  

"ZDriverMinor" os_prio=0 cpu=0.18ms elapsed=0.03s tid=0x000014f2f8102b20 nid=404817 runnable  

"ZWorkerYoung#2" os_prio=0 cpu=0.03ms elapsed=16.72s tid=0x000014f2f80e1390 nid=402476 runnable  

"ZWorkerYoung#1" os_prio=0 cpu=0.04ms elapsed=16.72s tid=0x000014f2f80dfda0 nid=402475 runnable  

"ZWorkerYoung#0" os_prio=0 cpu=0.03ms elapsed=16.72s tid=0x000014f2f80de7b0 nid=402474 runnable  

"ZWorkerOld#2" os_prio=0 cpu=0.04ms elapsed=16.72s tid=0x000014f2f80dd0c0 nid=402473 runnable  

"ZWorkerOld#1" os_prio=0 cpu=0.03ms elapsed=16.72s tid=0x000014f2f80dbad0 nid=402472 runnable  

"ZWorkerOld#0" os_prio=0 cpu=0.05ms elapsed=16.72s tid=0x000014f2f80da8f0 nid=402471 runnable  

"ZUncommitter#0" os_prio=0 cpu=0.09ms elapsed=16.72s tid=0x000014f2f80d4250 nid=402470 runnable  

JNI global refs: 6, weak refs: 0

Heap
 ZHeap           used 2M, capacity 65536M, max capacity 65536M
  Cache          65534M (1)
   size classes  16G (1)
 Metaspace       used 2823K, committed 2880K, reserved 1114112K
  class space    used 203K, committed 256K, reserved 1048576K

2026-04-20 18:53:39
Full thread dump OpenJDK 64-Bit Server VM (27-internal-adhoc.fredrha.SimplifyingWeakRefs mixed mode)
                 JDK version: OpenJDK Runtime Environment (27.0) (build 27-internal-adhoc.fredrha.SimplifyingWeakRefs)

Threads class SMR info:
_java_thread_list=0x000014f2f81cdd70, length=8, elements={
0x000014f2f80ba820, 0x000014f2f81b7b00, 0x000014f2f81b9910, 0x000014f2f81bba90,
0x000014f2f81bd900, 0x000014f2f81bf760, 0x000014f2f81c1fa0, 0x000014f2f81cbfc0
}

"main" #3 [402469] prio=5 os_prio=0 cpu=16644.89ms elapsed=16.72s tid=0x000014f2f80ba820 nid=402469 runnable  [0x000014f2fec00000]
   java.lang.Thread.State: RUNNABLE
	at java.lang.Integer.parseInt(java.base/Integer.java:512)
	at java.lang.Integer.parseInt(java.base/Integer.java:626)
	at java.lang.invoke.MethodHandleStatics.<clinit>(java.base/MethodHandleStatics.java:78)
	at java.lang.invoke.MethodHandle.<clinit>(java.base/MethodHandle.java:1906)

"Reference Handler" #23 [404832] daemon prio=10 os_prio=0 cpu=0.14ms elapsed=0.01s tid=0x000014f2f81b7b00 nid=404832 waiting on condition  [0x000014f2e85fe000]
   java.lang.Thread.State: RUNNABLE
	at java.lang.ref.Reference.waitForReferencePendingList(java.base/Native Method)
	at java.lang.ref.Reference.processPendingReferences(java.base/Reference.java:240)
	at java.lang.ref.Reference$ReferenceHandler.run(java.base/Reference.java:202)

"Finalizer" #24 [404833] daemon prio=8 os_prio=0 cpu=0.19ms elapsed=0.01s tid=0x000014f2f81b9910 nid=404833 in Object.wait()  [0x000014f2e84fd000]
   java.lang.Thread.State: WAITING (on object monitor)
	at java.lang.Object.wait0(java.base/Native Method)
	- waiting on <0x000004000000f8a8> (a java.lang.Object)
	at java.lang.Object.wait(java.base/Object.java:391)
	at java.lang.Object.wait(java.base/Object.java:353)
	at java.lang.ref.ReferenceQueue.remove0(java.base/ReferenceQueue.java:136)
	at java.lang.ref.ReferenceQueue.remove(java.base/ReferenceQueue.java:214)
	- locked <0x000004000000f8a8> (a java.lang.Object)
	at java.lang.ref.Finalizer$FinalizerThread.run(java.base/Finalizer.java:165)

"Signal Dispatcher" #25 [404834] daemon prio=9 os_prio=0 cpu=0.34ms elapsed=0.01s tid=0x000014f2f81bba90 nid=404834 waiting on condition  [0x0000000000000000]
   java.lang.Thread.State: RUNNABLE

"Service Thread" #26 [404835] daemon prio=9 os_prio=0 cpu=0.06ms elapsed=0.01s tid=0x000014f2f81bd900 nid=404835 runnable  [0x0000000000000000]
   java.lang.Thread.State: RUNNABLE

"Monitor Deflation Thread" #27 [404836] daemon prio=9 os_prio=0 cpu=0.07ms elapsed=0.01s tid=0x000014f2f81bf760 nid=404836 runnable  [0x0000000000000000]
   java.lang.Thread.State: RUNNABLE

"C2 CompilerThread0" #28 [404837] daemon prio=9 os_prio=0 cpu=3.54ms elapsed=0.01s tid=0x000014f2f81c1fa0 nid=404837 waiting on condition  [0x0000000000000000]
   java.lang.Thread.State: RUNNABLE
   No compile task

"C1 CompilerThread0" #31 [404838] daemon prio=9 os_prio=0 cpu=0.51ms elapsed=0.01s tid=0x000014f2f81cbfc0 nid=404838 runnable  [0x0000000000000000]
   java.lang.Thread.State: RUNNABLE
   Compiling:    1       3       java.lang.Object::<init> (1 bytes)

"VM Thread" os_prio=0 cpu=2.91ms elapsed=0.02s tid=0x000014f2f8152f30 nid=404828 runnable  

"VM Periodic Task Thread" os_prio=0 cpu=0.06ms elapsed=0.03s tid=0x000014f2f812b050 nid=404827 runnable  

"RuntimeWorker#5" os_prio=0 cpu=0.03ms elapsed=0.03s tid=0x000014f2f810f980 nid=404826 runnable  

"RuntimeWorker#4" os_prio=0 cpu=0.04ms elapsed=0.03s tid=0x000014f2f810e390 nid=404825 runnable  

"RuntimeWorker#3" os_prio=0 cpu=0.03ms elapsed=0.03s tid=0x000014f2f810cda0 nid=404824 runnable  

"RuntimeWorker#2" os_prio=0 cpu=0.04ms elapsed=0.03s tid=0x000014f2f810b7b0 nid=404823 runnable  

"RuntimeWorker#1" os_prio=0 cpu=0.03ms elapsed=0.03s tid=0x000014f2f810a1c0 nid=404822 runnable  

"RuntimeWorker#0" os_prio=0 cpu=0.04ms elapsed=0.03s tid=0x000014f2f8108bd0 nid=404821 runnable  

"ZStat" os_prio=0 cpu=0.16ms elapsed=0.03s tid=0x000014f2f8107490 nid=404820 runnable  

"ZDirector" os_prio=0 cpu=0.05ms elapsed=0.03s tid=0x000014f2f8105e50 nid=404819 runnable  

"ZDriverMajor" os_prio=0 cpu=0.04ms elapsed=0.03s tid=0x000014f2f8104480 nid=404818 runnable  

"ZDriverMinor" os_prio=0 cpu=0.18ms elapsed=0.03s tid=0x000014f2f8102b20 nid=404817 runnable  

"ZWorkerYoung#2" os_prio=0 cpu=0.03ms elapsed=16.72s tid=0x000014f2f80e1390 nid=402476 runnable  

"ZWorkerYoung#1" os_prio=0 cpu=0.04ms elapsed=16.72s tid=0x000014f2f80dfda0 nid=402475 runnable  

"ZWorkerYoung#0" os_prio=0 cpu=0.03ms elapsed=16.72s tid=0x000014f2f80de7b0 nid=402474 runnable  

"ZWorkerOld#2" os_prio=0 cpu=0.04ms elapsed=16.72s tid=0x000014f2f80dd0c0 nid=402473 runnable  

"ZWorkerOld#1" os_prio=0 cpu=0.03ms elapsed=16.72s tid=0x000014f2f80dbad0 nid=402472 runnable  

"ZWorkerOld#0" os_prio=0 cpu=0.05ms elapsed=16.72s tid=0x000014f2f80da8f0 nid=402471 runnable  

"ZUncommitter#0" os_prio=0 cpu=0.09ms elapsed=16.72s tid=0x000014f2f80d4250 nid=402470 runnable  

JNI global refs: 6, weak refs: 0

Heap
 ZHeap           used 2M, capacity 65536M, max capacity 65536M
  Cache          65534M (1)
   size classes  16G (1)
 Metaspace       used 2826K, committed 2880K, reserved 1114112K
  class space    used 203K, committed 256K, reserved 1048576K

2026-04-20 18:53:39
Full thread dump OpenJDK 64-Bit Server VM (27-internal-adhoc.fredrha.SimplifyingWeakRefs mixed mode)
                 JDK version: OpenJDK Runtime Environment (27.0) (build 27-internal-adhoc.fredrha.SimplifyingWeakRefs)

Threads class SMR info:
_java_thread_list=0x000014f2f81cdd70, length=8, elements={
0x000014f2f80ba820, 0x000014f2f81b7b00, 0x000014f2f81b9910, 0x000014f2f81bba90,
0x000014f2f81bd900, 0x000014f2f81bf760, 0x000014f2f81c1fa0, 0x000014f2f81cbfc0
}

"main" #3 [402469] prio=5 os_prio=0 cpu=16644.98ms elapsed=16.72s tid=0x000014f2f80ba820 nid=402469 runnable  [0x000014f2fec00000]
   java.lang.Thread.State: RUNNABLE
	at java.lang.Character.digit(java.base/Character.java:11656)
	at java.lang.Character.digit(java.base/Character.java:11604)
	at java.lang.Integer.parseInt(java.base/Integer.java:512)
	at java.lang.Integer.parseInt(java.base/Integer.java:626)
	at java.lang.invoke.MethodHandleStatics.<clinit>(java.base/MethodHandleStatics.java:78)
	at java.lang.invoke.MethodHandle.<clinit>(java.base/MethodHandle.java:1906)

"Reference Handler" #23 [404832] daemon prio=10 os_prio=0 cpu=0.14ms elapsed=0.01s tid=0x000014f2f81b7b00 nid=404832 waiting on condition  [0x000014f2e85fe000]
   java.lang.Thread.State: RUNNABLE
	at java.lang.ref.Reference.waitForReferencePendingList(java.base/Native Method)
	at java.lang.ref.Reference.processPendingReferences(java.base/Reference.java:240)
	at java.lang.ref.Reference$ReferenceHandler.run(java.base/Reference.java:202)

"Finalizer" #24 [404833] daemon prio=8 os_prio=0 cpu=0.19ms elapsed=0.01s tid=0x000014f2f81b9910 nid=404833 in Object.wait()  [0x000014f2e84fd000]
   java.lang.Thread.State: WAITING (on object monitor)
	at java.lang.Object.wait0(java.base/Native Method)
	- waiting on <0x000004000000f8a8> (a java.lang.Object)
	at java.lang.Object.wait(java.base/Object.java:391)
	at java.lang.Object.wait(java.base/Object.java:353)
	at java.lang.ref.ReferenceQueue.remove0(java.base/ReferenceQueue.java:136)
	at java.lang.ref.ReferenceQueue.remove(java.base/ReferenceQueue.java:214)
	- locked <0x000004000000f8a8> (a java.lang.Object)
	at java.lang.ref.Finalizer$FinalizerThread.run(java.base/Finalizer.java:165)

"Signal Dispatcher" #25 [404834] daemon prio=9 os_prio=0 cpu=0.40ms elapsed=0.01s tid=0x000014f2f81bba90 nid=404834 waiting on condition  [0x0000000000000000]
   java.lang.Thread.State: RUNNABLE

"Service Thread" #26 [404835] daemon prio=9 os_prio=0 cpu=0.06ms elapsed=0.01s tid=0x000014f2f81bd900 nid=404835 runnable  [0x0000000000000000]
   java.lang.Thread.State: RUNNABLE

"Monitor Deflation Thread" #27 [404836] daemon prio=9 os_prio=0 cpu=0.07ms elapsed=0.01s tid=0x000014f2f81bf760 nid=404836 runnable  [0x0000000000000000]
   java.lang.Thread.State: RUNNABLE

"C2 CompilerThread0" #28 [404837] daemon prio=9 os_prio=0 cpu=3.54ms elapsed=0.01s tid=0x000014f2f81c1fa0 nid=404837 waiting on condition  [0x0000000000000000]
   java.lang.Thread.State: RUNNABLE
   No compile task

"C1 CompilerThread0" #31 [404838] daemon prio=9 os_prio=0 cpu=0.65ms elapsed=0.01s tid=0x000014f2f81cbfc0 nid=404838 runnable  [0x0000000000000000]
   java.lang.Thread.State: RUNNABLE
   Compiling:    1       3       java.lang.Object::<init> (1 bytes)

"VM Thread" os_prio=0 cpu=3.55ms elapsed=0.02s tid=0x000014f2f8152f30 nid=404828 runnable  

"VM Periodic Task Thread" os_prio=0 cpu=0.06ms elapsed=0.03s tid=0x000014f2f812b050 nid=404827 runnable  

"RuntimeWorker#5" os_prio=0 cpu=0.03ms elapsed=0.03s tid=0x000014f2f810f980 nid=404826 runnable  

"RuntimeWorker#4" os_prio=0 cpu=0.04ms elapsed=0.03s tid=0x000014f2f810e390 nid=404825 runnable  

"RuntimeWorker#3" os_prio=0 cpu=0.03ms elapsed=0.03s tid=0x000014f2f810cda0 nid=404824 runnable  

"RuntimeWorker#2" os_prio=0 cpu=0.04ms elapsed=0.03s tid=0x000014f2f810b7b0 nid=404823 runnable  

"RuntimeWorker#1" os_prio=0 cpu=0.03ms elapsed=0.03s tid=0x000014f2f810a1c0 nid=404822 runnable  

"RuntimeWorker#0" os_prio=0 cpu=0.04ms elapsed=0.03s tid=0x000014f2f8108bd0 nid=404821 runnable  

"ZStat" os_prio=0 cpu=0.16ms elapsed=0.03s tid=0x000014f2f8107490 nid=404820 runnable  

"ZDirector" os_prio=0 cpu=0.05ms elapsed=0.03s tid=0x000014f2f8105e50 nid=404819 runnable  

"ZDriverMajor" os_prio=0 cpu=0.04ms elapsed=0.03s tid=0x000014f2f8104480 nid=404818 runnable  

"ZDriverMinor" os_prio=0 cpu=0.18ms elapsed=0.03s tid=0x000014f2f8102b20 nid=404817 runnable  

"ZWorkerYoung#2" os_prio=0 cpu=0.03ms elapsed=16.72s tid=0x000014f2f80e1390 nid=402476 runnable  

"ZWorkerYoung#1" os_prio=0 cpu=0.04ms elapsed=16.72s tid=0x000014f2f80dfda0 nid=402475 runnable  

"ZWorkerYoung#0" os_prio=0 cpu=0.03ms elapsed=16.72s tid=0x000014f2f80de7b0 nid=402474 runnable  

"ZWorkerOld#2" os_prio=0 cpu=0.04ms elapsed=16.72s tid=0x000014f2f80dd0c0 nid=402473 runnable  

"ZWorkerOld#1" os_prio=0 cpu=0.03ms elapsed=16.72s tid=0x000014f2f80dbad0 nid=402472 runnable  

"ZWorkerOld#0" os_prio=0 cpu=0.05ms elapsed=16.72s tid=0x000014f2f80da8f0 nid=402471 runnable  

"ZUncommitter#0" os_prio=0 cpu=0.09ms elapsed=16.72s tid=0x000014f2f80d4250 nid=402470 runnable  

JNI global refs: 6, weak refs: 0

Heap
 ZHeap           used 2M, capacity 65536M, max capacity 65536M
  Cache          65534M (1)
   size classes  16G (1)
 Metaspace       used 2848K, committed 2944K, reserved 1114112K
  class space    used 204K, committed 256K, reserved 1048576K

[16.729s][info   ][gc,ref] GC(0) O:                           Encountered       Discovered Cleared/Enqueued 
[16.729s][info   ][gc,ref] GC(0) O: Soft References:                    0                0                0 
[16.729s][info   ][gc,ref] GC(0) O: Weak References:                    0                0                0 
[16.729s][info   ][gc,ref] GC(0) O: Weak (No Queue):                    0                0                0 
[16.729s][info   ][gc,ref] GC(0) O: Final References:                   0                0                0 
[16.729s][info   ][gc,ref] GC(0) O: Phantom References:                 0                0                0 
[17.236s][info   ][gc,ref] GC(1) O:                           Encountered       Discovered Cleared/Enqueued 
[17.236s][info   ][gc,ref] GC(1) O: Soft References:                  148                0                0 
[17.236s][info   ][gc,ref] GC(1) O: Weak References:                  605                0                0 
[17.236s][info   ][gc,ref] GC(1) O: Weak (No Queue):                    3                0                0 
[17.236s][info   ][gc,ref] GC(1) O: Final References:                   0                0                0 
[17.236s][info   ][gc,ref] GC(1) O: Phantom References:                 1                0                0 
[17.761s][info   ][gc,ref] GC(2) O:                           Encountered       Discovered Cleared/Enqueued 
[17.761s][info   ][gc,ref] GC(2) O: Soft References:                  201                0                0 
[17.761s][info   ][gc,ref] GC(2) O: Weak References:                 1227                0                0 
[17.761s][info   ][gc,ref] GC(2) O: Weak (No Queue):                   25                0                0 
[17.761s][info   ][gc,ref] GC(2) O: Final References:                   0                0                0 
[17.761s][info   ][gc,ref] GC(2) O: Phantom References:                 1                0                0 
WeakRefMultiObjectBenchmark: objects=50000000 minSize=509 maxSize=1097 sleepMillis=3000
Phase 1: Allocating references and objects...
[18.316s][info   ][gc,ref] GC(3) O:                           Encountered       Discovered Cleared/Enqueued 
[18.316s][info   ][gc,ref] GC(3) O: Soft References:                  238                0                0 
[18.316s][info   ][gc,ref] GC(3) O: Weak References:                 1330              445              129 
[18.316s][info   ][gc,ref] GC(3) O: Weak (No Queue):                    3                3                0 
[18.316s][info   ][gc,ref] GC(3) O: Final References:                   0                0                0 
[18.316s][info   ][gc,ref] GC(3) O: Phantom References:                 1                1                0 
[19.171s][info   ][gc,ref] GC(4) O:                           Encountered       Discovered Cleared/Enqueued 
[19.171s][info   ][gc,ref] GC(4) O: Soft References:                  238                0                0 
[19.171s][info   ][gc,ref] GC(4) O: Weak References:                 1201              404              160 
[19.171s][info   ][gc,ref] GC(4) O: Weak (No Queue):                    3                0                0 
[19.171s][info   ][gc,ref] GC(4) O: Final References:                   0                0                0 
[19.171s][info   ][gc,ref] GC(4) O: Phantom References:                 1                1                0 
[19.840s][info   ][gc,ref] GC(5) O:                           Encountered       Discovered Cleared/Enqueued 
[19.840s][info   ][gc,ref] GC(5) O: Soft References:                  238                0                0 
[19.840s][info   ][gc,ref] GC(5) O: Weak References:                 1041              631               41 
[19.840s][info   ][gc,ref] GC(5) O: Weak (No Queue):                    3                0                0 
[19.840s][info   ][gc,ref] GC(5) O: Final References:                   0                0                0 
[19.840s][info   ][gc,ref] GC(5) O: Phantom References:                 1                1                0 
[20.695s][info   ][gc,ref] GC(6) O:                           Encountered       Discovered Cleared/Enqueued 
[20.695s][info   ][gc,ref] GC(6) O: Soft References:                  238                0                0 
[20.695s][info   ][gc,ref] GC(6) O: Weak References:                 1000              725                0 
[20.695s][info   ][gc,ref] GC(6) O: Weak (No Queue):               396381                3                0 
[20.695s][info   ][gc,ref] GC(6) O: Final References:                   0                0                0 
[20.695s][info   ][gc,ref] GC(6) O: Phantom References:                 1                1                0 
[22.217s][info   ][gc,ref] GC(7) O:                           Encountered       Discovered Cleared/Enqueued 
[22.217s][info   ][gc,ref] GC(7) O: Soft References:                  238                0                0 
[22.217s][info   ][gc,ref] GC(7) O: Weak References:                 1000              868                0 
[22.217s][info   ][gc,ref] GC(7) O: Weak (No Queue):              2088038                3                0 
[22.217s][info   ][gc,ref] GC(7) O: Final References:                   0                0                0 
[22.217s][info   ][gc,ref] GC(7) O: Phantom References:                 1                1                0 
[25.254s][info   ][gc,ref] GC(8) O:                           Encountered       Discovered Cleared/Enqueued 
[25.254s][info   ][gc,ref] GC(8) O: Soft References:                  238                0                0 
[25.254s][info   ][gc,ref] GC(8) O: Weak References:                 1000              802                0 
[25.254s][info   ][gc,ref] GC(8) O: Weak (No Queue):              5079940           213361                0 
[25.254s][info   ][gc,ref] GC(8) O: Final References:                   0                0                0 
[25.254s][info   ][gc,ref] GC(8) O: Phantom References:                 1                1                0 
[31.753s][info   ][gc,ref] GC(9) O:                           Encountered       Discovered Cleared/Enqueued 
[31.753s][info   ][gc,ref] GC(9) O: Soft References:                  238                0                0 
[31.753s][info   ][gc,ref] GC(9) O: Weak References:                 1000              802                0 
[31.753s][info   ][gc,ref] GC(9) O: Weak (No Queue):             11055162          2004820                0 
[31.753s][info   ][gc,ref] GC(9) O: Final References:                   0                0                0 
[31.753s][info   ][gc,ref] GC(9) O: Phantom References:                 1                1                0 
[45.460s][info   ][gc,ref] GC(10) O:                           Encountered       Discovered Cleared/Enqueued 
[45.460s][info   ][gc,ref] GC(10) O: Soft References:                  238                0                0 
[45.460s][info   ][gc,ref] GC(10) O: Weak References:                 1000              803                0 
[45.460s][info   ][gc,ref] GC(10) O: Weak (No Queue):             23244283          1984195                0 
[45.460s][info   ][gc,ref] GC(10) O: Final References:                   0                0                0 
[45.460s][info   ][gc,ref] GC(10) O: Phantom References:                 1                1                0 
Allocated 50000000 objects in 27.73 seconds
Phase 2: Sleeping for 3000 ms...
Phase 3.1: Clearing strong references...
Cleared 10000001 strong references, 39999999 remaining
Waiting 3000 ms...
Phase 3.2: Clearing strong references...
Cleared 10000001 strong references, 29999998 remaining
Waiting 3000 ms...
Phase 3.3: Clearing strong references...
Cleared 10000001 strong references, 19999997 remaining
Waiting 3000 ms...
Phase 3.4: Clearing strong references...
Cleared 10000001 strong references, 9999996 remaining
Waiting 3000 ms...
Phase 3.5: Clearing strong references...
Cleared 9999996 strong references, 0 remaining
Waiting 3000 ms...
Waiting 6000 ms...
[71.087s][info   ][gc,ref] GC(11) O:                           Encountered       Discovered Cleared/Enqueued 
[71.087s][info   ][gc,ref] GC(11) O: Soft References:                  238                0                0 
[71.087s][info   ][gc,ref] GC(11) O: Weak References:                 1000              944                0 
[71.087s][info   ][gc,ref] GC(11) O: Weak (No Queue):             50000003          8802691                0 
[71.087s][info   ][gc,ref] GC(11) O: Final References:                   0                0                0 
[71.087s][info   ][gc,ref] GC(11) O: Phantom References:                 1                1                0 
Phase 4: Final weak reference checks...
Final count of alive weak references: 50000000
[84.595s][info   ][gc,stats] === Garbage Collection Statistics =======================================================================================================================
[84.595s][info   ][gc,stats]                                                              Last 10s              Last 10m              Last 10h                Total
[84.595s][info   ][gc,stats]                                                              Avg / Max             Avg / Max             Avg / Max             Avg / Max
[84.595s][info   ][gc,stats]        Contention: Mark Segment Reset Contention                     0 / 0                 0 / 25                0 / 25                0 / 25          ops/s
[84.595s][info   ][gc,stats]        Contention: Mark SeqNum Reset Contention                      0 / 0                 0 / 4                 0 / 4                 0 / 4           ops/s
[84.595s][info   ][gc,stats]          Critical: Allocation Stall                                  0 / 0                 0 / 0                 0 / 0                 0 / 0           ops/s
[84.595s][info   ][gc,stats]          Critical: Allocation Stall                              0.000 / 0.000         0.000 / 0.000         0.000 / 0.000         0.000 / 0.000       ms
[84.595s][info   ][gc,stats]          Critical: JNI Critical Stall                                0 / 0                 0 / 0                 0 / 0                 0 / 0           ops/s
[84.595s][info   ][gc,stats]          Critical: JNI Critical Stall                            0.000 / 0.000         0.000 / 0.000         0.000 / 0.000         0.000 / 0.000       ms
[84.595s][info   ][gc,stats]          Critical: Relocation Stall                                  0 / 0                 0 / 0                 0 / 0                 0 / 0           ops/s
[84.595s][info   ][gc,stats]          Critical: Relocation Stall                              0.000 / 0.000         0.000 / 0.000         0.000 / 0.000         0.000 / 0.000       ms
[84.595s][info   ][gc,stats]  Major Collection: Major Collection                              0.000 / 0.000      4066.988 / 25120.870  4066.988 / 25120.870  4066.988 / 25120.870   ms
[84.595s][info   ][gc,stats]            Memory: Allocation Rate                                   0 / 2               677 / 1770            677 / 1770            677 / 1770        MB/s
[84.595s][info   ][gc,stats]            Memory: Defragment                                        0 / 0                 0 / 0                 0 / 0                 0 / 0           ops/s
[84.595s][info   ][gc,stats]            Memory: Mapped Cache Harvest                              0 / 0                 0 / 0                 0 / 0                 0 / 0           MB/s
[84.595s][info   ][gc,stats]            Memory: Out Of Memory                                     0 / 0                 0 / 0                 0 / 0                 0 / 0           ops/s
[84.595s][info   ][gc,stats]            Memory: Uncommit                                          0 / 0                 0 / 0                 0 / 0                 0 / 0           MB/s
[84.595s][info   ][gc,stats]            Memory: Undo Object Allocation Failed                     0 / 0                 0 / 0                 0 / 0                 0 / 0           ops/s
[84.595s][info   ][gc,stats]            Memory: Undo Object Allocation Succeeded                  0 / 0                 0 / 1                 0 / 1                 0 / 1           ops/s
[84.595s][info   ][gc,stats]            Memory: Undo Page Allocation                              0 / 0                 0 / 0                 0 / 0                 0 / 0           ops/s
[84.595s][info   ][gc,stats]  Minor Collection: Minor Collection                              0.000 / 0.000         0.000 / 0.000         0.000 / 0.000         0.000 / 0.000       ms
[84.595s][info   ][gc,stats]    Old Generation: Old Generation                                0.000 / 0.000      1221.249 / 6771.773   1221.249 / 6771.773   1221.249 / 6771.773    ms
[84.595s][info   ][gc,stats]         Old Pause: Pause Mark End                                0.000 / 0.000         0.011 / 0.016         0.011 / 0.016         0.011 / 0.016       ms
[84.595s][info   ][gc,stats]         Old Pause: Pause Relocate Start                          0.000 / 0.000         0.010 / 0.017         0.010 / 0.017         0.010 / 0.017       ms
[84.595s][info   ][gc,stats]         Old Phase: Concurrent Mark                               0.000 / 0.000      1001.496 / 5572.332   1001.496 / 5572.332   1001.496 / 5572.332    ms
[84.595s][info   ][gc,stats]         Old Phase: Concurrent Mark Continue                      0.000 / 0.000         0.000 / 0.000         0.000 / 0.000         0.000 / 0.000       ms
[84.595s][info   ][gc,stats]         Old Phase: Concurrent Mark Free                          0.000 / 0.000         0.004 / 0.010         0.004 / 0.010         0.004 / 0.010       ms
[84.595s][info   ][gc,stats]         Old Phase: Concurrent Process Non-Strong                 0.000 / 0.000       121.936 / 851.613     121.936 / 851.613     121.936 / 851.613     ms
[84.595s][info   ][gc,stats]         Old Phase: Concurrent Relocate                           0.000 / 0.000         1.044 / 2.020         1.044 / 2.020         1.044 / 2.020       ms
[84.595s][info   ][gc,stats]         Old Phase: Concurrent Remap Roots                        0.000 / 0.000        96.005 / 364.446      96.005 / 364.446      96.005 / 364.446     ms
[84.595s][info   ][gc,stats]         Old Phase: Concurrent Reset Relocation Set               0.000 / 0.000         0.001 / 0.002         0.001 / 0.002         0.001 / 0.002       ms
[84.595s][info   ][gc,stats]         Old Phase: Concurrent Select Relocation Set              0.000 / 0.000         0.533 / 0.778         0.533 / 0.778         0.533 / 0.778       ms
[84.595s][info   ][gc,stats]      Old Subphase: Concurrent Classes Purge                      0.000 / 0.000         0.114 / 0.779         0.114 / 0.779         0.114 / 0.779       ms
[84.595s][info   ][gc,stats]      Old Subphase: Concurrent Classes Unlink                     0.000 / 0.000         1.071 / 1.382         1.071 / 1.382         1.071 / 1.382       ms
[84.595s][info   ][gc,stats]      Old Subphase: Concurrent Mark Follow                        0.000 / 0.000      1001.419 / 5572.237   1001.419 / 5572.237   1001.419 / 5572.237    ms
[84.595s][info   ][gc,stats]      Old Subphase: Concurrent Mark Root Colored                  0.026 / 0.033         0.024 / 0.046         0.024 / 0.046         0.024 / 0.046       ms
[84.595s][info   ][gc,stats]      Old Subphase: Concurrent Mark Root Uncolored                0.025 / 0.027         0.025 / 0.039         0.025 / 0.039         0.025 / 0.039       ms
[84.595s][info   ][gc,stats]      Old Subphase: Concurrent Mark Roots                         0.097 / 0.097         0.076 / 0.109         0.076 / 0.109         0.076 / 0.109       ms
[84.595s][info   ][gc,stats]      Old Subphase: Concurrent References Enqueue                 0.000 / 0.000         0.001 / 0.006         0.001 / 0.006         0.001 / 0.006       ms
[84.595s][info   ][gc,stats]      Old Subphase: Concurrent References Process                 0.000 / 0.000       120.536 / 849.352     120.536 / 849.352     120.536 / 849.352     ms
[84.595s][info   ][gc,stats]      Old Subphase: Concurrent Remap Remembered                   0.000 / 0.000        66.255 / 364.090      66.255 / 364.090      66.255 / 364.090     ms
[84.595s][info   ][gc,stats]      Old Subphase: Concurrent Remap Roots Colored                0.000 / 0.000         0.127 / 0.312         0.127 / 0.312         0.127 / 0.312       ms
[84.595s][info   ][gc,stats]      Old Subphase: Concurrent Remap Roots Uncolored              0.000 / 0.000         0.168 / 0.270         0.168 / 0.270         0.168 / 0.270       ms
[84.595s][info   ][gc,stats]      Old Subphase: Concurrent Roots ClassLoaderDataGraph         0.020 / 0.023         0.072 / 0.299         0.072 / 0.299         0.072 / 0.299       ms
[84.595s][info   ][gc,stats]      Old Subphase: Concurrent Roots CodeCache                    0.000 / 0.000         0.167 / 0.268         0.167 / 0.268         0.167 / 0.268       ms
[84.595s][info   ][gc,stats]      Old Subphase: Concurrent Roots JavaThreads                  0.025 / 0.027         0.009 / 0.039         0.009 / 0.039         0.009 / 0.039       ms
[84.595s][info   ][gc,stats]      Old Subphase: Concurrent Roots OopStorageSet                0.008 / 0.008         0.003 / 0.013         0.003 / 0.013         0.003 / 0.013       ms
[84.595s][info   ][gc,stats]      Old Subphase: Concurrent Weak Roots OopStorageSet           0.000 / 0.000         0.050 / 0.161         0.050 / 0.161         0.050 / 0.161       ms
[84.595s][info   ][gc,stats]            System: Java Threads                                     11 / 11               11 / 13               11 / 13               11 / 13          threads
[84.595s][info   ][gc,stats]  Young Generation: Young Generation                          10737.253 / 10737.253  3452.683 / 18348.986  3452.683 / 18348.986  3452.683 / 18348.986   ms
[84.595s][info   ][gc,stats]  Young Generation: Young Generation                              0.000 / 0.000         0.000 / 0.000         0.000 / 0.000         0.000 / 0.000       ms
[84.595s][info   ][gc,stats]  Young Generation: Young Generation (Collect Roots)              0.000 / 0.000         0.000 / 0.000         0.000 / 0.000         0.000 / 0.000       ms
[84.595s][info   ][gc,stats]  Young Generation: Young Generation (Promote All)                0.000 / 0.000         0.000 / 0.000         0.000 / 0.000         0.000 / 0.000       ms
[84.595s][info   ][gc,stats]       Young Pause: Pause Mark End                                0.013 / 0.013         0.012 / 0.014         0.012 / 0.014         0.012 / 0.014       ms
[84.595s][info   ][gc,stats]       Young Pause: Pause Mark Start                              0.000 / 0.000         0.000 / 0.000         0.000 / 0.000         0.000 / 0.000       ms
[84.595s][info   ][gc,stats]       Young Pause: Pause Mark Start (Major)                      0.000 / 0.000         0.029 / 0.052         0.029 / 0.052         0.029 / 0.052       ms
[84.595s][info   ][gc,stats]       Young Pause: Pause Relocate Start                          0.014 / 0.014         0.008 / 0.014         0.008 / 0.014         0.008 / 0.014       ms
[84.595s][info   ][gc,stats]       Young Phase: Concurrent Mark                            7619.649 / 7619.649   2979.677 / 16947.190  2979.677 / 16947.190  2979.677 / 16947.190   ms
[84.595s][info   ][gc,stats]       Young Phase: Concurrent Mark Continue                      0.000 / 0.000         0.000 / 0.000         0.000 / 0.000         0.000 / 0.000       ms
[84.595s][info   ][gc,stats]       Young Phase: Concurrent Mark Free                          0.008 / 0.008         0.006 / 0.009         0.006 / 0.009         0.006 / 0.009       ms
[84.595s][info   ][gc,stats]       Young Phase: Concurrent Relocate                        1644.878 / 1644.878    250.585 / 1644.878    250.585 / 1644.878    250.585 / 1644.878    ms
[84.595s][info   ][gc,stats]       Young Phase: Concurrent Reset Relocation Set               1.881 / 1.881         0.267 / 1.881         0.267 / 1.881         0.267 / 1.881       ms
[84.595s][info   ][gc,stats]       Young Phase: Concurrent Select Relocation Set           1470.209 / 1470.209    221.739 / 1470.209    221.739 / 1470.209    221.739 / 1470.209    ms
[84.595s][info   ][gc,stats]    Young Subphase: Concurrent Mark Follow                     7619.107 / 7619.107   2978.949 / 16946.569  2978.949 / 16946.569  2978.949 / 16946.569   ms
[84.595s][info   ][gc,stats]    Young Subphase: Concurrent Mark Root Colored                  0.000 / 0.000         0.390 / 0.894         0.390 / 0.894         0.390 / 0.894       ms
[84.595s][info   ][gc,stats]    Young Subphase: Concurrent Mark Root Uncolored                0.000 / 0.000         0.278 / 0.376         0.278 / 0.376         0.278 / 0.376       ms
[84.595s][info   ][gc,stats]    Young Subphase: Concurrent Mark Roots                         0.000 / 0.000         0.725 / 1.309         0.725 / 1.309         0.725 / 1.309       ms
[84.595s][info   ][gc,stats]    Young Subphase: Concurrent Relocate Remset FP              1644.645 / 1644.645    249.701 / 1644.645    249.701 / 1644.645    249.701 / 1644.645    ms
[84.595s][info   ][gc,stats]    Young Subphase: Concurrent Roots ClassLoaderDataGraph         0.000 / 0.000         0.284 / 0.715         0.284 / 0.715         0.284 / 0.715       ms
[84.595s][info   ][gc,stats]    Young Subphase: Concurrent Roots CodeCache                    0.000 / 0.000         0.262 / 0.330         0.262 / 0.330         0.262 / 0.330       ms
[84.595s][info   ][gc,stats]    Young Subphase: Concurrent Roots JavaThreads                  0.002 / 0.004         0.022 / 0.376         0.022 / 0.376         0.022 / 0.376       ms
[84.595s][info   ][gc,stats]    Young Subphase: Concurrent Roots OopStorageSet                0.000 / 0.000         0.013 / 0.104         0.013 / 0.104         0.013 / 0.104       ms
[84.595s][info   ][gc,stats]    Young Subphase: Concurrent Weak Roots OopStorageSet           0.000 / 0.000         0.094 / 0.219         0.094 / 0.219         0.094 / 0.219       ms
[84.595s][info   ][gc,stats] =========================================================================================================================================================
