
=== Instance 5/8, outer iteration 159/300 (Variant sep_only) ===

Affinity: allowed=0,1,2,3,4,5,6,7,8,9,10,11 jvm=0,1,2,3,4,5,6,7,8,9 aux=10,11
Benchmark args: 50000000
Command: /gorilla/home/fredrha/SimplifyingWeakRefs/build/variant-images/sep_only-linux-x86_64-server-release/jdk/bin/java -Xms64g -Xmx64g -XX:+UseZGC -Xlog:gc+stats,gc+ref -XX:InitialTenuringThreshold=1 -XX:MaxTenuringThreshold=1 -XX:ZCollectionIntervalMajor=0.5 -XX:+ZCollectionIntervalOnly -XX:NativeMemoryTracking=summary /gorilla/home/fredrha/SimplifyingWeakRefs/test/weakrefs/WeakRefMultiObjectBenchmark.java 50000000

[0.004s][warning][gc] ***** WARNING! INCORRECT SYSTEM CONFIGURATION DETECTED! *****
[0.004s][warning][gc] The system limit on number of memory mappings per process might be too low for the given
[0.004s][warning][gc] max Java heap size (65536M). Please adjust /proc/sys/vm/max_map_count to allow for at
[0.004s][warning][gc] least 117964 mappings (current limit is 65530). Continuing execution with the current
[0.004s][warning][gc] limit could lead to a premature OutOfMemoryError being thrown, due to failure to map memory.
[0.004s][info   ][gc,ref] Reference Processor created, Config: Separate list
[16.320s][info   ][gc,ref] GC(0) O:                           Encountered       Discovered Cleared/Enqueued 
[16.320s][info   ][gc,ref] GC(0) O: Soft References:                    0                0                0 
[16.320s][info   ][gc,ref] GC(0) O: Weak References:                    1                0                0 
[16.320s][info   ][gc,ref] GC(0) O: Weak (No Queue):                    0                0                0 
[16.320s][info   ][gc,ref] GC(0) O: Final References:                   0                0                0 
[16.320s][info   ][gc,ref] GC(0) O: Phantom References:                 0                0                0 
[16.827s][info   ][gc,ref] GC(1) O:                           Encountered       Discovered Cleared/Enqueued 
[16.827s][info   ][gc,ref] GC(1) O: Soft References:                  148                0                0 
[16.827s][info   ][gc,ref] GC(1) O: Weak References:                  605                0                0 
[16.827s][info   ][gc,ref] GC(1) O: Weak (No Queue):                    3                0                0 
[16.827s][info   ][gc,ref] GC(1) O: Final References:                   0                0                0 
[16.827s][info   ][gc,ref] GC(1) O: Phantom References:                 1                0                0 
[17.345s][info   ][gc,ref] GC(2) O:                           Encountered       Discovered Cleared/Enqueued 
[17.345s][info   ][gc,ref] GC(2) O: Soft References:                  164                0                0 
[17.346s][info   ][gc,ref] GC(2) O: Weak References:                  889                0                0 
[17.346s][info   ][gc,ref] GC(2) O: Weak (No Queue):                    3                0                0 
[17.346s][info   ][gc,ref] GC(2) O: Final References:                   0                0                0 
[17.346s][info   ][gc,ref] GC(2) O: Phantom References:                 1                0                0 
WeakRefMultiObjectBenchmark: objects=50000000 minSize=509 maxSize=1097 sleepMillis=3000
Phase 1: Allocating references and objects...
[17.888s][info   ][gc,ref] GC(3) O:                           Encountered       Discovered Cleared/Enqueued 
[17.888s][info   ][gc,ref] GC(3) O: Soft References:                  238                0                0 
[17.888s][info   ][gc,ref] GC(3) O: Weak References:                 1330              512              129 
[17.888s][info   ][gc,ref] GC(3) O: Weak (No Queue):                    3                2                0 
[17.888s][info   ][gc,ref] GC(3) O: Final References:                   0                0                0 
[17.888s][info   ][gc,ref] GC(3) O: Phantom References:                 1                0                0 
[18.741s][info   ][gc,ref] GC(4) O:                           Encountered       Discovered Cleared/Enqueued 
[18.741s][info   ][gc,ref] GC(4) O: Soft References:                  238                0                0 
[18.741s][info   ][gc,ref] GC(4) O: Weak References:                 1201              106               80 
[18.741s][info   ][gc,ref] GC(4) O: Weak (No Queue):                    3                2                0 
[18.741s][info   ][gc,ref] GC(4) O: Final References:                   0                0                0 
[18.741s][info   ][gc,ref] GC(4) O: Phantom References:                 1                0                0 
[19.404s][info   ][gc,ref] GC(5) O:                           Encountered       Discovered Cleared/Enqueued 
[19.404s][info   ][gc,ref] GC(5) O: Soft References:                  238                0                0 
[19.404s][info   ][gc,ref] GC(5) O: Weak References:                 1121              238              121 
[19.404s][info   ][gc,ref] GC(5) O: Weak (No Queue):                    3                2                0 
[19.404s][info   ][gc,ref] GC(5) O: Final References:                   0                0                0 
[19.404s][info   ][gc,ref] GC(5) O: Phantom References:                 1                1                0 
[20.151s][info   ][gc,ref] GC(6) O:                           Encountered       Discovered Cleared/Enqueued 
[20.151s][info   ][gc,ref] GC(6) O: Soft References:                  238                0                0 
[20.151s][info   ][gc,ref] GC(6) O: Weak References:                 1000              531                0 
[20.151s][info   ][gc,ref] GC(6) O: Weak (No Queue):               158936                2                0 
[20.151s][info   ][gc,ref] GC(6) O: Final References:                   0                0                0 
[20.151s][info   ][gc,ref] GC(6) O: Phantom References:                 1                1                0 
[21.424s][info   ][gc,ref] GC(7) O:                           Encountered       Discovered Cleared/Enqueued 
[21.424s][info   ][gc,ref] GC(7) O: Soft References:                  238                0                0 
[21.424s][info   ][gc,ref] GC(7) O: Weak References:                 1000              812                0 
[21.424s][info   ][gc,ref] GC(7) O: Weak (No Queue):              1658861                3                0 
[21.424s][info   ][gc,ref] GC(7) O: Final References:                   0                0                0 
[21.424s][info   ][gc,ref] GC(7) O: Phantom References:                 1                1                0 
[23.862s][info   ][gc,ref] GC(8) O:                           Encountered       Discovered Cleared/Enqueued 
[23.862s][info   ][gc,ref] GC(8) O: Soft References:                  238                0                0 
[23.862s][info   ][gc,ref] GC(8) O: Weak References:                 1000              844                0 
[23.862s][info   ][gc,ref] GC(8) O: Weak (No Queue):              4135667           150161                0 
[23.862s][info   ][gc,ref] GC(8) O: Final References:                   0                0                0 
[23.862s][info   ][gc,ref] GC(8) O: Phantom References:                 1                1                0 
[29.206s][info   ][gc,ref] GC(9) O:                           Encountered       Discovered Cleared/Enqueued 
[29.206s][info   ][gc,ref] GC(9) O: Soft References:                  238                0                0 
[29.206s][info   ][gc,ref] GC(9) O: Weak References:                 1000              845                0 
[29.206s][info   ][gc,ref] GC(9) O: Weak (No Queue):              8964736           634058                0 
[29.206s][info   ][gc,ref] GC(9) O: Final References:                   0                0                0 
[29.206s][info   ][gc,ref] GC(9) O: Phantom References:                 1                1                0 
[40.782s][info   ][gc,ref] GC(10) O:                           Encountered       Discovered Cleared/Enqueued 
[40.782s][info   ][gc,ref] GC(10) O: Soft References:                  238                0                0 
[40.782s][info   ][gc,ref] GC(10) O: Weak References:                 1000              663                0 
[40.782s][info   ][gc,ref] GC(10) O: Weak (No Queue):             19657233          1583381                0 
[40.782s][info   ][gc,ref] GC(10) O: Final References:                   0                0                0 
[40.782s][info   ][gc,ref] GC(10) O: Phantom References:                 1                1                0 
Allocated 50000000 objects in 27.67 seconds
Phase 2: Sleeping for 3000 ms...
Phase 3.1: Clearing strong references...
Cleared 10000001 strong references, 39999999 remaining
Waiting 3000 ms...
Phase 3.2: Clearing strong references...
Cleared 10000001 strong references, 29999998 remaining
Waiting 3000 ms...
Phase 3.3: Clearing strong references...
Cleared 10000001 strong references, 19999997 remaining
Waiting 3000 ms...
Phase 3.4: Clearing strong references...
Cleared 10000001 strong references, 9999996 remaining
Waiting 3000 ms...
[63.212s][info   ][gc,ref] GC(11) O:                           Encountered       Discovered Cleared/Enqueued 
[63.212s][info   ][gc,ref] GC(11) O: Soft References:                  238                0                0 
[63.212s][info   ][gc,ref] GC(11) O: Weak References:                 1000              944                0 
[63.212s][info   ][gc,ref] GC(11) O: Weak (No Queue):             42176095          8963516                0 
[63.212s][info   ][gc,ref] GC(11) O: Final References:                   0                0                0 
[63.212s][info   ][gc,ref] GC(11) O: Phantom References:                 1                1                0 
Phase 3.5: Clearing strong references...
Cleared 9999996 strong references, 0 remaining
Waiting 3000 ms...
Waiting 6000 ms...
Phase 4: Final weak reference checks...
Final count of alive weak references: 50000000
[84.265s][info   ][gc,stats] === Garbage Collection Statistics =======================================================================================================================
[84.265s][info   ][gc,stats]                                                              Last 10s              Last 10m              Last 10h                Total
[84.265s][info   ][gc,stats]                                                              Avg / Max             Avg / Max             Avg / Max             Avg / Max
[84.265s][info   ][gc,stats]        Contention: Mark Segment Reset Contention                     0 / 0                 0 / 17                0 / 17                0 / 17          ops/s
[84.265s][info   ][gc,stats]        Contention: Mark SeqNum Reset Contention                      0 / 1                 0 / 3                 0 / 3                 0 / 3           ops/s
[84.265s][info   ][gc,stats]          Critical: Allocation Stall                                  0 / 0                 0 / 0                 0 / 0                 0 / 0           ops/s
[84.265s][info   ][gc,stats]          Critical: Allocation Stall                              0.000 / 0.000         0.000 / 0.000         0.000 / 0.000         0.000 / 0.000       ms
[84.265s][info   ][gc,stats]          Critical: JNI Critical Stall                                0 / 0                 0 / 0                 0 / 0                 0 / 0           ops/s
[84.265s][info   ][gc,stats]          Critical: JNI Critical Stall                            0.000 / 0.000         0.000 / 0.000         0.000 / 0.000         0.000 / 0.000       ms
[84.265s][info   ][gc,stats]          Critical: Relocation Stall                                  0 / 0                 0 / 0                 0 / 0                 0 / 0           ops/s
[84.265s][info   ][gc,stats]          Critical: Relocation Stall                              0.000 / 0.000         0.000 / 0.000         0.000 / 0.000         0.000 / 0.000       ms
[84.265s][info   ][gc,stats]  Major Collection: Major Collection                              0.000 / 0.000      3446.344 / 21920.420  3446.344 / 21920.420  3446.344 / 21920.420   ms
[84.265s][info   ][gc,stats]            Memory: Allocation Rate                                   0 / 0               677 / 1780            677 / 1780            677 / 1780        MB/s
[84.265s][info   ][gc,stats]            Memory: Defragment                                        0 / 0                 0 / 0                 0 / 0                 0 / 0           ops/s
[84.265s][info   ][gc,stats]            Memory: Mapped Cache Harvest                              0 / 0                 0 / 0                 0 / 0                 0 / 0           MB/s
[84.265s][info   ][gc,stats]            Memory: Out Of Memory                                     0 / 0                 0 / 0                 0 / 0                 0 / 0           ops/s
[84.265s][info   ][gc,stats]            Memory: Uncommit                                          0 / 0                 0 / 0                 0 / 0                 0 / 0           MB/s
[84.265s][info   ][gc,stats]            Memory: Undo Object Allocation Failed                     0 / 0                 0 / 0                 0 / 0                 0 / 0           ops/s
[84.265s][info   ][gc,stats]            Memory: Undo Object Allocation Succeeded                  0 / 0                 0 / 0                 0 / 0                 0 / 0           ops/s
[84.265s][info   ][gc,stats]            Memory: Undo Page Allocation                              0 / 0                 0 / 0                 0 / 0                 0 / 0           ops/s
[84.265s][info   ][gc,stats]  Minor Collection: Minor Collection                              0.000 / 0.000         0.000 / 0.000         0.000 / 0.000         0.000 / 0.000       ms
[84.265s][info   ][gc,stats]    Old Generation: Old Generation                                0.000 / 0.000      1036.130 / 6080.795   1036.130 / 6080.795   1036.130 / 6080.795    ms
[84.265s][info   ][gc,stats]         Old Pause: Pause Mark End                                0.000 / 0.000         0.011 / 0.015         0.011 / 0.015         0.011 / 0.015       ms
[84.265s][info   ][gc,stats]         Old Pause: Pause Relocate Start                          0.000 / 0.000         0.008 / 0.014         0.008 / 0.014         0.008 / 0.014       ms
[84.265s][info   ][gc,stats]         Old Phase: Concurrent Mark                               0.000 / 0.000       836.001 / 4860.880    836.001 / 4860.880    836.001 / 4860.880    ms
[84.265s][info   ][gc,stats]         Old Phase: Concurrent Mark Continue                      0.000 / 0.000         0.000 / 0.000         0.000 / 0.000         0.000 / 0.000       ms
[84.265s][info   ][gc,stats]         Old Phase: Concurrent Mark Free                          0.000 / 0.000         0.002 / 0.004         0.002 / 0.004         0.002 / 0.004       ms
[84.265s][info   ][gc,stats]         Old Phase: Concurrent Process Non-Strong                 0.000 / 0.000       111.689 / 888.089     111.689 / 888.089     111.689 / 888.089     ms
[84.265s][info   ][gc,stats]         Old Phase: Concurrent Relocate                           0.000 / 0.000         1.105 / 2.115         1.105 / 2.115         1.105 / 2.115       ms
[84.265s][info   ][gc,stats]         Old Phase: Concurrent Remap Roots                        0.000 / 0.000        86.618 / 346.706      86.618 / 346.706      86.618 / 346.706     ms
[84.265s][info   ][gc,stats]         Old Phase: Concurrent Reset Relocation Set               0.000 / 0.000         0.000 / 0.001         0.000 / 0.001         0.000 / 0.001       ms
[84.265s][info   ][gc,stats]         Old Phase: Concurrent Select Relocation Set              0.000 / 0.000         0.507 / 0.678         0.507 / 0.678         0.507 / 0.678       ms
[84.265s][info   ][gc,stats]      Old Subphase: Concurrent Classes Purge                      0.000 / 0.000         0.156 / 1.437         0.156 / 1.437         0.156 / 1.437       ms
[84.265s][info   ][gc,stats]      Old Subphase: Concurrent Classes Unlink                     0.000 / 0.000         0.938 / 1.143         0.938 / 1.143         0.938 / 1.143       ms
[84.265s][info   ][gc,stats]      Old Subphase: Concurrent Mark Follow                        0.000 / 0.000       835.913 / 4860.780    835.913 / 4860.780    835.913 / 4860.780    ms
[84.265s][info   ][gc,stats]      Old Subphase: Concurrent Mark Root Colored                  0.031 / 0.031         0.020 / 0.033         0.020 / 0.033         0.020 / 0.033       ms
[84.265s][info   ][gc,stats]      Old Subphase: Concurrent Mark Root Uncolored                0.059 / 0.071         0.034 / 0.278         0.034 / 0.278         0.034 / 0.278       ms
[84.265s][info   ][gc,stats]      Old Subphase: Concurrent Mark Roots                         0.364 / 0.364         0.108 / 0.364         0.108 / 0.364         0.108 / 0.364       ms
[84.265s][info   ][gc,stats]      Old Subphase: Concurrent References Enqueue                 0.000 / 0.000         0.001 / 0.004         0.001 / 0.004         0.001 / 0.004       ms
[84.265s][info   ][gc,stats]      Old Subphase: Concurrent References Process                 0.000 / 0.000       110.426 / 885.406     110.426 / 885.406     110.426 / 885.406     ms
[84.265s][info   ][gc,stats]      Old Subphase: Concurrent Remap Remembered                   0.000 / 0.000        62.173 / 346.380      62.173 / 346.380      62.173 / 346.380     ms
[84.265s][info   ][gc,stats]      Old Subphase: Concurrent Remap Roots Colored                0.000 / 0.000         0.155 / 0.258         0.155 / 0.258         0.155 / 0.258       ms
[84.265s][info   ][gc,stats]      Old Subphase: Concurrent Remap Roots Uncolored              0.000 / 0.000         0.119 / 0.223         0.119 / 0.223         0.119 / 0.223       ms
[84.265s][info   ][gc,stats]      Old Subphase: Concurrent Roots ClassLoaderDataGraph         0.023 / 0.023         0.088 / 0.248         0.088 / 0.248         0.088 / 0.248       ms
[84.265s][info   ][gc,stats]      Old Subphase: Concurrent Roots CodeCache                    0.000 / 0.000         0.117 / 0.222         0.117 / 0.222         0.117 / 0.222       ms
[84.265s][info   ][gc,stats]      Old Subphase: Concurrent Roots JavaThreads                  0.058 / 0.071         0.011 / 0.278         0.011 / 0.278         0.011 / 0.278       ms
[84.265s][info   ][gc,stats]      Old Subphase: Concurrent Roots OopStorageSet                0.006 / 0.006         0.003 / 0.010         0.003 / 0.010         0.003 / 0.010       ms
[84.265s][info   ][gc,stats]      Old Subphase: Concurrent Weak Roots OopStorageSet           0.000 / 0.000         0.043 / 0.138         0.043 / 0.138         0.043 / 0.138       ms
[84.265s][info   ][gc,stats]            System: Java Threads                                     11 / 11               11 / 13               11 / 13               11 / 13          threads
[84.265s][info   ][gc,stats]  Young Generation: Young Generation                          11148.416 / 11148.416  3082.287 / 15839.503  3082.287 / 15839.503  3082.287 / 15839.503   ms
[84.265s][info   ][gc,stats]  Young Generation: Young Generation                              0.000 / 0.000         0.000 / 0.000         0.000 / 0.000         0.000 / 0.000       ms
[84.265s][info   ][gc,stats]  Young Generation: Young Generation (Collect Roots)              0.000 / 0.000         0.000 / 0.000         0.000 / 0.000         0.000 / 0.000       ms
[84.265s][info   ][gc,stats]  Young Generation: Young Generation (Promote All)                0.000 / 0.000         0.000 / 0.000         0.000 / 0.000         0.000 / 0.000       ms
[84.265s][info   ][gc,stats]       Young Pause: Pause Mark End                                0.000 / 0.000         0.011 / 0.014         0.011 / 0.014         0.011 / 0.014       ms
[84.265s][info   ][gc,stats]       Young Pause: Pause Mark Start                              0.000 / 0.000         0.000 / 0.000         0.000 / 0.000         0.000 / 0.000       ms
[84.265s][info   ][gc,stats]       Young Pause: Pause Mark Start (Major)                      0.000 / 0.000         0.023 / 0.030         0.023 / 0.030         0.023 / 0.030       ms
[84.265s][info   ][gc,stats]       Young Pause: Pause Relocate Start                          0.012 / 0.012         0.007 / 0.014         0.007 / 0.014         0.007 / 0.014       ms
[84.265s][info   ][gc,stats]       Young Phase: Concurrent Mark                               0.000 / 0.000      2674.970 / 14584.202  2674.970 / 14584.202  2674.970 / 14584.202   ms
[84.266s][info   ][gc,stats]       Young Phase: Concurrent Mark Continue                      0.000 / 0.000         0.000 / 0.000         0.000 / 0.000         0.000 / 0.000       ms
[84.266s][info   ][gc,stats]       Young Phase: Concurrent Mark Free                          0.000 / 0.000         0.003 / 0.006         0.003 / 0.006         0.003 / 0.006       ms
[84.266s][info   ][gc,stats]       Young Phase: Concurrent Relocate                        1392.493 / 1392.493    214.478 / 1392.493    214.478 / 1392.493    214.478 / 1392.493    ms
[84.266s][info   ][gc,stats]       Young Phase: Concurrent Reset Relocation Set               0.000 / 0.000         1.162 / 13.810        1.162 / 13.810        1.162 / 13.810      ms
[84.266s][info   ][gc,stats]       Young Phase: Concurrent Select Relocation Set           1271.029 / 1271.029    191.330 / 1271.029    191.330 / 1271.029    191.330 / 1271.029    ms
[84.266s][info   ][gc,stats]    Young Subphase: Concurrent Mark Follow                        0.000 / 0.000      2674.292 / 14583.522  2674.292 / 14583.522  2674.292 / 14583.522   ms
[84.266s][info   ][gc,stats]    Young Subphase: Concurrent Mark Root Colored                  0.000 / 0.000         0.384 / 0.576         0.384 / 0.576         0.384 / 0.576       ms
[84.266s][info   ][gc,stats]    Young Subphase: Concurrent Mark Root Uncolored                0.000 / 0.000         0.243 / 0.308         0.243 / 0.308         0.243 / 0.308       ms
[84.266s][info   ][gc,stats]    Young Subphase: Concurrent Mark Roots                         0.000 / 0.000         0.676 / 0.912         0.676 / 0.912         0.676 / 0.912       ms
[84.266s][info   ][gc,stats]    Young Subphase: Concurrent Relocate Remset FP              1391.567 / 1391.567    213.740 / 1391.567    213.740 / 1391.567    213.740 / 1391.567    ms
[84.266s][info   ][gc,stats]    Young Subphase: Concurrent Roots ClassLoaderDataGraph         0.000 / 0.000         0.280 / 0.426         0.280 / 0.426         0.280 / 0.426       ms
[84.266s][info   ][gc,stats]    Young Subphase: Concurrent Roots CodeCache                    0.000 / 0.000         0.219 / 0.288         0.219 / 0.288         0.219 / 0.288       ms
[84.266s][info   ][gc,stats]    Young Subphase: Concurrent Roots JavaThreads                  0.003 / 0.004         0.021 / 0.300         0.021 / 0.300         0.021 / 0.300       ms
[84.266s][info   ][gc,stats]    Young Subphase: Concurrent Roots OopStorageSet                0.000 / 0.000         0.013 / 0.081         0.013 / 0.081         0.013 / 0.081       ms
[84.266s][info   ][gc,stats]    Young Subphase: Concurrent Weak Roots OopStorageSet           0.000 / 0.000         0.110 / 0.203         0.110 / 0.203         0.110 / 0.203       ms
[84.266s][info   ][gc,stats] =========================================================================================================================================================
