
=== Instance 7/8, outer iteration 258/300 (Variant all) ===

Affinity: allowed=24,25,26,27,28,29,30,31,32,33,34,35 jvm=24,25,26,27,28,29,30,31,32,33 aux=34,35
Benchmark args: 50000000
Command: /gorilla/home/fredrha/SimplifyingWeakRefs/build/variant-images/all-linux-x86_64-server-release/jdk/bin/java -Xms64g -Xmx64g -XX:+UseZGC -Xlog:gc+stats,gc+ref -XX:InitialTenuringThreshold=1 -XX:MaxTenuringThreshold=1 -XX:ZCollectionIntervalMajor=0.5 -XX:+ZCollectionIntervalOnly -XX:NativeMemoryTracking=summary /gorilla/home/fredrha/SimplifyingWeakRefs/test/weakrefs/WeakRefMultiObjectBenchmark.java 50000000

[0.004s][warning][gc] ***** WARNING! INCORRECT SYSTEM CONFIGURATION DETECTED! *****
[0.004s][warning][gc] The system limit on number of memory mappings per process might be too low for the given
[0.004s][warning][gc] max Java heap size (65536M). Please adjust /proc/sys/vm/max_map_count to allow for at
[0.004s][warning][gc] least 117964 mappings (current limit is 65530). Continuing execution with the current
[0.004s][warning][gc] limit could lead to a premature OutOfMemoryError being thrown, due to failure to map memory.
[0.004s][info   ][gc,ref] Reference Processor created, Config: All optimisations
[15.145s][info   ][gc,ref] GC(0) O:                           Encountered       Discovered Cleared/Enqueued 
[15.145s][info   ][gc,ref] GC(0) O: Soft References:                    0                0                0 
[15.145s][info   ][gc,ref] GC(0) O: Weak References:                    0                0                0 
[15.145s][info   ][gc,ref] GC(0) O: Weak (No Queue):                    0                0                0 
[15.145s][info   ][gc,ref] GC(0) O: Final References:                   0                0                0 
[15.145s][info   ][gc,ref] GC(0) O: Phantom References:                 0                0                0 
[15.662s][info   ][gc,ref] GC(1) O:                           Encountered       Discovered Cleared/Enqueued 
[15.662s][info   ][gc,ref] GC(1) O: Soft References:                  148                0                0 
[15.662s][info   ][gc,ref] GC(1) O: Weak References:                  605                0                0 
[15.662s][info   ][gc,ref] GC(1) O: Weak (No Queue):                    3                0                0 
[15.662s][info   ][gc,ref] GC(1) O: Final References:                   0                0                0 
[15.662s][info   ][gc,ref] GC(1) O: Phantom References:                 1                0                0 
[16.178s][info   ][gc,ref] GC(2) O:                           Encountered       Discovered Cleared/Enqueued 
[16.178s][info   ][gc,ref] GC(2) O: Soft References:                  148                0                0 
[16.178s][info   ][gc,ref] GC(2) O: Weak References:                  605                0                0 
[16.178s][info   ][gc,ref] GC(2) O: Weak (No Queue):                    3                0                0 
[16.178s][info   ][gc,ref] GC(2) O: Final References:                   0                0                0 
[16.178s][info   ][gc,ref] GC(2) O: Phantom References:                 1                0                0 
[16.694s][info   ][gc,ref] GC(3) O:                           Encountered       Discovered Cleared/Enqueued 
[16.694s][info   ][gc,ref] GC(3) O: Soft References:                  166                0                0 
[16.694s][info   ][gc,ref] GC(3) O: Weak References:                  923              474              130 
[16.694s][info   ][gc,ref] GC(3) O: Weak (No Queue):                    4                1                0 
[16.694s][info   ][gc,ref] GC(3) O: Final References:                   0                0                0 
[16.694s][info   ][gc,ref] GC(3) O: Phantom References:                 1                0                0 
WeakRefMultiObjectBenchmark: objects=50000000 minSize=509 maxSize=1097 sleepMillis=3000
Phase 1: Allocating references and objects...
[17.245s][info   ][gc,ref] GC(4) O:                           Encountered       Discovered Cleared/Enqueued 
[17.245s][info   ][gc,ref] GC(4) O: Soft References:                  239                0                0 
[17.245s][info   ][gc,ref] GC(4) O: Weak References:                 1201              229                0 
[17.245s][info   ][gc,ref] GC(4) O: Weak (No Queue):                    3                3                0 
[17.245s][info   ][gc,ref] GC(4) O: Final References:                   0                0                0 
[17.245s][info   ][gc,ref] GC(4) O: Phantom References:                 1                1                0 
[18.097s][info   ][gc,ref] GC(5) O:                           Encountered       Discovered Cleared/Enqueued 
[18.097s][info   ][gc,ref] GC(5) O: Soft References:                  238                0                0 
[18.097s][info   ][gc,ref] GC(5) O: Weak References:                 1201              556               89 
[18.097s][info   ][gc,ref] GC(5) O: Weak (No Queue):                    3                3                0 
[18.097s][info   ][gc,ref] GC(5) O: Final References:                   0                0                0 
[18.097s][info   ][gc,ref] GC(5) O: Phantom References:                 1                1                0 
[18.761s][info   ][gc,ref] GC(6) O:                           Encountered       Discovered Cleared/Enqueued 
[18.761s][info   ][gc,ref] GC(6) O: Soft References:                  238                0                0 
[18.761s][info   ][gc,ref] GC(6) O: Weak References:                 1112              938              112 
[18.761s][info   ][gc,ref] GC(6) O: Weak (No Queue):                    3                3                0 
[18.761s][info   ][gc,ref] GC(6) O: Final References:                   0                0                0 
[18.761s][info   ][gc,ref] GC(6) O: Phantom References:                 1                1                0 
[19.493s][info   ][gc,ref] GC(7) O:                           Encountered       Discovered Cleared/Enqueued 
[19.493s][info   ][gc,ref] GC(7) O: Soft References:                  238                0                0 
[19.493s][info   ][gc,ref] GC(7) O: Weak References:                 1000              737                0 
[19.493s][info   ][gc,ref] GC(7) O: Weak (No Queue):                93487                3                0 
[19.493s][info   ][gc,ref] GC(7) O: Final References:                   0                0                0 
[19.493s][info   ][gc,ref] GC(7) O: Phantom References:                 1                1                0 
[20.808s][info   ][gc,ref] GC(8) O:                           Encountered       Discovered Cleared/Enqueued 
[20.808s][info   ][gc,ref] GC(8) O: Soft References:                  238                0                0 
[20.808s][info   ][gc,ref] GC(8) O: Weak References:                 1000              777                0 
[20.808s][info   ][gc,ref] GC(8) O: Weak (No Queue):              1575932                3                0 
[20.808s][info   ][gc,ref] GC(8) O: Final References:                   0                0                0 
[20.808s][info   ][gc,ref] GC(8) O: Phantom References:                 1                1                0 
[23.388s][info   ][gc,ref] GC(9) O:                           Encountered       Discovered Cleared/Enqueued 
[23.388s][info   ][gc,ref] GC(9) O: Soft References:                  238                0                0 
[23.388s][info   ][gc,ref] GC(9) O: Weak References:                 1000              783                0 
[23.388s][info   ][gc,ref] GC(9) O: Weak (No Queue):              4192996            44340                0 
[23.388s][info   ][gc,ref] GC(9) O: Final References:                   0                0                0 
[23.388s][info   ][gc,ref] GC(9) O: Phantom References:                 1                1                0 
[29.016s][info   ][gc,ref] GC(10) O:                           Encountered       Discovered Cleared/Enqueued 
[29.016s][info   ][gc,ref] GC(10) O: Soft References:                  238                0                0 
[29.016s][info   ][gc,ref] GC(10) O: Weak References:                 1000              371                0 
[29.016s][info   ][gc,ref] GC(10) O: Weak (No Queue):              9322516           585837                0 
[29.016s][info   ][gc,ref] GC(10) O: Final References:                   0                0                0 
[29.016s][info   ][gc,ref] GC(10) O: Phantom References:                 1                1                0 
[41.006s][info   ][gc,ref] GC(11) O:                           Encountered       Discovered Cleared/Enqueued 
[41.006s][info   ][gc,ref] GC(11) O: Soft References:                  238                0                0 
[41.006s][info   ][gc,ref] GC(11) O: Weak References:                 1000              118                0 
[41.006s][info   ][gc,ref] GC(11) O: Weak (No Queue):             20591891          1497333                0 
[41.006s][info   ][gc,ref] GC(11) O: Final References:                   0                0                0 
[41.006s][info   ][gc,ref] GC(11) O: Phantom References:                 1                1                0 
Allocated 50000000 objects in 27.24 seconds
Phase 2: Sleeping for 3000 ms...
Phase 3.1: Clearing strong references...
Cleared 10000001 strong references, 39999999 remaining
Waiting 3000 ms...
Phase 3.2: Clearing strong references...
Cleared 10000001 strong references, 29999998 remaining
Waiting 3000 ms...
Phase 3.3: Clearing strong references...
Cleared 10000001 strong references, 19999997 remaining
Waiting 3000 ms...
Phase 3.4: Clearing strong references...
Cleared 10000001 strong references, 9999996 remaining
Waiting 3000 ms...
[64.243s][info   ][gc,ref] GC(12) O:                           Encountered       Discovered Cleared/Enqueued 
[64.243s][info   ][gc,ref] GC(12) O: Soft References:                  238                0                0 
[64.243s][info   ][gc,ref] GC(12) O: Weak References:                 1000              279                0 
[64.243s][info   ][gc,ref] GC(12) O: Weak (No Queue):             44537172          9172382                0 
[64.243s][info   ][gc,ref] GC(12) O: Final References:                   0                0                0 
[64.243s][info   ][gc,ref] GC(12) O: Phantom References:                 1                1                0 
Phase 3.5: Clearing strong references...
Cleared 9999996 strong references, 0 remaining
Waiting 3000 ms...
Waiting 6000 ms...
Phase 4: Final weak reference checks...
Final count of alive weak references: 50000000
[82.851s][info   ][gc,stats] === Garbage Collection Statistics =======================================================================================================================
[82.851s][info   ][gc,stats]                                                              Last 10s              Last 10m              Last 10h                Total
[82.851s][info   ][gc,stats]                                                              Avg / Max             Avg / Max             Avg / Max             Avg / Max
[82.851s][info   ][gc,stats]        Contention: Mark Segment Reset Contention                     0 / 0                 0 / 27                0 / 27                0 / 27          ops/s
[82.851s][info   ][gc,stats]        Contention: Mark SeqNum Reset Contention                      0 / 0                 0 / 5                 0 / 5                 0 / 5           ops/s
[82.851s][info   ][gc,stats]          Critical: Allocation Stall                                  0 / 0                 0 / 0                 0 / 0                 0 / 0           ops/s
[82.851s][info   ][gc,stats]          Critical: Allocation Stall                              0.000 / 0.000         0.000 / 0.000         0.000 / 0.000         0.000 / 0.000       ms
[82.851s][info   ][gc,stats]          Critical: JNI Critical Stall                                0 / 0                 0 / 0                 0 / 0                 0 / 0           ops/s
[82.851s][info   ][gc,stats]          Critical: JNI Critical Stall                            0.000 / 0.000         0.000 / 0.000         0.000 / 0.000         0.000 / 0.000       ms
[82.851s][info   ][gc,stats]          Critical: Relocation Stall                                  0 / 0                 0 / 0                 0 / 0                 0 / 0           ops/s
[82.851s][info   ][gc,stats]          Critical: Relocation Stall                              0.000 / 0.000         0.000 / 0.000         0.000 / 0.000         0.000 / 0.000       ms
[82.851s][info   ][gc,stats]  Major Collection: Major Collection                              0.000 / 0.000      3311.054 / 22731.698  3311.054 / 22731.698  3311.054 / 22731.698   ms
[82.851s][info   ][gc,stats]            Memory: Allocation Rate                                   0 / 4               677 / 1792            677 / 1792            677 / 1792        MB/s
[82.851s][info   ][gc,stats]            Memory: Defragment                                        0 / 0                 0 / 0                 0 / 0                 0 / 0           ops/s
[82.851s][info   ][gc,stats]            Memory: Mapped Cache Harvest                              0 / 0                 0 / 0                 0 / 0                 0 / 0           MB/s
[82.851s][info   ][gc,stats]            Memory: Out Of Memory                                     0 / 0                 0 / 0                 0 / 0                 0 / 0           ops/s
[82.851s][info   ][gc,stats]            Memory: Uncommit                                          0 / 0                 0 / 0                 0 / 0                 0 / 0           MB/s
[82.851s][info   ][gc,stats]            Memory: Undo Object Allocation Failed                     0 / 0                 0 / 0                 0 / 0                 0 / 0           ops/s
[82.851s][info   ][gc,stats]            Memory: Undo Object Allocation Succeeded                  0 / 0                 0 / 1                 0 / 1                 0 / 1           ops/s
[82.851s][info   ][gc,stats]            Memory: Undo Page Allocation                              0 / 0                 0 / 0                 0 / 0                 0 / 0           ops/s
[82.851s][info   ][gc,stats]  Minor Collection: Minor Collection                              0.000 / 0.000         0.000 / 0.000         0.000 / 0.000         0.000 / 0.000       ms
[82.851s][info   ][gc,stats]    Old Generation: Old Generation                                0.000 / 0.000       957.773 / 5895.480    957.773 / 5895.480    957.773 / 5895.480    ms
[82.851s][info   ][gc,stats]         Old Pause: Pause Mark End                                0.000 / 0.000         0.009 / 0.015         0.009 / 0.015         0.009 / 0.015       ms
[82.851s][info   ][gc,stats]         Old Pause: Pause Relocate Start                          0.000 / 0.000         0.007 / 0.012         0.007 / 0.012         0.007 / 0.012       ms
[82.851s][info   ][gc,stats]         Old Phase: Concurrent Mark                               0.000 / 0.000       831.967 / 5193.215    831.967 / 5193.215    831.967 / 5193.215    ms
[82.851s][info   ][gc,stats]         Old Phase: Concurrent Mark Continue                      0.000 / 0.000         0.000 / 0.000         0.000 / 0.000         0.000 / 0.000       ms
[82.851s][info   ][gc,stats]         Old Phase: Concurrent Mark Free                          0.000 / 0.000         0.003 / 0.008         0.003 / 0.008         0.003 / 0.008       ms
[82.851s][info   ][gc,stats]         Old Phase: Concurrent Process Non-Strong                 0.000 / 0.000        40.862 / 363.928      40.862 / 363.928      40.862 / 363.928     ms
[82.851s][info   ][gc,stats]         Old Phase: Concurrent Relocate                           0.000 / 0.000         1.184 / 2.734         1.184 / 2.734         1.184 / 2.734       ms
[82.851s][info   ][gc,stats]         Old Phase: Concurrent Remap Roots                        0.000 / 0.000        83.007 / 351.536      83.007 / 351.536      83.007 / 351.536     ms
[82.851s][info   ][gc,stats]         Old Phase: Concurrent Reset Relocation Set               0.000 / 0.000         0.001 / 0.001         0.001 / 0.001         0.001 / 0.001       ms
[82.851s][info   ][gc,stats]         Old Phase: Concurrent Select Relocation Set              0.000 / 0.000         0.548 / 0.772         0.548 / 0.772         0.548 / 0.772       ms
[82.851s][info   ][gc,stats]      Old Subphase: Concurrent Classes Purge                      0.000 / 0.000         0.213 / 2.304         0.213 / 2.304         0.213 / 2.304       ms
[82.851s][info   ][gc,stats]      Old Subphase: Concurrent Classes Unlink                     0.000 / 0.000         0.973 / 1.370         0.973 / 1.370         0.973 / 1.370       ms
[82.851s][info   ][gc,stats]      Old Subphase: Concurrent Mark Follow                        0.000 / 0.000       831.877 / 5193.106    831.877 / 5193.106    831.877 / 5193.106    ms
[82.851s][info   ][gc,stats]      Old Subphase: Concurrent Mark Root Colored                  0.035 / 0.036         0.023 / 0.038         0.023 / 0.038         0.023 / 0.038       ms
[82.851s][info   ][gc,stats]      Old Subphase: Concurrent Mark Root Uncolored                0.023 / 0.023         0.033 / 0.186         0.033 / 0.186         0.033 / 0.186       ms
[82.851s][info   ][gc,stats]      Old Subphase: Concurrent Mark Roots                         0.079 / 0.079         0.088 / 0.213         0.088 / 0.213         0.088 / 0.213       ms
[82.851s][info   ][gc,stats]      Old Subphase: Concurrent References Enqueue                 0.000 / 0.000         0.001 / 0.006         0.001 / 0.006         0.001 / 0.006       ms
[82.851s][info   ][gc,stats]      Old Subphase: Concurrent References Process                 0.000 / 0.000        39.493 / 360.362      39.493 / 360.362      39.493 / 360.362     ms
[82.851s][info   ][gc,stats]      Old Subphase: Concurrent Remap Remembered                   0.000 / 0.000        58.607 / 351.133      58.607 / 351.133      58.607 / 351.133     ms
[82.851s][info   ][gc,stats]      Old Subphase: Concurrent Remap Roots Colored                0.000 / 0.000         0.137 / 0.291         0.137 / 0.291         0.137 / 0.291       ms
[82.851s][info   ][gc,stats]      Old Subphase: Concurrent Remap Roots Uncolored              0.000 / 0.000         0.158 / 0.268         0.158 / 0.268         0.158 / 0.268       ms
[82.851s][info   ][gc,stats]      Old Subphase: Concurrent Roots ClassLoaderDataGraph         0.028 / 0.028         0.079 / 0.280         0.079 / 0.280         0.079 / 0.280       ms
[82.851s][info   ][gc,stats]      Old Subphase: Concurrent Roots CodeCache                    0.000 / 0.000         0.156 / 0.266         0.156 / 0.266         0.156 / 0.266       ms
[82.851s][info   ][gc,stats]      Old Subphase: Concurrent Roots JavaThreads                  0.023 / 0.023         0.011 / 0.186         0.011 / 0.186         0.011 / 0.186       ms
[82.851s][info   ][gc,stats]      Old Subphase: Concurrent Roots OopStorageSet                0.005 / 0.005         0.003 / 0.013         0.003 / 0.013         0.003 / 0.013       ms
[82.851s][info   ][gc,stats]      Old Subphase: Concurrent Weak Roots OopStorageSet           0.000 / 0.000         0.050 / 0.163         0.050 / 0.163         0.050 / 0.163       ms
[82.851s][info   ][gc,stats]            System: Java Threads                                     11 / 11               11 / 13               11 / 13               11 / 13          threads
[82.851s][info   ][gc,stats]  Young Generation: Young Generation                          11894.925 / 11894.925  3034.738 / 16836.067  3034.738 / 16836.067  3034.738 / 16836.067   ms
[82.851s][info   ][gc,stats]  Young Generation: Young Generation                              0.000 / 0.000         0.000 / 0.000         0.000 / 0.000         0.000 / 0.000       ms
[82.851s][info   ][gc,stats]  Young Generation: Young Generation (Collect Roots)              0.000 / 0.000         0.000 / 0.000         0.000 / 0.000         0.000 / 0.000       ms
[82.851s][info   ][gc,stats]  Young Generation: Young Generation (Promote All)                0.000 / 0.000         0.000 / 0.000         0.000 / 0.000         0.000 / 0.000       ms
[82.851s][info   ][gc,stats]       Young Pause: Pause Mark End                                0.013 / 0.013         0.010 / 0.014         0.010 / 0.014         0.010 / 0.014       ms
[82.851s][info   ][gc,stats]       Young Pause: Pause Mark Start                              0.000 / 0.000         0.000 / 0.000         0.000 / 0.000         0.000 / 0.000       ms
[82.851s][info   ][gc,stats]       Young Pause: Pause Mark Start (Major)                      0.000 / 0.000         0.021 / 0.035         0.021 / 0.035         0.021 / 0.035       ms
[82.851s][info   ][gc,stats]       Young Pause: Pause Relocate Start                          0.018 / 0.018         0.008 / 0.018         0.008 / 0.018         0.008 / 0.018       ms
[82.851s][info   ][gc,stats]       Young Phase: Concurrent Mark                            8957.755 / 8957.755   2631.463 / 15545.897  2631.463 / 15545.897  2631.463 / 15545.897   ms
[82.851s][info   ][gc,stats]       Young Phase: Concurrent Mark Continue                      0.000 / 0.000         0.000 / 0.000         0.000 / 0.000         0.000 / 0.000       ms
[82.851s][info   ][gc,stats]       Young Phase: Concurrent Mark Free                          0.005 / 0.005         0.004 / 0.012         0.004 / 0.012         0.004 / 0.012       ms
[82.851s][info   ][gc,stats]       Young Phase: Concurrent Relocate                        1635.857 / 1635.857    220.536 / 1635.857    220.536 / 1635.857    220.536 / 1635.857    ms
[82.851s][info   ][gc,stats]       Young Phase: Concurrent Reset Relocation Set               1.696 / 1.696         0.235 / 1.696         0.235 / 1.696         0.235 / 1.696       ms
[82.851s][info   ][gc,stats]       Young Phase: Concurrent Select Relocation Set           1299.100 / 1299.100    182.135 / 1299.100    182.135 / 1299.100    182.135 / 1299.100    ms
[82.851s][info   ][gc,stats]    Young Subphase: Concurrent Mark Follow                     8957.349 / 8957.349   2630.733 / 15545.230  2630.733 / 15545.230  2630.733 / 15545.230   ms
[82.851s][info   ][gc,stats]    Young Subphase: Concurrent Mark Root Colored                  0.000 / 0.000         0.419 / 0.960         0.419 / 0.960         0.419 / 0.960       ms
[82.851s][info   ][gc,stats]    Young Subphase: Concurrent Mark Root Uncolored                0.000 / 0.000         0.246 / 0.545         0.246 / 0.545         0.246 / 0.545       ms
[82.851s][info   ][gc,stats]    Young Subphase: Concurrent Mark Roots                         0.000 / 0.000         0.728 / 1.234         0.728 / 1.234         0.728 / 1.234       ms
[82.851s][info   ][gc,stats]    Young Subphase: Concurrent Relocate Remset FP              1427.818 / 1427.818    205.055 / 1427.818    205.055 / 1427.818    205.055 / 1427.818    ms
[82.851s][info   ][gc,stats]    Young Subphase: Concurrent Roots ClassLoaderDataGraph         0.000 / 0.000         0.311 / 0.640         0.311 / 0.640         0.311 / 0.640       ms
[82.851s][info   ][gc,stats]    Young Subphase: Concurrent Roots CodeCache                    0.000 / 0.000         0.216 / 0.280         0.216 / 0.280         0.216 / 0.280       ms
[82.851s][info   ][gc,stats]    Young Subphase: Concurrent Roots JavaThreads                  0.003 / 0.004         0.023 / 0.544         0.023 / 0.544         0.023 / 0.544       ms
[82.851s][info   ][gc,stats]    Young Subphase: Concurrent Roots OopStorageSet                0.000 / 0.000         0.018 / 0.112         0.018 / 0.112         0.018 / 0.112       ms
[82.851s][info   ][gc,stats]    Young Subphase: Concurrent Weak Roots OopStorageSet           0.000 / 0.000         0.114 / 0.295         0.114 / 0.295         0.114 / 0.295       ms
[82.851s][info   ][gc,stats] =========================================================================================================================================================
