
=== Instance 2/8, outer iteration 58/300 (Variant none) ===

Affinity: allowed=12,13,14,15,16,17,18,19,20,21,22,23 jvm=12,13,14,15,16,17,18,19,20,21 aux=22,23
Benchmark args: 50000000
Command: /gorilla/home/fredrha/SimplifyingWeakRefs/build/variant-images/none-linux-x86_64-server-release/jdk/bin/java -Xms64g -Xmx64g -XX:+UseZGC -Xlog:gc+stats,gc+ref -XX:InitialTenuringThreshold=1 -XX:MaxTenuringThreshold=1 -XX:ZCollectionIntervalMajor=0.5 -XX:+ZCollectionIntervalOnly -XX:NativeMemoryTracking=summary /gorilla/home/fredrha/SimplifyingWeakRefs/test/weakrefs/WeakRefMultiObjectBenchmark.java 50000000

[0.004s][warning][gc] ***** WARNING! INCORRECT SYSTEM CONFIGURATION DETECTED! *****
[0.004s][warning][gc] The system limit on number of memory mappings per process might be too low for the given
[0.004s][warning][gc] max Java heap size (65536M). Please adjust /proc/sys/vm/max_map_count to allow for at
[0.004s][warning][gc] least 117964 mappings (current limit is 65530). Continuing execution with the current
[0.004s][warning][gc] limit could lead to a premature OutOfMemoryError being thrown, due to failure to map memory.
[14.929s][info   ][gc,ref] GC(0) O:                       Encountered   Discovered     Enqueued 
[14.929s][info   ][gc,ref] GC(0) O: Soft References:                0            0            0 
[14.929s][info   ][gc,ref] GC(0) O: Weak References:                0            0            0 
[14.929s][info   ][gc,ref] GC(0) O: Final References:               0            0            0 
[14.929s][info   ][gc,ref] GC(0) O: Phantom References:             0            0            0 
[15.448s][info   ][gc,ref] GC(1) O:                       Encountered   Discovered     Enqueued 
[15.448s][info   ][gc,ref] GC(1) O: Soft References:              148            0            0 
[15.448s][info   ][gc,ref] GC(1) O: Weak References:              608            0            0 
[15.448s][info   ][gc,ref] GC(1) O: Final References:               0            0            0 
[15.448s][info   ][gc,ref] GC(1) O: Phantom References:             1            0            0 
[15.963s][info   ][gc,ref] GC(2) O:                       Encountered   Discovered     Enqueued 
[15.963s][info   ][gc,ref] GC(2) O: Soft References:              148            0            0 
[15.963s][info   ][gc,ref] GC(2) O: Weak References:              608            0            0 
[15.963s][info   ][gc,ref] GC(2) O: Final References:               0            0            0 
[15.963s][info   ][gc,ref] GC(2) O: Phantom References:             1            0            0 
[16.482s][info   ][gc,ref] GC(3) O:                       Encountered   Discovered     Enqueued 
[16.482s][info   ][gc,ref] GC(3) O: Soft References:              171            0            0 
[16.482s][info   ][gc,ref] GC(3) O: Weak References:             1020          428          130 
[16.482s][info   ][gc,ref] GC(3) O: Final References:               0            0            0 
[16.482s][info   ][gc,ref] GC(3) O: Phantom References:             1            0            0 
WeakRefMultiObjectBenchmark: objects=50000000 minSize=509 maxSize=1097 sleepMillis=3000
Phase 1: Allocating references and objects...
[17.039s][info   ][gc,ref] GC(4) O:                       Encountered   Discovered     Enqueued 
[17.039s][info   ][gc,ref] GC(4) O: Soft References:              239            0            0 
[17.039s][info   ][gc,ref] GC(4) O: Weak References:             1204          315            0 
[17.039s][info   ][gc,ref] GC(4) O: Final References:               0            0            0 
[17.039s][info   ][gc,ref] GC(4) O: Phantom References:             1            1            0 
[17.898s][info   ][gc,ref] GC(5) O:                       Encountered   Discovered     Enqueued 
[17.898s][info   ][gc,ref] GC(5) O: Soft References:              238            0            0 
[17.898s][info   ][gc,ref] GC(5) O: Weak References:             1204          634          116 
[17.898s][info   ][gc,ref] GC(5) O: Final References:               0            0            0 
[17.898s][info   ][gc,ref] GC(5) O: Phantom References:             1            1            0 
[18.549s][info   ][gc,ref] GC(6) O:                       Encountered   Discovered     Enqueued 
[18.549s][info   ][gc,ref] GC(6) O: Soft References:              238            0            0 
[18.549s][info   ][gc,ref] GC(6) O: Weak References:             1088          869           85 
[18.549s][info   ][gc,ref] GC(6) O: Final References:               0            0            0 
[18.549s][info   ][gc,ref] GC(6) O: Phantom References:             1            1            0 
[19.289s][info   ][gc,ref] GC(7) O:                       Encountered   Discovered     Enqueued 
[19.289s][info   ][gc,ref] GC(7) O: Soft References:              238            0            0 
[19.289s][info   ][gc,ref] GC(7) O: Weak References:           179880          355            0 
[19.289s][info   ][gc,ref] GC(7) O: Final References:               0            0            0 
[19.289s][info   ][gc,ref] GC(7) O: Phantom References:             1            1            0 
[20.589s][info   ][gc,ref] GC(8) O:                       Encountered   Discovered     Enqueued 
[20.589s][info   ][gc,ref] GC(8) O: Soft References:              238            0            0 
[20.589s][info   ][gc,ref] GC(8) O: Weak References:          1664109          242            0 
[20.589s][info   ][gc,ref] GC(8) O: Final References:               0            0            0 
[20.589s][info   ][gc,ref] GC(8) O: Phantom References:             1            1            0 
[23.076s][info   ][gc,ref] GC(9) O:                       Encountered   Discovered     Enqueued 
[23.076s][info   ][gc,ref] GC(9) O: Soft References:              238            0            0 
[23.076s][info   ][gc,ref] GC(9) O: Weak References:          4240115        81106            0 
[23.076s][info   ][gc,ref] GC(9) O: Final References:               0            0            0 
[23.076s][info   ][gc,ref] GC(9) O: Phantom References:             1            1            0 
[27.796s][info   ][gc,ref] GC(10) O:                       Encountered   Discovered     Enqueued 
[27.796s][info   ][gc,ref] GC(10) O: Soft References:              238            0            0 
[27.796s][info   ][gc,ref] GC(10) O: Weak References:          9118672        38168            0 
[27.796s][info   ][gc,ref] GC(10) O: Final References:               0            0            0 
[27.796s][info   ][gc,ref] GC(10) O: Phantom References:             1            1            0 
[36.885s][info   ][gc,ref] GC(11) O:                       Encountered   Discovered     Enqueued 
[36.885s][info   ][gc,ref] GC(11) O: Soft References:              238            0            0 
[36.885s][info   ][gc,ref] GC(11) O: Weak References:         18472576       122359            0 
[36.885s][info   ][gc,ref] GC(11) O: Final References:               0            0            0 
[36.885s][info   ][gc,ref] GC(11) O: Phantom References:             1            1            0 
Allocated 50000000 objects in 27.74 seconds
Phase 2: Sleeping for 3000 ms...
Phase 3.1: Clearing strong references...
Cleared 10000001 strong references, 39999999 remaining
Waiting 3000 ms...
Phase 3.2: Clearing strong references...
Cleared 10000001 strong references, 29999998 remaining
Waiting 3000 ms...
[54.804s][info   ][gc,ref] GC(12) O:                       Encountered   Discovered     Enqueued 
[54.804s][info   ][gc,ref] GC(12) O: Soft References:              238            0            0 
[54.804s][info   ][gc,ref] GC(12) O: Weak References:         36538375       319271            0 
[54.804s][info   ][gc,ref] GC(12) O: Final References:               0            0            0 
[54.804s][info   ][gc,ref] GC(12) O: Phantom References:             1            1            0 
Phase 3.3: Clearing strong references...
Cleared 10000001 strong references, 19999997 remaining
Waiting 3000 ms...
Phase 3.4: Clearing strong references...
Cleared 10000001 strong references, 9999996 remaining
Waiting 3000 ms...
Phase 3.5: Clearing strong references...
Cleared 9999996 strong references, 0 remaining
Waiting 3000 ms...
Waiting 6000 ms...
Phase 4: Final weak reference checks...
Final count of alive weak references: 50000000
[85.548s][info   ][gc,stats] === Garbage Collection Statistics =======================================================================================================================
[85.548s][info   ][gc,stats]                                                              Last 10s              Last 10m              Last 10h                Total
[85.548s][info   ][gc,stats]                                                              Avg / Max             Avg / Max             Avg / Max             Avg / Max
[85.548s][info   ][gc,stats]        Contention: Mark Segment Reset Contention                     0 / 0                 0 / 14                0 / 14                0 / 14          ops/s
[85.548s][info   ][gc,stats]        Contention: Mark SeqNum Reset Contention                      0 / 0                 0 / 3                 0 / 3                 0 / 3           ops/s
[85.548s][info   ][gc,stats]          Critical: Allocation Stall                                  0 / 0                 0 / 0                 0 / 0                 0 / 0           ops/s
[85.548s][info   ][gc,stats]          Critical: Allocation Stall                              0.000 / 0.000         0.000 / 0.000         0.000 / 0.000         0.000 / 0.000       ms
[85.548s][info   ][gc,stats]          Critical: JNI Critical Stall                                0 / 0                 0 / 0                 0 / 0                 0 / 0           ops/s
[85.548s][info   ][gc,stats]          Critical: JNI Critical Stall                            0.000 / 0.000         0.000 / 0.000         0.000 / 0.000         0.000 / 0.000       ms
[85.548s][info   ][gc,stats]          Critical: Relocation Stall                                  0 / 0                 0 / 0                 0 / 0                 0 / 0           ops/s
[85.548s][info   ][gc,stats]          Critical: Relocation Stall                              0.000 / 0.000         0.000 / 0.000         0.000 / 0.000         0.000 / 0.000       ms
[85.548s][info   ][gc,stats]  Major Collection: Major Collection                              0.000 / 0.000      2601.601 / 17413.137  2601.601 / 17413.137  2601.601 / 17413.137   ms
[85.548s][info   ][gc,stats]            Memory: Allocation Rate                                   0 / 0               648 / 1790            648 / 1790            648 / 1790        MB/s
[85.548s][info   ][gc,stats]            Memory: Defragment                                        0 / 0                 0 / 0                 0 / 0                 0 / 0           ops/s
[85.548s][info   ][gc,stats]            Memory: Mapped Cache Harvest                              0 / 0                 0 / 0                 0 / 0                 0 / 0           MB/s
[85.548s][info   ][gc,stats]            Memory: Out Of Memory                                     0 / 0                 0 / 0                 0 / 0                 0 / 0           ops/s
[85.548s][info   ][gc,stats]            Memory: Uncommit                                          0 / 0                 0 / 0                 0 / 0                 0 / 0           MB/s
[85.548s][info   ][gc,stats]            Memory: Undo Object Allocation Failed                     0 / 0                 0 / 0                 0 / 0                 0 / 0           ops/s
[85.548s][info   ][gc,stats]            Memory: Undo Object Allocation Succeeded                  0 / 0                 0 / 0                 0 / 0                 0 / 0           ops/s
[85.548s][info   ][gc,stats]            Memory: Undo Page Allocation                              0 / 0                 0 / 0                 0 / 0                 0 / 0           ops/s
[85.548s][info   ][gc,stats]  Minor Collection: Minor Collection                              0.000 / 0.000         0.000 / 0.000         0.000 / 0.000         0.000 / 0.000       ms
[85.548s][info   ][gc,stats]    Old Generation: Old Generation                                0.000 / 0.000       824.859 / 5562.919    824.859 / 5562.919    824.859 / 5562.919    ms
[85.548s][info   ][gc,stats]         Old Pause: Pause Mark End                                0.014 / 0.014         0.010 / 0.014         0.010 / 0.014         0.010 / 0.014       ms
[85.548s][info   ][gc,stats]         Old Pause: Pause Relocate Start                          0.000 / 0.000         0.007 / 0.013         0.007 / 0.013         0.007 / 0.013       ms
[85.548s][info   ][gc,stats]         Old Phase: Concurrent Mark                           14896.585 / 14896.585  1746.041 / 14896.585  1746.041 / 14896.585  1746.041 / 14896.585   ms
[85.548s][info   ][gc,stats]         Old Phase: Concurrent Mark Continue                      0.000 / 0.000         0.000 / 0.000         0.000 / 0.000         0.000 / 0.000       ms
[85.548s][info   ][gc,stats]         Old Phase: Concurrent Mark Free                          0.005 / 0.005         0.004 / 0.006         0.004 / 0.006         0.004 / 0.006       ms
[85.548s][info   ][gc,stats]         Old Phase: Concurrent Process Non-Strong                 0.000 / 0.000         5.661 / 34.062        5.661 / 34.062        5.661 / 34.062      ms
[85.548s][info   ][gc,stats]         Old Phase: Concurrent Relocate                           0.000 / 0.000         1.069 / 2.357         1.069 / 2.357         1.069 / 2.357       ms
[85.548s][info   ][gc,stats]         Old Phase: Concurrent Remap Roots                        0.000 / 0.000        82.953 / 367.226      82.953 / 367.226      82.953 / 367.226     ms
[85.548s][info   ][gc,stats]         Old Phase: Concurrent Reset Relocation Set               0.000 / 0.000         0.001 / 0.001         0.001 / 0.001         0.001 / 0.001       ms
[85.548s][info   ][gc,stats]         Old Phase: Concurrent Select Relocation Set              0.000 / 0.000         0.529 / 0.714         0.529 / 0.714         0.529 / 0.714       ms
[85.548s][info   ][gc,stats]      Old Subphase: Concurrent Classes Purge                      0.000 / 0.000         0.045 / 0.201         0.045 / 0.201         0.045 / 0.201       ms
[85.548s][info   ][gc,stats]      Old Subphase: Concurrent Classes Unlink                     0.000 / 0.000         0.977 / 1.260         0.977 / 1.260         0.977 / 1.260       ms
[85.548s][info   ][gc,stats]      Old Subphase: Concurrent Mark Follow                    14896.445 / 14896.445  1745.967 / 14896.445  1745.967 / 14896.445  1745.967 / 14896.445   ms
[85.548s][info   ][gc,stats]      Old Subphase: Concurrent Mark Root Colored                  0.000 / 0.000         0.023 / 0.045         0.023 / 0.045         0.023 / 0.045       ms
[85.548s][info   ][gc,stats]      Old Subphase: Concurrent Mark Root Uncolored                0.000 / 0.000         0.023 / 0.080         0.023 / 0.080         0.023 / 0.080       ms
[85.548s][info   ][gc,stats]      Old Subphase: Concurrent Mark Roots                         0.000 / 0.000         0.072 / 0.136         0.072 / 0.136         0.072 / 0.136       ms
[85.548s][info   ][gc,stats]      Old Subphase: Concurrent References Enqueue                 0.000 / 0.000         0.001 / 0.006         0.001 / 0.006         0.001 / 0.006       ms
[85.548s][info   ][gc,stats]      Old Subphase: Concurrent References Process                 0.000 / 0.000         4.467 / 32.664        4.467 / 32.664        4.467 / 32.664      ms
[85.548s][info   ][gc,stats]      Old Subphase: Concurrent Remap Remembered                   0.000 / 0.000        55.881 / 366.854      55.881 / 366.854      55.881 / 366.854     ms
[85.548s][info   ][gc,stats]      Old Subphase: Concurrent Remap Roots Colored                0.000 / 0.000         0.157 / 0.279         0.157 / 0.279         0.157 / 0.279       ms
[85.548s][info   ][gc,stats]      Old Subphase: Concurrent Remap Roots Uncolored              0.000 / 0.000         0.128 / 0.224         0.128 / 0.224         0.128 / 0.224       ms
[85.548s][info   ][gc,stats]      Old Subphase: Concurrent Roots ClassLoaderDataGraph         0.000 / 0.000         0.091 / 0.269         0.091 / 0.269         0.091 / 0.269       ms
[85.548s][info   ][gc,stats]      Old Subphase: Concurrent Roots CodeCache                    0.000 / 0.000         0.126 / 0.221         0.126 / 0.221         0.126 / 0.221       ms
[85.548s][info   ][gc,stats]      Old Subphase: Concurrent Roots JavaThreads                  0.000 / 0.000         0.008 / 0.080         0.008 / 0.080         0.008 / 0.080       ms
[85.548s][info   ][gc,stats]      Old Subphase: Concurrent Roots OopStorageSet                0.000 / 0.000         0.003 / 0.014         0.003 / 0.014         0.003 / 0.014       ms
[85.548s][info   ][gc,stats]      Old Subphase: Concurrent Weak Roots OopStorageSet           0.000 / 0.000         0.044 / 0.133         0.044 / 0.133         0.044 / 0.133       ms
[85.548s][info   ][gc,stats]            System: Java Threads                                     11 / 11               11 / 13               11 / 13               11 / 13          threads
[85.548s][info   ][gc,stats]  Young Generation: Young Generation                              0.000 / 0.000      2616.551 / 13535.243  2616.551 / 13535.243  2616.551 / 13535.243   ms
[85.548s][info   ][gc,stats]  Young Generation: Young Generation                              0.000 / 0.000         0.000 / 0.000         0.000 / 0.000         0.000 / 0.000       ms
[85.548s][info   ][gc,stats]  Young Generation: Young Generation (Collect Roots)              0.000 / 0.000         0.000 / 0.000         0.000 / 0.000         0.000 / 0.000       ms
[85.548s][info   ][gc,stats]  Young Generation: Young Generation (Promote All)                0.000 / 0.000         0.000 / 0.000         0.000 / 0.000         0.000 / 0.000       ms
[85.548s][info   ][gc,stats]       Young Pause: Pause Mark End                                0.000 / 0.000         0.011 / 0.020         0.011 / 0.020         0.011 / 0.020       ms
[85.548s][info   ][gc,stats]       Young Pause: Pause Mark Start                              0.000 / 0.000         0.000 / 0.000         0.000 / 0.000         0.000 / 0.000       ms
[85.548s][info   ][gc,stats]       Young Pause: Pause Mark Start (Major)                      0.000 / 0.000         0.020 / 0.029         0.020 / 0.029         0.020 / 0.029       ms
[85.548s][info   ][gc,stats]       Young Pause: Pause Relocate Start                          0.000 / 0.000         0.006 / 0.013         0.006 / 0.013         0.006 / 0.013       ms
[85.548s][info   ][gc,stats]       Young Phase: Concurrent Mark                               0.000 / 0.000      2290.278 / 11461.845  2290.278 / 11461.845  2290.278 / 11461.845   ms
[85.548s][info   ][gc,stats]       Young Phase: Concurrent Mark Continue                      0.000 / 0.000         0.000 / 0.000         0.000 / 0.000         0.000 / 0.000       ms
[85.548s][info   ][gc,stats]       Young Phase: Concurrent Mark Free                          0.000 / 0.000         0.006 / 0.011         0.006 / 0.011         0.006 / 0.011       ms
[85.548s][info   ][gc,stats]       Young Phase: Concurrent Relocate                           0.000 / 0.000       171.490 / 1086.697    171.490 / 1086.697    171.490 / 1086.697    ms
[85.548s][info   ][gc,stats]       Young Phase: Concurrent Reset Relocation Set               0.000 / 0.000         0.481 / 4.219         0.481 / 4.219         0.481 / 4.219       ms
[85.548s][info   ][gc,stats]       Young Phase: Concurrent Select Relocation Set              0.000 / 0.000       153.943 / 984.875     153.943 / 984.875     153.943 / 984.875     ms
[85.548s][info   ][gc,stats]    Young Subphase: Concurrent Mark Follow                        0.000 / 0.000      2269.792 / 11461.241  2269.792 / 11461.241  2269.792 / 11461.241   ms
[85.548s][info   ][gc,stats]    Young Subphase: Concurrent Mark Root Colored                  0.000 / 0.000         0.420 / 0.902         0.420 / 0.902         0.420 / 0.902       ms
[85.548s][info   ][gc,stats]    Young Subphase: Concurrent Mark Root Uncolored                0.000 / 0.000         6.844 / 276.699       6.844 / 276.699       6.844 / 276.699     ms
[85.548s][info   ][gc,stats]    Young Subphase: Concurrent Mark Roots                         0.000 / 0.000        20.484 / 277.045      20.484 / 277.045      20.484 / 277.045     ms
[85.548s][info   ][gc,stats]    Young Subphase: Concurrent Relocate Remset FP                 0.000 / 0.000       170.670 / 1086.345    170.670 / 1086.345    170.670 / 1086.345    ms
[85.548s][info   ][gc,stats]    Young Subphase: Concurrent Roots ClassLoaderDataGraph         0.000 / 0.000         0.314 / 0.623         0.314 / 0.623         0.314 / 0.623       ms
[85.548s][info   ][gc,stats]    Young Subphase: Concurrent Roots CodeCache                    0.000 / 0.000         0.235 / 0.348         0.235 / 0.348         0.235 / 0.348       ms
[85.548s][info   ][gc,stats]    Young Subphase: Concurrent Roots JavaThreads                  0.000 / 0.000         3.314 / 276.698       3.314 / 276.698       3.314 / 276.698     ms
[85.548s][info   ][gc,stats]    Young Subphase: Concurrent Roots OopStorageSet                0.000 / 0.000         0.011 / 0.141         0.011 / 0.141         0.011 / 0.141       ms
[85.548s][info   ][gc,stats]    Young Subphase: Concurrent Weak Roots OopStorageSet           0.000 / 0.000         0.093 / 0.253         0.093 / 0.253         0.093 / 0.253       ms
[85.548s][info   ][gc,stats] =========================================================================================================================================================
