
=== Instance 6/8, outer iteration 195/300 (Variant dyn_only) ===

Affinity: allowed=12,13,14,15,16,17,18,19,20,21,22,23 jvm=12,13,14,15,16,17,18,19,20,21 aux=22,23
Benchmark args: 50000000
Command: /gorilla/home/fredrha/SimplifyingWeakRefs/build/variant-images/dyn_only-linux-x86_64-server-release/jdk/bin/java -Xms64g -Xmx64g -XX:+UseZGC -Xlog:gc+stats,gc+ref -XX:InitialTenuringThreshold=1 -XX:MaxTenuringThreshold=1 -XX:ZCollectionIntervalMajor=0.5 -XX:+ZCollectionIntervalOnly -XX:NativeMemoryTracking=summary /gorilla/home/fredrha/SimplifyingWeakRefs/test/weakrefs/WeakRefMultiObjectBenchmark.java 50000000

[0.004s][warning][gc] ***** WARNING! INCORRECT SYSTEM CONFIGURATION DETECTED! *****
[0.004s][warning][gc] The system limit on number of memory mappings per process might be too low for the given
[0.004s][warning][gc] max Java heap size (65536M). Please adjust /proc/sys/vm/max_map_count to allow for at
[0.004s][warning][gc] least 117964 mappings (current limit is 65530). Continuing execution with the current
[0.004s][warning][gc] limit could lead to a premature OutOfMemoryError being thrown, due to failure to map memory.
[0.004s][info   ][gc,ref] Reference Processor created, Config: Dynamic array
[15.298s][info   ][gc,ref] GC(0) O:                       Encountered   Discovered     Enqueued 
[15.298s][info   ][gc,ref] GC(0) O: Soft References:                0            0            0 
[15.298s][info   ][gc,ref] GC(0) O: Weak References:                0            0            0 
[15.298s][info   ][gc,ref] GC(0) O: Final References:               0            0            0 
[15.298s][info   ][gc,ref] GC(0) O: Phantom References:             0            0            0 
[15.805s][info   ][gc,ref] GC(1) O:                       Encountered   Discovered     Enqueued 
[15.805s][info   ][gc,ref] GC(1) O: Soft References:              148            0            0 
[15.805s][info   ][gc,ref] GC(1) O: Weak References:              608            0            0 
[15.805s][info   ][gc,ref] GC(1) O: Final References:               0            0            0 
[15.805s][info   ][gc,ref] GC(1) O: Phantom References:             1            0            0 
[16.321s][info   ][gc,ref] GC(2) O:                       Encountered   Discovered     Enqueued 
[16.321s][info   ][gc,ref] GC(2) O: Soft References:              148            0            0 
[16.321s][info   ][gc,ref] GC(2) O: Weak References:              608            0            0 
[16.321s][info   ][gc,ref] GC(2) O: Final References:               0            0            0 
[16.321s][info   ][gc,ref] GC(2) O: Phantom References:             1            0            0 
[16.832s][info   ][gc,ref] GC(3) O:                       Encountered   Discovered     Enqueued 
[16.832s][info   ][gc,ref] GC(3) O: Soft References:              148            0            0 
[16.832s][info   ][gc,ref] GC(3) O: Weak References:              608          362          130 
[16.832s][info   ][gc,ref] GC(3) O: Final References:               0            0            0 
[16.832s][info   ][gc,ref] GC(3) O: Phantom References:             1            1            0 
WeakRefMultiObjectBenchmark: objects=50000000 minSize=509 maxSize=1097 sleepMillis=3000
[17.378s][info   ][gc,ref] GC(4) O:                       Encountered   Discovered     Enqueued 
[17.378s][info   ][gc,ref] GC(4) O: Soft References:              238            0            0 
[17.378s][info   ][gc,ref] GC(4) O: Weak References:             1204          321            0 
[17.378s][info   ][gc,ref] GC(4) O: Final References:               0            0            0 
[17.378s][info   ][gc,ref] GC(4) O: Phantom References:             1            1            0 
Phase 1: Allocating references and objects...
[18.227s][info   ][gc,ref] GC(5) O:                       Encountered   Discovered     Enqueued 
[18.227s][info   ][gc,ref] GC(5) O: Soft References:              239            0            0 
[18.227s][info   ][gc,ref] GC(5) O: Weak References:             1204          155            0 
[18.227s][info   ][gc,ref] GC(5) O: Final References:               0            0            0 
[18.227s][info   ][gc,ref] GC(5) O: Phantom References:             1            0            0 
[18.880s][info   ][gc,ref] GC(6) O:                       Encountered   Discovered     Enqueued 
[18.880s][info   ][gc,ref] GC(6) O: Soft References:              238            0            0 
[18.880s][info   ][gc,ref] GC(6) O: Weak References:             1204          424          201 
[18.880s][info   ][gc,ref] GC(6) O: Final References:               0            0            0 
[18.880s][info   ][gc,ref] GC(6) O: Phantom References:             1            1            0 
[19.548s][info   ][gc,ref] GC(7) O:                       Encountered   Discovered     Enqueued 
[19.548s][info   ][gc,ref] GC(7) O: Soft References:              238            0            0 
[19.548s][info   ][gc,ref] GC(7) O: Weak References:             1003          628            0 
[19.548s][info   ][gc,ref] GC(7) O: Final References:               0            0            0 
[19.548s][info   ][gc,ref] GC(7) O: Phantom References:             1            1            0 
[20.591s][info   ][gc,ref] GC(8) O:                       Encountered   Discovered     Enqueued 
[20.591s][info   ][gc,ref] GC(8) O: Soft References:              238            0            0 
[20.591s][info   ][gc,ref] GC(8) O: Weak References:          1079898            8            0 
[20.591s][info   ][gc,ref] GC(8) O: Final References:               0            0            0 
[20.591s][info   ][gc,ref] GC(8) O: Phantom References:             1            1            0 
[22.457s][info   ][gc,ref] GC(9) O:                       Encountered   Discovered     Enqueued 
[22.457s][info   ][gc,ref] GC(9) O: Soft References:              238            0            0 
[22.457s][info   ][gc,ref] GC(9) O: Weak References:          3182827           39            0 
[22.457s][info   ][gc,ref] GC(9) O: Final References:               0            0            0 
[22.457s][info   ][gc,ref] GC(9) O: Phantom References:             1            1            0 
[26.120s][info   ][gc,ref] GC(10) O:                       Encountered   Discovered     Enqueued 
[26.120s][info   ][gc,ref] GC(10) O: Soft References:              238            0            0 
[26.120s][info   ][gc,ref] GC(10) O: Weak References:          6911746       610381            0 
[26.120s][info   ][gc,ref] GC(10) O: Final References:               0            0            0 
[26.120s][info   ][gc,ref] GC(10) O: Phantom References:             1            1            0 
[34.693s][info   ][gc,ref] GC(11) O:                       Encountered   Discovered     Enqueued 
[34.693s][info   ][gc,ref] GC(11) O: Soft References:              238            0            0 
[34.693s][info   ][gc,ref] GC(11) O: Weak References:         14201569        72181            0 
[34.693s][info   ][gc,ref] GC(11) O: Final References:               0            0            0 
[34.693s][info   ][gc,ref] GC(11) O: Phantom References:             1            1            0 
Allocated 50000000 objects in 27.14 seconds
Phase 2: Sleeping for 3000 ms...
Phase 3.1: Clearing strong references...
Cleared 10000001 strong references, 39999999 remaining
Waiting 3000 ms...
[50.250s][info   ][gc,ref] GC(12) O:                       Encountered   Discovered     Enqueued 
[50.250s][info   ][gc,ref] GC(12) O: Soft References:              238            0            0 
[50.250s][info   ][gc,ref] GC(12) O: Weak References:         31329727      6525724            0 
[50.250s][info   ][gc,ref] GC(12) O: Final References:               0            0            0 
[50.250s][info   ][gc,ref] GC(12) O: Phantom References:             1            1            0 
Phase 3.2: Clearing strong references...
Cleared 10000001 strong references, 29999998 remaining
Waiting 3000 ms...
Phase 3.3: Clearing strong references...
Cleared 10000001 strong references, 19999997 remaining
Waiting 3000 ms...
Phase 3.4: Clearing strong references...
Cleared 10000001 strong references, 9999996 remaining
Waiting 3000 ms...
Phase 3.5: Clearing strong references...
Cleared 9999996 strong references, 0 remaining
Waiting 3000 ms...
Waiting 6000 ms...
[74.792s][info   ][gc,ref] GC(13) O:                       Encountered   Discovered     Enqueued 
[74.792s][info   ][gc,ref] GC(13) O: Soft References:              238            0            0 
[74.792s][info   ][gc,ref] GC(13) O: Weak References:         50001003     14199618      2841017 
[74.792s][info   ][gc,ref] GC(13) O: Final References:               0            0            0 
[74.792s][info   ][gc,ref] GC(13) O: Phantom References:             1            1            0 
Phase 4: Final weak reference checks...
Final count of alive weak references: 47158983
[89.765s][info   ][gc,stats] === Garbage Collection Statistics =======================================================================================================================
[89.765s][info   ][gc,stats]                                                              Last 10s              Last 10m              Last 10h                Total
[89.765s][info   ][gc,stats]                                                              Avg / Max             Avg / Max             Avg / Max             Avg / Max
[89.765s][info   ][gc,stats]        Contention: Mark Segment Reset Contention                     0 / 0                 0 / 13                0 / 13                0 / 13          ops/s
[89.765s][info   ][gc,stats]        Contention: Mark SeqNum Reset Contention                      0 / 0                 0 / 7                 0 / 7                 0 / 7           ops/s
[89.765s][info   ][gc,stats]          Critical: Allocation Stall                                  0 / 0                 0 / 0                 0 / 0                 0 / 0           ops/s
[89.765s][info   ][gc,stats]          Critical: Allocation Stall                              0.000 / 0.000         0.000 / 0.000         0.000 / 0.000         0.000 / 0.000       ms
[89.765s][info   ][gc,stats]          Critical: JNI Critical Stall                                0 / 0                 0 / 0                 0 / 0                 0 / 0           ops/s
[89.765s][info   ][gc,stats]          Critical: JNI Critical Stall                            0.000 / 0.000         0.000 / 0.000         0.000 / 0.000         0.000 / 0.000       ms
[89.765s][info   ][gc,stats]          Critical: Relocation Stall                                  0 / 0                 0 / 0                 0 / 0                 0 / 0           ops/s
[89.765s][info   ][gc,stats]          Critical: Relocation Stall                              0.000 / 0.000         0.000 / 0.000         0.000 / 0.000         0.000 / 0.000       ms
[89.765s][info   ][gc,stats]  Major Collection: Major Collection                              0.000 / 0.000      3781.058 / 24039.351  3781.058 / 24039.351  3781.058 / 24039.351   ms
[89.765s][info   ][gc,stats]            Memory: Allocation Rate                                   0 / 0               614 / 1802            614 / 1802            614 / 1802        MB/s
[89.765s][info   ][gc,stats]            Memory: Defragment                                        0 / 0                 0 / 0                 0 / 0                 0 / 0           ops/s
[89.765s][info   ][gc,stats]            Memory: Mapped Cache Harvest                              0 / 0                 0 / 0                 0 / 0                 0 / 0           MB/s
[89.765s][info   ][gc,stats]            Memory: Out Of Memory                                     0 / 0                 0 / 0                 0 / 0                 0 / 0           ops/s
[89.765s][info   ][gc,stats]            Memory: Uncommit                                          0 / 0                 0 / 0                 0 / 0                 0 / 0           MB/s
[89.765s][info   ][gc,stats]            Memory: Undo Object Allocation Failed                     0 / 0                 0 / 0                 0 / 0                 0 / 0           ops/s
[89.765s][info   ][gc,stats]            Memory: Undo Object Allocation Succeeded                  0 / 0                 0 / 1                 0 / 1                 0 / 1           ops/s
[89.766s][info   ][gc,stats]            Memory: Undo Page Allocation                              0 / 0                 0 / 0                 0 / 0                 0 / 0           ops/s
[89.766s][info   ][gc,stats]  Minor Collection: Minor Collection                              0.000 / 0.000         0.000 / 0.000         0.000 / 0.000         0.000 / 0.000       ms
[89.766s][info   ][gc,stats]    Old Generation: Old Generation                                0.000 / 0.000      1468.591 / 9965.184   1468.591 / 9965.184   1468.591 / 9965.184    ms
[89.766s][info   ][gc,stats]         Old Pause: Pause Mark End                                0.000 / 0.000         0.011 / 0.015         0.011 / 0.015         0.011 / 0.015       ms
[89.766s][info   ][gc,stats]         Old Pause: Pause Relocate Start                          0.000 / 0.000         0.008 / 0.014         0.008 / 0.014         0.008 / 0.014       ms
[89.766s][info   ][gc,stats]         Old Phase: Concurrent Mark                               0.000 / 0.000      1105.078 / 6302.564   1105.078 / 6302.564   1105.078 / 6302.564    ms
[89.766s][info   ][gc,stats]         Old Phase: Concurrent Mark Continue                      0.000 / 0.000         0.000 / 0.000         0.000 / 0.000         0.000 / 0.000       ms
[89.766s][info   ][gc,stats]         Old Phase: Concurrent Mark Free                          0.000 / 0.000         0.003 / 0.005         0.003 / 0.005         0.003 / 0.005       ms
[89.766s][info   ][gc,stats]         Old Phase: Concurrent Process Non-Strong                 0.000 / 0.000       108.508 / 1057.712    108.508 / 1057.712    108.508 / 1057.712    ms
[89.766s][info   ][gc,stats]         Old Phase: Concurrent Relocate                           0.000 / 0.000       156.153 / 2174.702    156.153 / 2174.702    156.153 / 2174.702    ms
[89.766s][info   ][gc,stats]         Old Phase: Concurrent Remap Roots                        0.000 / 0.000        93.238 / 361.012      93.238 / 361.012      93.238 / 361.012     ms
[89.766s][info   ][gc,stats]         Old Phase: Concurrent Reset Relocation Set               0.000 / 0.000         0.001 / 0.001         0.001 / 0.001         0.001 / 0.001       ms
[89.766s][info   ][gc,stats]         Old Phase: Concurrent Select Relocation Set              0.000 / 0.000         5.413 / 68.986        5.413 / 68.986        5.413 / 68.986      ms
[89.766s][info   ][gc,stats]      Old Subphase: Concurrent Classes Purge                      0.000 / 0.000         0.052 / 0.242         0.052 / 0.242         0.052 / 0.242       ms
[89.766s][info   ][gc,stats]      Old Subphase: Concurrent Classes Unlink                     0.000 / 0.000         0.907 / 1.201         0.907 / 1.201         0.907 / 1.201       ms
[89.766s][info   ][gc,stats]      Old Subphase: Concurrent Mark Follow                        0.000 / 0.000      1105.006 / 6302.463   1105.006 / 6302.463   1105.006 / 6302.463    ms
[89.766s][info   ][gc,stats]      Old Subphase: Concurrent Mark Root Colored                  0.033 / 0.044         0.022 / 0.064         0.022 / 0.064         0.022 / 0.064       ms
[89.766s][info   ][gc,stats]      Old Subphase: Concurrent Mark Root Uncolored                0.027 / 0.030         0.023 / 0.080         0.023 / 0.080         0.023 / 0.080       ms
[89.766s][info   ][gc,stats]      Old Subphase: Concurrent Mark Roots                         0.092 / 0.092         0.071 / 0.141         0.071 / 0.141         0.071 / 0.141       ms
[89.766s][info   ][gc,stats]      Old Subphase: Concurrent References Enqueue                 0.000 / 0.000         0.001 / 0.004         0.001 / 0.004         0.001 / 0.004       ms
[89.766s][info   ][gc,stats]      Old Subphase: Concurrent References Process                 0.000 / 0.000       107.386 / 1056.391    107.386 / 1056.391    107.386 / 1056.391    ms
[89.766s][info   ][gc,stats]      Old Subphase: Concurrent Remap Remembered                   0.000 / 0.000        68.672 / 360.537      68.672 / 360.537      68.672 / 360.537     ms
[89.766s][info   ][gc,stats]      Old Subphase: Concurrent Remap Roots Colored                0.000 / 0.000         0.146 / 0.271         0.146 / 0.271         0.146 / 0.271       ms
[89.766s][info   ][gc,stats]      Old Subphase: Concurrent Remap Roots Uncolored              0.000 / 0.000         0.126 / 0.254         0.126 / 0.254         0.126 / 0.254       ms
[89.766s][info   ][gc,stats]      Old Subphase: Concurrent Roots ClassLoaderDataGraph         0.022 / 0.022         0.085 / 0.261         0.085 / 0.261         0.085 / 0.261       ms
[89.766s][info   ][gc,stats]      Old Subphase: Concurrent Roots CodeCache                    0.000 / 0.000         0.125 / 0.251         0.125 / 0.251         0.125 / 0.251       ms
[89.766s][info   ][gc,stats]      Old Subphase: Concurrent Roots JavaThreads                  0.027 / 0.030         0.008 / 0.079         0.008 / 0.079         0.008 / 0.079       ms
[89.766s][info   ][gc,stats]      Old Subphase: Concurrent Roots OopStorageSet                0.021 / 0.021         0.003 / 0.021         0.003 / 0.021         0.003 / 0.021       ms
[89.766s][info   ][gc,stats]      Old Subphase: Concurrent Weak Roots OopStorageSet           0.000 / 0.000         0.042 / 0.179         0.042 / 0.179         0.042 / 0.179       ms
[89.766s][info   ][gc,stats]            System: Java Threads                                     11 / 11               11 / 13               11 / 13               11 / 13          threads
[89.766s][info   ][gc,stats]  Young Generation: Young Generation                           7873.955 / 7873.955   2683.129 / 14074.017  2683.129 / 14074.017  2683.129 / 14074.017   ms
[89.766s][info   ][gc,stats]  Young Generation: Young Generation                              0.000 / 0.000         0.000 / 0.000         0.000 / 0.000         0.000 / 0.000       ms
[89.766s][info   ][gc,stats]  Young Generation: Young Generation (Collect Roots)              0.000 / 0.000         0.000 / 0.000         0.000 / 0.000         0.000 / 0.000       ms
[89.766s][info   ][gc,stats]  Young Generation: Young Generation (Promote All)                0.000 / 0.000         0.000 / 0.000         0.000 / 0.000         0.000 / 0.000       ms
[89.766s][info   ][gc,stats]       Young Pause: Pause Mark End                                0.012 / 0.012         0.011 / 0.014         0.011 / 0.014         0.011 / 0.014       ms
[89.766s][info   ][gc,stats]       Young Pause: Pause Mark Start                              0.000 / 0.000         0.000 / 0.000         0.000 / 0.000         0.000 / 0.000       ms
[89.766s][info   ][gc,stats]       Young Pause: Pause Mark Start (Major)                      0.000 / 0.000         0.024 / 0.042         0.024 / 0.042         0.024 / 0.042       ms
[89.766s][info   ][gc,stats]       Young Pause: Pause Relocate Start                          0.012 / 0.012         0.008 / 0.015         0.008 / 0.015         0.008 / 0.015       ms
[89.766s][info   ][gc,stats]       Young Phase: Concurrent Mark                            5770.016 / 5770.016   2281.620 / 12151.347  2281.620 / 12151.347  2281.620 / 12151.347   ms
[89.766s][info   ][gc,stats]       Young Phase: Concurrent Mark Continue                      0.000 / 0.000         0.000 / 0.000         0.000 / 0.000         0.000 / 0.000       ms
[89.766s][info   ][gc,stats]       Young Phase: Concurrent Mark Free                          0.008 / 0.008         0.004 / 0.008         0.004 / 0.008         0.004 / 0.008       ms
[89.766s][info   ][gc,stats]       Young Phase: Concurrent Relocate                        1116.866 / 1116.866    213.564 / 1116.866    213.564 / 1116.866    213.564 / 1116.866    ms
[89.766s][info   ][gc,stats]       Young Phase: Concurrent Reset Relocation Set               2.432 / 2.432         0.300 / 2.432         0.300 / 2.432         0.300 / 2.432       ms
[89.766s][info   ][gc,stats]       Young Phase: Concurrent Select Relocation Set            983.344 / 983.344     187.233 / 983.344     187.233 / 983.344     187.233 / 983.344     ms
[89.766s][info   ][gc,stats]    Young Subphase: Concurrent Mark Follow                     5769.349 / 5769.349   2280.972 / 12150.777  2280.972 / 12150.777  2280.972 / 12150.777   ms
[89.766s][info   ][gc,stats]    Young Subphase: Concurrent Mark Root Colored                  0.000 / 0.000         0.347 / 0.656         0.347 / 0.656         0.347 / 0.656       ms
[89.766s][info   ][gc,stats]    Young Subphase: Concurrent Mark Root Uncolored                0.000 / 0.000         0.250 / 0.458         0.250 / 0.458         0.250 / 0.458       ms
[89.766s][info   ][gc,stats]    Young Subphase: Concurrent Mark Roots                         0.000 / 0.000         0.646 / 1.044         0.646 / 1.044         0.646 / 1.044       ms
[89.766s][info   ][gc,stats]    Young Subphase: Concurrent Relocate Remset FP              1116.343 / 1116.343    212.975 / 1116.343    212.975 / 1116.343    212.975 / 1116.343    ms
[89.766s][info   ][gc,stats]    Young Subphase: Concurrent Roots ClassLoaderDataGraph         0.000 / 0.000         0.255 / 0.427         0.255 / 0.427         0.255 / 0.427       ms
[89.766s][info   ][gc,stats]    Young Subphase: Concurrent Roots CodeCache                    0.000 / 0.000         0.223 / 0.432         0.223 / 0.432         0.223 / 0.432       ms
[89.766s][info   ][gc,stats]    Young Subphase: Concurrent Roots JavaThreads                  0.002 / 0.004         0.019 / 0.287         0.019 / 0.287         0.019 / 0.287       ms
[89.766s][info   ][gc,stats]    Young Subphase: Concurrent Roots OopStorageSet                0.000 / 0.000         0.018 / 0.087         0.018 / 0.087         0.018 / 0.087       ms
[89.766s][info   ][gc,stats]    Young Subphase: Concurrent Weak Roots OopStorageSet           0.000 / 0.000         0.094 / 0.223         0.094 / 0.223         0.094 / 0.223       ms
[89.766s][info   ][gc,stats] =========================================================================================================================================================
