
=== Instance 5/8, outer iteration 176/300 (Variant sep_dyn) ===

Affinity: allowed=0,1,2,3,4,5,6,7,8,9,10,11 jvm=0,1,2,3,4,5,6,7,8,9 aux=10,11
Benchmark args: 50000000
Command: /gorilla/home/fredrha/SimplifyingWeakRefs/build/variant-images/sep_dyn-linux-x86_64-server-release/jdk/bin/java -Xms64g -Xmx64g -XX:+UseZGC -Xlog:gc+stats,gc+ref -XX:InitialTenuringThreshold=1 -XX:MaxTenuringThreshold=1 -XX:ZCollectionIntervalMajor=0.5 -XX:+ZCollectionIntervalOnly -XX:NativeMemoryTracking=summary /gorilla/home/fredrha/SimplifyingWeakRefs/test/weakrefs/WeakRefMultiObjectBenchmark.java 50000000

[0.004s][warning][gc] ***** WARNING! INCORRECT SYSTEM CONFIGURATION DETECTED! *****
[0.004s][warning][gc] The system limit on number of memory mappings per process might be too low for the given
[0.004s][warning][gc] max Java heap size (65536M). Please adjust /proc/sys/vm/max_map_count to allow for at
[0.004s][warning][gc] least 117964 mappings (current limit is 65530). Continuing execution with the current
[0.004s][warning][gc] limit could lead to a premature OutOfMemoryError being thrown, due to failure to map memory.
[0.004s][info   ][gc,ref] Reference Processor created, Config: Separate lists, dynamic array
[15.440s][info   ][gc,ref] GC(0) O:                           Encountered       Discovered Cleared/Enqueued 
[15.440s][info   ][gc,ref] GC(0) O: Soft References:                    0                0                0 
[15.440s][info   ][gc,ref] GC(0) O: Weak References:                    0                0                0 
[15.440s][info   ][gc,ref] GC(0) O: Weak (No Queue):                    0                0                0 
[15.440s][info   ][gc,ref] GC(0) O: Final References:                   0                0                0 
[15.440s][info   ][gc,ref] GC(0) O: Phantom References:                 0                0                0 
[15.956s][info   ][gc,ref] GC(1) O:                           Encountered       Discovered Cleared/Enqueued 
[15.956s][info   ][gc,ref] GC(1) O: Soft References:                  148                0                0 
[15.956s][info   ][gc,ref] GC(1) O: Weak References:                  605                0                0 
[15.956s][info   ][gc,ref] GC(1) O: Weak (No Queue):                    3                0                0 
[15.956s][info   ][gc,ref] GC(1) O: Final References:                   0                0                0 
[15.956s][info   ][gc,ref] GC(1) O: Phantom References:                 1                0                0 
[16.471s][info   ][gc,ref] GC(2) O:                           Encountered       Discovered Cleared/Enqueued 
[16.471s][info   ][gc,ref] GC(2) O: Soft References:                  148                0                0 
[16.471s][info   ][gc,ref] GC(2) O: Weak References:                  605                0                0 
[16.471s][info   ][gc,ref] GC(2) O: Weak (No Queue):                    3                0                0 
[16.471s][info   ][gc,ref] GC(2) O: Final References:                   0                0                0 
[16.471s][info   ][gc,ref] GC(2) O: Phantom References:                 1                0                0 
WeakRefMultiObjectBenchmark: objects=50000000 minSize=509 maxSize=1097 sleepMillis=3000
[16.989s][info   ][gc,ref] GC(3) O:                           Encountered       Discovered Cleared/Enqueued 
[16.989s][info   ][gc,ref] GC(3) O: Soft References:                  232                0                0 
[16.989s][info   ][gc,ref] GC(3) O: Weak References:                 1328              325              129 
[16.989s][info   ][gc,ref] GC(3) O: Weak (No Queue):                    3                1                0 
[16.989s][info   ][gc,ref] GC(3) O: Final References:                   0                0                0 
[16.989s][info   ][gc,ref] GC(3) O: Phantom References:                 1                0                0 
Phase 1: Allocating references and objects...
[17.549s][info   ][gc,ref] GC(4) O:                           Encountered       Discovered Cleared/Enqueued 
[17.549s][info   ][gc,ref] GC(4) O: Soft References:                  239                0                0 
[17.549s][info   ][gc,ref] GC(4) O: Weak References:                 1201              223                0 
[17.549s][info   ][gc,ref] GC(4) O: Weak (No Queue):                    3                3                0 
[17.549s][info   ][gc,ref] GC(4) O: Final References:                   0                0                0 
[17.549s][info   ][gc,ref] GC(4) O: Phantom References:                 1                1                0 
[18.397s][info   ][gc,ref] GC(5) O:                           Encountered       Discovered Cleared/Enqueued 
[18.397s][info   ][gc,ref] GC(5) O: Soft References:                  238                0                0 
[18.397s][info   ][gc,ref] GC(5) O: Weak References:                 1201              200              199 
[18.397s][info   ][gc,ref] GC(5) O: Weak (No Queue):                    3                3                0 
[18.397s][info   ][gc,ref] GC(5) O: Final References:                   0                0                0 
[18.397s][info   ][gc,ref] GC(5) O: Phantom References:                 1                1                0 
[19.057s][info   ][gc,ref] GC(6) O:                           Encountered       Discovered Cleared/Enqueued 
[19.057s][info   ][gc,ref] GC(6) O: Soft References:                  238                0                0 
[19.057s][info   ][gc,ref] GC(6) O: Weak References:                 1002                5                2 
[19.057s][info   ][gc,ref] GC(6) O: Weak (No Queue):                    3                1                0 
[19.057s][info   ][gc,ref] GC(6) O: Final References:                   0                0                0 
[19.057s][info   ][gc,ref] GC(6) O: Phantom References:                 1                0                0 
[19.859s][info   ][gc,ref] GC(7) O:                           Encountered       Discovered Cleared/Enqueued 
[19.859s][info   ][gc,ref] GC(7) O: Soft References:                  238                0                0 
[19.859s][info   ][gc,ref] GC(7) O: Weak References:                 1000              626                0 
[19.859s][info   ][gc,ref] GC(7) O: Weak (No Queue):               338387                3                0 
[19.859s][info   ][gc,ref] GC(7) O: Final References:                   0                0                0 
[19.859s][info   ][gc,ref] GC(7) O: Phantom References:                 1                1                0 
[21.280s][info   ][gc,ref] GC(8) O:                           Encountered       Discovered Cleared/Enqueued 
[21.280s][info   ][gc,ref] GC(8) O: Soft References:                  238                0                0 
[21.280s][info   ][gc,ref] GC(8) O: Weak References:                 1000              360                0 
[21.280s][info   ][gc,ref] GC(8) O: Weak (No Queue):              1945258                3                0 
[21.280s][info   ][gc,ref] GC(8) O: Final References:                   0                0                0 
[21.280s][info   ][gc,ref] GC(8) O: Phantom References:                 1                1                0 
[23.986s][info   ][gc,ref] GC(9) O:                           Encountered       Discovered Cleared/Enqueued 
[23.986s][info   ][gc,ref] GC(9) O: Soft References:                  238                0                0 
[23.986s][info   ][gc,ref] GC(9) O: Weak References:                 1000              441                0 
[23.986s][info   ][gc,ref] GC(9) O: Weak (No Queue):              4755956           171934                0 
[23.986s][info   ][gc,ref] GC(9) O: Final References:                   0                0                0 
[23.986s][info   ][gc,ref] GC(9) O: Phantom References:                 1                1                0 
[29.346s][info   ][gc,ref] GC(10) O:                           Encountered       Discovered Cleared/Enqueued 
[29.346s][info   ][gc,ref] GC(10) O: Soft References:                  238                0                0 
[29.346s][info   ][gc,ref] GC(10) O: Weak References:                 1000              385                0 
[29.346s][info   ][gc,ref] GC(10) O: Weak (No Queue):             10075204           734184                0 
[29.346s][info   ][gc,ref] GC(10) O: Final References:                   0                0                0 
[29.346s][info   ][gc,ref] GC(10) O: Phantom References:                 1                1                0 
[41.143s][info   ][gc,ref] GC(11) O:                           Encountered       Discovered Cleared/Enqueued 
[41.144s][info   ][gc,ref] GC(11) O: Soft References:                  238                0                0 
[41.144s][info   ][gc,ref] GC(11) O: Weak References:                 1000              660                0 
[41.144s][info   ][gc,ref] GC(11) O: Weak (No Queue):             20785882          1751968                0 
[41.144s][info   ][gc,ref] GC(11) O: Final References:                   0                0                0 
[41.144s][info   ][gc,ref] GC(11) O: Phantom References:                 1                1                0 
Allocated 50000000 objects in 27.40 seconds
Phase 2: Sleeping for 3000 ms...
Phase 3.1: Clearing strong references...
Cleared 10000001 strong references, 39999999 remaining
Waiting 3000 ms...
Phase 3.2: Clearing strong references...
Cleared 10000001 strong references, 29999998 remaining
Waiting 3000 ms...
Phase 3.3: Clearing strong references...
Cleared 10000001 strong references, 19999997 remaining
Waiting 3000 ms...
Phase 3.4: Clearing strong references...
Cleared 10000001 strong references, 9999996 remaining
Waiting 3000 ms...
[63.609s][info   ][gc,ref] GC(12) O:                           Encountered       Discovered Cleared/Enqueued 
[63.609s][info   ][gc,ref] GC(12) O: Soft References:                  238                0                0 
[63.609s][info   ][gc,ref] GC(12) O: Weak References:                 1000              686                0 
[63.609s][info   ][gc,ref] GC(12) O: Weak (No Queue):             44267845          8655931                0 
[63.609s][info   ][gc,ref] GC(12) O: Final References:                   0                0                0 
[63.609s][info   ][gc,ref] GC(12) O: Phantom References:                 1                1                0 
Phase 3.5: Clearing strong references...
Cleared 9999996 strong references, 0 remaining
Waiting 3000 ms...
Waiting 6000 ms...
Phase 4: Final weak reference checks...
Final count of alive weak references: 50000000
[83.441s][info   ][gc,stats] === Garbage Collection Statistics =======================================================================================================================
[83.441s][info   ][gc,stats]                                                              Last 10s              Last 10m              Last 10h                Total
[83.441s][info   ][gc,stats]                                                              Avg / Max             Avg / Max             Avg / Max             Avg / Max
[83.441s][info   ][gc,stats]        Contention: Mark Segment Reset Contention                     0 / 0                 0 / 19                0 / 19                0 / 19          ops/s
[83.441s][info   ][gc,stats]        Contention: Mark SeqNum Reset Contention                      0 / 0                 0 / 4                 0 / 4                 0 / 4           ops/s
[83.441s][info   ][gc,stats]          Critical: Allocation Stall                                  0 / 0                 0 / 0                 0 / 0                 0 / 0           ops/s
[83.441s][info   ][gc,stats]          Critical: Allocation Stall                              0.000 / 0.000         0.000 / 0.000         0.000 / 0.000         0.000 / 0.000       ms
[83.441s][info   ][gc,stats]          Critical: JNI Critical Stall                                0 / 0                 0 / 0                 0 / 0                 0 / 0           ops/s
[83.441s][info   ][gc,stats]          Critical: JNI Critical Stall                            0.000 / 0.000         0.000 / 0.000         0.000 / 0.000         0.000 / 0.000       ms
[83.441s][info   ][gc,stats]          Critical: Relocation Stall                                  0 / 0                 0 / 0                 0 / 0                 0 / 0           ops/s
[83.441s][info   ][gc,stats]          Critical: Relocation Stall                              0.000 / 0.000         0.000 / 0.000         0.000 / 0.000         0.000 / 0.000       ms
[83.441s][info   ][gc,stats]  Major Collection: Major Collection                              0.000 / 0.000      3240.062 / 21961.130  3240.062 / 21961.130  3240.062 / 21961.130   ms
[83.441s][info   ][gc,stats]            Memory: Allocation Rate                                   0 / 0               667 / 1786            667 / 1786            667 / 1786        MB/s
[83.441s][info   ][gc,stats]            Memory: Defragment                                        0 / 0                 0 / 0                 0 / 0                 0 / 0           ops/s
[83.441s][info   ][gc,stats]            Memory: Mapped Cache Harvest                              0 / 0                 0 / 0                 0 / 0                 0 / 0           MB/s
[83.441s][info   ][gc,stats]            Memory: Out Of Memory                                     0 / 0                 0 / 0                 0 / 0                 0 / 0           ops/s
[83.441s][info   ][gc,stats]            Memory: Uncommit                                          0 / 0                 0 / 0                 0 / 0                 0 / 0           MB/s
[83.441s][info   ][gc,stats]            Memory: Undo Object Allocation Failed                     0 / 0                 0 / 0                 0 / 0                 0 / 0           ops/s
[83.441s][info   ][gc,stats]            Memory: Undo Object Allocation Succeeded                  0 / 0                 0 / 1                 0 / 1                 0 / 1           ops/s
[83.441s][info   ][gc,stats]            Memory: Undo Page Allocation                              0 / 0                 0 / 0                 0 / 0                 0 / 0           ops/s
[83.441s][info   ][gc,stats]  Minor Collection: Minor Collection                              0.000 / 0.000         0.000 / 0.000         0.000 / 0.000         0.000 / 0.000       ms
[83.441s][info   ][gc,stats]    Old Generation: Old Generation                                0.000 / 0.000      1008.364 / 6179.937   1008.364 / 6179.937   1008.364 / 6179.937    ms
[83.441s][info   ][gc,stats]         Old Pause: Pause Mark End                                0.000 / 0.000         0.010 / 0.015         0.010 / 0.015         0.010 / 0.015       ms
[83.441s][info   ][gc,stats]         Old Pause: Pause Relocate Start                          0.000 / 0.000         0.009 / 0.017         0.009 / 0.017         0.009 / 0.017       ms
[83.441s][info   ][gc,stats]         Old Phase: Concurrent Mark                               0.000 / 0.000       851.693 / 5259.484    851.693 / 5259.484    851.693 / 5259.484    ms
[83.441s][info   ][gc,stats]         Old Phase: Concurrent Mark Continue                      0.000 / 0.000         0.000 / 0.000         0.000 / 0.000         0.000 / 0.000       ms
[83.441s][info   ][gc,stats]         Old Phase: Concurrent Mark Free                          0.000 / 0.000         0.002 / 0.004         0.002 / 0.004         0.002 / 0.004       ms
[83.441s][info   ][gc,stats]         Old Phase: Concurrent Process Non-Strong                 0.000 / 0.000        71.102 / 584.693      71.102 / 584.693      71.102 / 584.693     ms
[83.441s][info   ][gc,stats]         Old Phase: Concurrent Relocate                           0.000 / 0.000         0.942 / 2.536         0.942 / 2.536         0.942 / 2.536       ms
[83.441s][info   ][gc,stats]         Old Phase: Concurrent Remap Roots                        0.000 / 0.000        83.864 / 353.656      83.864 / 353.656      83.864 / 353.656     ms
[83.441s][info   ][gc,stats]         Old Phase: Concurrent Reset Relocation Set               0.000 / 0.000         0.001 / 0.001         0.001 / 0.001         0.001 / 0.001       ms
[83.441s][info   ][gc,stats]         Old Phase: Concurrent Select Relocation Set              0.000 / 0.000         0.525 / 0.711         0.525 / 0.711         0.525 / 0.711       ms
[83.441s][info   ][gc,stats]      Old Subphase: Concurrent Classes Purge                      0.000 / 0.000         0.148 / 1.546         0.148 / 1.546         0.148 / 1.546       ms
[83.441s][info   ][gc,stats]      Old Subphase: Concurrent Classes Unlink                     0.000 / 0.000         0.924 / 1.148         0.924 / 1.148         0.924 / 1.148       ms
[83.441s][info   ][gc,stats]      Old Subphase: Concurrent Mark Follow                        0.000 / 0.000       851.631 / 5259.402    851.631 / 5259.402    851.631 / 5259.402    ms
[83.441s][info   ][gc,stats]      Old Subphase: Concurrent Mark Root Colored                  0.027 / 0.034         0.022 / 0.040         0.022 / 0.040         0.022 / 0.040       ms
[83.441s][info   ][gc,stats]      Old Subphase: Concurrent Mark Root Uncolored                0.056 / 0.075         0.021 / 0.075         0.021 / 0.075         0.021 / 0.075       ms
[83.441s][info   ][gc,stats]      Old Subphase: Concurrent Mark Roots                         0.127 / 0.127         0.065 / 0.127         0.065 / 0.127         0.065 / 0.127       ms
[83.441s][info   ][gc,stats]      Old Subphase: Concurrent References Enqueue                 0.000 / 0.000         0.001 / 0.003         0.001 / 0.003         0.001 / 0.003       ms
[83.441s][info   ][gc,stats]      Old Subphase: Concurrent References Process                 0.000 / 0.000        69.861 / 581.923      69.861 / 581.923      69.861 / 581.923     ms
[83.441s][info   ][gc,stats]      Old Subphase: Concurrent Remap Remembered                   0.000 / 0.000        59.993 / 353.310      59.993 / 353.310      59.993 / 353.310     ms
[83.441s][info   ][gc,stats]      Old Subphase: Concurrent Remap Roots Colored                0.000 / 0.000         0.146 / 0.255         0.146 / 0.255         0.146 / 0.255       ms
[83.441s][info   ][gc,stats]      Old Subphase: Concurrent Remap Roots Uncolored              0.000 / 0.000         0.115 / 0.178         0.115 / 0.178         0.115 / 0.178       ms
[83.441s][info   ][gc,stats]      Old Subphase: Concurrent Roots ClassLoaderDataGraph         0.021 / 0.023         0.084 / 0.244         0.084 / 0.244         0.084 / 0.244       ms
[83.441s][info   ][gc,stats]      Old Subphase: Concurrent Roots CodeCache                    0.000 / 0.000         0.114 / 0.175         0.114 / 0.175         0.114 / 0.175       ms
[83.441s][info   ][gc,stats]      Old Subphase: Concurrent Roots JavaThreads                  0.056 / 0.075         0.007 / 0.075         0.007 / 0.075         0.007 / 0.075       ms
[83.441s][info   ][gc,stats]      Old Subphase: Concurrent Roots OopStorageSet                0.010 / 0.010         0.003 / 0.011         0.003 / 0.011         0.003 / 0.011       ms
[83.441s][info   ][gc,stats]      Old Subphase: Concurrent Weak Roots OopStorageSet           0.000 / 0.000         0.041 / 0.113         0.041 / 0.113         0.041 / 0.113       ms
[83.441s][info   ][gc,stats]            System: Java Threads                                     11 / 11               11 / 12               11 / 12               11 / 12          threads
[83.441s][info   ][gc,stats]  Young Generation: Young Generation                          10966.093 / 10966.093  2855.479 / 15781.040  2855.479 / 15781.040  2855.479 / 15781.040   ms
[83.441s][info   ][gc,stats]  Young Generation: Young Generation                              0.000 / 0.000         0.000 / 0.000         0.000 / 0.000         0.000 / 0.000       ms
[83.441s][info   ][gc,stats]  Young Generation: Young Generation (Collect Roots)              0.000 / 0.000         0.000 / 0.000         0.000 / 0.000         0.000 / 0.000       ms
[83.441s][info   ][gc,stats]  Young Generation: Young Generation (Promote All)                0.000 / 0.000         0.000 / 0.000         0.000 / 0.000         0.000 / 0.000       ms
[83.441s][info   ][gc,stats]       Young Pause: Pause Mark End                                0.000 / 0.000         0.010 / 0.014         0.010 / 0.014         0.010 / 0.014       ms
[83.441s][info   ][gc,stats]       Young Pause: Pause Mark Start                              0.000 / 0.000         0.000 / 0.000         0.000 / 0.000         0.000 / 0.000       ms
[83.441s][info   ][gc,stats]       Young Pause: Pause Mark Start (Major)                      0.000 / 0.000         0.022 / 0.035         0.022 / 0.035         0.022 / 0.035       ms
[83.441s][info   ][gc,stats]       Young Pause: Pause Relocate Start                          0.015 / 0.015         0.007 / 0.015         0.007 / 0.015         0.007 / 0.015       ms
[83.441s][info   ][gc,stats]       Young Phase: Concurrent Mark                               0.000 / 0.000      2459.477 / 14516.490  2459.477 / 14516.490  2459.477 / 14516.490   ms
[83.441s][info   ][gc,stats]       Young Phase: Concurrent Mark Continue                      0.000 / 0.000         0.000 / 0.000         0.000 / 0.000         0.000 / 0.000       ms
[83.441s][info   ][gc,stats]       Young Phase: Concurrent Mark Free                          0.000 / 0.000         0.003 / 0.005         0.003 / 0.005         0.003 / 0.005       ms
[83.441s][info   ][gc,stats]       Young Phase: Concurrent Relocate                        1464.169 / 1464.169    209.106 / 1464.169    209.106 / 1464.169    209.106 / 1464.169    ms
[83.441s][info   ][gc,stats]       Young Phase: Concurrent Reset Relocation Set               0.000 / 0.000         0.214 / 1.572         0.214 / 1.572         0.214 / 1.572       ms
[83.441s][info   ][gc,stats]       Young Phase: Concurrent Select Relocation Set           1326.669 / 1326.669    186.302 / 1326.669    186.302 / 1326.669    186.302 / 1326.669    ms
[83.441s][info   ][gc,stats]    Young Subphase: Concurrent Mark Follow                        0.000 / 0.000      2458.828 / 14515.911  2458.828 / 14515.911  2458.828 / 14515.911   ms
[83.441s][info   ][gc,stats]    Young Subphase: Concurrent Mark Root Colored                  0.000 / 0.000         0.373 / 0.627         0.373 / 0.627         0.373 / 0.627       ms
[83.441s][info   ][gc,stats]    Young Subphase: Concurrent Mark Root Uncolored                0.000 / 0.000         0.228 / 0.286         0.228 / 0.286         0.228 / 0.286       ms
[83.441s][info   ][gc,stats]    Young Subphase: Concurrent Mark Roots                         0.000 / 0.000         0.647 / 0.931         0.647 / 0.931         0.647 / 0.931       ms
[83.441s][info   ][gc,stats]    Young Subphase: Concurrent Relocate Remset FP              1463.694 / 1463.694    208.602 / 1463.694    208.602 / 1463.694    208.602 / 1463.694    ms
[83.441s][info   ][gc,stats]    Young Subphase: Concurrent Roots ClassLoaderDataGraph         0.000 / 0.000         0.264 / 0.437         0.264 / 0.437         0.264 / 0.437       ms
[83.441s][info   ][gc,stats]    Young Subphase: Concurrent Roots CodeCache                    0.000 / 0.000         0.203 / 0.269         0.203 / 0.269         0.203 / 0.269       ms
[83.441s][info   ][gc,stats]    Young Subphase: Concurrent Roots JavaThreads                  0.003 / 0.003         0.018 / 0.279         0.018 / 0.279         0.018 / 0.279       ms
[83.441s][info   ][gc,stats]    Young Subphase: Concurrent Roots OopStorageSet                0.000 / 0.000         0.015 / 0.104         0.015 / 0.104         0.015 / 0.104       ms
[83.441s][info   ][gc,stats]    Young Subphase: Concurrent Weak Roots OopStorageSet           0.000 / 0.000         0.100 / 0.232         0.100 / 0.232         0.100 / 0.232       ms
[83.441s][info   ][gc,stats] =========================================================================================================================================================
