
=== Instance 2/8, outer iteration 39/300 (Variant sep_only) ===

Affinity: allowed=12,13,14,15,16,17,18,19,20,21,22,23 jvm=12,13,14,15,16,17,18,19,20,21 aux=22,23
Benchmark args: 50000000
Command: /gorilla/home/fredrha/SimplifyingWeakRefs/build/variant-images/sep_only-linux-x86_64-server-release/jdk/bin/java -Xms64g -Xmx64g -XX:+UseZGC -Xlog:gc+stats,gc+ref -XX:InitialTenuringThreshold=1 -XX:MaxTenuringThreshold=1 -XX:ZCollectionIntervalMajor=0.5 -XX:+ZCollectionIntervalOnly -XX:NativeMemoryTracking=summary /gorilla/home/fredrha/SimplifyingWeakRefs/test/weakrefs/WeakRefMultiObjectBenchmark.java 50000000

[0.004s][warning][gc] ***** WARNING! INCORRECT SYSTEM CONFIGURATION DETECTED! *****
[0.004s][warning][gc] The system limit on number of memory mappings per process might be too low for the given
[0.004s][warning][gc] max Java heap size (65536M). Please adjust /proc/sys/vm/max_map_count to allow for at
[0.004s][warning][gc] least 117964 mappings (current limit is 65530). Continuing execution with the current
[0.004s][warning][gc] limit could lead to a premature OutOfMemoryError being thrown, due to failure to map memory.
[0.004s][info   ][gc,ref] Reference Processor created, Config: Separate list
[15.507s][info   ][gc,ref] GC(0) O:                           Encountered       Discovered Cleared/Enqueued 
[15.507s][info   ][gc,ref] GC(0) O: Soft References:                    0                0                0 
[15.507s][info   ][gc,ref] GC(0) O: Weak References:                    0                0                0 
[15.507s][info   ][gc,ref] GC(0) O: Weak (No Queue):                    0                0                0 
[15.507s][info   ][gc,ref] GC(0) O: Final References:                   0                0                0 
[15.507s][info   ][gc,ref] GC(0) O: Phantom References:                 0                0                0 
[16.024s][info   ][gc,ref] GC(1) O:                           Encountered       Discovered Cleared/Enqueued 
[16.024s][info   ][gc,ref] GC(1) O: Soft References:                  148                0                0 
[16.024s][info   ][gc,ref] GC(1) O: Weak References:                  605                0                0 
[16.024s][info   ][gc,ref] GC(1) O: Weak (No Queue):                    3                0                0 
[16.024s][info   ][gc,ref] GC(1) O: Final References:                   0                0                0 
[16.024s][info   ][gc,ref] GC(1) O: Phantom References:                 1                0                0 
[16.539s][info   ][gc,ref] GC(2) O:                           Encountered       Discovered Cleared/Enqueued 
[16.539s][info   ][gc,ref] GC(2) O: Soft References:                  148                0                0 
[16.539s][info   ][gc,ref] GC(2) O: Weak References:                  605                0                0 
[16.539s][info   ][gc,ref] GC(2) O: Weak (No Queue):                    3                0                0 
[16.539s][info   ][gc,ref] GC(2) O: Final References:                   0                0                0 
[16.539s][info   ][gc,ref] GC(2) O: Phantom References:                 1                0                0 
WeakRefMultiObjectBenchmark: objects=50000000 minSize=509 maxSize=1097 sleepMillis=3000
[17.058s][info   ][gc,ref] GC(3) O:                           Encountered       Discovered Cleared/Enqueued 
[17.058s][info   ][gc,ref] GC(3) O: Soft References:                  238                0                0 
[17.058s][info   ][gc,ref] GC(3) O: Weak References:                 1330              372              129 
[17.058s][info   ][gc,ref] GC(3) O: Weak (No Queue):                    3                3                0 
[17.058s][info   ][gc,ref] GC(3) O: Final References:                   0                0                0 
[17.058s][info   ][gc,ref] GC(3) O: Phantom References:                 1                0                0 
Phase 1: Allocating references and objects...
[17.897s][info   ][gc,ref] GC(4) O:                           Encountered       Discovered Cleared/Enqueued 
[17.897s][info   ][gc,ref] GC(4) O: Soft References:                  239                0                0 
[17.897s][info   ][gc,ref] GC(4) O: Weak References:                 1201              353                0 
[17.897s][info   ][gc,ref] GC(4) O: Weak (No Queue):                    3                0                0 
[17.897s][info   ][gc,ref] GC(4) O: Final References:                   0                0                0 
[17.897s][info   ][gc,ref] GC(4) O: Phantom References:                 1                1                0 
[18.899s][info   ][gc,ref] GC(5) O:                           Encountered       Discovered Cleared/Enqueued 
[18.899s][info   ][gc,ref] GC(5) O: Soft References:                  238                0                0 
[18.899s][info   ][gc,ref] GC(5) O: Weak References:                 1201              604              201 
[18.899s][info   ][gc,ref] GC(5) O: Weak (No Queue):                    3                0                0 
[18.899s][info   ][gc,ref] GC(5) O: Final References:                   0                0                0 
[18.899s][info   ][gc,ref] GC(5) O: Phantom References:                 1                1                0 
[19.592s][info   ][gc,ref] GC(6) O:                           Encountered       Discovered Cleared/Enqueued 
[19.592s][info   ][gc,ref] GC(6) O: Soft References:                  238                0                0 
[19.592s][info   ][gc,ref] GC(6) O: Weak References:                 1000              638                0 
[19.592s][info   ][gc,ref] GC(6) O: Weak (No Queue):                17150                3                0 
[19.592s][info   ][gc,ref] GC(6) O: Final References:                   0                0                0 
[19.592s][info   ][gc,ref] GC(6) O: Phantom References:                 1                1                0 
[20.834s][info   ][gc,ref] GC(7) O:                           Encountered       Discovered Cleared/Enqueued 
[20.834s][info   ][gc,ref] GC(7) O: Soft References:                  238                0                0 
[20.834s][info   ][gc,ref] GC(7) O: Weak References:                 1000              634                0 
[20.834s][info   ][gc,ref] GC(7) O: Weak (No Queue):              1426355                0                0 
[20.834s][info   ][gc,ref] GC(7) O: Final References:                   0                0                0 
[20.834s][info   ][gc,ref] GC(7) O: Phantom References:                 1                1                0 
[23.237s][info   ][gc,ref] GC(8) O:                           Encountered       Discovered Cleared/Enqueued 
[23.237s][info   ][gc,ref] GC(8) O: Soft References:                  238                0                0 
[23.237s][info   ][gc,ref] GC(8) O: Weak References:                 1000              632                0 
[23.237s][info   ][gc,ref] GC(8) O: Weak (No Queue):              3888890             8451                0 
[23.237s][info   ][gc,ref] GC(8) O: Final References:                   0                0                0 
[23.237s][info   ][gc,ref] GC(8) O: Phantom References:                 1                1                0 
[28.665s][info   ][gc,ref] GC(9) O:                           Encountered       Discovered Cleared/Enqueued 
[28.665s][info   ][gc,ref] GC(9) O: Soft References:                  238                0                0 
[28.665s][info   ][gc,ref] GC(9) O: Weak References:                 1000              690                0 
[28.665s][info   ][gc,ref] GC(9) O: Weak (No Queue):              8654462           528587                0 
[28.665s][info   ][gc,ref] GC(9) O: Final References:                   0                0                0 
[28.665s][info   ][gc,ref] GC(9) O: Phantom References:                 1                1                0 
[39.784s][info   ][gc,ref] GC(10) O:                           Encountered       Discovered Cleared/Enqueued 
[39.784s][info   ][gc,ref] GC(10) O: Soft References:                  238                0                0 
[39.784s][info   ][gc,ref] GC(10) O: Weak References:                 1000              671                0 
[39.784s][info   ][gc,ref] GC(10) O: Weak (No Queue):             19198016          1439742                0 
[39.784s][info   ][gc,ref] GC(10) O: Final References:                   0                0                0 
[39.784s][info   ][gc,ref] GC(10) O: Phantom References:                 1                1                0 
Allocated 50000000 objects in 27.63 seconds
Phase 2: Sleeping for 3000 ms...
Phase 3.1: Clearing strong references...
Cleared 10000001 strong references, 39999999 remaining
Waiting 3000 ms...
Phase 3.2: Clearing strong references...
Cleared 10000001 strong references, 29999998 remaining
Waiting 3000 ms...
Phase 3.3: Clearing strong references...
Cleared 10000001 strong references, 19999997 remaining
Waiting 3000 ms...
Phase 3.4: Clearing strong references...
Cleared 10000001 strong references, 9999996 remaining
Waiting 3000 ms...
[61.724s][info   ][gc,ref] GC(11) O:                           Encountered       Discovered Cleared/Enqueued 
[61.724s][info   ][gc,ref] GC(11) O: Soft References:                  238                0                0 
[61.724s][info   ][gc,ref] GC(11) O: Weak References:                 1000              718                0 
[61.724s][info   ][gc,ref] GC(11) O: Weak (No Queue):             41207411          7191181                0 
[61.724s][info   ][gc,ref] GC(11) O: Final References:                   0                0                0 
[61.724s][info   ][gc,ref] GC(11) O: Phantom References:                 1                1                0 
Phase 3.5: Clearing strong references...
Cleared 9999996 strong references, 0 remaining
Waiting 3000 ms...
Waiting 6000 ms...
Phase 4: Final weak reference checks...
Final count of alive weak references: 50000000
[82.603s][info   ][gc,stats] === Garbage Collection Statistics =======================================================================================================================
[82.603s][info   ][gc,stats]                                                              Last 10s              Last 10m              Last 10h                Total
[82.603s][info   ][gc,stats]                                                              Avg / Max             Avg / Max             Avg / Max             Avg / Max
[82.603s][info   ][gc,stats]        Contention: Mark Segment Reset Contention                     0 / 0                 0 / 25                0 / 25                0 / 25          ops/s
[82.603s][info   ][gc,stats]        Contention: Mark SeqNum Reset Contention                      0 / 1                 0 / 3                 0 / 3                 0 / 3           ops/s
[82.603s][info   ][gc,stats]          Critical: Allocation Stall                                  0 / 0                 0 / 0                 0 / 0                 0 / 0           ops/s
[82.603s][info   ][gc,stats]          Critical: Allocation Stall                              0.000 / 0.000         0.000 / 0.000         0.000 / 0.000         0.000 / 0.000       ms
[82.603s][info   ][gc,stats]          Critical: JNI Critical Stall                                0 / 0                 0 / 0                 0 / 0                 0 / 0           ops/s
[82.603s][info   ][gc,stats]          Critical: JNI Critical Stall                            0.000 / 0.000         0.000 / 0.000         0.000 / 0.000         0.000 / 0.000       ms
[82.603s][info   ][gc,stats]          Critical: Relocation Stall                                  0 / 0                 0 / 0                 0 / 0                 0 / 0           ops/s
[82.603s][info   ][gc,stats]          Critical: Relocation Stall                              0.000 / 0.000         0.000 / 0.000         0.000 / 0.000         0.000 / 0.000       ms
[82.603s][info   ][gc,stats]  Major Collection: Major Collection                              0.000 / 0.000      3388.277 / 21440.100  3388.277 / 21440.100  3388.277 / 21440.100   ms
[82.603s][info   ][gc,stats]            Memory: Allocation Rate                                   0 / 0               677 / 1764            677 / 1764            677 / 1764        MB/s
[82.603s][info   ][gc,stats]            Memory: Defragment                                        0 / 0                 0 / 0                 0 / 0                 0 / 0           ops/s
[82.603s][info   ][gc,stats]            Memory: Mapped Cache Harvest                              0 / 0                 0 / 0                 0 / 0                 0 / 0           MB/s
[82.603s][info   ][gc,stats]            Memory: Out Of Memory                                     0 / 0                 0 / 0                 0 / 0                 0 / 0           ops/s
[82.603s][info   ][gc,stats]            Memory: Uncommit                                          0 / 0                 0 / 0                 0 / 0                 0 / 0           MB/s
[82.603s][info   ][gc,stats]            Memory: Undo Object Allocation Failed                     0 / 0                 0 / 0                 0 / 0                 0 / 0           ops/s
[82.603s][info   ][gc,stats]            Memory: Undo Object Allocation Succeeded                  0 / 0                 0 / 1                 0 / 1                 0 / 1           ops/s
[82.603s][info   ][gc,stats]            Memory: Undo Page Allocation                              0 / 0                 0 / 0                 0 / 0                 0 / 0           ops/s
[82.603s][info   ][gc,stats]  Minor Collection: Minor Collection                              0.000 / 0.000         0.000 / 0.000         0.000 / 0.000         0.000 / 0.000       ms
[82.603s][info   ][gc,stats]    Old Generation: Old Generation                                0.000 / 0.000      1027.111 / 6306.985   1027.111 / 6306.985   1027.111 / 6306.985    ms
[82.603s][info   ][gc,stats]         Old Pause: Pause Mark End                                0.000 / 0.000         0.010 / 0.014         0.010 / 0.014         0.010 / 0.014       ms
[82.603s][info   ][gc,stats]         Old Pause: Pause Relocate Start                          0.000 / 0.000         0.009 / 0.013         0.009 / 0.013         0.009 / 0.013       ms
[82.603s][info   ][gc,stats]         Old Phase: Concurrent Mark                               0.000 / 0.000       844.141 / 5230.021    844.141 / 5230.021    844.141 / 5230.021    ms
[82.603s][info   ][gc,stats]         Old Phase: Concurrent Mark Continue                      0.000 / 0.000         0.000 / 0.000         0.000 / 0.000         0.000 / 0.000       ms
[82.603s][info   ][gc,stats]         Old Phase: Concurrent Mark Free                          0.000 / 0.000         0.002 / 0.004         0.002 / 0.004         0.002 / 0.004       ms
[82.603s][info   ][gc,stats]         Old Phase: Concurrent Process Non-Strong                 0.000 / 0.000        94.614 / 745.348      94.614 / 745.348      94.614 / 745.348     ms
[82.603s][info   ][gc,stats]         Old Phase: Concurrent Relocate                           0.000 / 0.000         1.261 / 3.886         1.261 / 3.886         1.261 / 3.886       ms
[82.603s][info   ][gc,stats]         Old Phase: Concurrent Remap Roots                        0.000 / 0.000        86.373 / 353.319      86.373 / 353.319      86.373 / 353.319     ms
[82.603s][info   ][gc,stats]         Old Phase: Concurrent Reset Relocation Set               0.000 / 0.000         0.001 / 0.001         0.001 / 0.001         0.001 / 0.001       ms
[82.603s][info   ][gc,stats]         Old Phase: Concurrent Select Relocation Set              0.000 / 0.000         0.504 / 0.733         0.504 / 0.733         0.504 / 0.733       ms
[82.603s][info   ][gc,stats]      Old Subphase: Concurrent Classes Purge                      0.000 / 0.000         0.152 / 1.455         0.152 / 1.455         0.152 / 1.455       ms
[82.603s][info   ][gc,stats]      Old Subphase: Concurrent Classes Unlink                     0.000 / 0.000         1.002 / 1.401         1.002 / 1.401         1.002 / 1.401       ms
[82.603s][info   ][gc,stats]      Old Subphase: Concurrent Mark Follow                        0.000 / 0.000       844.068 / 5229.914    844.068 / 5229.914    844.068 / 5229.914    ms
[82.603s][info   ][gc,stats]      Old Subphase: Concurrent Mark Root Colored                  0.023 / 0.034         0.021 / 0.038         0.021 / 0.038         0.021 / 0.038       ms
[82.603s][info   ][gc,stats]      Old Subphase: Concurrent Mark Root Uncolored                0.056 / 0.079         0.026 / 0.079         0.026 / 0.079         0.026 / 0.079       ms
[82.603s][info   ][gc,stats]      Old Subphase: Concurrent Mark Roots                         0.134 / 0.134         0.075 / 0.134         0.075 / 0.134         0.075 / 0.134       ms
[82.603s][info   ][gc,stats]      Old Subphase: Concurrent References Enqueue                 0.000 / 0.000         0.001 / 0.005         0.001 / 0.005         0.001 / 0.005       ms
[82.603s][info   ][gc,stats]      Old Subphase: Concurrent References Process                 0.000 / 0.000        93.260 / 742.582      93.260 / 742.582      93.260 / 742.582     ms
[82.603s][info   ][gc,stats]      Old Subphase: Concurrent Remap Remembered                   0.000 / 0.000        61.034 / 352.922      61.034 / 352.922      61.034 / 352.922     ms
[82.603s][info   ][gc,stats]      Old Subphase: Concurrent Remap Roots Colored                0.000 / 0.000         0.145 / 0.254         0.145 / 0.254         0.145 / 0.254       ms
[82.603s][info   ][gc,stats]      Old Subphase: Concurrent Remap Roots Uncolored              0.000 / 0.000         0.140 / 0.263         0.140 / 0.263         0.140 / 0.263       ms
[82.603s][info   ][gc,stats]      Old Subphase: Concurrent Roots ClassLoaderDataGraph         0.017 / 0.023         0.085 / 0.246         0.085 / 0.246         0.085 / 0.246       ms
[82.603s][info   ][gc,stats]      Old Subphase: Concurrent Roots CodeCache                    0.000 / 0.000         0.138 / 0.261         0.138 / 0.261         0.138 / 0.261       ms
[82.603s][info   ][gc,stats]      Old Subphase: Concurrent Roots JavaThreads                  0.056 / 0.079         0.009 / 0.079         0.009 / 0.079         0.009 / 0.079       ms
[82.603s][info   ][gc,stats]      Old Subphase: Concurrent Roots OopStorageSet                0.010 / 0.010         0.003 / 0.013         0.003 / 0.013         0.003 / 0.013       ms
[82.603s][info   ][gc,stats]      Old Subphase: Concurrent Weak Roots OopStorageSet           0.000 / 0.000         0.045 / 0.174         0.045 / 0.174         0.045 / 0.174       ms
[82.603s][info   ][gc,stats]            System: Java Threads                                     11 / 11               11 / 13               11 / 13               11 / 13          threads
[82.603s][info   ][gc,stats]  Young Generation: Young Generation                          11709.151 / 11709.151  3080.143 / 15132.962  3080.143 / 15132.962  3080.143 / 15132.962   ms
[82.603s][info   ][gc,stats]  Young Generation: Young Generation                              0.000 / 0.000         0.000 / 0.000         0.000 / 0.000         0.000 / 0.000       ms
[82.603s][info   ][gc,stats]  Young Generation: Young Generation (Collect Roots)              0.000 / 0.000         0.000 / 0.000         0.000 / 0.000         0.000 / 0.000       ms
[82.603s][info   ][gc,stats]  Young Generation: Young Generation (Promote All)                0.000 / 0.000         0.000 / 0.000         0.000 / 0.000         0.000 / 0.000       ms
[82.603s][info   ][gc,stats]       Young Pause: Pause Mark End                                0.000 / 0.000         0.009 / 0.013         0.009 / 0.013         0.009 / 0.013       ms
[82.603s][info   ][gc,stats]       Young Pause: Pause Mark Start                              0.000 / 0.000         0.000 / 0.000         0.000 / 0.000         0.000 / 0.000       ms
[82.603s][info   ][gc,stats]       Young Pause: Pause Mark Start (Major)                      0.000 / 0.000         0.021 / 0.026         0.021 / 0.026         0.021 / 0.026       ms
[82.603s][info   ][gc,stats]       Young Pause: Pause Relocate Start                          0.011 / 0.011         0.008 / 0.012         0.008 / 0.012         0.008 / 0.012       ms
[82.603s][info   ][gc,stats]       Young Phase: Concurrent Mark                               0.000 / 0.000      2668.183 / 13922.121  2668.183 / 13922.121  2668.183 / 13922.121   ms
[82.603s][info   ][gc,stats]       Young Phase: Concurrent Mark Continue                      0.000 / 0.000         0.000 / 0.000         0.000 / 0.000         0.000 / 0.000       ms
[82.603s][info   ][gc,stats]       Young Phase: Concurrent Mark Free                          0.000 / 0.000         0.004 / 0.008         0.004 / 0.008         0.004 / 0.008       ms
[82.603s][info   ][gc,stats]       Young Phase: Concurrent Relocate                        1317.902 / 1317.902    217.204 / 1317.902    217.204 / 1317.902    217.204 / 1317.902    ms
[82.603s][info   ][gc,stats]       Young Phase: Concurrent Reset Relocation Set               0.000 / 0.000         0.210 / 1.409         0.210 / 1.409         0.210 / 1.409       ms
[82.603s][info   ][gc,stats]       Young Phase: Concurrent Select Relocation Set           1203.092 / 1203.092    194.217 / 1203.092    194.217 / 1203.092    194.217 / 1203.092    ms
[82.603s][info   ][gc,stats]    Young Subphase: Concurrent Mark Follow                        0.000 / 0.000      2667.479 / 13921.410  2667.479 / 13921.410  2667.479 / 13921.410   ms
[82.603s][info   ][gc,stats]    Young Subphase: Concurrent Mark Root Colored                  0.000 / 0.000         0.399 / 0.717         0.399 / 0.717         0.399 / 0.717       ms
[82.603s][info   ][gc,stats]    Young Subphase: Concurrent Mark Root Uncolored                0.000 / 0.000         0.249 / 0.316         0.249 / 0.316         0.249 / 0.316       ms
[82.603s][info   ][gc,stats]    Young Subphase: Concurrent Mark Roots                         0.000 / 0.000         0.702 / 1.049         0.702 / 1.049         0.702 / 1.049       ms
[82.603s][info   ][gc,stats]    Young Subphase: Concurrent Relocate Remset FP              1317.866 / 1317.866    216.606 / 1317.866    216.606 / 1317.866    216.606 / 1317.866    ms
[82.603s][info   ][gc,stats]    Young Subphase: Concurrent Roots ClassLoaderDataGraph         0.000 / 0.000         0.285 / 0.477         0.285 / 0.477         0.285 / 0.477       ms
[82.603s][info   ][gc,stats]    Young Subphase: Concurrent Roots CodeCache                    0.000 / 0.000         0.225 / 0.294         0.225 / 0.294         0.225 / 0.294       ms
[82.603s][info   ][gc,stats]    Young Subphase: Concurrent Roots JavaThreads                  0.002 / 0.003         0.019 / 0.303         0.019 / 0.303         0.019 / 0.303       ms
[82.603s][info   ][gc,stats]    Young Subphase: Concurrent Roots OopStorageSet                0.000 / 0.000         0.018 / 0.144         0.018 / 0.144         0.018 / 0.144       ms
[82.603s][info   ][gc,stats]    Young Subphase: Concurrent Weak Roots OopStorageSet           0.000 / 0.000         0.100 / 0.228         0.100 / 0.228         0.100 / 0.228       ms
[82.603s][info   ][gc,stats] =========================================================================================================================================================
