
=== Instance 5/8, outer iteration 170/300 (Variant clear_path_dyn) ===

Affinity: allowed=0,1,2,3,4,5,6,7,8,9,10,11 jvm=0,1,2,3,4,5,6,7,8,9 aux=10,11
Benchmark args: 50000000
Command: /gorilla/home/fredrha/SimplifyingWeakRefs/build/variant-images/clear_path_dyn-linux-x86_64-server-release/jdk/bin/java -Xms64g -Xmx64g -XX:+UseZGC -Xlog:gc+stats,gc+ref -XX:InitialTenuringThreshold=1 -XX:MaxTenuringThreshold=1 -XX:ZCollectionIntervalMajor=0.5 -XX:+ZCollectionIntervalOnly -XX:NativeMemoryTracking=summary /gorilla/home/fredrha/SimplifyingWeakRefs/test/weakrefs/WeakRefMultiObjectBenchmark.java 50000000

[0.004s][warning][gc] ***** WARNING! INCORRECT SYSTEM CONFIGURATION DETECTED! *****
[0.004s][warning][gc] The system limit on number of memory mappings per process might be too low for the given
[0.004s][warning][gc] max Java heap size (65536M). Please adjust /proc/sys/vm/max_map_count to allow for at
[0.004s][warning][gc] least 117964 mappings (current limit is 65530). Continuing execution with the current
[0.004s][warning][gc] limit could lead to a premature OutOfMemoryError being thrown, due to failure to map memory.
[0.004s][info   ][gc,ref] Reference Processor created, Config: Optimised clear path, dynamic array
[16.144s][info   ][gc,ref] GC(0) O:                           Encountered       Discovered Cleared/Enqueued 
[16.144s][info   ][gc,ref] GC(0) O: Soft References:                    0                0                0 
[16.144s][info   ][gc,ref] GC(0) O: Weak References:                    2                0                0 
[16.144s][info   ][gc,ref] GC(0) O: Weak (No Queue):                    0                0                0 
[16.144s][info   ][gc,ref] GC(0) O: Final References:                   0                0                0 
[16.144s][info   ][gc,ref] GC(0) O: Phantom References:                 0                0                0 
[16.651s][info   ][gc,ref] GC(1) O:                           Encountered       Discovered Cleared/Enqueued 
[16.651s][info   ][gc,ref] GC(1) O: Soft References:                  148                0                0 
[16.651s][info   ][gc,ref] GC(1) O: Weak References:                  605                0                0 
[16.651s][info   ][gc,ref] GC(1) O: Weak (No Queue):                    3                0                0 
[16.651s][info   ][gc,ref] GC(1) O: Final References:                   0                0                0 
[16.651s][info   ][gc,ref] GC(1) O: Phantom References:                 1                0                0 
[17.170s][info   ][gc,ref] GC(2) O:                           Encountered       Discovered Cleared/Enqueued 
[17.170s][info   ][gc,ref] GC(2) O: Soft References:                  164                0                0 
[17.170s][info   ][gc,ref] GC(2) O: Weak References:                  913                0                0 
[17.170s][info   ][gc,ref] GC(2) O: Weak (No Queue):                    4                2                0 
[17.170s][info   ][gc,ref] GC(2) O: Final References:                   0                0                0 
[17.170s][info   ][gc,ref] GC(2) O: Phantom References:                 1                0                0 
WeakRefMultiObjectBenchmark: objects=50000000 minSize=509 maxSize=1097 sleepMillis=3000
Phase 1: Allocating references and objects...
[17.717s][info   ][gc,ref] GC(3) O:                           Encountered       Discovered Cleared/Enqueued 
[17.717s][info   ][gc,ref] GC(3) O: Soft References:                  238                0                0 
[17.717s][info   ][gc,ref] GC(3) O: Weak References:                 1330              373              129 
[17.717s][info   ][gc,ref] GC(3) O: Weak (No Queue):                    3                3                0 
[17.717s][info   ][gc,ref] GC(3) O: Final References:                   0                0                0 
[17.717s][info   ][gc,ref] GC(3) O: Phantom References:                 1                1                0 
[18.569s][info   ][gc,ref] GC(4) O:                           Encountered       Discovered Cleared/Enqueued 
[18.569s][info   ][gc,ref] GC(4) O: Soft References:                  238                0                0 
[18.569s][info   ][gc,ref] GC(4) O: Weak References:                 1201              624               86 
[18.569s][info   ][gc,ref] GC(4) O: Weak (No Queue):                    3                2                0 
[18.569s][info   ][gc,ref] GC(4) O: Final References:                   0                0                0 
[18.569s][info   ][gc,ref] GC(4) O: Phantom References:                 1                0                0 
[19.233s][info   ][gc,ref] GC(5) O:                           Encountered       Discovered Cleared/Enqueued 
[19.233s][info   ][gc,ref] GC(5) O: Soft References:                  238                0                0 
[19.233s][info   ][gc,ref] GC(5) O: Weak References:                 1115              385              115 
[19.233s][info   ][gc,ref] GC(5) O: Weak (No Queue):                    3                2                0 
[19.233s][info   ][gc,ref] GC(5) O: Final References:                   0                0                0 
[19.233s][info   ][gc,ref] GC(5) O: Phantom References:                 1                1                0 
[20.003s][info   ][gc,ref] GC(6) O:                           Encountered       Discovered Cleared/Enqueued 
[20.003s][info   ][gc,ref] GC(6) O: Soft References:                  238                0                0 
[20.003s][info   ][gc,ref] GC(6) O: Weak References:                 1000              134                0 
[20.003s][info   ][gc,ref] GC(6) O: Weak (No Queue):               151535                2                0 
[20.003s][info   ][gc,ref] GC(6) O: Final References:                   0                0                0 
[20.003s][info   ][gc,ref] GC(6) O: Phantom References:                 1                1                0 
[21.373s][info   ][gc,ref] GC(7) O:                           Encountered       Discovered Cleared/Enqueued 
[21.373s][info   ][gc,ref] GC(7) O: Soft References:                  238                0                0 
[21.373s][info   ][gc,ref] GC(7) O: Weak References:                 1000              109                0 
[21.373s][info   ][gc,ref] GC(7) O: Weak (No Queue):              1693808                2                0 
[21.373s][info   ][gc,ref] GC(7) O: Final References:                   0                0                0 
[21.373s][info   ][gc,ref] GC(7) O: Phantom References:                 1                1                0 
[24.116s][info   ][gc,ref] GC(8) O:                           Encountered       Discovered Cleared/Enqueued 
[24.116s][info   ][gc,ref] GC(8) O: Soft References:                  238                0                0 
[24.116s][info   ][gc,ref] GC(8) O: Weak References:                 1000              573                0 
[24.116s][info   ][gc,ref] GC(8) O: Weak (No Queue):              4382605           100635                0 
[24.116s][info   ][gc,ref] GC(8) O: Final References:                   0                0                0 
[24.116s][info   ][gc,ref] GC(8) O: Phantom References:                 1                1                0 
[29.776s][info   ][gc,ref] GC(9) O:                           Encountered       Discovered Cleared/Enqueued 
[29.776s][info   ][gc,ref] GC(9) O: Soft References:                  238                0                0 
[29.776s][info   ][gc,ref] GC(9) O: Weak References:                 1000              219                0 
[29.776s][info   ][gc,ref] GC(9) O: Weak (No Queue):              9822852            57804                0 
[29.776s][info   ][gc,ref] GC(9) O: Final References:                   0                0                0 
[29.776s][info   ][gc,ref] GC(9) O: Phantom References:                 1                1                0 
[40.894s][info   ][gc,ref] GC(10) O:                           Encountered       Discovered Cleared/Enqueued 
[40.894s][info   ][gc,ref] GC(10) O: Soft References:                  238                0                0 
[40.894s][info   ][gc,ref] GC(10) O: Weak References:                 1000              124                0 
[40.894s][info   ][gc,ref] GC(10) O: Weak (No Queue):             20804428          4241147                0 
[40.894s][info   ][gc,ref] GC(10) O: Final References:                   0                0                0 
[40.894s][info   ][gc,ref] GC(10) O: Phantom References:                 1                1                0 
Allocated 50000000 objects in 27.74 seconds
Phase 2: Sleeping for 3000 ms...
Phase 3.1: Clearing strong references...
Cleared 10000001 strong references, 39999999 remaining
Waiting 3000 ms...
Phase 3.2: Clearing strong references...
Cleared 10000001 strong references, 29999998 remaining
Waiting 3000 ms...
Phase 3.3: Clearing strong references...
Cleared 10000001 strong references, 19999997 remaining
Waiting 3000 ms...
Phase 3.4: Clearing strong references...
Cleared 10000001 strong references, 9999996 remaining
Waiting 3000 ms...
[62.460s][info   ][gc,ref] GC(11) O:                           Encountered       Discovered Cleared/Enqueued 
[62.460s][info   ][gc,ref] GC(11) O: Soft References:                  238                0                0 
[62.460s][info   ][gc,ref] GC(11) O: Weak References:                 1000              191                0 
[62.460s][info   ][gc,ref] GC(11) O: Weak (No Queue):             42676586          4010181                0 
[62.460s][info   ][gc,ref] GC(11) O: Final References:                   0                0                0 
[62.460s][info   ][gc,ref] GC(11) O: Phantom References:                 1                1                0 
Phase 3.5: Clearing strong references...
Cleared 9999996 strong references, 0 remaining
Waiting 3000 ms...
Waiting 6000 ms...
Phase 4: Final weak reference checks...
Final count of alive weak references: 50000000
[84.400s][info   ][gc,stats] === Garbage Collection Statistics =======================================================================================================================
[84.400s][info   ][gc,stats]                                                              Last 10s              Last 10m              Last 10h                Total
[84.400s][info   ][gc,stats]                                                              Avg / Max             Avg / Max             Avg / Max             Avg / Max
[84.400s][info   ][gc,stats]        Contention: Mark Segment Reset Contention                     0 / 0                 0 / 16                0 / 16                0 / 16          ops/s
[84.400s][info   ][gc,stats]        Contention: Mark SeqNum Reset Contention                      0 / 0                 0 / 4                 0 / 4                 0 / 4           ops/s
[84.400s][info   ][gc,stats]          Critical: Allocation Stall                                  0 / 0                 0 / 0                 0 / 0                 0 / 0           ops/s
[84.400s][info   ][gc,stats]          Critical: Allocation Stall                              0.000 / 0.000         0.000 / 0.000         0.000 / 0.000         0.000 / 0.000       ms
[84.400s][info   ][gc,stats]          Critical: JNI Critical Stall                                0 / 0                 0 / 0                 0 / 0                 0 / 0           ops/s
[84.400s][info   ][gc,stats]          Critical: JNI Critical Stall                            0.000 / 0.000         0.000 / 0.000         0.000 / 0.000         0.000 / 0.000       ms
[84.400s][info   ][gc,stats]          Critical: Relocation Stall                                  0 / 0                 0 / 0                 0 / 0                 0 / 0           ops/s
[84.400s][info   ][gc,stats]          Critical: Relocation Stall                              0.000 / 0.000         0.000 / 0.000         0.000 / 0.000         0.000 / 0.000       ms
[84.400s][info   ][gc,stats]  Major Collection: Major Collection                              0.000 / 0.000      3397.619 / 21066.279  3397.619 / 21066.279  3397.619 / 21066.279   ms
[84.400s][info   ][gc,stats]            Memory: Allocation Rate                                   0 / 0               667 / 1776            667 / 1776            667 / 1776        MB/s
[84.400s][info   ][gc,stats]            Memory: Defragment                                        0 / 0                 0 / 0                 0 / 0                 0 / 0           ops/s
[84.400s][info   ][gc,stats]            Memory: Mapped Cache Harvest                              0 / 0                 0 / 0                 0 / 0                 0 / 0           MB/s
[84.400s][info   ][gc,stats]            Memory: Out Of Memory                                     0 / 0                 0 / 0                 0 / 0                 0 / 0           ops/s
[84.400s][info   ][gc,stats]            Memory: Uncommit                                          0 / 0                 0 / 0                 0 / 0                 0 / 0           MB/s
[84.400s][info   ][gc,stats]            Memory: Undo Object Allocation Failed                     0 / 0                 0 / 0                 0 / 0                 0 / 0           ops/s
[84.400s][info   ][gc,stats]            Memory: Undo Object Allocation Succeeded                  0 / 0                 0 / 1                 0 / 1                 0 / 1           ops/s
[84.400s][info   ][gc,stats]            Memory: Undo Page Allocation                              0 / 0                 0 / 0                 0 / 0                 0 / 0           ops/s
[84.400s][info   ][gc,stats]  Minor Collection: Minor Collection                              0.000 / 0.000         0.000 / 0.000         0.000 / 0.000         0.000 / 0.000       ms
[84.400s][info   ][gc,stats]    Old Generation: Old Generation                                0.000 / 0.000      1054.321 / 6531.629   1054.321 / 6531.629   1054.321 / 6531.629    ms
[84.400s][info   ][gc,stats]         Old Pause: Pause Mark End                                0.013 / 0.013         0.011 / 0.014         0.011 / 0.014         0.011 / 0.014       ms
[84.400s][info   ][gc,stats]         Old Pause: Pause Relocate Start                          0.000 / 0.000         0.008 / 0.012         0.008 / 0.012         0.008 / 0.012       ms
[84.400s][info   ][gc,stats]         Old Phase: Concurrent Mark                           10093.220 / 10093.220  1637.352 / 10093.220  1637.352 / 10093.220  1637.352 / 10093.220   ms
[84.400s][info   ][gc,stats]         Old Phase: Concurrent Mark Continue                      0.000 / 0.000         0.000 / 0.000         0.000 / 0.000         0.000 / 0.000       ms
[84.400s][info   ][gc,stats]         Old Phase: Concurrent Mark Free                          0.003 / 0.003         0.003 / 0.007         0.003 / 0.007         0.003 / 0.007       ms
[84.400s][info   ][gc,stats]         Old Phase: Concurrent Process Non-Strong                 0.000 / 0.000        29.353 / 175.672      29.353 / 175.672      29.353 / 175.672     ms
[84.400s][info   ][gc,stats]         Old Phase: Concurrent Relocate                           0.000 / 0.000         1.047 / 1.972         1.047 / 1.972         1.047 / 1.972       ms
[84.400s][info   ][gc,stats]         Old Phase: Concurrent Remap Roots                        0.000 / 0.000        90.472 / 357.866      90.472 / 357.866      90.472 / 357.866     ms
[84.400s][info   ][gc,stats]         Old Phase: Concurrent Reset Relocation Set               0.000 / 0.000         0.001 / 0.001         0.001 / 0.001         0.001 / 0.001       ms
[84.400s][info   ][gc,stats]         Old Phase: Concurrent Select Relocation Set              0.000 / 0.000         0.533 / 0.779         0.533 / 0.779         0.533 / 0.779       ms
[84.400s][info   ][gc,stats]      Old Subphase: Concurrent Classes Purge                      0.000 / 0.000         0.208 / 2.061         0.208 / 2.061         0.208 / 2.061       ms
[84.400s][info   ][gc,stats]      Old Subphase: Concurrent Classes Unlink                     0.000 / 0.000         1.143 / 1.499         1.143 / 1.499         1.143 / 1.499       ms
[84.400s][info   ][gc,stats]      Old Subphase: Concurrent Mark Follow                    10093.079 / 10093.079  1637.270 / 10093.079  1637.270 / 10093.079  1637.270 / 10093.079   ms
[84.400s][info   ][gc,stats]      Old Subphase: Concurrent Mark Root Colored                  0.000 / 0.000         0.025 / 0.035         0.025 / 0.035         0.025 / 0.035       ms
[84.400s][info   ][gc,stats]      Old Subphase: Concurrent Mark Root Uncolored                0.000 / 0.000         0.027 / 0.079         0.027 / 0.079         0.027 / 0.079       ms
[84.400s][info   ][gc,stats]      Old Subphase: Concurrent Mark Roots                         0.000 / 0.000         0.080 / 0.137         0.080 / 0.137         0.080 / 0.137       ms
[84.400s][info   ][gc,stats]      Old Subphase: Concurrent References Enqueue                 0.000 / 0.000         0.001 / 0.003         0.001 / 0.003         0.001 / 0.003       ms
[84.400s][info   ][gc,stats]      Old Subphase: Concurrent References Process                 0.000 / 0.000        27.798 / 171.713      27.798 / 171.713      27.798 / 171.713     ms
[84.400s][info   ][gc,stats]      Old Subphase: Concurrent Remap Remembered                   0.000 / 0.000        62.542 / 357.486      62.542 / 357.486      62.542 / 357.486     ms
[84.400s][info   ][gc,stats]      Old Subphase: Concurrent Remap Roots Colored                0.000 / 0.000         0.132 / 0.307         0.132 / 0.307         0.132 / 0.307       ms
[84.400s][info   ][gc,stats]      Old Subphase: Concurrent Remap Roots Uncolored              0.000 / 0.000         0.182 / 0.273         0.182 / 0.273         0.182 / 0.273       ms
[84.400s][info   ][gc,stats]      Old Subphase: Concurrent Roots ClassLoaderDataGraph         0.000 / 0.000         0.074 / 0.289         0.074 / 0.289         0.074 / 0.289       ms
[84.400s][info   ][gc,stats]      Old Subphase: Concurrent Roots CodeCache                    0.000 / 0.000         0.179 / 0.271         0.179 / 0.271         0.179 / 0.271       ms
[84.400s][info   ][gc,stats]      Old Subphase: Concurrent Roots JavaThreads                  0.000 / 0.000         0.009 / 0.079         0.009 / 0.079         0.009 / 0.079       ms
[84.400s][info   ][gc,stats]      Old Subphase: Concurrent Roots OopStorageSet                0.000 / 0.000         0.004 / 0.011         0.004 / 0.011         0.004 / 0.011       ms
[84.400s][info   ][gc,stats]      Old Subphase: Concurrent Weak Roots OopStorageSet           0.000 / 0.000         0.050 / 0.140         0.050 / 0.140         0.050 / 0.140       ms
[84.400s][info   ][gc,stats]            System: Java Threads                                     11 / 11               11 / 13               11 / 13               11 / 13          threads
[84.400s][info   ][gc,stats]  Young Generation: Young Generation                              0.000 / 0.000      2975.836 / 14534.545  2975.836 / 14534.545  2975.836 / 14534.545   ms
[84.400s][info   ][gc,stats]  Young Generation: Young Generation                              0.000 / 0.000         0.000 / 0.000         0.000 / 0.000         0.000 / 0.000       ms
[84.400s][info   ][gc,stats]  Young Generation: Young Generation (Collect Roots)              0.000 / 0.000         0.000 / 0.000         0.000 / 0.000         0.000 / 0.000       ms
[84.400s][info   ][gc,stats]  Young Generation: Young Generation (Promote All)                0.000 / 0.000         0.000 / 0.000         0.000 / 0.000         0.000 / 0.000       ms
[84.400s][info   ][gc,stats]       Young Pause: Pause Mark End                                0.000 / 0.000         0.010 / 0.013         0.010 / 0.013         0.010 / 0.013       ms
[84.400s][info   ][gc,stats]       Young Pause: Pause Mark Start                              0.000 / 0.000         0.000 / 0.000         0.000 / 0.000         0.000 / 0.000       ms
[84.400s][info   ][gc,stats]       Young Pause: Pause Mark Start (Major)                      0.000 / 0.000         0.020 / 0.028         0.020 / 0.028         0.020 / 0.028       ms
[84.400s][info   ][gc,stats]       Young Pause: Pause Relocate Start                          0.000 / 0.000         0.007 / 0.012         0.007 / 0.012         0.007 / 0.012       ms
[84.400s][info   ][gc,stats]       Young Phase: Concurrent Mark                               0.000 / 0.000      2555.186 / 13237.593  2555.186 / 13237.593  2555.186 / 13237.593   ms
[84.400s][info   ][gc,stats]       Young Phase: Concurrent Mark Continue                      0.000 / 0.000         0.000 / 0.000         0.000 / 0.000         0.000 / 0.000       ms
[84.400s][info   ][gc,stats]       Young Phase: Concurrent Mark Free                          0.000 / 0.000         0.004 / 0.010         0.004 / 0.010         0.004 / 0.010       ms
[84.400s][info   ][gc,stats]       Young Phase: Concurrent Relocate                           0.000 / 0.000       217.766 / 1346.581    217.766 / 1346.581    217.766 / 1346.581    ms
[84.400s][info   ][gc,stats]       Young Phase: Concurrent Reset Relocation Set               0.000 / 0.000         0.229 / 1.551         0.229 / 1.551         0.229 / 1.551       ms
[84.400s][info   ][gc,stats]       Young Phase: Concurrent Select Relocation Set              0.000 / 0.000       202.309 / 1228.656    202.309 / 1228.656    202.309 / 1228.656    ms
[84.400s][info   ][gc,stats]    Young Subphase: Concurrent Mark Follow                        0.000 / 0.000      2554.512 / 13237.011  2554.512 / 13237.011  2554.512 / 13237.011   ms
[84.400s][info   ][gc,stats]    Young Subphase: Concurrent Mark Root Colored                  0.000 / 0.000         0.378 / 0.652         0.378 / 0.652         0.378 / 0.652       ms
[84.400s][info   ][gc,stats]    Young Subphase: Concurrent Mark Root Uncolored                0.000 / 0.000         0.245 / 0.313         0.245 / 0.313         0.245 / 0.313       ms
[84.400s][info   ][gc,stats]    Young Subphase: Concurrent Mark Roots                         0.000 / 0.000         0.672 / 0.977         0.672 / 0.977         0.672 / 0.977       ms
[84.400s][info   ][gc,stats]    Young Subphase: Concurrent Relocate Remset FP                 0.000 / 0.000       217.079 / 1346.534    217.079 / 1346.534    217.079 / 1346.534    ms
[84.400s][info   ][gc,stats]    Young Subphase: Concurrent Roots ClassLoaderDataGraph         0.000 / 0.000         0.263 / 0.440         0.263 / 0.440         0.263 / 0.440       ms
[84.400s][info   ][gc,stats]    Young Subphase: Concurrent Roots CodeCache                    0.000 / 0.000         0.224 / 0.295         0.224 / 0.295         0.224 / 0.295       ms
[84.400s][info   ][gc,stats]    Young Subphase: Concurrent Roots JavaThreads                  0.000 / 0.000         0.020 / 0.284         0.020 / 0.284         0.020 / 0.284       ms
[84.400s][info   ][gc,stats]    Young Subphase: Concurrent Roots OopStorageSet                0.000 / 0.000         0.024 / 0.142         0.024 / 0.142         0.024 / 0.142       ms
[84.400s][info   ][gc,stats]    Young Subphase: Concurrent Weak Roots OopStorageSet           0.000 / 0.000         0.096 / 0.201         0.096 / 0.201         0.096 / 0.201       ms
[84.400s][info   ][gc,stats] =========================================================================================================================================================
