
=== Instance 8/8, outer iteration 281/300 (Variant dyn_only) ===

Affinity: allowed=36,37,38,39,40,41,42,43,44,45,46,47 jvm=36,37,38,39,40,41,42,43,44,45 aux=46,47
Benchmark args: 50000000
Command: /gorilla/home/fredrha/SimplifyingWeakRefs/build/variant-images/dyn_only-linux-x86_64-server-release/jdk/bin/java -Xms64g -Xmx64g -XX:+UseZGC -Xlog:gc+stats,gc+ref -XX:InitialTenuringThreshold=1 -XX:MaxTenuringThreshold=1 -XX:ZCollectionIntervalMajor=0.5 -XX:+ZCollectionIntervalOnly -XX:NativeMemoryTracking=summary /gorilla/home/fredrha/SimplifyingWeakRefs/test/weakrefs/WeakRefMultiObjectBenchmark.java 50000000

[0.004s][warning][gc] ***** WARNING! INCORRECT SYSTEM CONFIGURATION DETECTED! *****
[0.004s][warning][gc] The system limit on number of memory mappings per process might be too low for the given
[0.004s][warning][gc] max Java heap size (65536M). Please adjust /proc/sys/vm/max_map_count to allow for at
[0.004s][warning][gc] least 117964 mappings (current limit is 65530). Continuing execution with the current
[0.004s][warning][gc] limit could lead to a premature OutOfMemoryError being thrown, due to failure to map memory.
[0.004s][info   ][gc,ref] Reference Processor created, Config: Dynamic array
[15.351s][info   ][gc,ref] GC(0) O:                       Encountered   Discovered     Enqueued 
[15.351s][info   ][gc,ref] GC(0) O: Soft References:                0            0            0 
[15.351s][info   ][gc,ref] GC(0) O: Weak References:                0            0            0 
[15.351s][info   ][gc,ref] GC(0) O: Final References:               0            0            0 
[15.351s][info   ][gc,ref] GC(0) O: Phantom References:             0            0            0 
[15.869s][info   ][gc,ref] GC(1) O:                       Encountered   Discovered     Enqueued 
[15.869s][info   ][gc,ref] GC(1) O: Soft References:              148            0            0 
[15.869s][info   ][gc,ref] GC(1) O: Weak References:              608            0            0 
[15.869s][info   ][gc,ref] GC(1) O: Final References:               0            0            0 
[15.869s][info   ][gc,ref] GC(1) O: Phantom References:             1            0            0 
[16.386s][info   ][gc,ref] GC(2) O:                       Encountered   Discovered     Enqueued 
[16.386s][info   ][gc,ref] GC(2) O: Soft References:              148            0            0 
[16.386s][info   ][gc,ref] GC(2) O: Weak References:              608            0            0 
[16.386s][info   ][gc,ref] GC(2) O: Final References:               0            0            0 
[16.386s][info   ][gc,ref] GC(2) O: Phantom References:             1            0            0 
[16.907s][info   ][gc,ref] GC(3) O:                       Encountered   Discovered     Enqueued 
[16.907s][info   ][gc,ref] GC(3) O: Soft References:              214            0            0 
[16.907s][info   ][gc,ref] GC(3) O: Weak References:             1328          386          129 
[16.907s][info   ][gc,ref] GC(3) O: Final References:               0            0            0 
[16.907s][info   ][gc,ref] GC(3) O: Phantom References:             1            0            0 
WeakRefMultiObjectBenchmark: objects=50000000 minSize=509 maxSize=1097 sleepMillis=3000
Phase 1: Allocating references and objects...
[17.452s][info   ][gc,ref] GC(4) O:                       Encountered   Discovered     Enqueued 
[17.452s][info   ][gc,ref] GC(4) O: Soft References:              239            0            0 
[17.452s][info   ][gc,ref] GC(4) O: Weak References:             1204          275            0 
[17.452s][info   ][gc,ref] GC(4) O: Final References:               0            0            0 
[17.452s][info   ][gc,ref] GC(4) O: Phantom References:             1            1            0 
[18.310s][info   ][gc,ref] GC(5) O:                       Encountered   Discovered     Enqueued 
[18.310s][info   ][gc,ref] GC(5) O: Soft References:              238            0            0 
[18.310s][info   ][gc,ref] GC(5) O: Weak References:             1204          267          170 
[18.310s][info   ][gc,ref] GC(5) O: Final References:               0            0            0 
[18.310s][info   ][gc,ref] GC(5) O: Phantom References:             1            1            0 
[18.959s][info   ][gc,ref] GC(6) O:                       Encountered   Discovered     Enqueued 
[18.959s][info   ][gc,ref] GC(6) O: Soft References:              238            0            0 
[18.959s][info   ][gc,ref] GC(6) O: Weak References:             1034          868           31 
[18.959s][info   ][gc,ref] GC(6) O: Final References:               0            0            0 
[18.959s][info   ][gc,ref] GC(6) O: Phantom References:             1            1            0 
[19.760s][info   ][gc,ref] GC(7) O:                       Encountered   Discovered     Enqueued 
[19.760s][info   ][gc,ref] GC(7) O: Soft References:              238            0            0 
[19.760s][info   ][gc,ref] GC(7) O: Weak References:           330250          450            0 
[19.760s][info   ][gc,ref] GC(7) O: Final References:               0            0            0 
[19.760s][info   ][gc,ref] GC(7) O: Phantom References:             1            1            0 
[21.191s][info   ][gc,ref] GC(8) O:                       Encountered   Discovered     Enqueued 
[21.191s][info   ][gc,ref] GC(8) O: Soft References:              238            0            0 
[21.191s][info   ][gc,ref] GC(8) O: Weak References:          1935551          136            0 
[21.191s][info   ][gc,ref] GC(8) O: Final References:               0            0            0 
[21.191s][info   ][gc,ref] GC(8) O: Phantom References:             1            1            0 
[23.975s][info   ][gc,ref] GC(9) O:                       Encountered   Discovered     Enqueued 
[23.975s][info   ][gc,ref] GC(9) O: Soft References:              238            0            0 
[23.975s][info   ][gc,ref] GC(9) O: Weak References:          4811069       138926            0 
[23.975s][info   ][gc,ref] GC(9) O: Final References:               0            0            0 
[23.975s][info   ][gc,ref] GC(9) O: Phantom References:             1            1            0 
[30.011s][info   ][gc,ref] GC(10) O:                       Encountered   Discovered     Enqueued 
[30.011s][info   ][gc,ref] GC(10) O: Soft References:              238            0            0 
[30.011s][info   ][gc,ref] GC(10) O: Weak References:         10356023       752804            0 
[30.011s][info   ][gc,ref] GC(10) O: Final References:               0            0            0 
[30.011s][info   ][gc,ref] GC(10) O: Phantom References:             1            1            0 
[42.601s][info   ][gc,ref] GC(11) O:                       Encountered   Discovered     Enqueued 
[42.601s][info   ][gc,ref] GC(11) O: Soft References:              238            0            0 
[42.601s][info   ][gc,ref] GC(11) O: Weak References:         22420400      1872982            0 
[42.601s][info   ][gc,ref] GC(11) O: Final References:               0            0            0 
[42.601s][info   ][gc,ref] GC(11) O: Phantom References:             1            1            0 
Allocated 50000000 objects in 27.16 seconds
Phase 2: Sleeping for 3000 ms...
Phase 3.1: Clearing strong references...
Cleared 10000001 strong references, 39999999 remaining
Waiting 3000 ms...
Phase 3.2: Clearing strong references...
Cleared 10000001 strong references, 29999998 remaining
Waiting 3000 ms...
Phase 3.3: Clearing strong references...
Cleared 10000001 strong references, 19999997 remaining
Waiting 3000 ms...
Phase 3.4: Clearing strong references...
Cleared 10000001 strong references, 9999996 remaining
Waiting 3000 ms...
Phase 3.5: Clearing strong references...
Cleared 9999996 strong references, 0 remaining
Waiting 3000 ms...
[65.394s][info   ][gc,ref] GC(12) O:                       Encountered   Discovered     Enqueued 
[65.394s][info   ][gc,ref] GC(12) O: Soft References:              238            0            0 
[65.394s][info   ][gc,ref] GC(12) O: Weak References:         47597792      6282752            0 
[65.394s][info   ][gc,ref] GC(12) O: Final References:               0            0            0 
[65.394s][info   ][gc,ref] GC(12) O: Phantom References:             1            1            0 
Waiting 6000 ms...
Phase 4: Final weak reference checks...
Final count of alive weak references: 50000000
[82.998s][info   ][gc,stats] === Garbage Collection Statistics =======================================================================================================================
[82.998s][info   ][gc,stats]                                                              Last 10s              Last 10m              Last 10h                Total
[82.998s][info   ][gc,stats]                                                              Avg / Max             Avg / Max             Avg / Max             Avg / Max
[82.998s][info   ][gc,stats]        Contention: Mark Segment Reset Contention                     0 / 0                 0 / 18                0 / 18                0 / 18          ops/s
[82.998s][info   ][gc,stats]        Contention: Mark SeqNum Reset Contention                      0 / 0                 0 / 4                 0 / 4                 0 / 4           ops/s
[82.998s][info   ][gc,stats]          Critical: Allocation Stall                                  0 / 0                 0 / 0                 0 / 0                 0 / 0           ops/s
[82.998s][info   ][gc,stats]          Critical: Allocation Stall                              0.000 / 0.000         0.000 / 0.000         0.000 / 0.000         0.000 / 0.000       ms
[82.998s][info   ][gc,stats]          Critical: JNI Critical Stall                                0 / 0                 0 / 0                 0 / 0                 0 / 0           ops/s
[82.998s][info   ][gc,stats]          Critical: JNI Critical Stall                            0.000 / 0.000         0.000 / 0.000         0.000 / 0.000         0.000 / 0.000       ms
[82.998s][info   ][gc,stats]          Critical: Relocation Stall                                  0 / 0                 0 / 0                 0 / 0                 0 / 0           ops/s
[82.998s][info   ][gc,stats]          Critical: Relocation Stall                              0.000 / 0.000         0.000 / 0.000         0.000 / 0.000         0.000 / 0.000       ms
[82.998s][info   ][gc,stats]  Major Collection: Major Collection                              0.000 / 0.000      3383.836 / 22286.138  3383.836 / 22286.138  3383.836 / 22286.138   ms
[82.998s][info   ][gc,stats]            Memory: Allocation Rate                                   0 / 0               677 / 1806            677 / 1806            677 / 1806        MB/s
[82.998s][info   ][gc,stats]            Memory: Defragment                                        0 / 0                 0 / 0                 0 / 0                 0 / 0           ops/s
[82.998s][info   ][gc,stats]            Memory: Mapped Cache Harvest                              0 / 0                 0 / 0                 0 / 0                 0 / 0           MB/s
[82.998s][info   ][gc,stats]            Memory: Out Of Memory                                     0 / 0                 0 / 0                 0 / 0                 0 / 0           ops/s
[82.998s][info   ][gc,stats]            Memory: Uncommit                                          0 / 0                 0 / 0                 0 / 0                 0 / 0           MB/s
[82.998s][info   ][gc,stats]            Memory: Undo Object Allocation Failed                     0 / 0                 0 / 0                 0 / 0                 0 / 0           ops/s
[82.998s][info   ][gc,stats]            Memory: Undo Object Allocation Succeeded                  0 / 0                 0 / 2                 0 / 2                 0 / 2           ops/s
[82.998s][info   ][gc,stats]            Memory: Undo Page Allocation                              0 / 0                 0 / 0                 0 / 0                 0 / 0           ops/s
[82.998s][info   ][gc,stats]  Minor Collection: Minor Collection                              0.000 / 0.000         0.000 / 0.000         0.000 / 0.000         0.000 / 0.000       ms
[82.998s][info   ][gc,stats]    Old Generation: Old Generation                                0.000 / 0.000      1045.250 / 6241.809   1045.250 / 6241.809   1045.250 / 6241.809    ms
[82.998s][info   ][gc,stats]         Old Pause: Pause Mark End                                0.000 / 0.000         0.010 / 0.015         0.010 / 0.015         0.010 / 0.015       ms
[82.998s][info   ][gc,stats]         Old Pause: Pause Relocate Start                          0.000 / 0.000         0.009 / 0.014         0.009 / 0.014         0.009 / 0.014       ms
[82.998s][info   ][gc,stats]         Old Phase: Concurrent Mark                               0.000 / 0.000       896.334 / 5477.599    896.334 / 5477.599    896.334 / 5477.599    ms
[82.998s][info   ][gc,stats]         Old Phase: Concurrent Mark Continue                      0.000 / 0.000         0.000 / 0.000         0.000 / 0.000         0.000 / 0.000       ms
[82.998s][info   ][gc,stats]         Old Phase: Concurrent Mark Free                          0.000 / 0.000         0.003 / 0.006         0.003 / 0.006         0.003 / 0.006       ms
[82.998s][info   ][gc,stats]         Old Phase: Concurrent Process Non-Strong                 0.000 / 0.000        59.850 / 422.775      59.850 / 422.775      59.850 / 422.775     ms
[82.998s][info   ][gc,stats]         Old Phase: Concurrent Relocate                           0.000 / 0.000         0.783 / 2.223         0.783 / 2.223         0.783 / 2.223       ms
[82.998s][info   ][gc,stats]         Old Phase: Concurrent Remap Roots                        0.000 / 0.000        87.545 / 363.756      87.545 / 363.756      87.545 / 363.756     ms
[82.998s][info   ][gc,stats]         Old Phase: Concurrent Reset Relocation Set               0.000 / 0.000         0.001 / 0.001         0.001 / 0.001         0.001 / 0.001       ms
[82.998s][info   ][gc,stats]         Old Phase: Concurrent Select Relocation Set              0.000 / 0.000         0.519 / 0.700         0.519 / 0.700         0.519 / 0.700       ms
[82.998s][info   ][gc,stats]      Old Subphase: Concurrent Classes Purge                      0.000 / 0.000         0.144 / 1.460         0.144 / 1.460         0.144 / 1.460       ms
[82.998s][info   ][gc,stats]      Old Subphase: Concurrent Classes Unlink                     0.000 / 0.000         0.974 / 1.361         0.974 / 1.361         0.974 / 1.361       ms
[82.998s][info   ][gc,stats]      Old Subphase: Concurrent Mark Follow                        0.000 / 0.000       896.262 / 5477.488    896.262 / 5477.488    896.262 / 5477.488    ms
[82.998s][info   ][gc,stats]      Old Subphase: Concurrent Mark Root Colored                  0.024 / 0.034         0.023 / 0.044         0.023 / 0.044         0.023 / 0.044       ms
[82.998s][info   ][gc,stats]      Old Subphase: Concurrent Mark Root Uncolored                0.028 / 0.034         0.024 / 0.053         0.024 / 0.053         0.024 / 0.053       ms
[82.998s][info   ][gc,stats]      Old Subphase: Concurrent Mark Roots                         0.092 / 0.092         0.072 / 0.107         0.072 / 0.107         0.072 / 0.107       ms
[82.998s][info   ][gc,stats]      Old Subphase: Concurrent References Enqueue                 0.000 / 0.000         0.001 / 0.005         0.001 / 0.005         0.001 / 0.005       ms
[82.998s][info   ][gc,stats]      Old Subphase: Concurrent References Process                 0.000 / 0.000        58.532 / 420.060      58.532 / 420.060      58.532 / 420.060     ms
[82.998s][info   ][gc,stats]      Old Subphase: Concurrent Remap Remembered                   0.000 / 0.000        59.457 / 363.383      59.457 / 363.383      59.457 / 363.383     ms
[82.998s][info   ][gc,stats]      Old Subphase: Concurrent Remap Roots Colored                0.000 / 0.000         0.140 / 0.301         0.140 / 0.301         0.140 / 0.301       ms
[82.998s][info   ][gc,stats]      Old Subphase: Concurrent Remap Roots Uncolored              0.000 / 0.000         0.141 / 0.239         0.141 / 0.239         0.141 / 0.239       ms
[82.998s][info   ][gc,stats]      Old Subphase: Concurrent Roots ClassLoaderDataGraph         0.018 / 0.023         0.080 / 0.281         0.080 / 0.281         0.080 / 0.281       ms
[82.998s][info   ][gc,stats]      Old Subphase: Concurrent Roots CodeCache                    0.000 / 0.000         0.139 / 0.237         0.139 / 0.237         0.139 / 0.237       ms
[82.998s][info   ][gc,stats]      Old Subphase: Concurrent Roots JavaThreads                  0.028 / 0.033         0.008 / 0.052         0.008 / 0.052         0.008 / 0.052       ms
[82.998s][info   ][gc,stats]      Old Subphase: Concurrent Roots OopStorageSet                0.009 / 0.009         0.003 / 0.014         0.003 / 0.014         0.003 / 0.014       ms
[82.998s][info   ][gc,stats]      Old Subphase: Concurrent Weak Roots OopStorageSet           0.000 / 0.000         0.046 / 0.129         0.046 / 0.129         0.046 / 0.129       ms
[82.998s][info   ][gc,stats]            System: Java Threads                                     11 / 11               11 / 13               11 / 13               11 / 13          threads
[82.998s][info   ][gc,stats]  Young Generation: Young Generation                           9649.119 / 9649.119   2860.671 / 16044.177  2860.671 / 16044.177  2860.671 / 16044.177   ms
[82.998s][info   ][gc,stats]  Young Generation: Young Generation                              0.000 / 0.000         0.000 / 0.000         0.000 / 0.000         0.000 / 0.000       ms
[82.998s][info   ][gc,stats]  Young Generation: Young Generation (Collect Roots)              0.000 / 0.000         0.000 / 0.000         0.000 / 0.000         0.000 / 0.000       ms
[82.998s][info   ][gc,stats]  Young Generation: Young Generation (Promote All)                0.000 / 0.000         0.000 / 0.000         0.000 / 0.000         0.000 / 0.000       ms
[82.998s][info   ][gc,stats]       Young Pause: Pause Mark End                                0.014 / 0.014         0.010 / 0.014         0.010 / 0.014         0.010 / 0.014       ms
[82.998s][info   ][gc,stats]       Young Pause: Pause Mark Start                              0.000 / 0.000         0.000 / 0.000         0.000 / 0.000         0.000 / 0.000       ms
[82.998s][info   ][gc,stats]       Young Pause: Pause Mark Start (Major)                      0.000 / 0.000         0.021 / 0.035         0.021 / 0.035         0.021 / 0.035       ms
[82.998s][info   ][gc,stats]       Young Pause: Pause Relocate Start                          0.014 / 0.014         0.008 / 0.015         0.008 / 0.015         0.008 / 0.015       ms
[82.998s][info   ][gc,stats]       Young Phase: Concurrent Mark                            6803.838 / 6803.838   2445.563 / 14636.135  2445.563 / 14636.135  2445.563 / 14636.135   ms
[82.998s][info   ][gc,stats]       Young Phase: Concurrent Mark Continue                      0.000 / 0.000         0.000 / 0.000         0.000 / 0.000         0.000 / 0.000       ms
[82.998s][info   ][gc,stats]       Young Phase: Concurrent Mark Free                          0.006 / 0.006         0.004 / 0.008         0.004 / 0.008         0.004 / 0.008       ms
[82.998s][info   ][gc,stats]       Young Phase: Concurrent Relocate                        1515.051 / 1515.051    222.058 / 1515.051    222.058 / 1515.051    222.058 / 1515.051    ms
[82.998s][info   ][gc,stats]       Young Phase: Concurrent Reset Relocation Set               1.676 / 1.676         0.227 / 1.676         0.227 / 1.676         0.227 / 1.676       ms
[82.998s][info   ][gc,stats]       Young Phase: Concurrent Select Relocation Set           1328.299 / 1328.299    192.458 / 1328.299    192.458 / 1328.299    192.458 / 1328.299    ms
[82.998s][info   ][gc,stats]    Young Subphase: Concurrent Mark Follow                     6803.449 / 6803.449   2444.880 / 14635.509  2444.880 / 14635.509  2444.880 / 14635.509   ms
[82.998s][info   ][gc,stats]    Young Subphase: Concurrent Mark Root Colored                  0.000 / 0.000         0.374 / 0.903         0.374 / 0.903         0.374 / 0.903       ms
[82.998s][info   ][gc,stats]    Young Subphase: Concurrent Mark Root Uncolored                0.000 / 0.000         0.241 / 0.548         0.241 / 0.548         0.241 / 0.548       ms
[82.998s][info   ][gc,stats]    Young Subphase: Concurrent Mark Roots                         0.000 / 0.000         0.681 / 1.228         0.681 / 1.228         0.681 / 1.228       ms
[82.998s][info   ][gc,stats]    Young Subphase: Concurrent Relocate Remset FP              1515.012 / 1515.012    221.239 / 1515.012    221.239 / 1515.012    221.239 / 1515.012    ms
[82.998s][info   ][gc,stats]    Young Subphase: Concurrent Roots ClassLoaderDataGraph         0.000 / 0.000         0.292 / 0.636         0.292 / 0.636         0.292 / 0.636       ms
[82.998s][info   ][gc,stats]    Young Subphase: Concurrent Roots CodeCache                    0.000 / 0.000         0.222 / 0.288         0.222 / 0.288         0.222 / 0.288       ms
[82.998s][info   ][gc,stats]    Young Subphase: Concurrent Roots JavaThreads                  0.002 / 0.003         0.023 / 0.548         0.023 / 0.548         0.023 / 0.548       ms
[82.998s][info   ][gc,stats]    Young Subphase: Concurrent Roots OopStorageSet                0.000 / 0.000         0.017 / 0.080         0.017 / 0.080         0.017 / 0.080       ms
[82.998s][info   ][gc,stats]    Young Subphase: Concurrent Weak Roots OopStorageSet           0.000 / 0.000         0.090 / 0.257         0.090 / 0.257         0.090 / 0.257       ms
[82.998s][info   ][gc,stats] =========================================================================================================================================================
