
=== Instance 6/8, outer iteration 202/300 (Variant sep_dyn) ===

Affinity: allowed=12,13,14,15,16,17,18,19,20,21,22,23 jvm=12,13,14,15,16,17,18,19,20,21 aux=22,23
Benchmark args: 50000000
Command: /gorilla/home/fredrha/SimplifyingWeakRefs/build/variant-images/sep_dyn-linux-x86_64-server-release/jdk/bin/java -Xms64g -Xmx64g -XX:+UseZGC -Xlog:gc+stats,gc+ref -XX:InitialTenuringThreshold=1 -XX:MaxTenuringThreshold=1 -XX:ZCollectionIntervalMajor=0.5 -XX:+ZCollectionIntervalOnly -XX:NativeMemoryTracking=summary /gorilla/home/fredrha/SimplifyingWeakRefs/test/weakrefs/WeakRefMultiObjectBenchmark.java 50000000

[0.004s][warning][gc] ***** WARNING! INCORRECT SYSTEM CONFIGURATION DETECTED! *****
[0.004s][warning][gc] The system limit on number of memory mappings per process might be too low for the given
[0.004s][warning][gc] max Java heap size (65536M). Please adjust /proc/sys/vm/max_map_count to allow for at
[0.004s][warning][gc] least 117964 mappings (current limit is 65530). Continuing execution with the current
[0.004s][warning][gc] limit could lead to a premature OutOfMemoryError being thrown, due to failure to map memory.
[0.004s][info   ][gc,ref] Reference Processor created, Config: Separate lists, dynamic array
[15.855s][info   ][gc,ref] GC(0) O:                           Encountered       Discovered Cleared/Enqueued 
[15.855s][info   ][gc,ref] GC(0) O: Soft References:                    0                0                0 
[15.855s][info   ][gc,ref] GC(0) O: Weak References:                    1                0                0 
[15.855s][info   ][gc,ref] GC(0) O: Weak (No Queue):                    0                0                0 
[15.855s][info   ][gc,ref] GC(0) O: Final References:                   0                0                0 
[15.855s][info   ][gc,ref] GC(0) O: Phantom References:                 0                0                0 
[16.371s][info   ][gc,ref] GC(1) O:                           Encountered       Discovered Cleared/Enqueued 
[16.371s][info   ][gc,ref] GC(1) O: Soft References:                  148                0                0 
[16.371s][info   ][gc,ref] GC(1) O: Weak References:                  605                0                0 
[16.371s][info   ][gc,ref] GC(1) O: Weak (No Queue):                    3                0                0 
[16.371s][info   ][gc,ref] GC(1) O: Final References:                   0                0                0 
[16.371s][info   ][gc,ref] GC(1) O: Phantom References:                 1                0                0 
[16.886s][info   ][gc,ref] GC(2) O:                           Encountered       Discovered Cleared/Enqueued 
[16.886s][info   ][gc,ref] GC(2) O: Soft References:                  148                0                0 
[16.886s][info   ][gc,ref] GC(2) O: Weak References:                  605                0                0 
[16.886s][info   ][gc,ref] GC(2) O: Weak (No Queue):                    3                0                0 
[16.886s][info   ][gc,ref] GC(2) O: Final References:                   0                0                0 
[16.886s][info   ][gc,ref] GC(2) O: Phantom References:                 1                0                0 
WeakRefMultiObjectBenchmark: objects=50000000 minSize=509 maxSize=1097 sleepMillis=3000
[17.407s][info   ][gc,ref] GC(3) O:                           Encountered       Discovered Cleared/Enqueued 
[17.407s][info   ][gc,ref] GC(3) O: Soft References:                  238                0                0 
[17.407s][info   ][gc,ref] GC(3) O: Weak References:                 1330              413              129 
[17.407s][info   ][gc,ref] GC(3) O: Weak (No Queue):                    3                1                0 
[17.408s][info   ][gc,ref] GC(3) O: Final References:                   0                0                0 
[17.408s][info   ][gc,ref] GC(3) O: Phantom References:                 1                0                0 
Phase 1: Allocating references and objects...
[18.263s][info   ][gc,ref] GC(4) O:                           Encountered       Discovered Cleared/Enqueued 
[18.263s][info   ][gc,ref] GC(4) O: Soft References:                  239                0                0 
[18.263s][info   ][gc,ref] GC(4) O: Weak References:                 1201              327                0 
[18.263s][info   ][gc,ref] GC(4) O: Weak (No Queue):                    3                3                0 
[18.263s][info   ][gc,ref] GC(4) O: Final References:                   0                0                0 
[18.263s][info   ][gc,ref] GC(4) O: Phantom References:                 1                1                0 
[19.271s][info   ][gc,ref] GC(5) O:                           Encountered       Discovered Cleared/Enqueued 
[19.271s][info   ][gc,ref] GC(5) O: Soft References:                  238                0                0 
[19.271s][info   ][gc,ref] GC(5) O: Weak References:                 1201              412              201 
[19.271s][info   ][gc,ref] GC(5) O: Weak (No Queue):                    3                0                0 
[19.271s][info   ][gc,ref] GC(5) O: Final References:                   0                0                0 
[19.271s][info   ][gc,ref] GC(5) O: Phantom References:                 1                1                0 
[20.088s][info   ][gc,ref] GC(6) O:                           Encountered       Discovered Cleared/Enqueued 
[20.088s][info   ][gc,ref] GC(6) O: Soft References:                  238                0                0 
[20.088s][info   ][gc,ref] GC(6) O: Weak References:                 1000              740                0 
[20.088s][info   ][gc,ref] GC(6) O: Weak (No Queue):               373874                0                0 
[20.088s][info   ][gc,ref] GC(6) O: Final References:                   0                0                0 
[20.088s][info   ][gc,ref] GC(6) O: Phantom References:                 1                1                0 
[21.536s][info   ][gc,ref] GC(7) O:                           Encountered       Discovered Cleared/Enqueued 
[21.536s][info   ][gc,ref] GC(7) O: Soft References:                  238                0                0 
[21.536s][info   ][gc,ref] GC(7) O: Weak References:                 1000              644                0 
[21.536s][info   ][gc,ref] GC(7) O: Weak (No Queue):              2007839                3                0 
[21.536s][info   ][gc,ref] GC(7) O: Final References:                   0                0                0 
[21.536s][info   ][gc,ref] GC(7) O: Phantom References:                 1                1                0 
[24.302s][info   ][gc,ref] GC(8) O:                           Encountered       Discovered Cleared/Enqueued 
[24.302s][info   ][gc,ref] GC(8) O: Soft References:                  238                0                0 
[24.302s][info   ][gc,ref] GC(8) O: Weak References:                 1000              560                0 
[24.302s][info   ][gc,ref] GC(8) O: Weak (No Queue):              4860765           199108                0 
[24.302s][info   ][gc,ref] GC(8) O: Final References:                   0                0                0 
[24.302s][info   ][gc,ref] GC(8) O: Phantom References:                 1                1                0 
[29.774s][info   ][gc,ref] GC(9) O:                           Encountered       Discovered Cleared/Enqueued 
[29.774s][info   ][gc,ref] GC(9) O: Soft References:                  238                0                0 
[29.774s][info   ][gc,ref] GC(9) O: Weak References:                 1000              693                0 
[29.774s][info   ][gc,ref] GC(9) O: Weak (No Queue):             10284057           748199                0 
[29.774s][info   ][gc,ref] GC(9) O: Final References:                   0                0                0 
[29.774s][info   ][gc,ref] GC(9) O: Phantom References:                 1                1                0 
[40.838s][info   ][gc,ref] GC(10) O:                           Encountered       Discovered Cleared/Enqueued 
[40.838s][info   ][gc,ref] GC(10) O: Soft References:                  238                0                0 
[40.838s][info   ][gc,ref] GC(10) O: Weak References:                 1000              756                0 
[40.838s][info   ][gc,ref] GC(10) O: Weak (No Queue):             21131998          1780073                0 
[40.838s][info   ][gc,ref] GC(10) O: Final References:                   0                0                0 
[40.838s][info   ][gc,ref] GC(10) O: Phantom References:                 1                1                0 
Allocated 50000000 objects in 27.75 seconds
Phase 2: Sleeping for 3000 ms...
Phase 3.1: Clearing strong references...
Cleared 10000001 strong references, 39999999 remaining
Waiting 3000 ms...
Phase 3.2: Clearing strong references...
Cleared 10000001 strong references, 29999998 remaining
Waiting 3000 ms...
Phase 3.3: Clearing strong references...
Cleared 10000001 strong references, 19999997 remaining
Waiting 3000 ms...
Phase 3.4: Clearing strong references...
[61.787s][info   ][gc,ref] GC(11) O:                           Encountered       Discovered Cleared/Enqueued 
[61.787s][info   ][gc,ref] GC(11) O: Soft References:                  238                0                0 
[61.787s][info   ][gc,ref] GC(11) O: Weak References:                 1000              262                0 
[61.787s][info   ][gc,ref] GC(11) O: Weak (No Queue):             42555840          4111370                0 
[61.787s][info   ][gc,ref] GC(11) O: Final References:                   0                0                0 
[61.787s][info   ][gc,ref] GC(11) O: Phantom References:                 1                1                0 
Cleared 10000001 strong references, 9999996 remaining
Waiting 3000 ms...
Phase 3.5: Clearing strong references...
Cleared 9999996 strong references, 0 remaining
Waiting 3000 ms...
Waiting 6000 ms...
Phase 4: Final weak reference checks...
Final count of alive weak references: 50000000
[84.187s][info   ][gc,stats] === Garbage Collection Statistics =======================================================================================================================
[84.187s][info   ][gc,stats]                                                              Last 10s              Last 10m              Last 10h                Total
[84.187s][info   ][gc,stats]                                                              Avg / Max             Avg / Max             Avg / Max             Avg / Max
[84.187s][info   ][gc,stats]        Contention: Mark Segment Reset Contention                     0 / 0                 0 / 34                0 / 34                0 / 34          ops/s
[84.187s][info   ][gc,stats]        Contention: Mark SeqNum Reset Contention                      0 / 0                 0 / 6                 0 / 6                 0 / 6           ops/s
[84.187s][info   ][gc,stats]          Critical: Allocation Stall                                  0 / 0                 0 / 0                 0 / 0                 0 / 0           ops/s
[84.187s][info   ][gc,stats]          Critical: Allocation Stall                              0.000 / 0.000         0.000 / 0.000         0.000 / 0.000         0.000 / 0.000       ms
[84.187s][info   ][gc,stats]          Critical: JNI Critical Stall                                0 / 0                 0 / 0                 0 / 0                 0 / 0           ops/s
[84.187s][info   ][gc,stats]          Critical: JNI Critical Stall                            0.000 / 0.000         0.000 / 0.000         0.000 / 0.000         0.000 / 0.000       ms
[84.187s][info   ][gc,stats]          Critical: Relocation Stall                                  0 / 0                 0 / 0                 0 / 0                 0 / 0           ops/s
[84.187s][info   ][gc,stats]          Critical: Relocation Stall                              0.000 / 0.000         0.000 / 0.000         0.000 / 0.000         0.000 / 0.000       ms
[84.187s][info   ][gc,stats]  Major Collection: Major Collection                              0.000 / 0.000      3363.629 / 20442.297  3363.629 / 20442.297  3363.629 / 20442.297   ms
[84.187s][info   ][gc,stats]            Memory: Allocation Rate                                   0 / 0               667 / 1772            667 / 1772            667 / 1772        MB/s
[84.187s][info   ][gc,stats]            Memory: Defragment                                        0 / 0                 0 / 0                 0 / 0                 0 / 0           ops/s
[84.187s][info   ][gc,stats]            Memory: Mapped Cache Harvest                              0 / 0                 0 / 0                 0 / 0                 0 / 0           MB/s
[84.187s][info   ][gc,stats]            Memory: Out Of Memory                                     0 / 0                 0 / 0                 0 / 0                 0 / 0           ops/s
[84.187s][info   ][gc,stats]            Memory: Uncommit                                          0 / 0                 0 / 0                 0 / 0                 0 / 0           MB/s
[84.187s][info   ][gc,stats]            Memory: Undo Object Allocation Failed                     0 / 0                 0 / 0                 0 / 0                 0 / 0           ops/s
[84.187s][info   ][gc,stats]            Memory: Undo Object Allocation Succeeded                  0 / 0                 0 / 1                 0 / 1                 0 / 1           ops/s
[84.187s][info   ][gc,stats]            Memory: Undo Page Allocation                              0 / 0                 0 / 0                 0 / 0                 0 / 0           ops/s
[84.187s][info   ][gc,stats]  Minor Collection: Minor Collection                              0.000 / 0.000         0.000 / 0.000         0.000 / 0.000         0.000 / 0.000       ms
[84.187s][info   ][gc,stats]    Old Generation: Old Generation                                0.000 / 0.000      1092.259 / 6277.214   1092.259 / 6277.214   1092.259 / 6277.214    ms
[84.187s][info   ][gc,stats]         Old Pause: Pause Mark End                                0.016 / 0.016         0.011 / 0.016         0.011 / 0.016         0.011 / 0.016       ms
[84.187s][info   ][gc,stats]         Old Pause: Pause Relocate Start                          0.000 / 0.000         0.009 / 0.016         0.009 / 0.016         0.009 / 0.016       ms
[84.187s][info   ][gc,stats]         Old Phase: Concurrent Mark                           10123.361 / 10123.361  1653.793 / 10123.361  1653.793 / 10123.361  1653.793 / 10123.361   ms
[84.187s][info   ][gc,stats]         Old Phase: Concurrent Mark Continue                      0.000 / 0.000         0.000 / 0.000         0.000 / 0.000         0.000 / 0.000       ms
[84.187s][info   ][gc,stats]         Old Phase: Concurrent Mark Free                          0.003 / 0.003         0.003 / 0.004         0.003 / 0.004         0.003 / 0.004       ms
[84.187s][info   ][gc,stats]         Old Phase: Concurrent Process Non-Strong                 0.000 / 0.000        50.503 / 285.715      50.503 / 285.715      50.503 / 285.715     ms
[84.187s][info   ][gc,stats]         Old Phase: Concurrent Relocate                           0.000 / 0.000         1.311 / 2.785         1.311 / 2.785         1.311 / 2.785       ms
[84.187s][info   ][gc,stats]         Old Phase: Concurrent Remap Roots                        0.000 / 0.000        91.709 / 360.076      91.709 / 360.076      91.709 / 360.076     ms
[84.187s][info   ][gc,stats]         Old Phase: Concurrent Reset Relocation Set               0.000 / 0.000         0.001 / 0.001         0.001 / 0.001         0.001 / 0.001       ms
[84.187s][info   ][gc,stats]         Old Phase: Concurrent Select Relocation Set              0.000 / 0.000         0.522 / 0.741         0.522 / 0.741         0.522 / 0.741       ms
[84.187s][info   ][gc,stats]      Old Subphase: Concurrent Classes Purge                      0.000 / 0.000         0.155 / 1.481         0.155 / 1.481         0.155 / 1.481       ms
[84.187s][info   ][gc,stats]      Old Subphase: Concurrent Classes Unlink                     0.000 / 0.000         0.933 / 1.563         0.933 / 1.563         0.933 / 1.563       ms
[84.187s][info   ][gc,stats]      Old Subphase: Concurrent Mark Follow                    10123.203 / 10123.203  1653.707 / 10123.203  1653.707 / 10123.203  1653.707 / 10123.203   ms
[84.187s][info   ][gc,stats]      Old Subphase: Concurrent Mark Root Colored                  0.000 / 0.000         0.022 / 0.037         0.022 / 0.037         0.022 / 0.037       ms
[84.187s][info   ][gc,stats]      Old Subphase: Concurrent Mark Root Uncolored                0.000 / 0.000         0.029 / 0.075         0.029 / 0.075         0.029 / 0.075       ms
[84.187s][info   ][gc,stats]      Old Subphase: Concurrent Mark Roots                         0.000 / 0.000         0.084 / 0.155         0.084 / 0.155         0.084 / 0.155       ms
[84.187s][info   ][gc,stats]      Old Subphase: Concurrent References Enqueue                 0.000 / 0.000         0.001 / 0.005         0.001 / 0.005         0.001 / 0.005       ms
[84.187s][info   ][gc,stats]      Old Subphase: Concurrent References Process                 0.000 / 0.000        49.225 / 282.989      49.225 / 282.989      49.225 / 282.989     ms
[84.187s][info   ][gc,stats]      Old Subphase: Concurrent Remap Remembered                   0.000 / 0.000        64.888 / 359.734      64.888 / 359.734      64.888 / 359.734     ms
[84.187s][info   ][gc,stats]      Old Subphase: Concurrent Remap Roots Colored                0.000 / 0.000         0.160 / 0.268         0.160 / 0.268         0.160 / 0.268       ms
[84.187s][info   ][gc,stats]      Old Subphase: Concurrent Remap Roots Uncolored              0.000 / 0.000         0.109 / 0.177         0.109 / 0.177         0.109 / 0.177       ms
[84.187s][info   ][gc,stats]      Old Subphase: Concurrent Roots ClassLoaderDataGraph         0.000 / 0.000         0.095 / 0.259         0.095 / 0.259         0.095 / 0.259       ms
[84.187s][info   ][gc,stats]      Old Subphase: Concurrent Roots CodeCache                    0.000 / 0.000         0.107 / 0.174         0.107 / 0.174         0.107 / 0.174       ms
[84.187s][info   ][gc,stats]      Old Subphase: Concurrent Roots JavaThreads                  0.000 / 0.000         0.010 / 0.074         0.010 / 0.074         0.010 / 0.074       ms
[84.187s][info   ][gc,stats]      Old Subphase: Concurrent Roots OopStorageSet                0.000 / 0.000         0.003 / 0.009         0.003 / 0.009         0.003 / 0.009       ms
[84.187s][info   ][gc,stats]      Old Subphase: Concurrent Weak Roots OopStorageSet           0.000 / 0.000         0.046 / 0.212         0.046 / 0.212         0.046 / 0.212       ms
[84.187s][info   ][gc,stats]            System: Java Threads                                     11 / 11               11 / 13               11 / 13               11 / 13          threads
[84.187s][info   ][gc,stats]  Young Generation: Young Generation                              0.000 / 0.000      2941.949 / 14164.937  2941.949 / 14164.937  2941.949 / 14164.937   ms
[84.187s][info   ][gc,stats]  Young Generation: Young Generation                              0.000 / 0.000         0.000 / 0.000         0.000 / 0.000         0.000 / 0.000       ms
[84.187s][info   ][gc,stats]  Young Generation: Young Generation (Collect Roots)              0.000 / 0.000         0.000 / 0.000         0.000 / 0.000         0.000 / 0.000       ms
[84.187s][info   ][gc,stats]  Young Generation: Young Generation (Promote All)                0.000 / 0.000         0.000 / 0.000         0.000 / 0.000         0.000 / 0.000       ms
[84.187s][info   ][gc,stats]       Young Pause: Pause Mark End                                0.000 / 0.000         0.011 / 0.014         0.011 / 0.014         0.011 / 0.014       ms
[84.187s][info   ][gc,stats]       Young Pause: Pause Mark Start                              0.000 / 0.000         0.000 / 0.000         0.000 / 0.000         0.000 / 0.000       ms
[84.187s][info   ][gc,stats]       Young Pause: Pause Mark Start (Major)                      0.000 / 0.000         0.028 / 0.038         0.028 / 0.038         0.028 / 0.038       ms
[84.187s][info   ][gc,stats]       Young Pause: Pause Relocate Start                          0.000 / 0.000         0.009 / 0.019         0.009 / 0.019         0.009 / 0.019       ms
[84.187s][info   ][gc,stats]       Young Phase: Concurrent Mark                               0.000 / 0.000      2508.690 / 12892.975  2508.690 / 12892.975  2508.690 / 12892.975   ms
[84.187s][info   ][gc,stats]       Young Phase: Concurrent Mark Continue                      0.000 / 0.000         0.000 / 0.000         0.000 / 0.000         0.000 / 0.000       ms
[84.187s][info   ][gc,stats]       Young Phase: Concurrent Mark Free                          0.000 / 0.000         0.003 / 0.006         0.003 / 0.006         0.003 / 0.006       ms
[84.187s][info   ][gc,stats]       Young Phase: Concurrent Relocate                           0.000 / 0.000       228.777 / 1319.429    228.777 / 1319.429    228.777 / 1319.429    ms
[84.187s][info   ][gc,stats]       Young Phase: Concurrent Reset Relocation Set               0.000 / 0.000         0.594 / 5.832         0.594 / 5.832         0.594 / 5.832       ms
[84.187s][info   ][gc,stats]       Young Phase: Concurrent Select Relocation Set              0.000 / 0.000       203.495 / 1195.733    203.495 / 1195.733    203.495 / 1195.733    ms
[84.187s][info   ][gc,stats]    Young Subphase: Concurrent Mark Follow                        0.000 / 0.000      2507.992 / 12892.285  2507.992 / 12892.285  2507.992 / 12892.285   ms
[84.187s][info   ][gc,stats]    Young Subphase: Concurrent Mark Root Colored                  0.000 / 0.000         0.404 / 0.628         0.404 / 0.628         0.404 / 0.628       ms
[84.187s][info   ][gc,stats]    Young Subphase: Concurrent Mark Root Uncolored                0.000 / 0.000         0.240 / 0.434         0.240 / 0.434         0.240 / 0.434       ms
[84.187s][info   ][gc,stats]    Young Subphase: Concurrent Mark Roots                         0.000 / 0.000         0.696 / 0.953         0.696 / 0.953         0.696 / 0.953       ms
[84.187s][info   ][gc,stats]    Young Subphase: Concurrent Relocate Remset FP                 0.000 / 0.000       228.057 / 1318.782    228.057 / 1318.782    228.057 / 1318.782    ms
[84.187s][info   ][gc,stats]    Young Subphase: Concurrent Roots ClassLoaderDataGraph         0.000 / 0.000         0.287 / 0.429         0.287 / 0.429         0.287 / 0.429       ms
[84.187s][info   ][gc,stats]    Young Subphase: Concurrent Roots CodeCache                    0.000 / 0.000         0.223 / 0.385         0.223 / 0.385         0.223 / 0.385       ms
[84.187s][info   ][gc,stats]    Young Subphase: Concurrent Roots JavaThreads                  0.000 / 0.000         0.018 / 0.286         0.018 / 0.286         0.018 / 0.286       ms
[84.187s][info   ][gc,stats]    Young Subphase: Concurrent Roots OopStorageSet                0.000 / 0.000         0.015 / 0.087         0.015 / 0.087         0.015 / 0.087       ms
[84.187s][info   ][gc,stats]    Young Subphase: Concurrent Weak Roots OopStorageSet           0.000 / 0.000         0.105 / 0.200         0.105 / 0.200         0.105 / 0.200       ms
[84.187s][info   ][gc,stats] =========================================================================================================================================================
