
=== Instance 5/8, outer iteration 178/300 (Variant weak_fields) ===

Affinity: allowed=0,1,2,3,4,5,6,7,8,9,10,11 jvm=0,1,2,3,4,5,6,7,8,9 aux=10,11
Benchmark args: 50000000
Command: /gorilla/home/fredrha/SimplifyingWeakRefs/build/variant-images/weak_fields-linux-x86_64-server-release/jdk/bin/java -Xms64g -Xmx64g -XX:+UseZGC -Xlog:gc+stats,gc+ref -XX:InitialTenuringThreshold=1 -XX:MaxTenuringThreshold=1 -XX:ZCollectionIntervalMajor=0.5 -XX:+ZCollectionIntervalOnly -XX:NativeMemoryTracking=summary /gorilla/home/fredrha/SimplifyingWeakRefs/test/weakrefs/WeakFieldMultiObjectBenchmark.java 50000000

[0.004s][warning][gc] ***** WARNING! INCORRECT SYSTEM CONFIGURATION DETECTED! *****
[0.004s][warning][gc] The system limit on number of memory mappings per process might be too low for the given
[0.004s][warning][gc] max Java heap size (65536M). Please adjust /proc/sys/vm/max_map_count to allow for at
[0.004s][warning][gc] least 117964 mappings (current limit is 65530). Continuing execution with the current
[0.004s][warning][gc] limit could lead to a premature OutOfMemoryError being thrown, due to failure to map memory.
[0.004s][info   ][gc,ref] Reference Processor created, Config: Weak field discovery
[15.169s][info   ][gc,ref] GC(0) O:                       Encountered   Discovered      Cleared 
[15.169s][info   ][gc,ref] GC(0) O: Soft References:                0            0            0 
[15.169s][info   ][gc,ref] GC(0) O: Weak References:                0            0            0 
[15.169s][info   ][gc,ref] GC(0) O: Weak Fields:                    0            0            0 
[15.169s][info   ][gc,ref] GC(0) O: Final References:               0            0            0 
[15.169s][info   ][gc,ref] GC(0) O: Phantom References:             0            0            0 
[15.689s][info   ][gc,ref] GC(1) O:                       Encountered   Discovered      Cleared 
[15.689s][info   ][gc,ref] GC(1) O: Soft References:              148            0            0 
[15.689s][info   ][gc,ref] GC(1) O: Weak References:              608            0            0 
[15.689s][info   ][gc,ref] GC(1) O: Weak Fields:                    0            0            0 
[15.689s][info   ][gc,ref] GC(1) O: Final References:               0            0            0 
[15.689s][info   ][gc,ref] GC(1) O: Phantom References:             1            0            0 
[16.204s][info   ][gc,ref] GC(2) O:                       Encountered   Discovered      Cleared 
[16.204s][info   ][gc,ref] GC(2) O: Soft References:              148            0            0 
[16.204s][info   ][gc,ref] GC(2) O: Weak References:              608            0            0 
[16.204s][info   ][gc,ref] GC(2) O: Weak Fields:                    0            0            0 
[16.204s][info   ][gc,ref] GC(2) O: Final References:               0            0            0 
[16.204s][info   ][gc,ref] GC(2) O: Phantom References:             1            0            0 
WeakFieldMultiObjectBenchmark: objects=50000000 minSize=509 maxSize=1097 sleepMillis=3000
[16.736s][info   ][gc,ref] GC(3) O:                       Encountered   Discovered      Cleared 
[16.736s][info   ][gc,ref] GC(3) O: Soft References:              238            0            0 
[16.736s][info   ][gc,ref] GC(3) O: Weak References:             1339          454          129 
[16.736s][info   ][gc,ref] GC(3) O: Weak Fields:                    0            0            0 
[16.736s][info   ][gc,ref] GC(3) O: Final References:               0            0            0 
[16.736s][info   ][gc,ref] GC(3) O: Phantom References:             1            1            0 
Phase 1: Allocating references and objects...
[17.571s][info   ][gc,ref] GC(4) O:                       Encountered   Discovered      Cleared 
[17.571s][info   ][gc,ref] GC(4) O: Soft References:              239            0            0 
[17.571s][info   ][gc,ref] GC(4) O: Weak References:             1210          365            0 
[17.571s][info   ][gc,ref] GC(4) O: Weak Fields:                    0            0            0 
[17.571s][info   ][gc,ref] GC(4) O: Final References:               0            0            0 
[17.571s][info   ][gc,ref] GC(4) O: Phantom References:             1            1            0 
[18.501s][info   ][gc,ref] GC(5) O:                       Encountered   Discovered      Cleared 
[18.501s][info   ][gc,ref] GC(5) O: Soft References:              238            0            0 
[18.501s][info   ][gc,ref] GC(5) O: Weak References:             1210          588          203 
[18.501s][info   ][gc,ref] GC(5) O: Weak Fields:                    0            0            0 
[18.501s][info   ][gc,ref] GC(5) O: Final References:               0            0            0 
[18.501s][info   ][gc,ref] GC(5) O: Phantom References:             1            1            0 
[19.175s][info   ][gc,ref] GC(6) O:                       Encountered   Discovered      Cleared 
[19.175s][info   ][gc,ref] GC(6) O: Soft References:              238            0            0 
[19.175s][info   ][gc,ref] GC(6) O: Weak References:             1007            7            0 
[19.175s][info   ][gc,ref] GC(6) O: Weak Fields:                    0            0            0 
[19.175s][info   ][gc,ref] GC(6) O: Final References:               0            0            0 
[19.175s][info   ][gc,ref] GC(6) O: Phantom References:             1            1            0 
[20.261s][info   ][gc,ref] GC(7) O:                       Encountered   Discovered      Cleared 
[20.261s][info   ][gc,ref] GC(7) O: Soft References:              238            0            0 
[20.261s][info   ][gc,ref] GC(7) O: Weak References:             1007            0            0 
[20.261s][info   ][gc,ref] GC(7) O: Weak Fields:              1225963            0            0 
[20.261s][info   ][gc,ref] GC(7) O: Final References:               0            0            0 
[20.261s][info   ][gc,ref] GC(7) O: Phantom References:             1            1            0 
[22.204s][info   ][gc,ref] GC(8) O:                       Encountered   Discovered      Cleared 
[22.204s][info   ][gc,ref] GC(8) O: Soft References:              238            0            0 
[22.204s][info   ][gc,ref] GC(8) O: Weak References:             1007          401            0 
[22.204s][info   ][gc,ref] GC(8) O: Weak Fields:              3531841            0            0 
[22.204s][info   ][gc,ref] GC(8) O: Final References:               0            0            0 
[22.204s][info   ][gc,ref] GC(8) O: Phantom References:             1            1            0 
[26.172s][info   ][gc,ref] GC(9) O:                       Encountered   Discovered      Cleared 
[26.172s][info   ][gc,ref] GC(9) O: Soft References:              238            0            0 
[26.172s][info   ][gc,ref] GC(9) O: Weak References:             1007          663            0 
[26.172s][info   ][gc,ref] GC(9) O: Weak Fields:              7589284      1225963            0 
[26.172s][info   ][gc,ref] GC(9) O: Final References:               0            0            0 
[26.172s][info   ][gc,ref] GC(9) O: Phantom References:             1            1            0 
[34.009s][info   ][gc,ref] GC(10) O:                       Encountered   Discovered      Cleared 
[34.009s][info   ][gc,ref] GC(10) O: Soft References:              238            0            0 
[34.009s][info   ][gc,ref] GC(10) O: Weak References:             1007          579            0 
[34.009s][info   ][gc,ref] GC(10) O: Weak Fields:             15575209      3531841            0 
[34.009s][info   ][gc,ref] GC(10) O: Final References:               0            0            0 
[34.009s][info   ][gc,ref] GC(10) O: Phantom References:             1            1            0 
Allocated 50000000 objects in 26.09 seconds
Phase 2: Sleeping for 3000 ms...
Phase 3.1: Clearing strong references...
Cleared 10000001 strong references, 39999999 remaining
Waiting 3000 ms...
[49.381s][info   ][gc,ref] GC(11) O:                       Encountered   Discovered      Cleared 
[49.381s][info   ][gc,ref] GC(11) O: Soft References:              238            0            0 
[49.381s][info   ][gc,ref] GC(11) O: Weak References:             1007          728            0 
[49.381s][info   ][gc,ref] GC(11) O: Weak Fields:             32089831      7589284            0 
[49.381s][info   ][gc,ref] GC(11) O: Final References:               0            0            0 
[49.381s][info   ][gc,ref] GC(11) O: Phantom References:             1            1            0 
Phase 3.2: Clearing strong references...
Cleared 10000001 strong references, 29999998 remaining
Waiting 3000 ms...
Phase 3.3: Clearing strong references...
Cleared 10000001 strong references, 19999997 remaining
Waiting 3000 ms...
Phase 3.4: Clearing strong references...
Cleared 10000001 strong references, 9999996 remaining
Waiting 3000 ms...
Phase 3.5: Clearing strong references...
Cleared 9999996 strong references, 0 remaining
Waiting 3000 ms...
Waiting 6000 ms...
[72.729s][info   ][gc,ref] GC(12) O:                       Encountered   Discovered      Cleared 
[72.729s][info   ][gc,ref] GC(12) O: Soft References:              238            0            0 
[72.729s][info   ][gc,ref] GC(12) O: Weak References:             1007          802            0 
[72.729s][info   ][gc,ref] GC(12) O: Weak Fields:             50000000     15575209      3115433 
[72.729s][info   ][gc,ref] GC(12) O: Final References:               0            0            0 
[72.729s][info   ][gc,ref] GC(12) O: Phantom References:             1            1            0 
Phase 4: Final annotated field checks...
Final count of alive annotated fields: 46884567
[87.460s][info   ][gc,stats] === Garbage Collection Statistics =======================================================================================================================
[87.460s][info   ][gc,stats]                                                              Last 10s              Last 10m              Last 10h                Total
[87.460s][info   ][gc,stats]                                                              Avg / Max             Avg / Max             Avg / Max             Avg / Max
[87.460s][info   ][gc,stats]        Contention: Mark Segment Reset Contention                     0 / 0                 0 / 37                0 / 37                0 / 37          ops/s
[87.460s][info   ][gc,stats]        Contention: Mark SeqNum Reset Contention                      0 / 0                 0 / 4                 0 / 4                 0 / 4           ops/s
[87.460s][info   ][gc,stats]          Critical: Allocation Stall                                  0 / 0                 0 / 0                 0 / 0                 0 / 0           ops/s
[87.460s][info   ][gc,stats]          Critical: Allocation Stall                              0.000 / 0.000         0.000 / 0.000         0.000 / 0.000         0.000 / 0.000       ms
[87.460s][info   ][gc,stats]          Critical: JNI Critical Stall                                0 / 0                 0 / 0                 0 / 0                 0 / 0           ops/s
[87.460s][info   ][gc,stats]          Critical: JNI Critical Stall                            0.000 / 0.000         0.000 / 0.000         0.000 / 0.000         0.000 / 0.000       ms
[87.460s][info   ][gc,stats]          Critical: Relocation Stall                                  0 / 0                 0 / 0                 0 / 0                 0 / 0           ops/s
[87.460s][info   ][gc,stats]          Critical: Relocation Stall                              0.000 / 0.000         0.000 / 0.000         0.000 / 0.000         0.000 / 0.000       ms
[87.460s][info   ][gc,stats]  Major Collection: Major Collection                              0.000 / 0.000      3962.223 / 22841.820  3962.223 / 22841.820  3962.223 / 22841.820   ms
[87.460s][info   ][gc,stats]            Memory: Allocation Rate                                   0 / 0               598 / 1800            598 / 1800            598 / 1800        MB/s
[87.460s][info   ][gc,stats]            Memory: Defragment                                        0 / 0                 0 / 0                 0 / 0                 0 / 0           ops/s
[87.460s][info   ][gc,stats]            Memory: Mapped Cache Harvest                              0 / 0                 0 / 0                 0 / 0                 0 / 0           MB/s
[87.460s][info   ][gc,stats]            Memory: Out Of Memory                                     0 / 0                 0 / 0                 0 / 0                 0 / 0           ops/s
[87.460s][info   ][gc,stats]            Memory: Uncommit                                          0 / 0                 0 / 0                 0 / 0                 0 / 0           MB/s
[87.460s][info   ][gc,stats]            Memory: Undo Object Allocation Failed                     0 / 0                 0 / 0                 0 / 0                 0 / 0           ops/s
[87.460s][info   ][gc,stats]            Memory: Undo Object Allocation Succeeded                  0 / 0                 0 / 1                 0 / 1                 0 / 1           ops/s
[87.460s][info   ][gc,stats]            Memory: Undo Page Allocation                              0 / 0                 0 / 0                 0 / 0                 0 / 0           ops/s
[87.460s][info   ][gc,stats]  Minor Collection: Minor Collection                              0.000 / 0.000         0.000 / 0.000         0.000 / 0.000         0.000 / 0.000       ms
[87.460s][info   ][gc,stats]    Old Generation: Old Generation                                0.000 / 0.000      1385.187 / 8786.684   1385.187 / 8786.684   1385.187 / 8786.684    ms
[87.460s][info   ][gc,stats]         Old Pause: Pause Mark End                                0.000 / 0.000         0.011 / 0.014         0.011 / 0.014         0.011 / 0.014       ms
[87.460s][info   ][gc,stats]         Old Pause: Pause Relocate Start                          0.000 / 0.000         0.008 / 0.013         0.008 / 0.013         0.008 / 0.013       ms
[87.460s][info   ][gc,stats]         Old Phase: Concurrent Mark                               0.000 / 0.000      1012.575 / 5641.361   1012.575 / 5641.361   1012.575 / 5641.361    ms
[87.460s][info   ][gc,stats]         Old Phase: Concurrent Mark Continue                      0.000 / 0.000         0.000 / 0.000         0.000 / 0.000         0.000 / 0.000       ms
[87.460s][info   ][gc,stats]         Old Phase: Concurrent Mark Free                          0.000 / 0.000         0.002 / 0.009         0.002 / 0.009         0.002 / 0.009       ms
[87.460s][info   ][gc,stats]         Old Phase: Concurrent Process Non-Strong                 0.000 / 0.000       125.656 / 898.081     125.656 / 898.081     125.656 / 898.081     ms
[87.460s][info   ][gc,stats]         Old Phase: Concurrent Relocate                           0.000 / 0.000       143.034 / 1847.691    143.034 / 1847.691    143.034 / 1847.691    ms
[87.460s][info   ][gc,stats]         Old Phase: Concurrent Remap Roots                        0.000 / 0.000        99.813 / 357.769      99.813 / 357.769      99.813 / 357.769     ms
[87.460s][info   ][gc,stats]         Old Phase: Concurrent Reset Relocation Set               0.000 / 0.000         0.001 / 0.001         0.001 / 0.001         0.001 / 0.001       ms
[87.460s][info   ][gc,stats]         Old Phase: Concurrent Select Relocation Set              0.000 / 0.000         3.916 / 46.060        3.916 / 46.060        3.916 / 46.060      ms
[87.460s][info   ][gc,stats]      Old Subphase: Concurrent Classes Purge                      0.000 / 0.000         0.047 / 0.226         0.047 / 0.226         0.047 / 0.226       ms
[87.460s][info   ][gc,stats]      Old Subphase: Concurrent Classes Unlink                     0.000 / 0.000         0.913 / 1.129         0.913 / 1.129         0.913 / 1.129       ms
[87.460s][info   ][gc,stats]      Old Subphase: Concurrent Mark Follow                        0.000 / 0.000      1012.495 / 5641.270   1012.495 / 5641.270   1012.495 / 5641.270    ms
[87.460s][info   ][gc,stats]      Old Subphase: Concurrent Mark Root Colored                  0.029 / 0.029         0.032 / 0.076         0.032 / 0.076         0.032 / 0.076       ms
[87.460s][info   ][gc,stats]      Old Subphase: Concurrent Mark Root Uncolored                0.025 / 0.028         0.023 / 0.082         0.023 / 0.082         0.023 / 0.082       ms
[87.460s][info   ][gc,stats]      Old Subphase: Concurrent Mark Roots                         0.075 / 0.075         0.078 / 0.140         0.078 / 0.140         0.078 / 0.140       ms
[87.460s][info   ][gc,stats]      Old Subphase: Concurrent References Enqueue                 0.000 / 0.000         0.001 / 0.003         0.001 / 0.003         0.001 / 0.003       ms
[87.460s][info   ][gc,stats]      Old Subphase: Concurrent References Process                 0.000 / 0.000       124.524 / 896.809     124.524 / 896.809     124.524 / 896.809     ms
[87.460s][info   ][gc,stats]      Old Subphase: Concurrent Remap Remembered                   0.000 / 0.000        61.500 / 357.568      61.500 / 357.568      61.500 / 357.568     ms
[87.460s][info   ][gc,stats]      Old Subphase: Concurrent Remap Roots Colored                0.000 / 0.000         0.122 / 0.256         0.122 / 0.256         0.122 / 0.256       ms
[87.460s][info   ][gc,stats]      Old Subphase: Concurrent Remap Roots Uncolored              0.000 / 0.000         0.133 / 0.256         0.133 / 0.256         0.133 / 0.256       ms
[87.460s][info   ][gc,stats]      Old Subphase: Concurrent Roots ClassLoaderDataGraph         0.022 / 0.022         0.072 / 0.247         0.072 / 0.247         0.072 / 0.247       ms
[87.460s][info   ][gc,stats]      Old Subphase: Concurrent Roots CodeCache                    0.000 / 0.000         0.132 / 0.253         0.132 / 0.253         0.132 / 0.253       ms
[87.460s][info   ][gc,stats]      Old Subphase: Concurrent Roots JavaThreads                  0.024 / 0.027         0.008 / 0.082         0.008 / 0.082         0.008 / 0.082       ms
[87.460s][info   ][gc,stats]      Old Subphase: Concurrent Roots OopStorageSet                0.006 / 0.006         0.003 / 0.015         0.003 / 0.015         0.003 / 0.015       ms
[87.460s][info   ][gc,stats]      Old Subphase: Concurrent Weak Roots OopStorageSet           0.000 / 0.000         0.042 / 0.156         0.042 / 0.156         0.042 / 0.156       ms
[87.460s][info   ][gc,stats]            System: Java Threads                                     11 / 11               11 / 13               11 / 13               11 / 13          threads
[87.460s][info   ][gc,stats]  Young Generation: Young Generation                           6840.583 / 6840.583   2881.468 / 14054.975  2881.468 / 14054.975  2881.468 / 14054.975   ms
[87.460s][info   ][gc,stats]  Young Generation: Young Generation                              0.000 / 0.000         0.000 / 0.000         0.000 / 0.000         0.000 / 0.000       ms
[87.460s][info   ][gc,stats]  Young Generation: Young Generation (Collect Roots)              0.000 / 0.000         0.000 / 0.000         0.000 / 0.000         0.000 / 0.000       ms
[87.460s][info   ][gc,stats]  Young Generation: Young Generation (Promote All)                0.000 / 0.000         0.000 / 0.000         0.000 / 0.000         0.000 / 0.000       ms
[87.460s][info   ][gc,stats]       Young Pause: Pause Mark End                                0.013 / 0.013         0.012 / 0.022         0.012 / 0.022         0.012 / 0.022       ms
[87.460s][info   ][gc,stats]       Young Pause: Pause Mark Start                              0.000 / 0.000         0.000 / 0.000         0.000 / 0.000         0.000 / 0.000       ms
[87.460s][info   ][gc,stats]       Young Pause: Pause Mark Start (Major)                      0.000 / 0.000         0.021 / 0.027         0.021 / 0.027         0.021 / 0.027       ms
[87.460s][info   ][gc,stats]       Young Pause: Pause Relocate Start                          0.012 / 0.012         0.008 / 0.013         0.008 / 0.013         0.008 / 0.013       ms
[87.460s][info   ][gc,stats]       Young Phase: Concurrent Mark                            5170.831 / 5170.831   2512.945 / 12574.528  2512.945 / 12574.528  2512.945 / 12574.528   ms
[87.460s][info   ][gc,stats]       Young Phase: Concurrent Mark Continue                      0.000 / 0.000         0.000 / 0.000         0.000 / 0.000         0.000 / 0.000       ms
[87.460s][info   ][gc,stats]       Young Phase: Concurrent Mark Free                          0.004 / 0.004         0.003 / 0.008         0.003 / 0.008         0.003 / 0.008       ms
[87.460s][info   ][gc,stats]       Young Phase: Concurrent Relocate                         906.618 / 906.618     199.859 / 906.618     199.859 / 906.618     199.859 / 906.618     ms
[87.460s][info   ][gc,stats]       Young Phase: Concurrent Reset Relocation Set               2.878 / 2.878         0.353 / 2.878         0.353 / 2.878         0.353 / 2.878       ms
[87.460s][info   ][gc,stats]       Young Phase: Concurrent Select Relocation Set            759.308 / 759.308     167.950 / 759.308     167.950 / 759.308     167.950 / 759.308     ms
[87.460s][info   ][gc,stats]    Young Subphase: Concurrent Mark Follow                     5170.053 / 5170.053   2512.269 / 12573.967  2512.269 / 12573.967  2512.269 / 12573.967   ms
[87.460s][info   ][gc,stats]    Young Subphase: Concurrent Mark Root Colored                  0.000 / 0.000         0.365 / 0.615         0.365 / 0.615         0.365 / 0.615       ms
[87.460s][info   ][gc,stats]    Young Subphase: Concurrent Mark Root Uncolored                0.000 / 0.000         0.264 / 0.459         0.264 / 0.459         0.264 / 0.459       ms
[87.460s][info   ][gc,stats]    Young Subphase: Concurrent Mark Roots                         0.000 / 0.000         0.675 / 0.947         0.675 / 0.947         0.675 / 0.947       ms
[87.460s][info   ][gc,stats]    Young Subphase: Concurrent Relocate Remset FP               906.065 / 906.065     199.341 / 906.065     199.341 / 906.065     199.341 / 906.065     ms
[87.460s][info   ][gc,stats]    Young Subphase: Concurrent Roots ClassLoaderDataGraph         0.000 / 0.000         0.265 / 0.432         0.265 / 0.432         0.265 / 0.432       ms
[87.460s][info   ][gc,stats]    Young Subphase: Concurrent Roots CodeCache                    0.000 / 0.000         0.244 / 0.434         0.244 / 0.434         0.244 / 0.434       ms
[87.460s][info   ][gc,stats]    Young Subphase: Concurrent Roots JavaThreads                  0.002 / 0.002         0.019 / 0.288         0.019 / 0.288         0.019 / 0.288       ms
[87.460s][info   ][gc,stats]    Young Subphase: Concurrent Roots OopStorageSet                0.000 / 0.000         0.017 / 0.094         0.017 / 0.094         0.017 / 0.094       ms
[87.460s][info   ][gc,stats]    Young Subphase: Concurrent Weak Roots OopStorageSet           0.000 / 0.000         0.096 / 0.194         0.096 / 0.194         0.096 / 0.194       ms
[87.460s][info   ][gc,stats] =========================================================================================================================================================
