
=== Instance 1/8, outer iteration 9/300 (Variant dyn_only) ===

Affinity: allowed=0,1,2,3,4,5,6,7,8,9,10,11 jvm=0,1,2,3,4,5,6,7,8,9 aux=10,11
Benchmark args: 50000000
Command: /gorilla/home/fredrha/SimplifyingWeakRefs/build/variant-images/dyn_only-linux-x86_64-server-release/jdk/bin/java -Xms64g -Xmx64g -XX:+UseZGC -Xlog:gc+stats,gc+ref -XX:InitialTenuringThreshold=1 -XX:MaxTenuringThreshold=1 -XX:ZCollectionIntervalMajor=0.5 -XX:+ZCollectionIntervalOnly -XX:NativeMemoryTracking=summary /gorilla/home/fredrha/SimplifyingWeakRefs/test/weakrefs/WeakRefMultiObjectBenchmark.java 50000000

[0.004s][warning][gc] ***** WARNING! INCORRECT SYSTEM CONFIGURATION DETECTED! *****
[0.004s][warning][gc] The system limit on number of memory mappings per process might be too low for the given
[0.004s][warning][gc] max Java heap size (65536M). Please adjust /proc/sys/vm/max_map_count to allow for at
[0.004s][warning][gc] least 117964 mappings (current limit is 65530). Continuing execution with the current
[0.004s][warning][gc] limit could lead to a premature OutOfMemoryError being thrown, due to failure to map memory.
[0.004s][info   ][gc,ref] Reference Processor created, Config: Dynamic array
[16.053s][info   ][gc,ref] GC(0) O:                       Encountered   Discovered     Enqueued 
[16.053s][info   ][gc,ref] GC(0) O: Soft References:                0            0            0 
[16.053s][info   ][gc,ref] GC(0) O: Weak References:                0            0            0 
[16.053s][info   ][gc,ref] GC(0) O: Final References:               0            0            0 
[16.053s][info   ][gc,ref] GC(0) O: Phantom References:             0            0            0 
[16.571s][info   ][gc,ref] GC(1) O:                       Encountered   Discovered     Enqueued 
[16.571s][info   ][gc,ref] GC(1) O: Soft References:              148            0            0 
[16.571s][info   ][gc,ref] GC(1) O: Weak References:              608            0            0 
[16.571s][info   ][gc,ref] GC(1) O: Final References:               0            0            0 
[16.571s][info   ][gc,ref] GC(1) O: Phantom References:             1            0            0 
[17.088s][info   ][gc,ref] GC(2) O:                       Encountered   Discovered     Enqueued 
[17.088s][info   ][gc,ref] GC(2) O: Soft References:              148            0            0 
[17.088s][info   ][gc,ref] GC(2) O: Weak References:              608            0            0 
[17.088s][info   ][gc,ref] GC(2) O: Final References:               0            0            0 
[17.088s][info   ][gc,ref] GC(2) O: Phantom References:             1            0            0 
WeakRefMultiObjectBenchmark: objects=50000000 minSize=509 maxSize=1097 sleepMillis=3000
[17.605s][info   ][gc,ref] GC(3) O:                       Encountered   Discovered     Enqueued 
[17.605s][info   ][gc,ref] GC(3) O: Soft References:              230            0            0 
[17.605s][info   ][gc,ref] GC(3) O: Weak References:             1329          299          129 
[17.605s][info   ][gc,ref] GC(3) O: Final References:               0            0            0 
[17.605s][info   ][gc,ref] GC(3) O: Phantom References:             1            0            0 
Phase 1: Allocating references and objects...
[18.158s][info   ][gc,ref] GC(4) O:                       Encountered   Discovered     Enqueued 
[18.158s][info   ][gc,ref] GC(4) O: Soft References:              239            0            0 
[18.158s][info   ][gc,ref] GC(4) O: Weak References:             1204          247            0 
[18.158s][info   ][gc,ref] GC(4) O: Final References:               0            0            0 
[18.158s][info   ][gc,ref] GC(4) O: Phantom References:             1            1            0 
[19.008s][info   ][gc,ref] GC(5) O:                       Encountered   Discovered     Enqueued 
[19.008s][info   ][gc,ref] GC(5) O: Soft References:              238            0            0 
[19.008s][info   ][gc,ref] GC(5) O: Weak References:             1204          450          198 
[19.008s][info   ][gc,ref] GC(5) O: Final References:               0            0            0 
[19.008s][info   ][gc,ref] GC(5) O: Phantom References:             1            1            0 
[19.662s][info   ][gc,ref] GC(6) O:                       Encountered   Discovered     Enqueued 
[19.662s][info   ][gc,ref] GC(6) O: Soft References:              238            0            0 
[19.662s][info   ][gc,ref] GC(6) O: Weak References:             1006          852            3 
[19.662s][info   ][gc,ref] GC(6) O: Final References:               0            0            0 
[19.662s][info   ][gc,ref] GC(6) O: Phantom References:             1            1            0 
[20.630s][info   ][gc,ref] GC(7) O:                       Encountered   Discovered     Enqueued 
[20.630s][info   ][gc,ref] GC(7) O: Soft References:              238            0            0 
[20.630s][info   ][gc,ref] GC(7) O: Weak References:           433079          795            0 
[20.630s][info   ][gc,ref] GC(7) O: Final References:               0            0            0 
[20.630s][info   ][gc,ref] GC(7) O: Phantom References:             1            1            0 
[22.338s][info   ][gc,ref] GC(8) O:                       Encountered   Discovered     Enqueued 
[22.338s][info   ][gc,ref] GC(8) O: Soft References:              238            0            0 
[22.338s][info   ][gc,ref] GC(8) O: Weak References:          2343617          901            0 
[22.338s][info   ][gc,ref] GC(8) O: Final References:               0            0            0 
[22.338s][info   ][gc,ref] GC(8) O: Phantom References:             1            1            0 
[25.443s][info   ][gc,ref] GC(9) O:                       Encountered   Discovered     Enqueued 
[25.443s][info   ][gc,ref] GC(9) O: Soft References:              238            0            0 
[25.443s][info   ][gc,ref] GC(9) O: Weak References:          5722071       235783            0 
[25.443s][info   ][gc,ref] GC(9) O: Final References:               0            0            0 
[25.443s][info   ][gc,ref] GC(9) O: Phantom References:             1            1            0 
[33.037s][info   ][gc,ref] GC(10) O:                       Encountered   Discovered     Enqueued 
[33.037s][info   ][gc,ref] GC(10) O: Soft References:              238            0            0 
[33.037s][info   ][gc,ref] GC(10) O: Weak References:         11865664        54066            0 
[33.037s][info   ][gc,ref] GC(10) O: Final References:               0            0            0 
[33.037s][info   ][gc,ref] GC(10) O: Phantom References:             1            1            0 
Allocated 50000000 objects in 27.54 seconds
Phase 2: Sleeping for 3000 ms...
[47.007s][info   ][gc,ref] GC(11) O:                       Encountered   Discovered     Enqueued 
[47.007s][info   ][gc,ref] GC(11) O: Soft References:              238            0            0 
[47.007s][info   ][gc,ref] GC(11) O: Weak References:         26645197      5714018            0 
[47.007s][info   ][gc,ref] GC(11) O: Final References:               0            0            0 
[47.007s][info   ][gc,ref] GC(11) O: Phantom References:             1            1            0 
Phase 3.1: Clearing strong references...
Cleared 10000001 strong references, 39999999 remaining
Waiting 3000 ms...
Phase 3.2: Clearing strong references...
Cleared 10000001 strong references, 29999998 remaining
Waiting 3000 ms...
Phase 3.3: Clearing strong references...
Cleared 10000001 strong references, 19999997 remaining
Waiting 3000 ms...
Phase 3.4: Clearing strong references...
Cleared 10000001 strong references, 9999996 remaining
Waiting 3000 ms...
Phase 3.5: Clearing strong references...
Cleared 9999996 strong references, 0 remaining
Waiting 3000 ms...
Waiting 6000 ms...
[71.619s][info   ][gc,ref] GC(12) O:                       Encountered   Discovered     Enqueued 
[71.619s][info   ][gc,ref] GC(12) O: Soft References:              238            0            0 
[71.619s][info   ][gc,ref] GC(12) O: Weak References:         50001003      9451730            0 
[71.619s][info   ][gc,ref] GC(12) O: Final References:               0            0            0 
[71.619s][info   ][gc,ref] GC(12) O: Phantom References:             1            1            0 
Phase 4: Final weak reference checks...
Final count of alive weak references: 50000000
[85.813s][info   ][gc,stats] === Garbage Collection Statistics =======================================================================================================================
[85.813s][info   ][gc,stats]                                                              Last 10s              Last 10m              Last 10h                Total
[85.813s][info   ][gc,stats]                                                              Avg / Max             Avg / Max             Avg / Max             Avg / Max
[85.813s][info   ][gc,stats]        Contention: Mark Segment Reset Contention                     0 / 0                 0 / 26                0 / 26                0 / 26          ops/s
[85.813s][info   ][gc,stats]        Contention: Mark SeqNum Reset Contention                      0 / 0                 0 / 3                 0 / 3                 0 / 3           ops/s
[85.813s][info   ][gc,stats]          Critical: Allocation Stall                                  0 / 0                 0 / 0                 0 / 0                 0 / 0           ops/s
[85.813s][info   ][gc,stats]          Critical: Allocation Stall                              0.000 / 0.000         0.000 / 0.000         0.000 / 0.000         0.000 / 0.000       ms
[85.813s][info   ][gc,stats]          Critical: JNI Critical Stall                                0 / 0                 0 / 0                 0 / 0                 0 / 0           ops/s
[85.813s][info   ][gc,stats]          Critical: JNI Critical Stall                            0.000 / 0.000         0.000 / 0.000         0.000 / 0.000         0.000 / 0.000       ms
[85.813s][info   ][gc,stats]          Critical: Relocation Stall                                  0 / 0                 0 / 0                 0 / 0                 0 / 0           ops/s
[85.813s][info   ][gc,stats]          Critical: Relocation Stall                              0.000 / 0.000         0.000 / 0.000         0.000 / 0.000         0.000 / 0.000       ms
[85.813s][info   ][gc,stats]  Major Collection: Major Collection                              0.000 / 0.000      3808.440 / 24111.177  3808.440 / 24111.177  3808.440 / 24111.177   ms
[85.813s][info   ][gc,stats]            Memory: Allocation Rate                                   0 / 2               658 / 1780            658 / 1780            658 / 1780        MB/s
[85.813s][info   ][gc,stats]            Memory: Defragment                                        0 / 0                 0 / 0                 0 / 0                 0 / 0           ops/s
[85.813s][info   ][gc,stats]            Memory: Mapped Cache Harvest                              0 / 0                 0 / 0                 0 / 0                 0 / 0           MB/s
[85.813s][info   ][gc,stats]            Memory: Out Of Memory                                     0 / 0                 0 / 0                 0 / 0                 0 / 0           ops/s
[85.813s][info   ][gc,stats]            Memory: Uncommit                                          0 / 0                 0 / 0                 0 / 0                 0 / 0           MB/s
[85.813s][info   ][gc,stats]            Memory: Undo Object Allocation Failed                     0 / 0                 0 / 0                 0 / 0                 0 / 0           ops/s
[85.813s][info   ][gc,stats]            Memory: Undo Object Allocation Succeeded                  0 / 0                 0 / 0                 0 / 0                 0 / 0           ops/s
[85.813s][info   ][gc,stats]            Memory: Undo Page Allocation                              0 / 0                 0 / 0                 0 / 0                 0 / 0           ops/s
[85.813s][info   ][gc,stats]  Minor Collection: Minor Collection                              0.000 / 0.000         0.000 / 0.000         0.000 / 0.000         0.000 / 0.000       ms
[85.813s][info   ][gc,stats]    Old Generation: Old Generation                                0.000 / 0.000      1206.012 / 7019.857   1206.012 / 7019.857   1206.012 / 7019.857    ms
[85.813s][info   ][gc,stats]         Old Pause: Pause Mark End                                0.000 / 0.000         0.009 / 0.014         0.009 / 0.014         0.009 / 0.014       ms
[85.813s][info   ][gc,stats]         Old Pause: Pause Relocate Start                          0.000 / 0.000         0.008 / 0.015         0.008 / 0.015         0.008 / 0.015       ms
[85.813s][info   ][gc,stats]         Old Phase: Concurrent Mark                               0.000 / 0.000      1031.195 / 5979.673   1031.195 / 5979.673   1031.195 / 5979.673    ms
[85.813s][info   ][gc,stats]         Old Phase: Concurrent Mark Continue                      0.000 / 0.000         0.000 / 0.000         0.000 / 0.000         0.000 / 0.000       ms
[85.813s][info   ][gc,stats]         Old Phase: Concurrent Mark Free                          0.000 / 0.000         0.005 / 0.007         0.005 / 0.007         0.005 / 0.007       ms
[85.813s][info   ][gc,stats]         Old Phase: Concurrent Process Non-Strong                 0.000 / 0.000        81.791 / 677.291      81.791 / 677.291      81.791 / 677.291     ms
[85.813s][info   ][gc,stats]         Old Phase: Concurrent Relocate                           0.000 / 0.000         1.301 / 2.109         1.301 / 2.109         1.301 / 2.109       ms
[85.813s][info   ][gc,stats]         Old Phase: Concurrent Remap Roots                        0.000 / 0.000        90.979 / 360.523      90.979 / 360.523      90.979 / 360.523     ms
[85.813s][info   ][gc,stats]         Old Phase: Concurrent Reset Relocation Set               0.000 / 0.000         0.001 / 0.001         0.001 / 0.001         0.001 / 0.001       ms
[85.813s][info   ][gc,stats]         Old Phase: Concurrent Select Relocation Set              0.000 / 0.000         0.548 / 0.838         0.548 / 0.838         0.548 / 0.838       ms
[85.813s][info   ][gc,stats]      Old Subphase: Concurrent Classes Purge                      0.000 / 0.000         0.075 / 0.388         0.075 / 0.388         0.075 / 0.388       ms
[85.813s][info   ][gc,stats]      Old Subphase: Concurrent Classes Unlink                     0.000 / 0.000         0.951 / 1.171         0.951 / 1.171         0.951 / 1.171       ms
[85.813s][info   ][gc,stats]      Old Subphase: Concurrent Mark Follow                        0.000 / 0.000      1031.124 / 5979.571   1031.124 / 5979.571   1031.124 / 5979.571    ms
[85.813s][info   ][gc,stats]      Old Subphase: Concurrent Mark Root Colored                  0.026 / 0.032         0.021 / 0.066         0.021 / 0.066         0.021 / 0.066       ms
[85.813s][info   ][gc,stats]      Old Subphase: Concurrent Mark Root Uncolored                0.025 / 0.028         0.022 / 0.040         0.022 / 0.040         0.022 / 0.040       ms
[85.813s][info   ][gc,stats]      Old Subphase: Concurrent Mark Roots                         0.084 / 0.084         0.071 / 0.099         0.071 / 0.099         0.071 / 0.099       ms
[85.813s][info   ][gc,stats]      Old Subphase: Concurrent References Enqueue                 0.000 / 0.000         0.001 / 0.005         0.001 / 0.005         0.001 / 0.005       ms
[85.813s][info   ][gc,stats]      Old Subphase: Concurrent References Process                 0.000 / 0.000        80.580 / 675.927      80.580 / 675.927      80.580 / 675.927     ms
[85.813s][info   ][gc,stats]      Old Subphase: Concurrent Remap Remembered                   0.000 / 0.000        64.117 / 360.189      64.117 / 360.189      64.117 / 360.189     ms
[85.813s][info   ][gc,stats]      Old Subphase: Concurrent Remap Roots Colored                0.000 / 0.000         0.159 / 0.271         0.159 / 0.271         0.159 / 0.271       ms
[85.813s][info   ][gc,stats]      Old Subphase: Concurrent Remap Roots Uncolored              0.000 / 0.000         0.134 / 0.216         0.134 / 0.216         0.134 / 0.216       ms
[85.813s][info   ][gc,stats]      Old Subphase: Concurrent Roots ClassLoaderDataGraph         0.020 / 0.022         0.093 / 0.261         0.093 / 0.261         0.093 / 0.261       ms
[85.813s][info   ][gc,stats]      Old Subphase: Concurrent Roots CodeCache                    0.000 / 0.000         0.132 / 0.214         0.132 / 0.214         0.132 / 0.214       ms
[85.813s][info   ][gc,stats]      Old Subphase: Concurrent Roots JavaThreads                  0.024 / 0.027         0.008 / 0.039         0.008 / 0.039         0.008 / 0.039       ms
[85.813s][info   ][gc,stats]      Old Subphase: Concurrent Roots OopStorageSet                0.009 / 0.009         0.003 / 0.010         0.003 / 0.010         0.003 / 0.010       ms
[85.813s][info   ][gc,stats]      Old Subphase: Concurrent Weak Roots OopStorageSet           0.000 / 0.000         0.045 / 0.127         0.045 / 0.127         0.045 / 0.127       ms
[85.813s][info   ][gc,stats]            System: Java Threads                                     11 / 11               11 / 13               11 / 13               11 / 13          threads
[85.813s][info   ][gc,stats]  Young Generation: Young Generation                           9130.996 / 9130.996   3068.668 / 17091.210  3068.668 / 17091.210  3068.668 / 17091.210   ms
[85.813s][info   ][gc,stats]  Young Generation: Young Generation                              0.000 / 0.000         0.000 / 0.000         0.000 / 0.000         0.000 / 0.000       ms
[85.813s][info   ][gc,stats]  Young Generation: Young Generation (Collect Roots)              0.000 / 0.000         0.000 / 0.000         0.000 / 0.000         0.000 / 0.000       ms
[85.813s][info   ][gc,stats]  Young Generation: Young Generation (Promote All)                0.000 / 0.000         0.000 / 0.000         0.000 / 0.000         0.000 / 0.000       ms
[85.813s][info   ][gc,stats]       Young Pause: Pause Mark End                                0.012 / 0.012         0.010 / 0.014         0.010 / 0.014         0.010 / 0.014       ms
[85.813s][info   ][gc,stats]       Young Pause: Pause Mark Start                              0.000 / 0.000         0.000 / 0.000         0.000 / 0.000         0.000 / 0.000       ms
[85.813s][info   ][gc,stats]       Young Pause: Pause Mark Start (Major)                      0.000 / 0.000         0.022 / 0.037         0.022 / 0.037         0.022 / 0.037       ms
[85.813s][info   ][gc,stats]       Young Pause: Pause Relocate Start                          0.011 / 0.011         0.007 / 0.012         0.007 / 0.012         0.007 / 0.012       ms
[85.813s][info   ][gc,stats]       Young Phase: Concurrent Mark                            6394.028 / 6394.028   2628.818 / 15365.850  2628.818 / 15365.850  2628.818 / 15365.850   ms
[85.813s][info   ][gc,stats]       Young Phase: Concurrent Mark Continue                      0.000 / 0.000         0.000 / 0.000         0.000 / 0.000         0.000 / 0.000       ms
[85.813s][info   ][gc,stats]       Young Phase: Concurrent Mark Free                          0.008 / 0.008         0.005 / 0.009         0.005 / 0.009         0.005 / 0.009       ms
[85.813s][info   ][gc,stats]       Young Phase: Concurrent Relocate                        1431.160 / 1431.160    232.880 / 1431.160    232.880 / 1431.160    232.880 / 1431.160    ms
[85.813s][info   ][gc,stats]       Young Phase: Concurrent Reset Relocation Set               7.487 / 7.487         0.912 / 7.487         0.912 / 7.487         0.912 / 7.487       ms
[85.813s][info   ][gc,stats]       Young Phase: Concurrent Select Relocation Set           1297.660 / 1297.660    205.659 / 1297.660    205.659 / 1297.660    205.659 / 1297.660    ms
[85.813s][info   ][gc,stats]    Young Subphase: Concurrent Mark Follow                     6393.348 / 6393.348   2628.067 / 15365.197  2628.067 / 15365.197  2628.067 / 15365.197   ms
[85.813s][info   ][gc,stats]    Young Subphase: Concurrent Mark Root Colored                  0.000 / 0.000         0.420 / 0.897         0.420 / 0.897         0.420 / 0.897       ms
[85.813s][info   ][gc,stats]    Young Subphase: Concurrent Mark Root Uncolored                0.000 / 0.000         0.269 / 0.348         0.269 / 0.348         0.269 / 0.348       ms
[85.813s][info   ][gc,stats]    Young Subphase: Concurrent Mark Roots                         0.000 / 0.000         0.749 / 1.227         0.749 / 1.227         0.749 / 1.227       ms
[85.813s][info   ][gc,stats]    Young Subphase: Concurrent Relocate Remset FP              1430.655 / 1430.655    232.022 / 1430.655    232.022 / 1430.655    232.022 / 1430.655    ms
[85.813s][info   ][gc,stats]    Young Subphase: Concurrent Roots ClassLoaderDataGraph         0.000 / 0.000         0.303 / 0.632         0.303 / 0.632         0.303 / 0.632       ms
[85.813s][info   ][gc,stats]    Young Subphase: Concurrent Roots CodeCache                    0.000 / 0.000         0.240 / 0.333         0.240 / 0.333         0.240 / 0.333       ms
[85.813s][info   ][gc,stats]    Young Subphase: Concurrent Roots JavaThreads                  0.003 / 0.003         0.021 / 0.290         0.021 / 0.290         0.021 / 0.290       ms
[85.813s][info   ][gc,stats]    Young Subphase: Concurrent Roots OopStorageSet                0.000 / 0.000         0.019 / 0.113         0.019 / 0.113         0.019 / 0.113       ms
[85.813s][info   ][gc,stats]    Young Subphase: Concurrent Weak Roots OopStorageSet           0.000 / 0.000         0.107 / 0.241         0.107 / 0.241         0.107 / 0.241       ms
[85.813s][info   ][gc,stats] =========================================================================================================================================================
