
=== Instance 2/8, outer iteration 54/300 (Variant dyn_only) ===

Affinity: allowed=12,13,14,15,16,17,18,19,20,21,22,23 jvm=12,13,14,15,16,17,18,19,20,21 aux=22,23
Benchmark args: 50000000
Command: /gorilla/home/fredrha/SimplifyingWeakRefs/build/variant-images/dyn_only-linux-x86_64-server-release/jdk/bin/java -Xms64g -Xmx64g -XX:+UseZGC -Xlog:gc+stats,gc+ref -XX:InitialTenuringThreshold=1 -XX:MaxTenuringThreshold=1 -XX:ZCollectionIntervalMajor=0.5 -XX:+ZCollectionIntervalOnly -XX:NativeMemoryTracking=summary /gorilla/home/fredrha/SimplifyingWeakRefs/test/weakrefs/WeakRefMultiObjectBenchmark.java 50000000

[0.004s][warning][gc] ***** WARNING! INCORRECT SYSTEM CONFIGURATION DETECTED! *****
[0.004s][warning][gc] The system limit on number of memory mappings per process might be too low for the given
[0.004s][warning][gc] max Java heap size (65536M). Please adjust /proc/sys/vm/max_map_count to allow for at
[0.004s][warning][gc] least 117964 mappings (current limit is 65530). Continuing execution with the current
[0.004s][warning][gc] limit could lead to a premature OutOfMemoryError being thrown, due to failure to map memory.
[0.005s][info   ][gc,ref] Reference Processor created, Config: Dynamic array
[15.346s][info   ][gc,ref] GC(0) O:                       Encountered   Discovered     Enqueued 
[15.346s][info   ][gc,ref] GC(0) O: Soft References:                0            0            0 
[15.346s][info   ][gc,ref] GC(0) O: Weak References:                0            0            0 
[15.347s][info   ][gc,ref] GC(0) O: Final References:               0            0            0 
[15.347s][info   ][gc,ref] GC(0) O: Phantom References:             0            0            0 
[15.854s][info   ][gc,ref] GC(1) O:                       Encountered   Discovered     Enqueued 
[15.854s][info   ][gc,ref] GC(1) O: Soft References:              148            0            0 
[15.854s][info   ][gc,ref] GC(1) O: Weak References:              608            0            0 
[15.854s][info   ][gc,ref] GC(1) O: Final References:               0            0            0 
[15.854s][info   ][gc,ref] GC(1) O: Phantom References:             1            0            0 
[16.369s][info   ][gc,ref] GC(2) O:                       Encountered   Discovered     Enqueued 
[16.369s][info   ][gc,ref] GC(2) O: Soft References:              148            0            0 
[16.369s][info   ][gc,ref] GC(2) O: Weak References:              608            0            0 
[16.369s][info   ][gc,ref] GC(2) O: Final References:               0            0            0 
[16.369s][info   ][gc,ref] GC(2) O: Phantom References:             1            0            0 
[16.891s][info   ][gc,ref] GC(3) O:                       Encountered   Discovered     Enqueued 
[16.891s][info   ][gc,ref] GC(3) O: Soft References:              214            0            0 
[16.891s][info   ][gc,ref] GC(3) O: Weak References:             1328          516          129 
[16.891s][info   ][gc,ref] GC(3) O: Final References:               0            0            0 
[16.891s][info   ][gc,ref] GC(3) O: Phantom References:             1            1            0 
WeakRefMultiObjectBenchmark: objects=50000000 minSize=509 maxSize=1097 sleepMillis=3000
Phase 1: Allocating references and objects...
[17.437s][info   ][gc,ref] GC(4) O:                       Encountered   Discovered     Enqueued 
[17.437s][info   ][gc,ref] GC(4) O: Soft References:              239            0            0 
[17.437s][info   ][gc,ref] GC(4) O: Weak References:             1204          338            0 
[17.437s][info   ][gc,ref] GC(4) O: Final References:               0            0            0 
[17.437s][info   ][gc,ref] GC(4) O: Phantom References:             1            0            0 
[18.290s][info   ][gc,ref] GC(5) O:                       Encountered   Discovered     Enqueued 
[18.290s][info   ][gc,ref] GC(5) O: Soft References:              238            0            0 
[18.290s][info   ][gc,ref] GC(5) O: Weak References:             1204         1000          170 
[18.290s][info   ][gc,ref] GC(5) O: Final References:               0            0            0 
[18.290s][info   ][gc,ref] GC(5) O: Phantom References:             1            1            0 
[18.940s][info   ][gc,ref] GC(6) O:                       Encountered   Discovered     Enqueued 
[18.940s][info   ][gc,ref] GC(6) O: Soft References:              238            0            0 
[18.940s][info   ][gc,ref] GC(6) O: Weak References:             1034          690           31 
[18.940s][info   ][gc,ref] GC(6) O: Final References:               0            0            0 
[18.940s][info   ][gc,ref] GC(6) O: Phantom References:             1            1            0 
[19.687s][info   ][gc,ref] GC(7) O:                       Encountered   Discovered     Enqueued 
[19.687s][info   ][gc,ref] GC(7) O: Soft References:              238            0            0 
[19.687s][info   ][gc,ref] GC(7) O: Weak References:           199261          795            0 
[19.687s][info   ][gc,ref] GC(7) O: Final References:               0            0            0 
[19.687s][info   ][gc,ref] GC(7) O: Phantom References:             1            1            0 
[20.965s][info   ][gc,ref] GC(8) O:                       Encountered   Discovered     Enqueued 
[20.965s][info   ][gc,ref] GC(8) O: Soft References:              238            0            0 
[20.965s][info   ][gc,ref] GC(8) O: Weak References:          1685427          811            0 
[20.965s][info   ][gc,ref] GC(8) O: Final References:               0            0            0 
[20.965s][info   ][gc,ref] GC(8) O: Phantom References:             1            1            0 
[23.325s][info   ][gc,ref] GC(9) O:                       Encountered   Discovered     Enqueued 
[23.325s][info   ][gc,ref] GC(9) O: Soft References:              238            0            0 
[23.325s][info   ][gc,ref] GC(9) O: Weak References:          4225639        92487            0 
[23.325s][info   ][gc,ref] GC(9) O: Final References:               0            0            0 
[23.325s][info   ][gc,ref] GC(9) O: Phantom References:             1            1            0 
[28.206s][info   ][gc,ref] GC(10) O:                       Encountered   Discovered     Enqueued 
[28.206s][info   ][gc,ref] GC(10) O: Soft References:              238            0            0 
[28.206s][info   ][gc,ref] GC(10) O: Weak References:          8847501       625910            0 
[28.206s][info   ][gc,ref] GC(10) O: Final References:               0            0            0 
[28.206s][info   ][gc,ref] GC(10) O: Phantom References:             1            1            0 
[37.169s][info   ][gc,ref] GC(11) O:                       Encountered   Discovered     Enqueued 
[37.169s][info   ][gc,ref] GC(11) O: Soft References:              238            0            0 
[37.169s][info   ][gc,ref] GC(11) O: Weak References:         18458951          749            0 
[37.169s][info   ][gc,ref] GC(11) O: Final References:               0            0            0 
[37.169s][info   ][gc,ref] GC(11) O: Phantom References:             1            1            0 
Allocated 50000000 objects in 27.68 seconds
Phase 2: Sleeping for 3000 ms...
Phase 3.1: Clearing strong references...
Cleared 10000001 strong references, 39999999 remaining
Waiting 3000 ms...
Phase 3.2: Clearing strong references...
Cleared 10000001 strong references, 29999998 remaining
Waiting 3000 ms...
[54.452s][info   ][gc,ref] GC(12) O:                       Encountered   Discovered     Enqueued 
[54.452s][info   ][gc,ref] GC(12) O: Soft References:              238            0            0 
[54.452s][info   ][gc,ref] GC(12) O: Weak References:         35892001      7554676            0 
[54.452s][info   ][gc,ref] GC(12) O: Final References:               0            0            0 
[54.452s][info   ][gc,ref] GC(12) O: Phantom References:             1            1            0 
Phase 3.3: Clearing strong references...
Cleared 10000001 strong references, 19999997 remaining
Waiting 3000 ms...
Phase 3.4: Clearing strong references...
Cleared 10000001 strong references, 9999996 remaining
Waiting 3000 ms...
Phase 3.5: Clearing strong references...
Cleared 9999996 strong references, 0 remaining
Waiting 3000 ms...
Waiting 6000 ms...
Phase 4: Final weak reference checks...
Final count of alive weak references: 50000000
[84.799s][info   ][gc,stats] === Garbage Collection Statistics =======================================================================================================================
[84.799s][info   ][gc,stats]                                                              Last 10s              Last 10m              Last 10h                Total
[84.799s][info   ][gc,stats]                                                              Avg / Max             Avg / Max             Avg / Max             Avg / Max
[84.799s][info   ][gc,stats]        Contention: Mark Segment Reset Contention                     0 / 0                 0 / 19                0 / 19                0 / 19          ops/s
[84.799s][info   ][gc,stats]        Contention: Mark SeqNum Reset Contention                      0 / 0                 0 / 5                 0 / 5                 0 / 5           ops/s
[84.799s][info   ][gc,stats]          Critical: Allocation Stall                                  0 / 0                 0 / 0                 0 / 0                 0 / 0           ops/s
[84.799s][info   ][gc,stats]          Critical: Allocation Stall                              0.000 / 0.000         0.000 / 0.000         0.000 / 0.000         0.000 / 0.000       ms
[84.799s][info   ][gc,stats]          Critical: JNI Critical Stall                                0 / 0                 0 / 0                 0 / 0                 0 / 0           ops/s
[84.799s][info   ][gc,stats]          Critical: JNI Critical Stall                            0.000 / 0.000         0.000 / 0.000         0.000 / 0.000         0.000 / 0.000       ms
[84.799s][info   ][gc,stats]          Critical: Relocation Stall                                  0 / 0                 0 / 0                 0 / 0                 0 / 0           ops/s
[84.799s][info   ][gc,stats]          Critical: Relocation Stall                              0.000 / 0.000         0.000 / 0.000         0.000 / 0.000         0.000 / 0.000       ms
[84.799s][info   ][gc,stats]  Major Collection: Major Collection                              0.000 / 0.000      2542.438 / 16780.458  2542.438 / 16780.458  2542.438 / 16780.458   ms
[84.799s][info   ][gc,stats]            Memory: Allocation Rate                                   0 / 0               658 / 1784            658 / 1784            658 / 1784        MB/s
[84.799s][info   ][gc,stats]            Memory: Defragment                                        0 / 0                 0 / 0                 0 / 0                 0 / 0           ops/s
[84.799s][info   ][gc,stats]            Memory: Mapped Cache Harvest                              0 / 0                 0 / 0                 0 / 0                 0 / 0           MB/s
[84.799s][info   ][gc,stats]            Memory: Out Of Memory                                     0 / 0                 0 / 0                 0 / 0                 0 / 0           ops/s
[84.799s][info   ][gc,stats]            Memory: Uncommit                                          0 / 0                 0 / 0                 0 / 0                 0 / 0           MB/s
[84.799s][info   ][gc,stats]            Memory: Undo Object Allocation Failed                     0 / 0                 0 / 0                 0 / 0                 0 / 0           ops/s
[84.799s][info   ][gc,stats]            Memory: Undo Object Allocation Succeeded                  0 / 0                 0 / 1                 0 / 1                 0 / 1           ops/s
[84.799s][info   ][gc,stats]            Memory: Undo Page Allocation                              0 / 0                 0 / 0                 0 / 0                 0 / 0           ops/s
[84.799s][info   ][gc,stats]  Minor Collection: Minor Collection                              0.000 / 0.000         0.000 / 0.000         0.000 / 0.000         0.000 / 0.000       ms
[84.799s][info   ][gc,stats]    Old Generation: Old Generation                                0.000 / 0.000       882.941 / 5976.674    882.941 / 5976.674    882.941 / 5976.674    ms
[84.799s][info   ][gc,stats]         Old Pause: Pause Mark End                                0.015 / 0.015         0.011 / 0.016         0.011 / 0.016         0.011 / 0.016       ms
[84.799s][info   ][gc,stats]         Old Pause: Pause Relocate Start                          0.000 / 0.000         0.009 / 0.015         0.009 / 0.015         0.009 / 0.015       ms
[84.799s][info   ][gc,stats]         Old Phase: Concurrent Mark                           15850.979 / 15850.979  1830.918 / 15850.979  1830.918 / 15850.979  1830.918 / 15850.979   ms
[84.799s][info   ][gc,stats]         Old Phase: Concurrent Mark Continue                      0.000 / 0.000         0.000 / 0.000         0.000 / 0.000         0.000 / 0.000       ms
[84.799s][info   ][gc,stats]         Old Phase: Concurrent Mark Free                          0.003 / 0.003         0.003 / 0.007         0.003 / 0.007         0.003 / 0.007       ms
[84.799s][info   ][gc,stats]         Old Phase: Concurrent Process Non-Strong                 0.000 / 0.000        46.735 / 517.647      46.735 / 517.647      46.735 / 517.647     ms
[84.799s][info   ][gc,stats]         Old Phase: Concurrent Relocate                           0.000 / 0.000         0.985 / 2.396         0.985 / 2.396         0.985 / 2.396       ms
[84.799s][info   ][gc,stats]         Old Phase: Concurrent Remap Roots                        0.000 / 0.000        82.067 / 366.665      82.067 / 366.665      82.067 / 366.665     ms
[84.799s][info   ][gc,stats]         Old Phase: Concurrent Reset Relocation Set               0.000 / 0.000         0.001 / 0.002         0.001 / 0.002         0.001 / 0.002       ms
[84.799s][info   ][gc,stats]         Old Phase: Concurrent Select Relocation Set              0.000 / 0.000         0.498 / 0.702         0.498 / 0.702         0.498 / 0.702       ms
[84.799s][info   ][gc,stats]      Old Subphase: Concurrent Classes Purge                      0.000 / 0.000         0.045 / 0.274         0.045 / 0.274         0.045 / 0.274       ms
[84.799s][info   ][gc,stats]      Old Subphase: Concurrent Classes Unlink                     0.000 / 0.000         1.080 / 1.398         1.080 / 1.398         1.080 / 1.398       ms
[84.799s][info   ][gc,stats]      Old Subphase: Concurrent Mark Follow                    15850.827 / 15850.827  1830.834 / 15850.827  1830.834 / 15850.827  1830.834 / 15850.827   ms
[84.799s][info   ][gc,stats]      Old Subphase: Concurrent Mark Root Colored                  0.000 / 0.000         0.025 / 0.047         0.025 / 0.047         0.025 / 0.047       ms
[84.799s][info   ][gc,stats]      Old Subphase: Concurrent Mark Root Uncolored                0.000 / 0.000         0.026 / 0.074         0.026 / 0.074         0.026 / 0.074       ms
[84.799s][info   ][gc,stats]      Old Subphase: Concurrent Mark Roots                         0.000 / 0.000         0.081 / 0.148         0.081 / 0.148         0.081 / 0.148       ms
[84.799s][info   ][gc,stats]      Old Subphase: Concurrent References Enqueue                 0.000 / 0.000         0.001 / 0.004         0.001 / 0.004         0.001 / 0.004       ms
[84.799s][info   ][gc,stats]      Old Subphase: Concurrent References Process                 0.000 / 0.000        45.432 / 515.937      45.432 / 515.937      45.432 / 515.937     ms
[84.799s][info   ][gc,stats]      Old Subphase: Concurrent Remap Remembered                   0.000 / 0.000        58.522 / 366.276      58.522 / 366.276      58.522 / 366.276     ms
[84.799s][info   ][gc,stats]      Old Subphase: Concurrent Remap Roots Colored                0.000 / 0.000         0.124 / 0.253         0.124 / 0.253         0.124 / 0.253       ms
[84.799s][info   ][gc,stats]      Old Subphase: Concurrent Remap Roots Uncolored              0.000 / 0.000         0.179 / 0.269         0.179 / 0.269         0.179 / 0.269       ms
[84.799s][info   ][gc,stats]      Old Subphase: Concurrent Roots ClassLoaderDataGraph         0.000 / 0.000         0.069 / 0.244         0.069 / 0.244         0.069 / 0.244       ms
[84.799s][info   ][gc,stats]      Old Subphase: Concurrent Roots CodeCache                    0.000 / 0.000         0.177 / 0.267         0.177 / 0.267         0.177 / 0.267       ms
[84.799s][info   ][gc,stats]      Old Subphase: Concurrent Roots JavaThreads                  0.000 / 0.000         0.009 / 0.074         0.009 / 0.074         0.009 / 0.074       ms
[84.799s][info   ][gc,stats]      Old Subphase: Concurrent Roots OopStorageSet                0.000 / 0.000         0.003 / 0.013         0.003 / 0.013         0.003 / 0.013       ms
[84.799s][info   ][gc,stats]      Old Subphase: Concurrent Weak Roots OopStorageSet           0.000 / 0.000         0.048 / 0.171         0.048 / 0.171         0.048 / 0.171       ms
[84.799s][info   ][gc,stats]            System: Java Threads                                     11 / 11               11 / 13               11 / 13               11 / 13          threads
[84.799s][info   ][gc,stats]  Young Generation: Young Generation                              0.000 / 0.000      2491.175 / 13304.485  2491.175 / 13304.485  2491.175 / 13304.485   ms
[84.799s][info   ][gc,stats]  Young Generation: Young Generation                              0.000 / 0.000         0.000 / 0.000         0.000 / 0.000         0.000 / 0.000       ms
[84.799s][info   ][gc,stats]  Young Generation: Young Generation (Collect Roots)              0.000 / 0.000         0.000 / 0.000         0.000 / 0.000         0.000 / 0.000       ms
[84.799s][info   ][gc,stats]  Young Generation: Young Generation (Promote All)                0.000 / 0.000         0.000 / 0.000         0.000 / 0.000         0.000 / 0.000       ms
[84.799s][info   ][gc,stats]       Young Pause: Pause Mark End                                0.000 / 0.000         0.011 / 0.014         0.011 / 0.014         0.011 / 0.014       ms
[84.799s][info   ][gc,stats]       Young Pause: Pause Mark Start                              0.000 / 0.000         0.000 / 0.000         0.000 / 0.000         0.000 / 0.000       ms
[84.799s][info   ][gc,stats]       Young Pause: Pause Mark Start (Major)                      0.000 / 0.000         0.024 / 0.049         0.024 / 0.049         0.024 / 0.049       ms
[84.799s][info   ][gc,stats]       Young Pause: Pause Relocate Start                          0.000 / 0.000         0.007 / 0.015         0.007 / 0.015         0.007 / 0.015       ms
[84.799s][info   ][gc,stats]       Young Phase: Concurrent Mark                               0.000 / 0.000      2172.507 / 11329.115  2172.507 / 11329.115  2172.507 / 11329.115   ms
[84.799s][info   ][gc,stats]       Young Phase: Concurrent Mark Continue                      0.000 / 0.000         0.000 / 0.000         0.000 / 0.000         0.000 / 0.000       ms
[84.799s][info   ][gc,stats]       Young Phase: Concurrent Mark Free                          0.000 / 0.000         0.003 / 0.008         0.003 / 0.008         0.003 / 0.008       ms
[84.799s][info   ][gc,stats]       Young Phase: Concurrent Relocate                           0.000 / 0.000       169.464 / 1039.874    169.464 / 1039.874    169.464 / 1039.874    ms
[84.799s][info   ][gc,stats]       Young Phase: Concurrent Reset Relocation Set               0.000 / 0.000         0.904 / 11.404        0.904 / 11.404        0.904 / 11.404      ms
[84.799s][info   ][gc,stats]       Young Phase: Concurrent Select Relocation Set              0.000 / 0.000       147.918 / 923.635     147.918 / 923.635     147.918 / 923.635     ms
[84.799s][info   ][gc,stats]    Young Subphase: Concurrent Mark Follow                        0.000 / 0.000      2160.651 / 11328.538  2160.651 / 11328.538  2160.651 / 11328.538   ms
[84.799s][info   ][gc,stats]    Young Subphase: Concurrent Mark Root Colored                  0.000 / 0.000         0.386 / 0.668         0.386 / 0.668         0.386 / 0.668       ms
[84.799s][info   ][gc,stats]    Young Subphase: Concurrent Mark Root Uncolored                0.000 / 0.000         3.981 / 155.856       3.981 / 155.856       3.981 / 155.856     ms
[84.799s][info   ][gc,stats]    Young Subphase: Concurrent Mark Roots                         0.000 / 0.000        11.854 / 156.323      11.854 / 156.323      11.854 / 156.323     ms
[84.799s][info   ][gc,stats]    Young Subphase: Concurrent Relocate Remset FP                 0.000 / 0.000       168.827 / 1039.270    168.827 / 1039.270    168.827 / 1039.270    ms
[84.799s][info   ][gc,stats]    Young Subphase: Concurrent Roots ClassLoaderDataGraph         0.000 / 0.000         0.271 / 0.404         0.271 / 0.404         0.271 / 0.404       ms
[84.799s][info   ][gc,stats]    Young Subphase: Concurrent Roots CodeCache                    0.000 / 0.000         0.244 / 0.362         0.244 / 0.362         0.244 / 0.362       ms
[84.799s][info   ][gc,stats]    Young Subphase: Concurrent Roots JavaThreads                  0.000 / 0.000         1.884 / 155.855       1.884 / 155.855       1.884 / 155.855     ms
[84.799s][info   ][gc,stats]    Young Subphase: Concurrent Roots OopStorageSet                0.000 / 0.000         0.019 / 0.144         0.019 / 0.144         0.019 / 0.144       ms
[84.799s][info   ][gc,stats]    Young Subphase: Concurrent Weak Roots OopStorageSet           0.000 / 0.000         0.101 / 0.213         0.101 / 0.213         0.101 / 0.213       ms
[84.799s][info   ][gc,stats] =========================================================================================================================================================
