
=== Instance 2/8, outer iteration 75/300 (Variant clear_path_sep) ===

Affinity: allowed=12,13,14,15,16,17,18,19,20,21,22,23 jvm=12,13,14,15,16,17,18,19,20,21 aux=22,23
Benchmark args: 50000000
Command: /gorilla/home/fredrha/SimplifyingWeakRefs/build/variant-images/clear_path_sep-linux-x86_64-server-release/jdk/bin/java -Xms64g -Xmx64g -XX:+UseZGC -Xlog:gc+stats,gc+ref -XX:InitialTenuringThreshold=1 -XX:MaxTenuringThreshold=1 -XX:ZCollectionIntervalMajor=0.5 -XX:+ZCollectionIntervalOnly -XX:NativeMemoryTracking=summary /gorilla/home/fredrha/SimplifyingWeakRefs/test/weakrefs/WeakRefMultiObjectBenchmark.java 50000000

[0.004s][warning][gc] ***** WARNING! INCORRECT SYSTEM CONFIGURATION DETECTED! *****
[0.004s][warning][gc] The system limit on number of memory mappings per process might be too low for the given
[0.004s][warning][gc] max Java heap size (65536M). Please adjust /proc/sys/vm/max_map_count to allow for at
[0.004s][warning][gc] least 117964 mappings (current limit is 65530). Continuing execution with the current
[0.004s][warning][gc] limit could lead to a premature OutOfMemoryError being thrown, due to failure to map memory.
[0.004s][info   ][gc,ref] Reference Processor created, Config: Separate lists, optimised clear path
[15.626s][info   ][gc,ref] GC(0) O:                           Encountered       Discovered Cleared/Enqueued 
[15.626s][info   ][gc,ref] GC(0) O: Soft References:                    0                0                0 
[15.626s][info   ][gc,ref] GC(0) O: Weak References:                    0                0                0 
[15.626s][info   ][gc,ref] GC(0) O: Weak (No Queue):                    0                0                0 
[15.626s][info   ][gc,ref] GC(0) O: Final References:                   0                0                0 
[15.626s][info   ][gc,ref] GC(0) O: Phantom References:                 0                0                0 
[16.132s][info   ][gc,ref] GC(1) O:                           Encountered       Discovered Cleared/Enqueued 
[16.132s][info   ][gc,ref] GC(1) O: Soft References:                  148                0                0 
[16.132s][info   ][gc,ref] GC(1) O: Weak References:                  605                0                0 
[16.132s][info   ][gc,ref] GC(1) O: Weak (No Queue):                    3                0                0 
[16.132s][info   ][gc,ref] GC(1) O: Final References:                   0                0                0 
[16.132s][info   ][gc,ref] GC(1) O: Phantom References:                 1                0                0 
[16.648s][info   ][gc,ref] GC(2) O:                           Encountered       Discovered Cleared/Enqueued 
[16.648s][info   ][gc,ref] GC(2) O: Soft References:                  148                0                0 
[16.648s][info   ][gc,ref] GC(2) O: Weak References:                  605                0                0 
[16.648s][info   ][gc,ref] GC(2) O: Weak (No Queue):                    3                0                0 
[16.648s][info   ][gc,ref] GC(2) O: Final References:                   0                0                0 
[16.648s][info   ][gc,ref] GC(2) O: Phantom References:                 1                0                0 
[17.169s][info   ][gc,ref] GC(3) O:                           Encountered       Discovered Cleared/Enqueued 
[17.169s][info   ][gc,ref] GC(3) O: Soft References:                  202                0                0 
[17.169s][info   ][gc,ref] GC(3) O: Weak References:                 1227              355              129 
[17.169s][info   ][gc,ref] GC(3) O: Weak (No Queue):                   25                3                0 
[17.169s][info   ][gc,ref] GC(3) O: Final References:                   0                0                0 
[17.169s][info   ][gc,ref] GC(3) O: Phantom References:                 1                0                0 
WeakRefMultiObjectBenchmark: objects=50000000 minSize=509 maxSize=1097 sleepMillis=3000
Phase 1: Allocating references and objects...
[17.724s][info   ][gc,ref] GC(4) O:                           Encountered       Discovered Cleared/Enqueued 
[17.724s][info   ][gc,ref] GC(4) O: Soft References:                  239                0                0 
[17.724s][info   ][gc,ref] GC(4) O: Weak References:                 1201              239                0 
[17.724s][info   ][gc,ref] GC(4) O: Weak (No Queue):                    3                3                0 
[17.724s][info   ][gc,ref] GC(4) O: Final References:                   0                0                0 
[17.724s][info   ][gc,ref] GC(4) O: Phantom References:                 1                1                0 
[18.586s][info   ][gc,ref] GC(5) O:                           Encountered       Discovered Cleared/Enqueued 
[18.586s][info   ][gc,ref] GC(5) O: Soft References:                  238                0                0 
[18.586s][info   ][gc,ref] GC(5) O: Weak References:                 1201              622              160 
[18.586s][info   ][gc,ref] GC(5) O: Weak (No Queue):                    3                3                0 
[18.586s][info   ][gc,ref] GC(5) O: Final References:                   0                0                0 
[18.586s][info   ][gc,ref] GC(5) O: Phantom References:                 1                1                0 
[19.249s][info   ][gc,ref] GC(6) O:                           Encountered       Discovered Cleared/Enqueued 
[19.249s][info   ][gc,ref] GC(6) O: Soft References:                  238                0                0 
[19.249s][info   ][gc,ref] GC(6) O: Weak References:                 1041              105               41 
[19.249s][info   ][gc,ref] GC(6) O: Weak (No Queue):                    3                0                0 
[19.249s][info   ][gc,ref] GC(6) O: Final References:                   0                0                0 
[19.249s][info   ][gc,ref] GC(6) O: Phantom References:                 1                1                0 
[20.063s][info   ][gc,ref] GC(7) O:                           Encountered       Discovered Cleared/Enqueued 
[20.063s][info   ][gc,ref] GC(7) O: Soft References:                  238                0                0 
[20.063s][info   ][gc,ref] GC(7) O: Weak References:                 1000              760                0 
[20.063s][info   ][gc,ref] GC(7) O: Weak (No Queue):               329172                3                0 
[20.063s][info   ][gc,ref] GC(7) O: Final References:                   0                0                0 
[20.063s][info   ][gc,ref] GC(7) O: Phantom References:                 1                1                0 
[21.538s][info   ][gc,ref] GC(8) O:                           Encountered       Discovered Cleared/Enqueued 
[21.538s][info   ][gc,ref] GC(8) O: Soft References:                  238                0                0 
[21.538s][info   ][gc,ref] GC(8) O: Weak References:                 1000              844                0 
[21.538s][info   ][gc,ref] GC(8) O: Weak (No Queue):              1944601                3                0 
[21.538s][info   ][gc,ref] GC(8) O: Final References:                   0                0                0 
[21.538s][info   ][gc,ref] GC(8) O: Phantom References:                 1                1                0 
[24.535s][info   ][gc,ref] GC(9) O:                           Encountered       Discovered Cleared/Enqueued 
[24.535s][info   ][gc,ref] GC(9) O: Soft References:                  238                0                0 
[24.535s][info   ][gc,ref] GC(9) O: Weak References:                 1000              842                0 
[24.535s][info   ][gc,ref] GC(9) O: Weak (No Queue):              4841046           152819                0 
[24.535s][info   ][gc,ref] GC(9) O: Final References:                   0                0                0 
[24.535s][info   ][gc,ref] GC(9) O: Phantom References:                 1                1                0 
[30.564s][info   ][gc,ref] GC(10) O:                           Encountered       Discovered Cleared/Enqueued 
[30.564s][info   ][gc,ref] GC(10) O: Soft References:                  238                0                0 
[30.564s][info   ][gc,ref] GC(10) O: Weak References:                 1000              840                0 
[30.564s][info   ][gc,ref] GC(10) O: Weak (No Queue):             10713309            43439                0 
[30.564s][info   ][gc,ref] GC(10) O: Final References:                   0                0                0 
[30.564s][info   ][gc,ref] GC(10) O: Phantom References:                 1                1                0 
[42.925s][info   ][gc,ref] GC(11) O:                           Encountered       Discovered Cleared/Enqueued 
[42.925s][info   ][gc,ref] GC(11) O: Soft References:                  238                0                0 
[42.925s][info   ][gc,ref] GC(11) O: Weak References:                 1000              824                0 
[42.925s][info   ][gc,ref] GC(11) O: Weak (No Queue):             22504320           118215                0 
[42.925s][info   ][gc,ref] GC(11) O: Final References:                   0                0                0 
[42.925s][info   ][gc,ref] GC(11) O: Phantom References:                 1                1                0 
Allocated 50000000 objects in 27.72 seconds
Phase 2: Sleeping for 3000 ms...
Phase 3.1: Clearing strong references...
Cleared 10000001 strong references, 39999999 remaining
Waiting 3000 ms...
Phase 3.2: Clearing strong references...
Cleared 10000001 strong references, 29999998 remaining
Waiting 3000 ms...
Phase 3.3: Clearing strong references...
Cleared 10000001 strong references, 19999997 remaining
Waiting 3000 ms...
Phase 3.4: Clearing strong references...
Cleared 10000001 strong references, 9999996 remaining
Waiting 3000 ms...
Phase 3.5: Clearing strong references...
Cleared 9999996 strong references, 0 remaining
Waiting 3000 ms...
[66.717s][info   ][gc,ref] GC(12) O:                           Encountered       Discovered Cleared/Enqueued 
[66.717s][info   ][gc,ref] GC(12) O: Soft References:                  238                0                0 
[66.717s][info   ][gc,ref] GC(12) O: Weak References:                 1000              935                0 
[66.717s][info   ][gc,ref] GC(12) O: Weak (No Queue):             46647496          4306992                0 
[66.717s][info   ][gc,ref] GC(12) O: Final References:                   0                0                0 
[66.717s][info   ][gc,ref] GC(12) O: Phantom References:                 1                1                0 
Waiting 6000 ms...
Phase 4: Final weak reference checks...
Final count of alive weak references: 50000000
[83.663s][info   ][gc,stats] === Garbage Collection Statistics =======================================================================================================================
[83.663s][info   ][gc,stats]                                                              Last 10s              Last 10m              Last 10h                Total
[83.663s][info   ][gc,stats]                                                              Avg / Max             Avg / Max             Avg / Max             Avg / Max
[83.663s][info   ][gc,stats]        Contention: Mark Segment Reset Contention                     0 / 0                 0 / 19                0 / 19                0 / 19          ops/s
[83.663s][info   ][gc,stats]        Contention: Mark SeqNum Reset Contention                      0 / 0                 0 / 4                 0 / 4                 0 / 4           ops/s
[83.663s][info   ][gc,stats]          Critical: Allocation Stall                                  0 / 0                 0 / 0                 0 / 0                 0 / 0           ops/s
[83.663s][info   ][gc,stats]          Critical: Allocation Stall                              0.000 / 0.000         0.000 / 0.000         0.000 / 0.000         0.000 / 0.000       ms
[83.663s][info   ][gc,stats]          Critical: JNI Critical Stall                                0 / 0                 0 / 0                 0 / 0                 0 / 0           ops/s
[83.663s][info   ][gc,stats]          Critical: JNI Critical Stall                            0.000 / 0.000         0.000 / 0.000         0.000 / 0.000         0.000 / 0.000       ms
[83.663s][info   ][gc,stats]          Critical: Relocation Stall                                  0 / 0                 0 / 0                 0 / 0                 0 / 0           ops/s
[83.663s][info   ][gc,stats]          Critical: Relocation Stall                              0.000 / 0.000         0.000 / 0.000         0.000 / 0.000         0.000 / 0.000       ms
[83.663s][info   ][gc,stats]  Major Collection: Major Collection                              0.000 / 0.000      3463.393 / 23288.816  3463.393 / 23288.816  3463.393 / 23288.816   ms
[83.663s][info   ][gc,stats]            Memory: Allocation Rate                                   0 / 0               667 / 1752            667 / 1752            667 / 1752        MB/s
[83.663s][info   ][gc,stats]            Memory: Defragment                                        0 / 0                 0 / 0                 0 / 0                 0 / 0           ops/s
[83.663s][info   ][gc,stats]            Memory: Mapped Cache Harvest                              0 / 0                 0 / 0                 0 / 0                 0 / 0           MB/s
[83.663s][info   ][gc,stats]            Memory: Out Of Memory                                     0 / 0                 0 / 0                 0 / 0                 0 / 0           ops/s
[83.663s][info   ][gc,stats]            Memory: Uncommit                                          0 / 0                 0 / 0                 0 / 0                 0 / 0           MB/s
[83.663s][info   ][gc,stats]            Memory: Undo Object Allocation Failed                     0 / 0                 0 / 0                 0 / 0                 0 / 0           ops/s
[83.663s][info   ][gc,stats]            Memory: Undo Object Allocation Succeeded                  0 / 0                 0 / 1                 0 / 1                 0 / 1           ops/s
[83.663s][info   ][gc,stats]            Memory: Undo Page Allocation                              0 / 0                 0 / 0                 0 / 0                 0 / 0           ops/s
[83.663s][info   ][gc,stats]  Minor Collection: Minor Collection                              0.000 / 0.000         0.000 / 0.000         0.000 / 0.000         0.000 / 0.000       ms
[83.663s][info   ][gc,stats]    Old Generation: Old Generation                                0.000 / 0.000       959.206 / 6235.365    959.206 / 6235.365    959.206 / 6235.365    ms
[83.663s][info   ][gc,stats]         Old Pause: Pause Mark End                                0.000 / 0.000         0.010 / 0.015         0.010 / 0.015         0.010 / 0.015       ms
[83.663s][info   ][gc,stats]         Old Pause: Pause Relocate Start                          0.000 / 0.000         0.008 / 0.015         0.008 / 0.015         0.008 / 0.015       ms
[83.663s][info   ][gc,stats]         Old Phase: Concurrent Mark                               0.000 / 0.000       831.191 / 5403.654    831.191 / 5403.654    831.191 / 5403.654    ms
[83.663s][info   ][gc,stats]         Old Phase: Concurrent Mark Continue                      0.000 / 0.000         0.000 / 0.000         0.000 / 0.000         0.000 / 0.000       ms
[83.663s][info   ][gc,stats]         Old Phase: Concurrent Mark Free                          0.000 / 0.000         0.002 / 0.005         0.002 / 0.005         0.002 / 0.005       ms
[83.663s][info   ][gc,stats]         Old Phase: Concurrent Process Non-Strong                 0.000 / 0.000        40.782 / 488.796      40.782 / 488.796      40.782 / 488.796     ms
[83.663s][info   ][gc,stats]         Old Phase: Concurrent Relocate                           0.000 / 0.000         1.010 / 2.053         1.010 / 2.053         1.010 / 2.053       ms
[83.663s][info   ][gc,stats]         Old Phase: Concurrent Remap Roots                        0.000 / 0.000        85.539 / 352.256      85.539 / 352.256      85.539 / 352.256     ms
[83.663s][info   ][gc,stats]         Old Phase: Concurrent Reset Relocation Set               0.000 / 0.000         0.001 / 0.001         0.001 / 0.001         0.001 / 0.001       ms
[83.663s][info   ][gc,stats]         Old Phase: Concurrent Select Relocation Set              0.000 / 0.000         0.479 / 0.580         0.479 / 0.580         0.479 / 0.580       ms
[83.663s][info   ][gc,stats]      Old Subphase: Concurrent Classes Purge                      0.000 / 0.000         0.066 / 0.463         0.066 / 0.463         0.066 / 0.463       ms
[83.663s][info   ][gc,stats]      Old Subphase: Concurrent Classes Unlink                     0.000 / 0.000         0.923 / 1.165         0.923 / 1.165         0.923 / 1.165       ms
[83.663s][info   ][gc,stats]      Old Subphase: Concurrent Mark Follow                        0.000 / 0.000       831.126 / 5403.587    831.126 / 5403.587    831.126 / 5403.587    ms
[83.663s][info   ][gc,stats]      Old Subphase: Concurrent Mark Root Colored                  0.022 / 0.031         0.021 / 0.039         0.021 / 0.039         0.021 / 0.039       ms
[83.663s][info   ][gc,stats]      Old Subphase: Concurrent Mark Root Uncolored                0.026 / 0.029         0.020 / 0.029         0.020 / 0.029         0.020 / 0.029       ms
[83.663s][info   ][gc,stats]      Old Subphase: Concurrent Mark Roots                         0.081 / 0.081         0.064 / 0.087         0.064 / 0.087         0.064 / 0.087       ms
[83.664s][info   ][gc,stats]      Old Subphase: Concurrent References Enqueue                 0.000 / 0.000         0.001 / 0.003         0.001 / 0.003         0.001 / 0.003       ms
[83.664s][info   ][gc,stats]      Old Subphase: Concurrent References Process                 0.000 / 0.000        39.612 / 486.789      39.612 / 486.789      39.612 / 486.789     ms
[83.664s][info   ][gc,stats]      Old Subphase: Concurrent Remap Remembered                   0.000 / 0.000        55.332 / 351.872      55.332 / 351.872      55.332 / 351.872     ms
[83.664s][info   ][gc,stats]      Old Subphase: Concurrent Remap Roots Colored                0.000 / 0.000         0.146 / 0.265         0.146 / 0.265         0.146 / 0.265       ms
[83.664s][info   ][gc,stats]      Old Subphase: Concurrent Remap Roots Uncolored              0.000 / 0.000         0.127 / 0.223         0.127 / 0.223         0.127 / 0.223       ms
[83.664s][info   ][gc,stats]      Old Subphase: Concurrent Roots ClassLoaderDataGraph         0.017 / 0.022         0.084 / 0.256         0.084 / 0.256         0.084 / 0.256       ms
[83.664s][info   ][gc,stats]      Old Subphase: Concurrent Roots CodeCache                    0.000 / 0.000         0.125 / 0.221         0.125 / 0.221         0.125 / 0.221       ms
[83.664s][info   ][gc,stats]      Old Subphase: Concurrent Roots JavaThreads                  0.026 / 0.029         0.007 / 0.029         0.007 / 0.029         0.007 / 0.029       ms
[83.664s][info   ][gc,stats]      Old Subphase: Concurrent Roots OopStorageSet                0.008 / 0.008         0.003 / 0.013         0.003 / 0.013         0.003 / 0.013       ms
[83.664s][info   ][gc,stats]      Old Subphase: Concurrent Weak Roots OopStorageSet           0.000 / 0.000         0.041 / 0.130         0.041 / 0.130         0.041 / 0.130       ms
[83.664s][info   ][gc,stats]            System: Java Threads                                     11 / 11               11 / 13               11 / 13               11 / 13          threads
[83.664s][info   ][gc,stats]  Young Generation: Young Generation                          10691.226 / 10691.226  3088.872 / 17053.317  3088.872 / 17053.317  3088.872 / 17053.317   ms
[83.664s][info   ][gc,stats]  Young Generation: Young Generation                              0.000 / 0.000         0.000 / 0.000         0.000 / 0.000         0.000 / 0.000       ms
[83.664s][info   ][gc,stats]  Young Generation: Young Generation (Collect Roots)              0.000 / 0.000         0.000 / 0.000         0.000 / 0.000         0.000 / 0.000       ms
[83.664s][info   ][gc,stats]  Young Generation: Young Generation (Promote All)                0.000 / 0.000         0.000 / 0.000         0.000 / 0.000         0.000 / 0.000       ms
[83.664s][info   ][gc,stats]       Young Pause: Pause Mark End                                0.013 / 0.013         0.011 / 0.014         0.011 / 0.014         0.011 / 0.014       ms
[83.664s][info   ][gc,stats]       Young Pause: Pause Mark Start                              0.000 / 0.000         0.000 / 0.000         0.000 / 0.000         0.000 / 0.000       ms
[83.664s][info   ][gc,stats]       Young Pause: Pause Mark Start (Major)                      0.000 / 0.000         0.022 / 0.034         0.022 / 0.034         0.022 / 0.034       ms
[83.664s][info   ][gc,stats]       Young Pause: Pause Relocate Start                          0.012 / 0.012         0.007 / 0.014         0.007 / 0.014         0.007 / 0.014       ms
[83.664s][info   ][gc,stats]       Young Phase: Concurrent Mark                            7711.291 / 7711.291   2666.458 / 15716.746  2666.458 / 15716.746  2666.458 / 15716.746   ms
[83.664s][info   ][gc,stats]       Young Phase: Concurrent Mark Continue                      0.000 / 0.000         0.000 / 0.000         0.000 / 0.000         0.000 / 0.000       ms
[83.664s][info   ][gc,stats]       Young Phase: Concurrent Mark Free                          0.005 / 0.005         0.003 / 0.006         0.003 / 0.006         0.003 / 0.006       ms
[83.664s][info   ][gc,stats]       Young Phase: Concurrent Relocate                        1441.533 / 1441.533    214.801 / 1441.533    214.801 / 1441.533    214.801 / 1441.533    ms
[83.664s][info   ][gc,stats]       Young Phase: Concurrent Reset Relocation Set               1.634 / 1.634         0.449 / 3.342         0.449 / 3.342         0.449 / 3.342       ms
[83.664s][info   ][gc,stats]       Young Phase: Concurrent Select Relocation Set           1536.464 / 1536.464    206.811 / 1536.464    206.811 / 1536.464    206.811 / 1536.464    ms
[83.664s][info   ][gc,stats]    Young Subphase: Concurrent Mark Follow                     7710.730 / 7710.730   2665.768 / 15716.167  2665.768 / 15716.167  2665.768 / 15716.167   ms
[83.664s][info   ][gc,stats]    Young Subphase: Concurrent Mark Root Colored                  0.000 / 0.000         0.357 / 0.595         0.357 / 0.595         0.357 / 0.595       ms
[83.664s][info   ][gc,stats]    Young Subphase: Concurrent Mark Root Uncolored                0.000 / 0.000         0.260 / 0.646         0.260 / 0.646         0.260 / 0.646       ms
[83.664s][info   ][gc,stats]    Young Subphase: Concurrent Mark Roots                         0.000 / 0.000         0.687 / 1.053         0.687 / 1.053         0.687 / 1.053       ms
[83.664s][info   ][gc,stats]    Young Subphase: Concurrent Relocate Remset FP              1441.489 / 1441.489    214.149 / 1441.489    214.149 / 1441.489    214.149 / 1441.489    ms
[83.664s][info   ][gc,stats]    Young Subphase: Concurrent Roots ClassLoaderDataGraph         0.000 / 0.000         0.255 / 0.400         0.255 / 0.400         0.255 / 0.400       ms
[83.664s][info   ][gc,stats]    Young Subphase: Concurrent Roots CodeCache                    0.000 / 0.000         0.236 / 0.296         0.236 / 0.296         0.236 / 0.296       ms
[83.664s][info   ][gc,stats]    Young Subphase: Concurrent Roots JavaThreads                  0.002 / 0.003         0.024 / 0.646         0.024 / 0.646         0.024 / 0.646       ms
[83.664s][info   ][gc,stats]    Young Subphase: Concurrent Roots OopStorageSet                0.000 / 0.000         0.013 / 0.080         0.013 / 0.080         0.013 / 0.080       ms
[83.664s][info   ][gc,stats]    Young Subphase: Concurrent Weak Roots OopStorageSet           0.000 / 0.000         0.092 / 0.191         0.092 / 0.191         0.092 / 0.191       ms
[83.664s][info   ][gc,stats] =========================================================================================================================================================
