
=== Instance 7/8, outer iteration 232/300 (Variant weak_fields) ===

Affinity: allowed=24,25,26,27,28,29,30,31,32,33,34,35 jvm=24,25,26,27,28,29,30,31,32,33 aux=34,35
Benchmark args: 50000000
Command: /gorilla/home/fredrha/SimplifyingWeakRefs/build/variant-images/weak_fields-linux-x86_64-server-release/jdk/bin/java -Xms64g -Xmx64g -XX:+UseZGC -Xlog:gc+stats,gc+ref -XX:InitialTenuringThreshold=1 -XX:MaxTenuringThreshold=1 -XX:ZCollectionIntervalMajor=0.5 -XX:+ZCollectionIntervalOnly -XX:NativeMemoryTracking=summary /gorilla/home/fredrha/SimplifyingWeakRefs/test/weakrefs/WeakFieldMultiObjectBenchmark.java 50000000

[0.004s][warning][gc] ***** WARNING! INCORRECT SYSTEM CONFIGURATION DETECTED! *****
[0.004s][warning][gc] The system limit on number of memory mappings per process might be too low for the given
[0.004s][warning][gc] max Java heap size (65536M). Please adjust /proc/sys/vm/max_map_count to allow for at
[0.004s][warning][gc] least 117964 mappings (current limit is 65530). Continuing execution with the current
[0.004s][warning][gc] limit could lead to a premature OutOfMemoryError being thrown, due to failure to map memory.
[0.004s][info   ][gc,ref] Reference Processor created, Config: Weak field discovery
[15.562s][info   ][gc,ref] GC(0) O:                       Encountered   Discovered      Cleared 
[15.562s][info   ][gc,ref] GC(0) O: Soft References:                0            0            0 
[15.562s][info   ][gc,ref] GC(0) O: Weak References:                0            0            0 
[15.562s][info   ][gc,ref] GC(0) O: Weak Fields:                    0            0            0 
[15.563s][info   ][gc,ref] GC(0) O: Final References:               0            0            0 
[15.563s][info   ][gc,ref] GC(0) O: Phantom References:             0            0            0 
[16.083s][info   ][gc,ref] GC(1) O:                       Encountered   Discovered      Cleared 
[16.083s][info   ][gc,ref] GC(1) O: Soft References:              148            0            0 
[16.083s][info   ][gc,ref] GC(1) O: Weak References:              608            0            0 
[16.083s][info   ][gc,ref] GC(1) O: Weak Fields:                    0            0            0 
[16.083s][info   ][gc,ref] GC(1) O: Final References:               0            0            0 
[16.083s][info   ][gc,ref] GC(1) O: Phantom References:             1            0            0 
[16.599s][info   ][gc,ref] GC(2) O:                       Encountered   Discovered      Cleared 
[16.599s][info   ][gc,ref] GC(2) O: Soft References:              148            0            0 
[16.599s][info   ][gc,ref] GC(2) O: Weak References:              608            0            0 
[16.599s][info   ][gc,ref] GC(2) O: Weak Fields:                    0            0            0 
[16.599s][info   ][gc,ref] GC(2) O: Final References:               0            0            0 
[16.599s][info   ][gc,ref] GC(2) O: Phantom References:             1            0            0 
WeakFieldMultiObjectBenchmark: objects=50000000 minSize=509 maxSize=1097 sleepMillis=3000
[17.160s][info   ][gc,ref] GC(3) O:                       Encountered   Discovered      Cleared 
[17.160s][info   ][gc,ref] GC(3) O: Soft References:              238            0            0 
[17.160s][info   ][gc,ref] GC(3) O: Weak References:             1339          430          129 
[17.160s][info   ][gc,ref] GC(3) O: Weak Fields:                    0            0            0 
[17.160s][info   ][gc,ref] GC(3) O: Final References:               0            0            0 
[17.160s][info   ][gc,ref] GC(3) O: Phantom References:             1            0            0 
Phase 1: Allocating references and objects...
[18.005s][info   ][gc,ref] GC(4) O:                       Encountered   Discovered      Cleared 
[18.005s][info   ][gc,ref] GC(4) O: Soft References:              239            0            0 
[18.005s][info   ][gc,ref] GC(4) O: Weak References:             1210          201            0 
[18.005s][info   ][gc,ref] GC(4) O: Weak Fields:                    0            0            0 
[18.005s][info   ][gc,ref] GC(4) O: Final References:               0            0            0 
[18.005s][info   ][gc,ref] GC(4) O: Phantom References:             1            1            0 
[18.671s][info   ][gc,ref] GC(5) O:                       Encountered   Discovered      Cleared 
[18.671s][info   ][gc,ref] GC(5) O: Soft References:              238            0            0 
[18.671s][info   ][gc,ref] GC(5) O: Weak References:             1210         1013          203 
[18.671s][info   ][gc,ref] GC(5) O: Weak Fields:                    0            0            0 
[18.671s][info   ][gc,ref] GC(5) O: Final References:               0            0            0 
[18.671s][info   ][gc,ref] GC(5) O: Phantom References:             1            1            0 
[19.345s][info   ][gc,ref] GC(6) O:                       Encountered   Discovered      Cleared 
[19.345s][info   ][gc,ref] GC(6) O: Soft References:              238            0            0 
[19.345s][info   ][gc,ref] GC(6) O: Weak References:             1007          650            0 
[19.345s][info   ][gc,ref] GC(6) O: Weak Fields:                    0            0            0 
[19.345s][info   ][gc,ref] GC(6) O: Final References:               0            0            0 
[19.345s][info   ][gc,ref] GC(6) O: Phantom References:             1            1            0 
[20.448s][info   ][gc,ref] GC(7) O:                       Encountered   Discovered      Cleared 
[20.448s][info   ][gc,ref] GC(7) O: Soft References:              238            0            0 
[20.448s][info   ][gc,ref] GC(7) O: Weak References:             1007          578            0 
[20.448s][info   ][gc,ref] GC(7) O: Weak Fields:              1231716            0            0 
[20.448s][info   ][gc,ref] GC(7) O: Final References:               0            0            0 
[20.448s][info   ][gc,ref] GC(7) O: Phantom References:             1            0            0 
[22.466s][info   ][gc,ref] GC(8) O:                       Encountered   Discovered      Cleared 
[22.466s][info   ][gc,ref] GC(8) O: Soft References:              238            0            0 
[22.466s][info   ][gc,ref] GC(8) O: Weak References:             1007          576            0 
[22.466s][info   ][gc,ref] GC(8) O: Weak Fields:              3624289            0            0 
[22.466s][info   ][gc,ref] GC(8) O: Final References:               0            0            0 
[22.466s][info   ][gc,ref] GC(8) O: Phantom References:             1            1            0 
[26.396s][info   ][gc,ref] GC(9) O:                       Encountered   Discovered      Cleared 
[26.396s][info   ][gc,ref] GC(9) O: Soft References:              238            0            0 
[26.396s][info   ][gc,ref] GC(9) O: Weak References:             1007          574            0 
[26.396s][info   ][gc,ref] GC(9) O: Weak Fields:              7955597      1231716            0 
[26.396s][info   ][gc,ref] GC(9) O: Final References:               0            0            0 
[26.396s][info   ][gc,ref] GC(9) O: Phantom References:             1            1            0 
[34.350s][info   ][gc,ref] GC(10) O:                       Encountered   Discovered      Cleared 
[34.350s][info   ][gc,ref] GC(10) O: Soft References:              238            0            0 
[34.350s][info   ][gc,ref] GC(10) O: Weak References:             1007          574            0 
[34.350s][info   ][gc,ref] GC(10) O: Weak Fields:             16334835      3624289            0 
[34.350s][info   ][gc,ref] GC(10) O: Final References:               0            0            0 
[34.350s][info   ][gc,ref] GC(10) O: Phantom References:             1            1            0 
Allocated 50000000 objects in 25.73 seconds
Phase 2: Sleeping for 3000 ms...
Phase 3.1: Clearing strong references...
Cleared 10000001 strong references, 39999999 remaining
Waiting 3000 ms...
[50.257s][info   ][gc,ref] GC(11) O:                       Encountered   Discovered      Cleared 
[50.257s][info   ][gc,ref] GC(11) O: Soft References:              238            0            0 
[50.257s][info   ][gc,ref] GC(11) O: Weak References:             1007          590            0 
[50.257s][info   ][gc,ref] GC(11) O: Weak Fields:             33035230      7955597            0 
[50.257s][info   ][gc,ref] GC(11) O: Final References:               0            0            0 
[50.257s][info   ][gc,ref] GC(11) O: Phantom References:             1            0            0 
Phase 3.2: Clearing strong references...
Cleared 10000001 strong references, 29999998 remaining
Waiting 3000 ms...
Phase 3.3: Clearing strong references...
Cleared 10000001 strong references, 19999997 remaining
Waiting 3000 ms...
Phase 3.4: Clearing strong references...
Cleared 10000001 strong references, 9999996 remaining
Waiting 3000 ms...
Phase 3.5: Clearing strong references...
Cleared 9999996 strong references, 0 remaining
Waiting 3000 ms...
Waiting 6000 ms...
[73.658s][info   ][gc,ref] GC(12) O:                       Encountered   Discovered      Cleared 
[73.658s][info   ][gc,ref] GC(12) O: Soft References:              238            0            0 
[73.658s][info   ][gc,ref] GC(12) O: Weak References:             1007          599            0 
[73.658s][info   ][gc,ref] GC(12) O: Weak Fields:             50000000     16334835      3267586 
[73.658s][info   ][gc,ref] GC(12) O: Final References:               0            0            0 
[73.658s][info   ][gc,ref] GC(12) O: Phantom References:             1            1            0 
Phase 4: Final annotated field checks...
Final count of alive annotated fields: 46732414
[87.368s][info   ][gc,stats] === Garbage Collection Statistics =======================================================================================================================
[87.368s][info   ][gc,stats]                                                              Last 10s              Last 10m              Last 10h                Total
[87.368s][info   ][gc,stats]                                                              Avg / Max             Avg / Max             Avg / Max             Avg / Max
[87.368s][info   ][gc,stats]        Contention: Mark Segment Reset Contention                     0 / 0                 0 / 20                0 / 20                0 / 20          ops/s
[87.368s][info   ][gc,stats]        Contention: Mark SeqNum Reset Contention                      0 / 0                 0 / 4                 0 / 4                 0 / 4           ops/s
[87.368s][info   ][gc,stats]          Critical: Allocation Stall                                  0 / 0                 0 / 0                 0 / 0                 0 / 0           ops/s
[87.368s][info   ][gc,stats]          Critical: Allocation Stall                              0.000 / 0.000         0.000 / 0.000         0.000 / 0.000         0.000 / 0.000       ms
[87.368s][info   ][gc,stats]          Critical: JNI Critical Stall                                0 / 0                 0 / 0                 0 / 0                 0 / 0           ops/s
[87.368s][info   ][gc,stats]          Critical: JNI Critical Stall                            0.000 / 0.000         0.000 / 0.000         0.000 / 0.000         0.000 / 0.000       ms
[87.368s][info   ][gc,stats]          Critical: Relocation Stall                                  0 / 0                 0 / 0                 0 / 0                 0 / 0           ops/s
[87.368s][info   ][gc,stats]          Critical: Relocation Stall                              0.000 / 0.000         0.000 / 0.000         0.000 / 0.000         0.000 / 0.000       ms
[87.368s][info   ][gc,stats]  Major Collection: Major Collection                              0.000 / 0.000      4001.684 / 22890.555  4001.684 / 22890.555  4001.684 / 22890.555   ms
[87.368s][info   ][gc,stats]            Memory: Allocation Rate                                   0 / 0               607 / 1830            607 / 1830            607 / 1830        MB/s
[87.368s][info   ][gc,stats]            Memory: Defragment                                        0 / 0                 0 / 0                 0 / 0                 0 / 0           ops/s
[87.368s][info   ][gc,stats]            Memory: Mapped Cache Harvest                              0 / 0                 0 / 0                 0 / 0                 0 / 0           MB/s
[87.368s][info   ][gc,stats]            Memory: Out Of Memory                                     0 / 0                 0 / 0                 0 / 0                 0 / 0           ops/s
[87.368s][info   ][gc,stats]            Memory: Uncommit                                          0 / 0                 0 / 0                 0 / 0                 0 / 0           MB/s
[87.368s][info   ][gc,stats]            Memory: Undo Object Allocation Failed                     0 / 0                 0 / 0                 0 / 0                 0 / 0           ops/s
[87.368s][info   ][gc,stats]            Memory: Undo Object Allocation Succeeded                  0 / 0                 0 / 0                 0 / 0                 0 / 0           ops/s
[87.368s][info   ][gc,stats]            Memory: Undo Page Allocation                              0 / 0                 0 / 0                 0 / 0                 0 / 0           ops/s
[87.368s][info   ][gc,stats]  Minor Collection: Minor Collection                              0.000 / 0.000         0.000 / 0.000         0.000 / 0.000         0.000 / 0.000       ms
[87.368s][info   ][gc,stats]    Old Generation: Old Generation                                0.000 / 0.000      1501.510 / 9446.488   1501.510 / 9446.488   1501.510 / 9446.488    ms
[87.368s][info   ][gc,stats]         Old Pause: Pause Mark End                                0.000 / 0.000         0.011 / 0.016         0.011 / 0.016         0.011 / 0.016       ms
[87.368s][info   ][gc,stats]         Old Pause: Pause Relocate Start                          0.000 / 0.000         0.009 / 0.016         0.009 / 0.016         0.009 / 0.016       ms
[87.368s][info   ][gc,stats]         Old Phase: Concurrent Mark                               0.000 / 0.000      1105.681 / 6134.650   1105.681 / 6134.650   1105.681 / 6134.650    ms
[87.368s][info   ][gc,stats]         Old Phase: Concurrent Mark Continue                      0.000 / 0.000         0.000 / 0.000         0.000 / 0.000         0.000 / 0.000       ms
[87.368s][info   ][gc,stats]         Old Phase: Concurrent Mark Free                          0.000 / 0.000         0.003 / 0.006         0.003 / 0.006         0.003 / 0.006       ms
[87.368s][info   ][gc,stats]         Old Phase: Concurrent Process Non-Strong                 0.000 / 0.000       136.345 / 945.727     136.345 / 945.727     136.345 / 945.727     ms
[87.368s][info   ][gc,stats]         Old Phase: Concurrent Relocate                           0.000 / 0.000       152.348 / 1968.335    152.348 / 1968.335    152.348 / 1968.335    ms
[87.368s][info   ][gc,stats]         Old Phase: Concurrent Remap Roots                        0.000 / 0.000       102.812 / 358.894     102.812 / 358.894     102.812 / 358.894     ms
[87.368s][info   ][gc,stats]         Old Phase: Concurrent Reset Relocation Set               0.000 / 0.000         0.001 / 0.001         0.001 / 0.001         0.001 / 0.001       ms
[87.368s][info   ][gc,stats]         Old Phase: Concurrent Select Relocation Set              0.000 / 0.000         4.128 / 49.063        4.128 / 49.063        4.128 / 49.063      ms
[87.368s][info   ][gc,stats]      Old Subphase: Concurrent Classes Purge                      0.000 / 0.000         0.055 / 0.225         0.055 / 0.225         0.055 / 0.225       ms
[87.368s][info   ][gc,stats]      Old Subphase: Concurrent Classes Unlink                     0.000 / 0.000         1.031 / 1.369         1.031 / 1.369         1.031 / 1.369       ms
[87.368s][info   ][gc,stats]      Old Subphase: Concurrent Mark Follow                        0.000 / 0.000      1105.590 / 6134.542   1105.590 / 6134.542   1105.590 / 6134.542    ms
[87.368s][info   ][gc,stats]      Old Subphase: Concurrent Mark Root Colored                  0.024 / 0.032         0.033 / 0.086         0.033 / 0.086         0.033 / 0.086       ms
[87.368s][info   ][gc,stats]      Old Subphase: Concurrent Mark Root Uncolored                0.026 / 0.029         0.025 / 0.083         0.025 / 0.083         0.025 / 0.083       ms
[87.368s][info   ][gc,stats]      Old Subphase: Concurrent Mark Roots                         0.084 / 0.084         0.088 / 0.152         0.088 / 0.152         0.088 / 0.152       ms
[87.369s][info   ][gc,stats]      Old Subphase: Concurrent References Enqueue                 0.000 / 0.000         0.001 / 0.003         0.001 / 0.003         0.001 / 0.003       ms
[87.369s][info   ][gc,stats]      Old Subphase: Concurrent References Process                 0.000 / 0.000       135.067 / 944.401     135.067 / 944.401     135.067 / 944.401     ms
[87.369s][info   ][gc,stats]      Old Subphase: Concurrent Remap Remembered                   0.000 / 0.000        63.223 / 358.647      63.223 / 358.647      63.223 / 358.647     ms
[87.369s][info   ][gc,stats]      Old Subphase: Concurrent Remap Roots Colored                0.000 / 0.000         0.124 / 0.272         0.124 / 0.272         0.124 / 0.272       ms
[87.369s][info   ][gc,stats]      Old Subphase: Concurrent Remap Roots Uncolored              0.000 / 0.000         0.171 / 0.270         0.171 / 0.270         0.171 / 0.270       ms
[87.369s][info   ][gc,stats]      Old Subphase: Concurrent Roots ClassLoaderDataGraph         0.019 / 0.023         0.075 / 0.263         0.075 / 0.263         0.075 / 0.263       ms
[87.369s][info   ][gc,stats]      Old Subphase: Concurrent Roots CodeCache                    0.000 / 0.000         0.169 / 0.268         0.169 / 0.268         0.169 / 0.268       ms
[87.369s][info   ][gc,stats]      Old Subphase: Concurrent Roots JavaThreads                  0.026 / 0.029         0.009 / 0.083         0.009 / 0.083         0.009 / 0.083       ms
[87.369s][info   ][gc,stats]      Old Subphase: Concurrent Roots OopStorageSet                0.008 / 0.008         0.003 / 0.014         0.003 / 0.014         0.003 / 0.014       ms
[87.369s][info   ][gc,stats]      Old Subphase: Concurrent Weak Roots OopStorageSet           0.000 / 0.000         0.044 / 0.124         0.044 / 0.124         0.044 / 0.124       ms
[87.369s][info   ][gc,stats]            System: Java Threads                                     11 / 11               11 / 13               11 / 13               11 / 13          threads
[87.369s][info   ][gc,stats]  Young Generation: Young Generation                           6381.888 / 6381.888   2777.334 / 13443.905  2777.334 / 13443.905  2777.334 / 13443.905   ms
[87.369s][info   ][gc,stats]  Young Generation: Young Generation                              0.000 / 0.000         0.000 / 0.000         0.000 / 0.000         0.000 / 0.000       ms
[87.369s][info   ][gc,stats]  Young Generation: Young Generation (Collect Roots)              0.000 / 0.000         0.000 / 0.000         0.000 / 0.000         0.000 / 0.000       ms
[87.369s][info   ][gc,stats]  Young Generation: Young Generation (Promote All)                0.000 / 0.000         0.000 / 0.000         0.000 / 0.000         0.000 / 0.000       ms
[87.369s][info   ][gc,stats]       Young Pause: Pause Mark End                                0.012 / 0.012         0.012 / 0.019         0.012 / 0.019         0.012 / 0.019       ms
[87.369s][info   ][gc,stats]       Young Pause: Pause Mark Start                              0.000 / 0.000         0.000 / 0.000         0.000 / 0.000         0.000 / 0.000       ms
[87.369s][info   ][gc,stats]       Young Pause: Pause Mark Start (Major)                      0.000 / 0.000         0.025 / 0.035         0.025 / 0.035         0.025 / 0.035       ms
[87.369s][info   ][gc,stats]       Young Pause: Pause Relocate Start                          0.012 / 0.012         0.007 / 0.014         0.007 / 0.014         0.007 / 0.014       ms
[87.369s][info   ][gc,stats]       Young Phase: Concurrent Mark                            4833.306 / 4833.306   2424.429 / 11904.765  2424.429 / 11904.765  2424.429 / 11904.765   ms
[87.369s][info   ][gc,stats]       Young Phase: Concurrent Mark Continue                      0.000 / 0.000         0.000 / 0.000         0.000 / 0.000         0.000 / 0.000       ms
[87.369s][info   ][gc,stats]       Young Phase: Concurrent Mark Free                          0.029 / 0.029         0.007 / 0.029         0.007 / 0.029         0.007 / 0.029       ms
[87.369s][info   ][gc,stats]       Young Phase: Concurrent Relocate                         839.486 / 839.486     190.428 / 839.486     190.428 / 839.486     190.428 / 839.486     ms
[87.369s][info   ][gc,stats]       Young Phase: Concurrent Reset Relocation Set               2.272 / 2.272         0.741 / 5.558         0.741 / 5.558         0.741 / 5.558       ms
[87.369s][info   ][gc,stats]       Young Phase: Concurrent Select Relocation Set            705.851 / 705.851     161.301 / 706.807     161.301 / 706.807     161.301 / 706.807     ms
[87.369s][info   ][gc,stats]    Young Subphase: Concurrent Mark Follow                     4832.572 / 4832.572   2423.710 / 11904.088  2423.710 / 11904.088  2423.710 / 11904.088   ms
[87.369s][info   ][gc,stats]    Young Subphase: Concurrent Mark Root Colored                  0.000 / 0.000         0.404 / 0.650         0.404 / 0.650         0.404 / 0.650       ms
[87.369s][info   ][gc,stats]    Young Subphase: Concurrent Mark Root Uncolored                0.000 / 0.000         0.251 / 0.343         0.251 / 0.343         0.251 / 0.343       ms
[87.369s][info   ][gc,stats]    Young Subphase: Concurrent Mark Roots                         0.000 / 0.000         0.713 / 0.982         0.713 / 0.982         0.713 / 0.982       ms
[87.369s][info   ][gc,stats]    Young Subphase: Concurrent Relocate Remset FP               839.174 / 839.174     190.011 / 839.174     190.011 / 839.174     190.011 / 839.174     ms
[87.369s][info   ][gc,stats]    Young Subphase: Concurrent Roots ClassLoaderDataGraph         0.000 / 0.000         0.288 / 0.440         0.288 / 0.440         0.288 / 0.440       ms
[87.369s][info   ][gc,stats]    Young Subphase: Concurrent Roots CodeCache                    0.000 / 0.000         0.228 / 0.288         0.228 / 0.288         0.228 / 0.288       ms
[87.369s][info   ][gc,stats]    Young Subphase: Concurrent Roots JavaThreads                  0.002 / 0.003         0.020 / 0.296         0.020 / 0.296         0.020 / 0.296       ms
[87.369s][info   ][gc,stats]    Young Subphase: Concurrent Roots OopStorageSet                0.000 / 0.000         0.020 / 0.082         0.020 / 0.082         0.020 / 0.082       ms
[87.369s][info   ][gc,stats]    Young Subphase: Concurrent Weak Roots OopStorageSet           0.000 / 0.000         0.099 / 0.212         0.099 / 0.212         0.099 / 0.212       ms
[87.369s][info   ][gc,stats] =========================================================================================================================================================
