
=== Instance 2/8, outer iteration 69/300 (Variant all) ===

Affinity: allowed=12,13,14,15,16,17,18,19,20,21,22,23 jvm=12,13,14,15,16,17,18,19,20,21 aux=22,23
Benchmark args: 50000000
Command: /gorilla/home/fredrha/SimplifyingWeakRefs/build/variant-images/all-linux-x86_64-server-release/jdk/bin/java -Xms64g -Xmx64g -XX:+UseZGC -Xlog:gc+stats,gc+ref -XX:InitialTenuringThreshold=1 -XX:MaxTenuringThreshold=1 -XX:ZCollectionIntervalMajor=0.5 -XX:+ZCollectionIntervalOnly -XX:NativeMemoryTracking=summary /gorilla/home/fredrha/SimplifyingWeakRefs/test/weakrefs/WeakRefMultiObjectBenchmark.java 50000000

[0.004s][warning][gc] ***** WARNING! INCORRECT SYSTEM CONFIGURATION DETECTED! *****
[0.004s][warning][gc] The system limit on number of memory mappings per process might be too low for the given
[0.004s][warning][gc] max Java heap size (65536M). Please adjust /proc/sys/vm/max_map_count to allow for at
[0.004s][warning][gc] least 117964 mappings (current limit is 65530). Continuing execution with the current
[0.004s][warning][gc] limit could lead to a premature OutOfMemoryError being thrown, due to failure to map memory.
[0.004s][info   ][gc,ref] Reference Processor created, Config: All optimisations
[15.238s][info   ][gc,ref] GC(0) O:                           Encountered       Discovered Cleared/Enqueued 
[15.238s][info   ][gc,ref] GC(0) O: Soft References:                    0                0                0 
[15.238s][info   ][gc,ref] GC(0) O: Weak References:                    0                0                0 
[15.238s][info   ][gc,ref] GC(0) O: Weak (No Queue):                    0                0                0 
[15.238s][info   ][gc,ref] GC(0) O: Final References:                   0                0                0 
[15.238s][info   ][gc,ref] GC(0) O: Phantom References:                 0                0                0 
[15.745s][info   ][gc,ref] GC(1) O:                           Encountered       Discovered Cleared/Enqueued 
[15.745s][info   ][gc,ref] GC(1) O: Soft References:                  148                0                0 
[15.745s][info   ][gc,ref] GC(1) O: Weak References:                  605                0                0 
[15.745s][info   ][gc,ref] GC(1) O: Weak (No Queue):                    3                0                0 
[15.745s][info   ][gc,ref] GC(1) O: Final References:                   0                0                0 
[15.745s][info   ][gc,ref] GC(1) O: Phantom References:                 1                0                0 
[16.260s][info   ][gc,ref] GC(2) O:                           Encountered       Discovered Cleared/Enqueued 
[16.260s][info   ][gc,ref] GC(2) O: Soft References:                  148                0                0 
[16.260s][info   ][gc,ref] GC(2) O: Weak References:                  605                0                0 
[16.260s][info   ][gc,ref] GC(2) O: Weak (No Queue):                    3                0                0 
[16.260s][info   ][gc,ref] GC(2) O: Final References:                   0                0                0 
[16.260s][info   ][gc,ref] GC(2) O: Phantom References:                 1                0                0 
WeakRefMultiObjectBenchmark: objects=50000000 minSize=509 maxSize=1097 sleepMillis=3000
[16.782s][info   ][gc,ref] GC(3) O:                           Encountered       Discovered Cleared/Enqueued 
[16.782s][info   ][gc,ref] GC(3) O: Soft References:                  238                0                0 
[16.782s][info   ][gc,ref] GC(3) O: Weak References:                 1330              382              129 
[16.782s][info   ][gc,ref] GC(3) O: Weak (No Queue):                    3                3                0 
[16.782s][info   ][gc,ref] GC(3) O: Final References:                   0                0                0 
[16.782s][info   ][gc,ref] GC(3) O: Phantom References:                 1                1                0 
Phase 1: Allocating references and objects...
[17.630s][info   ][gc,ref] GC(4) O:                           Encountered       Discovered Cleared/Enqueued 
[17.630s][info   ][gc,ref] GC(4) O: Soft References:                  239                0                0 
[17.630s][info   ][gc,ref] GC(4) O: Weak References:                 1201              315                0 
[17.630s][info   ][gc,ref] GC(4) O: Weak (No Queue):                    3                0                0 
[17.630s][info   ][gc,ref] GC(4) O: Final References:                   0                0                0 
[17.630s][info   ][gc,ref] GC(4) O: Phantom References:                 1                1                0 
[18.614s][info   ][gc,ref] GC(5) O:                           Encountered       Discovered Cleared/Enqueued 
[18.614s][info   ][gc,ref] GC(5) O: Soft References:                  238                0                0 
[18.614s][info   ][gc,ref] GC(5) O: Weak References:                 1201              452              201 
[18.614s][info   ][gc,ref] GC(5) O: Weak (No Queue):                    3                0                0 
[18.614s][info   ][gc,ref] GC(5) O: Final References:                   0                0                0 
[18.614s][info   ][gc,ref] GC(5) O: Phantom References:                 1                1                0 
[19.393s][info   ][gc,ref] GC(6) O:                           Encountered       Discovered Cleared/Enqueued 
[19.393s][info   ][gc,ref] GC(6) O: Soft References:                  238                0                0 
[19.393s][info   ][gc,ref] GC(6) O: Weak References:                 1000              851                0 
[19.393s][info   ][gc,ref] GC(6) O: Weak (No Queue):               191449                3                0 
[19.393s][info   ][gc,ref] GC(6) O: Final References:                   0                0                0 
[19.393s][info   ][gc,ref] GC(6) O: Phantom References:                 1                1                0 
[20.765s][info   ][gc,ref] GC(7) O:                           Encountered       Discovered Cleared/Enqueued 
[20.765s][info   ][gc,ref] GC(7) O: Soft References:                  238                0                0 
[20.765s][info   ][gc,ref] GC(7) O: Weak References:                 1000              915                0 
[20.765s][info   ][gc,ref] GC(7) O: Weak (No Queue):              1765207                3                0 
[20.765s][info   ][gc,ref] GC(7) O: Final References:                   0                0                0 
[20.765s][info   ][gc,ref] GC(7) O: Phantom References:                 1                1                0 
[23.503s][info   ][gc,ref] GC(8) O:                           Encountered       Discovered Cleared/Enqueued 
[23.503s][info   ][gc,ref] GC(8) O: Soft References:                  238                0                0 
[23.503s][info   ][gc,ref] GC(8) O: Weak References:                 1000              889                0 
[23.503s][info   ][gc,ref] GC(8) O: Weak (No Queue):              4515808            83401                0 
[23.503s][info   ][gc,ref] GC(8) O: Final References:                   0                0                0 
[23.503s][info   ][gc,ref] GC(8) O: Phantom References:                 1                1                0 
[29.115s][info   ][gc,ref] GC(9) O:                           Encountered       Discovered Cleared/Enqueued 
[29.115s][info   ][gc,ref] GC(9) O: Soft References:                  238                0                0 
[29.115s][info   ][gc,ref] GC(9) O: Weak References:                 1000              737                0 
[29.115s][info   ][gc,ref] GC(9) O: Weak (No Queue):              9947734          1106719                0 
[29.115s][info   ][gc,ref] GC(9) O: Final References:                   0                0                0 
[29.115s][info   ][gc,ref] GC(9) O: Phantom References:                 1                1                0 
[40.391s][info   ][gc,ref] GC(10) O:                           Encountered       Discovered Cleared/Enqueued 
[40.391s][info   ][gc,ref] GC(10) O: Soft References:                  238                0                0 
[40.391s][info   ][gc,ref] GC(10) O: Weak References:                 1000              820                0 
[40.391s][info   ][gc,ref] GC(10) O: Weak (No Queue):             21075089           256175                0 
[40.391s][info   ][gc,ref] GC(10) O: Final References:                   0                0                0 
[40.391s][info   ][gc,ref] GC(10) O: Phantom References:                 1                1                0 
Allocated 50000000 objects in 27.41 seconds
Phase 2: Sleeping for 3000 ms...
Phase 3.1: Clearing strong references...
Cleared 10000001 strong references, 39999999 remaining
Waiting 3000 ms...
Phase 3.2: Clearing strong references...
Cleared 10000001 strong references, 29999998 remaining
Waiting 3000 ms...
Phase 3.3: Clearing strong references...
Cleared 10000001 strong references, 19999997 remaining
Waiting 3000 ms...
Phase 3.4: Clearing strong references...
Cleared 10000001 strong references, 9999996 remaining
Waiting 3000 ms...
[62.886s][info   ][gc,ref] GC(11) O:                           Encountered       Discovered Cleared/Enqueued 
[62.886s][info   ][gc,ref] GC(11) O: Soft References:                  238                0                0 
[62.886s][info   ][gc,ref] GC(11) O: Weak References:                 1000              935                0 
[62.886s][info   ][gc,ref] GC(11) O: Weak (No Queue):             43311298          3927292                0 
[62.886s][info   ][gc,ref] GC(11) O: Final References:                   0                0                0 
[62.886s][info   ][gc,ref] GC(11) O: Phantom References:                 1                1                0 
Phase 3.5: Clearing strong references...
Cleared 9999996 strong references, 0 remaining
Waiting 3000 ms...
Waiting 6000 ms...
Phase 4: Final weak reference checks...
Final count of alive weak references: 50000000
[82.851s][info   ][gc,stats] === Garbage Collection Statistics =======================================================================================================================
[82.851s][info   ][gc,stats]                                                              Last 10s              Last 10m              Last 10h                Total
[82.851s][info   ][gc,stats]                                                              Avg / Max             Avg / Max             Avg / Max             Avg / Max
[82.851s][info   ][gc,stats]        Contention: Mark Segment Reset Contention                     0 / 0                 0 / 18                0 / 18                0 / 18          ops/s
[82.851s][info   ][gc,stats]        Contention: Mark SeqNum Reset Contention                      0 / 2                 0 / 5                 0 / 5                 0 / 5           ops/s
[82.851s][info   ][gc,stats]          Critical: Allocation Stall                                  0 / 0                 0 / 0                 0 / 0                 0 / 0           ops/s
[82.851s][info   ][gc,stats]          Critical: Allocation Stall                              0.000 / 0.000         0.000 / 0.000         0.000 / 0.000         0.000 / 0.000       ms
[82.851s][info   ][gc,stats]          Critical: JNI Critical Stall                                0 / 0                 0 / 0                 0 / 0                 0 / 0           ops/s
[82.851s][info   ][gc,stats]          Critical: JNI Critical Stall                            0.000 / 0.000         0.000 / 0.000         0.000 / 0.000         0.000 / 0.000       ms
[82.851s][info   ][gc,stats]          Critical: Relocation Stall                                  0 / 0                 0 / 0                 0 / 0                 0 / 0           ops/s
[82.851s][info   ][gc,stats]          Critical: Relocation Stall                              0.000 / 0.000         0.000 / 0.000         0.000 / 0.000         0.000 / 0.000       ms
[82.851s][info   ][gc,stats]  Major Collection: Major Collection                              0.000 / 0.000      3507.277 / 21990.837  3507.277 / 21990.837  3507.277 / 21990.837   ms
[82.851s][info   ][gc,stats]            Memory: Allocation Rate                                   0 / 0               677 / 1780            677 / 1780            677 / 1780        MB/s
[82.851s][info   ][gc,stats]            Memory: Defragment                                        0 / 0                 0 / 0                 0 / 0                 0 / 0           ops/s
[82.851s][info   ][gc,stats]            Memory: Mapped Cache Harvest                              0 / 0                 0 / 0                 0 / 0                 0 / 0           MB/s
[82.851s][info   ][gc,stats]            Memory: Out Of Memory                                     0 / 0                 0 / 0                 0 / 0                 0 / 0           ops/s
[82.851s][info   ][gc,stats]            Memory: Uncommit                                          0 / 0                 0 / 0                 0 / 0                 0 / 0           MB/s
[82.851s][info   ][gc,stats]            Memory: Undo Object Allocation Failed                     0 / 0                 0 / 0                 0 / 0                 0 / 0           ops/s
[82.851s][info   ][gc,stats]            Memory: Undo Object Allocation Succeeded                  0 / 0                 0 / 1                 0 / 1                 0 / 1           ops/s
[82.851s][info   ][gc,stats]            Memory: Undo Page Allocation                              0 / 0                 0 / 0                 0 / 0                 0 / 0           ops/s
[82.851s][info   ][gc,stats]  Minor Collection: Minor Collection                              0.000 / 0.000         0.000 / 0.000         0.000 / 0.000         0.000 / 0.000       ms
[82.851s][info   ][gc,stats]    Old Generation: Old Generation                                0.000 / 0.000      1005.172 / 6183.006   1005.172 / 6183.006   1005.172 / 6183.006    ms
[82.851s][info   ][gc,stats]         Old Pause: Pause Mark End                                0.000 / 0.000         0.011 / 0.016         0.011 / 0.016         0.011 / 0.016       ms
[82.851s][info   ][gc,stats]         Old Pause: Pause Relocate Start                          0.000 / 0.000         0.008 / 0.013         0.008 / 0.013         0.008 / 0.013       ms
[82.851s][info   ][gc,stats]         Old Phase: Concurrent Mark                               0.000 / 0.000       893.546 / 5680.615    893.546 / 5680.615    893.546 / 5680.615    ms
[82.851s][info   ][gc,stats]         Old Phase: Concurrent Mark Continue                      0.000 / 0.000         0.000 / 0.000         0.000 / 0.000         0.000 / 0.000       ms
[82.851s][info   ][gc,stats]         Old Phase: Concurrent Mark Free                          0.000 / 0.000         0.003 / 0.007         0.003 / 0.007         0.003 / 0.007       ms
[82.851s][info   ][gc,stats]         Old Phase: Concurrent Process Non-Strong                 0.000 / 0.000        19.408 / 165.397      19.408 / 165.397      19.408 / 165.397     ms
[82.851s][info   ][gc,stats]         Old Phase: Concurrent Relocate                           0.000 / 0.000         1.103 / 2.613         1.103 / 2.613         1.103 / 2.613       ms
[82.851s][info   ][gc,stats]         Old Phase: Concurrent Remap Roots                        0.000 / 0.000        90.388 / 344.827      90.388 / 344.827      90.388 / 344.827     ms
[82.851s][info   ][gc,stats]         Old Phase: Concurrent Reset Relocation Set               0.000 / 0.000         0.001 / 0.001         0.001 / 0.001         0.001 / 0.001       ms
[82.851s][info   ][gc,stats]         Old Phase: Concurrent Select Relocation Set              0.000 / 0.000         0.539 / 0.754         0.539 / 0.754         0.539 / 0.754       ms
[82.851s][info   ][gc,stats]      Old Subphase: Concurrent Classes Purge                      0.000 / 0.000         0.173 / 1.514         0.173 / 1.514         0.173 / 1.514       ms
[82.851s][info   ][gc,stats]      Old Subphase: Concurrent Classes Unlink                     0.000 / 0.000         0.996 / 1.350         0.996 / 1.350         0.996 / 1.350       ms
[82.851s][info   ][gc,stats]      Old Subphase: Concurrent Mark Follow                        0.000 / 0.000       893.470 / 5680.533    893.470 / 5680.533    893.470 / 5680.533    ms
[82.851s][info   ][gc,stats]      Old Subphase: Concurrent Mark Root Colored                  0.029 / 0.031         0.022 / 0.038         0.022 / 0.038         0.022 / 0.038       ms
[82.851s][info   ][gc,stats]      Old Subphase: Concurrent Mark Root Uncolored                0.053 / 0.073         0.026 / 0.073         0.026 / 0.073         0.026 / 0.073       ms
[82.851s][info   ][gc,stats]      Old Subphase: Concurrent Mark Roots                         0.122 / 0.122         0.077 / 0.122         0.077 / 0.122         0.077 / 0.122       ms
[82.851s][info   ][gc,stats]      Old Subphase: Concurrent References Enqueue                 0.000 / 0.000         0.001 / 0.004         0.001 / 0.004         0.001 / 0.004       ms
[82.851s][info   ][gc,stats]      Old Subphase: Concurrent References Process                 0.000 / 0.000        18.071 / 162.659      18.071 / 162.659      18.071 / 162.659     ms
[82.851s][info   ][gc,stats]      Old Subphase: Concurrent Remap Remembered                   0.000 / 0.000        60.623 / 344.537      60.623 / 344.537      60.623 / 344.537     ms
[82.851s][info   ][gc,stats]      Old Subphase: Concurrent Remap Roots Colored                0.000 / 0.000         0.144 / 0.266         0.144 / 0.266         0.144 / 0.266       ms
[82.851s][info   ][gc,stats]      Old Subphase: Concurrent Remap Roots Uncolored              0.000 / 0.000         0.146 / 0.264         0.146 / 0.264         0.146 / 0.264       ms
[82.851s][info   ][gc,stats]      Old Subphase: Concurrent Roots ClassLoaderDataGraph         0.023 / 0.023         0.080 / 0.257         0.080 / 0.257         0.080 / 0.257       ms
[82.851s][info   ][gc,stats]      Old Subphase: Concurrent Roots CodeCache                    0.000 / 0.000         0.144 / 0.263         0.144 / 0.263         0.144 / 0.263       ms
[82.851s][info   ][gc,stats]      Old Subphase: Concurrent Roots JavaThreads                  0.053 / 0.072         0.009 / 0.072         0.009 / 0.072         0.009 / 0.072       ms
[82.851s][info   ][gc,stats]      Old Subphase: Concurrent Roots OopStorageSet                0.005 / 0.007         0.003 / 0.012         0.003 / 0.012         0.003 / 0.012       ms
[82.851s][info   ][gc,stats]      Old Subphase: Concurrent Weak Roots OopStorageSet           0.000 / 0.000         0.043 / 0.133         0.043 / 0.133         0.043 / 0.133       ms
[82.851s][info   ][gc,stats]            System: Java Threads                                     11 / 11               11 / 13               11 / 13               11 / 13          threads
[82.851s][info   ][gc,stats]  Young Generation: Young Generation                          11166.204 / 11166.204  3168.466 / 15807.690  3168.466 / 15807.690  3168.466 / 15807.690   ms
[82.851s][info   ][gc,stats]  Young Generation: Young Generation                              0.000 / 0.000         0.000 / 0.000         0.000 / 0.000         0.000 / 0.000       ms
[82.851s][info   ][gc,stats]  Young Generation: Young Generation (Collect Roots)              0.000 / 0.000         0.000 / 0.000         0.000 / 0.000         0.000 / 0.000       ms
[82.851s][info   ][gc,stats]  Young Generation: Young Generation (Promote All)                0.000 / 0.000         0.000 / 0.000         0.000 / 0.000         0.000 / 0.000       ms
[82.851s][info   ][gc,stats]       Young Pause: Pause Mark End                                0.000 / 0.000         0.011 / 0.014         0.011 / 0.014         0.011 / 0.014       ms
[82.851s][info   ][gc,stats]       Young Pause: Pause Mark Start                              0.000 / 0.000         0.000 / 0.000         0.000 / 0.000         0.000 / 0.000       ms
[82.851s][info   ][gc,stats]       Young Pause: Pause Mark Start (Major)                      0.000 / 0.000         0.022 / 0.036         0.022 / 0.036         0.022 / 0.036       ms
[82.851s][info   ][gc,stats]       Young Pause: Pause Relocate Start                          0.013 / 0.013         0.009 / 0.016         0.009 / 0.016         0.009 / 0.016       ms
[82.851s][info   ][gc,stats]       Young Phase: Concurrent Mark                               0.000 / 0.000      2741.107 / 14530.290  2741.107 / 14530.290  2741.107 / 14530.290   ms
[82.851s][info   ][gc,stats]       Young Phase: Concurrent Mark Continue                      0.000 / 0.000         0.000 / 0.000         0.000 / 0.000         0.000 / 0.000       ms
[82.851s][info   ][gc,stats]       Young Phase: Concurrent Mark Free                          0.000 / 0.000         0.006 / 0.009         0.006 / 0.009         0.006 / 0.009       ms
[82.851s][info   ][gc,stats]       Young Phase: Concurrent Relocate                        1320.754 / 1320.754    227.255 / 1320.754    227.255 / 1320.754    227.255 / 1320.754    ms
[82.851s][info   ][gc,stats]       Young Phase: Concurrent Reset Relocation Set               0.000 / 0.000         1.836 / 21.618        1.836 / 21.618        1.836 / 21.618      ms
[82.851s][info   ][gc,stats]       Young Phase: Concurrent Select Relocation Set           1187.618 / 1187.618    197.918 / 1187.618    197.918 / 1187.618    197.918 / 1187.618    ms
[82.851s][info   ][gc,stats]    Young Subphase: Concurrent Mark Follow                        0.000 / 0.000      2740.434 / 14529.654  2740.434 / 14529.654  2740.434 / 14529.654   ms
[82.851s][info   ][gc,stats]    Young Subphase: Concurrent Mark Root Colored                  0.000 / 0.000         0.373 / 0.640         0.373 / 0.640         0.373 / 0.640       ms
[82.851s][info   ][gc,stats]    Young Subphase: Concurrent Mark Root Uncolored                0.000 / 0.000         0.242 / 0.315         0.242 / 0.315         0.242 / 0.315       ms
[82.851s][info   ][gc,stats]    Young Subphase: Concurrent Mark Roots                         0.000 / 0.000         0.671 / 0.989         0.671 / 0.989         0.671 / 0.989       ms
[82.851s][info   ][gc,stats]    Young Subphase: Concurrent Relocate Remset FP              1319.631 / 1319.631    226.699 / 1319.631    226.699 / 1319.631    226.699 / 1319.631    ms
[82.851s][info   ][gc,stats]    Young Subphase: Concurrent Roots ClassLoaderDataGraph         0.000 / 0.000         0.259 / 0.433         0.259 / 0.433         0.259 / 0.433       ms
[82.851s][info   ][gc,stats]    Young Subphase: Concurrent Roots CodeCache                    0.000 / 0.000         0.216 / 0.295         0.216 / 0.295         0.216 / 0.295       ms
[82.851s][info   ][gc,stats]    Young Subphase: Concurrent Roots JavaThreads                  0.002 / 0.002         0.019 / 0.306         0.019 / 0.306         0.019 / 0.306       ms
[82.851s][info   ][gc,stats]    Young Subphase: Concurrent Roots OopStorageSet                0.000 / 0.000         0.019 / 0.100         0.019 / 0.100         0.019 / 0.100       ms
[82.851s][info   ][gc,stats]    Young Subphase: Concurrent Weak Roots OopStorageSet           0.000 / 0.000         0.098 / 0.202         0.098 / 0.202         0.098 / 0.202       ms
[82.851s][info   ][gc,stats] =========================================================================================================================================================
