
=== Instance 3/8, outer iteration 111/300 (Variant sep_only) ===

Affinity: allowed=24,25,26,27,28,29,30,31,32,33,34,35 jvm=24,25,26,27,28,29,30,31,32,33 aux=34,35
Benchmark args: 50000000
Command: /gorilla/home/fredrha/SimplifyingWeakRefs/build/variant-images/sep_only-linux-x86_64-server-release/jdk/bin/java -Xms64g -Xmx64g -XX:+UseZGC -Xlog:gc+stats,gc+ref -XX:InitialTenuringThreshold=1 -XX:MaxTenuringThreshold=1 -XX:ZCollectionIntervalMajor=0.5 -XX:+ZCollectionIntervalOnly -XX:NativeMemoryTracking=summary /gorilla/home/fredrha/SimplifyingWeakRefs/test/weakrefs/WeakRefMultiObjectBenchmark.java 50000000

[0.004s][warning][gc] ***** WARNING! INCORRECT SYSTEM CONFIGURATION DETECTED! *****
[0.004s][warning][gc] The system limit on number of memory mappings per process might be too low for the given
[0.004s][warning][gc] max Java heap size (65536M). Please adjust /proc/sys/vm/max_map_count to allow for at
[0.004s][warning][gc] least 117964 mappings (current limit is 65530). Continuing execution with the current
[0.004s][warning][gc] limit could lead to a premature OutOfMemoryError being thrown, due to failure to map memory.
[0.004s][info   ][gc,ref] Reference Processor created, Config: Separate list
[14.542s][info   ][gc,ref] GC(0) O:                           Encountered       Discovered Cleared/Enqueued 
[14.542s][info   ][gc,ref] GC(0) O: Soft References:                    0                0                0 
[14.542s][info   ][gc,ref] GC(0) O: Weak References:                    0                0                0 
[14.542s][info   ][gc,ref] GC(0) O: Weak (No Queue):                    0                0                0 
[14.542s][info   ][gc,ref] GC(0) O: Final References:                   0                0                0 
[14.542s][info   ][gc,ref] GC(0) O: Phantom References:                 0                0                0 
[15.059s][info   ][gc,ref] GC(1) O:                           Encountered       Discovered Cleared/Enqueued 
[15.059s][info   ][gc,ref] GC(1) O: Soft References:                  148                0                0 
[15.059s][info   ][gc,ref] GC(1) O: Weak References:                  605                0                0 
[15.059s][info   ][gc,ref] GC(1) O: Weak (No Queue):                    3                0                0 
[15.059s][info   ][gc,ref] GC(1) O: Final References:                   0                0                0 
[15.059s][info   ][gc,ref] GC(1) O: Phantom References:                 1                0                0 
[15.574s][info   ][gc,ref] GC(2) O:                           Encountered       Discovered Cleared/Enqueued 
[15.574s][info   ][gc,ref] GC(2) O: Soft References:                  148                0                0 
[15.574s][info   ][gc,ref] GC(2) O: Weak References:                  605                0                0 
[15.574s][info   ][gc,ref] GC(2) O: Weak (No Queue):                    3                0                0 
[15.574s][info   ][gc,ref] GC(2) O: Final References:                   0                0                0 
[15.574s][info   ][gc,ref] GC(2) O: Phantom References:                 1                0                0 
[16.098s][info   ][gc,ref] GC(3) O:                           Encountered       Discovered Cleared/Enqueued 
[16.098s][info   ][gc,ref] GC(3) O: Soft References:                  219                0                0 
[16.098s][info   ][gc,ref] GC(3) O: Weak References:                 1272              476              129 
[16.098s][info   ][gc,ref] GC(3) O: Weak (No Queue):                   67                1                0 
[16.098s][info   ][gc,ref] GC(3) O: Final References:                   0                0                0 
[16.098s][info   ][gc,ref] GC(3) O: Phantom References:                 1                0                0 
WeakRefMultiObjectBenchmark: objects=50000000 minSize=509 maxSize=1097 sleepMillis=3000
Phase 1: Allocating references and objects...
[16.652s][info   ][gc,ref] GC(4) O:                           Encountered       Discovered Cleared/Enqueued 
[16.652s][info   ][gc,ref] GC(4) O: Soft References:                  239                0                0 
[16.652s][info   ][gc,ref] GC(4) O: Weak References:                 1201              176                0 
[16.652s][info   ][gc,ref] GC(4) O: Weak (No Queue):                    3                0                0 
[16.652s][info   ][gc,ref] GC(4) O: Final References:                   0                0                0 
[16.652s][info   ][gc,ref] GC(4) O: Phantom References:                 1                1                0 
[17.510s][info   ][gc,ref] GC(5) O:                           Encountered       Discovered Cleared/Enqueued 
[17.510s][info   ][gc,ref] GC(5) O: Soft References:                  238                0                0 
[17.510s][info   ][gc,ref] GC(5) O: Weak References:                 1201              717              170 
[17.510s][info   ][gc,ref] GC(5) O: Weak (No Queue):                    3                3                0 
[17.510s][info   ][gc,ref] GC(5) O: Final References:                   0                0                0 
[17.510s][info   ][gc,ref] GC(5) O: Phantom References:                 1                1                0 
[18.175s][info   ][gc,ref] GC(6) O:                           Encountered       Discovered Cleared/Enqueued 
[18.175s][info   ][gc,ref] GC(6) O: Soft References:                  238                0                0 
[18.175s][info   ][gc,ref] GC(6) O: Weak References:                 1031              908               31 
[18.175s][info   ][gc,ref] GC(6) O: Weak (No Queue):                    3                0                0 
[18.175s][info   ][gc,ref] GC(6) O: Final References:                   0                0                0 
[18.175s][info   ][gc,ref] GC(6) O: Phantom References:                 1                1                0 
[18.999s][info   ][gc,ref] GC(7) O:                           Encountered       Discovered Cleared/Enqueued 
[18.999s][info   ][gc,ref] GC(7) O: Soft References:                  238                0                0 
[18.999s][info   ][gc,ref] GC(7) O: Weak References:                 1000              596                0 
[18.999s][info   ][gc,ref] GC(7) O: Weak (No Queue):               375682                1                0 
[18.999s][info   ][gc,ref] GC(7) O: Final References:                   0                0                0 
[18.999s][info   ][gc,ref] GC(7) O: Phantom References:                 1                1                0 
[20.474s][info   ][gc,ref] GC(8) O:                           Encountered       Discovered Cleared/Enqueued 
[20.474s][info   ][gc,ref] GC(8) O: Soft References:                  238                0                0 
[20.474s][info   ][gc,ref] GC(8) O: Weak References:                 1000              514                0 
[20.474s][info   ][gc,ref] GC(8) O: Weak (No Queue):              2029956                0                0 
[20.474s][info   ][gc,ref] GC(8) O: Final References:                   0                0                0 
[20.474s][info   ][gc,ref] GC(8) O: Phantom References:                 1                1                0 
[23.462s][info   ][gc,ref] GC(9) O:                           Encountered       Discovered Cleared/Enqueued 
[23.462s][info   ][gc,ref] GC(9) O: Soft References:                  238                0                0 
[23.462s][info   ][gc,ref] GC(9) O: Weak References:                 1000              813                0 
[23.462s][info   ][gc,ref] GC(9) O: Weak (No Queue):              4921760           155249                0 
[23.462s][info   ][gc,ref] GC(9) O: Final References:                   0                0                0 
[23.462s][info   ][gc,ref] GC(9) O: Phantom References:                 1                1                0 
[29.407s][info   ][gc,ref] GC(10) O:                           Encountered       Discovered Cleared/Enqueued 
[29.407s][info   ][gc,ref] GC(10) O: Soft References:                  238                0                0 
[29.407s][info   ][gc,ref] GC(10) O: Weak References:                 1000              772                0 
[29.407s][info   ][gc,ref] GC(10) O: Weak (No Queue):             10819552           773604                0 
[29.407s][info   ][gc,ref] GC(10) O: Final References:                   0                0                0 
[29.407s][info   ][gc,ref] GC(10) O: Phantom References:                 1                1                0 
[42.478s][info   ][gc,ref] GC(11) O:                           Encountered       Discovered Cleared/Enqueued 
[42.478s][info   ][gc,ref] GC(11) O: Soft References:                  238                0                0 
[42.478s][info   ][gc,ref] GC(11) O: Weak References:                 1000              850                0 
[42.478s][info   ][gc,ref] GC(11) O: Weak (No Queue):             22640826          1869408                0 
[42.478s][info   ][gc,ref] GC(11) O: Final References:                   0                0                0 
[42.478s][info   ][gc,ref] GC(11) O: Phantom References:                 1                1                0 
Allocated 50000000 objects in 27.28 seconds
Phase 2: Sleeping for 3000 ms...
Phase 3.1: Clearing strong references...
Cleared 10000001 strong references, 39999999 remaining
Waiting 3000 ms...
Phase 3.2: Clearing strong references...
Cleared 10000001 strong references, 29999998 remaining
Waiting 3000 ms...
Phase 3.3: Clearing strong references...
Cleared 10000001 strong references, 19999997 remaining
Waiting 3000 ms...
Phase 3.4: Clearing strong references...
Cleared 10000001 strong references, 9999996 remaining
Waiting 3000 ms...
Phase 3.5: Clearing strong references...
Cleared 9999996 strong references, 0 remaining
Waiting 3000 ms...
[67.100s][info   ][gc,ref] GC(12) O:                           Encountered       Discovered Cleared/Enqueued 
[67.100s][info   ][gc,ref] GC(12) O: Soft References:                  238                0                0 
[67.100s][info   ][gc,ref] GC(12) O: Weak References:                 1000              935                0 
[67.100s][info   ][gc,ref] GC(12) O: Weak (No Queue):             48706600          6098386                0 
[67.100s][info   ][gc,ref] GC(12) O: Final References:                   0                0                0 
[67.100s][info   ][gc,ref] GC(12) O: Phantom References:                 1                1                0 
Waiting 6000 ms...
Phase 4: Final weak reference checks...
Final count of alive weak references: 50000000
[82.285s][info   ][gc,stats] === Garbage Collection Statistics =======================================================================================================================
[82.285s][info   ][gc,stats]                                                              Last 10s              Last 10m              Last 10h                Total
[82.285s][info   ][gc,stats]                                                              Avg / Max             Avg / Max             Avg / Max             Avg / Max
[82.285s][info   ][gc,stats]        Contention: Mark Segment Reset Contention                     0 / 0                 0 / 18                0 / 18                0 / 18          ops/s
[82.285s][info   ][gc,stats]        Contention: Mark SeqNum Reset Contention                      0 / 0                 0 / 3                 0 / 3                 0 / 3           ops/s
[82.285s][info   ][gc,stats]          Critical: Allocation Stall                                  0 / 0                 0 / 0                 0 / 0                 0 / 0           ops/s
[82.286s][info   ][gc,stats]          Critical: Allocation Stall                              0.000 / 0.000         0.000 / 0.000         0.000 / 0.000         0.000 / 0.000       ms
[82.286s][info   ][gc,stats]          Critical: JNI Critical Stall                                0 / 0                 0 / 0                 0 / 0                 0 / 0           ops/s
[82.286s][info   ][gc,stats]          Critical: JNI Critical Stall                            0.000 / 0.000         0.000 / 0.000         0.000 / 0.000         0.000 / 0.000       ms
[82.286s][info   ][gc,stats]          Critical: Relocation Stall                                  0 / 0                 0 / 0                 0 / 0                 0 / 0           ops/s
[82.286s][info   ][gc,stats]          Critical: Relocation Stall                              0.000 / 0.000         0.000 / 0.000         0.000 / 0.000         0.000 / 0.000       ms
[82.286s][info   ][gc,stats]  Major Collection: Major Collection                              0.000 / 0.000      3575.484 / 24113.317  3575.484 / 24113.317  3575.484 / 24113.317   ms
[82.286s][info   ][gc,stats]            Memory: Allocation Rate                                   0 / 0               677 / 1784            677 / 1784            677 / 1784        MB/s
[82.286s][info   ][gc,stats]            Memory: Defragment                                        0 / 0                 0 / 0                 0 / 0                 0 / 0           ops/s
[82.286s][info   ][gc,stats]            Memory: Mapped Cache Harvest                              0 / 0                 0 / 0                 0 / 0                 0 / 0           MB/s
[82.286s][info   ][gc,stats]            Memory: Out Of Memory                                     0 / 0                 0 / 0                 0 / 0                 0 / 0           ops/s
[82.286s][info   ][gc,stats]            Memory: Uncommit                                          0 / 0                 0 / 0                 0 / 0                 0 / 0           MB/s
[82.286s][info   ][gc,stats]            Memory: Undo Object Allocation Failed                     0 / 0                 0 / 0                 0 / 0                 0 / 0           ops/s
[82.286s][info   ][gc,stats]            Memory: Undo Object Allocation Succeeded                  0 / 0                 0 / 2                 0 / 2                 0 / 2           ops/s
[82.286s][info   ][gc,stats]            Memory: Undo Page Allocation                              0 / 0                 0 / 0                 0 / 0                 0 / 0           ops/s
[82.286s][info   ][gc,stats]  Minor Collection: Minor Collection                              0.000 / 0.000         0.000 / 0.000         0.000 / 0.000         0.000 / 0.000       ms
[82.286s][info   ][gc,stats]    Old Generation: Old Generation                                0.000 / 0.000      1179.889 / 7312.439   1179.889 / 7312.439   1179.889 / 7312.439    ms
[82.286s][info   ][gc,stats]         Old Pause: Pause Mark End                                0.000 / 0.000         0.010 / 0.013         0.010 / 0.013         0.010 / 0.013       ms
[82.286s][info   ][gc,stats]         Old Pause: Pause Relocate Start                          0.000 / 0.000         0.008 / 0.014         0.008 / 0.014         0.008 / 0.014       ms
[82.286s][info   ][gc,stats]         Old Phase: Concurrent Mark                               0.000 / 0.000       995.766 / 6326.410    995.766 / 6326.410    995.766 / 6326.410    ms
[82.286s][info   ][gc,stats]         Old Phase: Concurrent Mark Continue                      0.000 / 0.000         0.000 / 0.000         0.000 / 0.000         0.000 / 0.000       ms
[82.286s][info   ][gc,stats]         Old Phase: Concurrent Mark Free                          0.000 / 0.000         0.003 / 0.006         0.003 / 0.006         0.003 / 0.006       ms
[82.286s][info   ][gc,stats]         Old Phase: Concurrent Process Non-Strong                 0.000 / 0.000        93.086 / 643.702      93.086 / 643.702      93.086 / 643.702     ms
[82.286s][info   ][gc,stats]         Old Phase: Concurrent Relocate                           0.000 / 0.000         1.272 / 2.374         1.272 / 2.374         1.272 / 2.374       ms
[82.286s][info   ][gc,stats]         Old Phase: Concurrent Remap Roots                        0.000 / 0.000        89.035 / 374.260      89.035 / 374.260      89.035 / 374.260     ms
[82.286s][info   ][gc,stats]         Old Phase: Concurrent Reset Relocation Set               0.000 / 0.000         0.001 / 0.001         0.001 / 0.001         0.001 / 0.001       ms
[82.286s][info   ][gc,stats]         Old Phase: Concurrent Select Relocation Set              0.000 / 0.000         0.513 / 0.686         0.513 / 0.686         0.513 / 0.686       ms
[82.286s][info   ][gc,stats]      Old Subphase: Concurrent Classes Purge                      0.000 / 0.000         0.157 / 1.459         0.157 / 1.459         0.157 / 1.459       ms
[82.286s][info   ][gc,stats]      Old Subphase: Concurrent Classes Unlink                     0.000 / 0.000         1.024 / 1.398         1.024 / 1.398         1.024 / 1.398       ms
[82.286s][info   ][gc,stats]      Old Subphase: Concurrent Mark Follow                        0.000 / 0.000       995.688 / 6326.302    995.688 / 6326.302    995.688 / 6326.302    ms
[82.286s][info   ][gc,stats]      Old Subphase: Concurrent Mark Root Colored                  0.021 / 0.032         0.022 / 0.041         0.022 / 0.041         0.022 / 0.041       ms
[82.286s][info   ][gc,stats]      Old Subphase: Concurrent Mark Root Uncolored                0.025 / 0.028         0.026 / 0.082         0.026 / 0.082         0.026 / 0.082       ms
[82.286s][info   ][gc,stats]      Old Subphase: Concurrent Mark Roots                         0.080 / 0.080         0.076 / 0.118         0.076 / 0.118         0.076 / 0.118       ms
[82.286s][info   ][gc,stats]      Old Subphase: Concurrent References Enqueue                 0.000 / 0.000         0.001 / 0.003         0.001 / 0.003         0.001 / 0.003       ms
[82.286s][info   ][gc,stats]      Old Subphase: Concurrent References Process                 0.000 / 0.000        91.703 / 640.907      91.703 / 640.907      91.703 / 640.907     ms
[82.286s][info   ][gc,stats]      Old Subphase: Concurrent Remap Remembered                   0.000 / 0.000        59.364 / 373.850      59.364 / 373.850      59.364 / 373.850     ms
[82.286s][info   ][gc,stats]      Old Subphase: Concurrent Remap Roots Colored                0.000 / 0.000         0.137 / 0.263         0.137 / 0.263         0.137 / 0.263       ms
[82.286s][info   ][gc,stats]      Old Subphase: Concurrent Remap Roots Uncolored              0.000 / 0.000         0.141 / 0.261         0.141 / 0.261         0.141 / 0.261       ms
[82.286s][info   ][gc,stats]      Old Subphase: Concurrent Roots ClassLoaderDataGraph         0.016 / 0.023         0.078 / 0.254         0.078 / 0.254         0.078 / 0.254       ms
[82.286s][info   ][gc,stats]      Old Subphase: Concurrent Roots CodeCache                    0.000 / 0.000         0.139 / 0.259         0.139 / 0.259         0.139 / 0.259       ms
[82.286s][info   ][gc,stats]      Old Subphase: Concurrent Roots JavaThreads                  0.025 / 0.028         0.009 / 0.082         0.009 / 0.082         0.009 / 0.082       ms
[82.286s][info   ][gc,stats]      Old Subphase: Concurrent Roots OopStorageSet                0.007 / 0.007         0.003 / 0.009         0.003 / 0.009         0.003 / 0.009       ms
[82.286s][info   ][gc,stats]      Old Subphase: Concurrent Weak Roots OopStorageSet           0.000 / 0.000         0.043 / 0.130         0.043 / 0.130         0.043 / 0.130       ms
[82.286s][info   ][gc,stats]            System: Java Threads                                     11 / 11               11 / 13               11 / 13               11 / 13          threads
[82.286s][info   ][gc,stats]  Young Generation: Young Generation                          10958.075 / 10958.075  3007.092 / 16800.729  3007.092 / 16800.729  3007.092 / 16800.729   ms
[82.286s][info   ][gc,stats]  Young Generation: Young Generation                              0.000 / 0.000         0.000 / 0.000         0.000 / 0.000         0.000 / 0.000       ms
[82.286s][info   ][gc,stats]  Young Generation: Young Generation (Collect Roots)              0.000 / 0.000         0.000 / 0.000         0.000 / 0.000         0.000 / 0.000       ms
[82.286s][info   ][gc,stats]  Young Generation: Young Generation (Promote All)                0.000 / 0.000         0.000 / 0.000         0.000 / 0.000         0.000 / 0.000       ms
[82.286s][info   ][gc,stats]       Young Pause: Pause Mark End                                0.012 / 0.012         0.010 / 0.013         0.010 / 0.013         0.010 / 0.013       ms
[82.286s][info   ][gc,stats]       Young Pause: Pause Mark Start                              0.000 / 0.000         0.000 / 0.000         0.000 / 0.000         0.000 / 0.000       ms
[82.286s][info   ][gc,stats]       Young Pause: Pause Mark Start (Major)                      0.000 / 0.000         0.022 / 0.027         0.022 / 0.027         0.022 / 0.027       ms
[82.286s][info   ][gc,stats]       Young Pause: Pause Relocate Start                          0.012 / 0.012         0.006 / 0.012         0.006 / 0.012         0.006 / 0.012       ms
[82.286s][info   ][gc,stats]       Young Phase: Concurrent Mark                            8021.988 / 8021.988   2586.444 / 15460.058  2586.444 / 15460.058  2586.444 / 15460.058   ms
[82.286s][info   ][gc,stats]       Young Phase: Concurrent Mark Continue                      0.000 / 0.000         0.000 / 0.000         0.000 / 0.000         0.000 / 0.000       ms
[82.286s][info   ][gc,stats]       Young Phase: Concurrent Mark Free                          0.002 / 0.002         0.004 / 0.008         0.004 / 0.008         0.004 / 0.008       ms
[82.286s][info   ][gc,stats]       Young Phase: Concurrent Relocate                        1541.824 / 1541.824    222.037 / 1541.824    222.037 / 1541.824    222.037 / 1541.824    ms
[82.286s][info   ][gc,stats]       Young Phase: Concurrent Reset Relocation Set               1.736 / 1.736         0.524 / 4.410         0.524 / 4.410         0.524 / 4.410       ms
[82.286s][info   ][gc,stats]       Young Phase: Concurrent Select Relocation Set           1392.006 / 1392.006    197.737 / 1392.006    197.737 / 1392.006    197.737 / 1392.006    ms
[82.286s][info   ][gc,stats]    Young Subphase: Concurrent Mark Follow                     8021.627 / 8021.627   2585.727 / 15459.332  2585.727 / 15459.332  2585.727 / 15459.332   ms
[82.286s][info   ][gc,stats]    Young Subphase: Concurrent Mark Root Colored                  0.000 / 0.000         0.409 / 0.621         0.409 / 0.621         0.409 / 0.621       ms
[82.286s][info   ][gc,stats]    Young Subphase: Concurrent Mark Root Uncolored                0.000 / 0.000         0.248 / 0.454         0.248 / 0.454         0.248 / 0.454       ms
[82.286s][info   ][gc,stats]    Young Subphase: Concurrent Mark Roots                         0.000 / 0.000         0.715 / 0.945         0.715 / 0.945         0.715 / 0.945       ms
[82.286s][info   ][gc,stats]    Young Subphase: Concurrent Relocate Remset FP              1541.784 / 1541.784    221.316 / 1541.784    221.316 / 1541.784    221.316 / 1541.784    ms
[82.286s][info   ][gc,stats]    Young Subphase: Concurrent Roots ClassLoaderDataGraph         0.000 / 0.000         0.291 / 0.418         0.291 / 0.418         0.291 / 0.418       ms
[82.286s][info   ][gc,stats]    Young Subphase: Concurrent Roots CodeCache                    0.000 / 0.000         0.225 / 0.344         0.225 / 0.344         0.225 / 0.344       ms
[82.286s][info   ][gc,stats]    Young Subphase: Concurrent Roots JavaThreads                  0.003 / 0.004         0.023 / 0.454         0.023 / 0.454         0.023 / 0.454       ms
[82.286s][info   ][gc,stats]    Young Subphase: Concurrent Roots OopStorageSet                0.000 / 0.000         0.015 / 0.121         0.015 / 0.121         0.015 / 0.121       ms
[82.286s][info   ][gc,stats]    Young Subphase: Concurrent Weak Roots OopStorageSet           0.000 / 0.000         0.103 / 0.202         0.103 / 0.202         0.103 / 0.202       ms
[82.286s][info   ][gc,stats] =========================================================================================================================================================
