
=== Instance 7/8, outer iteration 232/300 (Variant clear_path_only) ===

Affinity: allowed=24,25,26,27,28,29,30,31,32,33,34,35 jvm=24,25,26,27,28,29,30,31,32,33 aux=34,35
Benchmark args: 50000000
Command: /gorilla/home/fredrha/SimplifyingWeakRefs/build/variant-images/clear_path_only-linux-x86_64-server-release/jdk/bin/java -Xms64g -Xmx64g -XX:+UseZGC -Xlog:gc+stats,gc+ref -XX:InitialTenuringThreshold=1 -XX:MaxTenuringThreshold=1 -XX:ZCollectionIntervalMajor=0.5 -XX:+ZCollectionIntervalOnly -XX:NativeMemoryTracking=summary /gorilla/home/fredrha/SimplifyingWeakRefs/test/weakrefs/WeakRefMultiObjectBenchmark.java 50000000

[0.004s][warning][gc] ***** WARNING! INCORRECT SYSTEM CONFIGURATION DETECTED! *****
[0.004s][warning][gc] The system limit on number of memory mappings per process might be too low for the given
[0.004s][warning][gc] max Java heap size (65536M). Please adjust /proc/sys/vm/max_map_count to allow for at
[0.004s][warning][gc] least 117964 mappings (current limit is 65530). Continuing execution with the current
[0.004s][warning][gc] limit could lead to a premature OutOfMemoryError being thrown, due to failure to map memory.
[0.004s][info   ][gc,ref] Reference Processor created, Config: Optimised clear path
[15.212s][info   ][gc,ref] GC(0) O:                           Encountered       Discovered Cleared/Enqueued 
[15.213s][info   ][gc,ref] GC(0) O: Soft References:                    0                0                0 
[15.213s][info   ][gc,ref] GC(0) O: Weak References:                    0                0                0 
[15.213s][info   ][gc,ref] GC(0) O: Weak (No Queue):                    0                0                0 
[15.213s][info   ][gc,ref] GC(0) O: Final References:                   0                0                0 
[15.213s][info   ][gc,ref] GC(0) O: Phantom References:                 0                0                0 
[15.730s][info   ][gc,ref] GC(1) O:                           Encountered       Discovered Cleared/Enqueued 
[15.730s][info   ][gc,ref] GC(1) O: Soft References:                  148                0                0 
[15.730s][info   ][gc,ref] GC(1) O: Weak References:                  605                0                0 
[15.730s][info   ][gc,ref] GC(1) O: Weak (No Queue):                    3                0                0 
[15.730s][info   ][gc,ref] GC(1) O: Final References:                   0                0                0 
[15.730s][info   ][gc,ref] GC(1) O: Phantom References:                 1                0                0 
[16.246s][info   ][gc,ref] GC(2) O:                           Encountered       Discovered Cleared/Enqueued 
[16.246s][info   ][gc,ref] GC(2) O: Soft References:                  148                0                0 
[16.246s][info   ][gc,ref] GC(2) O: Weak References:                  605                0                0 
[16.246s][info   ][gc,ref] GC(2) O: Weak (No Queue):                    3                0                0 
[16.246s][info   ][gc,ref] GC(2) O: Final References:                   0                0                0 
[16.246s][info   ][gc,ref] GC(2) O: Phantom References:                 1                0                0 
WeakRefMultiObjectBenchmark: objects=50000000 minSize=509 maxSize=1097 sleepMillis=3000
[16.794s][info   ][gc,ref] GC(3) O:                           Encountered       Discovered Cleared/Enqueued 
[16.794s][info   ][gc,ref] GC(3) O: Soft References:                  238                0                0 
[16.794s][info   ][gc,ref] GC(3) O: Weak References:                 1330              422              129 
[16.794s][info   ][gc,ref] GC(3) O: Weak (No Queue):                    3                3                0 
[16.794s][info   ][gc,ref] GC(3) O: Final References:                   0                0                0 
[16.794s][info   ][gc,ref] GC(3) O: Phantom References:                 1                1                0 
Phase 1: Allocating references and objects...
[17.644s][info   ][gc,ref] GC(4) O:                           Encountered       Discovered Cleared/Enqueued 
[17.644s][info   ][gc,ref] GC(4) O: Soft References:                  239                0                0 
[17.644s][info   ][gc,ref] GC(4) O: Weak References:                 1201              278                0 
[17.644s][info   ][gc,ref] GC(4) O: Weak (No Queue):                    3                0                0 
[17.644s][info   ][gc,ref] GC(4) O: Final References:                   0                0                0 
[17.644s][info   ][gc,ref] GC(4) O: Phantom References:                 1                1                0 
[18.319s][info   ][gc,ref] GC(5) O:                           Encountered       Discovered Cleared/Enqueued 
[18.319s][info   ][gc,ref] GC(5) O: Soft References:                  238                0                0 
[18.319s][info   ][gc,ref] GC(5) O: Weak References:                 1201              631              201 
[18.319s][info   ][gc,ref] GC(5) O: Weak (No Queue):                    3                0                0 
[18.319s][info   ][gc,ref] GC(5) O: Final References:                   0                0                0 
[18.319s][info   ][gc,ref] GC(5) O: Phantom References:                 1                1                0 
[18.986s][info   ][gc,ref] GC(6) O:                           Encountered       Discovered Cleared/Enqueued 
[18.986s][info   ][gc,ref] GC(6) O: Soft References:                  238                0                0 
[18.986s][info   ][gc,ref] GC(6) O: Weak References:                 1000              748                0 
[18.986s][info   ][gc,ref] GC(6) O: Weak (No Queue):                    3                3                0 
[18.986s][info   ][gc,ref] GC(6) O: Final References:                   0                0                0 
[18.986s][info   ][gc,ref] GC(6) O: Phantom References:                 1                1                0 
[20.047s][info   ][gc,ref] GC(7) O:                           Encountered       Discovered Cleared/Enqueued 
[20.047s][info   ][gc,ref] GC(7) O: Soft References:                  238                0                0 
[20.047s][info   ][gc,ref] GC(7) O: Weak References:                 1000              609                0 
[20.047s][info   ][gc,ref] GC(7) O: Weak (No Queue):               954692                3                0 
[20.047s][info   ][gc,ref] GC(7) O: Final References:                   0                0                0 
[20.047s][info   ][gc,ref] GC(7) O: Phantom References:                 1                1                0 
[22.053s][info   ][gc,ref] GC(8) O:                           Encountered       Discovered Cleared/Enqueued 
[22.053s][info   ][gc,ref] GC(8) O: Soft References:                  238                0                0 
[22.053s][info   ][gc,ref] GC(8) O: Weak References:                 1000              689                0 
[22.053s][info   ][gc,ref] GC(8) O: Weak (No Queue):              3071863                3                0 
[22.053s][info   ][gc,ref] GC(8) O: Final References:                   0                0                0 
[22.053s][info   ][gc,ref] GC(8) O: Phantom References:                 1                1                0 
[26.226s][info   ][gc,ref] GC(9) O:                           Encountered       Discovered Cleared/Enqueued 
[26.226s][info   ][gc,ref] GC(9) O: Soft References:                  238                0                0 
[26.226s][info   ][gc,ref] GC(9) O: Weak References:                 1000              607                0 
[26.226s][info   ][gc,ref] GC(9) O: Weak (No Queue):              7070889           374858                0 
[26.226s][info   ][gc,ref] GC(9) O: Final References:                   0                0                0 
[26.226s][info   ][gc,ref] GC(9) O: Phantom References:                 1                1                0 
[34.783s][info   ][gc,ref] GC(10) O:                           Encountered       Discovered Cleared/Enqueued 
[34.783s][info   ][gc,ref] GC(10) O: Soft References:                  238                0                0 
[34.783s][info   ][gc,ref] GC(10) O: Weak References:                 1000              729                0 
[34.783s][info   ][gc,ref] GC(10) O: Weak (No Queue):             15363708            67672                0 
[34.783s][info   ][gc,ref] GC(10) O: Final References:                   0                0                0 
[34.783s][info   ][gc,ref] GC(10) O: Phantom References:                 1                1                0 
Allocated 50000000 objects in 27.77 seconds
Phase 2: Sleeping for 3000 ms...
Phase 3.1: Clearing strong references...
Cleared 10000001 strong references, 39999999 remaining
Waiting 3000 ms...
[51.784s][info   ][gc,ref] GC(11) O:                           Encountered       Discovered Cleared/Enqueued 
[51.784s][info   ][gc,ref] GC(11) O: Soft References:                  238                0                0 
[51.784s][info   ][gc,ref] GC(11) O: Weak References:                 1000              935                0 
[51.784s][info   ][gc,ref] GC(11) O: Weak (No Queue):             32346793             8254                0 
[51.784s][info   ][gc,ref] GC(11) O: Final References:                   0                0                0 
[51.784s][info   ][gc,ref] GC(11) O: Phantom References:                 1                1                0 
Phase 3.2: Clearing strong references...
Cleared 10000001 strong references, 29999998 remaining
Waiting 3000 ms...
Phase 3.3: Clearing strong references...
Cleared 10000001 strong references, 19999997 remaining
Waiting 3000 ms...
Phase 3.4: Clearing strong references...
Cleared 10000001 strong references, 9999996 remaining
Waiting 3000 ms...
Phase 3.5: Clearing strong references...
Cleared 9999996 strong references, 0 remaining
Waiting 3000 ms...
Waiting 6000 ms...
Phase 4: Final weak reference checks...
[78.881s][info   ][gc,ref] GC(12) O:                           Encountered       Discovered Cleared/Enqueued 
[78.881s][info   ][gc,ref] GC(12) O: Soft References:                  238                0                0 
[78.881s][info   ][gc,ref] GC(12) O: Weak References:                 1000              935                0 
[78.881s][info   ][gc,ref] GC(12) O: Weak (No Queue):             50000003         15362018          3073241 
[78.881s][info   ][gc,ref] GC(12) O: Final References:                   0                0                0 
[78.881s][info   ][gc,ref] GC(12) O: Phantom References:                 1                1                0 
Final count of alive weak references: 46926759
[89.603s][info   ][gc,stats] === Garbage Collection Statistics =======================================================================================================================
[89.603s][info   ][gc,stats]                                                              Last 10s              Last 10m              Last 10h                Total
[89.603s][info   ][gc,stats]                                                              Avg / Max             Avg / Max             Avg / Max             Avg / Max
[89.603s][info   ][gc,stats]        Contention: Mark Segment Reset Contention                     0 / 0                 0 / 14                0 / 14                0 / 14          ops/s
[89.603s][info   ][gc,stats]        Contention: Mark SeqNum Reset Contention                      0 / 0                 0 / 3                 0 / 3                 0 / 3           ops/s
[89.603s][info   ][gc,stats]          Critical: Allocation Stall                                  0 / 0                 0 / 0                 0 / 0                 0 / 0           ops/s
[89.603s][info   ][gc,stats]          Critical: Allocation Stall                              0.000 / 0.000         0.000 / 0.000         0.000 / 0.000         0.000 / 0.000       ms
[89.603s][info   ][gc,stats]          Critical: JNI Critical Stall                                0 / 0                 0 / 0                 0 / 0                 0 / 0           ops/s
[89.603s][info   ][gc,stats]          Critical: JNI Critical Stall                            0.000 / 0.000         0.000 / 0.000         0.000 / 0.000         0.000 / 0.000       ms
[89.603s][info   ][gc,stats]          Critical: Relocation Stall                                  0 / 0                 0 / 0                 0 / 0                 0 / 0           ops/s
[89.603s][info   ][gc,stats]          Critical: Relocation Stall                              0.000 / 0.000         0.000 / 0.000         0.000 / 0.000         0.000 / 0.000       ms
[89.603s][info   ][gc,stats]  Major Collection: Major Collection                              0.000 / 0.000      4432.030 / 26591.506  4432.030 / 26591.506  4432.030 / 26591.506   ms
[89.603s][info   ][gc,stats]            Memory: Allocation Rate                                   0 / 0               614 / 1786            614 / 1786            614 / 1786        MB/s
[89.603s][info   ][gc,stats]            Memory: Defragment                                        0 / 0                 0 / 0                 0 / 0                 0 / 0           ops/s
[89.603s][info   ][gc,stats]            Memory: Mapped Cache Harvest                              0 / 0                 0 / 0                 0 / 0                 0 / 0           MB/s
[89.603s][info   ][gc,stats]            Memory: Out Of Memory                                     0 / 0                 0 / 0                 0 / 0                 0 / 0           ops/s
[89.603s][info   ][gc,stats]            Memory: Uncommit                                          0 / 0                 0 / 0                 0 / 0                 0 / 0           MB/s
[89.603s][info   ][gc,stats]            Memory: Undo Object Allocation Failed                     0 / 0                 0 / 0                 0 / 0                 0 / 0           ops/s
[89.603s][info   ][gc,stats]            Memory: Undo Object Allocation Succeeded                  0 / 0                 0 / 1                 0 / 1                 0 / 1           ops/s
[89.603s][info   ][gc,stats]            Memory: Undo Page Allocation                              0 / 0                 0 / 0                 0 / 0                 0 / 0           ops/s
[89.603s][info   ][gc,stats]  Minor Collection: Minor Collection                              0.000 / 0.000         0.000 / 0.000         0.000 / 0.000         0.000 / 0.000       ms
[89.603s][info   ][gc,stats]    Old Generation: Old Generation                                0.000 / 0.000      1573.560 / 11403.631  1573.560 / 11403.631  1573.560 / 11403.631   ms
[89.603s][info   ][gc,stats]         Old Pause: Pause Mark End                                0.000 / 0.000         0.010 / 0.014         0.010 / 0.014         0.010 / 0.014       ms
[89.603s][info   ][gc,stats]         Old Pause: Pause Relocate Start                          0.000 / 0.000         0.007 / 0.011         0.007 / 0.011         0.007 / 0.011       ms
[89.603s][info   ][gc,stats]         Old Phase: Concurrent Mark                               0.000 / 0.000      1139.939 / 6830.616   1139.939 / 6830.616   1139.939 / 6830.616    ms
[89.603s][info   ][gc,stats]         Old Phase: Concurrent Mark Continue                      0.000 / 0.000         0.000 / 0.000         0.000 / 0.000         0.000 / 0.000       ms
[89.603s][info   ][gc,stats]         Old Phase: Concurrent Mark Free                          0.000 / 0.000         0.005 / 0.009         0.005 / 0.009         0.005 / 0.009       ms
[89.603s][info   ][gc,stats]         Old Phase: Concurrent Process Non-Strong                 0.000 / 0.000       139.779 / 1732.270    139.779 / 1732.270    139.779 / 1732.270    ms
[89.603s][info   ][gc,stats]         Old Phase: Concurrent Relocate                           0.000 / 0.000       188.356 / 2433.693    188.356 / 2433.693    188.356 / 2433.693    ms
[89.603s][info   ][gc,stats]         Old Phase: Concurrent Remap Roots                        0.000 / 0.000        98.981 / 366.985      98.981 / 366.985      98.981 / 366.985     ms
[89.603s][info   ][gc,stats]         Old Phase: Concurrent Reset Relocation Set               0.000 / 0.000         0.001 / 0.001         0.001 / 0.001         0.001 / 0.001       ms
[89.603s][info   ][gc,stats]         Old Phase: Concurrent Select Relocation Set              0.000 / 0.000         6.306 / 75.390        6.306 / 75.390        6.306 / 75.390      ms
[89.603s][info   ][gc,stats]      Old Subphase: Concurrent Classes Purge                      0.000 / 0.000         0.225 / 2.329         0.225 / 2.329         0.225 / 2.329       ms
[89.603s][info   ][gc,stats]      Old Subphase: Concurrent Classes Unlink                     0.000 / 0.000         0.889 / 1.193         0.889 / 1.193         0.889 / 1.193       ms
[89.603s][info   ][gc,stats]      Old Subphase: Concurrent Mark Follow                        0.000 / 0.000      1139.853 / 6830.513   1139.853 / 6830.513   1139.853 / 6830.513    ms
[89.603s][info   ][gc,stats]      Old Subphase: Concurrent Mark Root Colored                  0.031 / 0.031         0.022 / 0.068         0.022 / 0.068         0.022 / 0.068       ms
[89.603s][info   ][gc,stats]      Old Subphase: Concurrent Mark Root Uncolored                0.025 / 0.028         0.027 / 0.083         0.027 / 0.083         0.027 / 0.083       ms
[89.603s][info   ][gc,stats]      Old Subphase: Concurrent Mark Roots                         0.084 / 0.084         0.084 / 0.142         0.084 / 0.142         0.084 / 0.142       ms
[89.603s][info   ][gc,stats]      Old Subphase: Concurrent References Enqueue                 0.000 / 0.000         0.001 / 0.006         0.001 / 0.006         0.001 / 0.006       ms
[89.603s][info   ][gc,stats]      Old Subphase: Concurrent References Process                 0.000 / 0.000       138.455 / 1731.693    138.455 / 1731.693    138.455 / 1731.693    ms
[89.603s][info   ][gc,stats]      Old Subphase: Concurrent Remap Remembered                   0.000 / 0.000        70.459 / 366.772      70.459 / 366.772      70.459 / 366.772     ms
[89.603s][info   ][gc,stats]      Old Subphase: Concurrent Remap Roots Colored                0.000 / 0.000         0.161 / 0.285         0.161 / 0.285         0.161 / 0.285       ms
[89.603s][info   ][gc,stats]      Old Subphase: Concurrent Remap Roots Uncolored              0.000 / 0.000         0.115 / 0.208         0.115 / 0.208         0.115 / 0.208       ms
[89.603s][info   ][gc,stats]      Old Subphase: Concurrent Roots ClassLoaderDataGraph         0.018 / 0.023         0.095 / 0.271         0.095 / 0.271         0.095 / 0.271       ms
[89.603s][info   ][gc,stats]      Old Subphase: Concurrent Roots CodeCache                    0.000 / 0.000         0.113 / 0.205         0.113 / 0.205         0.113 / 0.205       ms
[89.603s][info   ][gc,stats]      Old Subphase: Concurrent Roots JavaThreads                  0.025 / 0.028         0.009 / 0.082         0.009 / 0.082         0.009 / 0.082       ms
[89.603s][info   ][gc,stats]      Old Subphase: Concurrent Roots OopStorageSet                0.011 / 0.017         0.004 / 0.017         0.004 / 0.017         0.004 / 0.017       ms
[89.603s][info   ][gc,stats]      Old Subphase: Concurrent Weak Roots OopStorageSet           0.000 / 0.000         0.049 / 0.173         0.049 / 0.173         0.049 / 0.173       ms
[89.603s][info   ][gc,stats]            System: Java Threads                                     11 / 11               11 / 13               11 / 13               11 / 13          threads
[89.603s][info   ][gc,stats]  Young Generation: Young Generation                           7399.596 / 7399.596   3182.745 / 15187.744  3182.745 / 15187.744  3182.745 / 15187.744   ms
[89.603s][info   ][gc,stats]  Young Generation: Young Generation                              0.000 / 0.000         0.000 / 0.000         0.000 / 0.000         0.000 / 0.000       ms
[89.603s][info   ][gc,stats]  Young Generation: Young Generation (Collect Roots)              0.000 / 0.000         0.000 / 0.000         0.000 / 0.000         0.000 / 0.000       ms
[89.603s][info   ][gc,stats]  Young Generation: Young Generation (Promote All)                0.000 / 0.000         0.000 / 0.000         0.000 / 0.000         0.000 / 0.000       ms
[89.603s][info   ][gc,stats]       Young Pause: Pause Mark End                                0.012 / 0.012         0.010 / 0.013         0.010 / 0.013         0.010 / 0.013       ms
[89.603s][info   ][gc,stats]       Young Pause: Pause Mark Start                              0.000 / 0.000         0.000 / 0.000         0.000 / 0.000         0.000 / 0.000       ms
[89.603s][info   ][gc,stats]       Young Pause: Pause Mark Start (Major)                      0.019 / 0.019         0.022 / 0.036         0.022 / 0.036         0.022 / 0.036       ms
[89.603s][info   ][gc,stats]       Young Pause: Pause Relocate Start                          0.013 / 0.013         0.008 / 0.013         0.008 / 0.013         0.008 / 0.013       ms
[89.603s][info   ][gc,stats]       Young Phase: Concurrent Mark                            5408.893 / 5408.893   2749.292 / 13223.022  2749.292 / 13223.022  2749.292 / 13223.022   ms
[89.603s][info   ][gc,stats]       Young Phase: Concurrent Mark Continue                      0.000 / 0.000         0.000 / 0.000         0.000 / 0.000         0.000 / 0.000       ms
[89.603s][info   ][gc,stats]       Young Phase: Concurrent Mark Free                          0.009 / 0.009         0.005 / 0.009         0.005 / 0.009         0.005 / 0.009       ms
[89.603s][info   ][gc,stats]       Young Phase: Concurrent Relocate                        1056.819 / 1056.819    230.431 / 1056.819    230.431 / 1056.819    230.431 / 1056.819    ms
[89.603s][info   ][gc,stats]       Young Phase: Concurrent Reset Relocation Set               2.379 / 2.379         0.374 / 2.379         0.374 / 2.379         0.374 / 2.379       ms
[89.603s][info   ][gc,stats]       Young Phase: Concurrent Select Relocation Set            930.161 / 930.161     202.250 / 930.161     202.250 / 930.161     202.250 / 930.161     ms
[89.603s][info   ][gc,stats]    Young Subphase: Concurrent Mark Follow                     5408.342 / 5408.342   2748.533 / 13222.633  2748.533 / 13222.633  2748.533 / 13222.633   ms
[89.603s][info   ][gc,stats]    Young Subphase: Concurrent Mark Root Colored                  0.360 / 0.360         0.455 / 0.888         0.455 / 0.888         0.455 / 0.888       ms
[89.603s][info   ][gc,stats]    Young Subphase: Concurrent Mark Root Uncolored                0.086 / 0.139         0.241 / 0.318         0.241 / 0.318         0.241 / 0.318       ms
[89.603s][info   ][gc,stats]    Young Subphase: Concurrent Mark Roots                         0.548 / 0.548         0.757 / 1.217         0.757 / 1.217         0.757 / 1.217       ms
[89.603s][info   ][gc,stats]    Young Subphase: Concurrent Relocate Remset FP              1056.779 / 1056.779    229.862 / 1056.779    229.862 / 1056.779    229.862 / 1056.779    ms
[89.603s][info   ][gc,stats]    Young Subphase: Concurrent Roots ClassLoaderDataGraph         0.235 / 0.258         0.332 / 0.620         0.332 / 0.620         0.332 / 0.620       ms
[89.603s][info   ][gc,stats]    Young Subphase: Concurrent Roots CodeCache                    0.038 / 0.041         0.224 / 0.299         0.224 / 0.299         0.224 / 0.299       ms
[89.603s][info   ][gc,stats]    Young Subphase: Concurrent Roots JavaThreads                  0.031 / 0.138         0.020 / 0.291         0.020 / 0.291         0.020 / 0.291       ms
[89.603s][info   ][gc,stats]    Young Subphase: Concurrent Roots OopStorageSet                0.004 / 0.005         0.013 / 0.090         0.013 / 0.090         0.013 / 0.090       ms
[89.603s][info   ][gc,stats]    Young Subphase: Concurrent Weak Roots OopStorageSet           0.119 / 0.166         0.113 / 0.239         0.113 / 0.239         0.113 / 0.239       ms
[89.603s][info   ][gc,stats] =========================================================================================================================================================
