
=== Instance 2/8, outer iteration 47/300 (Variant none) ===

Affinity: allowed=12,13,14,15,16,17,18,19,20,21,22,23 jvm=12,13,14,15,16,17,18,19,20,21 aux=22,23
Benchmark args: 50000000
Command: /gorilla/home/fredrha/SimplifyingWeakRefs/build/variant-images/none-linux-x86_64-server-release/jdk/bin/java -Xms64g -Xmx64g -XX:+UseZGC -Xlog:gc+stats,gc+ref -XX:InitialTenuringThreshold=1 -XX:MaxTenuringThreshold=1 -XX:ZCollectionIntervalMajor=0.5 -XX:+ZCollectionIntervalOnly -XX:NativeMemoryTracking=summary /gorilla/home/fredrha/SimplifyingWeakRefs/test/weakrefs/WeakRefMultiObjectBenchmark.java 50000000

[0.004s][warning][gc] ***** WARNING! INCORRECT SYSTEM CONFIGURATION DETECTED! *****
[0.004s][warning][gc] The system limit on number of memory mappings per process might be too low for the given
[0.004s][warning][gc] max Java heap size (65536M). Please adjust /proc/sys/vm/max_map_count to allow for at
[0.004s][warning][gc] least 117964 mappings (current limit is 65530). Continuing execution with the current
[0.004s][warning][gc] limit could lead to a premature OutOfMemoryError being thrown, due to failure to map memory.
[15.581s][info   ][gc,ref] GC(0) O:                       Encountered   Discovered     Enqueued 
[15.581s][info   ][gc,ref] GC(0) O: Soft References:                0            0            0 
[15.581s][info   ][gc,ref] GC(0) O: Weak References:                0            0            0 
[15.581s][info   ][gc,ref] GC(0) O: Final References:               0            0            0 
[15.581s][info   ][gc,ref] GC(0) O: Phantom References:             0            0            0 
[16.100s][info   ][gc,ref] GC(1) O:                       Encountered   Discovered     Enqueued 
[16.100s][info   ][gc,ref] GC(1) O: Soft References:              148            0            0 
[16.100s][info   ][gc,ref] GC(1) O: Weak References:              608            0            0 
[16.100s][info   ][gc,ref] GC(1) O: Final References:               0            0            0 
[16.100s][info   ][gc,ref] GC(1) O: Phantom References:             1            0            0 
[16.614s][info   ][gc,ref] GC(2) O:                       Encountered   Discovered     Enqueued 
[16.614s][info   ][gc,ref] GC(2) O: Soft References:              148            0            0 
[16.614s][info   ][gc,ref] GC(2) O: Weak References:              608            0            0 
[16.614s][info   ][gc,ref] GC(2) O: Final References:               0            0            0 
[16.614s][info   ][gc,ref] GC(2) O: Phantom References:             1            0            0 
[17.126s][info   ][gc,ref] GC(3) O:                       Encountered   Discovered     Enqueued 
[17.126s][info   ][gc,ref] GC(3) O: Soft References:              148            0            0 
[17.126s][info   ][gc,ref] GC(3) O: Weak References:              608          168          130 
[17.126s][info   ][gc,ref] GC(3) O: Final References:               0            0            0 
[17.126s][info   ][gc,ref] GC(3) O: Phantom References:             1            1            0 
[17.641s][info   ][gc,ref] GC(4) O:                       Encountered   Discovered     Enqueued 
[17.641s][info   ][gc,ref] GC(4) O: Soft References:              152            0            0 
[17.641s][info   ][gc,ref] GC(4) O: Weak References:              534          341            0 
[17.641s][info   ][gc,ref] GC(4) O: Final References:               0            0            0 
[17.641s][info   ][gc,ref] GC(4) O: Phantom References:             1            1            0 
WeakRefMultiObjectBenchmark: objects=50000000 minSize=509 maxSize=1097 sleepMillis=3000
[18.159s][info   ][gc,ref] GC(5) O:                       Encountered   Discovered     Enqueued 
[18.159s][info   ][gc,ref] GC(5) O: Soft References:              238            0            0 
[18.159s][info   ][gc,ref] GC(5) O: Weak References:             1204          238            0 
[18.159s][info   ][gc,ref] GC(5) O: Final References:               0            0            0 
[18.159s][info   ][gc,ref] GC(5) O: Phantom References:             1            0            0 
Phase 1: Allocating references and objects...
[19.008s][info   ][gc,ref] GC(6) O:                       Encountered   Discovered     Enqueued 
[19.008s][info   ][gc,ref] GC(6) O: Soft References:              238            0            0 
[19.008s][info   ][gc,ref] GC(6) O: Weak References:             1204          392           18 
[19.008s][info   ][gc,ref] GC(6) O: Final References:               0            0            0 
[19.008s][info   ][gc,ref] GC(6) O: Phantom References:             1            0            0 
[19.993s][info   ][gc,ref] GC(7) O:                       Encountered   Discovered     Enqueued 
[19.993s][info   ][gc,ref] GC(7) O: Soft References:              238            0            0 
[19.993s][info   ][gc,ref] GC(7) O: Weak References:             1186          229          183 
[19.993s][info   ][gc,ref] GC(7) O: Final References:               0            0            0 
[19.993s][info   ][gc,ref] GC(7) O: Phantom References:             1            1            0 
[20.820s][info   ][gc,ref] GC(8) O:                       Encountered   Discovered     Enqueued 
[20.820s][info   ][gc,ref] GC(8) O: Soft References:              238            0            0 
[20.820s][info   ][gc,ref] GC(8) O: Weak References:           374809          720            0 
[20.820s][info   ][gc,ref] GC(8) O: Final References:               0            0            0 
[20.820s][info   ][gc,ref] GC(8) O: Phantom References:             1            1            0 
[22.301s][info   ][gc,ref] GC(9) O:                       Encountered   Discovered     Enqueued 
[22.301s][info   ][gc,ref] GC(9) O: Soft References:              238            0            0 
[22.301s][info   ][gc,ref] GC(9) O: Weak References:          2032882          788            0 
[22.301s][info   ][gc,ref] GC(9) O: Final References:               0            0            0 
[22.301s][info   ][gc,ref] GC(9) O: Phantom References:             1            1            0 
[25.156s][info   ][gc,ref] GC(10) O:                       Encountered   Discovered     Enqueued 
[25.156s][info   ][gc,ref] GC(10) O: Soft References:              238            0            0 
[25.156s][info   ][gc,ref] GC(10) O: Weak References:          4966884       158418            0 
[25.156s][info   ][gc,ref] GC(10) O: Final References:               0            0            0 
[25.156s][info   ][gc,ref] GC(10) O: Phantom References:             1            1            0 
[30.960s][info   ][gc,ref] GC(11) O:                       Encountered   Discovered     Enqueued 
[30.960s][info   ][gc,ref] GC(11) O: Soft References:              238            0            0 
[30.960s][info   ][gc,ref] GC(11) O: Weak References:         10597421       772782            0 
[30.960s][info   ][gc,ref] GC(11) O: Final References:               0            0            0 
[30.960s][info   ][gc,ref] GC(11) O: Phantom References:             1            1            0 
[42.419s][info   ][gc,ref] GC(12) O:                       Encountered   Discovered     Enqueued 
[42.419s][info   ][gc,ref] GC(12) O: Soft References:              238            0            0 
[42.419s][info   ][gc,ref] GC(12) O: Weak References:         22016583      1844219            0 
[42.419s][info   ][gc,ref] GC(12) O: Final References:               0            0            0 
[42.419s][info   ][gc,ref] GC(12) O: Phantom References:             1            1            0 
Allocated 50000000 objects in 27.36 seconds
Phase 2: Sleeping for 3000 ms...
Phase 3.1: Clearing strong references...
Cleared 10000001 strong references, 39999999 remaining
Waiting 3000 ms...
Phase 3.2: Clearing strong references...
Cleared 10000001 strong references, 29999998 remaining
Waiting 3000 ms...
Phase 3.3: Clearing strong references...
Cleared 10000001 strong references, 19999997 remaining
Waiting 3000 ms...
Phase 3.4: Clearing strong references...
Cleared 10000001 strong references, 9999996 remaining
Waiting 3000 ms...
[64.781s][info   ][gc,ref] GC(13) O:                       Encountered   Discovered     Enqueued 
[64.781s][info   ][gc,ref] GC(13) O: Soft References:              238            0            0 
[64.781s][info   ][gc,ref] GC(13) O: Weak References:         44813926     10592000            0 
[64.781s][info   ][gc,ref] GC(13) O: Final References:               0            0            0 
[64.781s][info   ][gc,ref] GC(13) O: Phantom References:             1            1            0 
Phase 3.5: Clearing strong references...
Cleared 9999996 strong references, 0 remaining
Waiting 3000 ms...
Waiting 6000 ms...
Phase 4: Final weak reference checks...
Final count of alive weak references: 50000000
[85.230s][info   ][gc,stats] === Garbage Collection Statistics =======================================================================================================================
[85.230s][info   ][gc,stats]                                                              Last 10s              Last 10m              Last 10h                Total
[85.230s][info   ][gc,stats]                                                              Avg / Max             Avg / Max             Avg / Max             Avg / Max
[85.230s][info   ][gc,stats]        Contention: Mark Segment Reset Contention                     0 / 1                 0 / 30                0 / 30                0 / 30          ops/s
[85.230s][info   ][gc,stats]        Contention: Mark SeqNum Reset Contention                      0 / 1                 0 / 2                 0 / 2                 0 / 2           ops/s
[85.230s][info   ][gc,stats]          Critical: Allocation Stall                                  0 / 0                 0 / 0                 0 / 0                 0 / 0           ops/s
[85.230s][info   ][gc,stats]          Critical: Allocation Stall                              0.000 / 0.000         0.000 / 0.000         0.000 / 0.000         0.000 / 0.000       ms
[85.230s][info   ][gc,stats]          Critical: JNI Critical Stall                                0 / 0                 0 / 0                 0 / 0                 0 / 0           ops/s
[85.230s][info   ][gc,stats]          Critical: JNI Critical Stall                            0.000 / 0.000         0.000 / 0.000         0.000 / 0.000         0.000 / 0.000       ms
[85.230s][info   ][gc,stats]          Critical: Relocation Stall                                  0 / 0                 0 / 0                 0 / 0                 0 / 0           ops/s
[85.230s][info   ][gc,stats]          Critical: Relocation Stall                              0.000 / 0.000         0.000 / 0.000         0.000 / 0.000         0.000 / 0.000       ms
[85.230s][info   ][gc,stats]  Major Collection: Major Collection                              0.000 / 0.000      3045.094 / 21860.786  3045.094 / 21860.786  3045.094 / 21860.786   ms
[85.230s][info   ][gc,stats]            Memory: Allocation Rate                                   0 / 0               658 / 1780            658 / 1780            658 / 1780        MB/s
[85.230s][info   ][gc,stats]            Memory: Defragment                                        0 / 0                 0 / 0                 0 / 0                 0 / 0           ops/s
[85.230s][info   ][gc,stats]            Memory: Mapped Cache Harvest                              0 / 0                 0 / 0                 0 / 0                 0 / 0           MB/s
[85.230s][info   ][gc,stats]            Memory: Out Of Memory                                     0 / 0                 0 / 0                 0 / 0                 0 / 0           ops/s
[85.230s][info   ][gc,stats]            Memory: Uncommit                                          0 / 0                 0 / 0                 0 / 0                 0 / 0           MB/s
[85.230s][info   ][gc,stats]            Memory: Undo Object Allocation Failed                     0 / 0                 0 / 0                 0 / 0                 0 / 0           ops/s
[85.230s][info   ][gc,stats]            Memory: Undo Object Allocation Succeeded                  0 / 0                 0 / 1                 0 / 1                 0 / 1           ops/s
[85.230s][info   ][gc,stats]            Memory: Undo Page Allocation                              0 / 0                 0 / 0                 0 / 0                 0 / 0           ops/s
[85.230s][info   ][gc,stats]  Minor Collection: Minor Collection                              0.000 / 0.000         0.000 / 0.000         0.000 / 0.000         0.000 / 0.000       ms
[85.230s][info   ][gc,stats]    Old Generation: Old Generation                                0.000 / 0.000      1007.703 / 7091.133   1007.703 / 7091.133   1007.703 / 7091.133    ms
[85.230s][info   ][gc,stats]         Old Pause: Pause Mark End                                0.000 / 0.000         0.011 / 0.016         0.011 / 0.016         0.011 / 0.016       ms
[85.230s][info   ][gc,stats]         Old Pause: Pause Relocate Start                          0.000 / 0.000         0.008 / 0.014         0.008 / 0.014         0.008 / 0.014       ms
[85.230s][info   ][gc,stats]         Old Phase: Concurrent Mark                               0.000 / 0.000       812.481 / 5666.258    812.481 / 5666.258    812.481 / 5666.258    ms
[85.230s][info   ][gc,stats]         Old Phase: Concurrent Mark Continue                      0.000 / 0.000         0.000 / 0.000         0.000 / 0.000         0.000 / 0.000       ms
[85.230s][info   ][gc,stats]         Old Phase: Concurrent Mark Free                          0.000 / 0.000         0.002 / 0.004         0.002 / 0.004         0.002 / 0.004       ms
[85.230s][info   ][gc,stats]         Old Phase: Concurrent Process Non-Strong                 0.000 / 0.000       111.797 / 1074.719    111.797 / 1074.719    111.797 / 1074.719    ms
[85.230s][info   ][gc,stats]         Old Phase: Concurrent Relocate                           0.000 / 0.000         1.059 / 2.145         1.059 / 2.145         1.059 / 2.145       ms
[85.230s][info   ][gc,stats]         Old Phase: Concurrent Remap Roots                        0.000 / 0.000        81.644 / 372.447      81.644 / 372.447      81.644 / 372.447     ms
[85.230s][info   ][gc,stats]         Old Phase: Concurrent Reset Relocation Set               0.000 / 0.000         0.001 / 0.001         0.001 / 0.001         0.001 / 0.001       ms
[85.230s][info   ][gc,stats]         Old Phase: Concurrent Select Relocation Set              0.000 / 0.000         0.538 / 0.686         0.538 / 0.686         0.538 / 0.686       ms
[85.230s][info   ][gc,stats]      Old Subphase: Concurrent Classes Purge                      0.000 / 0.000         0.136 / 1.477         0.136 / 1.477         0.136 / 1.477       ms
[85.231s][info   ][gc,stats]      Old Subphase: Concurrent Classes Unlink                     0.000 / 0.000         0.964 / 1.982         0.964 / 1.982         0.964 / 1.982       ms
[85.231s][info   ][gc,stats]      Old Subphase: Concurrent Mark Follow                        0.000 / 0.000       812.396 / 5666.158    812.396 / 5666.158    812.396 / 5666.158    ms
[85.231s][info   ][gc,stats]      Old Subphase: Concurrent Mark Root Colored                  0.022 / 0.032         0.025 / 0.053         0.025 / 0.053         0.025 / 0.053       ms
[85.231s][info   ][gc,stats]      Old Subphase: Concurrent Mark Root Uncolored                0.050 / 0.071         0.030 / 0.071         0.030 / 0.071         0.030 / 0.071       ms
[85.231s][info   ][gc,stats]      Old Subphase: Concurrent Mark Roots                         0.121 / 0.121         0.085 / 0.142         0.085 / 0.142         0.085 / 0.142       ms
[85.231s][info   ][gc,stats]      Old Subphase: Concurrent References Enqueue                 0.000 / 0.000         0.001 / 0.003         0.001 / 0.003         0.001 / 0.003       ms
[85.231s][info   ][gc,stats]      Old Subphase: Concurrent References Process                 0.000 / 0.000       110.453 / 1071.980    110.453 / 1071.980    110.453 / 1071.980    ms
[85.231s][info   ][gc,stats]      Old Subphase: Concurrent Remap Remembered                   0.000 / 0.000        58.699 / 372.131      58.699 / 372.131      58.699 / 372.131     ms
[85.231s][info   ][gc,stats]      Old Subphase: Concurrent Remap Roots Colored                0.000 / 0.000         0.150 / 0.284         0.150 / 0.284         0.150 / 0.284       ms
[85.231s][info   ][gc,stats]      Old Subphase: Concurrent Remap Roots Uncolored              0.000 / 0.000         0.109 / 0.221         0.109 / 0.221         0.109 / 0.221       ms
[85.231s][info   ][gc,stats]      Old Subphase: Concurrent Roots ClassLoaderDataGraph         0.017 / 0.023         0.087 / 0.275         0.087 / 0.275         0.087 / 0.275       ms
[85.231s][info   ][gc,stats]      Old Subphase: Concurrent Roots CodeCache                    0.000 / 0.000         0.107 / 0.220         0.107 / 0.220         0.107 / 0.220       ms
[85.231s][info   ][gc,stats]      Old Subphase: Concurrent Roots JavaThreads                  0.050 / 0.071         0.010 / 0.071         0.010 / 0.071         0.010 / 0.071       ms
[85.231s][info   ][gc,stats]      Old Subphase: Concurrent Roots OopStorageSet                0.009 / 0.009         0.003 / 0.015         0.003 / 0.015         0.003 / 0.015       ms
[85.231s][info   ][gc,stats]      Old Subphase: Concurrent Weak Roots OopStorageSet           0.000 / 0.000         0.050 / 0.277         0.050 / 0.277         0.050 / 0.277       ms
[85.231s][info   ][gc,stats]            System: Java Threads                                      0 / 0                11 / 13               11 / 13               11 / 13          threads
[85.231s][info   ][gc,stats]  Young Generation: Young Generation                          10484.203 / 10484.203  2600.401 / 14769.495  2600.401 / 14769.495  2600.401 / 14769.495   ms
[85.231s][info   ][gc,stats]  Young Generation: Young Generation                              0.000 / 0.000         0.000 / 0.000         0.000 / 0.000         0.000 / 0.000       ms
[85.231s][info   ][gc,stats]  Young Generation: Young Generation (Collect Roots)              0.000 / 0.000         0.000 / 0.000         0.000 / 0.000         0.000 / 0.000       ms
[85.231s][info   ][gc,stats]  Young Generation: Young Generation (Promote All)                0.000 / 0.000         0.000 / 0.000         0.000 / 0.000         0.000 / 0.000       ms
[85.231s][info   ][gc,stats]       Young Pause: Pause Mark End                                0.000 / 0.000         0.011 / 0.014         0.011 / 0.014         0.011 / 0.014       ms
[85.231s][info   ][gc,stats]       Young Pause: Pause Mark Start                              0.000 / 0.000         0.000 / 0.000         0.000 / 0.000         0.000 / 0.000       ms
[85.231s][info   ][gc,stats]       Young Pause: Pause Mark Start (Major)                      0.000 / 0.000         0.024 / 0.057         0.024 / 0.057         0.024 / 0.057       ms
[85.231s][info   ][gc,stats]       Young Pause: Pause Relocate Start                          0.000 / 0.000         0.008 / 0.015         0.008 / 0.015         0.008 / 0.015       ms
[85.231s][info   ][gc,stats]       Young Phase: Concurrent Mark                               0.000 / 0.000      2213.942 / 13449.949  2213.942 / 13449.949  2213.942 / 13449.949   ms
[85.231s][info   ][gc,stats]       Young Phase: Concurrent Mark Continue                      0.000 / 0.000         0.000 / 0.000         0.000 / 0.000         0.000 / 0.000       ms
[85.231s][info   ][gc,stats]       Young Phase: Concurrent Mark Free                          0.000 / 0.000         0.005 / 0.012         0.005 / 0.012         0.005 / 0.012       ms
[85.231s][info   ][gc,stats]       Young Phase: Concurrent Relocate                        1364.537 / 1364.537    203.152 / 1364.537    203.152 / 1364.537    203.152 / 1364.537    ms
[85.231s][info   ][gc,stats]       Young Phase: Concurrent Reset Relocation Set               0.000 / 0.000         0.544 / 4.754         0.544 / 4.754         0.544 / 4.754       ms
[85.231s][info   ][gc,stats]       Young Phase: Concurrent Select Relocation Set              0.000 / 0.000       182.420 / 1248.241    182.420 / 1248.241    182.420 / 1248.241    ms
[85.231s][info   ][gc,stats]    Young Subphase: Concurrent Mark Follow                        0.000 / 0.000      2213.265 / 13449.381  2213.265 / 13449.381  2213.265 / 13449.381   ms
[85.231s][info   ][gc,stats]    Young Subphase: Concurrent Mark Root Colored                  0.000 / 0.000         0.395 / 0.893         0.395 / 0.893         0.395 / 0.893       ms
[85.231s][info   ][gc,stats]    Young Subphase: Concurrent Mark Root Uncolored                0.000 / 0.000         0.223 / 0.315         0.223 / 0.315         0.223 / 0.315       ms
[85.231s][info   ][gc,stats]    Young Subphase: Concurrent Mark Roots                         0.000 / 0.000         0.675 / 1.232         0.675 / 1.232         0.675 / 1.232       ms
[85.231s][info   ][gc,stats]    Young Subphase: Concurrent Relocate Remset FP              1364.502 / 1364.502    202.699 / 1364.502    202.699 / 1364.502    202.699 / 1364.502    ms
[85.231s][info   ][gc,stats]    Young Subphase: Concurrent Roots ClassLoaderDataGraph         0.000 / 0.000         0.286 / 0.644         0.286 / 0.644         0.286 / 0.644       ms
[85.231s][info   ][gc,stats]    Young Subphase: Concurrent Roots CodeCache                    0.000 / 0.000         0.201 / 0.296         0.201 / 0.296         0.201 / 0.296       ms
[85.231s][info   ][gc,stats]    Young Subphase: Concurrent Roots JavaThreads                  0.000 / 0.000         0.016 / 0.297         0.016 / 0.297         0.016 / 0.297       ms
[85.231s][info   ][gc,stats]    Young Subphase: Concurrent Roots OopStorageSet                0.000 / 0.000         0.013 / 0.159         0.013 / 0.159         0.013 / 0.159       ms
[85.231s][info   ][gc,stats]    Young Subphase: Concurrent Weak Roots OopStorageSet           0.000 / 0.000         0.095 / 0.235         0.095 / 0.235         0.095 / 0.235       ms
[85.231s][info   ][gc,stats] =========================================================================================================================================================
