
=== Instance 8/8, outer iteration 287/300 (Variant sep_only) ===

Affinity: allowed=36,37,38,39,40,41,42,43,44,45,46,47 jvm=36,37,38,39,40,41,42,43,44,45 aux=46,47
Benchmark args: 50000000
Command: /gorilla/home/fredrha/SimplifyingWeakRefs/build/variant-images/sep_only-linux-x86_64-server-release/jdk/bin/java -Xms64g -Xmx64g -XX:+UseZGC -Xlog:gc+stats,gc+ref -XX:InitialTenuringThreshold=1 -XX:MaxTenuringThreshold=1 -XX:ZCollectionIntervalMajor=0.5 -XX:+ZCollectionIntervalOnly -XX:NativeMemoryTracking=summary /gorilla/home/fredrha/SimplifyingWeakRefs/test/weakrefs/WeakRefMultiObjectBenchmark.java 50000000

[0.004s][warning][gc] ***** WARNING! INCORRECT SYSTEM CONFIGURATION DETECTED! *****
[0.004s][warning][gc] The system limit on number of memory mappings per process might be too low for the given
[0.004s][warning][gc] max Java heap size (65536M). Please adjust /proc/sys/vm/max_map_count to allow for at
[0.004s][warning][gc] least 117964 mappings (current limit is 65530). Continuing execution with the current
[0.004s][warning][gc] limit could lead to a premature OutOfMemoryError being thrown, due to failure to map memory.
[0.004s][info   ][gc,ref] Reference Processor created, Config: Separate list
[15.500s][info   ][gc,ref] GC(0) O:                           Encountered       Discovered Cleared/Enqueued 
[15.500s][info   ][gc,ref] GC(0) O: Soft References:                    0                0                0 
[15.500s][info   ][gc,ref] GC(0) O: Weak References:                    0                0                0 
[15.500s][info   ][gc,ref] GC(0) O: Weak (No Queue):                    0                0                0 
[15.500s][info   ][gc,ref] GC(0) O: Final References:                   0                0                0 
[15.500s][info   ][gc,ref] GC(0) O: Phantom References:                 0                0                0 
[16.016s][info   ][gc,ref] GC(1) O:                           Encountered       Discovered Cleared/Enqueued 
[16.016s][info   ][gc,ref] GC(1) O: Soft References:                  148                0                0 
[16.016s][info   ][gc,ref] GC(1) O: Weak References:                  605                0                0 
[16.016s][info   ][gc,ref] GC(1) O: Weak (No Queue):                    3                0                0 
[16.016s][info   ][gc,ref] GC(1) O: Final References:                   0                0                0 
[16.016s][info   ][gc,ref] GC(1) O: Phantom References:                 1                0                0 
[16.532s][info   ][gc,ref] GC(2) O:                           Encountered       Discovered Cleared/Enqueued 
[16.532s][info   ][gc,ref] GC(2) O: Soft References:                  148                0                0 
[16.532s][info   ][gc,ref] GC(2) O: Weak References:                  605                0                0 
[16.532s][info   ][gc,ref] GC(2) O: Weak (No Queue):                    3                0                0 
[16.532s][info   ][gc,ref] GC(2) O: Final References:                   0                0                0 
[16.532s][info   ][gc,ref] GC(2) O: Phantom References:                 1                0                0 
[17.043s][info   ][gc,ref] GC(3) O:                           Encountered       Discovered Cleared/Enqueued 
[17.043s][info   ][gc,ref] GC(3) O: Soft References:                  148                0                0 
[17.043s][info   ][gc,ref] GC(3) O: Weak References:                  605              394              130 
[17.043s][info   ][gc,ref] GC(3) O: Weak (No Queue):                    3                0                0 
[17.043s][info   ][gc,ref] GC(3) O: Final References:                   0                0                0 
[17.043s][info   ][gc,ref] GC(3) O: Phantom References:                 1                1                0 
[17.558s][info   ][gc,ref] GC(4) O:                           Encountered       Discovered Cleared/Enqueued 
[17.558s][info   ][gc,ref] GC(4) O: Soft References:                  153                0                0 
[17.558s][info   ][gc,ref] GC(4) O: Weak References:                  540              234                0 
[17.558s][info   ][gc,ref] GC(4) O: Weak (No Queue):                    3                3                0 
[17.558s][info   ][gc,ref] GC(4) O: Final References:                   0                0                0 
[17.558s][info   ][gc,ref] GC(4) O: Phantom References:                 1                1                0 
WeakRefMultiObjectBenchmark: objects=50000000 minSize=509 maxSize=1097 sleepMillis=3000
[18.076s][info   ][gc,ref] GC(5) O:                           Encountered       Discovered Cleared/Enqueued 
[18.076s][info   ][gc,ref] GC(5) O: Soft References:                  238                0                0 
[18.076s][info   ][gc,ref] GC(5) O: Weak References:                 1201              263                0 
[18.076s][info   ][gc,ref] GC(5) O: Weak (No Queue):                    3                3                0 
[18.076s][info   ][gc,ref] GC(5) O: Final References:                   0                0                0 
[18.076s][info   ][gc,ref] GC(5) O: Phantom References:                 1                1                0 
Phase 1: Allocating references and objects...
[18.921s][info   ][gc,ref] GC(6) O:                           Encountered       Discovered Cleared/Enqueued 
[18.921s][info   ][gc,ref] GC(6) O: Soft References:                  238                0                0 
[18.921s][info   ][gc,ref] GC(6) O: Weak References:                 1201              308               23 
[18.921s][info   ][gc,ref] GC(6) O: Weak (No Queue):                    3                3                0 
[18.921s][info   ][gc,ref] GC(6) O: Final References:                   0                0                0 
[18.921s][info   ][gc,ref] GC(6) O: Phantom References:                 1                1                0 
[19.916s][info   ][gc,ref] GC(7) O:                           Encountered       Discovered Cleared/Enqueued 
[19.916s][info   ][gc,ref] GC(7) O: Soft References:                  238                0                0 
[19.916s][info   ][gc,ref] GC(7) O: Weak References:                 1178              605              178 
[19.916s][info   ][gc,ref] GC(7) O: Weak (No Queue):                    3                3                0 
[19.916s][info   ][gc,ref] GC(7) O: Final References:                   0                0                0 
[19.916s][info   ][gc,ref] GC(7) O: Phantom References:                 1                1                0 
[20.745s][info   ][gc,ref] GC(8) O:                           Encountered       Discovered Cleared/Enqueued 
[20.745s][info   ][gc,ref] GC(8) O: Soft References:                  238                0                0 
[20.745s][info   ][gc,ref] GC(8) O: Weak References:                 1000                6                0 
[20.745s][info   ][gc,ref] GC(8) O: Weak (No Queue):               342903                3                0 
[20.745s][info   ][gc,ref] GC(8) O: Final References:                   0                0                0 
[20.745s][info   ][gc,ref] GC(8) O: Phantom References:                 1                1                0 
[22.203s][info   ][gc,ref] GC(9) O:                           Encountered       Discovered Cleared/Enqueued 
[22.203s][info   ][gc,ref] GC(9) O: Soft References:                  238                0                0 
[22.203s][info   ][gc,ref] GC(9) O: Weak References:                 1000              451                0 
[22.203s][info   ][gc,ref] GC(9) O: Weak (No Queue):              1980714                3                0 
[22.203s][info   ][gc,ref] GC(9) O: Final References:                   0                0                0 
[22.203s][info   ][gc,ref] GC(9) O: Phantom References:                 1                1                0 
[24.939s][info   ][gc,ref] GC(10) O:                           Encountered       Discovered Cleared/Enqueued 
[24.939s][info   ][gc,ref] GC(10) O: Soft References:                  238                0                0 
[24.939s][info   ][gc,ref] GC(10) O: Weak References:                 1000              462                0 
[24.939s][info   ][gc,ref] GC(10) O: Weak (No Queue):              4815078           183390                0 
[24.939s][info   ][gc,ref] GC(10) O: Final References:                   0                0                0 
[24.939s][info   ][gc,ref] GC(10) O: Phantom References:                 1                1                0 
[30.709s][info   ][gc,ref] GC(11) O:                           Encountered       Discovered Cleared/Enqueued 
[30.709s][info   ][gc,ref] GC(11) O: Soft References:                  238                0                0 
[30.709s][info   ][gc,ref] GC(11) O: Weak References:                 1000              457                0 
[30.709s][info   ][gc,ref] GC(11) O: Weak (No Queue):             10182973           741084                0 
[30.709s][info   ][gc,ref] GC(11) O: Final References:                   0                0                0 
[30.709s][info   ][gc,ref] GC(11) O: Phantom References:                 1                1                0 
[42.753s][info   ][gc,ref] GC(12) O:                           Encountered       Discovered Cleared/Enqueued 
[42.753s][info   ][gc,ref] GC(12) O: Soft References:                  238                0                0 
[42.753s][info   ][gc,ref] GC(12) O: Weak References:                 1000                6                0 
[42.753s][info   ][gc,ref] GC(12) O: Weak (No Queue):             21556041          1772933                0 
[42.753s][info   ][gc,ref] GC(12) O: Final References:                   0                0                0 
[42.753s][info   ][gc,ref] GC(12) O: Phantom References:                 1                1                0 
Allocated 50000000 objects in 27.54 seconds
Phase 2: Sleeping for 3000 ms...
Phase 3.1: Clearing strong references...
Cleared 10000001 strong references, 39999999 remaining
Waiting 3000 ms...
Phase 3.2: Clearing strong references...
Cleared 10000001 strong references, 29999998 remaining
Waiting 3000 ms...
Phase 3.3: Clearing strong references...
Cleared 10000001 strong references, 19999997 remaining
Waiting 3000 ms...
Phase 3.4: Clearing strong references...
Cleared 10000001 strong references, 9999996 remaining
Waiting 3000 ms...
[65.372s][info   ][gc,ref] GC(13) O:                           Encountered       Discovered Cleared/Enqueued 
[65.372s][info   ][gc,ref] GC(13) O: Soft References:                  238                0                0 
[65.372s][info   ][gc,ref] GC(13) O: Weak References:                 1000              570                0 
[65.372s][info   ][gc,ref] GC(13) O: Weak (No Queue):             45273050         10182871                0 
[65.372s][info   ][gc,ref] GC(13) O: Final References:                   0                0                0 
[65.372s][info   ][gc,ref] GC(13) O: Phantom References:                 1                1                0 
Phase 3.5: Clearing strong references...
Cleared 9999996 strong references, 0 remaining
Waiting 3000 ms...
Waiting 6000 ms...
Phase 4: Final weak reference checks...
Final count of alive weak references: 50000000
[85.153s][info   ][gc,stats] === Garbage Collection Statistics =======================================================================================================================
[85.153s][info   ][gc,stats]                                                              Last 10s              Last 10m              Last 10h                Total
[85.153s][info   ][gc,stats]                                                              Avg / Max             Avg / Max             Avg / Max             Avg / Max
[85.153s][info   ][gc,stats]        Contention: Mark Segment Reset Contention                     0 / 2                 0 / 22                0 / 22                0 / 22          ops/s
[85.153s][info   ][gc,stats]        Contention: Mark SeqNum Reset Contention                      0 / 0                 0 / 5                 0 / 5                 0 / 5           ops/s
[85.153s][info   ][gc,stats]          Critical: Allocation Stall                                  0 / 0                 0 / 0                 0 / 0                 0 / 0           ops/s
[85.153s][info   ][gc,stats]          Critical: Allocation Stall                              0.000 / 0.000         0.000 / 0.000         0.000 / 0.000         0.000 / 0.000       ms
[85.153s][info   ][gc,stats]          Critical: JNI Critical Stall                                0 / 0                 0 / 0                 0 / 0                 0 / 0           ops/s
[85.153s][info   ][gc,stats]          Critical: JNI Critical Stall                            0.000 / 0.000         0.000 / 0.000         0.000 / 0.000         0.000 / 0.000       ms
[85.154s][info   ][gc,stats]          Critical: Relocation Stall                                  0 / 0                 0 / 0                 0 / 0                 0 / 0           ops/s
[85.154s][info   ][gc,stats]          Critical: Relocation Stall                              0.000 / 0.000         0.000 / 0.000         0.000 / 0.000         0.000 / 0.000       ms
[85.154s][info   ][gc,stats]  Major Collection: Major Collection                              0.000 / 0.000      3093.334 / 22115.818  3093.334 / 22115.818  3093.334 / 22115.818   ms
[85.154s][info   ][gc,stats]            Memory: Allocation Rate                                   0 / 0               658 / 1768            658 / 1768            658 / 1768        MB/s
[85.154s][info   ][gc,stats]            Memory: Defragment                                        0 / 0                 0 / 0                 0 / 0                 0 / 0           ops/s
[85.154s][info   ][gc,stats]            Memory: Mapped Cache Harvest                              0 / 0                 0 / 0                 0 / 0                 0 / 0           MB/s
[85.154s][info   ][gc,stats]            Memory: Out Of Memory                                     0 / 0                 0 / 0                 0 / 0                 0 / 0           ops/s
[85.154s][info   ][gc,stats]            Memory: Uncommit                                          0 / 0                 0 / 0                 0 / 0                 0 / 0           MB/s
[85.154s][info   ][gc,stats]            Memory: Undo Object Allocation Failed                     0 / 0                 0 / 0                 0 / 0                 0 / 0           ops/s
[85.154s][info   ][gc,stats]            Memory: Undo Object Allocation Succeeded                  0 / 0                 0 / 2                 0 / 2                 0 / 2           ops/s
[85.154s][info   ][gc,stats]            Memory: Undo Page Allocation                              0 / 0                 0 / 0                 0 / 0                 0 / 0           ops/s
[85.154s][info   ][gc,stats]  Minor Collection: Minor Collection                              0.000 / 0.000         0.000 / 0.000         0.000 / 0.000         0.000 / 0.000       ms
[85.154s][info   ][gc,stats]    Old Generation: Old Generation                                0.000 / 0.000      1011.844 / 6785.299   1011.844 / 6785.299   1011.844 / 6785.299    ms
[85.154s][info   ][gc,stats]         Old Pause: Pause Mark End                                0.000 / 0.000         0.009 / 0.015         0.009 / 0.015         0.009 / 0.015       ms
[85.154s][info   ][gc,stats]         Old Pause: Pause Relocate Start                          0.000 / 0.000         0.007 / 0.012         0.007 / 0.012         0.007 / 0.012       ms
[85.154s][info   ][gc,stats]         Old Phase: Concurrent Mark                               0.000 / 0.000       819.894 / 5446.310    819.894 / 5446.310    819.894 / 5446.310    ms
[85.154s][info   ][gc,stats]         Old Phase: Concurrent Mark Continue                      0.000 / 0.000         0.000 / 0.000         0.000 / 0.000         0.000 / 0.000       ms
[85.154s][info   ][gc,stats]         Old Phase: Concurrent Mark Free                          0.000 / 0.000         0.004 / 0.008         0.004 / 0.008         0.004 / 0.008       ms
[85.154s][info   ][gc,stats]         Old Phase: Concurrent Process Non-Strong                 0.000 / 0.000       110.167 / 1000.380    110.167 / 1000.380    110.167 / 1000.380    ms
[85.154s][info   ][gc,stats]         Old Phase: Concurrent Relocate                           0.000 / 0.000         1.015 / 2.750         1.015 / 2.750         1.015 / 2.750       ms
[85.154s][info   ][gc,stats]         Old Phase: Concurrent Remap Roots                        0.000 / 0.000        80.035 / 363.327      80.035 / 363.327      80.035 / 363.327     ms
[85.154s][info   ][gc,stats]         Old Phase: Concurrent Reset Relocation Set               0.000 / 0.000         0.001 / 0.002         0.001 / 0.002         0.001 / 0.002       ms
[85.154s][info   ][gc,stats]         Old Phase: Concurrent Select Relocation Set              0.000 / 0.000         0.518 / 0.667         0.518 / 0.667         0.518 / 0.667       ms
[85.154s][info   ][gc,stats]      Old Subphase: Concurrent Classes Purge                      0.000 / 0.000         0.154 / 1.497         0.154 / 1.497         0.154 / 1.497       ms
[85.154s][info   ][gc,stats]      Old Subphase: Concurrent Classes Unlink                     0.000 / 0.000         0.911 / 1.742         0.911 / 1.742         0.911 / 1.742       ms
[85.154s][info   ][gc,stats]      Old Subphase: Concurrent Mark Follow                        0.000 / 0.000       819.822 / 5446.203    819.822 / 5446.203    819.822 / 5446.203    ms
[85.154s][info   ][gc,stats]      Old Subphase: Concurrent Mark Root Colored                  0.023 / 0.031         0.020 / 0.040         0.020 / 0.040         0.020 / 0.040       ms
[85.154s][info   ][gc,stats]      Old Subphase: Concurrent Mark Root Uncolored                0.051 / 0.072         0.025 / 0.072         0.025 / 0.072         0.025 / 0.072       ms
[85.154s][info   ][gc,stats]      Old Subphase: Concurrent Mark Roots                         0.124 / 0.124         0.073 / 0.124         0.073 / 0.124         0.073 / 0.124       ms
[85.154s][info   ][gc,stats]      Old Subphase: Concurrent References Enqueue                 0.000 / 0.000         0.001 / 0.006         0.001 / 0.006         0.001 / 0.006       ms
[85.154s][info   ][gc,stats]      Old Subphase: Concurrent References Process                 0.000 / 0.000       108.926 / 997.629     108.926 / 997.629     108.926 / 997.629     ms
[85.154s][info   ][gc,stats]      Old Subphase: Concurrent Remap Remembered                   0.000 / 0.000        57.505 / 362.976      57.505 / 362.976      57.505 / 362.976     ms
[85.154s][info   ][gc,stats]      Old Subphase: Concurrent Remap Roots Colored                0.000 / 0.000         0.148 / 0.264         0.148 / 0.264         0.148 / 0.264       ms
[85.154s][info   ][gc,stats]      Old Subphase: Concurrent Remap Roots Uncolored              0.000 / 0.000         0.110 / 0.213         0.110 / 0.213         0.110 / 0.213       ms
[85.154s][info   ][gc,stats]      Old Subphase: Concurrent Roots ClassLoaderDataGraph         0.018 / 0.021         0.085 / 0.253         0.085 / 0.253         0.085 / 0.253       ms
[85.154s][info   ][gc,stats]      Old Subphase: Concurrent Roots CodeCache                    0.000 / 0.000         0.108 / 0.211         0.108 / 0.211         0.108 / 0.211       ms
[85.154s][info   ][gc,stats]      Old Subphase: Concurrent Roots JavaThreads                  0.051 / 0.072         0.009 / 0.072         0.009 / 0.072         0.009 / 0.072       ms
[85.154s][info   ][gc,stats]      Old Subphase: Concurrent Roots OopStorageSet                0.008 / 0.008         0.003 / 0.020         0.003 / 0.020         0.003 / 0.020       ms
[85.154s][info   ][gc,stats]      Old Subphase: Concurrent Weak Roots OopStorageSet           0.000 / 0.000         0.042 / 0.202         0.042 / 0.202         0.042 / 0.202       ms
[85.154s][info   ][gc,stats]            System: Java Threads                                     11 / 11               11 / 13               11 / 13               11 / 13          threads
[85.154s][info   ][gc,stats]  Young Generation: Young Generation                          10722.683 / 10722.683  2657.469 / 15330.383  2657.469 / 15330.383  2657.469 / 15330.383   ms
[85.154s][info   ][gc,stats]  Young Generation: Young Generation                              0.000 / 0.000         0.000 / 0.000         0.000 / 0.000         0.000 / 0.000       ms
[85.154s][info   ][gc,stats]  Young Generation: Young Generation (Collect Roots)              0.000 / 0.000         0.000 / 0.000         0.000 / 0.000         0.000 / 0.000       ms
[85.154s][info   ][gc,stats]  Young Generation: Young Generation (Promote All)                0.000 / 0.000         0.000 / 0.000         0.000 / 0.000         0.000 / 0.000       ms
[85.154s][info   ][gc,stats]       Young Pause: Pause Mark End                                0.000 / 0.000         0.010 / 0.013         0.010 / 0.013         0.010 / 0.013       ms
[85.154s][info   ][gc,stats]       Young Pause: Pause Mark Start                              0.000 / 0.000         0.000 / 0.000         0.000 / 0.000         0.000 / 0.000       ms
[85.154s][info   ][gc,stats]       Young Pause: Pause Mark Start (Major)                      0.000 / 0.000         0.022 / 0.033         0.022 / 0.033         0.022 / 0.033       ms
[85.154s][info   ][gc,stats]       Young Pause: Pause Relocate Start                          0.012 / 0.012         0.007 / 0.013         0.007 / 0.013         0.007 / 0.013       ms
[85.154s][info   ][gc,stats]       Young Phase: Concurrent Mark                               0.000 / 0.000      2268.840 / 14035.501  2268.840 / 14035.501  2268.840 / 14035.501   ms
[85.154s][info   ][gc,stats]       Young Phase: Concurrent Mark Continue                      0.000 / 0.000         0.000 / 0.000         0.000 / 0.000         0.000 / 0.000       ms
[85.154s][info   ][gc,stats]       Young Phase: Concurrent Mark Free                          0.000 / 0.000         0.005 / 0.008         0.005 / 0.008         0.005 / 0.008       ms
[85.154s][info   ][gc,stats]       Young Phase: Concurrent Relocate                        1422.268 / 1422.268    205.298 / 1422.268    205.298 / 1422.268    205.298 / 1422.268    ms
[85.154s][info   ][gc,stats]       Young Phase: Concurrent Reset Relocation Set               0.000 / 0.000         0.212 / 1.699         0.212 / 1.699         0.212 / 1.699       ms
[85.154s][info   ][gc,stats]       Young Phase: Concurrent Select Relocation Set           1284.522 / 1284.522    182.789 / 1284.522    182.789 / 1284.522    182.789 / 1284.522    ms
[85.154s][info   ][gc,stats]    Young Subphase: Concurrent Mark Follow                        0.000 / 0.000      2268.191 / 14034.907  2268.191 / 14034.907  2268.191 / 14034.907   ms
[85.154s][info   ][gc,stats]    Young Subphase: Concurrent Mark Root Colored                  0.000 / 0.000         0.354 / 0.615         0.354 / 0.615         0.354 / 0.615       ms
[85.154s][info   ][gc,stats]    Young Subphase: Concurrent Mark Root Uncolored                0.000 / 0.000         0.230 / 0.484         0.230 / 0.484         0.230 / 0.484       ms
[85.154s][info   ][gc,stats]    Young Subphase: Concurrent Mark Roots                         0.000 / 0.000         0.647 / 0.972         0.647 / 0.972         0.647 / 0.972       ms
[85.154s][info   ][gc,stats]    Young Subphase: Concurrent Relocate Remset FP              1421.831 / 1421.831    204.586 / 1421.831    204.586 / 1421.831    204.586 / 1421.831    ms
[85.154s][info   ][gc,stats]    Young Subphase: Concurrent Roots ClassLoaderDataGraph         0.000 / 0.000         0.252 / 0.389         0.252 / 0.389         0.252 / 0.389       ms
[85.154s][info   ][gc,stats]    Young Subphase: Concurrent Roots CodeCache                    0.000 / 0.000         0.209 / 0.458         0.209 / 0.458         0.209 / 0.458       ms
[85.154s][info   ][gc,stats]    Young Subphase: Concurrent Roots JavaThreads                  0.003 / 0.003         0.018 / 0.297         0.018 / 0.297         0.018 / 0.297       ms
[85.154s][info   ][gc,stats]    Young Subphase: Concurrent Roots OopStorageSet                0.000 / 0.000         0.014 / 0.145         0.014 / 0.145         0.014 / 0.145       ms
[85.154s][info   ][gc,stats]    Young Subphase: Concurrent Weak Roots OopStorageSet           0.000 / 0.000         0.088 / 0.224         0.088 / 0.224         0.088 / 0.224       ms
[85.154s][info   ][gc,stats] =========================================================================================================================================================
