
=== Instance 2/4, outer iteration 48/100 (Variant dyn_only) ===

Affinity: allowed=12,13,14,15,16,17,18,19,20,21,22,23 jvm=12,13,14,15,16,17,18,19,20,21 aux=22,23
Args: 10000000
Command: /dev/shm/variant-images-5076215/dyn_only-linux-x86_64-server-release/jdk/bin/java -Xms100g -Xmx100g -XX:+UseZGC -Xlog:gc+stats,gc+ref -XX:InitialTenuringThreshold=1 -XX:MaxTenuringThreshold=1 -XX:-ZProactive -XX:ZCollectionIntervalMajor=315360000 -XX:+ZCollectionIntervalOnly -XX:NativeMemoryTracking=summary /crex/proj/openjdk_benchmarking2026/SimplifyingWeakRefs/test/weakrefs/WeakRefSingleObjectBenchmark.java 10000000

[0.004s][warning][gc] ***** WARNING! INCORRECT SYSTEM CONFIGURATION DETECTED! *****
[0.004s][warning][gc] The system limit on number of memory mappings per process might be too low for the given
[0.004s][warning][gc] max Java heap size (102400M). Please adjust /proc/sys/vm/max_map_count to allow for at
[0.004s][warning][gc] least 184320 mappings (current limit is 65530). Continuing execution with the current
[0.004s][warning][gc] limit could lead to a premature OutOfMemoryError being thrown, due to failure to map memory.
[0.004s][info   ][gc,ref] Reference Processor created, Config: Dynamic array
WeakRefSingleObjectBenchmark: weakRefCount=10000000 sleepMillis=500
Phase 1: Allocating the single target object...
Phase 2: Allocating 10000000 WeakReferences in random order...
Allocated 10000000 weak ref holders in 0.82 seconds
Phase 3: Sleeping for 500 ms (strong ref still held)...
Phase 4: Releasing the strong reference to the target object...
Phase 5: Triggering GC...
[30.882s][info   ][gc,ref] GC(0) O:                       Encountered   Discovered     Enqueued 
[30.882s][info   ][gc,ref] GC(0) O: Soft References:              238            0            0 
[30.882s][info   ][gc,ref] GC(0) O: Weak References:         10001333     10000551     10000330 
[30.882s][info   ][gc,ref] GC(0) O: Final References:               0            0            0 
[30.882s][info   ][gc,ref] GC(0) O: Phantom References:             1            1            0 
Phase 6: Checking results...
Alive weak references after GC: 0 / 10000000
[33.717s][info   ][gc,stats] === Garbage Collection Statistics =======================================================================================================================
[33.717s][info   ][gc,stats]                                                              Last 10s              Last 10m              Last 10h                Total
[33.717s][info   ][gc,stats]                                                              Avg / Max             Avg / Max             Avg / Max             Avg / Max
[33.717s][info   ][gc,stats]        Contention: Mark Segment Reset Contention                     3 / 26                3 / 26                3 / 26                3 / 26          ops/s
[33.717s][info   ][gc,stats]        Contention: Mark SeqNum Reset Contention                      0 / 5                 0 / 5                 0 / 5                 0 / 5           ops/s
[33.717s][info   ][gc,stats]          Critical: Allocation Stall                                  0 / 0                 0 / 0                 0 / 0                 0 / 0           ops/s
[33.717s][info   ][gc,stats]          Critical: Allocation Stall                              0.000 / 0.000         0.000 / 0.000         0.000 / 0.000         0.000 / 0.000       ms
[33.717s][info   ][gc,stats]          Critical: JNI Critical Stall                                0 / 0                 0 / 0                 0 / 0                 0 / 0           ops/s
[33.717s][info   ][gc,stats]          Critical: JNI Critical Stall                            0.000 / 0.000         0.000 / 0.000         0.000 / 0.000         0.000 / 0.000       ms
[33.717s][info   ][gc,stats]          Critical: Relocation Stall                                  0 / 0                 0 / 0                 0 / 0                 0 / 0           ops/s
[33.717s][info   ][gc,stats]          Critical: Relocation Stall                              0.000 / 0.000         0.000 / 0.000         0.000 / 0.000         0.000 / 0.000       ms
[33.717s][info   ][gc,stats]  Major Collection: Major Collection                           3742.442 / 3742.442   3742.442 / 3742.442   3742.442 / 3742.442   3742.442 / 3742.442    ms
[33.717s][info   ][gc,stats]            Memory: Allocation Rate                                 114 / 528             114 / 528             114 / 528             114 / 528         MB/s
[33.717s][info   ][gc,stats]            Memory: Defragment                                        0 / 0                 0 / 0                 0 / 0                 0 / 0           ops/s
[33.717s][info   ][gc,stats]            Memory: Mapped Cache Harvest                              0 / 0                 0 / 0                 0 / 0                 0 / 0           MB/s
[33.717s][info   ][gc,stats]            Memory: Out Of Memory                                     0 / 0                 0 / 0                 0 / 0                 0 / 0           ops/s
[33.717s][info   ][gc,stats]            Memory: Uncommit                                          0 / 0                 0 / 0                 0 / 0                 0 / 0           MB/s
[33.717s][info   ][gc,stats]            Memory: Undo Object Allocation Failed                     0 / 0                 0 / 0                 0 / 0                 0 / 0           ops/s
[33.717s][info   ][gc,stats]            Memory: Undo Object Allocation Succeeded                  0 / 0                 0 / 0                 0 / 0                 0 / 0           ops/s
[33.717s][info   ][gc,stats]            Memory: Undo Page Allocation                              0 / 0                 0 / 0                 0 / 0                 0 / 0           ops/s
[33.717s][info   ][gc,stats]  Minor Collection: Minor Collection                              0.000 / 0.000         0.000 / 0.000         0.000 / 0.000         0.000 / 0.000       ms
[33.717s][info   ][gc,stats]    Old Generation: Old Generation                             1737.906 / 1737.906   1737.906 / 1737.906   1737.906 / 1737.906   1737.906 / 1737.906    ms
[33.717s][info   ][gc,stats]         Old Pause: Pause Mark End                                0.015 / 0.015         0.015 / 0.015         0.015 / 0.015         0.015 / 0.015       ms
[33.717s][info   ][gc,stats]         Old Pause: Pause Relocate Start                          0.014 / 0.014         0.014 / 0.014         0.014 / 0.014         0.014 / 0.014       ms
[33.717s][info   ][gc,stats]         Old Phase: Concurrent Mark                            1371.930 / 1371.930   1371.930 / 1371.930   1371.930 / 1371.930   1371.930 / 1371.930    ms
[33.717s][info   ][gc,stats]         Old Phase: Concurrent Mark Continue                      0.000 / 0.000         0.000 / 0.000         0.000 / 0.000         0.000 / 0.000       ms
[33.717s][info   ][gc,stats]         Old Phase: Concurrent Mark Free                          0.006 / 0.006         0.006 / 0.006         0.006 / 0.006         0.006 / 0.006       ms
[33.717s][info   ][gc,stats]         Old Phase: Concurrent Process Non-Strong               351.451 / 351.451     351.451 / 351.451     351.451 / 351.451     351.451 / 351.451     ms
[33.717s][info   ][gc,stats]         Old Phase: Concurrent Relocate                           0.042 / 0.042         0.042 / 0.042         0.042 / 0.042         0.042 / 0.042       ms
[33.717s][info   ][gc,stats]         Old Phase: Concurrent Remap Roots                       13.420 / 13.420       13.420 / 13.420       13.420 / 13.420       13.420 / 13.420      ms
[33.717s][info   ][gc,stats]         Old Phase: Concurrent Reset Relocation Set               0.000 / 0.000         0.000 / 0.000         0.000 / 0.000         0.000 / 0.000       ms
[33.717s][info   ][gc,stats]         Old Phase: Concurrent Select Relocation Set              0.872 / 0.872         0.872 / 0.872         0.872 / 0.872         0.872 / 0.872       ms
[33.717s][info   ][gc,stats]      Old Subphase: Concurrent Classes Purge                      0.425 / 0.425         0.425 / 0.425         0.425 / 0.425         0.425 / 0.425       ms
[33.717s][info   ][gc,stats]      Old Subphase: Concurrent Classes Unlink                     1.024 / 1.024         1.024 / 1.024         1.024 / 1.024         1.024 / 1.024       ms
[33.717s][info   ][gc,stats]      Old Subphase: Concurrent Mark Follow                     1371.827 / 1371.827   1371.827 / 1371.827   1371.827 / 1371.827   1371.827 / 1371.827    ms
[33.717s][info   ][gc,stats]      Old Subphase: Concurrent Mark Root Colored                  0.042 / 0.073         0.042 / 0.073         0.042 / 0.073         0.042 / 0.073       ms
[33.717s][info   ][gc,stats]      Old Subphase: Concurrent Mark Root Uncolored                0.024 / 0.038         0.024 / 0.038         0.024 / 0.038         0.024 / 0.038       ms
[33.717s][info   ][gc,stats]      Old Subphase: Concurrent Mark Roots                         0.100 / 0.100         0.100 / 0.100         0.100 / 0.100         0.100 / 0.100       ms
[33.717s][info   ][gc,stats]      Old Subphase: Concurrent References Enqueue                 0.003 / 0.003         0.003 / 0.003         0.003 / 0.003         0.003 / 0.003       ms
[33.717s][info   ][gc,stats]      Old Subphase: Concurrent References Process               349.725 / 349.725     349.725 / 349.725     349.725 / 349.725     349.725 / 349.725     ms
[33.717s][info   ][gc,stats]      Old Subphase: Concurrent Remap Remembered                  13.090 / 13.120       13.090 / 13.120       13.090 / 13.120       13.090 / 13.120      ms
[33.717s][info   ][gc,stats]      Old Subphase: Concurrent Remap Roots Colored                0.057 / 0.062         0.057 / 0.062         0.057 / 0.062         0.057 / 0.062       ms
[33.717s][info   ][gc,stats]      Old Subphase: Concurrent Remap Roots Uncolored              0.206 / 0.207         0.206 / 0.207         0.206 / 0.207         0.206 / 0.207       ms
[33.717s][info   ][gc,stats]      Old Subphase: Concurrent Roots ClassLoaderDataGraph         0.036 / 0.062         0.036 / 0.062         0.036 / 0.062         0.036 / 0.062       ms
[33.717s][info   ][gc,stats]      Old Subphase: Concurrent Roots CodeCache                    0.205 / 0.205         0.205 / 0.205         0.205 / 0.205         0.205 / 0.205       ms
[33.717s][info   ][gc,stats]      Old Subphase: Concurrent Roots JavaThreads                  0.010 / 0.038         0.010 / 0.038         0.010 / 0.038         0.010 / 0.038       ms
[33.717s][info   ][gc,stats]      Old Subphase: Concurrent Roots OopStorageSet                0.006 / 0.010         0.006 / 0.010         0.006 / 0.010         0.006 / 0.010       ms
[33.717s][info   ][gc,stats]      Old Subphase: Concurrent Weak Roots OopStorageSet           0.043 / 0.071         0.043 / 0.071         0.043 / 0.071         0.043 / 0.071       ms
[33.717s][info   ][gc,stats]            System: Java Threads                                     11 / 11               11 / 11               11 / 11               11 / 11          threads
[33.717s][info   ][gc,stats]  Young Generation: Young Generation                              0.000 / 0.000         0.000 / 0.000         0.000 / 0.000         0.000 / 0.000       ms
[33.717s][info   ][gc,stats]  Young Generation: Young Generation                              0.000 / 0.000         0.000 / 0.000         0.000 / 0.000         0.000 / 0.000       ms
[33.717s][info   ][gc,stats]  Young Generation: Young Generation (Collect Roots)              3.713 / 3.713         3.713 / 3.713         3.713 / 3.713         3.713 / 3.713       ms
[33.717s][info   ][gc,stats]  Young Generation: Young Generation (Promote All)             2000.707 / 2000.707   2000.707 / 2000.707   2000.707 / 2000.707   2000.707 / 2000.707    ms
[33.717s][info   ][gc,stats]       Young Pause: Pause Mark End                                0.010 / 0.014         0.010 / 0.014         0.010 / 0.014         0.010 / 0.014       ms
[33.717s][info   ][gc,stats]       Young Pause: Pause Mark Start                              0.021 / 0.021         0.021 / 0.021         0.021 / 0.021         0.021 / 0.021       ms
[33.717s][info   ][gc,stats]       Young Pause: Pause Mark Start (Major)                      0.027 / 0.027         0.027 / 0.027         0.027 / 0.027         0.027 / 0.027       ms
[33.717s][info   ][gc,stats]       Young Pause: Pause Relocate Start                          0.007 / 0.012         0.007 / 0.012         0.007 / 0.012         0.007 / 0.012       ms
[33.717s][info   ][gc,stats]       Young Phase: Concurrent Mark                             851.075 / 1699.681    851.075 / 1699.681    851.075 / 1699.681    851.075 / 1699.681    ms
[33.717s][info   ][gc,stats]       Young Phase: Concurrent Mark Continue                      0.000 / 0.000         0.000 / 0.000         0.000 / 0.000         0.000 / 0.000       ms
[33.717s][info   ][gc,stats]       Young Phase: Concurrent Mark Free                          0.005 / 0.008         0.005 / 0.008         0.005 / 0.008         0.005 / 0.008       ms
[33.717s][info   ][gc,stats]       Young Phase: Concurrent Relocate                         100.917 / 201.792     100.917 / 201.792     100.917 / 201.792     100.917 / 201.792     ms
[33.717s][info   ][gc,stats]       Young Phase: Concurrent Reset Relocation Set               0.066 / 0.131         0.066 / 0.131         0.066 / 0.131         0.066 / 0.131       ms
[33.717s][info   ][gc,stats]       Young Phase: Concurrent Select Relocation Set             49.972 / 99.014       49.972 / 99.014       49.972 / 99.014       49.972 / 99.014      ms
[33.717s][info   ][gc,stats]    Young Subphase: Concurrent Mark Follow                      849.916 / 1698.306    849.916 / 1698.306    849.916 / 1698.306    849.916 / 1698.306    ms
[33.717s][info   ][gc,stats]    Young Subphase: Concurrent Mark Root Colored                  0.746 / 0.895         0.746 / 0.895         0.746 / 0.895         0.746 / 0.895       ms
[33.717s][info   ][gc,stats]    Young Subphase: Concurrent Mark Root Uncolored                0.359 / 0.416         0.359 / 0.416         0.359 / 0.416         0.359 / 0.416       ms
[33.717s][info   ][gc,stats]    Young Subphase: Concurrent Mark Roots                         1.156 / 1.372         1.156 / 1.372         1.156 / 1.372         1.156 / 1.372       ms
[33.717s][info   ][gc,stats]    Young Subphase: Concurrent Relocate Remset FP                99.020 / 198.029      99.020 / 198.029      99.020 / 198.029      99.020 / 198.029     ms
[33.717s][info   ][gc,stats]    Young Subphase: Concurrent Roots ClassLoaderDataGraph         0.432 / 0.458         0.432 / 0.458         0.432 / 0.458         0.432 / 0.458       ms
[33.717s][info   ][gc,stats]    Young Subphase: Concurrent Roots CodeCache                    0.302 / 0.372         0.302 / 0.372         0.302 / 0.372         0.302 / 0.372       ms
[33.717s][info   ][gc,stats]    Young Subphase: Concurrent Roots JavaThreads                  0.029 / 0.142         0.029 / 0.142         0.029 / 0.142         0.029 / 0.142       ms
[33.717s][info   ][gc,stats]    Young Subphase: Concurrent Roots OopStorageSet                0.062 / 0.131         0.062 / 0.131         0.062 / 0.131         0.062 / 0.131       ms
[33.717s][info   ][gc,stats]    Young Subphase: Concurrent Weak Roots OopStorageSet           0.261 / 0.415         0.261 / 0.415         0.261 / 0.415         0.261 / 0.415       ms
[33.717s][info   ][gc,stats] =========================================================================================================================================================
