
=== Instance 3/4, outer iteration 53/100 (Variant none) ===

Affinity: allowed=24,25,26,27,28,29,30,31,32,33,34,35 jvm=24,25,26,27,28,29,30,31,32,33 aux=34,35
Args: 10000000
Command: /dev/shm/variant-images-5076215/none-linux-x86_64-server-release/jdk/bin/java -Xms100g -Xmx100g -XX:+UseZGC -Xlog:gc+stats,gc+ref -XX:InitialTenuringThreshold=1 -XX:MaxTenuringThreshold=1 -XX:-ZProactive -XX:ZCollectionIntervalMajor=315360000 -XX:+ZCollectionIntervalOnly -XX:NativeMemoryTracking=summary /crex/proj/openjdk_benchmarking2026/SimplifyingWeakRefs/test/weakrefs/WeakRefSingleObjectBenchmark.java 10000000

[0.004s][warning][gc] ***** WARNING! INCORRECT SYSTEM CONFIGURATION DETECTED! *****
[0.004s][warning][gc] The system limit on number of memory mappings per process might be too low for the given
[0.004s][warning][gc] max Java heap size (102400M). Please adjust /proc/sys/vm/max_map_count to allow for at
[0.004s][warning][gc] least 184320 mappings (current limit is 65530). Continuing execution with the current
[0.004s][warning][gc] limit could lead to a premature OutOfMemoryError being thrown, due to failure to map memory.
WeakRefSingleObjectBenchmark: weakRefCount=10000000 sleepMillis=500
Phase 1: Allocating the single target object...
Phase 2: Allocating 10000000 WeakReferences in random order...
Allocated 10000000 weak ref holders in 0.85 seconds
Phase 3: Sleeping for 500 ms (strong ref still held)...
Phase 4: Releasing the strong reference to the target object...
Phase 5: Triggering GC...
[29.592s][info   ][gc,ref] GC(0) O:                       Encountered   Discovered     Enqueued 
[29.592s][info   ][gc,ref] GC(0) O: Soft References:              238            0            0 
[29.592s][info   ][gc,ref] GC(0) O: Weak References:         10001333     10000454     10000330 
[29.592s][info   ][gc,ref] GC(0) O: Final References:               0            0            0 
[29.592s][info   ][gc,ref] GC(0) O: Phantom References:             1            0            0 
Phase 6: Checking results...
Alive weak references after GC: 0 / 10000000
[32.413s][info   ][gc,stats] === Garbage Collection Statistics =======================================================================================================================
[32.414s][info   ][gc,stats]                                                              Last 10s              Last 10m              Last 10h                Total
[32.414s][info   ][gc,stats]                                                              Avg / Max             Avg / Max             Avg / Max             Avg / Max
[32.414s][info   ][gc,stats]        Contention: Mark Segment Reset Contention                     5 / 36                5 / 36                5 / 36                5 / 36          ops/s
[32.414s][info   ][gc,stats]        Contention: Mark SeqNum Reset Contention                      1 / 5                 1 / 5                 1 / 5                 1 / 5           ops/s
[32.414s][info   ][gc,stats]          Critical: Allocation Stall                                  0 / 0                 0 / 0                 0 / 0                 0 / 0           ops/s
[32.414s][info   ][gc,stats]          Critical: Allocation Stall                              0.000 / 0.000         0.000 / 0.000         0.000 / 0.000         0.000 / 0.000       ms
[32.414s][info   ][gc,stats]          Critical: JNI Critical Stall                                0 / 0                 0 / 0                 0 / 0                 0 / 0           ops/s
[32.414s][info   ][gc,stats]          Critical: JNI Critical Stall                            0.000 / 0.000         0.000 / 0.000         0.000 / 0.000         0.000 / 0.000       ms
[32.414s][info   ][gc,stats]          Critical: Relocation Stall                                  0 / 0                 0 / 0                 0 / 0                 0 / 0           ops/s
[32.414s][info   ][gc,stats]          Critical: Relocation Stall                              0.000 / 0.000         0.000 / 0.000         0.000 / 0.000         0.000 / 0.000       ms
[32.414s][info   ][gc,stats]  Major Collection: Major Collection                           3041.600 / 3041.600   3041.600 / 3041.600   3041.600 / 3041.600   3041.600 / 3041.600    ms
[32.414s][info   ][gc,stats]            Memory: Allocation Rate                                 131 / 538             131 / 538             131 / 538             131 / 538         MB/s
[32.414s][info   ][gc,stats]            Memory: Defragment                                        0 / 0                 0 / 0                 0 / 0                 0 / 0           ops/s
[32.414s][info   ][gc,stats]            Memory: Mapped Cache Harvest                              0 / 0                 0 / 0                 0 / 0                 0 / 0           MB/s
[32.414s][info   ][gc,stats]            Memory: Out Of Memory                                     0 / 0                 0 / 0                 0 / 0                 0 / 0           ops/s
[32.414s][info   ][gc,stats]            Memory: Uncommit                                          0 / 0                 0 / 0                 0 / 0                 0 / 0           MB/s
[32.414s][info   ][gc,stats]            Memory: Undo Object Allocation Failed                     0 / 0                 0 / 0                 0 / 0                 0 / 0           ops/s
[32.414s][info   ][gc,stats]            Memory: Undo Object Allocation Succeeded                  0 / 0                 0 / 0                 0 / 0                 0 / 0           ops/s
[32.414s][info   ][gc,stats]            Memory: Undo Page Allocation                              0 / 0                 0 / 0                 0 / 0                 0 / 0           ops/s
[32.414s][info   ][gc,stats]  Minor Collection: Minor Collection                              0.000 / 0.000         0.000 / 0.000         0.000 / 0.000         0.000 / 0.000       ms
[32.414s][info   ][gc,stats]    Old Generation: Old Generation                             1841.972 / 1841.972   1841.972 / 1841.972   1841.972 / 1841.972   1841.972 / 1841.972    ms
[32.414s][info   ][gc,stats]         Old Pause: Pause Mark End                                0.013 / 0.013         0.013 / 0.013         0.013 / 0.013         0.013 / 0.013       ms
[32.414s][info   ][gc,stats]         Old Pause: Pause Relocate Start                          0.013 / 0.013         0.013 / 0.013         0.013 / 0.013         0.013 / 0.013       ms
[32.414s][info   ][gc,stats]         Old Phase: Concurrent Mark                            1329.857 / 1329.857   1329.857 / 1329.857   1329.857 / 1329.857   1329.857 / 1329.857    ms
[32.414s][info   ][gc,stats]         Old Phase: Concurrent Mark Continue                      0.000 / 0.000         0.000 / 0.000         0.000 / 0.000         0.000 / 0.000       ms
[32.414s][info   ][gc,stats]         Old Phase: Concurrent Mark Free                          0.006 / 0.006         0.006 / 0.006         0.006 / 0.006         0.006 / 0.006       ms
[32.414s][info   ][gc,stats]         Old Phase: Concurrent Process Non-Strong               497.570 / 497.570     497.570 / 497.570     497.570 / 497.570     497.570 / 497.570     ms
[32.414s][info   ][gc,stats]         Old Phase: Concurrent Relocate                           0.038 / 0.038         0.038 / 0.038         0.038 / 0.038         0.038 / 0.038       ms
[32.414s][info   ][gc,stats]         Old Phase: Concurrent Remap Roots                       13.401 / 13.401       13.401 / 13.401       13.401 / 13.401       13.401 / 13.401      ms
[32.414s][info   ][gc,stats]         Old Phase: Concurrent Reset Relocation Set               0.000 / 0.000         0.000 / 0.000         0.000 / 0.000         0.000 / 0.000       ms
[32.414s][info   ][gc,stats]         Old Phase: Concurrent Select Relocation Set              0.871 / 0.871         0.871 / 0.871         0.871 / 0.871         0.871 / 0.871       ms
[32.414s][info   ][gc,stats]      Old Subphase: Concurrent Classes Purge                      0.418 / 0.418         0.418 / 0.418         0.418 / 0.418         0.418 / 0.418       ms
[32.414s][info   ][gc,stats]      Old Subphase: Concurrent Classes Unlink                     1.021 / 1.021         1.021 / 1.021         1.021 / 1.021         1.021 / 1.021       ms
[32.414s][info   ][gc,stats]      Old Subphase: Concurrent Mark Follow                     1329.773 / 1329.773   1329.773 / 1329.773   1329.773 / 1329.773   1329.773 / 1329.773    ms
[32.414s][info   ][gc,stats]      Old Subphase: Concurrent Mark Root Colored                  0.030 / 0.063         0.030 / 0.063         0.030 / 0.063         0.030 / 0.063       ms
[32.414s][info   ][gc,stats]      Old Subphase: Concurrent Mark Root Uncolored                0.014 / 0.024         0.014 / 0.024         0.014 / 0.024         0.014 / 0.024       ms
[32.414s][info   ][gc,stats]      Old Subphase: Concurrent Mark Roots                         0.082 / 0.082         0.082 / 0.082         0.082 / 0.082         0.082 / 0.082       ms
[32.414s][info   ][gc,stats]      Old Subphase: Concurrent References Enqueue                 0.004 / 0.004         0.004 / 0.004         0.004 / 0.004         0.004 / 0.004       ms
[32.414s][info   ][gc,stats]      Old Subphase: Concurrent References Process               495.879 / 495.879     495.879 / 495.879     495.879 / 495.879     495.879 / 495.879     ms
[32.414s][info   ][gc,stats]      Old Subphase: Concurrent Remap Remembered                  13.061 / 13.075       13.061 / 13.075       13.061 / 13.075       13.061 / 13.075      ms
[32.414s][info   ][gc,stats]      Old Subphase: Concurrent Remap Roots Colored                0.059 / 0.062         0.059 / 0.062         0.059 / 0.062         0.059 / 0.062       ms
[32.414s][info   ][gc,stats]      Old Subphase: Concurrent Remap Roots Uncolored              0.226 / 0.226         0.226 / 0.226         0.226 / 0.226         0.226 / 0.226       ms
[32.414s][info   ][gc,stats]      Old Subphase: Concurrent Roots ClassLoaderDataGraph         0.030 / 0.048         0.030 / 0.048         0.030 / 0.048         0.030 / 0.048       ms
[32.414s][info   ][gc,stats]      Old Subphase: Concurrent Roots CodeCache                    0.224 / 0.224         0.224 / 0.224         0.224 / 0.224         0.224 / 0.224       ms
[32.414s][info   ][gc,stats]      Old Subphase: Concurrent Roots JavaThreads                  0.006 / 0.024         0.006 / 0.024         0.006 / 0.024         0.006 / 0.024       ms
[32.414s][info   ][gc,stats]      Old Subphase: Concurrent Roots OopStorageSet                0.009 / 0.014         0.009 / 0.014         0.009 / 0.014         0.009 / 0.014       ms
[32.414s][info   ][gc,stats]      Old Subphase: Concurrent Weak Roots OopStorageSet           0.047 / 0.072         0.047 / 0.072         0.047 / 0.072         0.047 / 0.072       ms
[32.414s][info   ][gc,stats]            System: Java Threads                                     11 / 11               11 / 11               11 / 11               11 / 11          threads
[32.414s][info   ][gc,stats]  Young Generation: Young Generation                              0.000 / 0.000         0.000 / 0.000         0.000 / 0.000         0.000 / 0.000       ms
[32.414s][info   ][gc,stats]  Young Generation: Young Generation                              0.000 / 0.000         0.000 / 0.000         0.000 / 0.000         0.000 / 0.000       ms
[32.414s][info   ][gc,stats]  Young Generation: Young Generation (Collect Roots)              3.602 / 3.602         3.602 / 3.602         3.602 / 3.602         3.602 / 3.602       ms
[32.414s][info   ][gc,stats]  Young Generation: Young Generation (Promote All)             1195.907 / 1195.907   1195.907 / 1195.907   1195.907 / 1195.907   1195.907 / 1195.907    ms
[32.414s][info   ][gc,stats]       Young Pause: Pause Mark End                                0.014 / 0.014         0.014 / 0.014         0.014 / 0.014         0.014 / 0.014       ms
[32.414s][info   ][gc,stats]       Young Pause: Pause Mark Start                              0.021 / 0.021         0.021 / 0.021         0.021 / 0.021         0.021 / 0.021       ms
[32.414s][info   ][gc,stats]       Young Pause: Pause Mark Start (Major)                      0.026 / 0.026         0.026 / 0.026         0.026 / 0.026         0.026 / 0.026       ms
[32.414s][info   ][gc,stats]       Young Pause: Pause Relocate Start                          0.008 / 0.013         0.008 / 0.013         0.008 / 0.013         0.008 / 0.013       ms
[32.414s][info   ][gc,stats]       Young Phase: Concurrent Mark                             450.545 / 898.730     450.545 / 898.730     450.545 / 898.730     450.545 / 898.730     ms
[32.414s][info   ][gc,stats]       Young Phase: Concurrent Mark Continue                      0.000 / 0.000         0.000 / 0.000         0.000 / 0.000         0.000 / 0.000       ms
[32.414s][info   ][gc,stats]       Young Phase: Concurrent Mark Free                          0.005 / 0.008         0.005 / 0.008         0.005 / 0.008         0.005 / 0.008       ms
[32.414s][info   ][gc,stats]       Young Phase: Concurrent Relocate                          99.328 / 198.622      99.328 / 198.622      99.328 / 198.622      99.328 / 198.622     ms
[32.414s][info   ][gc,stats]       Young Phase: Concurrent Reset Relocation Set               0.065 / 0.129         0.065 / 0.129         0.065 / 0.129         0.065 / 0.129       ms
[32.414s][info   ][gc,stats]       Young Phase: Concurrent Select Relocation Set             49.608 / 98.295       49.608 / 98.295       49.608 / 98.295       49.608 / 98.295      ms
[32.414s][info   ][gc,stats]    Young Subphase: Concurrent Mark Follow                      449.411 / 897.389     449.411 / 897.389     449.411 / 897.389     449.411 / 897.389     ms
[32.414s][info   ][gc,stats]    Young Subphase: Concurrent Mark Root Colored                  0.743 / 0.888         0.743 / 0.888         0.743 / 0.888         0.743 / 0.888       ms
[32.414s][info   ][gc,stats]    Young Subphase: Concurrent Mark Root Uncolored                0.337 / 0.391         0.337 / 0.391         0.337 / 0.391         0.337 / 0.391       ms
[32.414s][info   ][gc,stats]    Young Subphase: Concurrent Mark Roots                         1.131 / 1.337         1.131 / 1.337         1.131 / 1.337         1.131 / 1.337       ms
[32.414s][info   ][gc,stats]    Young Subphase: Concurrent Relocate Remset FP                97.358 / 194.706      97.358 / 194.706      97.358 / 194.706      97.358 / 194.706     ms
[32.414s][info   ][gc,stats]    Young Subphase: Concurrent Roots ClassLoaderDataGraph         0.438 / 0.456         0.438 / 0.456         0.438 / 0.456         0.438 / 0.456       ms
[32.414s][info   ][gc,stats]    Young Subphase: Concurrent Roots CodeCache                    0.287 / 0.348         0.287 / 0.348         0.287 / 0.348         0.287 / 0.348       ms
[32.414s][info   ][gc,stats]    Young Subphase: Concurrent Roots JavaThreads                  0.025 / 0.128         0.025 / 0.128         0.025 / 0.128         0.025 / 0.128       ms
[32.414s][info   ][gc,stats]    Young Subphase: Concurrent Roots OopStorageSet                0.081 / 0.152         0.081 / 0.152         0.081 / 0.152         0.081 / 0.152       ms
[32.414s][info   ][gc,stats]    Young Subphase: Concurrent Weak Roots OopStorageSet           0.249 / 0.376         0.249 / 0.376         0.249 / 0.376         0.249 / 0.376       ms
[32.414s][info   ][gc,stats] =========================================================================================================================================================
