
=== Instance 2/4, outer iteration 29/100 (Variant sep_dyn) ===

Affinity: allowed=12,13,14,15,16,17,18,19,20,21,22,23 jvm=12,13,14,15,16,17,18,19,20,21 aux=22,23
Args: 10000000
Command: /dev/shm/variant-images-5076215/sep_dyn-linux-x86_64-server-release/jdk/bin/java -Xms100g -Xmx100g -XX:+UseZGC -Xlog:gc+stats,gc+ref -XX:InitialTenuringThreshold=1 -XX:MaxTenuringThreshold=1 -XX:-ZProactive -XX:ZCollectionIntervalMajor=315360000 -XX:+ZCollectionIntervalOnly -XX:NativeMemoryTracking=summary /crex/proj/openjdk_benchmarking2026/SimplifyingWeakRefs/test/weakrefs/WeakRefSingleObjectBenchmark.java 10000000

[0.004s][warning][gc] ***** WARNING! INCORRECT SYSTEM CONFIGURATION DETECTED! *****
[0.004s][warning][gc] The system limit on number of memory mappings per process might be too low for the given
[0.004s][warning][gc] max Java heap size (102400M). Please adjust /proc/sys/vm/max_map_count to allow for at
[0.004s][warning][gc] least 184320 mappings (current limit is 65530). Continuing execution with the current
[0.004s][warning][gc] limit could lead to a premature OutOfMemoryError being thrown, due to failure to map memory.
[0.004s][info   ][gc,ref] Reference Processor created, Config: Separate lists, dynamic array
WeakRefSingleObjectBenchmark: weakRefCount=10000000 sleepMillis=500
Phase 1: Allocating the single target object...
Phase 2: Allocating 10000000 WeakReferences in random order...
Allocated 10000000 weak ref holders in 0.80 seconds
Phase 3: Sleeping for 500 ms (strong ref still held)...
Phase 4: Releasing the strong reference to the target object...
Phase 5: Triggering GC...
[32.824s][info   ][gc,ref] GC(0) O:                           Encountered       Discovered Cleared/Enqueued 
[32.824s][info   ][gc,ref] GC(0) O: Soft References:                  238                0                0 
[32.824s][info   ][gc,ref] GC(0) O: Weak References:                 1330             1025              330 
[32.824s][info   ][gc,ref] GC(0) O: Weak (No Queue):             10000003         10000000         10000000 
[32.824s][info   ][gc,ref] GC(0) O: Final References:                   0                0                0 
[32.824s][info   ][gc,ref] GC(0) O: Phantom References:                 1                0                0 
Phase 6: Checking results...
Alive weak references after GC: 0 / 10000000
[35.667s][info   ][gc,stats] === Garbage Collection Statistics =======================================================================================================================
[35.667s][info   ][gc,stats]                                                              Last 10s              Last 10m              Last 10h                Total
[35.667s][info   ][gc,stats]                                                              Avg / Max             Avg / Max             Avg / Max             Avg / Max
[35.667s][info   ][gc,stats]        Contention: Mark Segment Reset Contention                     2 / 23                2 / 23                2 / 23                2 / 23          ops/s
[35.667s][info   ][gc,stats]        Contention: Mark SeqNum Reset Contention                      0 / 4                 0 / 4                 0 / 4                 0 / 4           ops/s
[35.667s][info   ][gc,stats]          Critical: Allocation Stall                                  0 / 0                 0 / 0                 0 / 0                 0 / 0           ops/s
[35.667s][info   ][gc,stats]          Critical: Allocation Stall                              0.000 / 0.000         0.000 / 0.000         0.000 / 0.000         0.000 / 0.000       ms
[35.667s][info   ][gc,stats]          Critical: JNI Critical Stall                                0 / 0                 0 / 0                 0 / 0                 0 / 0           ops/s
[35.667s][info   ][gc,stats]          Critical: JNI Critical Stall                            0.000 / 0.000         0.000 / 0.000         0.000 / 0.000         0.000 / 0.000       ms
[35.667s][info   ][gc,stats]          Critical: Relocation Stall                                  0 / 0                 0 / 0                 0 / 0                 0 / 0           ops/s
[35.667s][info   ][gc,stats]          Critical: Relocation Stall                              0.000 / 0.000         0.000 / 0.000         0.000 / 0.000         0.000 / 0.000       ms
[35.667s][info   ][gc,stats]  Major Collection: Major Collection                           5528.239 / 5528.239   5528.239 / 5528.239   5528.239 / 5528.239   5528.239 / 5528.239    ms
[35.667s][info   ][gc,stats]            Memory: Allocation Rate                                  92 / 508              92 / 508              92 / 508              92 / 508         MB/s
[35.667s][info   ][gc,stats]            Memory: Defragment                                        0 / 0                 0 / 0                 0 / 0                 0 / 0           ops/s
[35.667s][info   ][gc,stats]            Memory: Mapped Cache Harvest                              0 / 0                 0 / 0                 0 / 0                 0 / 0           MB/s
[35.667s][info   ][gc,stats]            Memory: Out Of Memory                                     0 / 0                 0 / 0                 0 / 0                 0 / 0           ops/s
[35.667s][info   ][gc,stats]            Memory: Uncommit                                          0 / 0                 0 / 0                 0 / 0                 0 / 0           MB/s
[35.667s][info   ][gc,stats]            Memory: Undo Object Allocation Failed                     0 / 0                 0 / 0                 0 / 0                 0 / 0           ops/s
[35.667s][info   ][gc,stats]            Memory: Undo Object Allocation Succeeded                  0 / 0                 0 / 0                 0 / 0                 0 / 0           ops/s
[35.667s][info   ][gc,stats]            Memory: Undo Page Allocation                              0 / 0                 0 / 0                 0 / 0                 0 / 0           ops/s
[35.667s][info   ][gc,stats]  Minor Collection: Minor Collection                              0.000 / 0.000         0.000 / 0.000         0.000 / 0.000         0.000 / 0.000       ms
[35.667s][info   ][gc,stats]    Old Generation: Old Generation                             3010.606 / 3010.606   3010.606 / 3010.606   3010.606 / 3010.606   3010.606 / 3010.606    ms
[35.667s][info   ][gc,stats]         Old Pause: Pause Mark End                                0.015 / 0.015         0.015 / 0.015         0.015 / 0.015         0.015 / 0.015       ms
[35.667s][info   ][gc,stats]         Old Pause: Pause Relocate Start                          0.014 / 0.014         0.014 / 0.014         0.014 / 0.014         0.014 / 0.014       ms
[35.667s][info   ][gc,stats]         Old Phase: Concurrent Mark                            2717.152 / 2717.152   2717.152 / 2717.152   2717.152 / 2717.152   2717.152 / 2717.152    ms
[35.667s][info   ][gc,stats]         Old Phase: Concurrent Mark Continue                      0.000 / 0.000         0.000 / 0.000         0.000 / 0.000         0.000 / 0.000       ms
[35.667s][info   ][gc,stats]         Old Phase: Concurrent Mark Free                          0.006 / 0.006         0.006 / 0.006         0.006 / 0.006         0.006 / 0.006       ms
[35.667s][info   ][gc,stats]         Old Phase: Concurrent Process Non-Strong               277.668 / 277.668     277.668 / 277.668     277.668 / 277.668     277.668 / 277.668     ms
[35.667s][info   ][gc,stats]         Old Phase: Concurrent Relocate                           0.039 / 0.039         0.039 / 0.039         0.039 / 0.039         0.039 / 0.039       ms
[35.667s][info   ][gc,stats]         Old Phase: Concurrent Remap Roots                       14.760 / 14.760       14.760 / 14.760       14.760 / 14.760       14.760 / 14.760      ms
[35.667s][info   ][gc,stats]         Old Phase: Concurrent Reset Relocation Set               0.001 / 0.001         0.001 / 0.001         0.001 / 0.001         0.001 / 0.001       ms
[35.667s][info   ][gc,stats]         Old Phase: Concurrent Select Relocation Set              0.871 / 0.871         0.871 / 0.871         0.871 / 0.871         0.871 / 0.871       ms
[35.667s][info   ][gc,stats]      Old Subphase: Concurrent Classes Purge                      0.484 / 0.484         0.484 / 0.484         0.484 / 0.484         0.484 / 0.484       ms
[35.667s][info   ][gc,stats]      Old Subphase: Concurrent Classes Unlink                     0.872 / 0.872         0.872 / 0.872         0.872 / 0.872         0.872 / 0.872       ms
[35.667s][info   ][gc,stats]      Old Subphase: Concurrent Mark Follow                     2717.073 / 2717.073   2717.073 / 2717.073   2717.073 / 2717.073   2717.073 / 2717.073    ms
[35.667s][info   ][gc,stats]      Old Subphase: Concurrent Mark Root Colored                  0.024 / 0.060         0.024 / 0.060         0.024 / 0.060         0.024 / 0.060       ms
[35.667s][info   ][gc,stats]      Old Subphase: Concurrent Mark Root Uncolored                0.018 / 0.035         0.018 / 0.035         0.018 / 0.035         0.018 / 0.035       ms
[35.667s][info   ][gc,stats]      Old Subphase: Concurrent Mark Roots                         0.076 / 0.076         0.076 / 0.076         0.076 / 0.076         0.076 / 0.076       ms
[35.667s][info   ][gc,stats]      Old Subphase: Concurrent References Enqueue                 0.005 / 0.005         0.005 / 0.005         0.005 / 0.005         0.005 / 0.005       ms
[35.667s][info   ][gc,stats]      Old Subphase: Concurrent References Process               276.087 / 276.087     276.087 / 276.087     276.087 / 276.087     276.087 / 276.087     ms
[35.667s][info   ][gc,stats]      Old Subphase: Concurrent Remap Remembered                  14.468 / 14.497       14.468 / 14.497       14.468 / 14.497       14.468 / 14.497      ms
[35.667s][info   ][gc,stats]      Old Subphase: Concurrent Remap Roots Colored                0.058 / 0.058         0.058 / 0.058         0.058 / 0.058         0.058 / 0.058       ms
[35.667s][info   ][gc,stats]      Old Subphase: Concurrent Remap Roots Uncolored              0.180 / 0.181         0.180 / 0.181         0.180 / 0.181         0.180 / 0.181       ms
[35.667s][info   ][gc,stats]      Old Subphase: Concurrent Roots ClassLoaderDataGraph         0.031 / 0.053         0.031 / 0.053         0.031 / 0.053         0.031 / 0.053       ms
[35.667s][info   ][gc,stats]      Old Subphase: Concurrent Roots CodeCache                    0.179 / 0.179         0.179 / 0.179         0.179 / 0.179         0.179 / 0.179       ms
[35.667s][info   ][gc,stats]      Old Subphase: Concurrent Roots JavaThreads                  0.008 / 0.035         0.008 / 0.035         0.008 / 0.035         0.008 / 0.035       ms
[35.667s][info   ][gc,stats]      Old Subphase: Concurrent Roots OopStorageSet                0.003 / 0.008         0.003 / 0.008         0.003 / 0.008         0.003 / 0.008       ms
[35.667s][info   ][gc,stats]      Old Subphase: Concurrent Weak Roots OopStorageSet           0.043 / 0.064         0.043 / 0.064         0.043 / 0.064         0.043 / 0.064       ms
[35.667s][info   ][gc,stats]            System: Java Threads                                     11 / 11               11 / 11               11 / 11               11 / 11          threads
[35.667s][info   ][gc,stats]  Young Generation: Young Generation                              0.000 / 0.000         0.000 / 0.000         0.000 / 0.000         0.000 / 0.000       ms
[35.667s][info   ][gc,stats]  Young Generation: Young Generation                              0.000 / 0.000         0.000 / 0.000         0.000 / 0.000         0.000 / 0.000       ms
[35.667s][info   ][gc,stats]  Young Generation: Young Generation (Collect Roots)              3.712 / 3.712         3.712 / 3.712         3.712 / 3.712         3.712 / 3.712       ms
[35.667s][info   ][gc,stats]  Young Generation: Young Generation (Promote All)             2513.807 / 2513.807   2513.807 / 2513.807   2513.807 / 2513.807   2513.807 / 2513.807    ms
[35.667s][info   ][gc,stats]       Young Pause: Pause Mark End                                0.010 / 0.014         0.010 / 0.014         0.010 / 0.014         0.010 / 0.014       ms
[35.667s][info   ][gc,stats]       Young Pause: Pause Mark Start                              0.033 / 0.033         0.033 / 0.033         0.033 / 0.033         0.033 / 0.033       ms
[35.667s][info   ][gc,stats]       Young Pause: Pause Mark Start (Major)                      0.027 / 0.027         0.027 / 0.027         0.027 / 0.027         0.027 / 0.027       ms
[35.667s][info   ][gc,stats]       Young Pause: Pause Relocate Start                          0.008 / 0.014         0.008 / 0.014         0.008 / 0.014         0.008 / 0.014       ms
[35.667s][info   ][gc,stats]       Young Phase: Concurrent Mark                            1107.582 / 2212.708   1107.582 / 2212.708   1107.582 / 2212.708   1107.582 / 2212.708    ms
[35.667s][info   ][gc,stats]       Young Phase: Concurrent Mark Continue                      0.000 / 0.000         0.000 / 0.000         0.000 / 0.000         0.000 / 0.000       ms
[35.667s][info   ][gc,stats]       Young Phase: Concurrent Mark Free                          0.003 / 0.004         0.003 / 0.004         0.003 / 0.004         0.003 / 0.004       ms
[35.667s][info   ][gc,stats]       Young Phase: Concurrent Relocate                          99.408 / 198.779      99.408 / 198.779      99.408 / 198.779      99.408 / 198.779     ms
[35.667s][info   ][gc,stats]       Young Phase: Concurrent Reset Relocation Set               0.069 / 0.137         0.069 / 0.137         0.069 / 0.137         0.069 / 0.137       ms
[35.667s][info   ][gc,stats]       Young Phase: Concurrent Select Relocation Set             51.479 / 102.035      51.479 / 102.035      51.479 / 102.035      51.479 / 102.035     ms
[35.667s][info   ][gc,stats]    Young Subphase: Concurrent Mark Follow                     1106.413 / 2211.386   1106.413 / 2211.386   1106.413 / 2211.386   1106.413 / 2211.386    ms
[35.667s][info   ][gc,stats]    Young Subphase: Concurrent Mark Root Colored                  0.748 / 0.851         0.748 / 0.851         0.748 / 0.851         0.748 / 0.851       ms
[35.667s][info   ][gc,stats]    Young Subphase: Concurrent Mark Root Uncolored                0.371 / 0.413         0.371 / 0.413         0.371 / 0.413         0.371 / 0.413       ms
[35.667s][info   ][gc,stats]    Young Subphase: Concurrent Mark Roots                         1.167 / 1.319         1.167 / 1.319         1.167 / 1.319         1.167 / 1.319       ms
[35.667s][info   ][gc,stats]    Young Subphase: Concurrent Relocate Remset FP                97.123 / 194.236      97.123 / 194.236      97.123 / 194.236      97.123 / 194.236     ms
[35.667s][info   ][gc,stats]    Young Subphase: Concurrent Roots ClassLoaderDataGraph         0.451 / 0.469         0.451 / 0.469         0.451 / 0.469         0.451 / 0.469       ms
[35.667s][info   ][gc,stats]    Young Subphase: Concurrent Roots CodeCache                    0.315 / 0.367         0.315 / 0.367         0.315 / 0.367         0.315 / 0.367       ms
[35.667s][info   ][gc,stats]    Young Subphase: Concurrent Roots JavaThreads                  0.029 / 0.137         0.029 / 0.137         0.029 / 0.137         0.029 / 0.137       ms
[35.667s][info   ][gc,stats]    Young Subphase: Concurrent Roots OopStorageSet                0.071 / 0.157         0.071 / 0.157         0.071 / 0.157         0.071 / 0.157       ms
[35.667s][info   ][gc,stats]    Young Subphase: Concurrent Weak Roots OopStorageSet           0.248 / 0.376         0.248 / 0.376         0.248 / 0.376         0.248 / 0.376       ms
[35.667s][info   ][gc,stats] =========================================================================================================================================================
