
=== Instance 1/4, outer iteration 11/100 (Variant none) ===

Affinity: allowed=0,1,2,3,4,5,6,7,8,9,10,11 jvm=0,1,2,3,4,5,6,7,8,9 aux=10,11
Args: 10000000
Command: /dev/shm/variant-images-5076215/none-linux-x86_64-server-release/jdk/bin/java -Xms100g -Xmx100g -XX:+UseZGC -Xlog:gc+stats,gc+ref -XX:InitialTenuringThreshold=1 -XX:MaxTenuringThreshold=1 -XX:-ZProactive -XX:ZCollectionIntervalMajor=315360000 -XX:+ZCollectionIntervalOnly -XX:NativeMemoryTracking=summary /crex/proj/openjdk_benchmarking2026/SimplifyingWeakRefs/test/weakrefs/WeakRefSingleObjectBenchmark.java 10000000

[0.004s][warning][gc] ***** WARNING! INCORRECT SYSTEM CONFIGURATION DETECTED! *****
[0.004s][warning][gc] The system limit on number of memory mappings per process might be too low for the given
[0.004s][warning][gc] max Java heap size (102400M). Please adjust /proc/sys/vm/max_map_count to allow for at
[0.004s][warning][gc] least 184320 mappings (current limit is 65530). Continuing execution with the current
[0.004s][warning][gc] limit could lead to a premature OutOfMemoryError being thrown, due to failure to map memory.
WeakRefSingleObjectBenchmark: weakRefCount=10000000 sleepMillis=500
Phase 1: Allocating the single target object...
Phase 2: Allocating 10000000 WeakReferences in random order...
Allocated 10000000 weak ref holders in 0.79 seconds
Phase 3: Sleeping for 500 ms (strong ref still held)...
Phase 4: Releasing the strong reference to the target object...
Phase 5: Triggering GC...
[31.080s][info   ][gc,ref] GC(0) O:                       Encountered   Discovered     Enqueued 
[31.080s][info   ][gc,ref] GC(0) O: Soft References:              238            0            0 
[31.080s][info   ][gc,ref] GC(0) O: Weak References:         10001333     10000855     10000330 
[31.080s][info   ][gc,ref] GC(0) O: Final References:               0            0            0 
[31.080s][info   ][gc,ref] GC(0) O: Phantom References:             1            0            0 
Phase 6: Checking results...
Alive weak references after GC: 0 / 10000000
[34.020s][info   ][gc,stats] === Garbage Collection Statistics =======================================================================================================================
[34.020s][info   ][gc,stats]                                                              Last 10s              Last 10m              Last 10h                Total
[34.020s][info   ][gc,stats]                                                              Avg / Max             Avg / Max             Avg / Max             Avg / Max
[34.020s][info   ][gc,stats]        Contention: Mark Segment Reset Contention                     4 / 30                4 / 30                4 / 30                4 / 30          ops/s
[34.020s][info   ][gc,stats]        Contention: Mark SeqNum Reset Contention                      0 / 4                 0 / 4                 0 / 4                 0 / 4           ops/s
[34.020s][info   ][gc,stats]          Critical: Allocation Stall                                  0 / 0                 0 / 0                 0 / 0                 0 / 0           ops/s
[34.020s][info   ][gc,stats]          Critical: Allocation Stall                              0.000 / 0.000         0.000 / 0.000         0.000 / 0.000         0.000 / 0.000       ms
[34.020s][info   ][gc,stats]          Critical: JNI Critical Stall                                0 / 0                 0 / 0                 0 / 0                 0 / 0           ops/s
[34.020s][info   ][gc,stats]          Critical: JNI Critical Stall                            0.000 / 0.000         0.000 / 0.000         0.000 / 0.000         0.000 / 0.000       ms
[34.020s][info   ][gc,stats]          Critical: Relocation Stall                                  0 / 0                 0 / 0                 0 / 0                 0 / 0           ops/s
[34.020s][info   ][gc,stats]          Critical: Relocation Stall                              0.000 / 0.000         0.000 / 0.000         0.000 / 0.000         0.000 / 0.000       ms
[34.020s][info   ][gc,stats]  Major Collection: Major Collection                           3684.673 / 3684.673   3684.673 / 3684.673   3684.673 / 3684.673   3684.673 / 3684.673    ms
[34.020s][info   ][gc,stats]            Memory: Allocation Rate                                 114 / 498             114 / 498             114 / 498             114 / 498         MB/s
[34.020s][info   ][gc,stats]            Memory: Defragment                                        0 / 0                 0 / 0                 0 / 0                 0 / 0           ops/s
[34.020s][info   ][gc,stats]            Memory: Mapped Cache Harvest                              0 / 0                 0 / 0                 0 / 0                 0 / 0           MB/s
[34.020s][info   ][gc,stats]            Memory: Out Of Memory                                     0 / 0                 0 / 0                 0 / 0                 0 / 0           ops/s
[34.020s][info   ][gc,stats]            Memory: Uncommit                                          0 / 0                 0 / 0                 0 / 0                 0 / 0           MB/s
[34.020s][info   ][gc,stats]            Memory: Undo Object Allocation Failed                     0 / 0                 0 / 0                 0 / 0                 0 / 0           ops/s
[34.020s][info   ][gc,stats]            Memory: Undo Object Allocation Succeeded                  0 / 0                 0 / 0                 0 / 0                 0 / 0           ops/s
[34.020s][info   ][gc,stats]            Memory: Undo Page Allocation                              0 / 0                 0 / 0                 0 / 0                 0 / 0           ops/s
[34.020s][info   ][gc,stats]  Minor Collection: Minor Collection                              0.000 / 0.000         0.000 / 0.000         0.000 / 0.000         0.000 / 0.000       ms
[34.020s][info   ][gc,stats]    Old Generation: Old Generation                             1547.391 / 1547.391   1547.391 / 1547.391   1547.391 / 1547.391   1547.391 / 1547.391    ms
[34.020s][info   ][gc,stats]         Old Pause: Pause Mark End                                0.013 / 0.013         0.013 / 0.013         0.013 / 0.013         0.013 / 0.013       ms
[34.020s][info   ][gc,stats]         Old Pause: Pause Relocate Start                          0.009 / 0.009         0.009 / 0.009         0.009 / 0.009         0.009 / 0.009       ms
[34.020s][info   ][gc,stats]         Old Phase: Concurrent Mark                            1030.649 / 1030.649   1030.649 / 1030.649   1030.649 / 1030.649   1030.649 / 1030.649    ms
[34.020s][info   ][gc,stats]         Old Phase: Concurrent Mark Continue                      0.000 / 0.000         0.000 / 0.000         0.000 / 0.000         0.000 / 0.000       ms
[34.020s][info   ][gc,stats]         Old Phase: Concurrent Mark Free                          0.003 / 0.003         0.003 / 0.003         0.003 / 0.003         0.003 / 0.003       ms
[34.020s][info   ][gc,stats]         Old Phase: Concurrent Process Non-Strong               500.140 / 500.140     500.140 / 500.140     500.140 / 500.140     500.140 / 500.140     ms
[34.020s][info   ][gc,stats]         Old Phase: Concurrent Relocate                           0.026 / 0.026         0.026 / 0.026         0.026 / 0.026         0.026 / 0.026       ms
[34.020s][info   ][gc,stats]         Old Phase: Concurrent Remap Roots                       15.537 / 15.537       15.537 / 15.537       15.537 / 15.537       15.537 / 15.537      ms
[34.020s][info   ][gc,stats]         Old Phase: Concurrent Reset Relocation Set               0.001 / 0.001         0.001 / 0.001         0.001 / 0.001         0.001 / 0.001       ms
[34.020s][info   ][gc,stats]         Old Phase: Concurrent Select Relocation Set              0.865 / 0.865         0.865 / 0.865         0.865 / 0.865         0.865 / 0.865       ms
[34.020s][info   ][gc,stats]      Old Subphase: Concurrent Classes Purge                      0.304 / 0.304         0.304 / 0.304         0.304 / 0.304         0.304 / 0.304       ms
[34.020s][info   ][gc,stats]      Old Subphase: Concurrent Classes Unlink                     0.837 / 0.837         0.837 / 0.837         0.837 / 0.837         0.837 / 0.837       ms
[34.020s][info   ][gc,stats]      Old Subphase: Concurrent Mark Follow                     1030.575 / 1030.575   1030.575 / 1030.575   1030.575 / 1030.575   1030.575 / 1030.575    ms
[34.020s][info   ][gc,stats]      Old Subphase: Concurrent Mark Root Colored                  0.026 / 0.056         0.026 / 0.056         0.026 / 0.056         0.026 / 0.056       ms
[34.020s][info   ][gc,stats]      Old Subphase: Concurrent Mark Root Uncolored                0.013 / 0.022         0.013 / 0.022         0.013 / 0.022         0.013 / 0.022       ms
[34.020s][info   ][gc,stats]      Old Subphase: Concurrent Mark Roots                         0.072 / 0.072         0.072 / 0.072         0.072 / 0.072         0.072 / 0.072       ms
[34.020s][info   ][gc,stats]      Old Subphase: Concurrent References Enqueue                 0.003 / 0.003         0.003 / 0.003         0.003 / 0.003         0.003 / 0.003       ms
[34.020s][info   ][gc,stats]      Old Subphase: Concurrent References Process               498.766 / 498.766     498.766 / 498.766     498.766 / 498.766     498.766 / 498.766     ms
[34.020s][info   ][gc,stats]      Old Subphase: Concurrent Remap Remembered                  15.289 / 15.299       15.289 / 15.299       15.289 / 15.299       15.289 / 15.299      ms
[34.020s][info   ][gc,stats]      Old Subphase: Concurrent Remap Roots Colored                0.056 / 0.056         0.056 / 0.056         0.056 / 0.056         0.056 / 0.056       ms
[34.020s][info   ][gc,stats]      Old Subphase: Concurrent Remap Roots Uncolored              0.157 / 0.158         0.157 / 0.158         0.157 / 0.158         0.157 / 0.158       ms
[34.020s][info   ][gc,stats]      Old Subphase: Concurrent Roots ClassLoaderDataGraph         0.026 / 0.047         0.026 / 0.047         0.026 / 0.047         0.026 / 0.047       ms
[34.020s][info   ][gc,stats]      Old Subphase: Concurrent Roots CodeCache                    0.155 / 0.156         0.155 / 0.156         0.155 / 0.156         0.155 / 0.156       ms
[34.020s][info   ][gc,stats]      Old Subphase: Concurrent Roots JavaThreads                  0.006 / 0.022         0.006 / 0.022         0.006 / 0.022         0.006 / 0.022       ms
[34.020s][info   ][gc,stats]      Old Subphase: Concurrent Roots OopStorageSet                0.004 / 0.008         0.004 / 0.008         0.004 / 0.008         0.004 / 0.008       ms
[34.020s][info   ][gc,stats]      Old Subphase: Concurrent Weak Roots OopStorageSet           0.041 / 0.067         0.041 / 0.067         0.041 / 0.067         0.041 / 0.067       ms
[34.020s][info   ][gc,stats]            System: Java Threads                                     11 / 12               11 / 12               11 / 12               11 / 12          threads
[34.020s][info   ][gc,stats]  Young Generation: Young Generation                              0.000 / 0.000         0.000 / 0.000         0.000 / 0.000         0.000 / 0.000       ms
[34.020s][info   ][gc,stats]  Young Generation: Young Generation                              0.000 / 0.000         0.000 / 0.000         0.000 / 0.000         0.000 / 0.000       ms
[34.020s][info   ][gc,stats]  Young Generation: Young Generation (Collect Roots)              3.601 / 3.601         3.601 / 3.601         3.601 / 3.601         3.601 / 3.601       ms
[34.020s][info   ][gc,stats]  Young Generation: Young Generation (Promote All)             2133.521 / 2133.521   2133.521 / 2133.521   2133.521 / 2133.521   2133.521 / 2133.521    ms
[34.020s][info   ][gc,stats]       Young Pause: Pause Mark End                                0.010 / 0.013         0.010 / 0.013         0.010 / 0.013         0.010 / 0.013       ms
[34.020s][info   ][gc,stats]       Young Pause: Pause Mark Start                              0.023 / 0.023         0.023 / 0.023         0.023 / 0.023         0.023 / 0.023       ms
[34.020s][info   ][gc,stats]       Young Pause: Pause Mark Start (Major)                      0.023 / 0.023         0.023 / 0.023         0.023 / 0.023         0.023 / 0.023       ms
[34.020s][info   ][gc,stats]       Young Pause: Pause Relocate Start                          0.007 / 0.012         0.007 / 0.012         0.007 / 0.012         0.007 / 0.012       ms
[34.020s][info   ][gc,stats]       Young Phase: Concurrent Mark                             918.597 / 1834.819    918.597 / 1834.819    918.597 / 1834.819    918.597 / 1834.819    ms
[34.020s][info   ][gc,stats]       Young Phase: Concurrent Mark Continue                      0.000 / 0.000         0.000 / 0.000         0.000 / 0.000         0.000 / 0.000       ms
[34.020s][info   ][gc,stats]       Young Phase: Concurrent Mark Free                          0.002 / 0.002         0.002 / 0.002         0.002 / 0.002         0.002 / 0.002       ms
[34.020s][info   ][gc,stats]       Young Phase: Concurrent Relocate                          99.255 / 198.472      99.255 / 198.472      99.255 / 198.472      99.255 / 198.472     ms
[34.020s][info   ][gc,stats]       Young Phase: Concurrent Reset Relocation Set               0.063 / 0.125         0.063 / 0.125         0.063 / 0.125         0.063 / 0.125       ms
[34.020s][info   ][gc,stats]       Young Phase: Concurrent Select Relocation Set             50.453 / 99.982       50.453 / 99.982       50.453 / 99.982       50.453 / 99.982      ms
[34.020s][info   ][gc,stats]    Young Subphase: Concurrent Mark Follow                      917.466 / 1833.495    917.466 / 1833.495    917.466 / 1833.495    917.466 / 1833.495    ms
[34.020s][info   ][gc,stats]    Young Subphase: Concurrent Mark Root Colored                  0.741 / 0.883         0.741 / 0.883         0.741 / 0.883         0.741 / 0.883       ms
[34.020s][info   ][gc,stats]    Young Subphase: Concurrent Mark Root Uncolored                0.347 / 0.399         0.347 / 0.399         0.347 / 0.399         0.347 / 0.399       ms
[34.020s][info   ][gc,stats]    Young Subphase: Concurrent Mark Roots                         1.129 / 1.321         1.129 / 1.321         1.129 / 1.321         1.129 / 1.321       ms
[34.020s][info   ][gc,stats]    Young Subphase: Concurrent Relocate Remset FP                97.266 / 194.520      97.266 / 194.520      97.266 / 194.520      97.266 / 194.520     ms
[34.020s][info   ][gc,stats]    Young Subphase: Concurrent Roots ClassLoaderDataGraph         0.407 / 0.431         0.407 / 0.431         0.407 / 0.431         0.407 / 0.431       ms
[34.020s][info   ][gc,stats]    Young Subphase: Concurrent Roots CodeCache                    0.288 / 0.350         0.288 / 0.350         0.288 / 0.350         0.288 / 0.350       ms
[34.020s][info   ][gc,stats]    Young Subphase: Concurrent Roots JavaThreads                  0.030 / 0.121         0.030 / 0.121         0.030 / 0.121         0.030 / 0.121       ms
[34.020s][info   ][gc,stats]    Young Subphase: Concurrent Roots OopStorageSet                0.072 / 0.173         0.072 / 0.173         0.072 / 0.173         0.072 / 0.173       ms
[34.020s][info   ][gc,stats]    Young Subphase: Concurrent Weak Roots OopStorageSet           0.284 / 0.495         0.284 / 0.495         0.284 / 0.495         0.284 / 0.495       ms
[34.020s][info   ][gc,stats] =========================================================================================================================================================
