
=== Instance 2/4, outer iteration 30/100 (Variant none) ===

Affinity: allowed=12,13,14,15,16,17,18,19,20,21,22,23 jvm=12,13,14,15,16,17,18,19,20,21 aux=22,23
Args: 10000000
Command: /dev/shm/variant-images-5076215/none-linux-x86_64-server-release/jdk/bin/java -Xms100g -Xmx100g -XX:+UseZGC -Xlog:gc+stats,gc+ref -XX:InitialTenuringThreshold=1 -XX:MaxTenuringThreshold=1 -XX:-ZProactive -XX:ZCollectionIntervalMajor=315360000 -XX:+ZCollectionIntervalOnly -XX:NativeMemoryTracking=summary /crex/proj/openjdk_benchmarking2026/SimplifyingWeakRefs/test/weakrefs/WeakRefSingleObjectBenchmark.java 10000000

[0.004s][warning][gc] ***** WARNING! INCORRECT SYSTEM CONFIGURATION DETECTED! *****
[0.004s][warning][gc] The system limit on number of memory mappings per process might be too low for the given
[0.004s][warning][gc] max Java heap size (102400M). Please adjust /proc/sys/vm/max_map_count to allow for at
[0.004s][warning][gc] least 184320 mappings (current limit is 65530). Continuing execution with the current
[0.004s][warning][gc] limit could lead to a premature OutOfMemoryError being thrown, due to failure to map memory.
WeakRefSingleObjectBenchmark: weakRefCount=10000000 sleepMillis=500
Phase 1: Allocating the single target object...
Phase 2: Allocating 10000000 WeakReferences in random order...
Allocated 10000000 weak ref holders in 0.79 seconds
Phase 3: Sleeping for 500 ms (strong ref still held)...
Phase 4: Releasing the strong reference to the target object...
Phase 5: Triggering GC...
[30.795s][info   ][gc,ref] GC(0) O:                       Encountered   Discovered     Enqueued 
[30.795s][info   ][gc,ref] GC(0) O: Soft References:              238            0            0 
[30.795s][info   ][gc,ref] GC(0) O: Weak References:         10001333     10000683     10000330 
[30.795s][info   ][gc,ref] GC(0) O: Final References:               0            0            0 
[30.795s][info   ][gc,ref] GC(0) O: Phantom References:             1            0            0 
Phase 6: Checking results...
Alive weak references after GC: 0 / 10000000
[33.718s][info   ][gc,stats] === Garbage Collection Statistics =======================================================================================================================
[33.718s][info   ][gc,stats]                                                              Last 10s              Last 10m              Last 10h                Total
[33.718s][info   ][gc,stats]                                                              Avg / Max             Avg / Max             Avg / Max             Avg / Max
[33.718s][info   ][gc,stats]        Contention: Mark Segment Reset Contention                     1 / 15                1 / 15                1 / 15                1 / 15          ops/s
[33.718s][info   ][gc,stats]        Contention: Mark SeqNum Reset Contention                      0 / 3                 0 / 3                 0 / 3                 0 / 3           ops/s
[33.718s][info   ][gc,stats]          Critical: Allocation Stall                                  0 / 0                 0 / 0                 0 / 0                 0 / 0           ops/s
[33.718s][info   ][gc,stats]          Critical: Allocation Stall                              0.000 / 0.000         0.000 / 0.000         0.000 / 0.000         0.000 / 0.000       ms
[33.718s][info   ][gc,stats]          Critical: JNI Critical Stall                                0 / 0                 0 / 0                 0 / 0                 0 / 0           ops/s
[33.718s][info   ][gc,stats]          Critical: JNI Critical Stall                            0.000 / 0.000         0.000 / 0.000         0.000 / 0.000         0.000 / 0.000       ms
[33.718s][info   ][gc,stats]          Critical: Relocation Stall                                  0 / 0                 0 / 0                 0 / 0                 0 / 0           ops/s
[33.718s][info   ][gc,stats]          Critical: Relocation Stall                              0.000 / 0.000         0.000 / 0.000         0.000 / 0.000         0.000 / 0.000       ms
[33.718s][info   ][gc,stats]  Major Collection: Major Collection                           3383.356 / 3383.356   3383.356 / 3383.356   3383.356 / 3383.356   3383.356 / 3383.356    ms
[33.718s][info   ][gc,stats]            Memory: Allocation Rate                                 114 / 504             114 / 504             114 / 504             114 / 504         MB/s
[33.718s][info   ][gc,stats]            Memory: Defragment                                        0 / 0                 0 / 0                 0 / 0                 0 / 0           ops/s
[33.718s][info   ][gc,stats]            Memory: Mapped Cache Harvest                              0 / 0                 0 / 0                 0 / 0                 0 / 0           MB/s
[33.718s][info   ][gc,stats]            Memory: Out Of Memory                                     0 / 0                 0 / 0                 0 / 0                 0 / 0           ops/s
[33.718s][info   ][gc,stats]            Memory: Uncommit                                          0 / 0                 0 / 0                 0 / 0                 0 / 0           MB/s
[33.718s][info   ][gc,stats]            Memory: Undo Object Allocation Failed                     0 / 0                 0 / 0                 0 / 0                 0 / 0           ops/s
[33.718s][info   ][gc,stats]            Memory: Undo Object Allocation Succeeded                  0 / 0                 0 / 0                 0 / 0                 0 / 0           ops/s
[33.718s][info   ][gc,stats]            Memory: Undo Page Allocation                              0 / 0                 0 / 0                 0 / 0                 0 / 0           ops/s
[33.718s][info   ][gc,stats]  Minor Collection: Minor Collection                              0.000 / 0.000         0.000 / 0.000         0.000 / 0.000         0.000 / 0.000       ms
[33.718s][info   ][gc,stats]    Old Generation: Old Generation                             1538.561 / 1538.561   1538.561 / 1538.561   1538.561 / 1538.561   1538.561 / 1538.561    ms
[33.718s][info   ][gc,stats]         Old Pause: Pause Mark End                                0.013 / 0.013         0.013 / 0.013         0.013 / 0.013         0.013 / 0.013       ms
[33.718s][info   ][gc,stats]         Old Pause: Pause Relocate Start                          0.013 / 0.013         0.013 / 0.013         0.013 / 0.013         0.013 / 0.013       ms
[33.718s][info   ][gc,stats]         Old Phase: Concurrent Mark                            1024.379 / 1024.379   1024.379 / 1024.379   1024.379 / 1024.379   1024.379 / 1024.379    ms
[33.718s][info   ][gc,stats]         Old Phase: Concurrent Mark Continue                      0.000 / 0.000         0.000 / 0.000         0.000 / 0.000         0.000 / 0.000       ms
[33.718s][info   ][gc,stats]         Old Phase: Concurrent Mark Free                          0.002 / 0.002         0.002 / 0.002         0.002 / 0.002         0.002 / 0.002       ms
[33.718s][info   ][gc,stats]         Old Phase: Concurrent Process Non-Strong               497.843 / 497.843     497.843 / 497.843     497.843 / 497.843     497.843 / 497.843     ms
[33.718s][info   ][gc,stats]         Old Phase: Concurrent Relocate                           0.028 / 0.028         0.028 / 0.028         0.028 / 0.028         0.028 / 0.028       ms
[33.718s][info   ][gc,stats]         Old Phase: Concurrent Remap Roots                       15.295 / 15.295       15.295 / 15.295       15.295 / 15.295       15.295 / 15.295      ms
[33.718s][info   ][gc,stats]         Old Phase: Concurrent Reset Relocation Set               0.001 / 0.001         0.001 / 0.001         0.001 / 0.001         0.001 / 0.001       ms
[33.718s][info   ][gc,stats]         Old Phase: Concurrent Select Relocation Set              0.861 / 0.861         0.861 / 0.861         0.861 / 0.861         0.861 / 0.861       ms
[33.718s][info   ][gc,stats]      Old Subphase: Concurrent Classes Purge                      0.301 / 0.301         0.301 / 0.301         0.301 / 0.301         0.301 / 0.301       ms
[33.718s][info   ][gc,stats]      Old Subphase: Concurrent Classes Unlink                     0.845 / 0.845         0.845 / 0.845         0.845 / 0.845         0.845 / 0.845       ms
[33.718s][info   ][gc,stats]      Old Subphase: Concurrent Mark Follow                     1024.302 / 1024.302   1024.302 / 1024.302   1024.302 / 1024.302   1024.302 / 1024.302    ms
[33.718s][info   ][gc,stats]      Old Subphase: Concurrent Mark Root Colored                  0.025 / 0.056         0.025 / 0.056         0.025 / 0.056         0.025 / 0.056       ms
[33.718s][info   ][gc,stats]      Old Subphase: Concurrent Mark Root Uncolored                0.014 / 0.026         0.014 / 0.026         0.014 / 0.026         0.014 / 0.026       ms
[33.718s][info   ][gc,stats]      Old Subphase: Concurrent Mark Roots                         0.074 / 0.074         0.074 / 0.074         0.074 / 0.074         0.074 / 0.074       ms
[33.718s][info   ][gc,stats]      Old Subphase: Concurrent References Enqueue                 0.003 / 0.003         0.003 / 0.003         0.003 / 0.003         0.003 / 0.003       ms
[33.718s][info   ][gc,stats]      Old Subphase: Concurrent References Process               496.445 / 496.445     496.445 / 496.445     496.445 / 496.445     496.445 / 496.445     ms
[33.718s][info   ][gc,stats]      Old Subphase: Concurrent Remap Remembered                  14.993 / 15.030       14.993 / 15.030       14.993 / 15.030       14.993 / 15.030      ms
[33.718s][info   ][gc,stats]      Old Subphase: Concurrent Remap Roots Colored                0.057 / 0.057         0.057 / 0.057         0.057 / 0.057         0.057 / 0.057       ms
[33.719s][info   ][gc,stats]      Old Subphase: Concurrent Remap Roots Uncolored              0.140 / 0.141         0.140 / 0.141         0.140 / 0.141         0.140 / 0.141       ms
[33.719s][info   ][gc,stats]      Old Subphase: Concurrent Roots ClassLoaderDataGraph         0.029 / 0.047         0.029 / 0.047         0.029 / 0.047         0.029 / 0.047       ms
[33.719s][info   ][gc,stats]      Old Subphase: Concurrent Roots CodeCache                    0.138 / 0.139         0.138 / 0.139         0.138 / 0.139         0.138 / 0.139       ms
[33.719s][info   ][gc,stats]      Old Subphase: Concurrent Roots JavaThreads                  0.006 / 0.026         0.006 / 0.026         0.006 / 0.026         0.006 / 0.026       ms
[33.719s][info   ][gc,stats]      Old Subphase: Concurrent Roots OopStorageSet                0.005 / 0.013         0.005 / 0.013         0.005 / 0.013         0.005 / 0.013       ms
[33.719s][info   ][gc,stats]      Old Subphase: Concurrent Weak Roots OopStorageSet           0.042 / 0.071         0.042 / 0.071         0.042 / 0.071         0.042 / 0.071       ms
[33.719s][info   ][gc,stats]            System: Java Threads                                     11 / 12               11 / 12               11 / 12               11 / 12          threads
[33.719s][info   ][gc,stats]  Young Generation: Young Generation                              0.000 / 0.000         0.000 / 0.000         0.000 / 0.000         0.000 / 0.000       ms
[33.719s][info   ][gc,stats]  Young Generation: Young Generation                              0.000 / 0.000         0.000 / 0.000         0.000 / 0.000         0.000 / 0.000       ms
[33.719s][info   ][gc,stats]  Young Generation: Young Generation (Collect Roots)              3.537 / 3.537         3.537 / 3.537         3.537 / 3.537         3.537 / 3.537       ms
[33.719s][info   ][gc,stats]  Young Generation: Young Generation (Promote All)             1841.106 / 1841.106   1841.106 / 1841.106   1841.106 / 1841.106   1841.106 / 1841.106    ms
[33.719s][info   ][gc,stats]       Young Pause: Pause Mark End                                0.010 / 0.013         0.010 / 0.013         0.010 / 0.013         0.010 / 0.013       ms
[33.719s][info   ][gc,stats]       Young Pause: Pause Mark Start                              0.200 / 0.200         0.200 / 0.200         0.200 / 0.200         0.200 / 0.200       ms
[33.719s][info   ][gc,stats]       Young Pause: Pause Mark Start (Major)                      0.022 / 0.022         0.022 / 0.022         0.022 / 0.022         0.022 / 0.022       ms
[33.719s][info   ][gc,stats]       Young Pause: Pause Relocate Start                          0.008 / 0.014         0.008 / 0.014         0.008 / 0.014         0.008 / 0.014       ms
[33.719s][info   ][gc,stats]       Young Phase: Concurrent Mark                             772.536 / 1542.720    772.536 / 1542.720    772.536 / 1542.720    772.536 / 1542.720    ms
[33.719s][info   ][gc,stats]       Young Phase: Concurrent Mark Continue                      0.000 / 0.000         0.000 / 0.000         0.000 / 0.000         0.000 / 0.000       ms
[33.719s][info   ][gc,stats]       Young Phase: Concurrent Mark Free                          0.002 / 0.002         0.002 / 0.002         0.002 / 0.002         0.002 / 0.002       ms
[33.719s][info   ][gc,stats]       Young Phase: Concurrent Relocate                          99.541 / 199.057      99.541 / 199.057      99.541 / 199.057      99.541 / 199.057     ms
[33.719s][info   ][gc,stats]       Young Phase: Concurrent Reset Relocation Set               0.061 / 0.121         0.061 / 0.121         0.061 / 0.121         0.061 / 0.121       ms
[33.719s][info   ][gc,stats]       Young Phase: Concurrent Select Relocation Set             49.906 / 98.899       49.906 / 98.899       49.906 / 98.899       49.906 / 98.899      ms
[33.719s][info   ][gc,stats]    Young Subphase: Concurrent Mark Follow                      771.426 / 1541.439    771.426 / 1541.439    771.426 / 1541.439    771.426 / 1541.439    ms
[33.719s][info   ][gc,stats]    Young Subphase: Concurrent Mark Root Colored                  0.725 / 0.847         0.725 / 0.847         0.725 / 0.847         0.725 / 0.847       ms
[33.719s][info   ][gc,stats]    Young Subphase: Concurrent Mark Root Uncolored                0.341 / 0.393         0.341 / 0.393         0.341 / 0.393         0.341 / 0.393       ms
[33.719s][info   ][gc,stats]    Young Subphase: Concurrent Mark Roots                         1.108 / 1.279         1.108 / 1.279         1.108 / 1.279         1.108 / 1.279       ms
[33.719s][info   ][gc,stats]    Young Subphase: Concurrent Relocate Remset FP                97.522 / 195.037      97.522 / 195.037      97.522 / 195.037      97.522 / 195.037     ms
[33.719s][info   ][gc,stats]    Young Subphase: Concurrent Roots ClassLoaderDataGraph         0.401 / 0.437         0.401 / 0.437         0.401 / 0.437         0.401 / 0.437       ms
[33.719s][info   ][gc,stats]    Young Subphase: Concurrent Roots CodeCache                    0.290 / 0.350         0.290 / 0.350         0.290 / 0.350         0.290 / 0.350       ms
[33.719s][info   ][gc,stats]    Young Subphase: Concurrent Roots JavaThreads                  0.026 / 0.122         0.026 / 0.122         0.026 / 0.122         0.026 / 0.122       ms
[33.719s][info   ][gc,stats]    Young Subphase: Concurrent Roots OopStorageSet                0.055 / 0.140         0.055 / 0.140         0.055 / 0.140         0.055 / 0.140       ms
[33.719s][info   ][gc,stats]    Young Subphase: Concurrent Weak Roots OopStorageSet           0.287 / 0.462         0.287 / 0.462         0.287 / 0.462         0.287 / 0.462       ms
[33.719s][info   ][gc,stats] =========================================================================================================================================================
