
=== Instance 3/4, outer iteration 72/100 (Variant weak_fields) ===

Affinity: allowed=24,25,26,27,28,29,30,31,32,33,34,35 jvm=24,25,26,27,28,29,30,31,32,33 aux=34,35
Args: 10000000
Command: /dev/shm/variant-images-5076215/weak_fields-linux-x86_64-server-release/jdk/bin/java -Xms100g -Xmx100g -XX:+UseZGC -Xlog:gc+stats,gc+ref -XX:InitialTenuringThreshold=1 -XX:MaxTenuringThreshold=1 -XX:-ZProactive -XX:ZCollectionIntervalMajor=315360000 -XX:+ZCollectionIntervalOnly -XX:NativeMemoryTracking=summary /crex/proj/openjdk_benchmarking2026/SimplifyingWeakRefs/test/weakrefs/WeakFieldSingleObjectBenchmark.java 10000000

[0.004s][warning][gc] ***** WARNING! INCORRECT SYSTEM CONFIGURATION DETECTED! *****
[0.004s][warning][gc] The system limit on number of memory mappings per process might be too low for the given
[0.004s][warning][gc] max Java heap size (102400M). Please adjust /proc/sys/vm/max_map_count to allow for at
[0.004s][warning][gc] least 184320 mappings (current limit is 65530). Continuing execution with the current
[0.004s][warning][gc] limit could lead to a premature OutOfMemoryError being thrown, due to failure to map memory.
[0.005s][info   ][gc,ref] Reference Processor created, Config: Weak field discovery
WeakFieldSingleObjectBenchmark: weakRefCount=10000000 sleepMillis=500
Phase 1: Allocating the single target object...
Phase 2: Allocating 10000000 weak holders in random order...
Allocated 10000000 weak holders in 0.38 seconds
Phase 3: Sleeping for 500 ms (strong ref still held)...
Phase 4: Releasing the strong reference to the target object...
Phase 5: Triggering GC...
[28.845s][info   ][gc,ref] GC(0) O:                       Encountered   Discovered      Cleared 
[28.845s][info   ][gc,ref] GC(0) O: Soft References:              238            0            0 
[28.845s][info   ][gc,ref] GC(0) O: Weak References:             1339          386          332 
[28.845s][info   ][gc,ref] GC(0) O: Weak Fields:             10000000     10000000     10000000 
[28.845s][info   ][gc,ref] GC(0) O: Final References:               0            0            0 
[28.845s][info   ][gc,ref] GC(0) O: Phantom References:             1            1            0 
Phase 6: Checking results...
Alive weak holders after GC: 0 / 10000000
[31.542s][info   ][gc,stats] === Garbage Collection Statistics =======================================================================================================================
[31.542s][info   ][gc,stats]                                                              Last 10s              Last 10m              Last 10h                Total
[31.542s][info   ][gc,stats]                                                              Avg / Max             Avg / Max             Avg / Max             Avg / Max
[31.542s][info   ][gc,stats]        Contention: Mark Segment Reset Contention                     5 / 34                5 / 34                5 / 34                5 / 34          ops/s
[31.542s][info   ][gc,stats]        Contention: Mark SeqNum Reset Contention                      0 / 2                 0 / 2                 0 / 2                 0 / 2           ops/s
[31.542s][info   ][gc,stats]          Critical: Allocation Stall                                  0 / 0                 0 / 0                 0 / 0                 0 / 0           ops/s
[31.542s][info   ][gc,stats]          Critical: Allocation Stall                              0.000 / 0.000         0.000 / 0.000         0.000 / 0.000         0.000 / 0.000       ms
[31.542s][info   ][gc,stats]          Critical: JNI Critical Stall                                0 / 0                 0 / 0                 0 / 0                 0 / 0           ops/s
[31.542s][info   ][gc,stats]          Critical: JNI Critical Stall                            0.000 / 0.000         0.000 / 0.000         0.000 / 0.000         0.000 / 0.000       ms
[31.542s][info   ][gc,stats]          Critical: Relocation Stall                                  0 / 0                 0 / 0                 0 / 0                 0 / 0           ops/s
[31.542s][info   ][gc,stats]          Critical: Relocation Stall                              0.000 / 0.000         0.000 / 0.000         0.000 / 0.000         0.000 / 0.000       ms
[31.542s][info   ][gc,stats]  Major Collection: Major Collection                           2541.443 / 2541.443   2541.443 / 2541.443   2541.443 / 2541.443   2541.443 / 2541.443    ms
[31.542s][info   ][gc,stats]            Memory: Allocation Rate                                  76 / 396              76 / 396              76 / 396              76 / 396         MB/s
[31.542s][info   ][gc,stats]            Memory: Defragment                                        0 / 0                 0 / 0                 0 / 0                 0 / 0           ops/s
[31.542s][info   ][gc,stats]            Memory: Mapped Cache Harvest                              0 / 0                 0 / 0                 0 / 0                 0 / 0           MB/s
[31.542s][info   ][gc,stats]            Memory: Out Of Memory                                     0 / 0                 0 / 0                 0 / 0                 0 / 0           ops/s
[31.542s][info   ][gc,stats]            Memory: Uncommit                                          0 / 0                 0 / 0                 0 / 0                 0 / 0           MB/s
[31.542s][info   ][gc,stats]            Memory: Undo Object Allocation Failed                     0 / 0                 0 / 0                 0 / 0                 0 / 0           ops/s
[31.542s][info   ][gc,stats]            Memory: Undo Object Allocation Succeeded                  0 / 0                 0 / 0                 0 / 0                 0 / 0           ops/s
[31.542s][info   ][gc,stats]            Memory: Undo Page Allocation                              0 / 0                 0 / 0                 0 / 0                 0 / 0           ops/s
[31.542s][info   ][gc,stats]  Minor Collection: Minor Collection                              0.000 / 0.000         0.000 / 0.000         0.000 / 0.000         0.000 / 0.000       ms
[31.542s][info   ][gc,stats]    Old Generation: Old Generation                             1161.989 / 1161.989   1161.989 / 1161.989   1161.989 / 1161.989   1161.989 / 1161.989    ms
[31.542s][info   ][gc,stats]         Old Pause: Pause Mark End                                0.019 / 0.019         0.019 / 0.019         0.019 / 0.019         0.019 / 0.019       ms
[31.542s][info   ][gc,stats]         Old Pause: Pause Relocate Start                          0.010 / 0.010         0.010 / 0.010         0.010 / 0.010         0.010 / 0.010       ms
[31.542s][info   ][gc,stats]         Old Phase: Concurrent Mark                             929.271 / 929.271     929.271 / 929.271     929.271 / 929.271     929.271 / 929.271     ms
[31.542s][info   ][gc,stats]         Old Phase: Concurrent Mark Continue                      0.000 / 0.000         0.000 / 0.000         0.000 / 0.000         0.000 / 0.000       ms
[31.542s][info   ][gc,stats]         Old Phase: Concurrent Mark Free                          0.005 / 0.005         0.005 / 0.005         0.005 / 0.005         0.005 / 0.005       ms
[31.542s][info   ][gc,stats]         Old Phase: Concurrent Process Non-Strong               231.567 / 231.567     231.567 / 231.567     231.567 / 231.567     231.567 / 231.567     ms
[31.542s][info   ][gc,stats]         Old Phase: Concurrent Relocate                           0.029 / 0.029         0.029 / 0.029         0.029 / 0.029         0.029 / 0.029       ms
[31.542s][info   ][gc,stats]         Old Phase: Concurrent Remap Roots                        0.448 / 0.448         0.448 / 0.448         0.448 / 0.448         0.448 / 0.448       ms
[31.542s][info   ][gc,stats]         Old Phase: Concurrent Reset Relocation Set               0.001 / 0.001         0.001 / 0.001         0.001 / 0.001         0.001 / 0.001       ms
[31.542s][info   ][gc,stats]         Old Phase: Concurrent Select Relocation Set              0.587 / 0.587         0.587 / 0.587         0.587 / 0.587         0.587 / 0.587       ms
[31.542s][info   ][gc,stats]      Old Subphase: Concurrent Classes Purge                      0.372 / 0.372         0.372 / 0.372         0.372 / 0.372         0.372 / 0.372       ms
[31.542s][info   ][gc,stats]      Old Subphase: Concurrent Classes Unlink                     1.015 / 1.015         1.015 / 1.015         1.015 / 1.015         1.015 / 1.015       ms
[31.542s][info   ][gc,stats]      Old Subphase: Concurrent Mark Follow                      929.174 / 929.174     929.174 / 929.174     929.174 / 929.174     929.174 / 929.174     ms
[31.542s][info   ][gc,stats]      Old Subphase: Concurrent Mark Root Colored                  0.037 / 0.059         0.037 / 0.059         0.037 / 0.059         0.037 / 0.059       ms
[31.542s][info   ][gc,stats]      Old Subphase: Concurrent Mark Root Uncolored                0.024 / 0.028         0.024 / 0.028         0.024 / 0.028         0.024 / 0.028       ms
[31.542s][info   ][gc,stats]      Old Subphase: Concurrent Mark Roots                         0.094 / 0.094         0.094 / 0.094         0.094 / 0.094         0.094 / 0.094       ms
[31.542s][info   ][gc,stats]      Old Subphase: Concurrent References Enqueue                 0.003 / 0.003         0.003 / 0.003         0.003 / 0.003         0.003 / 0.003       ms
[31.542s][info   ][gc,stats]      Old Subphase: Concurrent References Process               229.905 / 229.905     229.905 / 229.905     229.905 / 229.905     229.905 / 229.905     ms
[31.542s][info   ][gc,stats]      Old Subphase: Concurrent Remap Remembered                   0.116 / 0.118         0.116 / 0.118         0.116 / 0.118         0.116 / 0.118       ms
[31.542s][info   ][gc,stats]      Old Subphase: Concurrent Remap Roots Colored                0.061 / 0.062         0.061 / 0.062         0.061 / 0.062         0.061 / 0.062       ms
[31.542s][info   ][gc,stats]      Old Subphase: Concurrent Remap Roots Uncolored              0.240 / 0.242         0.240 / 0.242         0.240 / 0.242         0.240 / 0.242       ms
[31.542s][info   ][gc,stats]      Old Subphase: Concurrent Roots ClassLoaderDataGraph         0.031 / 0.042         0.031 / 0.042         0.031 / 0.042         0.031 / 0.042       ms
[31.542s][info   ][gc,stats]      Old Subphase: Concurrent Roots CodeCache                    0.240 / 0.240         0.240 / 0.240         0.240 / 0.240         0.240 / 0.240       ms
[31.542s][info   ][gc,stats]      Old Subphase: Concurrent Roots JavaThreads                  0.012 / 0.027         0.012 / 0.027         0.012 / 0.027         0.012 / 0.027       ms
[31.542s][info   ][gc,stats]      Old Subphase: Concurrent Roots OopStorageSet                0.005 / 0.017         0.005 / 0.017         0.005 / 0.017         0.005 / 0.017       ms
[31.542s][info   ][gc,stats]      Old Subphase: Concurrent Weak Roots OopStorageSet           0.047 / 0.070         0.047 / 0.070         0.047 / 0.070         0.047 / 0.070       ms
[31.542s][info   ][gc,stats]            System: Java Threads                                     12 / 13               12 / 13               12 / 13               12 / 13          threads
[31.542s][info   ][gc,stats]  Young Generation: Young Generation                              0.000 / 0.000         0.000 / 0.000         0.000 / 0.000         0.000 / 0.000       ms
[31.543s][info   ][gc,stats]  Young Generation: Young Generation                              0.000 / 0.000         0.000 / 0.000         0.000 / 0.000         0.000 / 0.000       ms
[31.543s][info   ][gc,stats]  Young Generation: Young Generation (Collect Roots)              2.988 / 2.988         2.988 / 2.988         2.988 / 2.988         2.988 / 2.988       ms
[31.543s][info   ][gc,stats]  Young Generation: Young Generation (Promote All)             1376.347 / 1376.347   1376.347 / 1376.347   1376.347 / 1376.347   1376.347 / 1376.347    ms
[31.543s][info   ][gc,stats]       Young Pause: Pause Mark End                                0.011 / 0.015         0.011 / 0.015         0.011 / 0.015         0.011 / 0.015       ms
[31.543s][info   ][gc,stats]       Young Pause: Pause Mark Start                              0.024 / 0.024         0.024 / 0.024         0.024 / 0.024         0.024 / 0.024       ms
[31.543s][info   ][gc,stats]       Young Pause: Pause Mark Start (Major)                      0.025 / 0.025         0.025 / 0.025         0.025 / 0.025         0.025 / 0.025       ms
[31.543s][info   ][gc,stats]       Young Pause: Pause Relocate Start                          0.006 / 0.009         0.006 / 0.009         0.006 / 0.009         0.006 / 0.009       ms
[31.543s][info   ][gc,stats]       Young Phase: Concurrent Mark                             617.848 / 1233.590    617.848 / 1233.590    617.848 / 1233.590    617.848 / 1233.590    ms
[31.543s][info   ][gc,stats]       Young Phase: Concurrent Mark Continue                      0.000 / 0.000         0.000 / 0.000         0.000 / 0.000         0.000 / 0.000       ms
[31.543s][info   ][gc,stats]       Young Phase: Concurrent Mark Free                          0.003 / 0.004         0.003 / 0.004         0.003 / 0.004         0.003 / 0.004       ms
[31.543s][info   ][gc,stats]       Young Phase: Concurrent Relocate                          49.428 / 98.817       49.428 / 98.817       49.428 / 98.817       49.428 / 98.817      ms
[31.543s][info   ][gc,stats]       Young Phase: Concurrent Reset Relocation Set               0.028 / 0.055         0.028 / 0.055         0.028 / 0.055         0.028 / 0.055       ms
[31.543s][info   ][gc,stats]       Young Phase: Concurrent Select Relocation Set             22.166 / 43.689       22.166 / 43.689       22.166 / 43.689       22.166 / 43.689      ms
[31.543s][info   ][gc,stats]    Young Subphase: Concurrent Mark Follow                      616.740 / 1232.292    616.740 / 1232.292    616.740 / 1232.292    616.740 / 1232.292    ms
[31.543s][info   ][gc,stats]    Young Subphase: Concurrent Mark Root Colored                  0.712 / 0.841         0.712 / 0.841         0.712 / 0.841         0.712 / 0.841       ms
[31.543s][info   ][gc,stats]    Young Subphase: Concurrent Mark Root Uncolored                0.350 / 0.409         0.350 / 0.409         0.350 / 0.409         0.350 / 0.409       ms
[31.543s][info   ][gc,stats]    Young Subphase: Concurrent Mark Roots                         1.105 / 1.295         1.105 / 1.295         1.105 / 1.295         1.105 / 1.295       ms
[31.543s][info   ][gc,stats]    Young Subphase: Concurrent Relocate Remset FP                47.524 / 95.035       47.524 / 95.035       47.524 / 95.035       47.524 / 95.035      ms
[31.543s][info   ][gc,stats]    Young Subphase: Concurrent Roots ClassLoaderDataGraph         0.427 / 0.447         0.427 / 0.447         0.427 / 0.447         0.427 / 0.447       ms
[31.543s][info   ][gc,stats]    Young Subphase: Concurrent Roots CodeCache                    0.294 / 0.352         0.294 / 0.352         0.294 / 0.352         0.294 / 0.352       ms
[31.543s][info   ][gc,stats]    Young Subphase: Concurrent Roots JavaThreads                  0.028 / 0.136         0.028 / 0.136         0.028 / 0.136         0.028 / 0.136       ms
[31.543s][info   ][gc,stats]    Young Subphase: Concurrent Roots OopStorageSet                0.053 / 0.135         0.053 / 0.135         0.053 / 0.135         0.053 / 0.135       ms
[31.543s][info   ][gc,stats]    Young Subphase: Concurrent Weak Roots OopStorageSet           0.239 / 0.372         0.239 / 0.372         0.239 / 0.372         0.239 / 0.372       ms
[31.543s][info   ][gc,stats] =========================================================================================================================================================
