
=== Instance 1/4, outer iteration 6/100 (Variant clear_path_dyn) ===

Affinity: allowed=0,1,2,3,4,5,6,7,8,9,10,11 jvm=0,1,2,3,4,5,6,7,8,9 aux=10,11
Args: 10000000
Command: /dev/shm/variant-images-5076215/clear_path_dyn-linux-x86_64-server-release/jdk/bin/java -Xms100g -Xmx100g -XX:+UseZGC -Xlog:gc+stats,gc+ref -XX:InitialTenuringThreshold=1 -XX:MaxTenuringThreshold=1 -XX:-ZProactive -XX:ZCollectionIntervalMajor=315360000 -XX:+ZCollectionIntervalOnly -XX:NativeMemoryTracking=summary /crex/proj/openjdk_benchmarking2026/SimplifyingWeakRefs/test/weakrefs/WeakRefSingleObjectBenchmark.java 10000000

[0.004s][warning][gc] ***** WARNING! INCORRECT SYSTEM CONFIGURATION DETECTED! *****
[0.004s][warning][gc] The system limit on number of memory mappings per process might be too low for the given
[0.004s][warning][gc] max Java heap size (102400M). Please adjust /proc/sys/vm/max_map_count to allow for at
[0.004s][warning][gc] least 184320 mappings (current limit is 65530). Continuing execution with the current
[0.004s][warning][gc] limit could lead to a premature OutOfMemoryError being thrown, due to failure to map memory.
[0.004s][info   ][gc,ref] Reference Processor created, Config: Optimised clear path, dynamic array
WeakRefSingleObjectBenchmark: weakRefCount=10000000 sleepMillis=500
Phase 1: Allocating the single target object...
Phase 2: Allocating 10000000 WeakReferences in random order...
Allocated 10000000 weak ref holders in 0.79 seconds
Phase 3: Sleeping for 500 ms (strong ref still held)...
Phase 4: Releasing the strong reference to the target object...
Phase 5: Triggering GC...
[29.159s][info   ][gc,ref] GC(0) O:                           Encountered       Discovered Cleared/Enqueued 
[29.159s][info   ][gc,ref] GC(0) O: Soft References:                  238                0                0 
[29.159s][info   ][gc,ref] GC(0) O: Weak References:                 1330              394              330 
[29.159s][info   ][gc,ref] GC(0) O: Weak (No Queue):             10000003         10000000         10000000 
[29.159s][info   ][gc,ref] GC(0) O: Final References:                   0                0                0 
[29.159s][info   ][gc,ref] GC(0) O: Phantom References:                 1                0                0 
Phase 6: Checking results...
Alive weak references after GC: 0 / 10000000
[31.993s][info   ][gc,stats] === Garbage Collection Statistics =======================================================================================================================
[31.993s][info   ][gc,stats]                                                              Last 10s              Last 10m              Last 10h                Total
[31.993s][info   ][gc,stats]                                                              Avg / Max             Avg / Max             Avg / Max             Avg / Max
[31.993s][info   ][gc,stats]        Contention: Mark Segment Reset Contention                     5 / 41                5 / 41                5 / 41                5 / 41          ops/s
[31.993s][info   ][gc,stats]        Contention: Mark SeqNum Reset Contention                      2 / 10                2 / 10                2 / 10                2 / 10          ops/s
[31.993s][info   ][gc,stats]          Critical: Allocation Stall                                  0 / 0                 0 / 0                 0 / 0                 0 / 0           ops/s
[31.993s][info   ][gc,stats]          Critical: Allocation Stall                              0.000 / 0.000         0.000 / 0.000         0.000 / 0.000         0.000 / 0.000       ms
[31.993s][info   ][gc,stats]          Critical: JNI Critical Stall                                0 / 0                 0 / 0                 0 / 0                 0 / 0           ops/s
[31.993s][info   ][gc,stats]          Critical: JNI Critical Stall                            0.000 / 0.000         0.000 / 0.000         0.000 / 0.000         0.000 / 0.000       ms
[31.993s][info   ][gc,stats]          Critical: Relocation Stall                                  0 / 0                 0 / 0                 0 / 0                 0 / 0           ops/s
[31.993s][info   ][gc,stats]          Critical: Relocation Stall                              0.000 / 0.000         0.000 / 0.000         0.000 / 0.000         0.000 / 0.000       ms
[31.993s][info   ][gc,stats]  Major Collection: Major Collection                           2423.092 / 2423.092   2423.092 / 2423.092   2423.092 / 2423.092   2423.092 / 2423.092    ms
[31.993s][info   ][gc,stats]            Memory: Allocation Rate                                 131 / 506             131 / 506             131 / 506             131 / 506         MB/s
[31.993s][info   ][gc,stats]            Memory: Defragment                                        0 / 0                 0 / 0                 0 / 0                 0 / 0           ops/s
[31.993s][info   ][gc,stats]            Memory: Mapped Cache Harvest                              0 / 0                 0 / 0                 0 / 0                 0 / 0           MB/s
[31.993s][info   ][gc,stats]            Memory: Out Of Memory                                     0 / 0                 0 / 0                 0 / 0                 0 / 0           ops/s
[31.993s][info   ][gc,stats]            Memory: Uncommit                                          0 / 0                 0 / 0                 0 / 0                 0 / 0           MB/s
[31.993s][info   ][gc,stats]            Memory: Undo Object Allocation Failed                     0 / 0                 0 / 0                 0 / 0                 0 / 0           ops/s
[31.993s][info   ][gc,stats]            Memory: Undo Object Allocation Succeeded                  0 / 0                 0 / 0                 0 / 0                 0 / 0           ops/s
[31.993s][info   ][gc,stats]            Memory: Undo Page Allocation                              0 / 0                 0 / 0                 0 / 0                 0 / 0           ops/s
[31.993s][info   ][gc,stats]  Minor Collection: Minor Collection                              0.000 / 0.000         0.000 / 0.000         0.000 / 0.000         0.000 / 0.000       ms
[31.993s][info   ][gc,stats]    Old Generation: Old Generation                             1213.409 / 1213.409   1213.409 / 1213.409   1213.409 / 1213.409   1213.409 / 1213.409    ms
[31.993s][info   ][gc,stats]         Old Pause: Pause Mark End                                0.015 / 0.015         0.015 / 0.015         0.015 / 0.015         0.015 / 0.015       ms
[31.993s][info   ][gc,stats]         Old Pause: Pause Relocate Start                          0.014 / 0.014         0.014 / 0.014         0.014 / 0.014         0.014 / 0.014       ms
[31.993s][info   ][gc,stats]         Old Phase: Concurrent Mark                            1105.831 / 1105.831   1105.831 / 1105.831   1105.831 / 1105.831   1105.831 / 1105.831    ms
[31.993s][info   ][gc,stats]         Old Phase: Concurrent Mark Continue                      0.000 / 0.000         0.000 / 0.000         0.000 / 0.000         0.000 / 0.000       ms
[31.993s][info   ][gc,stats]         Old Phase: Concurrent Mark Free                          0.004 / 0.004         0.004 / 0.004         0.004 / 0.004         0.004 / 0.004       ms
[31.993s][info   ][gc,stats]         Old Phase: Concurrent Process Non-Strong                91.404 / 91.404       91.404 / 91.404       91.404 / 91.404       91.404 / 91.404      ms
[31.993s][info   ][gc,stats]         Old Phase: Concurrent Relocate                           0.043 / 0.043         0.043 / 0.043         0.043 / 0.043         0.043 / 0.043       ms
[31.993s][info   ][gc,stats]         Old Phase: Concurrent Remap Roots                       15.117 / 15.117       15.117 / 15.117       15.117 / 15.117       15.117 / 15.117      ms
[31.993s][info   ][gc,stats]         Old Phase: Concurrent Reset Relocation Set               0.001 / 0.001         0.001 / 0.001         0.001 / 0.001         0.001 / 0.001       ms
[31.993s][info   ][gc,stats]         Old Phase: Concurrent Select Relocation Set              0.872 / 0.872         0.872 / 0.872         0.872 / 0.872         0.872 / 0.872       ms
[31.993s][info   ][gc,stats]      Old Subphase: Concurrent Classes Purge                      0.488 / 0.488         0.488 / 0.488         0.488 / 0.488         0.488 / 0.488       ms
[31.993s][info   ][gc,stats]      Old Subphase: Concurrent Classes Unlink                     0.884 / 0.884         0.884 / 0.884         0.884 / 0.884         0.884 / 0.884       ms
[31.993s][info   ][gc,stats]      Old Subphase: Concurrent Mark Follow                     1105.759 / 1105.759   1105.759 / 1105.759   1105.759 / 1105.759   1105.759 / 1105.759    ms
[31.993s][info   ][gc,stats]      Old Subphase: Concurrent Mark Root Colored                  0.024 / 0.052         0.024 / 0.052         0.024 / 0.052         0.024 / 0.052       ms
[31.993s][info   ][gc,stats]      Old Subphase: Concurrent Mark Root Uncolored                0.009 / 0.016         0.009 / 0.016         0.009 / 0.016         0.009 / 0.016       ms
[31.993s][info   ][gc,stats]      Old Subphase: Concurrent Mark Roots                         0.069 / 0.069         0.069 / 0.069         0.069 / 0.069         0.069 / 0.069       ms
[31.993s][info   ][gc,stats]      Old Subphase: Concurrent References Enqueue                 0.004 / 0.004         0.004 / 0.004         0.004 / 0.004         0.004 / 0.004       ms
[31.993s][info   ][gc,stats]      Old Subphase: Concurrent References Process                89.763 / 89.763       89.763 / 89.763       89.763 / 89.763       89.763 / 89.763      ms
[31.993s][info   ][gc,stats]      Old Subphase: Concurrent Remap Remembered                  14.818 / 14.856       14.818 / 14.856       14.818 / 14.856       14.818 / 14.856      ms
[31.993s][info   ][gc,stats]      Old Subphase: Concurrent Remap Roots Colored                0.055 / 0.057         0.055 / 0.057         0.055 / 0.057         0.055 / 0.057       ms
[31.993s][info   ][gc,stats]      Old Subphase: Concurrent Remap Roots Uncolored              0.172 / 0.172         0.172 / 0.172         0.172 / 0.172         0.172 / 0.172       ms
[31.993s][info   ][gc,stats]      Old Subphase: Concurrent Roots ClassLoaderDataGraph         0.025 / 0.044         0.025 / 0.044         0.025 / 0.044         0.025 / 0.044       ms
[31.993s][info   ][gc,stats]      Old Subphase: Concurrent Roots CodeCache                    0.170 / 0.170         0.170 / 0.170         0.170 / 0.170         0.170 / 0.170       ms
[31.993s][info   ][gc,stats]      Old Subphase: Concurrent Roots JavaThreads                  0.005 / 0.016         0.005 / 0.016         0.005 / 0.016         0.005 / 0.016       ms
[31.993s][info   ][gc,stats]      Old Subphase: Concurrent Roots OopStorageSet                0.006 / 0.008         0.006 / 0.008         0.006 / 0.008         0.006 / 0.008       ms
[31.993s][info   ][gc,stats]      Old Subphase: Concurrent Weak Roots OopStorageSet           0.042 / 0.063         0.042 / 0.063         0.042 / 0.063         0.042 / 0.063       ms
[31.993s][info   ][gc,stats]            System: Java Threads                                     11 / 12               11 / 12               11 / 12               11 / 12          threads
[31.993s][info   ][gc,stats]  Young Generation: Young Generation                              0.000 / 0.000         0.000 / 0.000         0.000 / 0.000         0.000 / 0.000       ms
[31.993s][info   ][gc,stats]  Young Generation: Young Generation                              0.000 / 0.000         0.000 / 0.000         0.000 / 0.000         0.000 / 0.000       ms
[31.993s][info   ][gc,stats]  Young Generation: Young Generation (Collect Roots)              3.696 / 3.696         3.696 / 3.696         3.696 / 3.696         3.696 / 3.696       ms
[31.993s][info   ][gc,stats]  Young Generation: Young Generation (Promote All)             1205.866 / 1205.866   1205.866 / 1205.866   1205.866 / 1205.866   1205.866 / 1205.866    ms
[31.993s][info   ][gc,stats]       Young Pause: Pause Mark End                                0.010 / 0.014         0.010 / 0.014         0.010 / 0.014         0.010 / 0.014       ms
[31.993s][info   ][gc,stats]       Young Pause: Pause Mark Start                              0.034 / 0.034         0.034 / 0.034         0.034 / 0.034         0.034 / 0.034       ms
[31.993s][info   ][gc,stats]       Young Pause: Pause Mark Start (Major)                      0.026 / 0.026         0.026 / 0.026         0.026 / 0.026         0.026 / 0.026       ms
[31.993s][info   ][gc,stats]       Young Pause: Pause Relocate Start                          0.008 / 0.014         0.008 / 0.014         0.008 / 0.014         0.008 / 0.014       ms
[31.993s][info   ][gc,stats]       Young Phase: Concurrent Mark                             453.829 / 905.216     453.829 / 905.216     453.829 / 905.216     453.829 / 905.216     ms
[31.993s][info   ][gc,stats]       Young Phase: Concurrent Mark Continue                      0.000 / 0.000         0.000 / 0.000         0.000 / 0.000         0.000 / 0.000       ms
[31.993s][info   ][gc,stats]       Young Phase: Concurrent Mark Free                          0.005 / 0.008         0.005 / 0.008         0.005 / 0.008         0.005 / 0.008       ms
[31.993s][info   ][gc,stats]       Young Phase: Concurrent Relocate                         101.157 / 202.269     101.157 / 202.269     101.157 / 202.269     101.157 / 202.269     ms
[31.993s][info   ][gc,stats]       Young Phase: Concurrent Reset Relocation Set               0.067 / 0.134         0.067 / 0.134         0.067 / 0.134         0.067 / 0.134       ms
[31.993s][info   ][gc,stats]       Young Phase: Concurrent Select Relocation Set             49.527 / 98.126       49.527 / 98.126       49.527 / 98.126       49.527 / 98.126      ms
[31.993s][info   ][gc,stats]    Young Subphase: Concurrent Mark Follow                      452.745 / 903.994     452.745 / 903.994     452.745 / 903.994     452.745 / 903.994     ms
[31.993s][info   ][gc,stats]    Young Subphase: Concurrent Mark Root Colored                  0.673 / 0.753         0.673 / 0.753         0.673 / 0.753         0.673 / 0.753       ms
[31.993s][info   ][gc,stats]    Young Subphase: Concurrent Mark Root Uncolored                0.359 / 0.408         0.359 / 0.408         0.359 / 0.408         0.359 / 0.408       ms
[31.993s][info   ][gc,stats]    Young Subphase: Concurrent Mark Roots                         1.081 / 1.218         1.081 / 1.218         1.081 / 1.218         1.081 / 1.218       ms
[31.993s][info   ][gc,stats]    Young Subphase: Concurrent Relocate Remset FP                99.190 / 198.369      99.190 / 198.369      99.190 / 198.369      99.190 / 198.369     ms
[31.993s][info   ][gc,stats]    Young Subphase: Concurrent Roots ClassLoaderDataGraph         0.349 / 0.435         0.349 / 0.435         0.349 / 0.435         0.349 / 0.435       ms
[31.993s][info   ][gc,stats]    Young Subphase: Concurrent Roots CodeCache                    0.300 / 0.357         0.300 / 0.357         0.300 / 0.357         0.300 / 0.357       ms
[31.993s][info   ][gc,stats]    Young Subphase: Concurrent Roots JavaThreads                  0.030 / 0.124         0.030 / 0.124         0.030 / 0.124         0.030 / 0.124       ms
[31.993s][info   ][gc,stats]    Young Subphase: Concurrent Roots OopStorageSet                0.050 / 0.168         0.050 / 0.168         0.050 / 0.168         0.050 / 0.168       ms
[31.993s][info   ][gc,stats]    Young Subphase: Concurrent Weak Roots OopStorageSet           0.281 / 0.485         0.281 / 0.485         0.281 / 0.485         0.281 / 0.485       ms
[31.993s][info   ][gc,stats] =========================================================================================================================================================
