
=== Instance 3/8, outer iteration 92/300 (Variant clear_path_sep) ===

Affinity: allowed=24,25,26,27,28,29,30,31,32,33,34,35 jvm=24,25,26,27,28,29,30,31,32,33 aux=34,35
Benchmark args: 150000000
Command: /gorilla/home/fredrha/SimplifyingWeakRefs/build/variant-images/clear_path_sep-linux-x86_64-server-release/jdk/bin/java -Xms32g -Xmx32g -XX:+UseZGC -Xlog:gc+stats,gc+ref -XX:InitialTenuringThreshold=1 -XX:MaxTenuringThreshold=1 -XX:NativeMemoryTracking=summary /gorilla/home/fredrha/SimplifyingWeakRefs/test/weakrefs/WeakRefSingleObjectBenchmark.java 150000000

[0.004s][info][gc,ref] Reference Processor created, Config: Separate lists, optimised clear path
WeakRefSingleObjectBenchmark: weakRefCount=150000000 sleepMillis=500
Phase 1: Allocating the single target object...
Phase 2: Allocating 150000000 WeakReferences in random order...
Allocated 150000000 weak ref holders in 15.06 seconds
Phase 3: Sleeping for 500 ms (strong ref still held)...
[24.954s][info][gc,ref] GC(0) O:                           Encountered       Discovered Cleared/Enqueued 
[24.954s][info][gc,ref] GC(0) O: Soft References:                  238                0                0 
[24.954s][info][gc,ref] GC(0) O: Weak References:                 1330                0                0 
[24.954s][info][gc,ref] GC(0) O: Weak (No Queue):             21117452                0                0 
[24.954s][info][gc,ref] GC(0) O: Final References:                   0                0                0 
[24.954s][info][gc,ref] GC(0) O: Phantom References:                 1                0                0 
Phase 4: Releasing the strong reference to the target object...
Phase 5: Triggering GC...
[85.875s][info][gc,ref] GC(1) O:                           Encountered       Discovered Cleared/Enqueued 
[85.875s][info][gc,ref] GC(1) O: Soft References:                  238                0                0 
[85.875s][info][gc,ref] GC(1) O: Weak References:                 1330                0                0 
[85.875s][info][gc,ref] GC(1) O: Weak (No Queue):            150000003                0                0 
[85.875s][info][gc,ref] GC(1) O: Final References:                   0                0                0 
[85.875s][info][gc,ref] GC(1) O: Phantom References:                 1                0                0 
[131.249s][info][gc,ref] GC(3) O:                           Encountered       Discovered Cleared/Enqueued 
[131.249s][info][gc,ref] GC(3) O: Soft References:                  238                0                0 
[131.249s][info][gc,ref] GC(3) O: Weak References:                 1330              519              330 
[131.249s][info][gc,ref] GC(3) O: Weak (No Queue):            150000003        150000000        150000000 
[131.249s][info][gc,ref] GC(3) O: Final References:                   0                0                0 
[131.249s][info][gc,ref] GC(3) O: Phantom References:                 1                1                0 
Phase 6: Checking results...
Alive weak references after GC: 0 / 150000000
[149.596s][info][gc,stats] === Garbage Collection Statistics =======================================================================================================================
[149.596s][info][gc,stats]                                                              Last 10s              Last 10m              Last 10h                Total
[149.596s][info][gc,stats]                                                              Avg / Max             Avg / Max             Avg / Max             Avg / Max
[149.596s][info][gc,stats]        Contention: Mark Segment Reset Contention                     0 / 0                 0 / 29                0 / 29                0 / 29          ops/s
[149.596s][info][gc,stats]        Contention: Mark SeqNum Reset Contention                      0 / 0                 0 / 5                 0 / 5                 0 / 5           ops/s
[149.596s][info][gc,stats]          Critical: Allocation Stall                                  0 / 0                 0 / 0                 0 / 0                 0 / 0           ops/s
[149.596s][info][gc,stats]          Critical: Allocation Stall                              0.000 / 0.000         0.000 / 0.000         0.000 / 0.000         0.000 / 0.000       ms
[149.597s][info][gc,stats]          Critical: JNI Critical Stall                                0 / 0                 0 / 0                 0 / 0                 0 / 0           ops/s
[149.597s][info][gc,stats]          Critical: JNI Critical Stall                            0.000 / 0.000         0.000 / 0.000         0.000 / 0.000         0.000 / 0.000       ms
[149.597s][info][gc,stats]          Critical: Relocation Stall                                  0 / 0                 0 / 0                 0 / 0                 0 / 0           ops/s
[149.597s][info][gc,stats]          Critical: Relocation Stall                              0.000 / 0.000         0.000 / 0.000         0.000 / 0.000         0.000 / 0.000       ms
[149.597s][info][gc,stats]  Major Collection: Major Collection                              0.000 / 0.000     38861.533 / 60911.647 38861.533 / 60911.647 38861.533 / 60911.647   ms
[149.597s][info][gc,stats]            Memory: Allocation Rate                                   0 / 0                85 / 1190             85 / 1190             85 / 1190        MB/s
[149.597s][info][gc,stats]            Memory: Defragment                                        0 / 0                 0 / 0                 0 / 0                 0 / 0           ops/s
[149.597s][info][gc,stats]            Memory: Mapped Cache Harvest                              0 / 0                 0 / 0                 0 / 0                 0 / 0           MB/s
[149.597s][info][gc,stats]            Memory: Out Of Memory                                     0 / 0                 0 / 0                 0 / 0                 0 / 0           ops/s
[149.597s][info][gc,stats]            Memory: Uncommit                                          0 / 0                 0 / 0                 0 / 0                 0 / 0           MB/s
[149.597s][info][gc,stats]            Memory: Undo Object Allocation Failed                     0 / 0                 0 / 0                 0 / 0                 0 / 0           ops/s
[149.597s][info][gc,stats]            Memory: Undo Object Allocation Succeeded                  0 / 0                 0 / 0                 0 / 0                 0 / 0           ops/s
[149.597s][info][gc,stats]            Memory: Undo Page Allocation                              0 / 0                 0 / 0                 0 / 0                 0 / 0           ops/s
[149.597s][info][gc,stats]  Minor Collection: Minor Collection                              0.000 / 0.000     22382.892 / 22382.892 22382.892 / 22382.892 22382.892 / 22382.892   ms
[149.597s][info][gc,stats]    Old Generation: Old Generation                                0.000 / 0.000     22352.429 / 43870.253 22352.429 / 43870.253 22352.429 / 43870.253   ms
[149.597s][info][gc,stats]         Old Pause: Pause Mark End                                0.000 / 0.000         0.011 / 0.015         0.011 / 0.015         0.011 / 0.015       ms
[149.597s][info][gc,stats]         Old Pause: Pause Relocate Start                          0.000 / 0.000         0.017 / 0.031         0.017 / 0.031         0.017 / 0.031       ms
[149.597s][info][gc,stats]         Old Phase: Concurrent Mark                               0.000 / 0.000     11759.222 / 35277.074 11759.222 / 35277.074 11759.222 / 35277.074   ms
[149.597s][info][gc,stats]         Old Phase: Concurrent Mark Continue                      0.000 / 0.000         0.000 / 0.000         0.000 / 0.000         0.000 / 0.000       ms
[149.597s][info][gc,stats]         Old Phase: Concurrent Mark Free                          0.000 / 0.000         0.001 / 0.002         0.001 / 0.002         0.001 / 0.002       ms
[149.597s][info][gc,stats]         Old Phase: Concurrent Process Non-Strong                 0.000 / 0.000      2792.627 / 8373.116   2792.627 / 8373.116   2792.627 / 8373.116    ms
[149.597s][info][gc,stats]         Old Phase: Concurrent Relocate                           0.000 / 0.000         0.378 / 1.035         0.378 / 1.035         0.378 / 1.035       ms
[149.597s][info][gc,stats]         Old Phase: Concurrent Remap Roots                        0.000 / 0.000       339.074 / 798.071     339.074 / 798.071     339.074 / 798.071     ms
[149.597s][info][gc,stats]         Old Phase: Concurrent Reset Relocation Set               0.000 / 0.000         0.000 / 0.001         0.000 / 0.001         0.000 / 0.001       ms
[149.597s][info][gc,stats]         Old Phase: Concurrent Select Relocation Set              0.000 / 0.000         0.312 / 0.429         0.312 / 0.429         0.312 / 0.429       ms
[149.597s][info][gc,stats]      Old Subphase: Concurrent Classes Purge                      0.000 / 0.000         0.130 / 0.375         0.130 / 0.375         0.130 / 0.375       ms
[149.597s][info][gc,stats]      Old Subphase: Concurrent Classes Unlink                     0.000 / 0.000         1.395 / 1.897         1.395 / 1.897         1.395 / 1.897       ms
[149.597s][info][gc,stats]      Old Subphase: Concurrent Mark Follow                        0.000 / 0.000     11759.092 / 35276.972 11759.092 / 35276.972 11759.092 / 35276.972   ms
[149.597s][info][gc,stats]      Old Subphase: Concurrent Mark Root Colored                  0.000 / 0.000         0.043 / 0.083         0.043 / 0.083         0.043 / 0.083       ms
[149.597s][info][gc,stats]      Old Subphase: Concurrent Mark Root Uncolored                0.000 / 0.000         0.046 / 0.100         0.046 / 0.100         0.046 / 0.100       ms
[149.597s][info][gc,stats]      Old Subphase: Concurrent Mark Roots                         0.000 / 0.000         0.130 / 0.165         0.130 / 0.165         0.130 / 0.165       ms
[149.597s][info][gc,stats]      Old Subphase: Concurrent References Enqueue                 0.000 / 0.000         0.001 / 0.003         0.001 / 0.003         0.001 / 0.003       ms
[149.597s][info][gc,stats]      Old Subphase: Concurrent References Process                 0.000 / 0.000      2790.719 / 8372.108   2790.719 / 8372.108   2790.719 / 8372.108    ms
[149.597s][info][gc,stats]      Old Subphase: Concurrent Remap Remembered                   0.000 / 0.000       162.694 / 797.508     162.694 / 797.508     162.694 / 797.508     ms
[149.597s][info][gc,stats]      Old Subphase: Concurrent Remap Roots Colored                0.000 / 0.000         0.218 / 0.431         0.218 / 0.431         0.218 / 0.431       ms
[149.597s][info][gc,stats]      Old Subphase: Concurrent Remap Roots Uncolored              0.000 / 0.000         0.242 / 0.320         0.242 / 0.320         0.242 / 0.320       ms
[149.597s][info][gc,stats]      Old Subphase: Concurrent Roots ClassLoaderDataGraph         0.000 / 0.000         0.122 / 0.405         0.122 / 0.405         0.122 / 0.405       ms
[149.597s][info][gc,stats]      Old Subphase: Concurrent Roots CodeCache                    0.000 / 0.000         0.234 / 0.299         0.234 / 0.299         0.234 / 0.299       ms
[149.597s][info][gc,stats]      Old Subphase: Concurrent Roots JavaThreads                  0.000 / 0.000         0.019 / 0.100         0.019 / 0.100         0.019 / 0.100       ms
[149.597s][info][gc,stats]      Old Subphase: Concurrent Roots OopStorageSet                0.000 / 0.000         0.006 / 0.016         0.006 / 0.016         0.006 / 0.016       ms
[149.597s][info][gc,stats]      Old Subphase: Concurrent Weak Roots OopStorageSet           0.000 / 0.000         0.065 / 0.214         0.065 / 0.214         0.065 / 0.214       ms
[149.597s][info][gc,stats]            System: Java Threads                                      0 / 0                11 / 11               11 / 11               11 / 11          threads
[149.597s][info][gc,stats]  Young Generation: Young Generation                              0.000 / 0.000     16103.183 / 37727.934 16103.183 / 37727.934 16103.183 / 37727.934   ms
[149.597s][info][gc,stats]  Young Generation: Young Generation                              0.000 / 0.000     22382.846 / 22382.846 22382.846 / 22382.846 22382.846 / 22382.846   ms
[149.597s][info][gc,stats]  Young Generation: Young Generation (Collect Roots)              0.000 / 0.000         6.780 / 6.780         6.780 / 6.780         6.780 / 6.780       ms
[149.597s][info][gc,stats]  Young Generation: Young Generation (Promote All)                0.000 / 0.000      1497.120 / 1497.120   1497.120 / 1497.120   1497.120 / 1497.120    ms
[149.597s][info][gc,stats]       Young Pause: Pause Mark End                                0.000 / 0.000         0.011 / 0.014         0.011 / 0.014         0.011 / 0.014       ms
[149.597s][info][gc,stats]       Young Pause: Pause Mark Start                              0.000 / 0.000         0.015 / 0.016         0.015 / 0.016         0.015 / 0.016       ms
[149.597s][info][gc,stats]       Young Pause: Pause Mark Start (Major)                      0.000 / 0.000         0.018 / 0.031         0.018 / 0.031         0.018 / 0.031       ms
[149.597s][info][gc,stats]       Young Pause: Pause Relocate Start                          0.000 / 0.000         0.007 / 0.013         0.007 / 0.013         0.007 / 0.013       ms
[149.597s][info][gc,stats]       Young Phase: Concurrent Mark                               0.000 / 0.000     11213.687 / 35427.190 11213.687 / 35427.190 11213.687 / 35427.190   ms
[149.597s][info][gc,stats]       Young Phase: Concurrent Mark Continue                      0.000 / 0.000         0.000 / 0.000         0.000 / 0.000         0.000 / 0.000       ms
[149.597s][info][gc,stats]       Young Phase: Concurrent Mark Free                          0.000 / 0.000         0.002 / 0.007         0.002 / 0.007         0.002 / 0.007       ms
[149.597s][info][gc,stats]       Young Phase: Concurrent Relocate                           0.000 / 0.000       575.089 / 1846.536    575.089 / 1846.536    575.089 / 1846.536    ms
[149.597s][info][gc,stats]       Young Phase: Concurrent Reset Relocation Set               0.000 / 0.000         0.257 / 1.318         0.257 / 1.318         0.257 / 1.318       ms
[149.597s][info][gc,stats]       Young Phase: Concurrent Select Relocation Set              0.000 / 0.000       243.508 / 1004.833    243.508 / 1004.833    243.508 / 1004.833    ms
[149.597s][info][gc,stats]    Young Subphase: Concurrent Mark Follow                        0.000 / 0.000     11212.938 / 35425.988 11212.938 / 35425.988 11212.938 / 35425.988   ms
[149.597s][info][gc,stats]    Young Subphase: Concurrent Mark Root Colored                  0.000 / 0.000         0.458 / 0.998         0.458 / 0.998         0.458 / 0.998       ms
[149.597s][info][gc,stats]    Young Subphase: Concurrent Mark Root Uncolored                0.000 / 0.000         0.250 / 0.359         0.250 / 0.359         0.250 / 0.359       ms
[149.597s][info][gc,stats]    Young Subphase: Concurrent Mark Roots                         0.000 / 0.000         0.747 / 1.278         0.747 / 1.278         0.747 / 1.278       ms
[149.597s][info][gc,stats]    Young Subphase: Concurrent Relocate Remset FP                 0.000 / 0.000       574.267 / 1845.686    574.267 / 1845.686    574.267 / 1845.686    ms
[149.597s][info][gc,stats]    Young Subphase: Concurrent Roots ClassLoaderDataGraph         0.000 / 0.000         0.323 / 0.851         0.323 / 0.851         0.323 / 0.851       ms
[149.597s][info][gc,stats]    Young Subphase: Concurrent Roots CodeCache                    0.000 / 0.000         0.221 / 0.296         0.221 / 0.296         0.221 / 0.296       ms
[149.597s][info][gc,stats]    Young Subphase: Concurrent Roots JavaThreads                  0.000 / 0.000         0.016 / 0.113         0.016 / 0.113         0.016 / 0.113       ms
[149.597s][info][gc,stats]    Young Subphase: Concurrent Roots OopStorageSet                0.000 / 0.000         0.045 / 0.216         0.045 / 0.216         0.045 / 0.216       ms
[149.597s][info][gc,stats]    Young Subphase: Concurrent Weak Roots OopStorageSet           0.000 / 0.000         0.107 / 0.472         0.107 / 0.472         0.107 / 0.472       ms
[149.597s][info][gc,stats] =========================================================================================================================================================
