
=== Instance 5/8, outer iteration 166/300 (Variant sep_only) ===

Affinity: allowed=0,1,2,3,4,5,6,7,8,9,10,11 jvm=0,1,2,3,4,5,6,7,8,9 aux=10,11
Benchmark args: 150000000
Command: /gorilla/home/fredrha/SimplifyingWeakRefs/build/variant-images/sep_only-linux-x86_64-server-release/jdk/bin/java -Xms32g -Xmx32g -XX:+UseZGC -Xlog:gc+stats,gc+ref -XX:InitialTenuringThreshold=1 -XX:MaxTenuringThreshold=1 -XX:NativeMemoryTracking=summary /gorilla/home/fredrha/SimplifyingWeakRefs/test/weakrefs/WeakRefSingleObjectBenchmark.java 150000000

[0.004s][info][gc,ref] Reference Processor created, Config: Separate list
WeakRefSingleObjectBenchmark: weakRefCount=150000000 sleepMillis=500
Phase 1: Allocating the single target object...
Phase 2: Allocating 150000000 WeakReferences in random order...
[24.094s][info][gc,ref] GC(0) O:                           Encountered       Discovered Cleared/Enqueued 
[24.094s][info][gc,ref] GC(0) O: Soft References:                  238                0                0 
[24.094s][info][gc,ref] GC(0) O: Weak References:                 1330                0                0 
[24.094s][info][gc,ref] GC(0) O: Weak (No Queue):             21026813                0                0 
[24.094s][info][gc,ref] GC(0) O: Final References:                   0                0                0 
[24.094s][info][gc,ref] GC(0) O: Phantom References:                 1                0                0 
Allocated 150000000 weak ref holders in 15.40 seconds
Phase 3: Sleeping for 500 ms (strong ref still held)...
Phase 4: Releasing the strong reference to the target object...
Phase 5: Triggering GC...
[80.735s][info][gc,ref] GC(1) O:                           Encountered       Discovered Cleared/Enqueued 
[80.735s][info][gc,ref] GC(1) O: Soft References:                  238                0                0 
[80.735s][info][gc,ref] GC(1) O: Weak References:                 1330                0                0 
[80.735s][info][gc,ref] GC(1) O: Weak (No Queue):            127812947                0                0 
[80.735s][info][gc,ref] GC(1) O: Final References:                   0                0                0 
[80.735s][info][gc,ref] GC(1) O: Phantom References:                 1                0                0 
[116.251s][info][gc,ref] GC(3) O:                           Encountered       Discovered Cleared/Enqueued 
[116.251s][info][gc,ref] GC(3) O: Soft References:                  238                0                0 
[116.251s][info][gc,ref] GC(3) O: Weak References:                 1330              918              330 
[116.251s][info][gc,ref] GC(3) O: Weak (No Queue):            150000003        150000000        150000000 
[116.251s][info][gc,ref] GC(3) O: Final References:                   0                0                0 
[116.251s][info][gc,ref] GC(3) O: Phantom References:                 1                0                0 
Phase 6: Checking results...
Alive weak references after GC: 0 / 150000000
[132.713s][info][gc,stats] === Garbage Collection Statistics =======================================================================================================================
[132.713s][info][gc,stats]                                                              Last 10s              Last 10m              Last 10h                Total
[132.713s][info][gc,stats]                                                              Avg / Max             Avg / Max             Avg / Max             Avg / Max
[132.713s][info][gc,stats]        Contention: Mark Segment Reset Contention                     0 / 0                 0 / 38                0 / 38                0 / 38          ops/s
[132.713s][info][gc,stats]        Contention: Mark SeqNum Reset Contention                      0 / 0                 0 / 5                 0 / 5                 0 / 5           ops/s
[132.713s][info][gc,stats]          Critical: Allocation Stall                                  0 / 0                 0 / 0                 0 / 0                 0 / 0           ops/s
[132.713s][info][gc,stats]          Critical: Allocation Stall                              0.000 / 0.000         0.000 / 0.000         0.000 / 0.000         0.000 / 0.000       ms
[132.713s][info][gc,stats]          Critical: JNI Critical Stall                                0 / 0                 0 / 0                 0 / 0                 0 / 0           ops/s
[132.713s][info][gc,stats]          Critical: JNI Critical Stall                            0.000 / 0.000         0.000 / 0.000         0.000 / 0.000         0.000 / 0.000       ms
[132.713s][info][gc,stats]          Critical: Relocation Stall                                  0 / 0                 0 / 0                 0 / 0                 0 / 0           ops/s
[132.713s][info][gc,stats]          Critical: Relocation Stall                              0.000 / 0.000         0.000 / 0.000         0.000 / 0.000         0.000 / 0.000       ms
[132.713s][info][gc,stats]  Major Collection: Major Collection                              0.000 / 0.000     33555.331 / 56640.777 33555.331 / 56640.777 33555.331 / 56640.777   ms
[132.713s][info][gc,stats]            Memory: Allocation Rate                                   0 / 0                97 / 1728             97 / 1728             97 / 1728        MB/s
[132.713s][info][gc,stats]            Memory: Defragment                                        0 / 0                 0 / 0                 0 / 0                 0 / 0           ops/s
[132.713s][info][gc,stats]            Memory: Mapped Cache Harvest                              0 / 0                 0 / 0                 0 / 0                 0 / 0           MB/s
[132.713s][info][gc,stats]            Memory: Out Of Memory                                     0 / 0                 0 / 0                 0 / 0                 0 / 0           ops/s
[132.713s][info][gc,stats]            Memory: Uncommit                                          0 / 0                 0 / 0                 0 / 0                 0 / 0           MB/s
[132.713s][info][gc,stats]            Memory: Undo Object Allocation Failed                     0 / 0                 0 / 0                 0 / 0                 0 / 0           ops/s
[132.713s][info][gc,stats]            Memory: Undo Object Allocation Succeeded                  0 / 0                 0 / 0                 0 / 0                 0 / 0           ops/s
[132.713s][info][gc,stats]            Memory: Undo Page Allocation                              0 / 0                 0 / 0                 0 / 0                 0 / 0           ops/s
[132.713s][info][gc,stats]  Minor Collection: Minor Collection                              0.000 / 0.000     35703.556 / 35703.556 35703.556 / 35703.556 35703.556 / 35703.556   ms
[132.713s][info][gc,stats]    Old Generation: Old Generation                                0.000 / 0.000     22345.133 / 36483.312 22345.133 / 36483.312 22345.133 / 36483.312   ms
[132.713s][info][gc,stats]         Old Pause: Pause Mark End                                0.000 / 0.000         0.008 / 0.013         0.008 / 0.013         0.008 / 0.013       ms
[132.713s][info][gc,stats]         Old Pause: Pause Relocate Start                          0.000 / 0.000         0.013 / 0.016         0.013 / 0.016         0.013 / 0.016       ms
[132.713s][info][gc,stats]         Old Phase: Concurrent Mark                               0.000 / 0.000      7344.214 / 22032.095  7344.214 / 22032.095  7344.214 / 22032.095   ms
[132.713s][info][gc,stats]         Old Phase: Concurrent Mark Continue                      0.000 / 0.000         0.000 / 0.000         0.000 / 0.000         0.000 / 0.000       ms
[132.713s][info][gc,stats]         Old Phase: Concurrent Mark Free                          0.000 / 0.000         0.001 / 0.003         0.001 / 0.003         0.001 / 0.003       ms
[132.713s][info][gc,stats]         Old Phase: Concurrent Process Non-Strong                 0.000 / 0.000      8663.460 / 17698.245  8663.460 / 17698.245  8663.460 / 17698.245   ms
[132.713s][info][gc,stats]         Old Phase: Concurrent Relocate                           0.000 / 0.000         0.512 / 1.458         0.512 / 1.458         0.512 / 1.458       ms
[132.713s][info][gc,stats]         Old Phase: Concurrent Remap Roots                        0.000 / 0.000       334.798 / 779.252     334.798 / 779.252     334.798 / 779.252     ms
[132.713s][info][gc,stats]         Old Phase: Concurrent Reset Relocation Set               0.000 / 0.000         0.000 / 0.001         0.000 / 0.001         0.000 / 0.001       ms
[132.713s][info][gc,stats]         Old Phase: Concurrent Select Relocation Set              0.000 / 0.000         0.317 / 0.433         0.317 / 0.433         0.317 / 0.433       ms
[132.713s][info][gc,stats]      Old Subphase: Concurrent Classes Purge                      0.000 / 0.000         0.110 / 0.302         0.110 / 0.302         0.110 / 0.302       ms
[132.713s][info][gc,stats]      Old Subphase: Concurrent Classes Unlink                     0.000 / 0.000         1.295 / 1.870         1.295 / 1.870         1.295 / 1.870       ms
[132.713s][info][gc,stats]      Old Subphase: Concurrent Mark Follow                        0.000 / 0.000      7344.099 / 22031.990  7344.099 / 22031.990  7344.099 / 22031.990   ms
[132.713s][info][gc,stats]      Old Subphase: Concurrent Mark Root Colored                  0.000 / 0.000         0.039 / 0.087         0.039 / 0.087         0.039 / 0.087       ms
[132.713s][info][gc,stats]      Old Subphase: Concurrent Mark Root Uncolored                0.000 / 0.000         0.034 / 0.099         0.034 / 0.099         0.034 / 0.099       ms
[132.713s][info][gc,stats]      Old Subphase: Concurrent Mark Roots                         0.000 / 0.000         0.110 / 0.166         0.110 / 0.166         0.110 / 0.166       ms
[132.713s][info][gc,stats]      Old Subphase: Concurrent References Enqueue                 0.000 / 0.000         0.001 / 0.003         0.001 / 0.003         0.001 / 0.003       ms
[132.713s][info][gc,stats]      Old Subphase: Concurrent References Process                 0.000 / 0.000      2763.100 / 8289.270   2763.100 / 8289.270   2763.100 / 8289.270    ms
[132.713s][info][gc,stats]      Old Subphase: Concurrent Remap Remembered                   0.000 / 0.000       162.544 / 778.664     162.544 / 778.664     162.544 / 778.664     ms
[132.713s][info][gc,stats]      Old Subphase: Concurrent Remap Roots Colored                0.000 / 0.000         0.234 / 0.406         0.234 / 0.406         0.234 / 0.406       ms
[132.713s][info][gc,stats]      Old Subphase: Concurrent Remap Roots Uncolored              0.000 / 0.000         0.210 / 0.296         0.210 / 0.296         0.210 / 0.296       ms
[132.713s][info][gc,stats]      Old Subphase: Concurrent Roots ClassLoaderDataGraph         0.000 / 0.000         0.125 / 0.385         0.125 / 0.385         0.125 / 0.385       ms
[132.713s][info][gc,stats]      Old Subphase: Concurrent Roots CodeCache                    0.000 / 0.000         0.201 / 0.276         0.201 / 0.276         0.201 / 0.276       ms
[132.713s][info][gc,stats]      Old Subphase: Concurrent Roots JavaThreads                  0.000 / 0.000         0.017 / 0.099         0.017 / 0.099         0.017 / 0.099       ms
[132.713s][info][gc,stats]      Old Subphase: Concurrent Roots OopStorageSet                0.000 / 0.000         0.004 / 0.013         0.004 / 0.013         0.004 / 0.013       ms
[132.713s][info][gc,stats]      Old Subphase: Concurrent Weak Roots OopStorageSet           0.000 / 0.000         0.059 / 0.191         0.059 / 0.191         0.059 / 0.191       ms
[132.713s][info][gc,stats]            System: Java Threads                                      0 / 0                11 / 11               11 / 11               11 / 11          threads
[132.713s][info][gc,stats]  Young Generation: Young Generation                              0.000 / 0.000      9666.755 / 20157.341  9666.755 / 20157.341  9666.755 / 20157.341   ms
[132.713s][info][gc,stats]  Young Generation: Young Generation                              0.000 / 0.000     35703.508 / 35703.508 35703.508 / 35703.508 35703.508 / 35703.508   ms
[132.713s][info][gc,stats]  Young Generation: Young Generation (Collect Roots)              0.000 / 0.000       292.221 / 292.221     292.221 / 292.221     292.221 / 292.221     ms
[132.713s][info][gc,stats]  Young Generation: Young Generation (Promote All)                0.000 / 0.000      4674.845 / 4674.845   4674.845 / 4674.845   4674.845 / 4674.845    ms
[132.713s][info][gc,stats]       Young Pause: Pause Mark End                                0.000 / 0.000         0.013 / 0.013         0.013 / 0.013         0.013 / 0.013       ms
[132.713s][info][gc,stats]       Young Pause: Pause Mark Start                              0.000 / 0.000         0.016 / 0.017         0.016 / 0.017         0.016 / 0.017       ms
[132.713s][info][gc,stats]       Young Pause: Pause Mark Start (Major)                      0.000 / 0.000         0.022 / 0.030         0.022 / 0.030         0.022 / 0.030       ms
[132.713s][info][gc,stats]       Young Pause: Pause Relocate Start                          0.000 / 0.000         0.008 / 0.013         0.008 / 0.013         0.008 / 0.013       ms
[132.713s][info][gc,stats]       Young Phase: Concurrent Mark                               0.000 / 0.000     10787.037 / 33544.820 10787.037 / 33544.820 10787.037 / 33544.820   ms
[132.713s][info][gc,stats]       Young Phase: Concurrent Mark Continue                      0.000 / 0.000         0.000 / 0.000         0.000 / 0.000         0.000 / 0.000       ms
[132.713s][info][gc,stats]       Young Phase: Concurrent Mark Free                          0.000 / 0.000         0.003 / 0.006         0.003 / 0.006         0.003 / 0.006       ms
[132.713s][info][gc,stats]       Young Phase: Concurrent Relocate                           0.000 / 0.000       581.343 / 1879.215    581.343 / 1879.215    581.343 / 1879.215    ms
[132.713s][info][gc,stats]       Young Phase: Concurrent Reset Relocation Set               0.000 / 0.000         0.276 / 1.131         0.276 / 1.131         0.276 / 1.131       ms
[132.713s][info][gc,stats]       Young Phase: Concurrent Select Relocation Set              0.000 / 0.000       242.922 / 829.228     242.922 / 829.228     242.922 / 829.228     ms
[132.713s][info][gc,stats]    Young Subphase: Concurrent Mark Follow                        0.000 / 0.000     10786.343 / 33544.286 10786.343 / 33544.286 10786.343 / 33544.286   ms
[132.713s][info][gc,stats]    Young Subphase: Concurrent Mark Root Colored                  0.000 / 0.000         0.413 / 0.917         0.413 / 0.917         0.413 / 0.917       ms
[132.713s][info][gc,stats]    Young Subphase: Concurrent Mark Root Uncolored                0.000 / 0.000         0.249 / 0.364         0.249 / 0.364         0.249 / 0.364       ms
[132.713s][info][gc,stats]    Young Subphase: Concurrent Mark Roots                         0.000 / 0.000         0.691 / 1.317         0.691 / 1.317         0.691 / 1.317       ms
[132.713s][info][gc,stats]    Young Subphase: Concurrent Relocate Remset FP                 0.000 / 0.000       580.256 / 1877.478    580.256 / 1877.478    580.256 / 1877.478    ms
[132.713s][info][gc,stats]    Young Subphase: Concurrent Roots ClassLoaderDataGraph         0.000 / 0.000         0.290 / 0.453         0.290 / 0.453         0.290 / 0.453       ms
[132.713s][info][gc,stats]    Young Subphase: Concurrent Roots CodeCache                    0.000 / 0.000         0.221 / 0.311         0.221 / 0.311         0.221 / 0.311       ms
[132.713s][info][gc,stats]    Young Subphase: Concurrent Roots JavaThreads                  0.000 / 0.000         0.016 / 0.104         0.016 / 0.104         0.016 / 0.104       ms
[132.713s][info][gc,stats]    Young Subphase: Concurrent Roots OopStorageSet                0.000 / 0.000         0.022 / 0.164         0.022 / 0.164         0.022 / 0.164       ms
[132.714s][info][gc,stats]    Young Subphase: Concurrent Weak Roots OopStorageSet           0.000 / 0.000         0.102 / 0.437         0.102 / 0.437         0.102 / 0.437       ms
[132.714s][info][gc,stats] =========================================================================================================================================================
