
=== Instance 3/8, outer iteration 91/300 (Variant all) ===

Affinity: allowed=24,25,26,27,28,29,30,31,32,33,34,35 jvm=24,25,26,27,28,29,30,31,32,33 aux=34,35
Benchmark args: 150000000
Command: /gorilla/home/fredrha/SimplifyingWeakRefs/build/variant-images/all-linux-x86_64-server-release/jdk/bin/java -Xms32g -Xmx32g -XX:+UseZGC -Xlog:gc+stats,gc+ref -XX:InitialTenuringThreshold=1 -XX:MaxTenuringThreshold=1 -XX:NativeMemoryTracking=summary /gorilla/home/fredrha/SimplifyingWeakRefs/test/weakrefs/WeakRefSingleObjectBenchmark.java 150000000

[0.004s][info][gc,ref] Reference Processor created, Config: All optimisations
WeakRefSingleObjectBenchmark: weakRefCount=150000000 sleepMillis=500
Phase 1: Allocating the single target object...
Phase 2: Allocating 150000000 WeakReferences in random order...
[24.576s][info][gc,ref] GC(0) O:                           Encountered       Discovered Cleared/Enqueued 
[24.576s][info][gc,ref] GC(0) O: Soft References:                  238                0                0 
[24.576s][info][gc,ref] GC(0) O: Weak References:                 1330                0                0 
[24.576s][info][gc,ref] GC(0) O: Weak (No Queue):             21074976                0                0 
[24.576s][info][gc,ref] GC(0) O: Final References:                   0                0                0 
[24.576s][info][gc,ref] GC(0) O: Phantom References:                 1                0                0 
Allocated 150000000 weak ref holders in 15.30 seconds
Phase 3: Sleeping for 500 ms (strong ref still held)...
Phase 4: Releasing the strong reference to the target object...
Phase 5: Triggering GC...
[86.302s][info][gc,ref] GC(1) O:                           Encountered       Discovered Cleared/Enqueued 
[86.302s][info][gc,ref] GC(1) O: Soft References:                  238                0                0 
[86.302s][info][gc,ref] GC(1) O: Weak References:                 1330                0                0 
[86.302s][info][gc,ref] GC(1) O: Weak (No Queue):            146223987                0                0 
[86.302s][info][gc,ref] GC(1) O: Final References:                   0                0                0 
[86.302s][info][gc,ref] GC(1) O: Phantom References:                 1                0                0 
[119.816s][info][gc,ref] GC(3) O:                           Encountered       Discovered Cleared/Enqueued 
[119.816s][info][gc,ref] GC(3) O: Soft References:                  238                0                0 
[119.816s][info][gc,ref] GC(3) O: Weak References:                 1330              509              330 
[119.816s][info][gc,ref] GC(3) O: Weak (No Queue):            150000003        150000000        150000000 
[119.816s][info][gc,ref] GC(3) O: Final References:                   0                0                0 
[119.816s][info][gc,ref] GC(3) O: Phantom References:                 1                0                0 
Phase 6: Checking results...
Alive weak references after GC: 0 / 150000000
[136.735s][info][gc,stats] === Garbage Collection Statistics =======================================================================================================================
[136.735s][info][gc,stats]                                                              Last 10s              Last 10m              Last 10h                Total
[136.735s][info][gc,stats]                                                              Avg / Max             Avg / Max             Avg / Max             Avg / Max
[136.735s][info][gc,stats]        Contention: Mark Segment Reset Contention                     0 / 0                 0 / 38                0 / 38                0 / 38          ops/s
[136.735s][info][gc,stats]        Contention: Mark SeqNum Reset Contention                      0 / 0                 0 / 4                 0 / 4                 0 / 4           ops/s
[136.735s][info][gc,stats]          Critical: Allocation Stall                                  0 / 0                 0 / 0                 0 / 0                 0 / 0           ops/s
[136.735s][info][gc,stats]          Critical: Allocation Stall                              0.000 / 0.000         0.000 / 0.000         0.000 / 0.000         0.000 / 0.000       ms
[136.735s][info][gc,stats]          Critical: JNI Critical Stall                                0 / 0                 0 / 0                 0 / 0                 0 / 0           ops/s
[136.735s][info][gc,stats]          Critical: JNI Critical Stall                            0.000 / 0.000         0.000 / 0.000         0.000 / 0.000         0.000 / 0.000       ms
[136.735s][info][gc,stats]          Critical: Relocation Stall                                  0 / 0                 0 / 0                 0 / 0                 0 / 0           ops/s
[136.735s][info][gc,stats]          Critical: Relocation Stall                              0.000 / 0.000         0.000 / 0.000         0.000 / 0.000         0.000 / 0.000       ms
[136.735s][info][gc,stats]  Major Collection: Major Collection                              0.000 / 0.000     35038.032 / 61724.117 35038.032 / 61724.117 35038.032 / 61724.117   ms
[136.735s][info][gc,stats]            Memory: Allocation Rate                                   0 / 0                94 / 1190             94 / 1190             94 / 1190        MB/s
[136.735s][info][gc,stats]            Memory: Defragment                                        0 / 0                 0 / 0                 0 / 0                 0 / 0           ops/s
[136.735s][info][gc,stats]            Memory: Mapped Cache Harvest                              0 / 0                 0 / 0                 0 / 0                 0 / 0           MB/s
[136.735s][info][gc,stats]            Memory: Out Of Memory                                     0 / 0                 0 / 0                 0 / 0                 0 / 0           ops/s
[136.735s][info][gc,stats]            Memory: Uncommit                                          0 / 0                 0 / 0                 0 / 0                 0 / 0           MB/s
[136.735s][info][gc,stats]            Memory: Undo Object Allocation Failed                     0 / 0                 0 / 0                 0 / 0                 0 / 0           ops/s
[136.735s][info][gc,stats]            Memory: Undo Object Allocation Succeeded                  0 / 0                 0 / 0                 0 / 0                 0 / 0           ops/s
[136.735s][info][gc,stats]            Memory: Undo Page Allocation                              0 / 0                 0 / 0                 0 / 0                 0 / 0           ops/s
[136.735s][info][gc,stats]  Minor Collection: Minor Collection                              0.000 / 0.000     31568.641 / 31568.641 31568.641 / 31568.641 31568.641 / 31568.641   ms
[136.735s][info][gc,stats]    Old Generation: Old Generation                                0.000 / 0.000     21131.713 / 32345.098 21131.713 / 32345.098 21131.713 / 32345.098   ms
[136.735s][info][gc,stats]         Old Pause: Pause Mark End                                0.000 / 0.000         0.010 / 0.015         0.010 / 0.015         0.010 / 0.015       ms
[136.735s][info][gc,stats]         Old Pause: Pause Relocate Start                          0.000 / 0.000         0.021 / 0.041         0.021 / 0.041         0.021 / 0.041       ms
[136.735s][info][gc,stats]         Old Phase: Concurrent Mark                               0.000 / 0.000      9490.946 / 28472.230  9490.946 / 28472.230  9490.946 / 28472.230   ms
[136.735s][info][gc,stats]         Old Phase: Concurrent Mark Continue                      0.000 / 0.000         0.000 / 0.000         0.000 / 0.000         0.000 / 0.000       ms
[136.735s][info][gc,stats]         Old Phase: Concurrent Mark Free                          0.000 / 0.000         0.002 / 0.004         0.002 / 0.004         0.002 / 0.004       ms
[136.735s][info][gc,stats]         Old Phase: Concurrent Process Non-Strong                 0.000 / 0.000       793.478 / 2376.146    793.478 / 2376.146    793.478 / 2376.146    ms
[136.735s][info][gc,stats]         Old Phase: Concurrent Relocate                           0.000 / 0.000         0.555 / 1.557         0.555 / 1.557         0.555 / 1.557       ms
[136.735s][info][gc,stats]         Old Phase: Concurrent Remap Roots                        0.000 / 0.000       323.369 / 773.355     323.369 / 773.355     323.369 / 773.355     ms
[136.735s][info][gc,stats]         Old Phase: Concurrent Reset Relocation Set               0.000 / 0.000         0.000 / 0.000         0.000 / 0.000         0.000 / 0.000       ms
[136.735s][info][gc,stats]         Old Phase: Concurrent Select Relocation Set              0.000 / 0.000         0.316 / 0.431         0.316 / 0.431         0.316 / 0.431       ms
[136.735s][info][gc,stats]      Old Subphase: Concurrent Classes Purge                      0.000 / 0.000         0.156 / 0.450         0.156 / 0.450         0.156 / 0.450       ms
[136.735s][info][gc,stats]      Old Subphase: Concurrent Classes Unlink                     0.000 / 0.000         1.372 / 1.971         1.372 / 1.971         1.372 / 1.971       ms
[136.735s][info][gc,stats]      Old Subphase: Concurrent Mark Follow                        0.000 / 0.000      9490.820 / 28472.111  9490.820 / 28472.111  9490.820 / 28472.111   ms
[136.735s][info][gc,stats]      Old Subphase: Concurrent Mark Root Colored                  0.000 / 0.000         0.040 / 0.083         0.040 / 0.083         0.040 / 0.083       ms
[136.735s][info][gc,stats]      Old Subphase: Concurrent Mark Root Uncolored                0.000 / 0.000         0.031 / 0.083         0.031 / 0.083         0.031 / 0.083       ms
[136.735s][info][gc,stats]      Old Subphase: Concurrent Mark Roots                         0.000 / 0.000         0.116 / 0.158         0.116 / 0.158         0.116 / 0.158       ms
[136.735s][info][gc,stats]      Old Subphase: Concurrent References Enqueue                 0.000 / 0.000         0.001 / 0.003         0.001 / 0.003         0.001 / 0.003       ms
[136.735s][info][gc,stats]      Old Subphase: Concurrent References Process                 0.000 / 0.000       791.670 / 2374.963    791.670 / 2374.963    791.670 / 2374.963    ms
[136.735s][info][gc,stats]      Old Subphase: Concurrent Remap Remembered                   0.000 / 0.000       152.472 / 772.766     152.472 / 772.766     152.472 / 772.766     ms
[136.735s][info][gc,stats]      Old Subphase: Concurrent Remap Roots Colored                0.000 / 0.000         0.228 / 0.397         0.228 / 0.397         0.228 / 0.397       ms
[136.735s][info][gc,stats]      Old Subphase: Concurrent Remap Roots Uncolored              0.000 / 0.000         0.228 / 0.301         0.228 / 0.301         0.228 / 0.301       ms
[136.735s][info][gc,stats]      Old Subphase: Concurrent Roots ClassLoaderDataGraph         0.000 / 0.000         0.122 / 0.376         0.122 / 0.376         0.122 / 0.376       ms
[136.735s][info][gc,stats]      Old Subphase: Concurrent Roots CodeCache                    0.000 / 0.000         0.220 / 0.284         0.220 / 0.284         0.220 / 0.284       ms
[136.735s][info][gc,stats]      Old Subphase: Concurrent Roots JavaThreads                  0.000 / 0.000         0.015 / 0.083         0.015 / 0.083         0.015 / 0.083       ms
[136.735s][info][gc,stats]      Old Subphase: Concurrent Roots OopStorageSet                0.000 / 0.000         0.005 / 0.013         0.005 / 0.013         0.005 / 0.013       ms
[136.735s][info][gc,stats]      Old Subphase: Concurrent Weak Roots OopStorageSet           0.000 / 0.000         0.073 / 0.271         0.073 / 0.271         0.073 / 0.271       ms
[136.735s][info][gc,stats]            System: Java Threads                                      0 / 0                11 / 11               11 / 11               11 / 11          threads
[136.735s][info][gc,stats]  Young Generation: Young Generation                              0.000 / 0.000     13179.593 / 29378.887 13179.593 / 29378.887 13179.593 / 29378.887   ms
[136.735s][info][gc,stats]  Young Generation: Young Generation                              0.000 / 0.000     31568.594 / 31568.594 31568.594 / 31568.594 31568.594 / 31568.594   ms
[136.735s][info][gc,stats]  Young Generation: Young Generation (Collect Roots)              0.000 / 0.000       233.093 / 233.093     233.093 / 233.093     233.093 / 233.093     ms
[136.735s][info][gc,stats]  Young Generation: Young Generation (Promote All)                0.000 / 0.000      2233.688 / 2233.688   2233.688 / 2233.688   2233.688 / 2233.688    ms
[136.735s][info][gc,stats]       Young Pause: Pause Mark End                                0.000 / 0.000         0.013 / 0.015         0.013 / 0.015         0.013 / 0.015       ms
[136.735s][info][gc,stats]       Young Pause: Pause Mark Start                              0.000 / 0.000         0.013 / 0.013         0.013 / 0.013         0.013 / 0.013       ms
[136.735s][info][gc,stats]       Young Pause: Pause Mark Start (Major)                      0.000 / 0.000         0.022 / 0.037         0.022 / 0.037         0.022 / 0.037       ms
[136.735s][info][gc,stats]       Young Pause: Pause Relocate Start                          0.000 / 0.000         0.008 / 0.019         0.008 / 0.019         0.008 / 0.019       ms
[136.735s][info][gc,stats]       Young Phase: Concurrent Mark                               0.000 / 0.000     11432.031 / 29013.850 11432.031 / 29013.850 11432.031 / 29013.850   ms
[136.735s][info][gc,stats]       Young Phase: Concurrent Mark Continue                      0.000 / 0.000         0.000 / 0.000         0.000 / 0.000         0.000 / 0.000       ms
[136.735s][info][gc,stats]       Young Phase: Concurrent Mark Free                          0.000 / 0.000         0.003 / 0.006         0.003 / 0.006         0.003 / 0.006       ms
[136.735s][info][gc,stats]       Young Phase: Concurrent Relocate                           0.000 / 0.000       592.186 / 1921.813    592.186 / 1921.813    592.186 / 1921.813    ms
[136.735s][info][gc,stats]       Young Phase: Concurrent Reset Relocation Set               0.000 / 0.000         0.258 / 1.216         0.258 / 1.216         0.258 / 1.216       ms
[136.735s][info][gc,stats]       Young Phase: Concurrent Select Relocation Set              0.000 / 0.000       237.672 / 973.750     237.672 / 973.750     237.672 / 973.750     ms
[136.735s][info][gc,stats]    Young Subphase: Concurrent Mark Follow                        0.000 / 0.000     11431.255 / 29013.367 11431.255 / 29013.367 11431.255 / 29013.367   ms
[136.735s][info][gc,stats]    Young Subphase: Concurrent Mark Root Colored                  0.000 / 0.000         0.455 / 0.956         0.455 / 0.956         0.455 / 0.956       ms
[136.735s][info][gc,stats]    Young Subphase: Concurrent Mark Root Uncolored                0.000 / 0.000         0.283 / 0.361         0.283 / 0.361         0.283 / 0.361       ms
[136.735s][info][gc,stats]    Young Subphase: Concurrent Mark Roots                         0.000 / 0.000         0.774 / 1.313         0.774 / 1.313         0.774 / 1.313       ms
[136.735s][info][gc,stats]    Young Subphase: Concurrent Relocate Remset FP                 0.000 / 0.000       591.308 / 1919.421    591.308 / 1919.421    591.308 / 1919.421    ms
[136.735s][info][gc,stats]    Young Subphase: Concurrent Roots ClassLoaderDataGraph         0.000 / 0.000         0.315 / 0.784         0.315 / 0.784         0.315 / 0.784       ms
[136.735s][info][gc,stats]    Young Subphase: Concurrent Roots CodeCache                    0.000 / 0.000         0.251 / 0.311         0.251 / 0.311         0.251 / 0.311       ms
[136.735s][info][gc,stats]    Young Subphase: Concurrent Roots JavaThreads                  0.000 / 0.000         0.016 / 0.107         0.016 / 0.107         0.016 / 0.107       ms
[136.735s][info][gc,stats]    Young Subphase: Concurrent Roots OopStorageSet                0.000 / 0.000         0.042 / 0.172         0.042 / 0.172         0.042 / 0.172       ms
[136.735s][info][gc,stats]    Young Subphase: Concurrent Weak Roots OopStorageSet           0.000 / 0.000         0.113 / 0.423         0.113 / 0.423         0.113 / 0.423       ms
[136.735s][info][gc,stats] =========================================================================================================================================================
