
=== Instance 7/8, outer iteration 245/300 (Variant clear_path_dyn) ===

Affinity: allowed=24,25,26,27,28,29,30,31,32,33,34,35 jvm=24,25,26,27,28,29,30,31,32,33 aux=34,35
Benchmark args: 150000000
Command: /gorilla/home/fredrha/SimplifyingWeakRefs/build/variant-images/clear_path_dyn-linux-x86_64-server-release/jdk/bin/java -Xms32g -Xmx32g -XX:+UseZGC -Xlog:gc+stats,gc+ref -XX:InitialTenuringThreshold=1 -XX:MaxTenuringThreshold=1 -XX:NativeMemoryTracking=summary /gorilla/home/fredrha/SimplifyingWeakRefs/test/weakrefs/WeakRefSingleObjectBenchmark.java 150000000

[0.004s][info][gc,ref] Reference Processor created, Config: Optimised clear path, dynamic array
WeakRefSingleObjectBenchmark: weakRefCount=150000000 sleepMillis=500
Phase 1: Allocating the single target object...
Phase 2: Allocating 150000000 WeakReferences in random order...
[23.008s][info][gc,ref] GC(0) O:                           Encountered       Discovered Cleared/Enqueued 
[23.008s][info][gc,ref] GC(0) O: Soft References:                  238                0                0 
[23.008s][info][gc,ref] GC(0) O: Weak References:                 1330                0                0 
[23.008s][info][gc,ref] GC(0) O: Weak (No Queue):             21071589                0                0 
[23.008s][info][gc,ref] GC(0) O: Final References:                   0                0                0 
[23.008s][info][gc,ref] GC(0) O: Phantom References:                 1                0                0 
Allocated 150000000 weak ref holders in 15.23 seconds
Phase 3: Sleeping for 500 ms (strong ref still held)...
Phase 4: Releasing the strong reference to the target object...
Phase 5: Triggering GC...
[78.070s][info][gc,ref] GC(1) O:                           Encountered       Discovered Cleared/Enqueued 
[78.070s][info][gc,ref] GC(1) O: Soft References:                  238                0                0 
[78.070s][info][gc,ref] GC(1) O: Weak References:                 1330                0                0 
[78.070s][info][gc,ref] GC(1) O: Weak (No Queue):            128417284                0                0 
[78.070s][info][gc,ref] GC(1) O: Final References:                   0                0                0 
[78.070s][info][gc,ref] GC(1) O: Phantom References:                 1                0                0 
[111.057s][info][gc,ref] GC(3) O:                           Encountered       Discovered Cleared/Enqueued 
[111.057s][info][gc,ref] GC(3) O: Soft References:                  238                0                0 
[111.057s][info][gc,ref] GC(3) O: Weak References:                 1330              934              330 
[111.057s][info][gc,ref] GC(3) O: Weak (No Queue):            150000003        150000000        150000000 
[111.057s][info][gc,ref] GC(3) O: Final References:                   0                0                0 
[111.057s][info][gc,ref] GC(3) O: Phantom References:                 1                1                0 
Phase 6: Checking results...
Alive weak references after GC: 0 / 150000000
[131.515s][info][gc,stats] === Garbage Collection Statistics =======================================================================================================================
[131.515s][info][gc,stats]                                                              Last 10s              Last 10m              Last 10h                Total
[131.515s][info][gc,stats]                                                              Avg / Max             Avg / Max             Avg / Max             Avg / Max
[131.515s][info][gc,stats]        Contention: Mark Segment Reset Contention                     0 / 0                 0 / 34                0 / 34                0 / 34          ops/s
[131.515s][info][gc,stats]        Contention: Mark SeqNum Reset Contention                      0 / 0                 0 / 5                 0 / 5                 0 / 5           ops/s
[131.515s][info][gc,stats]          Critical: Allocation Stall                                  0 / 0                 0 / 0                 0 / 0                 0 / 0           ops/s
[131.515s][info][gc,stats]          Critical: Allocation Stall                              0.000 / 0.000         0.000 / 0.000         0.000 / 0.000         0.000 / 0.000       ms
[131.515s][info][gc,stats]          Critical: JNI Critical Stall                                0 / 0                 0 / 0                 0 / 0                 0 / 0           ops/s
[131.515s][info][gc,stats]          Critical: JNI Critical Stall                            0.000 / 0.000         0.000 / 0.000         0.000 / 0.000         0.000 / 0.000       ms
[131.515s][info][gc,stats]          Critical: Relocation Stall                                  0 / 0                 0 / 0                 0 / 0                 0 / 0           ops/s
[131.515s][info][gc,stats]          Critical: Relocation Stall                              0.000 / 0.000         0.000 / 0.000         0.000 / 0.000         0.000 / 0.000       ms
[131.515s][info][gc,stats]  Major Collection: Major Collection                              0.000 / 0.000     32148.643 / 55055.751 32148.643 / 55055.751 32148.643 / 55055.751   ms
[131.515s][info][gc,stats]            Memory: Allocation Rate                                   0 / 0                97 / 1190             97 / 1190             97 / 1190        MB/s
[131.515s][info][gc,stats]            Memory: Defragment                                        0 / 0                 0 / 0                 0 / 0                 0 / 0           ops/s
[131.515s][info][gc,stats]            Memory: Mapped Cache Harvest                              0 / 0                 0 / 0                 0 / 0                 0 / 0           MB/s
[131.515s][info][gc,stats]            Memory: Out Of Memory                                     0 / 0                 0 / 0                 0 / 0                 0 / 0           ops/s
[131.515s][info][gc,stats]            Memory: Uncommit                                          0 / 0                 0 / 0                 0 / 0                 0 / 0           MB/s
[131.515s][info][gc,stats]            Memory: Undo Object Allocation Failed                     0 / 0                 0 / 0                 0 / 0                 0 / 0           ops/s
[131.515s][info][gc,stats]            Memory: Undo Object Allocation Succeeded                  0 / 0                 0 / 0                 0 / 0                 0 / 0           ops/s
[131.515s][info][gc,stats]            Memory: Undo Page Allocation                              0 / 0                 0 / 0                 0 / 0                 0 / 0           ops/s
[131.515s][info][gc,stats]  Minor Collection: Minor Collection                              0.000 / 0.000     34954.392 / 34954.392 34954.392 / 34954.392 34954.392 / 34954.392   ms
[131.515s][info][gc,stats]    Old Generation: Old Generation                                0.000 / 0.000     21253.372 / 35729.660 21253.372 / 35729.660 21253.372 / 35729.660   ms
[131.515s][info][gc,stats]         Old Pause: Pause Mark End                                0.000 / 0.000         0.011 / 0.014         0.011 / 0.014         0.011 / 0.014       ms
[131.515s][info][gc,stats]         Old Pause: Pause Relocate Start                          0.000 / 0.000         0.012 / 0.014         0.012 / 0.014         0.012 / 0.014       ms
[131.515s][info][gc,stats]         Old Phase: Concurrent Mark                               0.000 / 0.000      8644.431 / 25932.664  8644.431 / 25932.664  8644.431 / 25932.664   ms
[131.515s][info][gc,stats]         Old Phase: Concurrent Mark Continue                      0.000 / 0.000         0.000 / 0.000         0.000 / 0.000         0.000 / 0.000       ms
[131.515s][info][gc,stats]         Old Phase: Concurrent Mark Free                          0.000 / 0.000         0.001 / 0.004         0.001 / 0.004         0.001 / 0.004       ms
[131.515s][info][gc,stats]         Old Phase: Concurrent Process Non-Strong                 0.000 / 0.000       623.665 / 1866.075    623.665 / 1866.075    623.665 / 1866.075    ms
[131.515s][info][gc,stats]         Old Phase: Concurrent Relocate                           0.000 / 0.000         0.863 / 2.484         0.863 / 2.484         0.863 / 2.484       ms
[131.515s][info][gc,stats]         Old Phase: Concurrent Remap Roots                        0.000 / 0.000       333.299 / 774.402     333.299 / 774.402     333.299 / 774.402     ms
[131.515s][info][gc,stats]         Old Phase: Concurrent Reset Relocation Set               0.000 / 0.000         0.000 / 0.001         0.000 / 0.001         0.000 / 0.001       ms
[131.515s][info][gc,stats]         Old Phase: Concurrent Select Relocation Set              0.000 / 0.000      5873.619 / 17619.915  5873.619 / 17619.915  5873.619 / 17619.915   ms
[131.515s][info][gc,stats]      Old Subphase: Concurrent Classes Purge                      0.000 / 0.000         0.133 / 0.381         0.133 / 0.381         0.133 / 0.381       ms
[131.515s][info][gc,stats]      Old Subphase: Concurrent Classes Unlink                     0.000 / 0.000         1.452 / 2.014         1.452 / 2.014         1.452 / 2.014       ms
[131.515s][info][gc,stats]      Old Subphase: Concurrent Mark Follow                        0.000 / 0.000      8644.305 / 25932.555  8644.305 / 25932.555  8644.305 / 25932.555   ms
[131.515s][info][gc,stats]      Old Subphase: Concurrent Mark Root Colored                  0.000 / 0.000         0.041 / 0.090         0.041 / 0.090         0.041 / 0.090       ms
[131.515s][info][gc,stats]      Old Subphase: Concurrent Mark Root Uncolored                0.000 / 0.000         0.035 / 0.110         0.035 / 0.110         0.035 / 0.110       ms
[131.515s][info][gc,stats]      Old Subphase: Concurrent Mark Roots                         0.000 / 0.000         0.124 / 0.189         0.124 / 0.189         0.124 / 0.189       ms
[131.515s][info][gc,stats]      Old Subphase: Concurrent References Enqueue                 0.000 / 0.000         0.001 / 0.003         0.001 / 0.003         0.001 / 0.003       ms
[131.515s][info][gc,stats]      Old Subphase: Concurrent References Process                 0.000 / 0.000       621.703 / 1865.056    621.703 / 1865.056    621.703 / 1865.056    ms
[131.515s][info][gc,stats]      Old Subphase: Concurrent Remap Remembered                   0.000 / 0.000       162.015 / 773.819     162.015 / 773.819     162.015 / 773.819     ms
[131.515s][info][gc,stats]      Old Subphase: Concurrent Remap Roots Colored                0.000 / 0.000         0.225 / 0.426         0.225 / 0.426         0.225 / 0.426       ms
[131.515s][info][gc,stats]      Old Subphase: Concurrent Remap Roots Uncolored              0.000 / 0.000         0.246 / 0.343         0.246 / 0.343         0.246 / 0.343       ms
[131.515s][info][gc,stats]      Old Subphase: Concurrent Roots ClassLoaderDataGraph         0.000 / 0.000         0.119 / 0.401         0.119 / 0.401         0.119 / 0.401       ms
[131.515s][info][gc,stats]      Old Subphase: Concurrent Roots CodeCache                    0.000 / 0.000         0.233 / 0.307         0.233 / 0.307         0.233 / 0.307       ms
[131.515s][info][gc,stats]      Old Subphase: Concurrent Roots JavaThreads                  0.000 / 0.000         0.018 / 0.110         0.018 / 0.110         0.018 / 0.110       ms
[131.515s][info][gc,stats]      Old Subphase: Concurrent Roots OopStorageSet                0.000 / 0.000         0.004 / 0.013         0.004 / 0.013         0.004 / 0.013       ms
[131.515s][info][gc,stats]      Old Subphase: Concurrent Weak Roots OopStorageSet           0.000 / 0.000         0.062 / 0.187         0.062 / 0.187         0.062 / 0.187       ms
[131.515s][info][gc,stats]            System: Java Threads                                      0 / 0                11 / 11               11 / 11               11 / 11          threads
[131.515s][info][gc,stats]  Young Generation: Young Generation                              0.000 / 0.000      9354.013 / 19326.000  9354.013 / 19326.000  9354.013 / 19326.000   ms
[131.515s][info][gc,stats]  Young Generation: Young Generation                              0.000 / 0.000     34954.326 / 34954.326 34954.326 / 34954.326 34954.326 / 34954.326   ms
[131.515s][info][gc,stats]  Young Generation: Young Generation (Collect Roots)              0.000 / 0.000       281.326 / 281.326     281.326 / 281.326     281.326 / 281.326     ms
[131.515s][info][gc,stats]  Young Generation: Young Generation (Promote All)                0.000 / 0.000      4679.306 / 4679.306   4679.306 / 4679.306   4679.306 / 4679.306    ms
[131.515s][info][gc,stats]       Young Pause: Pause Mark End                                0.000 / 0.000         0.014 / 0.015         0.014 / 0.015         0.014 / 0.015       ms
[131.515s][info][gc,stats]       Young Pause: Pause Mark Start                              0.000 / 0.000         0.014 / 0.016         0.014 / 0.016         0.014 / 0.016       ms
[131.515s][info][gc,stats]       Young Pause: Pause Mark Start (Major)                      0.000 / 0.000         0.070 / 0.222         0.070 / 0.222         0.070 / 0.222       ms
[131.515s][info][gc,stats]       Young Pause: Pause Relocate Start                          0.000 / 0.000         0.009 / 0.015         0.009 / 0.015         0.009 / 0.015       ms
[131.515s][info][gc,stats]       Young Phase: Concurrent Mark                               0.000 / 0.000     10490.607 / 32753.571 10490.607 / 32753.571 10490.607 / 32753.571   ms
[131.515s][info][gc,stats]       Young Phase: Concurrent Mark Continue                      0.000 / 0.000         0.000 / 0.000         0.000 / 0.000         0.000 / 0.000       ms
[131.515s][info][gc,stats]       Young Phase: Concurrent Mark Free                          0.000 / 0.000         0.007 / 0.025         0.007 / 0.025         0.007 / 0.025       ms
[131.515s][info][gc,stats]       Young Phase: Concurrent Relocate                           0.000 / 0.000       601.159 / 1967.839    601.159 / 1967.839    601.159 / 1967.839    ms
[131.515s][info][gc,stats]       Young Phase: Concurrent Reset Relocation Set               0.000 / 0.000         1.296 / 6.418         1.296 / 6.418         1.296 / 6.418       ms
[131.515s][info][gc,stats]       Young Phase: Concurrent Select Relocation Set              0.000 / 0.000       235.842 / 827.814     235.842 / 827.814     235.842 / 827.814     ms
[131.515s][info][gc,stats]    Young Subphase: Concurrent Mark Follow                        0.000 / 0.000     10489.903 / 32753.181 10489.903 / 32753.181 10489.903 / 32753.181   ms
[131.515s][info][gc,stats]    Young Subphase: Concurrent Mark Root Colored                  0.000 / 0.000         0.426 / 1.019         0.426 / 1.019         0.426 / 1.019       ms
[131.515s][info][gc,stats]    Young Subphase: Concurrent Mark Root Uncolored                0.000 / 0.000         0.237 / 0.366         0.237 / 0.366         0.237 / 0.366       ms
[131.515s][info][gc,stats]    Young Subphase: Concurrent Mark Roots                         0.000 / 0.000         0.702 / 1.462         0.702 / 1.462         0.702 / 1.462       ms
[131.515s][info][gc,stats]    Young Subphase: Concurrent Relocate Remset FP                 0.000 / 0.000       600.127 / 1965.008    600.127 / 1965.008    600.127 / 1965.008    ms
[131.515s][info][gc,stats]    Young Subphase: Concurrent Roots ClassLoaderDataGraph         0.000 / 0.000         0.274 / 0.445         0.274 / 0.445         0.274 / 0.445       ms
[131.515s][info][gc,stats]    Young Subphase: Concurrent Roots CodeCache                    0.000 / 0.000         0.210 / 0.313         0.210 / 0.313         0.210 / 0.313       ms
[131.515s][info][gc,stats]    Young Subphase: Concurrent Roots JavaThreads                  0.000 / 0.000         0.015 / 0.101         0.015 / 0.101         0.015 / 0.101       ms
[131.515s][info][gc,stats]    Young Subphase: Concurrent Roots OopStorageSet                0.000 / 0.000         0.039 / 0.255         0.039 / 0.255         0.039 / 0.255       ms
[131.515s][info][gc,stats]    Young Subphase: Concurrent Weak Roots OopStorageSet           0.000 / 0.000         0.125 / 0.601         0.125 / 0.601         0.125 / 0.601       ms
[131.515s][info][gc,stats] =========================================================================================================================================================
