
=== Instance 3/8, outer iteration 96/300 (Variant all) ===

Affinity: allowed=24,25,26,27,28,29,30,31,32,33,34,35 jvm=24,25,26,27,28,29,30,31,32,33 aux=34,35
Benchmark args: 150000000
Command: /gorilla/home/fredrha/SimplifyingWeakRefs/build/variant-images/all-linux-x86_64-server-release/jdk/bin/java -Xms32g -Xmx32g -XX:+UseZGC -Xlog:gc+stats,gc+ref -XX:InitialTenuringThreshold=1 -XX:MaxTenuringThreshold=1 -XX:NativeMemoryTracking=summary /gorilla/home/fredrha/SimplifyingWeakRefs/test/weakrefs/WeakRefSingleObjectBenchmark.java 150000000

[0.004s][info][gc,ref] Reference Processor created, Config: All optimisations
WeakRefSingleObjectBenchmark: weakRefCount=150000000 sleepMillis=500
Phase 1: Allocating the single target object...
Phase 2: Allocating 150000000 WeakReferences in random order...
[23.449s][info][gc,ref] GC(0) O:                           Encountered       Discovered Cleared/Enqueued 
[23.449s][info][gc,ref] GC(0) O: Soft References:                  238                0                0 
[23.449s][info][gc,ref] GC(0) O: Weak References:                 1330                0                0 
[23.449s][info][gc,ref] GC(0) O: Weak (No Queue):             21116346                0                0 
[23.449s][info][gc,ref] GC(0) O: Final References:                   0                0                0 
[23.449s][info][gc,ref] GC(0) O: Phantom References:                 1                0                0 
Allocated 150000000 weak ref holders in 14.98 seconds
Phase 3: Sleeping for 500 ms (strong ref still held)...
Phase 4: Releasing the strong reference to the target object...
Phase 5: Triggering GC...
[81.854s][info][gc,ref] GC(1) O:                           Encountered       Discovered Cleared/Enqueued 
[81.854s][info][gc,ref] GC(1) O: Soft References:                  238                0                0 
[81.854s][info][gc,ref] GC(1) O: Weak References:                 1330                0                0 
[81.854s][info][gc,ref] GC(1) O: Weak (No Queue):            135778388                0                0 
[81.854s][info][gc,ref] GC(1) O: Final References:                   0                0                0 
[81.854s][info][gc,ref] GC(1) O: Phantom References:                 1                0                0 
[112.930s][info][gc,ref] GC(3) O:                           Encountered       Discovered Cleared/Enqueued 
[112.930s][info][gc,ref] GC(3) O: Soft References:                  238                0                0 
[112.930s][info][gc,ref] GC(3) O: Weak References:                 1330             1058              330 
[112.930s][info][gc,ref] GC(3) O: Weak (No Queue):            150000003        150000000        150000000 
[112.930s][info][gc,ref] GC(3) O: Final References:                   0                0                0 
[112.930s][info][gc,ref] GC(3) O: Phantom References:                 1                0                0 
Phase 6: Checking results...
Alive weak references after GC: 0 / 150000000
[129.077s][info][gc,stats] === Garbage Collection Statistics =======================================================================================================================
[129.077s][info][gc,stats]                                                              Last 10s              Last 10m              Last 10h                Total
[129.077s][info][gc,stats]                                                              Avg / Max             Avg / Max             Avg / Max             Avg / Max
[129.077s][info][gc,stats]        Contention: Mark Segment Reset Contention                     0 / 0                 0 / 49                0 / 49                0 / 49          ops/s
[129.077s][info][gc,stats]        Contention: Mark SeqNum Reset Contention                      0 / 0                 0 / 4                 0 / 4                 0 / 4           ops/s
[129.077s][info][gc,stats]          Critical: Allocation Stall                                  0 / 0                 0 / 0                 0 / 0                 0 / 0           ops/s
[129.077s][info][gc,stats]          Critical: Allocation Stall                              0.000 / 0.000         0.000 / 0.000         0.000 / 0.000         0.000 / 0.000       ms
[129.077s][info][gc,stats]          Critical: JNI Critical Stall                                0 / 0                 0 / 0                 0 / 0                 0 / 0           ops/s
[129.077s][info][gc,stats]          Critical: JNI Critical Stall                            0.000 / 0.000         0.000 / 0.000         0.000 / 0.000         0.000 / 0.000       ms
[129.077s][info][gc,stats]          Critical: Relocation Stall                                  0 / 0                 0 / 0                 0 / 0                 0 / 0           ops/s
[129.077s][info][gc,stats]          Critical: Relocation Stall                              0.000 / 0.000         0.000 / 0.000         0.000 / 0.000         0.000 / 0.000       ms
[129.077s][info][gc,stats]  Major Collection: Major Collection                              0.000 / 0.000     32769.324 / 58395.563 32769.324 / 58395.563 32769.324 / 58395.563   ms
[129.077s][info][gc,stats]            Memory: Allocation Rate                                   0 / 0               100 / 1190            100 / 1190            100 / 1190        MB/s
[129.077s][info][gc,stats]            Memory: Defragment                                        0 / 0                 0 / 0                 0 / 0                 0 / 0           ops/s
[129.077s][info][gc,stats]            Memory: Mapped Cache Harvest                              0 / 0                 0 / 0                 0 / 0                 0 / 0           MB/s
[129.077s][info][gc,stats]            Memory: Out Of Memory                                     0 / 0                 0 / 0                 0 / 0                 0 / 0           ops/s
[129.077s][info][gc,stats]            Memory: Uncommit                                          0 / 0                 0 / 0                 0 / 0                 0 / 0           MB/s
[129.077s][info][gc,stats]            Memory: Undo Object Allocation Failed                     0 / 0                 0 / 0                 0 / 0                 0 / 0           ops/s
[129.077s][info][gc,stats]            Memory: Undo Object Allocation Succeeded                  0 / 0                 0 / 0                 0 / 0                 0 / 0           ops/s
[129.077s][info][gc,stats]            Memory: Undo Page Allocation                              0 / 0                 0 / 0                 0 / 0                 0 / 0           ops/s
[129.077s][info][gc,stats]  Minor Collection: Minor Collection                              0.000 / 0.000     37120.511 / 37120.511 37120.511 / 37120.511 37120.511 / 37120.511   ms
[129.077s][info][gc,stats]    Old Generation: Old Generation                                0.000 / 0.000     21638.461 / 37897.840 21638.461 / 37897.840 21638.461 / 37897.840   ms
[129.077s][info][gc,stats]         Old Pause: Pause Mark End                                0.000 / 0.000         0.010 / 0.012         0.010 / 0.012         0.010 / 0.012       ms
[129.077s][info][gc,stats]         Old Pause: Pause Relocate Start                          0.000 / 0.000         0.010 / 0.011         0.010 / 0.011         0.010 / 0.011       ms
[129.077s][info][gc,stats]         Old Phase: Concurrent Mark                               0.000 / 0.000      8333.089 / 24998.686  8333.089 / 24998.686  8333.089 / 24998.686   ms
[129.077s][info][gc,stats]         Old Phase: Concurrent Mark Continue                      0.000 / 0.000         0.000 / 0.000         0.000 / 0.000         0.000 / 0.000       ms
[129.077s][info][gc,stats]         Old Phase: Concurrent Mark Free                          0.000 / 0.000         0.003 / 0.008         0.003 / 0.008         0.003 / 0.008       ms
[129.077s][info][gc,stats]         Old Phase: Concurrent Process Non-Strong                 0.000 / 0.000       600.004 / 1794.889    600.004 / 1794.889    600.004 / 1794.889    ms
[129.077s][info][gc,stats]         Old Phase: Concurrent Relocate                           0.000 / 0.000         0.407 / 1.148         0.407 / 1.148         0.407 / 1.148       ms
[129.077s][info][gc,stats]         Old Phase: Concurrent Remap Roots                        0.000 / 0.000       331.387 / 774.854     331.387 / 774.854     331.387 / 774.854     ms
[129.077s][info][gc,stats]         Old Phase: Concurrent Reset Relocation Set               0.000 / 0.000         0.002 / 0.005         0.002 / 0.005         0.002 / 0.005       ms
[129.077s][info][gc,stats]         Old Phase: Concurrent Select Relocation Set              0.000 / 0.000      5957.730 / 17872.442  5957.730 / 17872.442  5957.730 / 17872.442   ms
[129.077s][info][gc,stats]      Old Subphase: Concurrent Classes Purge                      0.000 / 0.000         0.133 / 0.372         0.133 / 0.372         0.133 / 0.372       ms
[129.077s][info][gc,stats]      Old Subphase: Concurrent Classes Unlink                     0.000 / 0.000         1.397 / 1.905         1.397 / 1.905         1.397 / 1.905       ms
[129.077s][info][gc,stats]      Old Subphase: Concurrent Mark Follow                        0.000 / 0.000      8332.967 / 24998.582  8332.967 / 24998.582  8332.967 / 24998.582   ms
[129.077s][info][gc,stats]      Old Subphase: Concurrent Mark Root Colored                  0.000 / 0.000         0.040 / 0.086         0.040 / 0.086         0.040 / 0.086       ms
[129.077s][info][gc,stats]      Old Subphase: Concurrent Mark Root Uncolored                0.000 / 0.000         0.034 / 0.089         0.034 / 0.089         0.034 / 0.089       ms
[129.077s][info][gc,stats]      Old Subphase: Concurrent Mark Roots                         0.000 / 0.000         0.121 / 0.176         0.121 / 0.176         0.121 / 0.176       ms
[129.077s][info][gc,stats]      Old Subphase: Concurrent References Enqueue                 0.000 / 0.000         0.001 / 0.004         0.001 / 0.004         0.001 / 0.004       ms
[129.077s][info][gc,stats]      Old Subphase: Concurrent References Process                 0.000 / 0.000       597.968 / 1793.873    597.968 / 1793.873    597.968 / 1793.873    ms
[129.077s][info][gc,stats]      Old Subphase: Concurrent Remap Remembered                   0.000 / 0.000       160.074 / 774.275     160.074 / 774.275     160.074 / 774.275     ms
[129.077s][info][gc,stats]      Old Subphase: Concurrent Remap Roots Colored                0.000 / 0.000         0.236 / 0.417         0.236 / 0.417         0.236 / 0.417       ms
[129.077s][info][gc,stats]      Old Subphase: Concurrent Remap Roots Uncolored              0.000 / 0.000         0.228 / 0.299         0.228 / 0.299         0.228 / 0.299       ms
[129.077s][info][gc,stats]      Old Subphase: Concurrent Roots ClassLoaderDataGraph         0.000 / 0.000         0.126 / 0.392         0.126 / 0.392         0.126 / 0.392       ms
[129.077s][info][gc,stats]      Old Subphase: Concurrent Roots CodeCache                    0.000 / 0.000         0.217 / 0.271         0.217 / 0.271         0.217 / 0.271       ms
[129.077s][info][gc,stats]      Old Subphase: Concurrent Roots JavaThreads                  0.000 / 0.000         0.017 / 0.088         0.017 / 0.088         0.017 / 0.088       ms
[129.077s][info][gc,stats]      Old Subphase: Concurrent Roots OopStorageSet                0.000 / 0.000         0.004 / 0.010         0.004 / 0.010         0.004 / 0.010       ms
[129.077s][info][gc,stats]      Old Subphase: Concurrent Weak Roots OopStorageSet           0.000 / 0.000         0.075 / 0.238         0.075 / 0.238         0.075 / 0.238       ms
[129.077s][info][gc,stats]            System: Java Threads                                      0 / 0                11 / 11               11 / 11               11 / 11          threads
[129.077s][info][gc,stats]  Young Generation: Young Generation                              0.000 / 0.000      9872.616 / 20497.619  9872.616 / 20497.619  9872.616 / 20497.619   ms
[129.077s][info][gc,stats]  Young Generation: Young Generation                              0.000 / 0.000     37120.477 / 37120.477 37120.477 / 37120.477 37120.477 / 37120.477   ms
[129.077s][info][gc,stats]  Young Generation: Young Generation (Collect Roots)              0.000 / 0.000       204.233 / 204.233     204.233 / 204.233     204.233 / 204.233     ms
[129.077s][info][gc,stats]  Young Generation: Young Generation (Promote All)                0.000 / 0.000      3857.113 / 3857.113   3857.113 / 3857.113   3857.113 / 3857.113    ms
[129.077s][info][gc,stats]       Young Pause: Pause Mark End                                0.000 / 0.000         0.013 / 0.015         0.013 / 0.015         0.013 / 0.015       ms
[129.077s][info][gc,stats]       Young Pause: Pause Mark Start                              0.000 / 0.000         0.013 / 0.014         0.013 / 0.014         0.013 / 0.014       ms
[129.077s][info][gc,stats]       Young Pause: Pause Mark Start (Major)                      0.000 / 0.000         0.022 / 0.032         0.022 / 0.032         0.022 / 0.032       ms
[129.077s][info][gc,stats]       Young Pause: Pause Relocate Start                          0.000 / 0.000         0.008 / 0.011         0.008 / 0.011         0.008 / 0.011       ms
[129.077s][info][gc,stats]       Young Phase: Concurrent Mark                               0.000 / 0.000     10966.579 / 34768.278 10966.579 / 34768.278 10966.579 / 34768.278   ms
[129.077s][info][gc,stats]       Young Phase: Concurrent Mark Continue                      0.000 / 0.000         0.000 / 0.000         0.000 / 0.000         0.000 / 0.000       ms
[129.077s][info][gc,stats]       Young Phase: Concurrent Mark Free                          0.000 / 0.000         0.004 / 0.010         0.004 / 0.010         0.004 / 0.010       ms
[129.077s][info][gc,stats]       Young Phase: Concurrent Relocate                           0.000 / 0.000       593.129 / 1931.990    593.129 / 1931.990    593.129 / 1931.990    ms
[129.077s][info][gc,stats]       Young Phase: Concurrent Reset Relocation Set               0.000 / 0.000         3.171 / 17.647        3.171 / 17.647        3.171 / 17.647      ms
[129.077s][info][gc,stats]       Young Phase: Concurrent Select Relocation Set              0.000 / 0.000       236.812 / 888.651     236.812 / 888.651     236.812 / 888.651     ms
[129.077s][info][gc,stats]    Young Subphase: Concurrent Mark Follow                        0.000 / 0.000     10965.824 / 34767.614 10965.824 / 34767.614 10965.824 / 34767.614   ms
[129.077s][info][gc,stats]    Young Subphase: Concurrent Mark Root Colored                  0.000 / 0.000         0.420 / 0.842         0.420 / 0.842         0.420 / 0.842       ms
[129.077s][info][gc,stats]    Young Subphase: Concurrent Mark Root Uncolored                0.000 / 0.000         0.293 / 0.358         0.293 / 0.358         0.293 / 0.358       ms
[129.077s][info][gc,stats]    Young Subphase: Concurrent Mark Roots                         0.000 / 0.000         0.752 / 1.249         0.752 / 1.249         0.752 / 1.249       ms
[129.077s][info][gc,stats]    Young Subphase: Concurrent Relocate Remset FP                 0.000 / 0.000       592.220 / 1930.030    592.220 / 1930.030    592.220 / 1930.030    ms
[129.077s][info][gc,stats]    Young Subphase: Concurrent Roots ClassLoaderDataGraph         0.000 / 0.000         0.287 / 0.487         0.287 / 0.487         0.287 / 0.487       ms
[129.077s][info][gc,stats]    Young Subphase: Concurrent Roots CodeCache                    0.000 / 0.000         0.259 / 0.302         0.259 / 0.302         0.259 / 0.302       ms
[129.077s][info][gc,stats]    Young Subphase: Concurrent Roots JavaThreads                  0.000 / 0.000         0.017 / 0.117         0.017 / 0.117         0.017 / 0.117       ms
[129.077s][info][gc,stats]    Young Subphase: Concurrent Roots OopStorageSet                0.000 / 0.000         0.034 / 0.161         0.034 / 0.161         0.034 / 0.161       ms
[129.077s][info][gc,stats]    Young Subphase: Concurrent Weak Roots OopStorageSet           0.000 / 0.000         0.109 / 0.373         0.109 / 0.373         0.109 / 0.373       ms
[129.077s][info][gc,stats] =========================================================================================================================================================
