
=== Instance 7/8, outer iteration 248/300 (Variant clear_path_dyn) ===

Affinity: allowed=24,25,26,27,28,29,30,31,32,33,34,35 jvm=24,25,26,27,28,29,30,31,32,33 aux=34,35
Benchmark args: 150000000
Command: /gorilla/home/fredrha/SimplifyingWeakRefs/build/variant-images/clear_path_dyn-linux-x86_64-server-release/jdk/bin/java -Xms32g -Xmx32g -XX:+UseZGC -Xlog:gc+stats,gc+ref -XX:InitialTenuringThreshold=1 -XX:MaxTenuringThreshold=1 -XX:NativeMemoryTracking=summary /gorilla/home/fredrha/SimplifyingWeakRefs/test/weakrefs/WeakRefSingleObjectBenchmark.java 150000000

[0.004s][info][gc,ref] Reference Processor created, Config: Optimised clear path, dynamic array
WeakRefSingleObjectBenchmark: weakRefCount=150000000 sleepMillis=500
Phase 1: Allocating the single target object...
Phase 2: Allocating 150000000 WeakReferences in random order...
[22.468s][info][gc,ref] GC(0) O:                           Encountered       Discovered Cleared/Enqueued 
[22.468s][info][gc,ref] GC(0) O: Soft References:                  238                0                0 
[22.468s][info][gc,ref] GC(0) O: Weak References:                 1330                0                0 
[22.468s][info][gc,ref] GC(0) O: Weak (No Queue):             20966684                0                0 
[22.468s][info][gc,ref] GC(0) O: Final References:                   0                0                0 
[22.468s][info][gc,ref] GC(0) O: Phantom References:                 1                0                0 
Allocated 150000000 weak ref holders in 15.15 seconds
Phase 3: Sleeping for 500 ms (strong ref still held)...
Phase 4: Releasing the strong reference to the target object...
Phase 5: Triggering GC...
[78.093s][info][gc,ref] GC(1) O:                           Encountered       Discovered Cleared/Enqueued 
[78.093s][info][gc,ref] GC(1) O: Soft References:                  238                0                0 
[78.093s][info][gc,ref] GC(1) O: Weak References:                 1330                0                0 
[78.093s][info][gc,ref] GC(1) O: Weak (No Queue):            126965588                0                0 
[78.093s][info][gc,ref] GC(1) O: Final References:                   0                0                0 
[78.093s][info][gc,ref] GC(1) O: Phantom References:                 1                0                0 
[111.070s][info][gc,ref] GC(3) O:                           Encountered       Discovered Cleared/Enqueued 
[111.070s][info][gc,ref] GC(3) O: Soft References:                  238                0                0 
[111.070s][info][gc,ref] GC(3) O: Weak References:                 1330             1081              330 
[111.070s][info][gc,ref] GC(3) O: Weak (No Queue):            150000003        150000000        150000000 
[111.070s][info][gc,ref] GC(3) O: Final References:                   0                0                0 
[111.070s][info][gc,ref] GC(3) O: Phantom References:                 1                0                0 
Phase 6: Checking results...
Alive weak references after GC: 0 / 150000000
[124.268s][info][gc,stats] === Garbage Collection Statistics =======================================================================================================================
[124.268s][info][gc,stats]                                                              Last 10s              Last 10m              Last 10h                Total
[124.268s][info][gc,stats]                                                              Avg / Max             Avg / Max             Avg / Max             Avg / Max
[124.268s][info][gc,stats]        Contention: Mark Segment Reset Contention                     0 / 0                 0 / 49                0 / 49                0 / 49          ops/s
[124.268s][info][gc,stats]        Contention: Mark SeqNum Reset Contention                      0 / 0                 0 / 4                 0 / 4                 0 / 4           ops/s
[124.268s][info][gc,stats]          Critical: Allocation Stall                                  0 / 0                 0 / 0                 0 / 0                 0 / 0           ops/s
[124.268s][info][gc,stats]          Critical: Allocation Stall                              0.000 / 0.000         0.000 / 0.000         0.000 / 0.000         0.000 / 0.000       ms
[124.268s][info][gc,stats]          Critical: JNI Critical Stall                                0 / 0                 0 / 0                 0 / 0                 0 / 0           ops/s
[124.268s][info][gc,stats]          Critical: JNI Critical Stall                            0.000 / 0.000         0.000 / 0.000         0.000 / 0.000         0.000 / 0.000       ms
[124.268s][info][gc,stats]          Critical: Relocation Stall                                  0 / 0                 0 / 0                 0 / 0                 0 / 0           ops/s
[124.268s][info][gc,stats]          Critical: Relocation Stall                              0.000 / 0.000         0.000 / 0.000         0.000 / 0.000         0.000 / 0.000       ms
[124.268s][info][gc,stats]  Major Collection: Major Collection                              0.000 / 0.000     32304.212 / 55624.736 32304.212 / 55624.736 32304.212 / 55624.736   ms
[124.268s][info][gc,stats]            Memory: Allocation Rate                                   0 / 0               104 / 1756            104 / 1756            104 / 1756        MB/s
[124.268s][info][gc,stats]            Memory: Defragment                                        0 / 0                 0 / 0                 0 / 0                 0 / 0           ops/s
[124.268s][info][gc,stats]            Memory: Mapped Cache Harvest                              0 / 0                 0 / 0                 0 / 0                 0 / 0           MB/s
[124.268s][info][gc,stats]            Memory: Out Of Memory                                     0 / 0                 0 / 0                 0 / 0                 0 / 0           ops/s
[124.268s][info][gc,stats]            Memory: Uncommit                                          0 / 0                 0 / 0                 0 / 0                 0 / 0           MB/s
[124.268s][info][gc,stats]            Memory: Undo Object Allocation Failed                     0 / 0                 0 / 0                 0 / 0                 0 / 0           ops/s
[124.268s][info][gc,stats]            Memory: Undo Object Allocation Succeeded                  0 / 0                 0 / 0                 0 / 0                 0 / 0           ops/s
[124.268s][info][gc,stats]            Memory: Undo Page Allocation                              0 / 0                 0 / 0                 0 / 0                 0 / 0           ops/s
[124.268s][info][gc,stats]  Minor Collection: Minor Collection                              0.000 / 0.000     35322.595 / 35322.595 35322.595 / 35322.595 35322.595 / 35322.595   ms
[124.268s][info][gc,stats]    Old Generation: Old Generation                                0.000 / 0.000     21283.864 / 36133.282 21283.864 / 36133.282 21283.864 / 36133.282   ms
[124.268s][info][gc,stats]         Old Pause: Pause Mark End                                0.000 / 0.000         0.012 / 0.016         0.012 / 0.016         0.012 / 0.016       ms
[124.268s][info][gc,stats]         Old Pause: Pause Relocate Start                          0.000 / 0.000         0.013 / 0.015         0.013 / 0.015         0.013 / 0.015       ms
[124.268s][info][gc,stats]         Old Phase: Concurrent Mark                               0.000 / 0.000      8551.879 / 25655.092  8551.879 / 25655.092  8551.879 / 25655.092   ms
[124.268s][info][gc,stats]         Old Phase: Concurrent Mark Continue                      0.000 / 0.000         0.000 / 0.000         0.000 / 0.000         0.000 / 0.000       ms
[124.268s][info][gc,stats]         Old Phase: Concurrent Mark Free                          0.000 / 0.000         0.003 / 0.008         0.003 / 0.008         0.003 / 0.008       ms
[124.268s][info][gc,stats]         Old Phase: Concurrent Process Non-Strong                 0.000 / 0.000       612.907 / 1834.224    612.907 / 1834.224    612.907 / 1834.224    ms
[124.268s][info][gc,stats]         Old Phase: Concurrent Relocate                           0.000 / 0.000         0.394 / 1.085         0.394 / 1.085         0.394 / 1.085       ms
[124.268s][info][gc,stats]         Old Phase: Concurrent Remap Roots                        0.000 / 0.000       344.335 / 808.145     344.335 / 808.145     344.335 / 808.145     ms
[124.268s][info][gc,stats]         Old Phase: Concurrent Reset Relocation Set               0.000 / 0.000         0.000 / 0.001         0.000 / 0.001         0.000 / 0.001       ms
[124.268s][info][gc,stats]         Old Phase: Concurrent Select Relocation Set              0.000 / 0.000      5972.808 / 17917.722  5972.808 / 17917.722  5972.808 / 17917.722   ms
[124.268s][info][gc,stats]      Old Subphase: Concurrent Classes Purge                      0.000 / 0.000         0.098 / 0.275         0.098 / 0.275         0.098 / 0.275       ms
[124.268s][info][gc,stats]      Old Subphase: Concurrent Classes Unlink                     0.000 / 0.000         1.340 / 1.992         1.340 / 1.992         1.340 / 1.992       ms
[124.268s][info][gc,stats]      Old Subphase: Concurrent Mark Follow                        0.000 / 0.000      8551.758 / 25654.972  8551.758 / 25654.972  8551.758 / 25654.972   ms
[124.268s][info][gc,stats]      Old Subphase: Concurrent Mark Root Colored                  0.000 / 0.000         0.040 / 0.099         0.040 / 0.099         0.040 / 0.099       ms
[124.268s][info][gc,stats]      Old Subphase: Concurrent Mark Root Uncolored                0.000 / 0.000         0.031 / 0.083         0.031 / 0.083         0.031 / 0.083       ms
[124.268s][info][gc,stats]      Old Subphase: Concurrent Mark Roots                         0.000 / 0.000         0.113 / 0.150         0.113 / 0.150         0.113 / 0.150       ms
[124.268s][info][gc,stats]      Old Subphase: Concurrent References Enqueue                 0.000 / 0.000         0.001 / 0.004         0.001 / 0.004         0.001 / 0.004       ms
[124.268s][info][gc,stats]      Old Subphase: Concurrent References Process                 0.000 / 0.000       611.066 / 1833.147    611.066 / 1833.147    611.066 / 1833.147    ms
[124.268s][info][gc,stats]      Old Subphase: Concurrent Remap Remembered                   0.000 / 0.000       165.659 / 807.579     165.659 / 807.579     165.659 / 807.579     ms
[124.268s][info][gc,stats]      Old Subphase: Concurrent Remap Roots Colored                0.000 / 0.000         0.202 / 0.370         0.202 / 0.370         0.202 / 0.370       ms
[124.268s][info][gc,stats]      Old Subphase: Concurrent Remap Roots Uncolored              0.000 / 0.000         0.226 / 0.337         0.226 / 0.337         0.226 / 0.337       ms
[124.268s][info][gc,stats]      Old Subphase: Concurrent Roots ClassLoaderDataGraph         0.000 / 0.000         0.107 / 0.344         0.107 / 0.344         0.107 / 0.344       ms
[124.268s][info][gc,stats]      Old Subphase: Concurrent Roots CodeCache                    0.000 / 0.000         0.216 / 0.313         0.216 / 0.313         0.216 / 0.313       ms
[124.268s][info][gc,stats]      Old Subphase: Concurrent Roots JavaThreads                  0.000 / 0.000         0.015 / 0.082         0.015 / 0.082         0.015 / 0.082       ms
[124.268s][info][gc,stats]      Old Subphase: Concurrent Roots OopStorageSet                0.000 / 0.000         0.004 / 0.016         0.004 / 0.016         0.004 / 0.016       ms
[124.268s][info][gc,stats]      Old Subphase: Concurrent Weak Roots OopStorageSet           0.000 / 0.000         0.060 / 0.164         0.060 / 0.164         0.060 / 0.164       ms
[124.268s][info][gc,stats]            System: Java Threads                                      0 / 0                11 / 11               11 / 11               11 / 11          threads
[124.268s][info][gc,stats]  Young Generation: Young Generation                              0.000 / 0.000      9379.014 / 19491.348  9379.014 / 19491.348  9379.014 / 19491.348   ms
[124.268s][info][gc,stats]  Young Generation: Young Generation                              0.000 / 0.000     35322.548 / 35322.548 35322.548 / 35322.548 35322.548 / 35322.548   ms
[124.268s][info][gc,stats]  Young Generation: Young Generation (Collect Roots)              0.000 / 0.000       300.675 / 300.675     300.675 / 300.675     300.675 / 300.675     ms
[124.268s][info][gc,stats]  Young Generation: Young Generation (Promote All)                0.000 / 0.000      4960.573 / 4960.573   4960.573 / 4960.573   4960.573 / 4960.573    ms
[124.268s][info][gc,stats]       Young Pause: Pause Mark End                                0.000 / 0.000         0.014 / 0.015         0.014 / 0.015         0.014 / 0.015       ms
[124.268s][info][gc,stats]       Young Pause: Pause Mark Start                              0.000 / 0.000         0.014 / 0.014         0.014 / 0.014         0.014 / 0.014       ms
[124.268s][info][gc,stats]       Young Pause: Pause Mark Start (Major)                      0.000 / 0.000         0.021 / 0.030         0.021 / 0.030         0.021 / 0.030       ms
[124.268s][info][gc,stats]       Young Pause: Pause Relocate Start                          0.000 / 0.000         0.010 / 0.015         0.010 / 0.015         0.010 / 0.015       ms
[124.268s][info][gc,stats]       Young Phase: Concurrent Mark                               0.000 / 0.000     10624.846 / 33152.614 10624.846 / 33152.614 10624.846 / 33152.614   ms
[124.268s][info][gc,stats]       Young Phase: Concurrent Mark Continue                      0.000 / 0.000         0.000 / 0.000         0.000 / 0.000         0.000 / 0.000       ms
[124.268s][info][gc,stats]       Young Phase: Concurrent Mark Free                          0.000 / 0.000         0.005 / 0.012         0.005 / 0.012         0.005 / 0.012       ms
[124.268s][info][gc,stats]       Young Phase: Concurrent Relocate                           0.000 / 0.000       589.814 / 1906.090    589.814 / 1906.090    589.814 / 1906.090    ms
[124.268s][info][gc,stats]       Young Phase: Concurrent Reset Relocation Set               0.000 / 0.000         1.769 / 9.247         1.769 / 9.247         1.769 / 9.247       ms
[124.268s][info][gc,stats]       Young Phase: Concurrent Select Relocation Set              0.000 / 0.000       236.772 / 821.411     236.772 / 821.411     236.772 / 821.411     ms
[124.268s][info][gc,stats]    Young Subphase: Concurrent Mark Follow                        0.000 / 0.000     10624.124 / 33152.141 10624.124 / 33152.141 10624.124 / 33152.141   ms
[124.268s][info][gc,stats]    Young Subphase: Concurrent Mark Root Colored                  0.000 / 0.000         0.425 / 0.868         0.425 / 0.868         0.425 / 0.868       ms
[124.268s][info][gc,stats]    Young Subphase: Concurrent Mark Root Uncolored                0.000 / 0.000         0.255 / 0.362         0.255 / 0.362         0.255 / 0.362       ms
[124.268s][info][gc,stats]    Young Subphase: Concurrent Mark Roots                         0.000 / 0.000         0.719 / 1.283         0.719 / 1.283         0.719 / 1.283       ms
[124.268s][info][gc,stats]    Young Subphase: Concurrent Relocate Remset FP                 0.000 / 0.000       588.951 / 1904.845    588.951 / 1904.845    588.951 / 1904.845    ms
[124.268s][info][gc,stats]    Young Subphase: Concurrent Roots ClassLoaderDataGraph         0.000 / 0.000         0.301 / 0.499         0.301 / 0.499         0.301 / 0.499       ms
[124.268s][info][gc,stats]    Young Subphase: Concurrent Roots CodeCache                    0.000 / 0.000         0.227 / 0.311         0.227 / 0.311         0.227 / 0.311       ms
[124.268s][info][gc,stats]    Young Subphase: Concurrent Roots JavaThreads                  0.000 / 0.000         0.014 / 0.109         0.014 / 0.109         0.014 / 0.109       ms
[124.268s][info][gc,stats]    Young Subphase: Concurrent Roots OopStorageSet                0.000 / 0.000         0.020 / 0.161         0.020 / 0.161         0.020 / 0.161       ms
[124.268s][info][gc,stats]    Young Subphase: Concurrent Weak Roots OopStorageSet           0.000 / 0.000         0.106 / 0.393         0.106 / 0.393         0.106 / 0.393       ms
[124.268s][info][gc,stats] =========================================================================================================================================================
