
=== Instance 6/8, outer iteration 204/300 (Variant weak_fields) ===

Affinity: allowed=12,13,14,15,16,17,18,19,20,21,22,23 jvm=12,13,14,15,16,17,18,19,20,21 aux=22,23
Benchmark args: 150000000
Command: /gorilla/home/fredrha/SimplifyingWeakRefs/build/variant-images/weak_fields-linux-x86_64-server-release/jdk/bin/java -Xms32g -Xmx32g -XX:+UseZGC -Xlog:gc+stats,gc+ref -XX:InitialTenuringThreshold=1 -XX:MaxTenuringThreshold=1 -XX:NativeMemoryTracking=summary /gorilla/home/fredrha/SimplifyingWeakRefs/test/weakrefs/WeakFieldSingleObjectBenchmark.java 150000000

[0.004s][info][gc,ref] Reference Processor created, Config: Weak field discovery
WeakFieldSingleObjectBenchmark: weakRefCount=150000000 sleepMillis=500
Phase 1: Allocating the single target object...
Phase 2: Allocating 150000000 weak holders in random order...
Allocated 150000000 weak holders in 8.10 seconds
Phase 3: Sleeping for 500 ms (strong ref still held)...
Phase 4: Releasing the strong reference to the target object...
Phase 5: Triggering GC...
[23.315s][info][gc,ref] GC(0) O:                       Encountered   Discovered      Cleared 
[23.315s][info][gc,ref] GC(0) O: Soft References:              238            0            0 
[23.315s][info][gc,ref] GC(0) O: Weak References:             1339            0            0 
[23.315s][info][gc,ref] GC(0) O: Weak Fields:             63145547            0            0 
[23.315s][info][gc,ref] GC(0) O: Final References:               0            0            0 
[23.315s][info][gc,ref] GC(0) O: Phantom References:             1            0            0 
[62.167s][info][gc,ref] GC(1) O:                       Encountered   Discovered      Cleared 
[62.167s][info][gc,ref] GC(1) O: Soft References:              238            0            0 
[62.167s][info][gc,ref] GC(1) O: Weak References:             1339          906          332 
[62.167s][info][gc,ref] GC(1) O: Weak Fields:            150000000    150000000    150000000 
[62.167s][info][gc,ref] GC(1) O: Final References:               0            0            0 
[62.167s][info][gc,ref] GC(1) O: Phantom References:             1            1            0 
Phase 6: Checking results...
Alive weak holders after GC: 0 / 150000000
[75.778s][info][gc,stats] === Garbage Collection Statistics =======================================================================================================================
[75.778s][info][gc,stats]                                                              Last 10s              Last 10m              Last 10h                Total
[75.778s][info][gc,stats]                                                              Avg / Max             Avg / Max             Avg / Max             Avg / Max
[75.778s][info][gc,stats]        Contention: Mark Segment Reset Contention                     0 / 0                 0 / 46                0 / 46                0 / 46          ops/s
[75.778s][info][gc,stats]        Contention: Mark SeqNum Reset Contention                      0 / 0                 0 / 10                0 / 10                0 / 10          ops/s
[75.778s][info][gc,stats]          Critical: Allocation Stall                                  0 / 0                 0 / 0                 0 / 0                 0 / 0           ops/s
[75.778s][info][gc,stats]          Critical: Allocation Stall                              0.000 / 0.000         0.000 / 0.000         0.000 / 0.000         0.000 / 0.000       ms
[75.778s][info][gc,stats]          Critical: JNI Critical Stall                                0 / 0                 0 / 0                 0 / 0                 0 / 0           ops/s
[75.778s][info][gc,stats]          Critical: JNI Critical Stall                            0.000 / 0.000         0.000 / 0.000         0.000 / 0.000         0.000 / 0.000       ms
[75.778s][info][gc,stats]          Critical: Relocation Stall                                  0 / 0                 0 / 0                 0 / 0                 0 / 0           ops/s
[75.778s][info][gc,stats]          Critical: Relocation Stall                              0.000 / 0.000         0.000 / 0.000         0.000 / 0.000         0.000 / 0.000       ms
[75.778s][info][gc,stats]  Major Collection: Major Collection                              0.000 / 0.000     23767.872 / 38851.351 23767.872 / 38851.351 23767.872 / 38851.351   ms
[75.778s][info][gc,stats]            Memory: Allocation Rate                                   0 / 0                77 / 1190             77 / 1190             77 / 1190        MB/s
[75.778s][info][gc,stats]            Memory: Defragment                                        0 / 0                 0 / 0                 0 / 0                 0 / 0           ops/s
[75.778s][info][gc,stats]            Memory: Mapped Cache Harvest                              0 / 0                 0 / 0                 0 / 0                 0 / 0           MB/s
[75.778s][info][gc,stats]            Memory: Out Of Memory                                     0 / 0                 0 / 0                 0 / 0                 0 / 0           ops/s
[75.778s][info][gc,stats]            Memory: Uncommit                                          0 / 0                 0 / 0                 0 / 0                 0 / 0           MB/s
[75.778s][info][gc,stats]            Memory: Undo Object Allocation Failed                     0 / 0                 0 / 0                 0 / 0                 0 / 0           ops/s
[75.778s][info][gc,stats]            Memory: Undo Object Allocation Succeeded                  0 / 0                 0 / 0                 0 / 0                 0 / 0           ops/s
[75.778s][info][gc,stats]            Memory: Undo Page Allocation                              0 / 0                 0 / 0                 0 / 0                 0 / 0           ops/s
[75.778s][info][gc,stats]  Minor Collection: Minor Collection                              0.000 / 0.000         0.000 / 0.000         0.000 / 0.000         0.000 / 0.000       ms
[75.778s][info][gc,stats]    Old Generation: Old Generation                                0.000 / 0.000      9834.362 / 19665.289  9834.362 / 19665.289  9834.362 / 19665.289   ms
[75.778s][info][gc,stats]         Old Pause: Pause Mark End                                0.000 / 0.000         0.009 / 0.014         0.009 / 0.014         0.009 / 0.014       ms
[75.778s][info][gc,stats]         Old Pause: Pause Relocate Start                          0.000 / 0.000         0.011 / 0.011         0.011 / 0.011         0.011 / 0.011       ms
[75.778s][info][gc,stats]         Old Phase: Concurrent Mark                               0.000 / 0.000      7844.235 / 15688.245  7844.235 / 15688.245  7844.235 / 15688.245   ms
[75.778s][info][gc,stats]         Old Phase: Concurrent Mark Continue                      0.000 / 0.000         0.000 / 0.000         0.000 / 0.000         0.000 / 0.000       ms
[75.778s][info][gc,stats]         Old Phase: Concurrent Mark Free                          0.000 / 0.000         0.003 / 0.007         0.003 / 0.007         0.003 / 0.007       ms
[75.778s][info][gc,stats]         Old Phase: Concurrent Process Non-Strong                 0.000 / 0.000      1987.586 / 3972.906   1987.586 / 3972.906   1987.586 / 3972.906    ms
[75.778s][info][gc,stats]         Old Phase: Concurrent Relocate                           0.000 / 0.000         0.717 / 1.404         0.717 / 1.404         0.717 / 1.404       ms
[75.778s][info][gc,stats]         Old Phase: Concurrent Remap Roots                        0.000 / 0.000         1.499 / 2.360         1.499 / 2.360         1.499 / 2.360       ms
[75.778s][info][gc,stats]         Old Phase: Concurrent Reset Relocation Set               0.000 / 0.000         0.000 / 0.000         0.000 / 0.000         0.000 / 0.000       ms
[75.778s][info][gc,stats]         Old Phase: Concurrent Select Relocation Set              0.000 / 0.000         0.225 / 0.253         0.225 / 0.253         0.225 / 0.253       ms
[75.778s][info][gc,stats]      Old Subphase: Concurrent Classes Purge                      0.000 / 0.000         0.211 / 0.395         0.211 / 0.395         0.211 / 0.395       ms
[75.778s][info][gc,stats]      Old Subphase: Concurrent Classes Unlink                     0.000 / 0.000         1.149 / 1.543         1.149 / 1.543         1.149 / 1.543       ms
[75.778s][info][gc,stats]      Old Subphase: Concurrent Mark Follow                        0.000 / 0.000      7844.117 / 15688.130  7844.117 / 15688.130  7844.117 / 15688.130   ms
[75.778s][info][gc,stats]      Old Subphase: Concurrent Mark Root Colored                  0.000 / 0.000         0.041 / 0.094         0.041 / 0.094         0.041 / 0.094       ms
[75.778s][info][gc,stats]      Old Subphase: Concurrent Mark Root Uncolored                0.000 / 0.000         0.036 / 0.067         0.036 / 0.067         0.036 / 0.067       ms
[75.778s][info][gc,stats]      Old Subphase: Concurrent Mark Roots                         0.000 / 0.000         0.116 / 0.121         0.116 / 0.121         0.116 / 0.121       ms
[75.778s][info][gc,stats]      Old Subphase: Concurrent References Enqueue                 0.000 / 0.000         0.003 / 0.006         0.003 / 0.006         0.003 / 0.006       ms
[75.778s][info][gc,stats]      Old Subphase: Concurrent References Process                 0.000 / 0.000      1985.826 / 3971.638   1985.826 / 3971.638   1985.826 / 3971.638    ms
[75.778s][info][gc,stats]      Old Subphase: Concurrent Remap Remembered                   0.000 / 0.000         1.061 / 2.119         1.061 / 2.119         1.061 / 2.119       ms
[75.778s][info][gc,stats]      Old Subphase: Concurrent Remap Roots Colored                0.000 / 0.000         0.232 / 0.399         0.232 / 0.399         0.232 / 0.399       ms
[75.778s][info][gc,stats]      Old Subphase: Concurrent Remap Roots Uncolored              0.000 / 0.000         0.184 / 0.222         0.184 / 0.222         0.184 / 0.222       ms
[75.778s][info][gc,stats]      Old Subphase: Concurrent Roots ClassLoaderDataGraph         0.000 / 0.000         0.129 / 0.375         0.129 / 0.375         0.129 / 0.375       ms
[75.778s][info][gc,stats]      Old Subphase: Concurrent Roots CodeCache                    0.000 / 0.000         0.182 / 0.220         0.182 / 0.220         0.182 / 0.220       ms
[75.778s][info][gc,stats]      Old Subphase: Concurrent Roots JavaThreads                  0.000 / 0.000         0.013 / 0.067         0.013 / 0.067         0.013 / 0.067       ms
[75.778s][info][gc,stats]      Old Subphase: Concurrent Roots OopStorageSet                0.000 / 0.000         0.004 / 0.016         0.004 / 0.016         0.004 / 0.016       ms
[75.778s][info][gc,stats]      Old Subphase: Concurrent Weak Roots OopStorageSet           0.000 / 0.000         0.071 / 0.249         0.071 / 0.249         0.071 / 0.249       ms
[75.778s][info][gc,stats]            System: Java Threads                                      0 / 0                11 / 11               11 / 11               11 / 11          threads
[75.778s][info][gc,stats]  Young Generation: Young Generation                              0.000 / 0.000      8680.848 / 8680.848   8680.848 / 8680.848   8680.848 / 8680.848    ms
[75.778s][info][gc,stats]  Young Generation: Young Generation                              0.000 / 0.000         0.000 / 0.000         0.000 / 0.000         0.000 / 0.000       ms
[75.778s][info][gc,stats]  Young Generation: Young Generation (Collect Roots)              0.000 / 0.000         4.457 / 4.457         4.457 / 4.457         4.457 / 4.457       ms
[75.778s][info][gc,stats]  Young Generation: Young Generation (Promote All)                0.000 / 0.000     19181.491 / 19181.491 19181.491 / 19181.491 19181.491 / 19181.491   ms
[75.778s][info][gc,stats]       Young Pause: Pause Mark End                                0.000 / 0.000         0.014 / 0.014         0.014 / 0.014         0.014 / 0.014       ms
[75.778s][info][gc,stats]       Young Pause: Pause Mark Start                              0.000 / 0.000         0.011 / 0.011         0.011 / 0.011         0.011 / 0.011       ms
[75.778s][info][gc,stats]       Young Pause: Pause Mark Start (Major)                      0.000 / 0.000         0.033 / 0.042         0.033 / 0.042         0.033 / 0.042       ms
[75.778s][info][gc,stats]       Young Pause: Pause Relocate Start                          0.000 / 0.000         0.007 / 0.013         0.007 / 0.013         0.007 / 0.013       ms
[75.778s][info][gc,stats]       Young Phase: Concurrent Mark                               0.000 / 0.000      8556.060 / 16987.510  8556.060 / 16987.510  8556.060 / 16987.510   ms
[75.778s][info][gc,stats]       Young Phase: Concurrent Mark Continue                      0.000 / 0.000         0.000 / 0.000         0.000 / 0.000         0.000 / 0.000       ms
[75.778s][info][gc,stats]       Young Phase: Concurrent Mark Free                          0.000 / 0.000         0.006 / 0.008         0.006 / 0.008         0.006 / 0.008       ms
[75.778s][info][gc,stats]       Young Phase: Concurrent Relocate                           0.000 / 0.000       493.706 / 1478.670    493.706 / 1478.670    493.706 / 1478.670    ms
[75.778s][info][gc,stats]       Young Phase: Concurrent Reset Relocation Set               0.000 / 0.000         0.188 / 0.558         0.188 / 0.558         0.188 / 0.558       ms
[75.778s][info][gc,stats]       Young Phase: Concurrent Select Relocation Set              0.000 / 0.000       238.766 / 715.119     238.766 / 715.119     238.766 / 715.119     ms
[75.778s][info][gc,stats]    Young Subphase: Concurrent Mark Follow                        0.000 / 0.000      8555.078 / 16986.596  8555.078 / 16986.596  8555.078 / 16986.596   ms
[75.778s][info][gc,stats]    Young Subphase: Concurrent Mark Root Colored                  0.000 / 0.000         0.643 / 0.919         0.643 / 0.919         0.643 / 0.919       ms
[75.778s][info][gc,stats]    Young Subphase: Concurrent Mark Root Uncolored                0.000 / 0.000         0.299 / 0.390         0.299 / 0.390         0.299 / 0.390       ms
[75.778s][info][gc,stats]    Young Subphase: Concurrent Mark Roots                         0.000 / 0.000         0.979 / 1.365         0.979 / 1.365         0.979 / 1.365       ms
[75.778s][info][gc,stats]    Young Subphase: Concurrent Relocate Remset FP                 0.000 / 0.000       492.150 / 1476.422    492.150 / 1476.422    492.150 / 1476.422    ms
[75.778s][info][gc,stats]    Young Subphase: Concurrent Roots ClassLoaderDataGraph         0.000 / 0.000         0.385 / 0.485         0.385 / 0.485         0.385 / 0.485       ms
[75.778s][info][gc,stats]    Young Subphase: Concurrent Roots CodeCache                    0.000 / 0.000         0.253 / 0.309         0.253 / 0.309         0.253 / 0.309       ms
[75.778s][info][gc,stats]    Young Subphase: Concurrent Roots JavaThreads                  0.000 / 0.000         0.023 / 0.114         0.023 / 0.114         0.023 / 0.114       ms
[75.778s][info][gc,stats]    Young Subphase: Concurrent Roots OopStorageSet                0.000 / 0.000         0.077 / 0.169         0.077 / 0.169         0.077 / 0.169       ms
[75.778s][info][gc,stats]    Young Subphase: Concurrent Weak Roots OopStorageSet           0.000 / 0.000         0.197 / 0.460         0.197 / 0.460         0.197 / 0.460       ms
[75.778s][info][gc,stats] =========================================================================================================================================================
