
=== Instance 1/8, outer iteration 5/300 (Variant dyn_only) ===

Affinity: allowed=0,1,2,3,4,5,6,7,8,9,10,11 jvm=0,1,2,3,4,5,6,7,8,9 aux=10,11
Benchmark args: 150000000
Command: /gorilla/home/fredrha/SimplifyingWeakRefs/build/variant-images/dyn_only-linux-x86_64-server-release/jdk/bin/java -Xms32g -Xmx32g -XX:+UseZGC -Xlog:gc+stats,gc+ref -XX:InitialTenuringThreshold=1 -XX:MaxTenuringThreshold=1 -XX:NativeMemoryTracking=summary /gorilla/home/fredrha/SimplifyingWeakRefs/test/weakrefs/WeakRefSingleObjectBenchmark.java 150000000

[0.004s][info][gc,ref] Reference Processor created, Config: Dynamic array
WeakRefSingleObjectBenchmark: weakRefCount=150000000 sleepMillis=500
Phase 1: Allocating the single target object...
Phase 2: Allocating 150000000 WeakReferences in random order...
[19.354s][info][gc,ref] GC(0) O:                       Encountered   Discovered     Enqueued 
[19.354s][info][gc,ref] GC(0) O: Soft References:              238            0            0 
[19.354s][info][gc,ref] GC(0) O: Weak References:         21079443            0            0 
[19.354s][info][gc,ref] GC(0) O: Final References:               0            0            0 
[19.354s][info][gc,ref] GC(0) O: Phantom References:             1            0            0 
Allocated 150000000 weak ref holders in 15.37 seconds
Phase 3: Sleeping for 500 ms (strong ref still held)...
Phase 4: Releasing the strong reference to the target object...
Phase 5: Triggering GC...
[68.996s][info][gc,ref] GC(1) O:                       Encountered   Discovered     Enqueued 
[68.996s][info][gc,ref] GC(1) O: Soft References:              238            0            0 
[68.996s][info][gc,ref] GC(1) O: Weak References:         78225491            0            0 
[68.996s][info][gc,ref] GC(1) O: Final References:               0            0            0 
[68.996s][info][gc,ref] GC(1) O: Phantom References:             1            0            0 
[119.186s][info][gc,ref] GC(3) O:                       Encountered   Discovered     Enqueued 
[119.186s][info][gc,ref] GC(3) O: Soft References:              238            0            0 
[119.186s][info][gc,ref] GC(3) O: Weak References:        150001333    150001167    150000330 
[119.186s][info][gc,ref] GC(3) O: Final References:               0            0            0 
[119.186s][info][gc,ref] GC(3) O: Phantom References:             1            0            0 
Phase 6: Checking results...
Alive weak references after GC: 0 / 150000000
[137.842s][info][gc,stats] === Garbage Collection Statistics =======================================================================================================================
[137.842s][info][gc,stats]                                                              Last 10s              Last 10m              Last 10h                Total
[137.842s][info][gc,stats]                                                              Avg / Max             Avg / Max             Avg / Max             Avg / Max
[137.842s][info][gc,stats]        Contention: Mark Segment Reset Contention                     0 / 0                 0 / 27                0 / 27                0 / 27          ops/s
[137.842s][info][gc,stats]        Contention: Mark SeqNum Reset Contention                      0 / 0                 0 / 8                 0 / 8                 0 / 8           ops/s
[137.842s][info][gc,stats]          Critical: Allocation Stall                                  0 / 0                 0 / 0                 0 / 0                 0 / 0           ops/s
[137.842s][info][gc,stats]          Critical: Allocation Stall                              0.000 / 0.000         0.000 / 0.000         0.000 / 0.000         0.000 / 0.000       ms
[137.842s][info][gc,stats]          Critical: JNI Critical Stall                                0 / 0                 0 / 0                 0 / 0                 0 / 0           ops/s
[137.842s][info][gc,stats]          Critical: JNI Critical Stall                            0.000 / 0.000         0.000 / 0.000         0.000 / 0.000         0.000 / 0.000       ms
[137.842s][info][gc,stats]          Critical: Relocation Stall                                  0 / 0                 0 / 0                 0 / 0                 0 / 0           ops/s
[137.842s][info][gc,stats]          Critical: Relocation Stall                              0.000 / 0.000         0.000 / 0.000         0.000 / 0.000         0.000 / 0.000       ms
[137.842s][info][gc,stats]  Major Collection: Major Collection                              0.000 / 0.000     34804.854 / 50190.559 34804.854 / 50190.559 34804.854 / 50190.559   ms
[137.842s][info][gc,stats]            Memory: Allocation Rate                                   0 / 0                93 / 1192             93 / 1192             93 / 1192        MB/s
[137.842s][info][gc,stats]            Memory: Defragment                                        0 / 0                 0 / 0                 0 / 0                 0 / 0           ops/s
[137.842s][info][gc,stats]            Memory: Mapped Cache Harvest                              0 / 0                 0 / 0                 0 / 0                 0 / 0           MB/s
[137.842s][info][gc,stats]            Memory: Out Of Memory                                     0 / 0                 0 / 0                 0 / 0                 0 / 0           ops/s
[137.842s][info][gc,stats]            Memory: Uncommit                                          0 / 0                 0 / 0                 0 / 0                 0 / 0           MB/s
[137.842s][info][gc,stats]            Memory: Undo Object Allocation Failed                     0 / 0                 0 / 0                 0 / 0                 0 / 0           ops/s
[137.842s][info][gc,stats]            Memory: Undo Object Allocation Succeeded                  0 / 0                 0 / 0                 0 / 0                 0 / 0           ops/s
[137.842s][info][gc,stats]            Memory: Undo Page Allocation                              0 / 0                 0 / 0                 0 / 0                 0 / 0           ops/s
[137.842s][info][gc,stats]  Minor Collection: Minor Collection                              0.000 / 0.000     24987.753 / 24987.753 24987.753 / 24987.753 24987.753 / 24987.753   ms
[137.842s][info][gc,stats]    Old Generation: Old Generation                                0.000 / 0.000     19654.815 / 33551.318 19654.815 / 33551.318 19654.815 / 33551.318   ms
[137.842s][info][gc,stats]         Old Pause: Pause Mark End                                0.000 / 0.000         0.010 / 0.014         0.010 / 0.014         0.010 / 0.014       ms
[137.842s][info][gc,stats]         Old Pause: Pause Relocate Start                          0.000 / 0.000         0.011 / 0.015         0.011 / 0.015         0.011 / 0.015       ms
[137.842s][info][gc,stats]         Old Phase: Concurrent Mark                               0.000 / 0.000      9123.426 / 27369.760  9123.426 / 27369.760  9123.426 / 27369.760   ms
[137.842s][info][gc,stats]         Old Phase: Concurrent Mark Continue                      0.000 / 0.000         0.000 / 0.000         0.000 / 0.000         0.000 / 0.000       ms
[137.842s][info][gc,stats]         Old Phase: Concurrent Mark Free                          0.000 / 0.000         0.002 / 0.005         0.002 / 0.005         0.002 / 0.005       ms
[137.842s][info][gc,stats]         Old Phase: Concurrent Process Non-Strong                 0.000 / 0.000      1985.836 / 5953.431   1985.836 / 5953.431   1985.836 / 5953.431    ms
[137.842s][info][gc,stats]         Old Phase: Concurrent Relocate                           0.000 / 0.000         0.515 / 1.473         0.515 / 1.473         0.515 / 1.473       ms
[137.842s][info][gc,stats]         Old Phase: Concurrent Remap Roots                        0.000 / 0.000       215.294 / 419.334     215.294 / 419.334     215.294 / 419.334     ms
[137.842s][info][gc,stats]         Old Phase: Concurrent Reset Relocation Set               0.000 / 0.000         0.000 / 0.000         0.000 / 0.000         0.000 / 0.000       ms
[137.842s][info][gc,stats]         Old Phase: Concurrent Select Relocation Set              0.000 / 0.000         0.317 / 0.423         0.317 / 0.423         0.317 / 0.423       ms
[137.842s][info][gc,stats]      Old Subphase: Concurrent Classes Purge                      0.000 / 0.000         0.098 / 0.273         0.098 / 0.273         0.098 / 0.273       ms
[137.842s][info][gc,stats]      Old Subphase: Concurrent Classes Unlink                     0.000 / 0.000         1.280 / 1.920         1.280 / 1.920         1.280 / 1.920       ms
[137.842s][info][gc,stats]      Old Subphase: Concurrent Mark Follow                        0.000 / 0.000      9123.313 / 27369.658  9123.313 / 27369.658  9123.313 / 27369.658   ms
[137.842s][info][gc,stats]      Old Subphase: Concurrent Mark Root Colored                  0.000 / 0.000         0.036 / 0.085         0.036 / 0.085         0.036 / 0.085       ms
[137.842s][info][gc,stats]      Old Subphase: Concurrent Mark Root Uncolored                0.000 / 0.000         0.030 / 0.090         0.030 / 0.090         0.030 / 0.090       ms
[137.842s][info][gc,stats]      Old Subphase: Concurrent Mark Roots                         0.000 / 0.000         0.106 / 0.158         0.106 / 0.158         0.106 / 0.158       ms
[137.842s][info][gc,stats]      Old Subphase: Concurrent References Enqueue                 0.000 / 0.000         0.002 / 0.005         0.002 / 0.005         0.002 / 0.005       ms
[137.842s][info][gc,stats]      Old Subphase: Concurrent References Process                 0.000 / 0.000      1984.144 / 5952.390   1984.144 / 5952.390   1984.144 / 5952.390    ms
[137.842s][info][gc,stats]      Old Subphase: Concurrent Remap Remembered                   0.000 / 0.000       122.169 / 418.892     122.169 / 418.892     122.169 / 418.892     ms
[137.842s][info][gc,stats]      Old Subphase: Concurrent Remap Roots Colored                0.000 / 0.000         0.240 / 0.377         0.240 / 0.377         0.240 / 0.377       ms
[137.842s][info][gc,stats]      Old Subphase: Concurrent Remap Roots Uncolored              0.000 / 0.000         0.133 / 0.162         0.133 / 0.162         0.133 / 0.162       ms
[137.842s][info][gc,stats]      Old Subphase: Concurrent Roots ClassLoaderDataGraph         0.000 / 0.000         0.132 / 0.361         0.132 / 0.361         0.132 / 0.361       ms
[137.842s][info][gc,stats]      Old Subphase: Concurrent Roots CodeCache                    0.000 / 0.000         0.132 / 0.161         0.132 / 0.161         0.132 / 0.161       ms
[137.842s][info][gc,stats]      Old Subphase: Concurrent Roots JavaThreads                  0.000 / 0.000         0.012 / 0.090         0.012 / 0.090         0.012 / 0.090       ms
[137.842s][info][gc,stats]      Old Subphase: Concurrent Roots OopStorageSet                0.000 / 0.000         0.004 / 0.010         0.004 / 0.010         0.004 / 0.010       ms
[137.842s][info][gc,stats]      Old Subphase: Concurrent Weak Roots OopStorageSet           0.000 / 0.000         0.071 / 0.408         0.071 / 0.408         0.071 / 0.408       ms
[137.842s][info][gc,stats]            System: Java Threads                                      0 / 0                11 / 11               11 / 11               11 / 11          threads
[137.842s][info][gc,stats]  Young Generation: Young Generation                              0.000 / 0.000      9842.638 / 24231.388  9842.638 / 24231.388  9842.638 / 24231.388   ms
[137.842s][info][gc,stats]  Young Generation: Young Generation                              0.000 / 0.000     24987.706 / 24987.706 24987.706 / 24987.706 24987.706 / 24987.706   ms
[137.842s][info][gc,stats]  Young Generation: Young Generation (Collect Roots)              0.000 / 0.000      1103.997 / 1103.997   1103.997 / 1103.997   1103.997 / 1103.997    ms
[137.842s][info][gc,stats]  Young Generation: Young Generation (Promote All)                0.000 / 0.000     15535.109 / 15535.109 15535.109 / 15535.109 15535.109 / 15535.109   ms
[137.842s][info][gc,stats]       Young Pause: Pause Mark End                                0.000 / 0.000         0.013 / 0.014         0.013 / 0.014         0.013 / 0.014       ms
[137.842s][info][gc,stats]       Young Pause: Pause Mark Start                              0.000 / 0.000         0.015 / 0.017         0.015 / 0.017         0.015 / 0.017       ms
[137.842s][info][gc,stats]       Young Pause: Pause Mark Start (Major)                      0.000 / 0.000         0.020 / 0.032         0.020 / 0.032         0.020 / 0.032       ms
[137.842s][info][gc,stats]       Young Pause: Pause Relocate Start                          0.000 / 0.000         0.008 / 0.013         0.008 / 0.013         0.008 / 0.013       ms
[137.842s][info][gc,stats]       Young Phase: Concurrent Mark                               0.000 / 0.000     11020.258 / 23818.480 11020.258 / 23818.480 11020.258 / 23818.480   ms
[137.842s][info][gc,stats]       Young Phase: Concurrent Mark Continue                      0.000 / 0.000         0.000 / 0.000         0.000 / 0.000         0.000 / 0.000       ms
[137.842s][info][gc,stats]       Young Phase: Concurrent Mark Free                          0.000 / 0.000         0.004 / 0.006         0.004 / 0.006         0.004 / 0.006       ms
[137.842s][info][gc,stats]       Young Phase: Concurrent Relocate                           0.000 / 0.000       600.948 / 1969.298    600.948 / 1969.298    600.948 / 1969.298    ms
[137.842s][info][gc,stats]       Young Phase: Concurrent Reset Relocation Set               0.000 / 0.000         0.273 / 0.801         0.273 / 0.801         0.273 / 0.801       ms
[137.842s][info][gc,stats]       Young Phase: Concurrent Select Relocation Set              0.000 / 0.000       237.390 / 558.122     237.390 / 558.122     237.390 / 558.122     ms
[137.842s][info][gc,stats]    Young Subphase: Concurrent Mark Follow                        0.000 / 0.000     11019.422 / 23817.899 11019.422 / 23817.899 11019.422 / 23817.899   ms
[137.842s][info][gc,stats]    Young Subphase: Concurrent Mark Root Colored                  0.000 / 0.000         0.521 / 1.284         0.521 / 1.284         0.521 / 1.284       ms
[137.842s][info][gc,stats]    Young Subphase: Concurrent Mark Root Uncolored                0.000 / 0.000         0.282 / 0.398         0.282 / 0.398         0.282 / 0.398       ms
[137.842s][info][gc,stats]    Young Subphase: Concurrent Mark Roots                         0.000 / 0.000         0.833 / 1.725         0.833 / 1.725         0.833 / 1.725       ms
[137.842s][info][gc,stats]    Young Subphase: Concurrent Relocate Remset FP                 0.000 / 0.000       599.682 / 1965.772    599.682 / 1965.772    599.682 / 1965.772    ms
[137.842s][info][gc,stats]    Young Subphase: Concurrent Roots ClassLoaderDataGraph         0.000 / 0.000         0.375 / 0.798         0.375 / 0.798         0.375 / 0.798       ms
[137.842s][info][gc,stats]    Young Subphase: Concurrent Roots CodeCache                    0.000 / 0.000         0.251 / 0.338         0.251 / 0.338         0.251 / 0.338       ms
[137.842s][info][gc,stats]    Young Subphase: Concurrent Roots JavaThreads                  0.000 / 0.000         0.016 / 0.108         0.016 / 0.108         0.016 / 0.108       ms
[137.842s][info][gc,stats]    Young Subphase: Concurrent Roots OopStorageSet                0.000 / 0.000         0.026 / 0.173         0.026 / 0.173         0.026 / 0.173       ms
[137.842s][info][gc,stats]    Young Subphase: Concurrent Weak Roots OopStorageSet           0.000 / 0.000         0.121 / 0.503         0.121 / 0.503         0.121 / 0.503       ms
[137.842s][info][gc,stats] =========================================================================================================================================================
