
=== Instance 2/8, outer iteration 53/300 (Variant sep_only) ===

Affinity: allowed=12,13,14,15,16,17,18,19,20,21,22,23 jvm=12,13,14,15,16,17,18,19,20,21 aux=22,23
Benchmark args: 150000000
Command: /gorilla/home/fredrha/SimplifyingWeakRefs/build/variant-images/sep_only-linux-x86_64-server-release/jdk/bin/java -Xms32g -Xmx32g -XX:+UseZGC -Xlog:gc+stats,gc+ref -XX:InitialTenuringThreshold=1 -XX:MaxTenuringThreshold=1 -XX:NativeMemoryTracking=summary /gorilla/home/fredrha/SimplifyingWeakRefs/test/weakrefs/WeakRefSingleObjectBenchmark.java 150000000

[0.004s][info][gc,ref] Reference Processor created, Config: Separate list
WeakRefSingleObjectBenchmark: weakRefCount=150000000 sleepMillis=500
Phase 1: Allocating the single target object...
Phase 2: Allocating 150000000 WeakReferences in random order...
[22.795s][info][gc,ref] GC(0) O:                           Encountered       Discovered Cleared/Enqueued 
[22.795s][info][gc,ref] GC(0) O: Soft References:                  238                0                0 
[22.795s][info][gc,ref] GC(0) O: Weak References:                 1330                0                0 
[22.795s][info][gc,ref] GC(0) O: Weak (No Queue):             21108453                0                0 
[22.795s][info][gc,ref] GC(0) O: Final References:                   0                0                0 
[22.795s][info][gc,ref] GC(0) O: Phantom References:                 1                0                0 
Allocated 150000000 weak ref holders in 15.10 seconds
Phase 3: Sleeping for 500 ms (strong ref still held)...
Phase 4: Releasing the strong reference to the target object...
Phase 5: Triggering GC...
[65.406s][info][gc,ref] GC(1) O:                           Encountered       Discovered Cleared/Enqueued 
[65.406s][info][gc,ref] GC(1) O: Soft References:                  238                0                0 
[65.406s][info][gc,ref] GC(1) O: Weak References:                 1330                0                0 
[65.406s][info][gc,ref] GC(1) O: Weak (No Queue):            128155582                0                0 
[65.406s][info][gc,ref] GC(1) O: Final References:                   0                0                0 
[65.406s][info][gc,ref] GC(1) O: Phantom References:                 1                0                0 
[103.875s][info][gc,ref] GC(3) O:                           Encountered       Discovered Cleared/Enqueued 
[103.875s][info][gc,ref] GC(3) O: Soft References:                  238                0                0 
[103.875s][info][gc,ref] GC(3) O: Weak References:                 1330              656              330 
[103.875s][info][gc,ref] GC(3) O: Weak (No Queue):            150000003        150000000        150000000 
[103.875s][info][gc,ref] GC(3) O: Final References:                   0                0                0 
[103.875s][info][gc,ref] GC(3) O: Phantom References:                 1                0                0 
Phase 6: Checking results...
Alive weak references after GC: 0 / 150000000
[120.926s][info][gc,stats] === Garbage Collection Statistics =======================================================================================================================
[120.926s][info][gc,stats]                                                              Last 10s              Last 10m              Last 10h                Total
[120.926s][info][gc,stats]                                                              Avg / Max             Avg / Max             Avg / Max             Avg / Max
[120.926s][info][gc,stats]        Contention: Mark Segment Reset Contention                     0 / 0                 0 / 35                0 / 35                0 / 35          ops/s
[120.926s][info][gc,stats]        Contention: Mark SeqNum Reset Contention                      0 / 0                 0 / 5                 0 / 5                 0 / 5           ops/s
[120.926s][info][gc,stats]          Critical: Allocation Stall                                  0 / 0                 0 / 0                 0 / 0                 0 / 0           ops/s
[120.926s][info][gc,stats]          Critical: Allocation Stall                              0.000 / 0.000         0.000 / 0.000         0.000 / 0.000         0.000 / 0.000       ms
[120.926s][info][gc,stats]          Critical: JNI Critical Stall                                0 / 0                 0 / 0                 0 / 0                 0 / 0           ops/s
[120.926s][info][gc,stats]          Critical: JNI Critical Stall                            0.000 / 0.000         0.000 / 0.000         0.000 / 0.000         0.000 / 0.000       ms
[120.926s][info][gc,stats]          Critical: Relocation Stall                                  0 / 0                 0 / 0                 0 / 0                 0 / 0           ops/s
[120.926s][info][gc,stats]          Critical: Relocation Stall                              0.000 / 0.000         0.000 / 0.000         0.000 / 0.000         0.000 / 0.000       ms
[120.926s][info][gc,stats]  Major Collection: Major Collection                              0.000 / 0.000     29800.186 / 42602.535 29800.186 / 42602.535 29800.186 / 42602.535   ms
[120.926s][info][gc,stats]            Memory: Allocation Rate                                   0 / 0               107 / 1186            107 / 1186            107 / 1186        MB/s
[120.926s][info][gc,stats]            Memory: Defragment                                        0 / 0                 0 / 0                 0 / 0                 0 / 0           ops/s
[120.926s][info][gc,stats]            Memory: Mapped Cache Harvest                              0 / 0                 0 / 0                 0 / 0                 0 / 0           MB/s
[120.926s][info][gc,stats]            Memory: Out Of Memory                                     0 / 0                 0 / 0                 0 / 0                 0 / 0           ops/s
[120.926s][info][gc,stats]            Memory: Uncommit                                          0 / 0                 0 / 0                 0 / 0                 0 / 0           MB/s
[120.926s][info][gc,stats]            Memory: Undo Object Allocation Failed                     0 / 0                 0 / 0                 0 / 0                 0 / 0           ops/s
[120.926s][info][gc,stats]            Memory: Undo Object Allocation Succeeded                  0 / 0                 0 / 0                 0 / 0                 0 / 0           ops/s
[120.926s][info][gc,stats]            Memory: Undo Page Allocation                              0 / 0                 0 / 0                 0 / 0                 0 / 0           ops/s
[120.926s][info][gc,stats]  Minor Collection: Minor Collection                              0.000 / 0.000     22931.300 / 22931.300 22931.300 / 22931.300 22931.300 / 22931.300   ms
[120.926s][info][gc,stats]    Old Generation: Old Generation                                0.000 / 0.000     19016.442 / 33681.720 19016.442 / 33681.720 19016.442 / 33681.720   ms
[120.926s][info][gc,stats]         Old Pause: Pause Mark End                                0.000 / 0.000         0.011 / 0.013         0.011 / 0.013         0.011 / 0.013       ms
[120.926s][info][gc,stats]         Old Pause: Pause Relocate Start                          0.000 / 0.000         0.011 / 0.012         0.011 / 0.012         0.011 / 0.012       ms
[120.926s][info][gc,stats]         Old Phase: Concurrent Mark                               0.000 / 0.000      8340.017 / 25019.428  8340.017 / 25019.428  8340.017 / 25019.428   ms
[120.926s][info][gc,stats]         Old Phase: Concurrent Mark Continue                      0.000 / 0.000         0.000 / 0.000         0.000 / 0.000         0.000 / 0.000       ms
[120.926s][info][gc,stats]         Old Phase: Concurrent Mark Free                          0.000 / 0.000         0.003 / 0.008         0.003 / 0.008         0.003 / 0.008       ms
[120.926s][info][gc,stats]         Old Phase: Concurrent Process Non-Strong                 0.000 / 0.000      2814.929 / 8440.223   2814.929 / 8440.223   2814.929 / 8440.223    ms
[120.926s][info][gc,stats]         Old Phase: Concurrent Relocate                           0.000 / 0.000         0.855 / 2.414         0.855 / 2.414         0.855 / 2.414       ms
[120.926s][info][gc,stats]         Old Phase: Concurrent Remap Roots                        0.000 / 0.000       216.410 / 429.499     216.410 / 429.499     216.410 / 429.499     ms
[120.926s][info][gc,stats]         Old Phase: Concurrent Reset Relocation Set               0.000 / 0.000         0.000 / 0.001         0.000 / 0.001         0.000 / 0.001       ms
[120.926s][info][gc,stats]         Old Phase: Concurrent Select Relocation Set              0.000 / 0.000         0.331 / 0.452         0.331 / 0.452         0.331 / 0.452       ms
[120.926s][info][gc,stats]      Old Subphase: Concurrent Classes Purge                      0.000 / 0.000         0.138 / 0.394         0.138 / 0.394         0.138 / 0.394       ms
[120.926s][info][gc,stats]      Old Subphase: Concurrent Classes Unlink                     0.000 / 0.000         1.465 / 2.043         1.465 / 2.043         1.465 / 2.043       ms
[120.926s][info][gc,stats]      Old Subphase: Concurrent Mark Follow                        0.000 / 0.000      8339.879 / 25019.307  8339.879 / 25019.307  8339.879 / 25019.307   ms
[120.926s][info][gc,stats]      Old Subphase: Concurrent Mark Root Colored                  0.000 / 0.000         0.041 / 0.102         0.041 / 0.102         0.041 / 0.102       ms
[120.926s][info][gc,stats]      Old Subphase: Concurrent Mark Root Uncolored                0.000 / 0.000         0.036 / 0.108         0.036 / 0.108         0.036 / 0.108       ms
[120.926s][info][gc,stats]      Old Subphase: Concurrent Mark Roots                         0.000 / 0.000         0.130 / 0.206         0.130 / 0.206         0.130 / 0.206       ms
[120.926s][info][gc,stats]      Old Subphase: Concurrent References Enqueue                 0.000 / 0.000         0.001 / 0.004         0.001 / 0.004         0.001 / 0.004       ms
[120.926s][info][gc,stats]      Old Subphase: Concurrent References Process                 0.000 / 0.000      2813.067 / 8439.152   2813.067 / 8439.152   2813.067 / 8439.152    ms
[120.926s][info][gc,stats]      Old Subphase: Concurrent Remap Remembered                   0.000 / 0.000       120.818 / 429.074     120.818 / 429.074     120.818 / 429.074     ms
[120.926s][info][gc,stats]      Old Subphase: Concurrent Remap Roots Colored                0.000 / 0.000         0.214 / 0.437         0.214 / 0.437         0.214 / 0.437       ms
[120.926s][info][gc,stats]      Old Subphase: Concurrent Remap Roots Uncolored              0.000 / 0.000         0.210 / 0.232         0.210 / 0.232         0.210 / 0.232       ms
[120.926s][info][gc,stats]      Old Subphase: Concurrent Roots ClassLoaderDataGraph         0.000 / 0.000         0.118 / 0.416         0.118 / 0.416         0.118 / 0.416       ms
[120.926s][info][gc,stats]      Old Subphase: Concurrent Roots CodeCache                    0.000 / 0.000         0.208 / 0.230         0.208 / 0.230         0.208 / 0.230       ms
[120.926s][info][gc,stats]      Old Subphase: Concurrent Roots JavaThreads                  0.000 / 0.000         0.014 / 0.108         0.014 / 0.108         0.014 / 0.108       ms
[120.926s][info][gc,stats]      Old Subphase: Concurrent Roots OopStorageSet                0.000 / 0.000         0.005 / 0.017         0.005 / 0.017         0.005 / 0.017       ms
[120.926s][info][gc,stats]      Old Subphase: Concurrent Weak Roots OopStorageSet           0.000 / 0.000         0.062 / 0.220         0.062 / 0.220         0.062 / 0.220       ms
[120.926s][info][gc,stats]            System: Java Threads                                      0 / 0                11 / 11               11 / 11               11 / 11          threads
[120.926s][info][gc,stats]  Young Generation: Young Generation                              0.000 / 0.000      9300.329 / 19238.467  9300.329 / 19238.467  9300.329 / 19238.467   ms
[120.926s][info][gc,stats]  Young Generation: Young Generation                              0.000 / 0.000     22931.233 / 22931.233 22931.233 / 22931.233 22931.233 / 22931.233   ms
[120.926s][info][gc,stats]  Young Generation: Young Generation (Collect Roots)              0.000 / 0.000       285.709 / 285.709     285.709 / 285.709     285.709 / 285.709     ms
[120.926s][info][gc,stats]  Young Generation: Young Generation (Promote All)                0.000 / 0.000      4501.430 / 4501.430   4501.430 / 4501.430   4501.430 / 4501.430    ms
[120.926s][info][gc,stats]       Young Pause: Pause Mark End                                0.000 / 0.000         0.012 / 0.014         0.012 / 0.014         0.012 / 0.014       ms
[120.926s][info][gc,stats]       Young Pause: Pause Mark Start                              0.000 / 0.000         0.015 / 0.017         0.015 / 0.017         0.015 / 0.017       ms
[120.926s][info][gc,stats]       Young Pause: Pause Mark Start (Major)                      0.000 / 0.000         0.021 / 0.031         0.021 / 0.031         0.021 / 0.031       ms
[120.926s][info][gc,stats]       Young Pause: Pause Relocate Start                          0.000 / 0.000         0.009 / 0.012         0.009 / 0.012         0.009 / 0.012       ms
[120.926s][info][gc,stats]       Young Phase: Concurrent Mark                               0.000 / 0.000      8423.365 / 20775.595  8423.365 / 20775.595  8423.365 / 20775.595   ms
[120.926s][info][gc,stats]       Young Phase: Concurrent Mark Continue                      0.000 / 0.000         0.000 / 0.000         0.000 / 0.000         0.000 / 0.000       ms
[120.926s][info][gc,stats]       Young Phase: Concurrent Mark Free                          0.000 / 0.000         0.004 / 0.008         0.004 / 0.008         0.004 / 0.008       ms
[120.926s][info][gc,stats]       Young Phase: Concurrent Relocate                           0.000 / 0.000       597.595 / 1980.497    597.595 / 1980.497    597.595 / 1980.497    ms
[120.926s][info][gc,stats]       Young Phase: Concurrent Reset Relocation Set               0.000 / 0.000         0.275 / 1.158         0.275 / 1.158         0.275 / 1.158       ms
[120.926s][info][gc,stats]       Young Phase: Concurrent Select Relocation Set              0.000 / 0.000       248.428 / 824.442     248.428 / 824.442     248.428 / 824.442     ms
[120.926s][info][gc,stats]    Young Subphase: Concurrent Mark Follow                        0.000 / 0.000      8422.622 / 20774.974  8422.622 / 20774.974  8422.622 / 20774.974   ms
[120.926s][info][gc,stats]    Young Subphase: Concurrent Mark Root Colored                  0.000 / 0.000         0.426 / 0.945         0.426 / 0.945         0.426 / 0.945       ms
[120.926s][info][gc,stats]    Young Subphase: Concurrent Mark Root Uncolored                0.000 / 0.000         0.271 / 0.377         0.271 / 0.377         0.271 / 0.377       ms
[120.926s][info][gc,stats]    Young Subphase: Concurrent Mark Roots                         0.000 / 0.000         0.741 / 1.410         0.741 / 1.410         0.741 / 1.410       ms
[120.926s][info][gc,stats]    Young Subphase: Concurrent Relocate Remset FP                 0.000 / 0.000       596.298 / 1978.340    596.298 / 1978.340    596.298 / 1978.340    ms
[120.926s][info][gc,stats]    Young Subphase: Concurrent Roots ClassLoaderDataGraph         0.000 / 0.000         0.292 / 0.457         0.292 / 0.457         0.292 / 0.457       ms
[120.926s][info][gc,stats]    Young Subphase: Concurrent Roots CodeCache                    0.000 / 0.000         0.237 / 0.315         0.237 / 0.315         0.237 / 0.315       ms
[120.926s][info][gc,stats]    Young Subphase: Concurrent Roots JavaThreads                  0.000 / 0.000         0.018 / 0.101         0.018 / 0.101         0.018 / 0.101       ms
[120.926s][info][gc,stats]    Young Subphase: Concurrent Roots OopStorageSet                0.000 / 0.000         0.032 / 0.199         0.032 / 0.199         0.032 / 0.199       ms
[120.926s][info][gc,stats]    Young Subphase: Concurrent Weak Roots OopStorageSet           0.000 / 0.000         0.106 / 0.432         0.106 / 0.432         0.106 / 0.432       ms
[120.926s][info][gc,stats] =========================================================================================================================================================
