
=== Instance 1/8, outer iteration 14/300 (Variant clear_path_only) ===

Affinity: allowed=0,1,2,3,4,5,6,7,8,9,10,11 jvm=0,1,2,3,4,5,6,7,8,9 aux=10,11
Benchmark args: 150000000
Command: /gorilla/home/fredrha/SimplifyingWeakRefs/build/variant-images/clear_path_only-linux-x86_64-server-release/jdk/bin/java -Xms32g -Xmx32g -XX:+UseZGC -Xlog:gc+stats,gc+ref -XX:InitialTenuringThreshold=1 -XX:MaxTenuringThreshold=1 -XX:NativeMemoryTracking=summary /gorilla/home/fredrha/SimplifyingWeakRefs/test/weakrefs/WeakRefSingleObjectBenchmark.java 150000000

[0.004s][info][gc,ref] Reference Processor created, Config: Optimised clear path
WeakRefSingleObjectBenchmark: weakRefCount=150000000 sleepMillis=500
Phase 1: Allocating the single target object...
Phase 2: Allocating 150000000 WeakReferences in random order...
[23.092s][info][gc,ref] GC(0) O:                           Encountered       Discovered Cleared/Enqueued 
[23.092s][info][gc,ref] GC(0) O: Soft References:                  238                0                0 
[23.092s][info][gc,ref] GC(0) O: Weak References:                 1330                0                0 
[23.092s][info][gc,ref] GC(0) O: Weak (No Queue):             21082333                0                0 
[23.092s][info][gc,ref] GC(0) O: Final References:                   0                0                0 
[23.092s][info][gc,ref] GC(0) O: Phantom References:                 1                0                0 
Allocated 150000000 weak ref holders in 15.11 seconds
Phase 3: Sleeping for 500 ms (strong ref still held)...
Phase 4: Releasing the strong reference to the target object...
Phase 5: Triggering GC...
[66.046s][info][gc,ref] GC(1) O:                           Encountered       Discovered Cleared/Enqueued 
[66.046s][info][gc,ref] GC(1) O: Soft References:                  238                0                0 
[66.046s][info][gc,ref] GC(1) O: Weak References:                 1330                0                0 
[66.046s][info][gc,ref] GC(1) O: Weak (No Queue):            128269634                0                0 
[66.046s][info][gc,ref] GC(1) O: Final References:                   0                0                0 
[66.046s][info][gc,ref] GC(1) O: Phantom References:                 1                0                0 
[103.073s][info][gc,ref] GC(3) O:                           Encountered       Discovered Cleared/Enqueued 
[103.073s][info][gc,ref] GC(3) O: Soft References:                  238                0                0 
[103.073s][info][gc,ref] GC(3) O: Weak References:                 1330             1075              330 
[103.073s][info][gc,ref] GC(3) O: Weak (No Queue):            150000003        150000000        150000000 
[103.073s][info][gc,ref] GC(3) O: Final References:                   0                0                0 
[103.073s][info][gc,ref] GC(3) O: Phantom References:                 1                0                0 
Phase 6: Checking results...
Alive weak references after GC: 0 / 150000000
[119.968s][info][gc,stats] === Garbage Collection Statistics =======================================================================================================================
[119.968s][info][gc,stats]                                                              Last 10s              Last 10m              Last 10h                Total
[119.968s][info][gc,stats]                                                              Avg / Max             Avg / Max             Avg / Max             Avg / Max
[119.968s][info][gc,stats]        Contention: Mark Segment Reset Contention                     0 / 0                 0 / 24                0 / 24                0 / 24          ops/s
[119.968s][info][gc,stats]        Contention: Mark SeqNum Reset Contention                      0 / 0                 0 / 8                 0 / 8                 0 / 8           ops/s
[119.968s][info][gc,stats]          Critical: Allocation Stall                                  0 / 0                 0 / 0                 0 / 0                 0 / 0           ops/s
[119.968s][info][gc,stats]          Critical: Allocation Stall                              0.000 / 0.000         0.000 / 0.000         0.000 / 0.000         0.000 / 0.000       ms
[119.968s][info][gc,stats]          Critical: JNI Critical Stall                                0 / 0                 0 / 0                 0 / 0                 0 / 0           ops/s
[119.968s][info][gc,stats]          Critical: JNI Critical Stall                            0.000 / 0.000         0.000 / 0.000         0.000 / 0.000         0.000 / 0.000       ms
[119.968s][info][gc,stats]          Critical: Relocation Stall                                  0 / 0                 0 / 0                 0 / 0                 0 / 0           ops/s
[119.968s][info][gc,stats]          Critical: Relocation Stall                              0.000 / 0.000         0.000 / 0.000         0.000 / 0.000         0.000 / 0.000       ms
[119.968s][info][gc,stats]  Major Collection: Major Collection                              0.000 / 0.000     29445.380 / 42953.778 29445.380 / 42953.778 29445.380 / 42953.778   ms
[119.968s][info][gc,stats]            Memory: Allocation Rate                                   0 / 0               108 / 1188            108 / 1188            108 / 1188        MB/s
[119.968s][info][gc,stats]            Memory: Defragment                                        0 / 0                 0 / 0                 0 / 0                 0 / 0           ops/s
[119.968s][info][gc,stats]            Memory: Mapped Cache Harvest                              0 / 0                 0 / 0                 0 / 0                 0 / 0           MB/s
[119.968s][info][gc,stats]            Memory: Out Of Memory                                     0 / 0                 0 / 0                 0 / 0                 0 / 0           ops/s
[119.968s][info][gc,stats]            Memory: Uncommit                                          0 / 0                 0 / 0                 0 / 0                 0 / 0           MB/s
[119.968s][info][gc,stats]            Memory: Undo Object Allocation Failed                     0 / 0                 0 / 0                 0 / 0                 0 / 0           ops/s
[119.968s][info][gc,stats]            Memory: Undo Object Allocation Succeeded                  0 / 0                 0 / 0                 0 / 0                 0 / 0           ops/s
[119.968s][info][gc,stats]            Memory: Undo Page Allocation                              0 / 0                 0 / 0                 0 / 0                 0 / 0           ops/s
[119.968s][info][gc,stats]  Minor Collection: Minor Collection                              0.000 / 0.000     22793.376 / 22793.376 22793.376 / 22793.376 22793.376 / 22793.376   ms
[119.968s][info][gc,stats]    Old Generation: Old Generation                                0.000 / 0.000     18452.622 / 32136.958 18452.622 / 32136.958 18452.622 / 32136.958   ms
[119.968s][info][gc,stats]         Old Pause: Pause Mark End                                0.000 / 0.000         0.012 / 0.016         0.012 / 0.016         0.012 / 0.016       ms
[119.968s][info][gc,stats]         Old Pause: Pause Relocate Start                          0.000 / 0.000         0.012 / 0.014         0.012 / 0.014         0.012 / 0.014       ms
[119.968s][info][gc,stats]         Old Phase: Concurrent Mark                               0.000 / 0.000      7698.677 / 23095.449  7698.677 / 23095.449  7698.677 / 23095.449   ms
[119.968s][info][gc,stats]         Old Phase: Concurrent Mark Continue                      0.000 / 0.000         0.000 / 0.000         0.000 / 0.000         0.000 / 0.000       ms
[119.968s][info][gc,stats]         Old Phase: Concurrent Mark Free                          0.000 / 0.000         0.003 / 0.008         0.003 / 0.008         0.003 / 0.008       ms
[119.968s][info][gc,stats]         Old Phase: Concurrent Process Non-Strong                 0.000 / 0.000      2940.173 / 8816.206   2940.173 / 8816.206   2940.173 / 8816.206    ms
[119.968s][info][gc,stats]         Old Phase: Concurrent Relocate                           0.000 / 0.000         0.378 / 1.000         0.378 / 1.000         0.378 / 1.000       ms
[119.968s][info][gc,stats]         Old Phase: Concurrent Remap Roots                        0.000 / 0.000       215.136 / 421.109     215.136 / 421.109     215.136 / 421.109     ms
[119.968s][info][gc,stats]         Old Phase: Concurrent Reset Relocation Set               0.000 / 0.000         0.000 / 0.001         0.000 / 0.001         0.000 / 0.001       ms
[119.968s][info][gc,stats]         Old Phase: Concurrent Select Relocation Set              0.000 / 0.000         0.324 / 0.445         0.324 / 0.445         0.324 / 0.445       ms
[119.968s][info][gc,stats]      Old Subphase: Concurrent Classes Purge                      0.000 / 0.000         0.159 / 0.458         0.159 / 0.458         0.159 / 0.458       ms
[119.968s][info][gc,stats]      Old Subphase: Concurrent Classes Unlink                     0.000 / 0.000         1.351 / 2.015         1.351 / 2.015         1.351 / 2.015       ms
[119.968s][info][gc,stats]      Old Subphase: Concurrent Mark Follow                        0.000 / 0.000      7698.556 / 23095.336  7698.556 / 23095.336  7698.556 / 23095.336   ms
[119.968s][info][gc,stats]      Old Subphase: Concurrent Mark Root Colored                  0.000 / 0.000         0.040 / 0.088         0.040 / 0.088         0.040 / 0.088       ms
[119.968s][info][gc,stats]      Old Subphase: Concurrent Mark Root Uncolored                0.000 / 0.000         0.033 / 0.102         0.033 / 0.102         0.033 / 0.102       ms
[119.968s][info][gc,stats]      Old Subphase: Concurrent Mark Roots                         0.000 / 0.000         0.114 / 0.163         0.114 / 0.163         0.114 / 0.163       ms
[119.968s][info][gc,stats]      Old Subphase: Concurrent References Enqueue                 0.000 / 0.000         0.001 / 0.004         0.001 / 0.004         0.001 / 0.004       ms
[119.968s][info][gc,stats]      Old Subphase: Concurrent References Process                 0.000 / 0.000      2938.390 / 8815.138   2938.390 / 8815.138   2938.390 / 8815.138    ms
[119.968s][info][gc,stats]      Old Subphase: Concurrent Remap Remembered                   0.000 / 0.000       121.485 / 420.740     121.485 / 420.740     121.485 / 420.740     ms
[119.968s][info][gc,stats]      Old Subphase: Concurrent Remap Roots Colored                0.000 / 0.000         0.215 / 0.394         0.215 / 0.394         0.215 / 0.394       ms
[119.968s][info][gc,stats]      Old Subphase: Concurrent Remap Roots Uncolored              0.000 / 0.000         0.137 / 0.170         0.137 / 0.170         0.137 / 0.170       ms
[119.968s][info][gc,stats]      Old Subphase: Concurrent Roots ClassLoaderDataGraph         0.000 / 0.000         0.120 / 0.371         0.120 / 0.371         0.120 / 0.371       ms
[119.968s][info][gc,stats]      Old Subphase: Concurrent Roots CodeCache                    0.000 / 0.000         0.136 / 0.169         0.136 / 0.169         0.136 / 0.169       ms
[119.968s][info][gc,stats]      Old Subphase: Concurrent Roots JavaThreads                  0.000 / 0.000         0.013 / 0.102         0.013 / 0.102         0.013 / 0.102       ms
[119.968s][info][gc,stats]      Old Subphase: Concurrent Roots OopStorageSet                0.000 / 0.000         0.005 / 0.019         0.005 / 0.019         0.005 / 0.019       ms
[119.968s][info][gc,stats]      Old Subphase: Concurrent Weak Roots OopStorageSet           0.000 / 0.000         0.057 / 0.196         0.057 / 0.196         0.057 / 0.196       ms
[119.968s][info][gc,stats]            System: Java Threads                                      0 / 0                11 / 11               11 / 11               11 / 11          threads
[119.968s][info][gc,stats]  Young Generation: Young Generation                              0.000 / 0.000      9475.316 / 19736.044  9475.316 / 19736.044  9475.316 / 19736.044   ms
[119.968s][info][gc,stats]  Young Generation: Young Generation                              0.000 / 0.000     22793.313 / 22793.313 22793.313 / 22793.313 22793.313 / 22793.313   ms
[119.968s][info][gc,stats]  Young Generation: Young Generation (Collect Roots)              0.000 / 0.000       283.810 / 283.810     283.810 / 283.810     283.810 / 283.810     ms
[119.968s][info][gc,stats]  Young Generation: Young Generation (Promote All)                0.000 / 0.000      4606.059 / 4606.059   4606.059 / 4606.059   4606.059 / 4606.059    ms
[119.968s][info][gc,stats]       Young Pause: Pause Mark End                                0.000 / 0.000         0.014 / 0.015         0.014 / 0.015         0.014 / 0.015       ms
[119.968s][info][gc,stats]       Young Pause: Pause Mark Start                              0.000 / 0.000         0.020 / 0.025         0.020 / 0.025         0.020 / 0.025       ms
[119.968s][info][gc,stats]       Young Pause: Pause Mark Start (Major)                      0.000 / 0.000         0.021 / 0.031         0.021 / 0.031         0.021 / 0.031       ms
[119.968s][info][gc,stats]       Young Pause: Pause Relocate Start                          0.000 / 0.000         0.010 / 0.018         0.010 / 0.018         0.010 / 0.018       ms
[119.968s][info][gc,stats]       Young Phase: Concurrent Mark                               0.000 / 0.000      8522.701 / 20601.013  8522.701 / 20601.013  8522.701 / 20601.013   ms
[119.968s][info][gc,stats]       Young Phase: Concurrent Mark Continue                      0.000 / 0.000         0.000 / 0.000         0.000 / 0.000         0.000 / 0.000       ms
[119.968s][info][gc,stats]       Young Phase: Concurrent Mark Free                          0.000 / 0.000         0.006 / 0.009         0.006 / 0.009         0.006 / 0.009       ms
[119.968s][info][gc,stats]       Young Phase: Concurrent Relocate                           0.000 / 0.000       591.843 / 1911.203    591.843 / 1911.203    591.843 / 1911.203    ms
[119.968s][info][gc,stats]       Young Phase: Concurrent Reset Relocation Set               0.000 / 0.000         0.280 / 1.161         0.280 / 1.161         0.280 / 1.161       ms
[119.968s][info][gc,stats]       Young Phase: Concurrent Select Relocation Set              0.000 / 0.000       236.443 / 829.244     236.443 / 829.244     236.443 / 829.244     ms
[119.968s][info][gc,stats]    Young Subphase: Concurrent Mark Follow                        0.000 / 0.000      8522.001 / 20600.426  8522.001 / 20600.426  8522.001 / 20600.426   ms
[119.968s][info][gc,stats]    Young Subphase: Concurrent Mark Root Colored                  0.000 / 0.000         0.403 / 0.873         0.403 / 0.873         0.403 / 0.873       ms
[119.968s][info][gc,stats]    Young Subphase: Concurrent Mark Root Uncolored                0.000 / 0.000         0.260 / 0.357         0.260 / 0.357         0.260 / 0.357       ms
[119.968s][info][gc,stats]    Young Subphase: Concurrent Mark Roots                         0.000 / 0.000         0.698 / 1.283         0.698 / 1.283         0.698 / 1.283       ms
[119.968s][info][gc,stats]    Young Subphase: Concurrent Relocate Remset FP                 0.000 / 0.000       590.998 / 1910.003    590.998 / 1910.003    590.998 / 1910.003    ms
[119.968s][info][gc,stats]    Young Subphase: Concurrent Roots ClassLoaderDataGraph         0.000 / 0.000         0.268 / 0.435         0.268 / 0.435         0.268 / 0.435       ms
[119.968s][info][gc,stats]    Young Subphase: Concurrent Roots CodeCache                    0.000 / 0.000         0.228 / 0.297         0.228 / 0.297         0.228 / 0.297       ms
[119.968s][info][gc,stats]    Young Subphase: Concurrent Roots JavaThreads                  0.000 / 0.000         0.017 / 0.103         0.017 / 0.103         0.017 / 0.103       ms
[119.968s][info][gc,stats]    Young Subphase: Concurrent Roots OopStorageSet                0.000 / 0.000         0.028 / 0.234         0.028 / 0.234         0.028 / 0.234       ms
[119.968s][info][gc,stats]    Young Subphase: Concurrent Weak Roots OopStorageSet           0.000 / 0.000         0.111 / 0.480         0.111 / 0.480         0.111 / 0.480       ms
[119.968s][info][gc,stats] =========================================================================================================================================================
