
=== Instance 8/8, outer iteration 268/300 (Variant dyn_only) ===

Affinity: allowed=36,37,38,39,40,41,42,43,44,45,46,47 jvm=36,37,38,39,40,41,42,43,44,45 aux=46,47
Benchmark args: 150000000
Command: /gorilla/home/fredrha/SimplifyingWeakRefs/build/variant-images/dyn_only-linux-x86_64-server-release/jdk/bin/java -Xms32g -Xmx32g -XX:+UseZGC -Xlog:gc+stats,gc+ref -XX:InitialTenuringThreshold=1 -XX:MaxTenuringThreshold=1 -XX:NativeMemoryTracking=summary /gorilla/home/fredrha/SimplifyingWeakRefs/test/weakrefs/WeakRefSingleObjectBenchmark.java 150000000

[0.004s][info][gc,ref] Reference Processor created, Config: Dynamic array
WeakRefSingleObjectBenchmark: weakRefCount=150000000 sleepMillis=500
Phase 1: Allocating the single target object...
Phase 2: Allocating 150000000 WeakReferences in random order...
[19.239s][info][gc,ref] GC(0) O:                       Encountered   Discovered     Enqueued 
[19.239s][info][gc,ref] GC(0) O: Soft References:              238            0            0 
[19.239s][info][gc,ref] GC(0) O: Weak References:         20976685            0            0 
[19.239s][info][gc,ref] GC(0) O: Final References:               0            0            0 
[19.239s][info][gc,ref] GC(0) O: Phantom References:             1            0            0 
Allocated 150000000 weak ref holders in 15.19 seconds
Phase 3: Sleeping for 500 ms (strong ref still held)...
Phase 4: Releasing the strong reference to the target object...
Phase 5: Triggering GC...
[60.946s][info][gc,ref] GC(1) O:                       Encountered   Discovered     Enqueued 
[60.946s][info][gc,ref] GC(1) O: Soft References:              238            0            0 
[60.946s][info][gc,ref] GC(1) O: Weak References:         78898863            0            0 
[60.946s][info][gc,ref] GC(1) O: Final References:               0            0            0 
[60.946s][info][gc,ref] GC(1) O: Phantom References:             1            0            0 
[108.353s][info][gc,ref] GC(3) O:                       Encountered   Discovered     Enqueued 
[108.353s][info][gc,ref] GC(3) O: Soft References:              238            0            0 
[108.353s][info][gc,ref] GC(3) O: Weak References:        150001333    150000984    150000330 
[108.353s][info][gc,ref] GC(3) O: Final References:               0            0            0 
[108.353s][info][gc,ref] GC(3) O: Phantom References:             1            1            0 
Phase 6: Checking results...
Alive weak references after GC: 0 / 150000000
[123.617s][info][gc,stats] === Garbage Collection Statistics =======================================================================================================================
[123.617s][info][gc,stats]                                                              Last 10s              Last 10m              Last 10h                Total
[123.617s][info][gc,stats]                                                              Avg / Max             Avg / Max             Avg / Max             Avg / Max
[123.617s][info][gc,stats]        Contention: Mark Segment Reset Contention                     0 / 0                 0 / 26                0 / 26                0 / 26          ops/s
[123.617s][info][gc,stats]        Contention: Mark SeqNum Reset Contention                      0 / 0                 0 / 5                 0 / 5                 0 / 5           ops/s
[123.617s][info][gc,stats]          Critical: Allocation Stall                                  0 / 0                 0 / 0                 0 / 0                 0 / 0           ops/s
[123.617s][info][gc,stats]          Critical: Allocation Stall                              0.000 / 0.000         0.000 / 0.000         0.000 / 0.000         0.000 / 0.000       ms
[123.617s][info][gc,stats]          Critical: JNI Critical Stall                                0 / 0                 0 / 0                 0 / 0                 0 / 0           ops/s
[123.617s][info][gc,stats]          Critical: JNI Critical Stall                            0.000 / 0.000         0.000 / 0.000         0.000 / 0.000         0.000 / 0.000       ms
[123.617s][info][gc,stats]          Critical: Relocation Stall                                  0 / 0                 0 / 0                 0 / 0                 0 / 0           ops/s
[123.617s][info][gc,stats]          Critical: Relocation Stall                              0.000 / 0.000         0.000 / 0.000         0.000 / 0.000         0.000 / 0.000       ms
[123.617s][info][gc,stats]  Major Collection: Major Collection                              0.000 / 0.000     31225.559 / 47406.354 31225.559 / 47406.354 31225.559 / 47406.354   ms
[123.617s][info][gc,stats]            Memory: Allocation Rate                                   0 / 0               104 / 1192            104 / 1192            104 / 1192        MB/s
[123.617s][info][gc,stats]            Memory: Defragment                                        0 / 0                 0 / 0                 0 / 0                 0 / 0           ops/s
[123.617s][info][gc,stats]            Memory: Mapped Cache Harvest                              0 / 0                 0 / 0                 0 / 0                 0 / 0           MB/s
[123.617s][info][gc,stats]            Memory: Out Of Memory                                     0 / 0                 0 / 0                 0 / 0                 0 / 0           ops/s
[123.617s][info][gc,stats]            Memory: Uncommit                                          0 / 0                 0 / 0                 0 / 0                 0 / 0           MB/s
[123.617s][info][gc,stats]            Memory: Undo Object Allocation Failed                     0 / 0                 0 / 0                 0 / 0                 0 / 0           ops/s
[123.617s][info][gc,stats]            Memory: Undo Object Allocation Succeeded                  0 / 0                 0 / 0                 0 / 0                 0 / 0           ops/s
[123.617s][info][gc,stats]            Memory: Undo Page Allocation                              0 / 0                 0 / 0                 0 / 0                 0 / 0           ops/s
[123.617s][info][gc,stats]  Minor Collection: Minor Collection                              0.000 / 0.000     26202.341 / 26202.341 26202.341 / 26202.341 26202.341 / 26202.341   ms
[123.617s][info][gc,stats]    Old Generation: Old Generation                                0.000 / 0.000     19663.864 / 32363.772 19663.864 / 32363.772 19663.864 / 32363.772   ms
[123.617s][info][gc,stats]         Old Pause: Pause Mark End                                0.000 / 0.000         0.010 / 0.013         0.010 / 0.013         0.010 / 0.013       ms
[123.617s][info][gc,stats]         Old Pause: Pause Relocate Start                          0.000 / 0.000         0.011 / 0.013         0.011 / 0.013         0.011 / 0.013       ms
[123.617s][info][gc,stats]         Old Phase: Concurrent Mark                               0.000 / 0.000      8739.765 / 26218.653  8739.765 / 26218.653  8739.765 / 26218.653   ms
[123.617s][info][gc,stats]         Old Phase: Concurrent Mark Continue                      0.000 / 0.000         0.000 / 0.000         0.000 / 0.000         0.000 / 0.000       ms
[123.617s][info][gc,stats]         Old Phase: Concurrent Mark Free                          0.000 / 0.000         0.001 / 0.003         0.001 / 0.003         0.001 / 0.003       ms
[123.617s][info][gc,stats]         Old Phase: Concurrent Process Non-Strong                 0.000 / 0.000      1983.936 / 5947.152   1983.936 / 5947.152   1983.936 / 5947.152    ms
[123.618s][info][gc,stats]         Old Phase: Concurrent Relocate                           0.000 / 0.000         0.281 / 0.673         0.281 / 0.673         0.281 / 0.673       ms
[123.618s][info][gc,stats]         Old Phase: Concurrent Remap Roots                        0.000 / 0.000       205.325 / 418.758     205.325 / 418.758     205.325 / 418.758     ms
[123.618s][info][gc,stats]         Old Phase: Concurrent Reset Relocation Set               0.000 / 0.000         0.000 / 0.000         0.000 / 0.000         0.000 / 0.000       ms
[123.618s][info][gc,stats]         Old Phase: Concurrent Select Relocation Set              0.000 / 0.000         0.309 / 0.444         0.309 / 0.444         0.309 / 0.444       ms
[123.618s][info][gc,stats]      Old Subphase: Concurrent Classes Purge                      0.000 / 0.000         0.161 / 0.464         0.161 / 0.464         0.161 / 0.464       ms
[123.618s][info][gc,stats]      Old Subphase: Concurrent Classes Unlink                     0.000 / 0.000         1.368 / 1.996         1.368 / 1.996         1.368 / 1.996       ms
[123.618s][info][gc,stats]      Old Subphase: Concurrent Mark Follow                        0.000 / 0.000      8739.631 / 26218.546  8739.631 / 26218.546  8739.631 / 26218.546   ms
[123.618s][info][gc,stats]      Old Subphase: Concurrent Mark Root Colored                  0.000 / 0.000         0.042 / 0.089         0.042 / 0.089         0.042 / 0.089       ms
[123.618s][info][gc,stats]      Old Subphase: Concurrent Mark Root Uncolored                0.000 / 0.000         0.034 / 0.094         0.034 / 0.094         0.034 / 0.094       ms
[123.618s][info][gc,stats]      Old Subphase: Concurrent Mark Roots                         0.000 / 0.000         0.126 / 0.202         0.126 / 0.202         0.126 / 0.202       ms
[123.618s][info][gc,stats]      Old Subphase: Concurrent References Enqueue                 0.000 / 0.000         0.002 / 0.006         0.002 / 0.006         0.002 / 0.006       ms
[123.618s][info][gc,stats]      Old Subphase: Concurrent References Process                 0.000 / 0.000      1982.016 / 5945.998   1982.016 / 5945.998   1982.016 / 5945.998    ms
[123.618s][info][gc,stats]      Old Subphase: Concurrent Remap Remembered                   0.000 / 0.000       112.315 / 418.179     112.315 / 418.179     112.315 / 418.179     ms
[123.618s][info][gc,stats]      Old Subphase: Concurrent Remap Roots Colored                0.000 / 0.000         0.258 / 0.360         0.258 / 0.360         0.258 / 0.360       ms
[123.618s][info][gc,stats]      Old Subphase: Concurrent Remap Roots Uncolored              0.000 / 0.000         0.193 / 0.214         0.193 / 0.214         0.193 / 0.214       ms
[123.618s][info][gc,stats]      Old Subphase: Concurrent Roots ClassLoaderDataGraph         0.000 / 0.000         0.139 / 0.333         0.139 / 0.333         0.139 / 0.333       ms
[123.618s][info][gc,stats]      Old Subphase: Concurrent Roots CodeCache                    0.000 / 0.000         0.191 / 0.211         0.191 / 0.211         0.191 / 0.211       ms
[123.618s][info][gc,stats]      Old Subphase: Concurrent Roots JavaThreads                  0.000 / 0.000         0.014 / 0.094         0.014 / 0.094         0.014 / 0.094       ms
[123.618s][info][gc,stats]      Old Subphase: Concurrent Roots OopStorageSet                0.000 / 0.000         0.004 / 0.014         0.004 / 0.014         0.004 / 0.014       ms
[123.618s][info][gc,stats]      Old Subphase: Concurrent Weak Roots OopStorageSet           0.000 / 0.000         0.092 / 0.457         0.092 / 0.457         0.092 / 0.457       ms
[123.618s][info][gc,stats]            System: Java Threads                                      0 / 0                11 / 11               11 / 11               11 / 11          threads
[123.618s][info][gc,stats]  Young Generation: Young Generation                              0.000 / 0.000      6796.859 / 15074.667  6796.859 / 15074.667  6796.859 / 15074.667   ms
[123.618s][info][gc,stats]  Young Generation: Young Generation                              0.000 / 0.000     26202.296 / 26202.296 26202.296 / 26202.296 26202.296 / 26202.296   ms
[123.618s][info][gc,stats]  Young Generation: Young Generation (Collect Roots)              0.000 / 0.000      1097.028 / 1097.028   1097.028 / 1097.028   1097.028 / 1097.028    ms
[123.618s][info][gc,stats]  Young Generation: Young Generation (Promote All)                0.000 / 0.000     13945.391 / 13945.391 13945.391 / 13945.391 13945.391 / 13945.391   ms
[123.618s][info][gc,stats]       Young Pause: Pause Mark End                                0.000 / 0.000         0.013 / 0.014         0.013 / 0.014         0.013 / 0.014       ms
[123.618s][info][gc,stats]       Young Pause: Pause Mark Start                              0.000 / 0.000         0.016 / 0.017         0.016 / 0.017         0.016 / 0.017       ms
[123.618s][info][gc,stats]       Young Pause: Pause Mark Start (Major)                      0.000 / 0.000         0.023 / 0.039         0.023 / 0.039         0.023 / 0.039       ms
[123.618s][info][gc,stats]       Young Pause: Pause Relocate Start                          0.000 / 0.000         0.008 / 0.012         0.008 / 0.012         0.008 / 0.012       ms
[123.618s][info][gc,stats]       Young Phase: Concurrent Mark                               0.000 / 0.000      9435.530 / 25020.997  9435.530 / 25020.997  9435.530 / 25020.997   ms
[123.618s][info][gc,stats]       Young Phase: Concurrent Mark Continue                      0.000 / 0.000         0.000 / 0.000         0.000 / 0.000         0.000 / 0.000       ms
[123.618s][info][gc,stats]       Young Phase: Concurrent Mark Free                          0.000 / 0.000         0.003 / 0.007         0.003 / 0.007         0.003 / 0.007       ms
[123.618s][info][gc,stats]       Young Phase: Concurrent Relocate                           0.000 / 0.000       599.051 / 1962.957    599.051 / 1962.957    599.051 / 1962.957    ms
[123.618s][info][gc,stats]       Young Phase: Concurrent Reset Relocation Set               0.000 / 0.000         0.266 / 0.749         0.266 / 0.749         0.266 / 0.749       ms
[123.618s][info][gc,stats]       Young Phase: Concurrent Select Relocation Set              0.000 / 0.000       237.430 / 553.884     237.430 / 553.884     237.430 / 553.884     ms
[123.618s][info][gc,stats]    Young Subphase: Concurrent Mark Follow                        0.000 / 0.000      9434.735 / 25020.388  9434.735 / 25020.388  9434.735 / 25020.388   ms
[123.618s][info][gc,stats]    Young Subphase: Concurrent Mark Root Colored                  0.000 / 0.000         0.472 / 0.954         0.472 / 0.954         0.472 / 0.954       ms
[123.618s][info][gc,stats]    Young Subphase: Concurrent Mark Root Uncolored                0.000 / 0.000         0.285 / 0.349         0.285 / 0.349         0.285 / 0.349       ms
[123.618s][info][gc,stats]    Young Subphase: Concurrent Mark Roots                         0.000 / 0.000         0.793 / 1.253         0.793 / 1.253         0.793 / 1.253       ms
[123.618s][info][gc,stats]    Young Subphase: Concurrent Relocate Remset FP                 0.000 / 0.000       597.811 / 1959.894    597.811 / 1959.894    597.811 / 1959.894    ms
[123.618s][info][gc,stats]    Young Subphase: Concurrent Roots ClassLoaderDataGraph         0.000 / 0.000         0.329 / 0.822         0.329 / 0.822         0.329 / 0.822       ms
[123.618s][info][gc,stats]    Young Subphase: Concurrent Roots CodeCache                    0.000 / 0.000         0.252 / 0.313         0.252 / 0.313         0.252 / 0.313       ms
[123.618s][info][gc,stats]    Young Subphase: Concurrent Roots JavaThreads                  0.000 / 0.000         0.017 / 0.109         0.017 / 0.109         0.017 / 0.109       ms
[123.618s][info][gc,stats]    Young Subphase: Concurrent Roots OopStorageSet                0.000 / 0.000         0.025 / 0.164         0.025 / 0.164         0.025 / 0.164       ms
[123.618s][info][gc,stats]    Young Subphase: Concurrent Weak Roots OopStorageSet           0.000 / 0.000         0.122 / 0.473         0.122 / 0.473         0.122 / 0.473       ms
[123.618s][info][gc,stats] =========================================================================================================================================================
