
=== Instance 3/8, outer iteration 89/300 (Variant sep_only) ===

Affinity: allowed=24,25,26,27,28,29,30,31,32,33,34,35 jvm=24,25,26,27,28,29,30,31,32,33 aux=34,35
Benchmark args: 150000000
Command: /gorilla/home/fredrha/SimplifyingWeakRefs/build/variant-images/sep_only-linux-x86_64-server-release/jdk/bin/java -Xms32g -Xmx32g -XX:+UseZGC -Xlog:gc+stats,gc+ref -XX:InitialTenuringThreshold=1 -XX:MaxTenuringThreshold=1 -XX:NativeMemoryTracking=summary /gorilla/home/fredrha/SimplifyingWeakRefs/test/weakrefs/WeakRefSingleObjectBenchmark.java 150000000

[0.004s][info][gc,ref] Reference Processor created, Config: Separate list
WeakRefSingleObjectBenchmark: weakRefCount=150000000 sleepMillis=500
Phase 1: Allocating the single target object...
Phase 2: Allocating 150000000 WeakReferences in random order...
[22.434s][info][gc,ref] GC(0) O:                           Encountered       Discovered Cleared/Enqueued 
[22.434s][info][gc,ref] GC(0) O: Soft References:                  238                0                0 
[22.434s][info][gc,ref] GC(0) O: Weak References:                 1330                0                0 
[22.434s][info][gc,ref] GC(0) O: Weak (No Queue):             21086310                0                0 
[22.434s][info][gc,ref] GC(0) O: Final References:                   0                0                0 
[22.434s][info][gc,ref] GC(0) O: Phantom References:                 1                0                0 
Allocated 150000000 weak ref holders in 15.08 seconds
Phase 3: Sleeping for 500 ms (strong ref still held)...
Phase 4: Releasing the strong reference to the target object...
Phase 5: Triggering GC...
[65.398s][info][gc,ref] GC(1) O:                           Encountered       Discovered Cleared/Enqueued 
[65.398s][info][gc,ref] GC(1) O: Soft References:                  238                0                0 
[65.398s][info][gc,ref] GC(1) O: Weak References:                 1330                0                0 
[65.398s][info][gc,ref] GC(1) O: Weak (No Queue):            128685304                0                0 
[65.398s][info][gc,ref] GC(1) O: Final References:                   0                0                0 
[65.398s][info][gc,ref] GC(1) O: Phantom References:                 1                0                0 
[112.050s][info][gc,ref] GC(3) O:                           Encountered       Discovered Cleared/Enqueued 
[112.050s][info][gc,ref] GC(3) O: Soft References:                  238                0                0 
[112.050s][info][gc,ref] GC(3) O: Weak References:                 1330              399              330 
[112.050s][info][gc,ref] GC(3) O: Weak (No Queue):            150000003        150000000        150000000 
[112.050s][info][gc,ref] GC(3) O: Final References:                   0                0                0 
[112.050s][info][gc,ref] GC(3) O: Phantom References:                 1                0                0 
Phase 6: Checking results...
Alive weak references after GC: 0 / 150000000
[127.996s][info][gc,stats] === Garbage Collection Statistics =======================================================================================================================
[127.996s][info][gc,stats]                                                              Last 10s              Last 10m              Last 10h                Total
[127.996s][info][gc,stats]                                                              Avg / Max             Avg / Max             Avg / Max             Avg / Max
[127.996s][info][gc,stats]        Contention: Mark Segment Reset Contention                     0 / 0                 0 / 26                0 / 26                0 / 26          ops/s
[127.996s][info][gc,stats]        Contention: Mark SeqNum Reset Contention                      0 / 0                 0 / 5                 0 / 5                 0 / 5           ops/s
[127.996s][info][gc,stats]          Critical: Allocation Stall                                  0 / 0                 0 / 0                 0 / 0                 0 / 0           ops/s
[127.996s][info][gc,stats]          Critical: Allocation Stall                              0.000 / 0.000         0.000 / 0.000         0.000 / 0.000         0.000 / 0.000       ms
[127.996s][info][gc,stats]          Critical: JNI Critical Stall                                0 / 0                 0 / 0                 0 / 0                 0 / 0           ops/s
[127.996s][info][gc,stats]          Critical: JNI Critical Stall                            0.000 / 0.000         0.000 / 0.000         0.000 / 0.000         0.000 / 0.000       ms
[127.996s][info][gc,stats]          Critical: Relocation Stall                                  0 / 0                 0 / 0                 0 / 0                 0 / 0           ops/s
[127.996s][info][gc,stats]          Critical: Relocation Stall                              0.000 / 0.000         0.000 / 0.000         0.000 / 0.000         0.000 / 0.000       ms
[127.996s][info][gc,stats]  Major Collection: Major Collection                              0.000 / 0.000     32665.077 / 46652.107 32665.077 / 46652.107 32665.077 / 46652.107   ms
[127.996s][info][gc,stats]            Memory: Allocation Rate                                   0 / 0               101 / 1754            101 / 1754            101 / 1754        MB/s
[127.996s][info][gc,stats]            Memory: Defragment                                        0 / 0                 0 / 0                 0 / 0                 0 / 0           ops/s
[127.996s][info][gc,stats]            Memory: Mapped Cache Harvest                              0 / 0                 0 / 0                 0 / 0                 0 / 0           MB/s
[127.996s][info][gc,stats]            Memory: Out Of Memory                                     0 / 0                 0 / 0                 0 / 0                 0 / 0           ops/s
[127.996s][info][gc,stats]            Memory: Uncommit                                          0 / 0                 0 / 0                 0 / 0                 0 / 0           MB/s
[127.996s][info][gc,stats]            Memory: Undo Object Allocation Failed                     0 / 0                 0 / 0                 0 / 0                 0 / 0           ops/s
[127.996s][info][gc,stats]            Memory: Undo Object Allocation Succeeded                  0 / 0                 0 / 0                 0 / 0                 0 / 0           ops/s
[127.996s][info][gc,stats]            Memory: Undo Page Allocation                              0 / 0                 0 / 0                 0 / 0                 0 / 0           ops/s
[127.996s][info][gc,stats]  Minor Collection: Minor Collection                              0.000 / 0.000     22787.851 / 22787.851 22787.851 / 22787.851 22787.851 / 22787.851   ms
[127.996s][info][gc,stats]    Old Generation: Old Generation                                0.000 / 0.000     21658.056 / 41750.021 21658.056 / 41750.021 21658.056 / 41750.021   ms
[127.996s][info][gc,stats]         Old Pause: Pause Mark End                                0.000 / 0.000         0.012 / 0.016         0.012 / 0.016         0.012 / 0.016       ms
[127.996s][info][gc,stats]         Old Pause: Pause Relocate Start                          0.000 / 0.000         0.016 / 0.024         0.016 / 0.024         0.016 / 0.024       ms
[127.996s][info][gc,stats]         Old Phase: Concurrent Mark                               0.000 / 0.000     11051.098 / 33152.724 11051.098 / 33152.724 11051.098 / 33152.724   ms
[127.996s][info][gc,stats]         Old Phase: Concurrent Mark Continue                      0.000 / 0.000         0.000 / 0.000         0.000 / 0.000         0.000 / 0.000       ms
[127.996s][info][gc,stats]         Old Phase: Concurrent Mark Free                          0.000 / 0.000         0.004 / 0.011         0.004 / 0.011         0.004 / 0.011       ms
[127.996s][info][gc,stats]         Old Phase: Concurrent Process Non-Strong                 0.000 / 0.000      2793.704 / 8376.671   2793.704 / 8376.671   2793.704 / 8376.671    ms
[127.996s][info][gc,stats]         Old Phase: Concurrent Relocate                           0.000 / 0.000         0.483 / 1.306         0.483 / 1.306         0.483 / 1.306       ms
[127.996s][info][gc,stats]         Old Phase: Concurrent Remap Roots                        0.000 / 0.000       216.332 / 429.619     216.332 / 429.619     216.332 / 429.619     ms
[127.996s][info][gc,stats]         Old Phase: Concurrent Reset Relocation Set               0.000 / 0.000         0.000 / 0.001         0.000 / 0.001         0.000 / 0.001       ms
[127.996s][info][gc,stats]         Old Phase: Concurrent Select Relocation Set              0.000 / 0.000         0.320 / 0.421         0.320 / 0.421         0.320 / 0.421       ms
[127.996s][info][gc,stats]      Old Subphase: Concurrent Classes Purge                      0.000 / 0.000         0.135 / 0.387         0.135 / 0.387         0.135 / 0.387       ms
[127.996s][info][gc,stats]      Old Subphase: Concurrent Classes Unlink                     0.000 / 0.000         1.440 / 2.003         1.440 / 2.003         1.440 / 2.003       ms
[127.996s][info][gc,stats]      Old Subphase: Concurrent Mark Follow                        0.000 / 0.000     11050.979 / 33152.615 11050.979 / 33152.615 11050.979 / 33152.615   ms
[127.996s][info][gc,stats]      Old Subphase: Concurrent Mark Root Colored                  0.000 / 0.000         0.040 / 0.087         0.040 / 0.087         0.040 / 0.087       ms
[127.996s][info][gc,stats]      Old Subphase: Concurrent Mark Root Uncolored                0.000 / 0.000         0.031 / 0.093         0.031 / 0.093         0.031 / 0.093       ms
[127.996s][info][gc,stats]      Old Subphase: Concurrent Mark Roots                         0.000 / 0.000         0.116 / 0.165         0.116 / 0.165         0.116 / 0.165       ms
[127.996s][info][gc,stats]      Old Subphase: Concurrent References Enqueue                 0.000 / 0.000         0.001 / 0.004         0.001 / 0.004         0.001 / 0.004       ms
[127.996s][info][gc,stats]      Old Subphase: Concurrent References Process                 0.000 / 0.000      2791.878 / 8375.586   2791.878 / 8375.586   2791.878 / 8375.586    ms
[127.996s][info][gc,stats]      Old Subphase: Concurrent Remap Remembered                   0.000 / 0.000       120.811 / 429.182     120.811 / 429.182     120.811 / 429.182     ms
[127.996s][info][gc,stats]      Old Subphase: Concurrent Remap Roots Colored                0.000 / 0.000         0.216 / 0.435         0.216 / 0.435         0.216 / 0.435       ms
[127.996s][info][gc,stats]      Old Subphase: Concurrent Remap Roots Uncolored              0.000 / 0.000         0.208 / 0.237         0.208 / 0.237         0.208 / 0.237       ms
[127.996s][info][gc,stats]      Old Subphase: Concurrent Roots ClassLoaderDataGraph         0.000 / 0.000         0.118 / 0.412         0.118 / 0.412         0.118 / 0.412       ms
[127.996s][info][gc,stats]      Old Subphase: Concurrent Roots CodeCache                    0.000 / 0.000         0.207 / 0.235         0.207 / 0.235         0.207 / 0.235       ms
[127.996s][info][gc,stats]      Old Subphase: Concurrent Roots JavaThreads                  0.000 / 0.000         0.013 / 0.093         0.013 / 0.093         0.013 / 0.093       ms
[127.996s][info][gc,stats]      Old Subphase: Concurrent Roots OopStorageSet                0.000 / 0.000         0.004 / 0.014         0.004 / 0.014         0.004 / 0.014       ms
[127.996s][info][gc,stats]      Old Subphase: Concurrent Weak Roots OopStorageSet           0.000 / 0.000         0.055 / 0.167         0.055 / 0.167         0.055 / 0.167       ms
[127.996s][info][gc,stats]            System: Java Threads                                      0 / 0                11 / 11               11 / 11               11 / 11          threads
[127.996s][info][gc,stats]  Young Generation: Young Generation                              0.000 / 0.000      9485.495 / 19739.754  9485.495 / 19739.754  9485.495 / 19739.754   ms
[127.997s][info][gc,stats]  Young Generation: Young Generation                              0.000 / 0.000     22787.806 / 22787.806 22787.806 / 22787.806 22787.806 / 22787.806   ms
[127.997s][info][gc,stats]  Young Generation: Young Generation (Collect Roots)              0.000 / 0.000       281.260 / 281.260     281.260 / 281.260     281.260 / 281.260     ms
[127.997s][info][gc,stats]  Young Generation: Young Generation (Promote All)                0.000 / 0.000      4620.684 / 4620.684   4620.684 / 4620.684   4620.684 / 4620.684    ms
[127.997s][info][gc,stats]       Young Pause: Pause Mark End                                0.000 / 0.000         0.014 / 0.015         0.014 / 0.015         0.014 / 0.015       ms
[127.997s][info][gc,stats]       Young Pause: Pause Mark Start                              0.000 / 0.000         0.020 / 0.025         0.020 / 0.025         0.020 / 0.025       ms
[127.997s][info][gc,stats]       Young Pause: Pause Mark Start (Major)                      0.000 / 0.000         0.022 / 0.030         0.022 / 0.030         0.022 / 0.030       ms
[127.997s][info][gc,stats]       Young Pause: Pause Relocate Start                          0.000 / 0.000         0.009 / 0.015         0.009 / 0.015         0.009 / 0.015       ms
[127.997s][info][gc,stats]       Young Phase: Concurrent Mark                               0.000 / 0.000      8528.559 / 20625.035  8528.559 / 20625.035  8528.559 / 20625.035   ms
[127.997s][info][gc,stats]       Young Phase: Concurrent Mark Continue                      0.000 / 0.000         0.000 / 0.000         0.000 / 0.000         0.000 / 0.000       ms
[127.997s][info][gc,stats]       Young Phase: Concurrent Mark Free                          0.000 / 0.000         0.005 / 0.011         0.005 / 0.011         0.005 / 0.011       ms
[127.997s][info][gc,stats]       Young Phase: Concurrent Relocate                           0.000 / 0.000       586.429 / 1916.776    586.429 / 1916.776    586.429 / 1916.776    ms
[127.997s][info][gc,stats]       Young Phase: Concurrent Reset Relocation Set               0.000 / 0.000         0.266 / 1.115         0.266 / 1.115         0.266 / 1.115       ms
[127.997s][info][gc,stats]       Young Phase: Concurrent Select Relocation Set              0.000 / 0.000       242.174 / 829.425     242.174 / 829.425     242.174 / 829.425     ms
[127.997s][info][gc,stats]    Young Subphase: Concurrent Mark Follow                        0.000 / 0.000      8527.834 / 20624.437  8527.834 / 20624.437  8527.834 / 20624.437   ms
[127.997s][info][gc,stats]    Young Subphase: Concurrent Mark Root Colored                  0.000 / 0.000         0.424 / 0.945         0.424 / 0.945         0.424 / 0.945       ms
[127.997s][info][gc,stats]    Young Subphase: Concurrent Mark Root Uncolored                0.000 / 0.000         0.261 / 0.363         0.261 / 0.363         0.261 / 0.363       ms
[127.997s][info][gc,stats]    Young Subphase: Concurrent Mark Roots                         0.000 / 0.000         0.722 / 1.361         0.722 / 1.361         0.722 / 1.361       ms
[127.997s][info][gc,stats]    Young Subphase: Concurrent Relocate Remset FP                 0.000 / 0.000       585.372 / 1914.471    585.372 / 1914.471    585.372 / 1914.471    ms
[127.997s][info][gc,stats]    Young Subphase: Concurrent Roots ClassLoaderDataGraph         0.000 / 0.000         0.291 / 0.448         0.291 / 0.448         0.291 / 0.448       ms
[127.997s][info][gc,stats]    Young Subphase: Concurrent Roots CodeCache                    0.000 / 0.000         0.227 / 0.303         0.227 / 0.303         0.227 / 0.303       ms
[127.997s][info][gc,stats]    Young Subphase: Concurrent Roots JavaThreads                  0.000 / 0.000         0.018 / 0.120         0.018 / 0.120         0.018 / 0.120       ms
[127.997s][info][gc,stats]    Young Subphase: Concurrent Roots OopStorageSet                0.000 / 0.000         0.029 / 0.252         0.029 / 0.252         0.029 / 0.252       ms
[127.997s][info][gc,stats]    Young Subphase: Concurrent Weak Roots OopStorageSet           0.000 / 0.000         0.110 / 0.489         0.110 / 0.489         0.110 / 0.489       ms
[127.997s][info][gc,stats] =========================================================================================================================================================
