
=== Instance 1/8, outer iteration 5/300 (Variant none) ===

Affinity: allowed=0,1,2,3,4,5,6,7,8,9,10,11 jvm=0,1,2,3,4,5,6,7,8,9 aux=10,11
Benchmark args: 150000000
Command: /gorilla/home/fredrha/SimplifyingWeakRefs/build/variant-images/none-linux-x86_64-server-release/jdk/bin/java -Xms32g -Xmx32g -XX:+UseZGC -Xlog:gc+stats,gc+ref -XX:InitialTenuringThreshold=1 -XX:MaxTenuringThreshold=1 -XX:NativeMemoryTracking=summary /gorilla/home/fredrha/SimplifyingWeakRefs/test/weakrefs/WeakRefSingleObjectBenchmark.java 150000000

WeakRefSingleObjectBenchmark: weakRefCount=150000000 sleepMillis=500
Phase 1: Allocating the single target object...
Phase 2: Allocating 150000000 WeakReferences in random order...
[18.813s][info][gc,ref] GC(0) O:                       Encountered   Discovered     Enqueued 
[18.813s][info][gc,ref] GC(0) O: Soft References:              238            0            0 
[18.813s][info][gc,ref] GC(0) O: Weak References:         21103135            0            0 
[18.813s][info][gc,ref] GC(0) O: Final References:               0            0            0 
[18.813s][info][gc,ref] GC(0) O: Phantom References:             1            0            0 
Allocated 150000000 weak ref holders in 15.02 seconds
Phase 3: Sleeping for 500 ms (strong ref still held)...
Phase 4: Releasing the strong reference to the target object...
Phase 5: Triggering GC...
[60.075s][info][gc,ref] GC(1) O:                       Encountered   Discovered     Enqueued 
[60.075s][info][gc,ref] GC(1) O: Soft References:              238            0            0 
[60.075s][info][gc,ref] GC(1) O: Weak References:         74407812            0            0 
[60.075s][info][gc,ref] GC(1) O: Final References:               0            0            0 
[60.075s][info][gc,ref] GC(1) O: Phantom References:             1            0            0 
[107.913s][info][gc,ref] GC(3) O:                       Encountered   Discovered     Enqueued 
[107.913s][info][gc,ref] GC(3) O: Soft References:              238            0            0 
[107.913s][info][gc,ref] GC(3) O: Weak References:        150001333    150000416    150000330 
[107.913s][info][gc,ref] GC(3) O: Final References:               0            0            0 
[107.913s][info][gc,ref] GC(3) O: Phantom References:             1            0            0 
Phase 6: Checking results...
Alive weak references after GC: 0 / 150000000
[127.286s][info][gc,stats] === Garbage Collection Statistics =======================================================================================================================
[127.286s][info][gc,stats]                                                              Last 10s              Last 10m              Last 10h                Total
[127.286s][info][gc,stats]                                                              Avg / Max             Avg / Max             Avg / Max             Avg / Max
[127.286s][info][gc,stats]        Contention: Mark Segment Reset Contention                     0 / 0                 0 / 50                0 / 50                0 / 50          ops/s
[127.286s][info][gc,stats]        Contention: Mark SeqNum Reset Contention                      0 / 0                 0 / 4                 0 / 4                 0 / 4           ops/s
[127.286s][info][gc,stats]          Critical: Allocation Stall                                  0 / 0                 0 / 0                 0 / 0                 0 / 0           ops/s
[127.286s][info][gc,stats]          Critical: Allocation Stall                              0.000 / 0.000         0.000 / 0.000         0.000 / 0.000         0.000 / 0.000       ms
[127.286s][info][gc,stats]          Critical: JNI Critical Stall                                0 / 0                 0 / 0                 0 / 0                 0 / 0           ops/s
[127.286s][info][gc,stats]          Critical: JNI Critical Stall                            0.000 / 0.000         0.000 / 0.000         0.000 / 0.000         0.000 / 0.000       ms
[127.286s][info][gc,stats]          Critical: Relocation Stall                                  0 / 0                 0 / 0                 0 / 0                 0 / 0           ops/s
[127.286s][info][gc,stats]          Critical: Relocation Stall                              0.000 / 0.000         0.000 / 0.000         0.000 / 0.000         0.000 / 0.000       ms
[127.286s][info][gc,stats]  Major Collection: Major Collection                              0.000 / 0.000     31084.518 / 47837.940 31084.518 / 47837.940 31084.518 / 47837.940   ms
[127.286s][info][gc,stats]            Memory: Allocation Rate                                   0 / 0               102 / 1186            102 / 1186            102 / 1186        MB/s
[127.286s][info][gc,stats]            Memory: Defragment                                        0 / 0                 0 / 0                 0 / 0                 0 / 0           ops/s
[127.286s][info][gc,stats]            Memory: Mapped Cache Harvest                              0 / 0                 0 / 0                 0 / 0                 0 / 0           MB/s
[127.286s][info][gc,stats]            Memory: Out Of Memory                                     0 / 0                 0 / 0                 0 / 0                 0 / 0           ops/s
[127.286s][info][gc,stats]            Memory: Uncommit                                          0 / 0                 0 / 0                 0 / 0                 0 / 0           MB/s
[127.286s][info][gc,stats]            Memory: Undo Object Allocation Failed                     0 / 0                 0 / 0                 0 / 0                 0 / 0           ops/s
[127.286s][info][gc,stats]            Memory: Undo Object Allocation Succeeded                  0 / 0                 0 / 1                 0 / 1                 0 / 1           ops/s
[127.286s][info][gc,stats]            Memory: Undo Page Allocation                              0 / 0                 0 / 0                 0 / 0                 0 / 0           ops/s
[127.286s][info][gc,stats]  Minor Collection: Minor Collection                              0.000 / 0.000     21611.472 / 21611.472 21611.472 / 21611.472 21611.472 / 21611.472   ms
[127.286s][info][gc,stats]    Old Generation: Old Generation                                0.000 / 0.000     18243.123 / 32669.079 18243.123 / 32669.079 18243.123 / 32669.079   ms
[127.286s][info][gc,stats]         Old Pause: Pause Mark End                                0.000 / 0.000         0.010 / 0.013         0.010 / 0.013         0.010 / 0.013       ms
[127.286s][info][gc,stats]         Old Pause: Pause Relocate Start                          0.000 / 0.000         0.011 / 0.014         0.011 / 0.014         0.011 / 0.014       ms
[127.286s][info][gc,stats]         Old Phase: Concurrent Mark                               0.000 / 0.000      7663.113 / 22988.770  7663.113 / 22988.770  7663.113 / 22988.770   ms
[127.286s][info][gc,stats]         Old Phase: Concurrent Mark Continue                      0.000 / 0.000         0.000 / 0.000         0.000 / 0.000         0.000 / 0.000       ms
[127.286s][info][gc,stats]         Old Phase: Concurrent Mark Free                          0.000 / 0.000         0.001 / 0.003         0.001 / 0.003         0.001 / 0.003       ms
[127.286s][info][gc,stats]         Old Phase: Concurrent Process Non-Strong                 0.000 / 0.000      3152.341 / 9453.055   3152.341 / 9453.055   3152.341 / 9453.055    ms
[127.286s][info][gc,stats]         Old Phase: Concurrent Relocate                           0.000 / 0.000         0.458 / 1.285         0.458 / 1.285         0.458 / 1.285       ms
[127.286s][info][gc,stats]         Old Phase: Concurrent Remap Roots                        0.000 / 0.000       222.874 / 442.860     222.874 / 442.860     222.874 / 442.860     ms
[127.286s][info][gc,stats]         Old Phase: Concurrent Reset Relocation Set               0.000 / 0.000         0.000 / 0.000         0.000 / 0.000         0.000 / 0.000       ms
[127.286s][info][gc,stats]         Old Phase: Concurrent Select Relocation Set              0.000 / 0.000         0.317 / 0.472         0.317 / 0.472         0.317 / 0.472       ms
[127.286s][info][gc,stats]      Old Subphase: Concurrent Classes Purge                      0.000 / 0.000         0.102 / 0.290         0.102 / 0.290         0.102 / 0.290       ms
[127.286s][info][gc,stats]      Old Subphase: Concurrent Classes Unlink                     0.000 / 0.000         1.303 / 1.965         1.303 / 1.965         1.303 / 1.965       ms
[127.286s][info][gc,stats]      Old Subphase: Concurrent Mark Follow                        0.000 / 0.000      7662.990 / 22988.645  7662.990 / 22988.645  7662.990 / 22988.645   ms
[127.286s][info][gc,stats]      Old Subphase: Concurrent Mark Root Colored                  0.000 / 0.000         0.043 / 0.085         0.043 / 0.085         0.043 / 0.085       ms
[127.286s][info][gc,stats]      Old Subphase: Concurrent Mark Root Uncolored                0.000 / 0.000         0.031 / 0.105         0.031 / 0.105         0.031 / 0.105       ms
[127.286s][info][gc,stats]      Old Subphase: Concurrent Mark Roots                         0.000 / 0.000         0.114 / 0.173         0.114 / 0.173         0.114 / 0.173       ms
[127.286s][info][gc,stats]      Old Subphase: Concurrent References Enqueue                 0.000 / 0.000         0.001 / 0.003         0.001 / 0.003         0.001 / 0.003       ms
[127.286s][info][gc,stats]      Old Subphase: Concurrent References Process                 0.000 / 0.000      3150.699 / 9452.065   3150.699 / 9452.065   3150.699 / 9452.065    ms
[127.286s][info][gc,stats]      Old Subphase: Concurrent Remap Remembered                   0.000 / 0.000       124.502 / 442.508     124.502 / 442.508     124.502 / 442.508     ms
[127.286s][info][gc,stats]      Old Subphase: Concurrent Remap Roots Colored                0.000 / 0.000         0.214 / 0.393         0.214 / 0.393         0.214 / 0.393       ms
[127.286s][info][gc,stats]      Old Subphase: Concurrent Remap Roots Uncolored              0.000 / 0.000         0.133 / 0.155         0.133 / 0.155         0.133 / 0.155       ms
[127.286s][info][gc,stats]      Old Subphase: Concurrent Roots ClassLoaderDataGraph         0.000 / 0.000         0.122 / 0.372         0.122 / 0.372         0.122 / 0.372       ms
[127.286s][info][gc,stats]      Old Subphase: Concurrent Roots CodeCache                    0.000 / 0.000         0.132 / 0.154         0.132 / 0.154         0.132 / 0.154       ms
[127.286s][info][gc,stats]      Old Subphase: Concurrent Roots JavaThreads                  0.000 / 0.000         0.012 / 0.105         0.012 / 0.105         0.012 / 0.105       ms
[127.286s][info][gc,stats]      Old Subphase: Concurrent Roots OopStorageSet                0.000 / 0.000         0.004 / 0.016         0.004 / 0.016         0.004 / 0.016       ms
[127.286s][info][gc,stats]      Old Subphase: Concurrent Weak Roots OopStorageSet           0.000 / 0.000         0.057 / 0.204         0.057 / 0.204         0.057 / 0.204       ms
[127.286s][info][gc,stats]            System: Java Threads                                      0 / 0                11 / 11               11 / 11               11 / 11          threads
[127.286s][info][gc,stats]  Young Generation: Young Generation                              0.000 / 0.000      8025.907 / 19198.911  8025.907 / 19198.911  8025.907 / 19198.911   ms
[127.286s][info][gc,stats]  Young Generation: Young Generation                              0.000 / 0.000     21611.423 / 21611.423 21611.423 / 21611.423 21611.423 / 21611.423   ms
[127.286s][info][gc,stats]  Young Generation: Young Generation (Collect Roots)              0.000 / 0.000      1170.743 / 1170.743   1170.743 / 1170.743   1170.743 / 1170.743    ms
[127.286s][info][gc,stats]  Young Generation: Young Generation (Promote All)                0.000 / 0.000     13997.980 / 13997.980 13997.980 / 13997.980 13997.980 / 13997.980   ms
[127.286s][info][gc,stats]       Young Pause: Pause Mark End                                0.000 / 0.000         0.014 / 0.014         0.014 / 0.014         0.014 / 0.014       ms
[127.286s][info][gc,stats]       Young Pause: Pause Mark Start                              0.000 / 0.000         0.015 / 0.017         0.015 / 0.017         0.015 / 0.017       ms
[127.286s][info][gc,stats]       Young Pause: Pause Mark Start (Major)                      0.000 / 0.000         0.020 / 0.031         0.020 / 0.031         0.020 / 0.031       ms
[127.286s][info][gc,stats]       Young Pause: Pause Relocate Start                          0.000 / 0.000         0.009 / 0.014         0.009 / 0.014         0.009 / 0.014       ms
[127.286s][info][gc,stats]       Young Phase: Concurrent Mark                               0.000 / 0.000      9313.679 / 20534.552  9313.679 / 20534.552  9313.679 / 20534.552   ms
[127.286s][info][gc,stats]       Young Phase: Concurrent Mark Continue                      0.000 / 0.000         0.000 / 0.000         0.000 / 0.000         0.000 / 0.000       ms
[127.286s][info][gc,stats]       Young Phase: Concurrent Mark Free                          0.000 / 0.000         0.003 / 0.009         0.003 / 0.009         0.003 / 0.009       ms
[127.286s][info][gc,stats]       Young Phase: Concurrent Relocate                           0.000 / 0.000       592.196 / 1949.112    592.196 / 1949.112    592.196 / 1949.112    ms
[127.286s][info][gc,stats]       Young Phase: Concurrent Reset Relocation Set               0.000 / 0.000         0.269 / 0.775         0.269 / 0.775         0.269 / 0.775       ms
[127.286s][info][gc,stats]       Young Phase: Concurrent Select Relocation Set              0.000 / 0.000       236.593 / 584.274     236.593 / 584.274     236.593 / 584.274     ms
[127.286s][info][gc,stats]    Young Subphase: Concurrent Mark Follow                        0.000 / 0.000      9312.986 / 20533.946  9312.986 / 20533.946  9312.986 / 20533.946   ms
[127.286s][info][gc,stats]    Young Subphase: Concurrent Mark Root Colored                  0.000 / 0.000         0.384 / 0.857         0.384 / 0.857         0.384 / 0.857       ms
[127.286s][info][gc,stats]    Young Subphase: Concurrent Mark Root Uncolored                0.000 / 0.000         0.276 / 0.352         0.276 / 0.352         0.276 / 0.352       ms
[127.286s][info][gc,stats]    Young Subphase: Concurrent Mark Roots                         0.000 / 0.000         0.691 / 1.232         0.691 / 1.232         0.691 / 1.232       ms
[127.286s][info][gc,stats]    Young Subphase: Concurrent Relocate Remset FP                 0.000 / 0.000       591.043 / 1946.839    591.043 / 1946.839    591.043 / 1946.839    ms
[127.286s][info][gc,stats]    Young Subphase: Concurrent Roots ClassLoaderDataGraph         0.000 / 0.000         0.262 / 0.436         0.262 / 0.436         0.262 / 0.436       ms
[127.286s][info][gc,stats]    Young Subphase: Concurrent Roots CodeCache                    0.000 / 0.000         0.247 / 0.317         0.247 / 0.317         0.247 / 0.317       ms
[127.286s][info][gc,stats]    Young Subphase: Concurrent Roots JavaThreads                  0.000 / 0.000         0.015 / 0.106         0.015 / 0.106         0.015 / 0.106       ms
[127.286s][info][gc,stats]    Young Subphase: Concurrent Roots OopStorageSet                0.000 / 0.000         0.026 / 0.157         0.026 / 0.157         0.026 / 0.157       ms
[127.286s][info][gc,stats]    Young Subphase: Concurrent Weak Roots OopStorageSet           0.000 / 0.000         0.101 / 0.441         0.101 / 0.441         0.101 / 0.441       ms
[127.286s][info][gc,stats] =========================================================================================================================================================
