
=== Instance 2/8, outer iteration 51/300 (Variant weak_fields) ===

Affinity: allowed=12,13,14,15,16,17,18,19,20,21,22,23 jvm=12,13,14,15,16,17,18,19,20,21 aux=22,23
Benchmark args: 150000000
Command: /gorilla/home/fredrha/SimplifyingWeakRefs/build/variant-images/weak_fields-linux-x86_64-server-release/jdk/bin/java -Xms32g -Xmx32g -XX:+UseZGC -Xlog:gc+stats,gc+ref -XX:InitialTenuringThreshold=1 -XX:MaxTenuringThreshold=1 -XX:NativeMemoryTracking=summary /gorilla/home/fredrha/SimplifyingWeakRefs/test/weakrefs/WeakFieldSingleObjectBenchmark.java 150000000

[0.004s][info][gc,ref] Reference Processor created, Config: Weak field discovery
WeakFieldSingleObjectBenchmark: weakRefCount=150000000 sleepMillis=500
Phase 1: Allocating the single target object...
Phase 2: Allocating 150000000 weak holders in random order...
Allocated 150000000 weak holders in 8.08 seconds
Phase 3: Sleeping for 500 ms (strong ref still held)...
Phase 4: Releasing the strong reference to the target object...
Phase 5: Triggering GC...
[26.349s][info][gc,ref] GC(0) O:                       Encountered   Discovered      Cleared 
[26.349s][info][gc,ref] GC(0) O: Soft References:              238            0            0 
[26.349s][info][gc,ref] GC(0) O: Weak References:             1339            0            0 
[26.349s][info][gc,ref] GC(0) O: Weak Fields:             63050063            0            0 
[26.349s][info][gc,ref] GC(0) O: Final References:               0            0            0 
[26.349s][info][gc,ref] GC(0) O: Phantom References:             1            0            0 
[68.321s][info][gc,ref] GC(1) O:                       Encountered   Discovered      Cleared 
[68.321s][info][gc,ref] GC(1) O: Soft References:              238            0            0 
[68.321s][info][gc,ref] GC(1) O: Weak References:             1339          503          332 
[68.321s][info][gc,ref] GC(1) O: Weak Fields:            150000000    150000000    150000000 
[68.321s][info][gc,ref] GC(1) O: Final References:               0            0            0 
[68.321s][info][gc,ref] GC(1) O: Phantom References:             1            0            0 
Phase 6: Checking results...
Alive weak holders after GC: 0 / 150000000
[81.880s][info][gc,stats] === Garbage Collection Statistics =======================================================================================================================
[81.880s][info][gc,stats]                                                              Last 10s              Last 10m              Last 10h                Total
[81.880s][info][gc,stats]                                                              Avg / Max             Avg / Max             Avg / Max             Avg / Max
[81.880s][info][gc,stats]        Contention: Mark Segment Reset Contention                     0 / 0                 0 / 27                0 / 27                0 / 27          ops/s
[81.880s][info][gc,stats]        Contention: Mark SeqNum Reset Contention                      0 / 0                 0 / 5                 0 / 5                 0 / 5           ops/s
[81.880s][info][gc,stats]          Critical: Allocation Stall                                  0 / 0                 0 / 0                 0 / 0                 0 / 0           ops/s
[81.880s][info][gc,stats]          Critical: Allocation Stall                              0.000 / 0.000         0.000 / 0.000         0.000 / 0.000         0.000 / 0.000       ms
[81.880s][info][gc,stats]          Critical: JNI Critical Stall                                0 / 0                 0 / 0                 0 / 0                 0 / 0           ops/s
[81.880s][info][gc,stats]          Critical: JNI Critical Stall                            0.000 / 0.000         0.000 / 0.000         0.000 / 0.000         0.000 / 0.000       ms
[81.880s][info][gc,stats]          Critical: Relocation Stall                                  0 / 0                 0 / 0                 0 / 0                 0 / 0           ops/s
[81.880s][info][gc,stats]          Critical: Relocation Stall                              0.000 / 0.000         0.000 / 0.000         0.000 / 0.000         0.000 / 0.000       ms
[81.880s][info][gc,stats]  Major Collection: Major Collection                              0.000 / 0.000     26766.008 / 41971.590 26766.008 / 41971.590 26766.008 / 41971.590   ms
[81.880s][info][gc,stats]            Memory: Allocation Rate                                   0 / 0                71 / 1190             71 / 1190             71 / 1190        MB/s
[81.880s][info][gc,stats]            Memory: Defragment                                        0 / 0                 0 / 0                 0 / 0                 0 / 0           ops/s
[81.880s][info][gc,stats]            Memory: Mapped Cache Harvest                              0 / 0                 0 / 0                 0 / 0                 0 / 0           MB/s
[81.880s][info][gc,stats]            Memory: Out Of Memory                                     0 / 0                 0 / 0                 0 / 0                 0 / 0           ops/s
[81.880s][info][gc,stats]            Memory: Uncommit                                          0 / 0                 0 / 0                 0 / 0                 0 / 0           MB/s
[81.880s][info][gc,stats]            Memory: Undo Object Allocation Failed                     0 / 0                 0 / 0                 0 / 0                 0 / 0           ops/s
[81.880s][info][gc,stats]            Memory: Undo Object Allocation Succeeded                  0 / 0                 0 / 0                 0 / 0                 0 / 0           ops/s
[81.880s][info][gc,stats]            Memory: Undo Page Allocation                              0 / 0                 0 / 0                 0 / 0                 0 / 0           ops/s
[81.880s][info][gc,stats]  Minor Collection: Minor Collection                              0.000 / 0.000         0.000 / 0.000         0.000 / 0.000         0.000 / 0.000       ms
[81.880s][info][gc,stats]    Old Generation: Old Generation                                0.000 / 0.000      9416.043 / 18829.128  9416.043 / 18829.128  9416.043 / 18829.128   ms
[81.880s][info][gc,stats]         Old Pause: Pause Mark End                                0.000 / 0.000         0.010 / 0.013         0.010 / 0.013         0.010 / 0.013       ms
[81.880s][info][gc,stats]         Old Pause: Pause Relocate Start                          0.000 / 0.000         0.009 / 0.012         0.009 / 0.012         0.009 / 0.012       ms
[81.880s][info][gc,stats]         Old Phase: Concurrent Mark                               0.000 / 0.000      7454.072 / 14907.923  7454.072 / 14907.923  7454.072 / 14907.923   ms
[81.880s][info][gc,stats]         Old Phase: Concurrent Mark Continue                      0.000 / 0.000         0.000 / 0.000         0.000 / 0.000         0.000 / 0.000       ms
[81.880s][info][gc,stats]         Old Phase: Concurrent Mark Free                          0.000 / 0.000         0.005 / 0.010         0.005 / 0.010         0.005 / 0.010       ms
[81.880s][info][gc,stats]         Old Phase: Concurrent Process Non-Strong                 0.000 / 0.000      1959.408 / 3916.949   1959.408 / 3916.949   1959.408 / 3916.949    ms
[81.880s][info][gc,stats]         Old Phase: Concurrent Relocate                           0.000 / 0.000         0.732 / 1.436         0.732 / 1.436         0.732 / 1.436       ms
[81.880s][info][gc,stats]         Old Phase: Concurrent Remap Roots                        0.000 / 0.000         1.516 / 2.443         1.516 / 2.443         1.516 / 2.443       ms
[81.880s][info][gc,stats]         Old Phase: Concurrent Reset Relocation Set               0.000 / 0.000         0.000 / 0.001         0.000 / 0.001         0.000 / 0.001       ms
[81.880s][info][gc,stats]         Old Phase: Concurrent Select Relocation Set              0.000 / 0.000         0.236 / 0.274         0.236 / 0.274         0.236 / 0.274       ms
[81.880s][info][gc,stats]      Old Subphase: Concurrent Classes Purge                      0.000 / 0.000         0.147 / 0.279         0.147 / 0.279         0.147 / 0.279       ms
[81.880s][info][gc,stats]      Old Subphase: Concurrent Classes Unlink                     0.000 / 0.000         1.061 / 1.243         1.061 / 1.243         1.061 / 1.243       ms
[81.880s][info][gc,stats]      Old Subphase: Concurrent Mark Follow                        0.000 / 0.000      7453.956 / 14907.806  7453.956 / 14907.806  7453.956 / 14907.806   ms
[81.880s][info][gc,stats]      Old Subphase: Concurrent Mark Root Colored                  0.000 / 0.000         0.041 / 0.097         0.041 / 0.097         0.041 / 0.097       ms
[81.880s][info][gc,stats]      Old Subphase: Concurrent Mark Root Uncolored                0.000 / 0.000         0.036 / 0.063         0.036 / 0.063         0.036 / 0.063       ms
[81.880s][info][gc,stats]      Old Subphase: Concurrent Mark Roots                         0.000 / 0.000         0.114 / 0.114         0.114 / 0.114         0.114 / 0.114       ms
[81.880s][info][gc,stats]      Old Subphase: Concurrent References Enqueue                 0.000 / 0.000         0.002 / 0.004         0.002 / 0.004         0.002 / 0.004       ms
[81.880s][info][gc,stats]      Old Subphase: Concurrent References Process                 0.000 / 0.000      1957.876 / 3915.740   1957.876 / 3915.740   1957.876 / 3915.740    ms
[81.880s][info][gc,stats]      Old Subphase: Concurrent Remap Remembered                   0.000 / 0.000         1.077 / 2.152         1.077 / 2.152         1.077 / 2.152       ms
[81.880s][info][gc,stats]      Old Subphase: Concurrent Remap Roots Colored                0.000 / 0.000         0.227 / 0.391         0.227 / 0.391         0.227 / 0.391       ms
[81.880s][info][gc,stats]      Old Subphase: Concurrent Remap Roots Uncolored              0.000 / 0.000         0.190 / 0.205         0.190 / 0.205         0.190 / 0.205       ms
[81.880s][info][gc,stats]      Old Subphase: Concurrent Roots ClassLoaderDataGraph         0.000 / 0.000         0.125 / 0.365         0.125 / 0.365         0.125 / 0.365       ms
[81.880s][info][gc,stats]      Old Subphase: Concurrent Roots CodeCache                    0.000 / 0.000         0.189 / 0.203         0.189 / 0.203         0.189 / 0.203       ms
[81.880s][info][gc,stats]      Old Subphase: Concurrent Roots JavaThreads                  0.000 / 0.000         0.015 / 0.062         0.015 / 0.062         0.015 / 0.062       ms
[81.880s][info][gc,stats]      Old Subphase: Concurrent Roots OopStorageSet                0.000 / 0.000         0.006 / 0.016         0.006 / 0.016         0.006 / 0.016       ms
[81.880s][info][gc,stats]      Old Subphase: Concurrent Weak Roots OopStorageSet           0.000 / 0.000         0.079 / 0.264         0.079 / 0.264         0.079 / 0.264       ms
[81.880s][info][gc,stats]            System: Java Threads                                      0 / 0                11 / 11               11 / 11               11 / 11          threads
[81.880s][info][gc,stats]  Young Generation: Young Generation                              0.000 / 0.000     11557.354 / 11557.354 11557.354 / 11557.354 11557.354 / 11557.354   ms
[81.880s][info][gc,stats]  Young Generation: Young Generation                              0.000 / 0.000         0.000 / 0.000         0.000 / 0.000         0.000 / 0.000       ms
[81.880s][info][gc,stats]  Young Generation: Young Generation (Collect Roots)              0.000 / 0.000         4.157 / 4.157         4.157 / 4.157         4.157 / 4.157       ms
[81.880s][info][gc,stats]  Young Generation: Young Generation (Promote All)                0.000 / 0.000     23138.191 / 23138.191 23138.191 / 23138.191 23138.191 / 23138.191   ms
[81.880s][info][gc,stats]       Young Pause: Pause Mark End                                0.000 / 0.000         0.013 / 0.014         0.013 / 0.014         0.013 / 0.014       ms
[81.880s][info][gc,stats]       Young Pause: Pause Mark Start                              0.000 / 0.000         0.011 / 0.011         0.011 / 0.011         0.011 / 0.011       ms
[81.880s][info][gc,stats]       Young Pause: Pause Mark Start (Major)                      0.000 / 0.000         0.027 / 0.034         0.027 / 0.034         0.027 / 0.034       ms
[81.880s][info][gc,stats]       Young Pause: Pause Relocate Start                          0.000 / 0.000         0.008 / 0.015         0.008 / 0.015         0.008 / 0.015       ms
[81.880s][info][gc,stats]       Young Phase: Concurrent Mark                               0.000 / 0.000     10826.821 / 20923.594 10826.821 / 20923.594 10826.821 / 20923.594   ms
[81.880s][info][gc,stats]       Young Phase: Concurrent Mark Continue                      0.000 / 0.000         0.000 / 0.000         0.000 / 0.000         0.000 / 0.000       ms
[81.880s][info][gc,stats]       Young Phase: Concurrent Mark Free                          0.000 / 0.000         0.005 / 0.008         0.005 / 0.008         0.005 / 0.008       ms
[81.880s][info][gc,stats]       Young Phase: Concurrent Relocate                           0.000 / 0.000       500.019 / 1497.547    500.019 / 1497.547    500.019 / 1497.547    ms
[81.880s][info][gc,stats]       Young Phase: Concurrent Reset Relocation Set               0.000 / 0.000         0.189 / 0.561         0.189 / 0.561         0.189 / 0.561       ms
[81.880s][info][gc,stats]       Young Phase: Concurrent Select Relocation Set              0.000 / 0.000       239.332 / 716.863     239.332 / 716.863     239.332 / 716.863     ms
[81.880s][info][gc,stats]    Young Subphase: Concurrent Mark Follow                        0.000 / 0.000     10825.868 / 20922.657 10825.868 / 20922.657 10825.868 / 20922.657   ms
[81.880s][info][gc,stats]    Young Subphase: Concurrent Mark Root Colored                  0.000 / 0.000         0.602 / 0.855         0.602 / 0.855         0.602 / 0.855       ms
[81.880s][info][gc,stats]    Young Subphase: Concurrent Mark Root Uncolored                0.000 / 0.000         0.308 / 0.383         0.308 / 0.383         0.308 / 0.383       ms
[81.880s][info][gc,stats]    Young Subphase: Concurrent Mark Roots                         0.000 / 0.000         0.950 / 1.296         0.950 / 1.296         0.950 / 1.296       ms
[81.880s][info][gc,stats]    Young Subphase: Concurrent Relocate Remset FP                 0.000 / 0.000       498.296 / 1494.860    498.296 / 1494.860    498.296 / 1494.860    ms
[81.880s][info][gc,stats]    Young Subphase: Concurrent Roots ClassLoaderDataGraph         0.000 / 0.000         0.367 / 0.488         0.367 / 0.488         0.367 / 0.488       ms
[81.880s][info][gc,stats]    Young Subphase: Concurrent Roots CodeCache                    0.000 / 0.000         0.261 / 0.305         0.261 / 0.305         0.261 / 0.305       ms
[81.880s][info][gc,stats]    Young Subphase: Concurrent Roots JavaThreads                  0.000 / 0.000         0.024 / 0.122         0.024 / 0.122         0.024 / 0.122       ms
[81.880s][info][gc,stats]    Young Subphase: Concurrent Roots OopStorageSet                0.000 / 0.000         0.061 / 0.156         0.061 / 0.156         0.061 / 0.156       ms
[81.880s][info][gc,stats]    Young Subphase: Concurrent Weak Roots OopStorageSet           0.000 / 0.000         0.185 / 0.433         0.185 / 0.433         0.185 / 0.433       ms
[81.880s][info][gc,stats] =========================================================================================================================================================
