
=== Instance 6/8, outer iteration 196/300 (Variant all) ===

Affinity: allowed=12,13,14,15,16,17,18,19,20,21,22,23 jvm=12,13,14,15,16,17,18,19,20,21 aux=22,23
Benchmark args: 150000000
Command: /gorilla/home/fredrha/SimplifyingWeakRefs/build/variant-images/all-linux-x86_64-server-release/jdk/bin/java -Xms32g -Xmx32g -XX:+UseZGC -Xlog:gc+stats,gc+ref -XX:InitialTenuringThreshold=1 -XX:MaxTenuringThreshold=1 -XX:NativeMemoryTracking=summary /gorilla/home/fredrha/SimplifyingWeakRefs/test/weakrefs/WeakRefSingleObjectBenchmark.java 150000000

[0.004s][info][gc,ref] Reference Processor created, Config: All optimisations
WeakRefSingleObjectBenchmark: weakRefCount=150000000 sleepMillis=500
Phase 1: Allocating the single target object...
Phase 2: Allocating 150000000 WeakReferences in random order...
[23.056s][info][gc,ref] GC(0) O:                           Encountered       Discovered Cleared/Enqueued 
[23.056s][info][gc,ref] GC(0) O: Soft References:                  238                0                0 
[23.056s][info][gc,ref] GC(0) O: Weak References:                 1330                0                0 
[23.056s][info][gc,ref] GC(0) O: Weak (No Queue):             21076412                0                0 
[23.056s][info][gc,ref] GC(0) O: Final References:                   0                0                0 
[23.056s][info][gc,ref] GC(0) O: Phantom References:                 1                0                0 
Allocated 150000000 weak ref holders in 15.05 seconds
Phase 3: Sleeping for 500 ms (strong ref still held)...
Phase 4: Releasing the strong reference to the target object...
Phase 5: Triggering GC...
[70.050s][info][gc,ref] GC(1) O:                           Encountered       Discovered Cleared/Enqueued 
[70.050s][info][gc,ref] GC(1) O: Soft References:                  238                0                0 
[70.050s][info][gc,ref] GC(1) O: Weak References:                 1330                0                0 
[70.050s][info][gc,ref] GC(1) O: Weak (No Queue):            130550005                0                0 
[70.050s][info][gc,ref] GC(1) O: Final References:                   0                0                0 
[70.050s][info][gc,ref] GC(1) O: Phantom References:                 1                0                0 
[102.041s][info][gc,ref] GC(3) O:                           Encountered       Discovered Cleared/Enqueued 
[102.041s][info][gc,ref] GC(3) O: Soft References:                  238                0                0 
[102.041s][info][gc,ref] GC(3) O: Weak References:                 1330              850              330 
[102.041s][info][gc,ref] GC(3) O: Weak (No Queue):            150000003        150000000        150000000 
[102.041s][info][gc,ref] GC(3) O: Final References:                   0                0                0 
[102.041s][info][gc,ref] GC(3) O: Phantom References:                 1                1                0 
Phase 6: Checking results...
Alive weak references after GC: 0 / 150000000
[115.222s][info][gc,stats] === Garbage Collection Statistics =======================================================================================================================
[115.222s][info][gc,stats]                                                              Last 10s              Last 10m              Last 10h                Total
[115.222s][info][gc,stats]                                                              Avg / Max             Avg / Max             Avg / Max             Avg / Max
[115.222s][info][gc,stats]        Contention: Mark Segment Reset Contention                     0 / 0                 0 / 37                0 / 37                0 / 37          ops/s
[115.222s][info][gc,stats]        Contention: Mark SeqNum Reset Contention                      0 / 0                 0 / 7                 0 / 7                 0 / 7           ops/s
[115.222s][info][gc,stats]          Critical: Allocation Stall                                  0 / 0                 0 / 0                 0 / 0                 0 / 0           ops/s
[115.222s][info][gc,stats]          Critical: Allocation Stall                              0.000 / 0.000         0.000 / 0.000         0.000 / 0.000         0.000 / 0.000       ms
[115.222s][info][gc,stats]          Critical: JNI Critical Stall                                0 / 0                 0 / 0                 0 / 0                 0 / 0           ops/s
[115.222s][info][gc,stats]          Critical: JNI Critical Stall                            0.000 / 0.000         0.000 / 0.000         0.000 / 0.000         0.000 / 0.000       ms
[115.222s][info][gc,stats]          Critical: Relocation Stall                                  0 / 0                 0 / 0                 0 / 0                 0 / 0           ops/s
[115.222s][info][gc,stats]          Critical: Relocation Stall                              0.000 / 0.000         0.000 / 0.000         0.000 / 0.000         0.000 / 0.000       ms
[115.222s][info][gc,stats]  Major Collection: Major Collection                              0.000 / 0.000     29160.765 / 46990.053 29160.765 / 46990.053 29160.765 / 46990.053   ms
[115.222s][info][gc,stats]            Memory: Allocation Rate                                   0 / 0               113 / 1188            113 / 1188            113 / 1188        MB/s
[115.222s][info][gc,stats]            Memory: Defragment                                        0 / 0                 0 / 0                 0 / 0                 0 / 0           ops/s
[115.222s][info][gc,stats]            Memory: Mapped Cache Harvest                              0 / 0                 0 / 0                 0 / 0                 0 / 0           MB/s
[115.222s][info][gc,stats]            Memory: Out Of Memory                                     0 / 0                 0 / 0                 0 / 0                 0 / 0           ops/s
[115.222s][info][gc,stats]            Memory: Uncommit                                          0 / 0                 0 / 0                 0 / 0                 0 / 0           MB/s
[115.222s][info][gc,stats]            Memory: Undo Object Allocation Failed                     0 / 0                 0 / 0                 0 / 0                 0 / 0           ops/s
[115.222s][info][gc,stats]            Memory: Undo Object Allocation Succeeded                  0 / 0                 0 / 0                 0 / 0                 0 / 0           ops/s
[115.222s][info][gc,stats]            Memory: Undo Page Allocation                              0 / 0                 0 / 0                 0 / 0                 0 / 0           ops/s
[115.222s][info][gc,stats]  Minor Collection: Minor Collection                              0.000 / 0.000     26512.949 / 26512.949 26512.949 / 26512.949 26512.949 / 26512.949   ms
[115.222s][info][gc,stats]    Old Generation: Old Generation                                0.000 / 0.000     18146.990 / 27501.728 18146.990 / 27501.728 18146.990 / 27501.728   ms
[115.222s][info][gc,stats]         Old Pause: Pause Mark End                                0.000 / 0.000         0.011 / 0.015         0.011 / 0.015         0.011 / 0.015       ms
[115.222s][info][gc,stats]         Old Pause: Pause Relocate Start                          0.000 / 0.000         0.012 / 0.014         0.012 / 0.014         0.012 / 0.014       ms
[115.222s][info][gc,stats]         Old Phase: Concurrent Mark                               0.000 / 0.000      8017.589 / 24052.116  8017.589 / 24052.116  8017.589 / 24052.116   ms
[115.222s][info][gc,stats]         Old Phase: Concurrent Mark Continue                      0.000 / 0.000         0.000 / 0.000         0.000 / 0.000         0.000 / 0.000       ms
[115.222s][info][gc,stats]         Old Phase: Concurrent Mark Free                          0.000 / 0.000         0.003 / 0.007         0.003 / 0.007         0.003 / 0.007       ms
[115.222s][info][gc,stats]         Old Phase: Concurrent Process Non-Strong                 0.000 / 0.000      1075.476 / 3221.987   1075.476 / 3221.987   1075.476 / 3221.987    ms
[115.222s][info][gc,stats]         Old Phase: Concurrent Relocate                           0.000 / 0.000         0.908 / 2.592         0.908 / 2.592         0.908 / 2.592       ms
[115.222s][info][gc,stats]         Old Phase: Concurrent Remap Roots                        0.000 / 0.000       214.888 / 419.507     214.888 / 419.507     214.888 / 419.507     ms
[115.222s][info][gc,stats]         Old Phase: Concurrent Reset Relocation Set               0.000 / 0.000         0.000 / 0.001         0.000 / 0.001         0.000 / 0.001       ms
[115.222s][info][gc,stats]         Old Phase: Concurrent Select Relocation Set              0.000 / 0.000         0.333 / 0.443         0.333 / 0.443         0.333 / 0.443       ms
[115.222s][info][gc,stats]      Old Subphase: Concurrent Classes Purge                      0.000 / 0.000         0.131 / 0.375         0.131 / 0.375         0.131 / 0.375       ms
[115.222s][info][gc,stats]      Old Subphase: Concurrent Classes Unlink                     0.000 / 0.000         1.423 / 1.978         1.423 / 1.978         1.423 / 1.978       ms
[115.222s][info][gc,stats]      Old Subphase: Concurrent Mark Follow                        0.000 / 0.000      8017.462 / 24052.005  8017.462 / 24052.005  8017.462 / 24052.005   ms
[115.222s][info][gc,stats]      Old Subphase: Concurrent Mark Root Colored                  0.000 / 0.000         0.045 / 0.092         0.045 / 0.092         0.045 / 0.092       ms
[115.222s][info][gc,stats]      Old Subphase: Concurrent Mark Root Uncolored                0.000 / 0.000         0.036 / 0.110         0.036 / 0.110         0.036 / 0.110       ms
[115.222s][info][gc,stats]      Old Subphase: Concurrent Mark Roots                         0.000 / 0.000         0.127 / 0.186         0.127 / 0.186         0.127 / 0.186       ms
[115.222s][info][gc,stats]      Old Subphase: Concurrent References Enqueue                 0.000 / 0.000         0.001 / 0.003         0.001 / 0.003         0.001 / 0.003       ms
[115.222s][info][gc,stats]      Old Subphase: Concurrent References Process                 0.000 / 0.000      1073.671 / 3220.965   1073.671 / 3220.965   1073.671 / 3220.965    ms
[115.222s][info][gc,stats]      Old Subphase: Concurrent Remap Remembered                   0.000 / 0.000       121.619 / 419.066     121.619 / 419.066     121.619 / 419.066     ms
[115.222s][info][gc,stats]      Old Subphase: Concurrent Remap Roots Colored                0.000 / 0.000         0.213 / 0.432         0.213 / 0.432         0.213 / 0.432       ms
[115.222s][info][gc,stats]      Old Subphase: Concurrent Remap Roots Uncolored              0.000 / 0.000         0.209 / 0.257         0.209 / 0.257         0.209 / 0.257       ms
[115.222s][info][gc,stats]      Old Subphase: Concurrent Roots ClassLoaderDataGraph         0.000 / 0.000         0.119 / 0.406         0.119 / 0.406         0.119 / 0.406       ms
[115.222s][info][gc,stats]      Old Subphase: Concurrent Roots CodeCache                    0.000 / 0.000         0.206 / 0.256         0.206 / 0.256         0.206 / 0.256       ms
[115.222s][info][gc,stats]      Old Subphase: Concurrent Roots JavaThreads                  0.000 / 0.000         0.015 / 0.110         0.015 / 0.110         0.015 / 0.110       ms
[115.222s][info][gc,stats]      Old Subphase: Concurrent Roots OopStorageSet                0.000 / 0.000         0.006 / 0.029         0.006 / 0.029         0.006 / 0.029       ms
[115.222s][info][gc,stats]      Old Subphase: Concurrent Weak Roots OopStorageSet           0.000 / 0.000         0.059 / 0.203         0.059 / 0.203         0.059 / 0.203       ms
[115.222s][info][gc,stats]            System: Java Threads                                      0 / 0                11 / 11               11 / 11               11 / 11          threads
[115.223s][info][gc,stats]  Young Generation: Young Generation                              0.000 / 0.000      9629.627 / 20054.358  9629.627 / 20054.358  9629.627 / 20054.358   ms
[115.223s][info][gc,stats]  Young Generation: Young Generation                              0.000 / 0.000     26512.902 / 26512.902 26512.902 / 26512.902 26512.902 / 26512.902   ms
[115.223s][info][gc,stats]  Young Generation: Young Generation (Collect Roots)              0.000 / 0.000       254.417 / 254.417     254.417 / 254.417     254.417 / 254.417     ms
[115.223s][info][gc,stats]  Young Generation: Young Generation (Promote All)                0.000 / 0.000      4234.681 / 4234.681   4234.681 / 4234.681   4234.681 / 4234.681    ms
[115.223s][info][gc,stats]       Young Pause: Pause Mark End                                0.000 / 0.000         0.014 / 0.015         0.014 / 0.015         0.014 / 0.015       ms
[115.223s][info][gc,stats]       Young Pause: Pause Mark Start                              0.000 / 0.000         0.020 / 0.025         0.020 / 0.025         0.020 / 0.025       ms
[115.223s][info][gc,stats]       Young Pause: Pause Mark Start (Major)                      0.000 / 0.000         0.021 / 0.033         0.021 / 0.033         0.021 / 0.033       ms
[115.223s][info][gc,stats]       Young Pause: Pause Relocate Start                          0.000 / 0.000         0.009 / 0.015         0.009 / 0.015         0.009 / 0.015       ms
[115.223s][info][gc,stats]       Young Phase: Concurrent Mark                               0.000 / 0.000      9149.522 / 24282.169  9149.522 / 24282.169  9149.522 / 24282.169   ms
[115.223s][info][gc,stats]       Young Phase: Concurrent Mark Continue                      0.000 / 0.000         0.000 / 0.000         0.000 / 0.000         0.000 / 0.000       ms
[115.223s][info][gc,stats]       Young Phase: Concurrent Mark Free                          0.000 / 0.000         0.006 / 0.011         0.006 / 0.011         0.006 / 0.011       ms
[115.223s][info][gc,stats]       Young Phase: Concurrent Relocate                           0.000 / 0.000       594.667 / 1941.371    594.667 / 1941.371    594.667 / 1941.371    ms
[115.223s][info][gc,stats]       Young Phase: Concurrent Reset Relocation Set               0.000 / 0.000         1.237 / 6.088         1.237 / 6.088         1.237 / 6.088       ms
[115.223s][info][gc,stats]       Young Phase: Concurrent Select Relocation Set              0.000 / 0.000       236.119 / 844.782     236.119 / 844.782     236.119 / 844.782     ms
[115.223s][info][gc,stats]    Young Subphase: Concurrent Mark Follow                        0.000 / 0.000      9148.780 / 24281.577  9148.780 / 24281.577  9148.780 / 24281.577   ms
[115.223s][info][gc,stats]    Young Subphase: Concurrent Mark Root Colored                  0.000 / 0.000         0.429 / 0.972         0.429 / 0.972         0.429 / 0.972       ms
[115.223s][info][gc,stats]    Young Subphase: Concurrent Mark Root Uncolored                0.000 / 0.000         0.273 / 0.366         0.273 / 0.366         0.273 / 0.366       ms
[115.223s][info][gc,stats]    Young Subphase: Concurrent Mark Roots                         0.000 / 0.000         0.740 / 1.396         0.740 / 1.396         0.740 / 1.396       ms
[115.223s][info][gc,stats]    Young Subphase: Concurrent Relocate Remset FP                 0.000 / 0.000       593.663 / 1937.952    593.663 / 1937.952    593.663 / 1937.952    ms
[115.223s][info][gc,stats]    Young Subphase: Concurrent Roots ClassLoaderDataGraph         0.000 / 0.000         0.287 / 0.470         0.287 / 0.470         0.287 / 0.470       ms
[115.223s][info][gc,stats]    Young Subphase: Concurrent Roots CodeCache                    0.000 / 0.000         0.240 / 0.297         0.240 / 0.297         0.240 / 0.297       ms
[115.223s][info][gc,stats]    Young Subphase: Concurrent Roots JavaThreads                  0.000 / 0.000         0.017 / 0.112         0.017 / 0.112         0.017 / 0.112       ms
[115.223s][info][gc,stats]    Young Subphase: Concurrent Roots OopStorageSet                0.000 / 0.000         0.034 / 0.219         0.034 / 0.219         0.034 / 0.219       ms
[115.223s][info][gc,stats]    Young Subphase: Concurrent Weak Roots OopStorageSet           0.000 / 0.000         0.116 / 0.496         0.116 / 0.496         0.116 / 0.496       ms
[115.223s][info][gc,stats] =========================================================================================================================================================
