
=== Instance 6/8, outer iteration 209/300 (Variant weak_fields) ===

Affinity: allowed=12,13,14,15,16,17,18,19,20,21,22,23 jvm=12,13,14,15,16,17,18,19,20,21 aux=22,23
Benchmark args: 150000000
Command: /gorilla/home/fredrha/SimplifyingWeakRefs/build/variant-images/weak_fields-linux-x86_64-server-release/jdk/bin/java -Xms32g -Xmx32g -XX:+UseZGC -Xlog:gc+stats,gc+ref -XX:InitialTenuringThreshold=1 -XX:MaxTenuringThreshold=1 -XX:NativeMemoryTracking=summary /gorilla/home/fredrha/SimplifyingWeakRefs/test/weakrefs/WeakFieldSingleObjectBenchmark.java 150000000

[0.004s][info][gc,ref] Reference Processor created, Config: Weak field discovery
WeakFieldSingleObjectBenchmark: weakRefCount=150000000 sleepMillis=500
Phase 1: Allocating the single target object...
Phase 2: Allocating 150000000 weak holders in random order...
Allocated 150000000 weak holders in 8.09 seconds
Phase 3: Sleeping for 500 ms (strong ref still held)...
Phase 4: Releasing the strong reference to the target object...
Phase 5: Triggering GC...
[28.277s][info][gc,ref] GC(0) O:                       Encountered   Discovered      Cleared 
[28.277s][info][gc,ref] GC(0) O: Soft References:              238            0            0 
[28.277s][info][gc,ref] GC(0) O: Weak References:             1339            0            0 
[28.277s][info][gc,ref] GC(0) O: Weak Fields:             63118895            0            0 
[28.277s][info][gc,ref] GC(0) O: Final References:               0            0            0 
[28.277s][info][gc,ref] GC(0) O: Phantom References:             1            0            0 
[65.676s][info][gc,ref] GC(1) O:                       Encountered   Discovered      Cleared 
[65.677s][info][gc,ref] GC(1) O: Soft References:              238            0            0 
[65.677s][info][gc,ref] GC(1) O: Weak References:             1339          919          332 
[65.677s][info][gc,ref] GC(1) O: Weak Fields:            150000000    150000000    150000000 
[65.677s][info][gc,ref] GC(1) O: Final References:               0            0            0 
[65.677s][info][gc,ref] GC(1) O: Phantom References:             1            1            0 
Phase 6: Checking results...
Alive weak holders after GC: 0 / 150000000
[79.521s][info][gc,stats] === Garbage Collection Statistics =======================================================================================================================
[79.521s][info][gc,stats]                                                              Last 10s              Last 10m              Last 10h                Total
[79.521s][info][gc,stats]                                                              Avg / Max             Avg / Max             Avg / Max             Avg / Max
[79.521s][info][gc,stats]        Contention: Mark Segment Reset Contention                     0 / 0                 0 / 54                0 / 54                0 / 54          ops/s
[79.521s][info][gc,stats]        Contention: Mark SeqNum Reset Contention                      0 / 0                 0 / 5                 0 / 5                 0 / 5           ops/s
[79.521s][info][gc,stats]          Critical: Allocation Stall                                  0 / 0                 0 / 0                 0 / 0                 0 / 0           ops/s
[79.521s][info][gc,stats]          Critical: Allocation Stall                              0.000 / 0.000         0.000 / 0.000         0.000 / 0.000         0.000 / 0.000       ms
[79.521s][info][gc,stats]          Critical: JNI Critical Stall                                0 / 0                 0 / 0                 0 / 0                 0 / 0           ops/s
[79.521s][info][gc,stats]          Critical: JNI Critical Stall                            0.000 / 0.000         0.000 / 0.000         0.000 / 0.000         0.000 / 0.000       ms
[79.521s][info][gc,stats]          Critical: Relocation Stall                                  0 / 0                 0 / 0                 0 / 0                 0 / 0           ops/s
[79.521s][info][gc,stats]          Critical: Relocation Stall                              0.000 / 0.000         0.000 / 0.000         0.000 / 0.000         0.000 / 0.000       ms
[79.521s][info][gc,stats]  Major Collection: Major Collection                              0.000 / 0.000     25485.060 / 37399.522 25485.060 / 37399.522 25485.060 / 37399.522   ms
[79.521s][info][gc,stats]            Memory: Allocation Rate                                   0 / 0                73 / 1192             73 / 1192             73 / 1192        MB/s
[79.521s][info][gc,stats]            Memory: Defragment                                        0 / 0                 0 / 0                 0 / 0                 0 / 0           ops/s
[79.521s][info][gc,stats]            Memory: Mapped Cache Harvest                              0 / 0                 0 / 0                 0 / 0                 0 / 0           MB/s
[79.521s][info][gc,stats]            Memory: Out Of Memory                                     0 / 0                 0 / 0                 0 / 0                 0 / 0           ops/s
[79.521s][info][gc,stats]            Memory: Uncommit                                          0 / 0                 0 / 0                 0 / 0                 0 / 0           MB/s
[79.521s][info][gc,stats]            Memory: Undo Object Allocation Failed                     0 / 0                 0 / 0                 0 / 0                 0 / 0           ops/s
[79.521s][info][gc,stats]            Memory: Undo Object Allocation Succeeded                  0 / 0                 0 / 0                 0 / 0                 0 / 0           ops/s
[79.521s][info][gc,stats]            Memory: Undo Page Allocation                              0 / 0                 0 / 0                 0 / 0                 0 / 0           ops/s
[79.521s][info][gc,stats]  Minor Collection: Minor Collection                              0.000 / 0.000         0.000 / 0.000         0.000 / 0.000         0.000 / 0.000       ms
[79.521s][info][gc,stats]    Old Generation: Old Generation                                0.000 / 0.000      9959.968 / 19916.834  9959.968 / 19916.834  9959.968 / 19916.834   ms
[79.521s][info][gc,stats]         Old Pause: Pause Mark End                                0.000 / 0.000         0.011 / 0.017         0.011 / 0.017         0.011 / 0.017       ms
[79.521s][info][gc,stats]         Old Pause: Pause Relocate Start                          0.000 / 0.000         0.010 / 0.012         0.010 / 0.012         0.010 / 0.012       ms
[79.521s][info][gc,stats]         Old Phase: Concurrent Mark                               0.000 / 0.000      7985.027 / 15969.834  7985.027 / 15969.834  7985.027 / 15969.834   ms
[79.521s][info][gc,stats]         Old Phase: Concurrent Mark Continue                      0.000 / 0.000         0.000 / 0.000         0.000 / 0.000         0.000 / 0.000       ms
[79.521s][info][gc,stats]         Old Phase: Concurrent Mark Free                          0.000 / 0.000         0.002 / 0.003         0.002 / 0.003         0.002 / 0.003       ms
[79.521s][info][gc,stats]         Old Phase: Concurrent Process Non-Strong                 0.000 / 0.000      1972.145 / 3942.234   1972.145 / 3942.234   1972.145 / 3942.234    ms
[79.521s][info][gc,stats]         Old Phase: Concurrent Relocate                           0.000 / 0.000         1.033 / 2.038         1.033 / 2.038         1.033 / 2.038       ms
[79.521s][info][gc,stats]         Old Phase: Concurrent Remap Roots                        0.000 / 0.000         1.460 / 2.338         1.460 / 2.338         1.460 / 2.338       ms
[79.521s][info][gc,stats]         Old Phase: Concurrent Reset Relocation Set               0.000 / 0.000         0.000 / 0.000         0.000 / 0.000         0.000 / 0.000       ms
[79.521s][info][gc,stats]         Old Phase: Concurrent Select Relocation Set              0.000 / 0.000         0.211 / 0.261         0.211 / 0.261         0.211 / 0.261       ms
[79.521s][info][gc,stats]      Old Subphase: Concurrent Classes Purge                      0.000 / 0.000         0.230 / 0.446         0.230 / 0.446         0.230 / 0.446       ms
[79.521s][info][gc,stats]      Old Subphase: Concurrent Classes Unlink                     0.000 / 0.000         1.011 / 1.260         1.011 / 1.260         1.011 / 1.260       ms
[79.521s][info][gc,stats]      Old Subphase: Concurrent Mark Follow                        0.000 / 0.000      7984.911 / 15969.728  7984.911 / 15969.728  7984.911 / 15969.728   ms
[79.521s][info][gc,stats]      Old Subphase: Concurrent Mark Root Colored                  0.000 / 0.000         0.038 / 0.084         0.038 / 0.084         0.038 / 0.084       ms
[79.521s][info][gc,stats]      Old Subphase: Concurrent Mark Root Uncolored                0.000 / 0.000         0.031 / 0.056         0.031 / 0.056         0.031 / 0.056       ms
[79.521s][info][gc,stats]      Old Subphase: Concurrent Mark Roots                         0.000 / 0.000         0.114 / 0.125         0.114 / 0.125         0.114 / 0.125       ms
[79.521s][info][gc,stats]      Old Subphase: Concurrent References Enqueue                 0.000 / 0.000         0.002 / 0.004         0.002 / 0.004         0.002 / 0.004       ms
[79.521s][info][gc,stats]      Old Subphase: Concurrent References Process                 0.000 / 0.000      1970.596 / 3941.177   1970.596 / 3941.177   1970.596 / 3941.177    ms
[79.521s][info][gc,stats]      Old Subphase: Concurrent Remap Remembered                   0.000 / 0.000         1.066 / 2.129         1.066 / 2.129         1.066 / 2.129       ms
[79.521s][info][gc,stats]      Old Subphase: Concurrent Remap Roots Colored                0.000 / 0.000         0.223 / 0.396         0.223 / 0.396         0.223 / 0.396       ms
[79.521s][info][gc,stats]      Old Subphase: Concurrent Remap Roots Uncolored              0.000 / 0.000         0.143 / 0.166         0.143 / 0.166         0.143 / 0.166       ms
[79.521s][info][gc,stats]      Old Subphase: Concurrent Roots ClassLoaderDataGraph         0.000 / 0.000         0.127 / 0.380         0.127 / 0.380         0.127 / 0.380       ms
[79.521s][info][gc,stats]      Old Subphase: Concurrent Roots CodeCache                    0.000 / 0.000         0.142 / 0.164         0.142 / 0.164         0.142 / 0.164       ms
[79.521s][info][gc,stats]      Old Subphase: Concurrent Roots JavaThreads                  0.000 / 0.000         0.011 / 0.056         0.011 / 0.056         0.011 / 0.056       ms
[79.521s][info][gc,stats]      Old Subphase: Concurrent Roots OopStorageSet                0.000 / 0.000         0.004 / 0.013         0.004 / 0.013         0.004 / 0.013       ms
[79.521s][info][gc,stats]      Old Subphase: Concurrent Weak Roots OopStorageSet           0.000 / 0.000         0.072 / 0.260         0.072 / 0.260         0.072 / 0.260       ms
[79.521s][info][gc,stats]            System: Java Threads                                      0 / 0                11 / 11               11 / 11               11 / 11          threads
[79.521s][info][gc,stats]  Young Generation: Young Generation                              0.000 / 0.000     13567.354 / 13567.354 13567.354 / 13567.354 13567.354 / 13567.354   ms
[79.521s][info][gc,stats]  Young Generation: Young Generation                              0.000 / 0.000         0.000 / 0.000         0.000 / 0.000         0.000 / 0.000       ms
[79.521s][info][gc,stats]  Young Generation: Young Generation (Collect Roots)              0.000 / 0.000         4.295 / 4.295         4.295 / 4.295         4.295 / 4.295       ms
[79.521s][info][gc,stats]  Young Generation: Young Generation (Promote All)                0.000 / 0.000     17478.245 / 17478.245 17478.245 / 17478.245 17478.245 / 17478.245   ms
[79.521s][info][gc,stats]       Young Pause: Pause Mark End                                0.000 / 0.000         0.010 / 0.012         0.010 / 0.012         0.010 / 0.012       ms
[79.521s][info][gc,stats]       Young Pause: Pause Mark Start                              0.000 / 0.000         0.013 / 0.013         0.013 / 0.013         0.013 / 0.013       ms
[79.521s][info][gc,stats]       Young Pause: Pause Mark Start (Major)                      0.000 / 0.000         0.028 / 0.032         0.028 / 0.032         0.028 / 0.032       ms
[79.521s][info][gc,stats]       Young Pause: Pause Relocate Start                          0.000 / 0.000         0.006 / 0.012         0.006 / 0.012         0.006 / 0.012       ms
[79.521s][info][gc,stats]       Young Phase: Concurrent Mark                               0.000 / 0.000      9605.595 / 15249.936  9605.595 / 15249.936  9605.595 / 15249.936   ms
[79.521s][info][gc,stats]       Young Phase: Concurrent Mark Continue                      0.000 / 0.000         0.000 / 0.000         0.000 / 0.000         0.000 / 0.000       ms
[79.521s][info][gc,stats]       Young Phase: Concurrent Mark Free                          0.000 / 0.000         0.002 / 0.004         0.002 / 0.004         0.002 / 0.004       ms
[79.521s][info][gc,stats]       Young Phase: Concurrent Relocate                           0.000 / 0.000       507.444 / 1519.683    507.444 / 1519.683    507.444 / 1519.683    ms
[79.521s][info][gc,stats]       Young Phase: Concurrent Reset Relocation Set               0.000 / 0.000         0.185 / 0.554         0.185 / 0.554         0.185 / 0.554       ms
[79.521s][info][gc,stats]       Young Phase: Concurrent Select Relocation Set              0.000 / 0.000       236.544 / 708.456     236.544 / 708.456     236.544 / 708.456     ms
[79.521s][info][gc,stats]    Young Subphase: Concurrent Mark Follow                        0.000 / 0.000      9604.548 / 15248.631  9604.548 / 15248.631  9604.548 / 15248.631   ms
[79.521s][info][gc,stats]    Young Subphase: Concurrent Mark Root Colored                  0.000 / 0.000         0.719 / 1.035         0.719 / 1.035         0.719 / 1.035       ms
[79.521s][info][gc,stats]    Young Subphase: Concurrent Mark Root Uncolored                0.000 / 0.000         0.285 / 0.360         0.285 / 0.360         0.285 / 0.360       ms
[79.521s][info][gc,stats]    Young Subphase: Concurrent Mark Roots                         0.000 / 0.000         1.045 / 1.303         1.045 / 1.303         1.045 / 1.303       ms
[79.521s][info][gc,stats]    Young Subphase: Concurrent Relocate Remset FP                 0.000 / 0.000       505.697 / 1517.068    505.697 / 1517.068    505.697 / 1517.068    ms
[79.521s][info][gc,stats]    Young Subphase: Concurrent Roots ClassLoaderDataGraph         0.000 / 0.000         0.485 / 0.864         0.485 / 0.864         0.485 / 0.864       ms
[79.521s][info][gc,stats]    Young Subphase: Concurrent Roots CodeCache                    0.000 / 0.000         0.244 / 0.306         0.244 / 0.306         0.244 / 0.306       ms
[79.521s][info][gc,stats]    Young Subphase: Concurrent Roots JavaThreads                  0.000 / 0.000         0.021 / 0.113         0.021 / 0.113         0.021 / 0.113       ms
[79.521s][info][gc,stats]    Young Subphase: Concurrent Roots OopStorageSet                0.000 / 0.000         0.068 / 0.151         0.068 / 0.151         0.068 / 0.151       ms
[79.521s][info][gc,stats]    Young Subphase: Concurrent Weak Roots OopStorageSet           0.000 / 0.000         0.180 / 0.445         0.180 / 0.445         0.180 / 0.445       ms
[79.521s][info][gc,stats] =========================================================================================================================================================
