
=== Instance 7/8, outer iteration 241/300 (Variant sep_only) ===

Affinity: allowed=24,25,26,27,28,29,30,31,32,33,34,35 jvm=24,25,26,27,28,29,30,31,32,33 aux=34,35
Benchmark args: 150000000
Command: /gorilla/home/fredrha/SimplifyingWeakRefs/build/variant-images/sep_only-linux-x86_64-server-release/jdk/bin/java -Xms32g -Xmx32g -XX:+UseZGC -Xlog:gc+stats,gc+ref -XX:InitialTenuringThreshold=1 -XX:MaxTenuringThreshold=1 -XX:NativeMemoryTracking=summary /gorilla/home/fredrha/SimplifyingWeakRefs/test/weakrefs/WeakRefSingleObjectBenchmark.java 150000000

[0.004s][info][gc,ref] Reference Processor created, Config: Separate list
WeakRefSingleObjectBenchmark: weakRefCount=150000000 sleepMillis=500
Phase 1: Allocating the single target object...
Phase 2: Allocating 150000000 WeakReferences in random order...
[23.034s][info][gc,ref] GC(0) O:                           Encountered       Discovered Cleared/Enqueued 
[23.034s][info][gc,ref] GC(0) O: Soft References:                  238                0                0 
[23.034s][info][gc,ref] GC(0) O: Weak References:                 1330                0                0 
[23.034s][info][gc,ref] GC(0) O: Weak (No Queue):             21102105                0                0 
[23.034s][info][gc,ref] GC(0) O: Final References:                   0                0                0 
[23.034s][info][gc,ref] GC(0) O: Phantom References:                 1                0                0 
Allocated 150000000 weak ref holders in 15.13 seconds
Phase 3: Sleeping for 500 ms (strong ref still held)...
Phase 4: Releasing the strong reference to the target object...
Phase 5: Triggering GC...
[79.747s][info][gc,ref] GC(1) O:                           Encountered       Discovered Cleared/Enqueued 
[79.747s][info][gc,ref] GC(1) O: Soft References:                  238                0                0 
[79.747s][info][gc,ref] GC(1) O: Weak References:                 1330                0                0 
[79.747s][info][gc,ref] GC(1) O: Weak (No Queue):            127058077                0                0 
[79.747s][info][gc,ref] GC(1) O: Final References:                   0                0                0 
[79.747s][info][gc,ref] GC(1) O: Phantom References:                 1                0                0 
[125.316s][info][gc,ref] GC(3) O:                           Encountered       Discovered Cleared/Enqueued 
[125.316s][info][gc,ref] GC(3) O: Soft References:                  238                0                0 
[125.316s][info][gc,ref] GC(3) O: Weak References:                 1330              943              330 
[125.316s][info][gc,ref] GC(3) O: Weak (No Queue):            150000003        150000000        150000000 
[125.316s][info][gc,ref] GC(3) O: Final References:                   0                0                0 
[125.316s][info][gc,ref] GC(3) O: Phantom References:                 1                0                0 
Phase 6: Checking results...
Alive weak references after GC: 0 / 150000000
[142.395s][info][gc,stats] === Garbage Collection Statistics =======================================================================================================================
[142.395s][info][gc,stats]                                                              Last 10s              Last 10m              Last 10h                Total
[142.395s][info][gc,stats]                                                              Avg / Max             Avg / Max             Avg / Max             Avg / Max
[142.395s][info][gc,stats]        Contention: Mark Segment Reset Contention                     0 / 0                 0 / 40                0 / 40                0 / 40          ops/s
[142.395s][info][gc,stats]        Contention: Mark SeqNum Reset Contention                      0 / 0                 0 / 4                 0 / 4                 0 / 4           ops/s
[142.395s][info][gc,stats]          Critical: Allocation Stall                                  0 / 0                 0 / 0                 0 / 0                 0 / 0           ops/s
[142.395s][info][gc,stats]          Critical: Allocation Stall                              0.000 / 0.000         0.000 / 0.000         0.000 / 0.000         0.000 / 0.000       ms
[142.395s][info][gc,stats]          Critical: JNI Critical Stall                                0 / 0                 0 / 0                 0 / 0                 0 / 0           ops/s
[142.395s][info][gc,stats]          Critical: JNI Critical Stall                            0.000 / 0.000         0.000 / 0.000         0.000 / 0.000         0.000 / 0.000       ms
[142.395s][info][gc,stats]          Critical: Relocation Stall                                  0 / 0                 0 / 0                 0 / 0                 0 / 0           ops/s
[142.395s][info][gc,stats]          Critical: Relocation Stall                              0.000 / 0.000         0.000 / 0.000         0.000 / 0.000         0.000 / 0.000       ms
[142.395s][info][gc,stats]  Major Collection: Major Collection                              0.000 / 0.000     36847.418 / 56704.104 36847.418 / 56704.104 36847.418 / 56704.104   ms
[142.395s][info][gc,stats]            Memory: Allocation Rate                                   0 / 0                90 / 1186             90 / 1186             90 / 1186        MB/s
[142.395s][info][gc,stats]            Memory: Defragment                                        0 / 0                 0 / 0                 0 / 0                 0 / 0           ops/s
[142.395s][info][gc,stats]            Memory: Mapped Cache Harvest                              0 / 0                 0 / 0                 0 / 0                 0 / 0           MB/s
[142.395s][info][gc,stats]            Memory: Out Of Memory                                     0 / 0                 0 / 0                 0 / 0                 0 / 0           ops/s
[142.395s][info][gc,stats]            Memory: Uncommit                                          0 / 0                 0 / 0                 0 / 0                 0 / 0           MB/s
[142.395s][info][gc,stats]            Memory: Undo Object Allocation Failed                     0 / 0                 0 / 0                 0 / 0                 0 / 0           ops/s
[142.395s][info][gc,stats]            Memory: Undo Object Allocation Succeeded                  0 / 0                 0 / 0                 0 / 0                 0 / 0           ops/s
[142.395s][info][gc,stats]            Memory: Undo Page Allocation                              0 / 0                 0 / 0                 0 / 0                 0 / 0           ops/s
[142.395s][info][gc,stats]  Minor Collection: Minor Collection                              0.000 / 0.000     36207.297 / 36207.297 36207.297 / 36207.297 36207.297 / 36207.297   ms
[142.395s][info][gc,stats]    Old Generation: Old Generation                                0.000 / 0.000     25661.143 / 39998.345 25661.143 / 39998.345 25661.143 / 39998.345   ms
[142.395s][info][gc,stats]         Old Pause: Pause Mark End                                0.000 / 0.000         0.011 / 0.015         0.011 / 0.015         0.011 / 0.015       ms
[142.395s][info][gc,stats]         Old Pause: Pause Relocate Start                          0.000 / 0.000         0.013 / 0.017         0.013 / 0.017         0.013 / 0.017       ms
[142.395s][info][gc,stats]         Old Phase: Concurrent Mark                               0.000 / 0.000     10458.006 / 31373.419 10458.006 / 31373.419 10458.006 / 31373.419   ms
[142.395s][info][gc,stats]         Old Phase: Concurrent Mark Continue                      0.000 / 0.000         0.000 / 0.000         0.000 / 0.000         0.000 / 0.000       ms
[142.395s][info][gc,stats]         Old Phase: Concurrent Mark Free                          0.000 / 0.000         0.001 / 0.002         0.001 / 0.002         0.001 / 0.002       ms
[142.395s][info][gc,stats]         Old Phase: Concurrent Process Non-Strong                 0.000 / 0.000      8800.008 / 18001.795  8800.008 / 18001.795  8800.008 / 18001.795   ms
[142.395s][info][gc,stats]         Old Phase: Concurrent Relocate                           0.000 / 0.000         0.749 / 2.172         0.749 / 2.172         0.749 / 2.172       ms
[142.395s][info][gc,stats]         Old Phase: Concurrent Remap Roots                        0.000 / 0.000       333.095 / 774.266     333.095 / 774.266     333.095 / 774.266     ms
[142.395s][info][gc,stats]         Old Phase: Concurrent Reset Relocation Set               0.000 / 0.000         0.000 / 0.001         0.000 / 0.001         0.000 / 0.001       ms
[142.395s][info][gc,stats]         Old Phase: Concurrent Select Relocation Set              0.000 / 0.000         0.511 / 0.800         0.511 / 0.800         0.511 / 0.800       ms
[142.395s][info][gc,stats]      Old Subphase: Concurrent Classes Purge                      0.000 / 0.000         0.099 / 0.273         0.099 / 0.273         0.099 / 0.273       ms
[142.395s][info][gc,stats]      Old Subphase: Concurrent Classes Unlink                     0.000 / 0.000         1.282 / 1.836         1.282 / 1.836         1.282 / 1.836       ms
[142.395s][info][gc,stats]      Old Subphase: Concurrent Mark Follow                        0.000 / 0.000     10457.887 / 31373.323 10457.887 / 31373.323 10457.887 / 31373.323   ms
[142.395s][info][gc,stats]      Old Subphase: Concurrent Mark Root Colored                  0.000 / 0.000         0.039 / 0.079         0.039 / 0.079         0.039 / 0.079       ms
[142.395s][info][gc,stats]      Old Subphase: Concurrent Mark Root Uncolored                0.000 / 0.000         0.030 / 0.101         0.030 / 0.101         0.030 / 0.101       ms
[142.395s][info][gc,stats]      Old Subphase: Concurrent Mark Roots                         0.000 / 0.000         0.115 / 0.171         0.115 / 0.171         0.115 / 0.171       ms
[142.395s][info][gc,stats]      Old Subphase: Concurrent References Enqueue                 0.000 / 0.000         0.001 / 0.003         0.001 / 0.003         0.001 / 0.003       ms
[142.395s][info][gc,stats]      Old Subphase: Concurrent References Process                 0.000 / 0.000      2798.492 / 8395.431   2798.492 / 8395.431   2798.492 / 8395.431    ms
[142.395s][info][gc,stats]      Old Subphase: Concurrent Remap Remembered                   0.000 / 0.000       161.877 / 773.669     161.877 / 773.669     161.877 / 773.669     ms
[142.395s][info][gc,stats]      Old Subphase: Concurrent Remap Roots Colored                0.000 / 0.000         0.214 / 0.362         0.214 / 0.362         0.214 / 0.362       ms
[142.395s][info][gc,stats]      Old Subphase: Concurrent Remap Roots Uncolored              0.000 / 0.000         0.195 / 0.300         0.195 / 0.300         0.195 / 0.300       ms
[142.395s][info][gc,stats]      Old Subphase: Concurrent Roots ClassLoaderDataGraph         0.000 / 0.000         0.116 / 0.345         0.116 / 0.345         0.116 / 0.345       ms
[142.395s][info][gc,stats]      Old Subphase: Concurrent Roots CodeCache                    0.000 / 0.000         0.187 / 0.283         0.187 / 0.283         0.187 / 0.283       ms
[142.395s][info][gc,stats]      Old Subphase: Concurrent Roots JavaThreads                  0.000 / 0.000         0.015 / 0.101         0.015 / 0.101         0.015 / 0.101       ms
[142.395s][info][gc,stats]      Old Subphase: Concurrent Roots OopStorageSet                0.000 / 0.000         0.004 / 0.013         0.004 / 0.013         0.004 / 0.013       ms
[142.395s][info][gc,stats]      Old Subphase: Concurrent Weak Roots OopStorageSet           0.000 / 0.000         0.049 / 0.128         0.049 / 0.128         0.049 / 0.128       ms
[142.395s][info][gc,stats]            System: Java Threads                                      0 / 0                11 / 11               11 / 11               11 / 11          threads
[142.395s][info][gc,stats]  Young Generation: Young Generation                              0.000 / 0.000      9425.461 / 19721.758  9425.461 / 19721.758  9425.461 / 19721.758   ms
[142.395s][info][gc,stats]  Young Generation: Young Generation                              0.000 / 0.000     36207.232 / 36207.232 36207.232 / 36207.232 36207.232 / 36207.232   ms
[142.395s][info][gc,stats]  Young Generation: Young Generation (Collect Roots)              0.000 / 0.000       302.031 / 302.031     302.031 / 302.031     302.031 / 302.031     ms
[142.395s][info][gc,stats]  Young Generation: Young Generation (Promote All)                0.000 / 0.000      5267.921 / 5267.921   5267.921 / 5267.921   5267.921 / 5267.921    ms
[142.395s][info][gc,stats]       Young Pause: Pause Mark End                                0.000 / 0.000         0.014 / 0.016         0.014 / 0.016         0.014 / 0.016       ms
[142.395s][info][gc,stats]       Young Pause: Pause Mark Start                              0.000 / 0.000         0.013 / 0.013         0.013 / 0.013         0.013 / 0.013       ms
[142.395s][info][gc,stats]       Young Pause: Pause Mark Start (Major)                      0.000 / 0.000         0.023 / 0.040         0.023 / 0.040         0.023 / 0.040       ms
[142.395s][info][gc,stats]       Young Pause: Pause Relocate Start                          0.000 / 0.000         0.010 / 0.017         0.010 / 0.017         0.010 / 0.017       ms
[142.395s][info][gc,stats]       Young Phase: Concurrent Mark                               0.000 / 0.000     10845.278 / 34070.646 10845.278 / 34070.646 10845.278 / 34070.646   ms
[142.395s][info][gc,stats]       Young Phase: Concurrent Mark Continue                      0.000 / 0.000         0.000 / 0.000         0.000 / 0.000         0.000 / 0.000       ms
[142.395s][info][gc,stats]       Young Phase: Concurrent Mark Free                          0.000 / 0.000         0.002 / 0.004         0.002 / 0.004         0.002 / 0.004       ms
[142.395s][info][gc,stats]       Young Phase: Concurrent Relocate                           0.000 / 0.000       587.655 / 1922.652    587.655 / 1922.652    587.655 / 1922.652    ms
[142.395s][info][gc,stats]       Young Phase: Concurrent Reset Relocation Set               0.000 / 0.000         0.278 / 1.139         0.278 / 1.139         0.278 / 1.139       ms
[142.395s][info][gc,stats]       Young Phase: Concurrent Select Relocation Set              0.000 / 0.000       242.153 / 820.063     242.153 / 820.063     242.153 / 820.063     ms
[142.395s][info][gc,stats]    Young Subphase: Concurrent Mark Follow                        0.000 / 0.000     10844.566 / 34070.095 10844.566 / 34070.095 10844.566 / 34070.095   ms
[142.395s][info][gc,stats]    Young Subphase: Concurrent Mark Root Colored                  0.000 / 0.000         0.407 / 0.952         0.407 / 0.952         0.407 / 0.952       ms
[142.395s][info][gc,stats]    Young Subphase: Concurrent Mark Root Uncolored                0.000 / 0.000         0.266 / 0.356         0.266 / 0.356         0.266 / 0.356       ms
[142.395s][info][gc,stats]    Young Subphase: Concurrent Mark Roots                         0.000 / 0.000         0.710 / 1.391         0.710 / 1.391         0.710 / 1.391       ms
[142.395s][info][gc,stats]    Young Subphase: Concurrent Relocate Remset FP                 0.000 / 0.000       586.886 / 1920.405    586.886 / 1920.405    586.886 / 1920.405    ms
[142.395s][info][gc,stats]    Young Subphase: Concurrent Roots ClassLoaderDataGraph         0.000 / 0.000         0.270 / 0.460         0.270 / 0.460         0.270 / 0.460       ms
[142.395s][info][gc,stats]    Young Subphase: Concurrent Roots CodeCache                    0.000 / 0.000         0.237 / 0.303         0.237 / 0.303         0.237 / 0.303       ms
[142.395s][info][gc,stats]    Young Subphase: Concurrent Roots JavaThreads                  0.000 / 0.000         0.015 / 0.104         0.015 / 0.104         0.015 / 0.104       ms
[142.395s][info][gc,stats]    Young Subphase: Concurrent Roots OopStorageSet                0.000 / 0.000         0.041 / 0.255         0.041 / 0.255         0.041 / 0.255       ms
[142.395s][info][gc,stats]    Young Subphase: Concurrent Weak Roots OopStorageSet           0.000 / 0.000         0.106 / 0.451         0.106 / 0.451         0.106 / 0.451       ms
[142.395s][info][gc,stats] =========================================================================================================================================================
