
=== Instance 7/8, outer iteration 242/300 (Variant clear_path_dyn) ===

Affinity: allowed=24,25,26,27,28,29,30,31,32,33,34,35 jvm=24,25,26,27,28,29,30,31,32,33 aux=34,35
Benchmark args: 150000000
Command: /gorilla/home/fredrha/SimplifyingWeakRefs/build/variant-images/clear_path_dyn-linux-x86_64-server-release/jdk/bin/java -Xms32g -Xmx32g -XX:+UseZGC -Xlog:gc+stats,gc+ref -XX:InitialTenuringThreshold=1 -XX:MaxTenuringThreshold=1 -XX:NativeMemoryTracking=summary /gorilla/home/fredrha/SimplifyingWeakRefs/test/weakrefs/WeakRefSingleObjectBenchmark.java 150000000

[0.004s][info][gc,ref] Reference Processor created, Config: Optimised clear path, dynamic array
WeakRefSingleObjectBenchmark: weakRefCount=150000000 sleepMillis=500
Phase 1: Allocating the single target object...
Phase 2: Allocating 150000000 WeakReferences in random order...
Allocated 150000000 weak ref holders in 15.26 seconds
Phase 3: Sleeping for 500 ms (strong ref still held)...
[25.067s][info][gc,ref] GC(0) O:                           Encountered       Discovered Cleared/Enqueued 
[25.067s][info][gc,ref] GC(0) O: Soft References:                  238                0                0 
[25.067s][info][gc,ref] GC(0) O: Weak References:                 1330                0                0 
[25.067s][info][gc,ref] GC(0) O: Weak (No Queue):             21078877                0                0 
[25.067s][info][gc,ref] GC(0) O: Final References:                   0                0                0 
[25.067s][info][gc,ref] GC(0) O: Phantom References:                 1                0                0 
Phase 4: Releasing the strong reference to the target object...
Phase 5: Triggering GC...
[76.934s][info][gc,ref] GC(1) O:                           Encountered       Discovered Cleared/Enqueued 
[76.934s][info][gc,ref] GC(1) O: Soft References:                  238                0                0 
[76.934s][info][gc,ref] GC(1) O: Weak References:                 1330                0                0 
[76.934s][info][gc,ref] GC(1) O: Weak (No Queue):            150000003                0                0 
[76.934s][info][gc,ref] GC(1) O: Final References:                   0                0                0 
[76.934s][info][gc,ref] GC(1) O: Phantom References:                 1                0                0 
[107.986s][info][gc,ref] GC(3) O:                           Encountered       Discovered Cleared/Enqueued 
[107.986s][info][gc,ref] GC(3) O: Soft References:                  238                0                0 
[107.986s][info][gc,ref] GC(3) O: Weak References:                 1330              533              330 
[107.986s][info][gc,ref] GC(3) O: Weak (No Queue):            150000003        150000000        150000000 
[107.986s][info][gc,ref] GC(3) O: Final References:                   0                0                0 
[107.986s][info][gc,ref] GC(3) O: Phantom References:                 1                0                0 
Phase 6: Checking results...
Alive weak references after GC: 0 / 150000000
[126.075s][info][gc,stats] === Garbage Collection Statistics =======================================================================================================================
[126.075s][info][gc,stats]                                                              Last 10s              Last 10m              Last 10h                Total
[126.075s][info][gc,stats]                                                              Avg / Max             Avg / Max             Avg / Max             Avg / Max
[126.075s][info][gc,stats]        Contention: Mark Segment Reset Contention                     0 / 0                 0 / 45                0 / 45                0 / 45          ops/s
[126.075s][info][gc,stats]        Contention: Mark SeqNum Reset Contention                      0 / 0                 0 / 5                 0 / 5                 0 / 5           ops/s
[126.075s][info][gc,stats]          Critical: Allocation Stall                                  0 / 0                 0 / 0                 0 / 0                 0 / 0           ops/s
[126.075s][info][gc,stats]          Critical: Allocation Stall                              0.000 / 0.000         0.000 / 0.000         0.000 / 0.000         0.000 / 0.000       ms
[126.075s][info][gc,stats]          Critical: JNI Critical Stall                                0 / 0                 0 / 0                 0 / 0                 0 / 0           ops/s
[126.075s][info][gc,stats]          Critical: JNI Critical Stall                            0.000 / 0.000         0.000 / 0.000         0.000 / 0.000         0.000 / 0.000       ms
[126.075s][info][gc,stats]          Critical: Relocation Stall                                  0 / 0                 0 / 0                 0 / 0                 0 / 0           ops/s
[126.075s][info][gc,stats]          Critical: Relocation Stall                              0.000 / 0.000         0.000 / 0.000         0.000 / 0.000         0.000 / 0.000       ms
[126.075s][info][gc,stats]  Major Collection: Major Collection                              0.000 / 0.000     31082.394 / 51863.873 31082.394 / 51863.873 31082.394 / 51863.873   ms
[126.075s][info][gc,stats]            Memory: Allocation Rate                                   0 / 0               102 / 1190            102 / 1190            102 / 1190        MB/s
[126.075s][info][gc,stats]            Memory: Defragment                                        0 / 0                 0 / 0                 0 / 0                 0 / 0           ops/s
[126.075s][info][gc,stats]            Memory: Mapped Cache Harvest                              0 / 0                 0 / 0                 0 / 0                 0 / 0           MB/s
[126.075s][info][gc,stats]            Memory: Out Of Memory                                     0 / 0                 0 / 0                 0 / 0                 0 / 0           ops/s
[126.075s][info][gc,stats]            Memory: Uncommit                                          0 / 0                 0 / 0                 0 / 0                 0 / 0           MB/s
[126.075s][info][gc,stats]            Memory: Undo Object Allocation Failed                     0 / 0                 0 / 0                 0 / 0                 0 / 0           ops/s
[126.075s][info][gc,stats]            Memory: Undo Object Allocation Succeeded                  0 / 0                 0 / 0                 0 / 0                 0 / 0           ops/s
[126.075s][info][gc,stats]            Memory: Undo Page Allocation                              0 / 0                 0 / 0                 0 / 0                 0 / 0           ops/s
[126.075s][info][gc,stats]  Minor Collection: Minor Collection                              0.000 / 0.000     27841.565 / 27841.565 27841.565 / 27841.565 27841.565 / 27841.565   ms
[126.075s][info][gc,stats]    Old Generation: Old Generation                                0.000 / 0.000     19333.969 / 29373.214 19333.969 / 29373.214 19333.969 / 29373.214   ms
[126.075s][info][gc,stats]         Old Pause: Pause Mark End                                0.000 / 0.000         0.010 / 0.014         0.010 / 0.014         0.010 / 0.014       ms
[126.075s][info][gc,stats]         Old Pause: Pause Relocate Start                          0.000 / 0.000         0.010 / 0.014         0.010 / 0.014         0.010 / 0.014       ms
[126.075s][info][gc,stats]         Old Phase: Concurrent Mark                               0.000 / 0.000      9085.679 / 27256.433  9085.679 / 27256.433  9085.679 / 27256.433   ms
[126.075s][info][gc,stats]         Old Phase: Concurrent Mark Continue                      0.000 / 0.000         0.000 / 0.000         0.000 / 0.000         0.000 / 0.000       ms
[126.075s][info][gc,stats]         Old Phase: Concurrent Mark Free                          0.000 / 0.000         0.001 / 0.003         0.001 / 0.003         0.001 / 0.003       ms
[126.075s][info][gc,stats]         Old Phase: Concurrent Process Non-Strong                 0.000 / 0.000       631.561 / 1889.619    631.561 / 1889.619    631.561 / 1889.619    ms
[126.075s][info][gc,stats]         Old Phase: Concurrent Relocate                           0.000 / 0.000         0.696 / 1.981         0.696 / 1.981         0.696 / 1.981       ms
[126.075s][info][gc,stats]         Old Phase: Concurrent Remap Roots                        0.000 / 0.000       335.999 / 782.751     335.999 / 782.751     335.999 / 782.751     ms
[126.075s][info][gc,stats]         Old Phase: Concurrent Reset Relocation Set               0.000 / 0.000         0.000 / 0.000         0.000 / 0.000         0.000 / 0.000       ms
[126.075s][info][gc,stats]         Old Phase: Concurrent Select Relocation Set              0.000 / 0.000         0.313 / 0.422         0.313 / 0.422         0.313 / 0.422       ms
[126.075s][info][gc,stats]      Old Subphase: Concurrent Classes Purge                      0.000 / 0.000         0.165 / 0.476         0.165 / 0.476         0.165 / 0.476       ms
[126.075s][info][gc,stats]      Old Subphase: Concurrent Classes Unlink                     0.000 / 0.000         1.348 / 2.029         1.348 / 2.029         1.348 / 2.029       ms
[126.075s][info][gc,stats]      Old Subphase: Concurrent Mark Follow                        0.000 / 0.000      9085.539 / 27256.322  9085.539 / 27256.322  9085.539 / 27256.322   ms
[126.075s][info][gc,stats]      Old Subphase: Concurrent Mark Root Colored                  0.000 / 0.000         0.047 / 0.094         0.047 / 0.094         0.047 / 0.094       ms
[126.075s][info][gc,stats]      Old Subphase: Concurrent Mark Root Uncolored                0.000 / 0.000         0.044 / 0.087         0.044 / 0.087         0.044 / 0.087       ms
[126.075s][info][gc,stats]      Old Subphase: Concurrent Mark Roots                         0.000 / 0.000         0.143 / 0.164         0.143 / 0.164         0.143 / 0.164       ms
[126.075s][info][gc,stats]      Old Subphase: Concurrent References Enqueue                 0.000 / 0.000         0.001 / 0.003         0.001 / 0.003         0.001 / 0.003       ms
[126.075s][info][gc,stats]      Old Subphase: Concurrent References Process                 0.000 / 0.000       629.563 / 1888.627    629.563 / 1888.627    629.563 / 1888.627    ms
[126.075s][info][gc,stats]      Old Subphase: Concurrent Remap Remembered                   0.000 / 0.000       163.062 / 782.134     163.062 / 782.134     163.062 / 782.134     ms
[126.075s][info][gc,stats]      Old Subphase: Concurrent Remap Roots Colored                0.000 / 0.000         0.234 / 0.420         0.234 / 0.420         0.234 / 0.420       ms
[126.075s][info][gc,stats]      Old Subphase: Concurrent Remap Roots Uncolored              0.000 / 0.000         0.207 / 0.297         0.207 / 0.297         0.207 / 0.297       ms
[126.075s][info][gc,stats]      Old Subphase: Concurrent Roots ClassLoaderDataGraph         0.000 / 0.000         0.133 / 0.394         0.133 / 0.394         0.133 / 0.394       ms
[126.075s][info][gc,stats]      Old Subphase: Concurrent Roots CodeCache                    0.000 / 0.000         0.198 / 0.278         0.198 / 0.278         0.198 / 0.278       ms
[126.075s][info][gc,stats]      Old Subphase: Concurrent Roots JavaThreads                  0.000 / 0.000         0.018 / 0.087         0.018 / 0.087         0.018 / 0.087       ms
[126.075s][info][gc,stats]      Old Subphase: Concurrent Roots OopStorageSet                0.000 / 0.000         0.005 / 0.014         0.005 / 0.014         0.005 / 0.014       ms
[126.075s][info][gc,stats]      Old Subphase: Concurrent Weak Roots OopStorageSet           0.000 / 0.000         0.072 / 0.265         0.072 / 0.265         0.072 / 0.265       ms
[126.075s][info][gc,stats]            System: Java Threads                                      0 / 0                11 / 11               11 / 11               11 / 11          threads
[126.075s][info][gc,stats]  Young Generation: Young Generation                              0.000 / 0.000     11284.207 / 23238.312 11284.207 / 23238.312 11284.207 / 23238.312   ms
[126.075s][info][gc,stats]  Young Generation: Young Generation                              0.000 / 0.000     27841.520 / 27841.520 27841.520 / 27841.520 27841.520 / 27841.520   ms
[126.075s][info][gc,stats]  Young Generation: Young Generation (Collect Roots)              0.000 / 0.000         7.959 / 7.959         7.959 / 7.959         7.959 / 7.959       ms
[126.075s][info][gc,stats]  Young Generation: Young Generation (Promote All)                0.000 / 0.000      1670.381 / 1670.381   1670.381 / 1670.381   1670.381 / 1670.381    ms
[126.075s][info][gc,stats]       Young Pause: Pause Mark End                                0.000 / 0.000         0.012 / 0.013         0.012 / 0.013         0.012 / 0.013       ms
[126.075s][info][gc,stats]       Young Pause: Pause Mark Start                              0.000 / 0.000         0.013 / 0.015         0.013 / 0.015         0.013 / 0.015       ms
[126.075s][info][gc,stats]       Young Pause: Pause Mark Start (Major)                      0.000 / 0.000         0.017 / 0.030         0.017 / 0.030         0.017 / 0.030       ms
[126.075s][info][gc,stats]       Young Pause: Pause Relocate Start                          0.000 / 0.000         0.007 / 0.014         0.007 / 0.014         0.007 / 0.014       ms
[126.075s][info][gc,stats]       Young Phase: Concurrent Mark                               0.000 / 0.000      9726.699 / 25213.403  9726.699 / 25213.403  9726.699 / 25213.403   ms
[126.075s][info][gc,stats]       Young Phase: Concurrent Mark Continue                      0.000 / 0.000         0.000 / 0.000         0.000 / 0.000         0.000 / 0.000       ms
[126.075s][info][gc,stats]       Young Phase: Concurrent Mark Free                          0.000 / 0.000         0.001 / 0.003         0.001 / 0.003         0.001 / 0.003       ms
[126.075s][info][gc,stats]       Young Phase: Concurrent Relocate                           0.000 / 0.000       593.580 / 1928.647    593.580 / 1928.647    593.580 / 1928.647    ms
[126.075s][info][gc,stats]       Young Phase: Concurrent Reset Relocation Set               0.000 / 0.000         0.270 / 1.379         0.270 / 1.379         0.270 / 1.379       ms
[126.075s][info][gc,stats]       Young Phase: Concurrent Select Relocation Set              0.000 / 0.000       241.102 / 995.332     241.102 / 995.332     241.102 / 995.332     ms
[126.075s][info][gc,stats]    Young Subphase: Concurrent Mark Follow                        0.000 / 0.000      9725.937 / 25212.765  9725.937 / 25212.765  9725.937 / 25212.765   ms
[126.075s][info][gc,stats]    Young Subphase: Concurrent Mark Root Colored                  0.000 / 0.000         0.423 / 0.904         0.423 / 0.904         0.423 / 0.904       ms
[126.075s][info][gc,stats]    Young Subphase: Concurrent Mark Root Uncolored                0.000 / 0.000         0.302 / 0.359         0.302 / 0.359         0.302 / 0.359       ms
[126.075s][info][gc,stats]    Young Subphase: Concurrent Mark Roots                         0.000 / 0.000         0.760 / 1.319         0.760 / 1.319         0.760 / 1.319       ms
[126.075s][info][gc,stats]    Young Subphase: Concurrent Relocate Remset FP                 0.000 / 0.000       592.780 / 1928.607    592.780 / 1928.607    592.780 / 1928.607    ms
[126.075s][info][gc,stats]    Young Subphase: Concurrent Roots ClassLoaderDataGraph         0.000 / 0.000         0.286 / 0.505         0.286 / 0.505         0.286 / 0.505       ms
[126.075s][info][gc,stats]    Young Subphase: Concurrent Roots CodeCache                    0.000 / 0.000         0.271 / 0.313         0.271 / 0.313         0.271 / 0.313       ms
[126.075s][info][gc,stats]    Young Subphase: Concurrent Roots JavaThreads                  0.000 / 0.000         0.016 / 0.100         0.016 / 0.100         0.016 / 0.100       ms
[126.075s][info][gc,stats]    Young Subphase: Concurrent Roots OopStorageSet                0.000 / 0.000         0.037 / 0.123         0.037 / 0.123         0.037 / 0.123       ms
[126.075s][info][gc,stats]    Young Subphase: Concurrent Weak Roots OopStorageSet           0.000 / 0.000         0.110 / 0.372         0.110 / 0.372         0.110 / 0.372       ms
[126.075s][info][gc,stats] =========================================================================================================================================================
