
=== Instance 2/8, outer iteration 45/300 (Variant none) ===

Affinity: allowed=12,13,14,15,16,17,18,19,20,21,22,23 jvm=12,13,14,15,16,17,18,19,20,21 aux=22,23
Benchmark args: 150000000
Command: /gorilla/home/fredrha/SimplifyingWeakRefs/build/variant-images/none-linux-x86_64-server-release/jdk/bin/java -Xms32g -Xmx32g -XX:+UseZGC -Xlog:gc+stats,gc+ref -XX:InitialTenuringThreshold=1 -XX:MaxTenuringThreshold=1 -XX:NativeMemoryTracking=summary /gorilla/home/fredrha/SimplifyingWeakRefs/test/weakrefs/WeakRefSingleObjectBenchmark.java 150000000

WeakRefSingleObjectBenchmark: weakRefCount=150000000 sleepMillis=500
Phase 1: Allocating the single target object...
Phase 2: Allocating 150000000 WeakReferences in random order...
[19.119s][info][gc,ref] GC(0) O:                       Encountered   Discovered     Enqueued 
[19.119s][info][gc,ref] GC(0) O: Soft References:              238            0            0 
[19.119s][info][gc,ref] GC(0) O: Weak References:         20965584            0            0 
[19.119s][info][gc,ref] GC(0) O: Final References:               0            0            0 
[19.119s][info][gc,ref] GC(0) O: Phantom References:             1            0            0 
Allocated 150000000 weak ref holders in 15.08 seconds
Phase 3: Sleeping for 500 ms (strong ref still held)...
Phase 4: Releasing the strong reference to the target object...
Phase 5: Triggering GC...
[60.989s][info][gc,ref] GC(1) O:                       Encountered   Discovered     Enqueued 
[60.989s][info][gc,ref] GC(1) O: Soft References:              238            0            0 
[60.989s][info][gc,ref] GC(1) O: Weak References:         79415450            0            0 
[60.989s][info][gc,ref] GC(1) O: Final References:               0            0            0 
[60.989s][info][gc,ref] GC(1) O: Phantom References:             1            0            0 
[111.691s][info][gc,ref] GC(3) O:                       Encountered   Discovered     Enqueued 
[111.691s][info][gc,ref] GC(3) O: Soft References:              238            0            0 
[111.691s][info][gc,ref] GC(3) O: Weak References:        150001333    150001047    150000330 
[111.691s][info][gc,ref] GC(3) O: Final References:               0            0            0 
[111.691s][info][gc,ref] GC(3) O: Phantom References:             1            0            0 
Phase 6: Checking results...
Alive weak references after GC: 0 / 150000000
[130.451s][info][gc,stats] === Garbage Collection Statistics =======================================================================================================================
[130.451s][info][gc,stats]                                                              Last 10s              Last 10m              Last 10h                Total
[130.451s][info][gc,stats]                                                              Avg / Max             Avg / Max             Avg / Max             Avg / Max
[130.451s][info][gc,stats]        Contention: Mark Segment Reset Contention                     0 / 0                 0 / 15                0 / 15                0 / 15          ops/s
[130.451s][info][gc,stats]        Contention: Mark SeqNum Reset Contention                      0 / 0                 0 / 4                 0 / 4                 0 / 4           ops/s
[130.451s][info][gc,stats]          Critical: Allocation Stall                                  0 / 0                 0 / 0                 0 / 0                 0 / 0           ops/s
[130.451s][info][gc,stats]          Critical: Allocation Stall                              0.000 / 0.000         0.000 / 0.000         0.000 / 0.000         0.000 / 0.000       ms
[130.451s][info][gc,stats]          Critical: JNI Critical Stall                                0 / 0                 0 / 0                 0 / 0                 0 / 0           ops/s
[130.451s][info][gc,stats]          Critical: JNI Critical Stall                            0.000 / 0.000         0.000 / 0.000         0.000 / 0.000         0.000 / 0.000       ms
[130.451s][info][gc,stats]          Critical: Relocation Stall                                  0 / 0                 0 / 0                 0 / 0                 0 / 0           ops/s
[130.451s][info][gc,stats]          Critical: Relocation Stall                              0.000 / 0.000         0.000 / 0.000         0.000 / 0.000         0.000 / 0.000       ms
[130.451s][info][gc,stats]  Major Collection: Major Collection                              0.000 / 0.000     32374.972 / 50701.824 32374.972 / 50701.824 32374.972 / 50701.824   ms
[130.451s][info][gc,stats]            Memory: Allocation Rate                                   0 / 0                98 / 1190             98 / 1190             98 / 1190        MB/s
[130.451s][info][gc,stats]            Memory: Defragment                                        0 / 0                 0 / 0                 0 / 0                 0 / 0           ops/s
[130.451s][info][gc,stats]            Memory: Mapped Cache Harvest                              0 / 0                 0 / 0                 0 / 0                 0 / 0           MB/s
[130.451s][info][gc,stats]            Memory: Out Of Memory                                     0 / 0                 0 / 0                 0 / 0                 0 / 0           ops/s
[130.451s][info][gc,stats]            Memory: Uncommit                                          0 / 0                 0 / 0                 0 / 0                 0 / 0           MB/s
[130.451s][info][gc,stats]            Memory: Undo Object Allocation Failed                     0 / 0                 0 / 0                 0 / 0                 0 / 0           ops/s
[130.451s][info][gc,stats]            Memory: Undo Object Allocation Succeeded                  0 / 0                 0 / 0                 0 / 0                 0 / 0           ops/s
[130.451s][info][gc,stats]            Memory: Undo Page Allocation                              0 / 0                 0 / 0                 0 / 0                 0 / 0           ops/s
[130.451s][info][gc,stats]  Minor Collection: Minor Collection                              0.000 / 0.000     21334.574 / 21334.574 21334.574 / 21334.574 21334.574 / 21334.574   ms
[130.451s][info][gc,stats]    Old Generation: Old Generation                                0.000 / 0.000     19642.121 / 37143.422 19642.121 / 37143.422 19642.121 / 37143.422   ms
[130.451s][info][gc,stats]         Old Pause: Pause Mark End                                0.000 / 0.000         0.012 / 0.014         0.012 / 0.014         0.012 / 0.014       ms
[130.451s][info][gc,stats]         Old Pause: Pause Relocate Start                          0.000 / 0.000         0.012 / 0.014         0.012 / 0.014         0.012 / 0.014       ms
[130.451s][info][gc,stats]         Old Phase: Concurrent Mark                               0.000 / 0.000      8604.836 / 25813.860  8604.836 / 25813.860  8604.836 / 25813.860   ms
[130.451s][info][gc,stats]         Old Phase: Concurrent Mark Continue                      0.000 / 0.000         0.000 / 0.000         0.000 / 0.000         0.000 / 0.000       ms
[130.451s][info][gc,stats]         Old Phase: Concurrent Mark Free                          0.000 / 0.000         0.001 / 0.003         0.001 / 0.003         0.001 / 0.003       ms
[130.451s][info][gc,stats]         Old Phase: Concurrent Process Non-Strong                 0.000 / 0.000      3703.660 / 11106.637  3703.660 / 11106.637  3703.660 / 11106.637   ms
[130.451s][info][gc,stats]         Old Phase: Concurrent Relocate                           0.000 / 0.000         0.806 / 2.208         0.806 / 2.208         0.806 / 2.208       ms
[130.451s][info][gc,stats]         Old Phase: Concurrent Remap Roots                        0.000 / 0.000       220.877 / 441.984     220.877 / 441.984     220.877 / 441.984     ms
[130.451s][info][gc,stats]         Old Phase: Concurrent Reset Relocation Set               0.000 / 0.000         0.000 / 0.000         0.000 / 0.000         0.000 / 0.000       ms
[130.451s][info][gc,stats]         Old Phase: Concurrent Select Relocation Set              0.000 / 0.000         0.319 / 0.434         0.319 / 0.434         0.319 / 0.434       ms
[130.451s][info][gc,stats]      Old Subphase: Concurrent Classes Purge                      0.000 / 0.000         0.159 / 0.457         0.159 / 0.457         0.159 / 0.457       ms
[130.451s][info][gc,stats]      Old Subphase: Concurrent Classes Unlink                     0.000 / 0.000         1.341 / 1.997         1.341 / 1.997         1.341 / 1.997       ms
[130.451s][info][gc,stats]      Old Subphase: Concurrent Mark Follow                        0.000 / 0.000      8604.691 / 25813.720  8604.691 / 25813.720  8604.691 / 25813.720   ms
[130.451s][info][gc,stats]      Old Subphase: Concurrent Mark Root Colored                  0.000 / 0.000         0.045 / 0.094         0.045 / 0.094         0.045 / 0.094       ms
[130.451s][info][gc,stats]      Old Subphase: Concurrent Mark Root Uncolored                0.000 / 0.000         0.032 / 0.091         0.032 / 0.091         0.032 / 0.091       ms
[130.451s][info][gc,stats]      Old Subphase: Concurrent Mark Roots                         0.000 / 0.000         0.130 / 0.190         0.130 / 0.190         0.130 / 0.190       ms
[130.451s][info][gc,stats]      Old Subphase: Concurrent References Enqueue                 0.000 / 0.000         0.001 / 0.003         0.001 / 0.003         0.001 / 0.003       ms
[130.451s][info][gc,stats]      Old Subphase: Concurrent References Process                 0.000 / 0.000      3701.884 / 11105.591  3701.884 / 11105.591  3701.884 / 11105.591   ms
[130.451s][info][gc,stats]      Old Subphase: Concurrent Remap Remembered                   0.000 / 0.000       122.667 / 441.594     122.667 / 441.594     122.667 / 441.594     ms
[130.451s][info][gc,stats]      Old Subphase: Concurrent Remap Roots Colored                0.000 / 0.000         0.220 / 0.403         0.220 / 0.403         0.220 / 0.403       ms
[130.451s][info][gc,stats]      Old Subphase: Concurrent Remap Roots Uncolored              0.000 / 0.000         0.142 / 0.145         0.142 / 0.145         0.142 / 0.145       ms
[130.451s][info][gc,stats]      Old Subphase: Concurrent Roots ClassLoaderDataGraph         0.000 / 0.000         0.124 / 0.385         0.124 / 0.385         0.124 / 0.385       ms
[130.451s][info][gc,stats]      Old Subphase: Concurrent Roots CodeCache                    0.000 / 0.000         0.140 / 0.144         0.140 / 0.144         0.140 / 0.144       ms
[130.451s][info][gc,stats]      Old Subphase: Concurrent Roots JavaThreads                  0.000 / 0.000         0.013 / 0.091         0.013 / 0.091         0.013 / 0.091       ms
[130.451s][info][gc,stats]      Old Subphase: Concurrent Roots OopStorageSet                0.000 / 0.000         0.005 / 0.012         0.005 / 0.012         0.005 / 0.012       ms
[130.451s][info][gc,stats]      Old Subphase: Concurrent Weak Roots OopStorageSet           0.000 / 0.000         0.063 / 0.246         0.063 / 0.246         0.063 / 0.246       ms
[130.451s][info][gc,stats]            System: Java Threads                                      0 / 0                11 / 11               11 / 11               11 / 11          threads
[130.451s][info][gc,stats]  Young Generation: Young Generation                              0.000 / 0.000      8462.782 / 20085.486  8462.782 / 20085.486  8462.782 / 20085.486   ms
[130.451s][info][gc,stats]  Young Generation: Young Generation                              0.000 / 0.000     21334.512 / 21334.512 21334.512 / 21334.512 21334.512 / 21334.512   ms
[130.451s][info][gc,stats]  Young Generation: Young Generation (Collect Roots)              0.000 / 0.000      1096.115 / 1096.115   1096.115 / 1096.115   1096.115 / 1096.115    ms
[130.451s][info][gc,stats]  Young Generation: Young Generation (Promote All)                0.000 / 0.000     12462.137 / 12462.137 12462.137 / 12462.137 12462.137 / 12462.137   ms
[130.451s][info][gc,stats]       Young Pause: Pause Mark End                                0.000 / 0.000         0.013 / 0.014         0.013 / 0.014         0.013 / 0.014       ms
[130.451s][info][gc,stats]       Young Pause: Pause Mark Start                              0.000 / 0.000         0.016 / 0.017         0.016 / 0.017         0.016 / 0.017       ms
[130.451s][info][gc,stats]       Young Pause: Pause Mark Start (Major)                      0.000 / 0.000         0.019 / 0.027         0.019 / 0.027         0.019 / 0.027       ms
[130.451s][info][gc,stats]       Young Pause: Pause Relocate Start                          0.000 / 0.000         0.009 / 0.013         0.009 / 0.013         0.009 / 0.013       ms
[130.451s][info][gc,stats]       Young Phase: Concurrent Mark                               0.000 / 0.000      9219.979 / 20154.572  9219.979 / 20154.572  9219.979 / 20154.572   ms
[130.451s][info][gc,stats]       Young Phase: Concurrent Mark Continue                      0.000 / 0.000         0.000 / 0.000         0.000 / 0.000         0.000 / 0.000       ms
[130.451s][info][gc,stats]       Young Phase: Concurrent Mark Free                          0.000 / 0.000         0.002 / 0.005         0.002 / 0.005         0.002 / 0.005       ms
[130.451s][info][gc,stats]       Young Phase: Concurrent Relocate                           0.000 / 0.000       589.194 / 1925.633    589.194 / 1925.633    589.194 / 1925.633    ms
[130.451s][info][gc,stats]       Young Phase: Concurrent Reset Relocation Set               0.000 / 0.000         0.267 / 0.752         0.267 / 0.752         0.267 / 0.752       ms
[130.451s][info][gc,stats]       Young Phase: Concurrent Select Relocation Set              0.000 / 0.000       237.108 / 548.448     237.108 / 548.448     237.108 / 548.448     ms
[130.451s][info][gc,stats]    Young Subphase: Concurrent Mark Follow                        0.000 / 0.000      9219.212 / 20153.942  9219.212 / 20153.942  9219.212 / 20153.942   ms
[130.451s][info][gc,stats]    Young Subphase: Concurrent Mark Root Colored                  0.000 / 0.000         0.458 / 0.974         0.458 / 0.974         0.458 / 0.974       ms
[130.451s][info][gc,stats]    Young Subphase: Concurrent Mark Root Uncolored                0.000 / 0.000         0.273 / 0.347         0.273 / 0.347         0.273 / 0.347       ms
[130.451s][info][gc,stats]    Young Subphase: Concurrent Mark Roots                         0.000 / 0.000         0.764 / 1.196         0.764 / 1.196         0.764 / 1.196       ms
[130.451s][info][gc,stats]    Young Subphase: Concurrent Relocate Remset FP                 0.000 / 0.000       587.803 / 1922.446    587.803 / 1922.446    587.803 / 1922.446    ms
[130.451s][info][gc,stats]    Young Subphase: Concurrent Roots ClassLoaderDataGraph         0.000 / 0.000         0.331 / 0.841         0.331 / 0.841         0.331 / 0.841       ms
[130.451s][info][gc,stats]    Young Subphase: Concurrent Roots CodeCache                    0.000 / 0.000         0.244 / 0.297         0.244 / 0.297         0.244 / 0.297       ms
[130.451s][info][gc,stats]    Young Subphase: Concurrent Roots JavaThreads                  0.000 / 0.000         0.015 / 0.099         0.015 / 0.099         0.015 / 0.099       ms
[130.451s][info][gc,stats]    Young Subphase: Concurrent Roots OopStorageSet                0.000 / 0.000         0.022 / 0.170         0.022 / 0.170         0.022 / 0.170       ms
[130.451s][info][gc,stats]    Young Subphase: Concurrent Weak Roots OopStorageSet           0.000 / 0.000         0.108 / 0.400         0.108 / 0.400         0.108 / 0.400       ms
[130.451s][info][gc,stats] =========================================================================================================================================================
