
=== Instance 8/8, outer iteration 280/300 (Variant all) ===

Affinity: allowed=36,37,38,39,40,41,42,43,44,45,46,47 jvm=36,37,38,39,40,41,42,43,44,45 aux=46,47
Benchmark args: 150000000
Command: /gorilla/home/fredrha/SimplifyingWeakRefs/build/variant-images/all-linux-x86_64-server-release/jdk/bin/java -Xms32g -Xmx32g -XX:+UseZGC -Xlog:gc+stats,gc+ref -XX:InitialTenuringThreshold=1 -XX:MaxTenuringThreshold=1 -XX:NativeMemoryTracking=summary /gorilla/home/fredrha/SimplifyingWeakRefs/test/weakrefs/WeakRefSingleObjectBenchmark.java 150000000

[0.004s][info][gc,ref] Reference Processor created, Config: All optimisations
WeakRefSingleObjectBenchmark: weakRefCount=150000000 sleepMillis=500
Phase 1: Allocating the single target object...
Phase 2: Allocating 150000000 WeakReferences in random order...
Allocated 150000000 weak ref holders in 15.29 seconds
Phase 3: Sleeping for 500 ms (strong ref still held)...
[25.018s][info][gc,ref] GC(0) O:                           Encountered       Discovered Cleared/Enqueued 
[25.018s][info][gc,ref] GC(0) O: Soft References:                  238                0                0 
[25.018s][info][gc,ref] GC(0) O: Weak References:                 1330                0                0 
[25.018s][info][gc,ref] GC(0) O: Weak (No Queue):             21055767                0                0 
[25.018s][info][gc,ref] GC(0) O: Final References:                   0                0                0 
[25.018s][info][gc,ref] GC(0) O: Phantom References:                 1                0                0 
Phase 4: Releasing the strong reference to the target object...
Phase 5: Triggering GC...
[75.606s][info][gc,ref] GC(1) O:                           Encountered       Discovered Cleared/Enqueued 
[75.606s][info][gc,ref] GC(1) O: Soft References:                  238                0                0 
[75.606s][info][gc,ref] GC(1) O: Weak References:                 1330                0                0 
[75.606s][info][gc,ref] GC(1) O: Weak (No Queue):            150000003                0                0 
[75.606s][info][gc,ref] GC(1) O: Final References:                   0                0                0 
[75.606s][info][gc,ref] GC(1) O: Phantom References:                 1                0                0 
[110.781s][info][gc,ref] GC(3) O:                           Encountered       Discovered Cleared/Enqueued 
[110.781s][info][gc,ref] GC(3) O: Soft References:                  238                0                0 
[110.781s][info][gc,ref] GC(3) O: Weak References:                 1330              335              330 
[110.781s][info][gc,ref] GC(3) O: Weak (No Queue):            150000003        150000000        150000000 
[110.781s][info][gc,ref] GC(3) O: Final References:                   0                0                0 
[110.781s][info][gc,ref] GC(3) O: Phantom References:                 1                0                0 
Phase 6: Checking results...
Alive weak references after GC: 0 / 150000000
[128.856s][info][gc,stats] === Garbage Collection Statistics =======================================================================================================================
[128.856s][info][gc,stats]                                                              Last 10s              Last 10m              Last 10h                Total
[128.856s][info][gc,stats]                                                              Avg / Max             Avg / Max             Avg / Max             Avg / Max
[128.856s][info][gc,stats]        Contention: Mark Segment Reset Contention                     0 / 0                 0 / 19                0 / 19                0 / 19          ops/s
[128.856s][info][gc,stats]        Contention: Mark SeqNum Reset Contention                      0 / 0                 0 / 5                 0 / 5                 0 / 5           ops/s
[128.856s][info][gc,stats]          Critical: Allocation Stall                                  0 / 0                 0 / 0                 0 / 0                 0 / 0           ops/s
[128.856s][info][gc,stats]          Critical: Allocation Stall                              0.000 / 0.000         0.000 / 0.000         0.000 / 0.000         0.000 / 0.000       ms
[128.856s][info][gc,stats]          Critical: JNI Critical Stall                                0 / 0                 0 / 0                 0 / 0                 0 / 0           ops/s
[128.856s][info][gc,stats]          Critical: JNI Critical Stall                            0.000 / 0.000         0.000 / 0.000         0.000 / 0.000         0.000 / 0.000       ms
[128.856s][info][gc,stats]          Critical: Relocation Stall                                  0 / 0                 0 / 0                 0 / 0                 0 / 0           ops/s
[128.856s][info][gc,stats]          Critical: Relocation Stall                              0.000 / 0.000         0.000 / 0.000         0.000 / 0.000         0.000 / 0.000       ms
[128.856s][info][gc,stats]  Major Collection: Major Collection                              0.000 / 0.000     31967.435 / 50585.738 31967.435 / 50585.738 31967.435 / 50585.738   ms
[128.856s][info][gc,stats]            Memory: Allocation Rate                                   0 / 0               100 / 1190            100 / 1190            100 / 1190        MB/s
[128.856s][info][gc,stats]            Memory: Defragment                                        0 / 0                 0 / 0                 0 / 0                 0 / 0           ops/s
[128.856s][info][gc,stats]            Memory: Mapped Cache Harvest                              0 / 0                 0 / 0                 0 / 0                 0 / 0           MB/s
[128.856s][info][gc,stats]            Memory: Out Of Memory                                     0 / 0                 0 / 0                 0 / 0                 0 / 0           ops/s
[128.856s][info][gc,stats]            Memory: Uncommit                                          0 / 0                 0 / 0                 0 / 0                 0 / 0           MB/s
[128.856s][info][gc,stats]            Memory: Undo Object Allocation Failed                     0 / 0                 0 / 0                 0 / 0                 0 / 0           ops/s
[128.856s][info][gc,stats]            Memory: Undo Object Allocation Succeeded                  0 / 0                 0 / 0                 0 / 0                 0 / 0           ops/s
[128.856s][info][gc,stats]            Memory: Undo Page Allocation                              0 / 0                 0 / 0                 0 / 0                 0 / 0           ops/s
[128.856s][info][gc,stats]  Minor Collection: Minor Collection                              0.000 / 0.000     27002.993 / 27002.993 27002.993 / 27002.993 27002.993 / 27002.993   ms
[128.856s][info][gc,stats]    Old Generation: Old Generation                                0.000 / 0.000     20370.360 / 33661.658 20370.360 / 33661.658 20370.360 / 33661.658   ms
[128.856s][info][gc,stats]         Old Pause: Pause Mark End                                0.000 / 0.000         0.010 / 0.014         0.010 / 0.014         0.010 / 0.014       ms
[128.856s][info][gc,stats]         Old Pause: Pause Relocate Start                          0.000 / 0.000         0.010 / 0.013         0.010 / 0.013         0.010 / 0.013       ms
[128.856s][info][gc,stats]         Old Phase: Concurrent Mark                               0.000 / 0.000     10318.549 / 30955.030 10318.549 / 30955.030 10318.549 / 30955.030   ms
[128.856s][info][gc,stats]         Old Phase: Concurrent Mark Continue                      0.000 / 0.000         0.000 / 0.000         0.000 / 0.000         0.000 / 0.000       ms
[128.856s][info][gc,stats]         Old Phase: Concurrent Mark Free                          0.000 / 0.000         0.001 / 0.003         0.001 / 0.003         0.001 / 0.003       ms
[128.856s][info][gc,stats]         Old Phase: Concurrent Process Non-Strong                 0.000 / 0.000       826.080 / 2473.897    826.080 / 2473.897    826.080 / 2473.897    ms
[128.856s][info][gc,stats]         Old Phase: Concurrent Relocate                           0.000 / 0.000         0.462 / 1.230         0.462 / 1.230         0.462 / 1.230       ms
[128.856s][info][gc,stats]         Old Phase: Concurrent Remap Roots                        0.000 / 0.000       223.884 / 440.108     223.884 / 440.108     223.884 / 440.108     ms
[128.856s][info][gc,stats]         Old Phase: Concurrent Reset Relocation Set               0.000 / 0.000         0.000 / 0.000         0.000 / 0.000         0.000 / 0.000       ms
[128.856s][info][gc,stats]         Old Phase: Concurrent Select Relocation Set              0.000 / 0.000         0.302 / 0.413         0.302 / 0.413         0.302 / 0.413       ms
[128.856s][info][gc,stats]      Old Subphase: Concurrent Classes Purge                      0.000 / 0.000         0.155 / 0.443         0.155 / 0.443         0.155 / 0.443       ms
[128.856s][info][gc,stats]      Old Subphase: Concurrent Classes Unlink                     0.000 / 0.000         1.342 / 1.974         1.342 / 1.974         1.342 / 1.974       ms
[128.856s][info][gc,stats]      Old Subphase: Concurrent Mark Follow                        0.000 / 0.000     10318.412 / 30954.904 10318.412 / 30954.904 10318.412 / 30954.904   ms
[128.856s][info][gc,stats]      Old Subphase: Concurrent Mark Root Colored                  0.000 / 0.000         0.045 / 0.086         0.045 / 0.086         0.045 / 0.086       ms
[128.856s][info][gc,stats]      Old Subphase: Concurrent Mark Root Uncolored                0.000 / 0.000         0.040 / 0.088         0.040 / 0.088         0.040 / 0.088       ms
[128.856s][info][gc,stats]      Old Subphase: Concurrent Mark Roots                         0.000 / 0.000         0.133 / 0.163         0.133 / 0.163         0.133 / 0.163       ms
[128.856s][info][gc,stats]      Old Subphase: Concurrent References Enqueue                 0.000 / 0.000         0.001 / 0.003         0.001 / 0.003         0.001 / 0.003       ms
[128.856s][info][gc,stats]      Old Subphase: Concurrent References Process                 0.000 / 0.000       824.314 / 2472.900    824.314 / 2472.900    824.314 / 2472.900    ms
[128.856s][info][gc,stats]      Old Subphase: Concurrent Remap Remembered                   0.000 / 0.000       125.936 / 439.732     125.936 / 439.732     125.936 / 439.732     ms
[128.856s][info][gc,stats]      Old Subphase: Concurrent Remap Roots Colored                0.000 / 0.000         0.228 / 0.429         0.228 / 0.429         0.228 / 0.429       ms
[128.856s][info][gc,stats]      Old Subphase: Concurrent Remap Roots Uncolored              0.000 / 0.000         0.138 / 0.153         0.138 / 0.153         0.138 / 0.153       ms
[128.856s][info][gc,stats]      Old Subphase: Concurrent Roots ClassLoaderDataGraph         0.000 / 0.000         0.134 / 0.414         0.134 / 0.414         0.134 / 0.414       ms
[128.856s][info][gc,stats]      Old Subphase: Concurrent Roots CodeCache                    0.000 / 0.000         0.137 / 0.151         0.137 / 0.151         0.137 / 0.151       ms
[128.856s][info][gc,stats]      Old Subphase: Concurrent Roots JavaThreads                  0.000 / 0.000         0.014 / 0.087         0.014 / 0.087         0.014 / 0.087       ms
[128.856s][info][gc,stats]      Old Subphase: Concurrent Roots OopStorageSet                0.000 / 0.000         0.004 / 0.011         0.004 / 0.011         0.004 / 0.011       ms
[128.856s][info][gc,stats]      Old Subphase: Concurrent Weak Roots OopStorageSet           0.000 / 0.000         0.070 / 0.302         0.070 / 0.302         0.070 / 0.302       ms
[128.856s][info][gc,stats]            System: Java Threads                                      0 / 0                11 / 11               11 / 11               11 / 11          threads
[128.856s][info][gc,stats]  Young Generation: Young Generation                              0.000 / 0.000     11204.921 / 23139.451 11204.921 / 23139.451 11204.921 / 23139.451   ms
[128.856s][info][gc,stats]  Young Generation: Young Generation                              0.000 / 0.000     27002.928 / 27002.928 27002.928 / 27002.928 27002.928 / 27002.928   ms
[128.856s][info][gc,stats]  Young Generation: Young Generation (Collect Roots)              0.000 / 0.000         7.263 / 7.263         7.263 / 7.263         7.263 / 7.263       ms
[128.856s][info][gc,stats]  Young Generation: Young Generation (Promote All)                0.000 / 0.000      1506.158 / 1506.158   1506.158 / 1506.158   1506.158 / 1506.158    ms
[128.856s][info][gc,stats]       Young Pause: Pause Mark End                                0.000 / 0.000         0.012 / 0.014         0.012 / 0.014         0.012 / 0.014       ms
[128.856s][info][gc,stats]       Young Pause: Pause Mark Start                              0.000 / 0.000         0.033 / 0.050         0.033 / 0.050         0.033 / 0.050       ms
[128.856s][info][gc,stats]       Young Pause: Pause Mark Start (Major)                      0.000 / 0.000         0.022 / 0.046         0.022 / 0.046         0.022 / 0.046       ms
[128.856s][info][gc,stats]       Young Pause: Pause Relocate Start                          0.000 / 0.000         0.007 / 0.013         0.007 / 0.013         0.007 / 0.013       ms
[128.856s][info][gc,stats]       Young Phase: Concurrent Mark                               0.000 / 0.000      9529.516 / 24356.486  9529.516 / 24356.486  9529.516 / 24356.486   ms
[128.856s][info][gc,stats]       Young Phase: Concurrent Mark Continue                      0.000 / 0.000         0.000 / 0.000         0.000 / 0.000         0.000 / 0.000       ms
[128.856s][info][gc,stats]       Young Phase: Concurrent Mark Free                          0.000 / 0.000         0.002 / 0.003         0.002 / 0.003         0.002 / 0.003       ms
[128.856s][info][gc,stats]       Young Phase: Concurrent Relocate                           0.000 / 0.000       587.117 / 1888.878    587.117 / 1888.878    587.117 / 1888.878    ms
[128.856s][info][gc,stats]       Young Phase: Concurrent Reset Relocation Set               0.000 / 0.000         3.217 / 17.964        3.217 / 17.964        3.217 / 17.964      ms
[128.856s][info][gc,stats]       Young Phase: Concurrent Select Relocation Set              0.000 / 0.000       235.107 / 996.925     235.107 / 996.925     235.107 / 996.925     ms
[128.856s][info][gc,stats]    Young Subphase: Concurrent Mark Follow                        0.000 / 0.000      9528.780 / 24355.865  9528.780 / 24355.865  9528.780 / 24355.865   ms
[128.856s][info][gc,stats]    Young Subphase: Concurrent Mark Root Colored                  0.000 / 0.000         0.423 / 0.849         0.423 / 0.849         0.423 / 0.849       ms
[128.856s][info][gc,stats]    Young Subphase: Concurrent Mark Root Uncolored                0.000 / 0.000         0.279 / 0.343         0.279 / 0.343         0.279 / 0.343       ms
[128.856s][info][gc,stats]    Young Subphase: Concurrent Mark Roots                         0.000 / 0.000         0.734 / 1.251         0.734 / 1.251         0.734 / 1.251       ms
[128.856s][info][gc,stats]    Young Subphase: Concurrent Relocate Remset FP                 0.000 / 0.000       586.143 / 1887.468    586.143 / 1887.468    586.143 / 1887.468    ms
[128.856s][info][gc,stats]    Young Subphase: Concurrent Roots ClassLoaderDataGraph         0.000 / 0.000         0.280 / 0.490         0.280 / 0.490         0.280 / 0.490       ms
[128.856s][info][gc,stats]    Young Subphase: Concurrent Roots CodeCache                    0.000 / 0.000         0.247 / 0.290         0.247 / 0.290         0.247 / 0.290       ms
[128.856s][info][gc,stats]    Young Subphase: Concurrent Roots JavaThreads                  0.000 / 0.000         0.017 / 0.097         0.017 / 0.097         0.017 / 0.097       ms
[128.856s][info][gc,stats]    Young Subphase: Concurrent Roots OopStorageSet                0.000 / 0.000         0.026 / 0.225         0.026 / 0.225         0.026 / 0.225       ms
[128.856s][info][gc,stats]    Young Subphase: Concurrent Weak Roots OopStorageSet           0.000 / 0.000         0.119 / 0.499         0.119 / 0.499         0.119 / 0.499       ms
[128.856s][info][gc,stats] =========================================================================================================================================================
