
=== Instance 4/8, outer iteration 127/300 (Variant clear_path_sep) ===

Affinity: allowed=36,37,38,39,40,41,42,43,44,45,46,47 jvm=36,37,38,39,40,41,42,43,44,45 aux=46,47
Benchmark args: 150000000
Command: /gorilla/home/fredrha/SimplifyingWeakRefs/build/variant-images/clear_path_sep-linux-x86_64-server-release/jdk/bin/java -Xms32g -Xmx32g -XX:+UseZGC -Xlog:gc+stats,gc+ref -XX:InitialTenuringThreshold=1 -XX:MaxTenuringThreshold=1 -XX:NativeMemoryTracking=summary /gorilla/home/fredrha/SimplifyingWeakRefs/test/weakrefs/WeakRefSingleObjectBenchmark.java 150000000

[0.004s][info][gc,ref] Reference Processor created, Config: Separate lists, optimised clear path
WeakRefSingleObjectBenchmark: weakRefCount=150000000 sleepMillis=500
Phase 1: Allocating the single target object...
Phase 2: Allocating 150000000 WeakReferences in random order...
[19.398s][info][gc,ref] GC(0) O:                           Encountered       Discovered Cleared/Enqueued 
[19.398s][info][gc,ref] GC(0) O: Soft References:                  238                0                0 
[19.398s][info][gc,ref] GC(0) O: Weak References:                 1330                0                0 
[19.398s][info][gc,ref] GC(0) O: Weak (No Queue):             21065960                0                0 
[19.398s][info][gc,ref] GC(0) O: Final References:                   0                0                0 
[19.398s][info][gc,ref] GC(0) O: Phantom References:                 1                0                0 
Allocated 150000000 weak ref holders in 15.38 seconds
Phase 3: Sleeping for 500 ms (strong ref still held)...
Phase 4: Releasing the strong reference to the target object...
Phase 5: Triggering GC...
[70.549s][info][gc,ref] GC(1) O:                           Encountered       Discovered Cleared/Enqueued 
[70.549s][info][gc,ref] GC(1) O: Soft References:                  238                0                0 
[70.549s][info][gc,ref] GC(1) O: Weak References:                 1330                0                0 
[70.549s][info][gc,ref] GC(1) O: Weak (No Queue):             79543139                0                0 
[70.549s][info][gc,ref] GC(1) O: Final References:                   0                0                0 
[70.549s][info][gc,ref] GC(1) O: Phantom References:                 1                0                0 
[122.314s][info][gc,ref] GC(3) O:                           Encountered       Discovered Cleared/Enqueued 
[122.314s][info][gc,ref] GC(3) O: Soft References:                  238                0                0 
[122.314s][info][gc,ref] GC(3) O: Weak References:                 1330              940              330 
[122.314s][info][gc,ref] GC(3) O: Weak (No Queue):            150000003        150000000        150000000 
[122.314s][info][gc,ref] GC(3) O: Final References:                   0                0                0 
[122.314s][info][gc,ref] GC(3) O: Phantom References:                 1                1                0 
Phase 6: Checking results...
Alive weak references after GC: 0 / 150000000
[139.545s][info][gc,stats] === Garbage Collection Statistics =======================================================================================================================
[139.545s][info][gc,stats]                                                              Last 10s              Last 10m              Last 10h                Total
[139.545s][info][gc,stats]                                                              Avg / Max             Avg / Max             Avg / Max             Avg / Max
[139.545s][info][gc,stats]        Contention: Mark Segment Reset Contention                     0 / 0                 0 / 41                0 / 41                0 / 41          ops/s
[139.545s][info][gc,stats]        Contention: Mark SeqNum Reset Contention                      0 / 0                 0 / 3                 0 / 3                 0 / 3           ops/s
[139.545s][info][gc,stats]          Critical: Allocation Stall                                  0 / 0                 0 / 0                 0 / 0                 0 / 0           ops/s
[139.545s][info][gc,stats]          Critical: Allocation Stall                              0.000 / 0.000         0.000 / 0.000         0.000 / 0.000         0.000 / 0.000       ms
[139.545s][info][gc,stats]          Critical: JNI Critical Stall                                0 / 0                 0 / 0                 0 / 0                 0 / 0           ops/s
[139.545s][info][gc,stats]          Critical: JNI Critical Stall                            0.000 / 0.000         0.000 / 0.000         0.000 / 0.000         0.000 / 0.000       ms
[139.545s][info][gc,stats]          Critical: Relocation Stall                                  0 / 0                 0 / 0                 0 / 0                 0 / 0           ops/s
[139.545s][info][gc,stats]          Critical: Relocation Stall                              0.000 / 0.000         0.000 / 0.000         0.000 / 0.000         0.000 / 0.000       ms
[139.545s][info][gc,stats]  Major Collection: Major Collection                              0.000 / 0.000     35856.292 / 51765.236 35856.292 / 51765.236 35856.292 / 51765.236   ms
[139.545s][info][gc,stats]            Memory: Allocation Rate                                   0 / 0                92 / 1194             92 / 1194             92 / 1194        MB/s
[139.545s][info][gc,stats]            Memory: Defragment                                        0 / 0                 0 / 0                 0 / 0                 0 / 0           ops/s
[139.545s][info][gc,stats]            Memory: Mapped Cache Harvest                              0 / 0                 0 / 0                 0 / 0                 0 / 0           MB/s
[139.545s][info][gc,stats]            Memory: Out Of Memory                                     0 / 0                 0 / 0                 0 / 0                 0 / 0           ops/s
[139.545s][info][gc,stats]            Memory: Uncommit                                          0 / 0                 0 / 0                 0 / 0                 0 / 0           MB/s
[139.545s][info][gc,stats]            Memory: Undo Object Allocation Failed                     0 / 0                 0 / 0                 0 / 0                 0 / 0           ops/s
[139.545s][info][gc,stats]            Memory: Undo Object Allocation Succeeded                  0 / 0                 0 / 0                 0 / 0                 0 / 0           ops/s
[139.545s][info][gc,stats]            Memory: Undo Page Allocation                              0 / 0                 0 / 0                 0 / 0                 0 / 0           ops/s
[139.545s][info][gc,stats]  Minor Collection: Minor Collection                              0.000 / 0.000     25852.192 / 25852.192 25852.192 / 25852.192 25852.192 / 25852.192   ms
[139.545s][info][gc,stats]    Old Generation: Old Generation                                0.000 / 0.000     20737.285 / 35925.615 20737.285 / 35925.615 20737.285 / 35925.615   ms
[139.545s][info][gc,stats]         Old Pause: Pause Mark End                                0.000 / 0.000         0.011 / 0.014         0.011 / 0.014         0.011 / 0.014       ms
[139.545s][info][gc,stats]         Old Pause: Pause Relocate Start                          0.000 / 0.000         0.012 / 0.015         0.012 / 0.015         0.012 / 0.015       ms
[139.545s][info][gc,stats]         Old Phase: Concurrent Mark                               0.000 / 0.000      8820.006 / 26459.469  8820.006 / 26459.469  8820.006 / 26459.469   ms
[139.545s][info][gc,stats]         Old Phase: Concurrent Mark Continue                      0.000 / 0.000         0.000 / 0.000         0.000 / 0.000         0.000 / 0.000       ms
[139.545s][info][gc,stats]         Old Phase: Concurrent Mark Free                          0.000 / 0.000         0.001 / 0.003         0.001 / 0.003         0.001 / 0.003       ms
[139.545s][info][gc,stats]         Old Phase: Concurrent Process Non-Strong                 0.000 / 0.000      3090.093 / 9266.342   3090.093 / 9266.342   3090.093 / 9266.342    ms
[139.545s][info][gc,stats]         Old Phase: Concurrent Relocate                           0.000 / 0.000         0.578 / 1.638         0.578 / 1.638         0.578 / 1.638       ms
[139.545s][info][gc,stats]         Old Phase: Concurrent Remap Roots                        0.000 / 0.000       208.737 / 428.088     208.737 / 428.088     208.737 / 428.088     ms
[139.545s][info][gc,stats]         Old Phase: Concurrent Reset Relocation Set               0.000 / 0.000         0.000 / 0.001         0.000 / 0.001         0.000 / 0.001       ms
[139.545s][info][gc,stats]         Old Phase: Concurrent Select Relocation Set              0.000 / 0.000         0.316 / 0.448         0.316 / 0.448         0.316 / 0.448       ms
[139.545s][info][gc,stats]      Old Subphase: Concurrent Classes Purge                      0.000 / 0.000         0.101 / 0.277         0.101 / 0.277         0.101 / 0.277       ms
[139.545s][info][gc,stats]      Old Subphase: Concurrent Classes Unlink                     0.000 / 0.000         1.329 / 1.869         1.329 / 1.869         1.329 / 1.869       ms
[139.545s][info][gc,stats]      Old Subphase: Concurrent Mark Follow                        0.000 / 0.000      8819.884 / 26459.360  8819.884 / 26459.360  8819.884 / 26459.360   ms
[139.545s][info][gc,stats]      Old Subphase: Concurrent Mark Root Colored                  0.000 / 0.000         0.042 / 0.092         0.042 / 0.092         0.042 / 0.092       ms
[139.545s][info][gc,stats]      Old Subphase: Concurrent Mark Root Uncolored                0.000 / 0.000         0.034 / 0.099         0.034 / 0.099         0.034 / 0.099       ms
[139.545s][info][gc,stats]      Old Subphase: Concurrent Mark Roots                         0.000 / 0.000         0.114 / 0.165         0.114 / 0.165         0.114 / 0.165       ms
[139.545s][info][gc,stats]      Old Subphase: Concurrent References Enqueue                 0.000 / 0.000         0.001 / 0.003         0.001 / 0.003         0.001 / 0.003       ms
[139.545s][info][gc,stats]      Old Subphase: Concurrent References Process                 0.000 / 0.000      3088.408 / 9265.177   3088.408 / 9265.177   3088.408 / 9265.177    ms
[139.545s][info][gc,stats]      Old Subphase: Concurrent Remap Remembered                   0.000 / 0.000       113.554 / 427.726     113.554 / 427.726     113.554 / 427.726     ms
[139.545s][info][gc,stats]      Old Subphase: Concurrent Remap Roots Colored                0.000 / 0.000         0.208 / 0.407         0.208 / 0.407         0.208 / 0.407       ms
[139.545s][info][gc,stats]      Old Subphase: Concurrent Remap Roots Uncolored              0.000 / 0.000         0.176 / 0.210         0.176 / 0.210         0.176 / 0.210       ms
[139.545s][info][gc,stats]      Old Subphase: Concurrent Roots ClassLoaderDataGraph         0.000 / 0.000         0.114 / 0.384         0.114 / 0.384         0.114 / 0.384       ms
[139.545s][info][gc,stats]      Old Subphase: Concurrent Roots CodeCache                    0.000 / 0.000         0.174 / 0.207         0.174 / 0.207         0.174 / 0.207       ms
[139.545s][info][gc,stats]      Old Subphase: Concurrent Roots JavaThreads                  0.000 / 0.000         0.014 / 0.099         0.014 / 0.099         0.014 / 0.099       ms
[139.545s][info][gc,stats]      Old Subphase: Concurrent Roots OopStorageSet                0.000 / 0.000         0.005 / 0.014         0.005 / 0.014         0.005 / 0.014       ms
[139.545s][info][gc,stats]      Old Subphase: Concurrent Weak Roots OopStorageSet           0.000 / 0.000         0.065 / 0.229         0.065 / 0.229         0.065 / 0.229       ms
[139.545s][info][gc,stats]            System: Java Threads                                      0 / 0                11 / 11               11 / 11               11 / 11          threads
[139.545s][info][gc,stats]  Young Generation: Young Generation                              0.000 / 0.000      9934.924 / 24858.667  9934.924 / 24858.667  9934.924 / 24858.667   ms
[139.545s][info][gc,stats]  Young Generation: Young Generation                              0.000 / 0.000     25852.124 / 25852.124 25852.124 / 25852.124 25852.124 / 25852.124   ms
[139.545s][info][gc,stats]  Young Generation: Young Generation (Collect Roots)              0.000 / 0.000      1089.898 / 1089.898   1089.898 / 1089.898   1089.898 / 1089.898    ms
[139.545s][info][gc,stats]  Young Generation: Young Generation (Promote All)                0.000 / 0.000     14749.526 / 14749.526 14749.526 / 14749.526 14749.526 / 14749.526   ms
[139.545s][info][gc,stats]       Young Pause: Pause Mark End                                0.000 / 0.000         0.014 / 0.017         0.014 / 0.017         0.014 / 0.017       ms
[139.545s][info][gc,stats]       Young Pause: Pause Mark Start                              0.000 / 0.000         0.019 / 0.023         0.019 / 0.023         0.019 / 0.023       ms
[139.545s][info][gc,stats]       Young Pause: Pause Mark Start (Major)                      0.000 / 0.000         0.023 / 0.037         0.023 / 0.037         0.023 / 0.037       ms
[139.545s][info][gc,stats]       Young Pause: Pause Relocate Start                          0.000 / 0.000         0.009 / 0.013         0.009 / 0.013         0.009 / 0.013       ms
[139.545s][info][gc,stats]       Young Phase: Concurrent Mark                               0.000 / 0.000     11077.973 / 24660.952 11077.973 / 24660.952 11077.973 / 24660.952   ms
[139.545s][info][gc,stats]       Young Phase: Concurrent Mark Continue                      0.000 / 0.000         0.000 / 0.000         0.000 / 0.000         0.000 / 0.000       ms
[139.545s][info][gc,stats]       Young Phase: Concurrent Mark Free                          0.000 / 0.000         0.006 / 0.021         0.006 / 0.021         0.006 / 0.021       ms
[139.545s][info][gc,stats]       Young Phase: Concurrent Relocate                           0.000 / 0.000       594.023 / 1961.033    594.023 / 1961.033    594.023 / 1961.033    ms
[139.545s][info][gc,stats]       Young Phase: Concurrent Reset Relocation Set               0.000 / 0.000         2.291 / 12.416        2.291 / 12.416        2.291 / 12.416      ms
[139.545s][info][gc,stats]       Young Phase: Concurrent Select Relocation Set              0.000 / 0.000       241.526 / 542.175     241.526 / 542.175     241.526 / 542.175     ms
[139.545s][info][gc,stats]    Young Subphase: Concurrent Mark Follow                        0.000 / 0.000     11077.177 / 24660.371 11077.177 / 24660.371 11077.177 / 24660.371   ms
[139.545s][info][gc,stats]    Young Subphase: Concurrent Mark Root Colored                  0.000 / 0.000         0.458 / 0.983         0.458 / 0.983         0.458 / 0.983       ms
[139.545s][info][gc,stats]    Young Subphase: Concurrent Mark Root Uncolored                0.000 / 0.000         0.301 / 0.364         0.301 / 0.364         0.301 / 0.364       ms
[139.545s][info][gc,stats]    Young Subphase: Concurrent Mark Roots                         0.000 / 0.000         0.794 / 1.288         0.794 / 1.288         0.794 / 1.288       ms
[139.545s][info][gc,stats]    Young Subphase: Concurrent Relocate Remset FP                 0.000 / 0.000       593.205 / 1958.733    593.205 / 1958.733    593.205 / 1958.733    ms
[139.545s][info][gc,stats]    Young Subphase: Concurrent Roots ClassLoaderDataGraph         0.000 / 0.000         0.328 / 0.824         0.328 / 0.824         0.328 / 0.824       ms
[139.545s][info][gc,stats]    Young Subphase: Concurrent Roots CodeCache                    0.000 / 0.000         0.263 / 0.322         0.263 / 0.322         0.263 / 0.322       ms
[139.545s][info][gc,stats]    Young Subphase: Concurrent Roots JavaThreads                  0.000 / 0.000         0.020 / 0.129         0.020 / 0.129         0.020 / 0.129       ms
[139.545s][info][gc,stats]    Young Subphase: Concurrent Roots OopStorageSet                0.000 / 0.000         0.031 / 0.134         0.031 / 0.134         0.031 / 0.134       ms
[139.545s][info][gc,stats]    Young Subphase: Concurrent Weak Roots OopStorageSet           0.000 / 0.000         0.105 / 0.373         0.105 / 0.373         0.105 / 0.373       ms
[139.545s][info][gc,stats] =========================================================================================================================================================
