
=== Instance 7/8, outer iteration 240/300 (Variant clear_path_dyn) ===

Affinity: allowed=24,25,26,27,28,29,30,31,32,33,34,35 jvm=24,25,26,27,28,29,30,31,32,33 aux=34,35
Benchmark args: 150000000
Command: /gorilla/home/fredrha/SimplifyingWeakRefs/build/variant-images/clear_path_dyn-linux-x86_64-server-release/jdk/bin/java -Xms32g -Xmx32g -XX:+UseZGC -Xlog:gc+stats,gc+ref -XX:InitialTenuringThreshold=1 -XX:MaxTenuringThreshold=1 -XX:NativeMemoryTracking=summary /gorilla/home/fredrha/SimplifyingWeakRefs/test/weakrefs/WeakRefSingleObjectBenchmark.java 150000000

[0.004s][info][gc,ref] Reference Processor created, Config: Optimised clear path, dynamic array
WeakRefSingleObjectBenchmark: weakRefCount=150000000 sleepMillis=500
Phase 1: Allocating the single target object...
Phase 2: Allocating 150000000 WeakReferences in random order...
[19.319s][info][gc,ref] GC(0) O:                           Encountered       Discovered Cleared/Enqueued 
[19.319s][info][gc,ref] GC(0) O: Soft References:                  238                0                0 
[19.319s][info][gc,ref] GC(0) O: Weak References:                 1330                0                0 
[19.319s][info][gc,ref] GC(0) O: Weak (No Queue):             20999468                0                0 
[19.319s][info][gc,ref] GC(0) O: Final References:                   0                0                0 
[19.319s][info][gc,ref] GC(0) O: Phantom References:                 1                0                0 
Allocated 150000000 weak ref holders in 15.10 seconds
Phase 3: Sleeping for 500 ms (strong ref still held)...
Phase 4: Releasing the strong reference to the target object...
Phase 5: Triggering GC...
[62.124s][info][gc,ref] GC(1) O:                           Encountered       Discovered Cleared/Enqueued 
[62.124s][info][gc,ref] GC(1) O: Soft References:                  238                0                0 
[62.124s][info][gc,ref] GC(1) O: Weak References:                 1330                0                0 
[62.124s][info][gc,ref] GC(1) O: Weak (No Queue):             78378106                0                0 
[62.124s][info][gc,ref] GC(1) O: Final References:                   0                0                0 
[62.124s][info][gc,ref] GC(1) O: Phantom References:                 1                0                0 
[106.529s][info][gc,ref] GC(3) O:                           Encountered       Discovered Cleared/Enqueued 
[106.529s][info][gc,ref] GC(3) O: Soft References:                  238                0                0 
[106.529s][info][gc,ref] GC(3) O: Weak References:                 1330              936              330 
[106.529s][info][gc,ref] GC(3) O: Weak (No Queue):            150000003        150000000        150000000 
[106.529s][info][gc,ref] GC(3) O: Final References:                   0                0                0 
[106.529s][info][gc,ref] GC(3) O: Phantom References:                 1                1                0 
Phase 6: Checking results...
Alive weak references after GC: 0 / 150000000
[119.612s][info][gc,stats] === Garbage Collection Statistics =======================================================================================================================
[119.612s][info][gc,stats]                                                              Last 10s              Last 10m              Last 10h                Total
[119.612s][info][gc,stats]                                                              Avg / Max             Avg / Max             Avg / Max             Avg / Max
[119.612s][info][gc,stats]        Contention: Mark Segment Reset Contention                     0 / 0                 0 / 33                0 / 33                0 / 33          ops/s
[119.612s][info][gc,stats]        Contention: Mark SeqNum Reset Contention                      0 / 0                 0 / 4                 0 / 4                 0 / 4           ops/s
[119.612s][info][gc,stats]          Critical: Allocation Stall                                  0 / 0                 0 / 0                 0 / 0                 0 / 0           ops/s
[119.612s][info][gc,stats]          Critical: Allocation Stall                              0.000 / 0.000         0.000 / 0.000         0.000 / 0.000         0.000 / 0.000       ms
[119.612s][info][gc,stats]          Critical: JNI Critical Stall                                0 / 0                 0 / 0                 0 / 0                 0 / 0           ops/s
[119.612s][info][gc,stats]          Critical: JNI Critical Stall                            0.000 / 0.000         0.000 / 0.000         0.000 / 0.000         0.000 / 0.000       ms
[119.612s][info][gc,stats]          Critical: Relocation Stall                                  0 / 0                 0 / 0                 0 / 0                 0 / 0           ops/s
[119.612s][info][gc,stats]          Critical: Relocation Stall                              0.000 / 0.000         0.000 / 0.000         0.000 / 0.000         0.000 / 0.000       ms
[119.612s][info][gc,stats]  Major Collection: Major Collection                              0.000 / 0.000     30555.225 / 44405.133 30555.225 / 44405.133 30555.225 / 44405.133   ms
[119.612s][info][gc,stats]            Memory: Allocation Rate                                   0 / 0               108 / 1194            108 / 1194            108 / 1194        MB/s
[119.612s][info][gc,stats]            Memory: Defragment                                        0 / 0                 0 / 0                 0 / 0                 0 / 0           ops/s
[119.612s][info][gc,stats]            Memory: Mapped Cache Harvest                              0 / 0                 0 / 0                 0 / 0                 0 / 0           MB/s
[119.612s][info][gc,stats]            Memory: Out Of Memory                                     0 / 0                 0 / 0                 0 / 0                 0 / 0           ops/s
[119.612s][info][gc,stats]            Memory: Uncommit                                          0 / 0                 0 / 0                 0 / 0                 0 / 0           MB/s
[119.612s][info][gc,stats]            Memory: Undo Object Allocation Failed                     0 / 0                 0 / 0                 0 / 0                 0 / 0           ops/s
[119.612s][info][gc,stats]            Memory: Undo Object Allocation Succeeded                  0 / 0                 0 / 0                 0 / 0                 0 / 0           ops/s
[119.612s][info][gc,stats]            Memory: Undo Page Allocation                              0 / 0                 0 / 0                 0 / 0                 0 / 0           ops/s
[119.612s][info][gc,stats]  Minor Collection: Minor Collection                              0.000 / 0.000     22666.208 / 22666.208 22666.208 / 22666.208 22666.208 / 22666.208   ms
[119.612s][info][gc,stats]    Old Generation: Old Generation                                0.000 / 0.000     17864.194 / 30499.713 17864.194 / 30499.713 17864.194 / 30499.713   ms
[119.612s][info][gc,stats]         Old Pause: Pause Mark End                                0.000 / 0.000         0.012 / 0.016         0.012 / 0.016         0.012 / 0.016       ms
[119.612s][info][gc,stats]         Old Pause: Pause Relocate Start                          0.000 / 0.000         0.013 / 0.014         0.013 / 0.014         0.013 / 0.014       ms
[119.612s][info][gc,stats]         Old Phase: Concurrent Mark                               0.000 / 0.000      9252.036 / 27755.508  9252.036 / 27755.508  9252.036 / 27755.508   ms
[119.612s][info][gc,stats]         Old Phase: Concurrent Mark Continue                      0.000 / 0.000         0.000 / 0.000         0.000 / 0.000         0.000 / 0.000       ms
[119.612s][info][gc,stats]         Old Phase: Concurrent Mark Free                          0.000 / 0.000         0.002 / 0.006         0.002 / 0.006         0.002 / 0.006       ms
[119.612s][info][gc,stats]         Old Phase: Concurrent Process Non-Strong                 0.000 / 0.000       841.193 / 2519.220    841.193 / 2519.220    841.193 / 2519.220    ms
[119.612s][info][gc,stats]         Old Phase: Concurrent Relocate                           0.000 / 0.000         0.253 / 0.605         0.253 / 0.605         0.253 / 0.605       ms
[119.612s][info][gc,stats]         Old Phase: Concurrent Remap Roots                        0.000 / 0.000       214.848 / 420.133     214.848 / 420.133     214.848 / 420.133     ms
[119.612s][info][gc,stats]         Old Phase: Concurrent Reset Relocation Set               0.000 / 0.000         0.000 / 0.001         0.000 / 0.001         0.000 / 0.001       ms
[119.612s][info][gc,stats]         Old Phase: Concurrent Select Relocation Set              0.000 / 0.000         0.318 / 0.418         0.318 / 0.418         0.318 / 0.418       ms
[119.612s][info][gc,stats]      Old Subphase: Concurrent Classes Purge                      0.000 / 0.000         0.161 / 0.465         0.161 / 0.465         0.161 / 0.465       ms
[119.612s][info][gc,stats]      Old Subphase: Concurrent Classes Unlink                     0.000 / 0.000         1.339 / 2.017         1.339 / 2.017         1.339 / 2.017       ms
[119.612s][info][gc,stats]      Old Subphase: Concurrent Mark Follow                        0.000 / 0.000      9251.918 / 27755.397  9251.918 / 27755.397  9251.918 / 27755.397   ms
[119.612s][info][gc,stats]      Old Subphase: Concurrent Mark Root Colored                  0.000 / 0.000         0.042 / 0.091         0.042 / 0.091         0.042 / 0.091       ms
[119.612s][info][gc,stats]      Old Subphase: Concurrent Mark Root Uncolored                0.000 / 0.000         0.031 / 0.089         0.031 / 0.089         0.031 / 0.089       ms
[119.612s][info][gc,stats]      Old Subphase: Concurrent Mark Roots                         0.000 / 0.000         0.111 / 0.165         0.111 / 0.165         0.111 / 0.165       ms
[119.612s][info][gc,stats]      Old Subphase: Concurrent References Enqueue                 0.000 / 0.000         0.001 / 0.004         0.001 / 0.004         0.001 / 0.004       ms
[119.612s][info][gc,stats]      Old Subphase: Concurrent References Process                 0.000 / 0.000       839.410 / 2518.180    839.410 / 2518.180    839.410 / 2518.180    ms
[119.612s][info][gc,stats]      Old Subphase: Concurrent Remap Remembered                   0.000 / 0.000       121.376 / 419.715     121.376 / 419.715     121.376 / 419.715     ms
[119.612s][info][gc,stats]      Old Subphase: Concurrent Remap Roots Colored                0.000 / 0.000         0.208 / 0.406         0.208 / 0.406         0.208 / 0.406       ms
[119.612s][info][gc,stats]      Old Subphase: Concurrent Remap Roots Uncolored              0.000 / 0.000         0.171 / 0.214         0.171 / 0.214         0.171 / 0.214       ms
[119.612s][info][gc,stats]      Old Subphase: Concurrent Roots ClassLoaderDataGraph         0.000 / 0.000         0.115 / 0.382         0.115 / 0.382         0.115 / 0.382       ms
[119.612s][info][gc,stats]      Old Subphase: Concurrent Roots CodeCache                    0.000 / 0.000         0.170 / 0.212         0.170 / 0.212         0.170 / 0.212       ms
[119.612s][info][gc,stats]      Old Subphase: Concurrent Roots JavaThreads                  0.000 / 0.000         0.013 / 0.089         0.013 / 0.089         0.013 / 0.089       ms
[119.612s][info][gc,stats]      Old Subphase: Concurrent Roots OopStorageSet                0.000 / 0.000         0.004 / 0.013         0.004 / 0.013         0.004 / 0.013       ms
[119.612s][info][gc,stats]      Old Subphase: Concurrent Weak Roots OopStorageSet           0.000 / 0.000         0.062 / 0.221         0.062 / 0.221         0.062 / 0.221       ms
[119.612s][info][gc,stats]            System: Java Threads                                      0 / 0                11 / 11               11 / 11               11 / 11          threads
[119.612s][info][gc,stats]  Young Generation: Young Generation                              0.000 / 0.000      8168.193 / 19707.586  8168.193 / 19707.586  8168.193 / 19707.586   ms
[119.612s][info][gc,stats]  Young Generation: Young Generation                              0.000 / 0.000     22666.160 / 22666.160 22666.160 / 22666.160 22666.160 / 22666.160   ms
[119.612s][info][gc,stats]  Young Generation: Young Generation (Collect Roots)              0.000 / 0.000      1107.373 / 1107.373   1107.373 / 1107.373   1107.373 / 1107.373    ms
[119.612s][info][gc,stats]  Young Generation: Young Generation (Promote All)                0.000 / 0.000     12797.918 / 12797.918 12797.918 / 12797.918 12797.918 / 12797.918   ms
[119.612s][info][gc,stats]       Young Pause: Pause Mark End                                0.000 / 0.000         0.014 / 0.015         0.014 / 0.015         0.014 / 0.015       ms
[119.612s][info][gc,stats]       Young Pause: Pause Mark Start                              0.000 / 0.000         0.020 / 0.025         0.020 / 0.025         0.020 / 0.025       ms
[119.612s][info][gc,stats]       Young Pause: Pause Mark Start (Major)                      0.000 / 0.000         0.022 / 0.031         0.022 / 0.031         0.022 / 0.031       ms
[119.612s][info][gc,stats]       Young Pause: Pause Relocate Start                          0.000 / 0.000         0.009 / 0.015         0.009 / 0.015         0.009 / 0.015       ms
[119.612s][info][gc,stats]       Young Phase: Concurrent Mark                               0.000 / 0.000      9349.372 / 21500.395  9349.372 / 21500.395  9349.372 / 21500.395   ms
[119.612s][info][gc,stats]       Young Phase: Concurrent Mark Continue                      0.000 / 0.000         0.000 / 0.000         0.000 / 0.000         0.000 / 0.000       ms
[119.612s][info][gc,stats]       Young Phase: Concurrent Mark Free                          0.000 / 0.000         0.005 / 0.008         0.005 / 0.008         0.005 / 0.008       ms
[119.612s][info][gc,stats]       Young Phase: Concurrent Relocate                           0.000 / 0.000       593.163 / 1931.267    593.163 / 1931.267    593.163 / 1931.267    ms
[119.612s][info][gc,stats]       Young Phase: Concurrent Reset Relocation Set               0.000 / 0.000         0.284 / 0.801         0.284 / 0.801         0.284 / 0.801       ms
[119.612s][info][gc,stats]       Young Phase: Concurrent Select Relocation Set              0.000 / 0.000       236.225 / 554.949     236.225 / 554.949     236.225 / 554.949     ms
[119.612s][info][gc,stats]    Young Subphase: Concurrent Mark Follow                        0.000 / 0.000      9348.592 / 21499.791  9348.592 / 21499.791  9348.592 / 21499.791   ms
[119.612s][info][gc,stats]    Young Subphase: Concurrent Mark Root Colored                  0.000 / 0.000         0.463 / 0.880         0.463 / 0.880         0.463 / 0.880       ms
[119.612s][info][gc,stats]    Young Subphase: Concurrent Mark Root Uncolored                0.000 / 0.000         0.281 / 0.356         0.281 / 0.356         0.281 / 0.356       ms
[119.612s][info][gc,stats]    Young Subphase: Concurrent Mark Roots                         0.000 / 0.000         0.778 / 1.290         0.778 / 1.290         0.778 / 1.290       ms
[119.612s][info][gc,stats]    Young Subphase: Concurrent Relocate Remset FP                 0.000 / 0.000       592.572 / 1930.672    592.572 / 1930.672    592.572 / 1930.672    ms
[119.612s][info][gc,stats]    Young Subphase: Concurrent Roots ClassLoaderDataGraph         0.000 / 0.000         0.323 / 0.740         0.323 / 0.740         0.323 / 0.740       ms
[119.612s][info][gc,stats]    Young Subphase: Concurrent Roots CodeCache                    0.000 / 0.000         0.248 / 0.312         0.248 / 0.312         0.248 / 0.312       ms
[119.612s][info][gc,stats]    Young Subphase: Concurrent Roots JavaThreads                  0.000 / 0.000         0.017 / 0.107         0.017 / 0.107         0.017 / 0.107       ms
[119.612s][info][gc,stats]    Young Subphase: Concurrent Roots OopStorageSet                0.000 / 0.000         0.023 / 0.165         0.023 / 0.165         0.023 / 0.165       ms
[119.612s][info][gc,stats]    Young Subphase: Concurrent Weak Roots OopStorageSet           0.000 / 0.000         0.119 / 0.468         0.119 / 0.468         0.119 / 0.468       ms
[119.612s][info][gc,stats] =========================================================================================================================================================
