
=== Instance 6/8, outer iteration 200/300 (Variant sep_dyn) ===

Affinity: allowed=12,13,14,15,16,17,18,19,20,21,22,23 jvm=12,13,14,15,16,17,18,19,20,21 aux=22,23
Benchmark args: 150000000
Command: /gorilla/home/fredrha/SimplifyingWeakRefs/build/variant-images/sep_dyn-linux-x86_64-server-release/jdk/bin/java -Xms32g -Xmx32g -XX:+UseZGC -Xlog:gc+stats,gc+ref -XX:InitialTenuringThreshold=1 -XX:MaxTenuringThreshold=1 -XX:NativeMemoryTracking=summary /gorilla/home/fredrha/SimplifyingWeakRefs/test/weakrefs/WeakRefSingleObjectBenchmark.java 150000000

[0.004s][info][gc,ref] Reference Processor created, Config: Separate lists, dynamic array
WeakRefSingleObjectBenchmark: weakRefCount=150000000 sleepMillis=500
Phase 1: Allocating the single target object...
Phase 2: Allocating 150000000 WeakReferences in random order...
[22.822s][info][gc,ref] GC(0) O:                           Encountered       Discovered Cleared/Enqueued 
[22.822s][info][gc,ref] GC(0) O: Soft References:                  238                0                0 
[22.822s][info][gc,ref] GC(0) O: Weak References:                 1330                0                0 
[22.822s][info][gc,ref] GC(0) O: Weak (No Queue):             21007474                0                0 
[22.822s][info][gc,ref] GC(0) O: Final References:                   0                0                0 
[22.822s][info][gc,ref] GC(0) O: Phantom References:                 1                0                0 
Allocated 150000000 weak ref holders in 14.92 seconds
Phase 3: Sleeping for 500 ms (strong ref still held)...
Phase 4: Releasing the strong reference to the target object...
Phase 5: Triggering GC...
[65.453s][info][gc,ref] GC(1) O:                           Encountered       Discovered Cleared/Enqueued 
[65.453s][info][gc,ref] GC(1) O: Soft References:                  238                0                0 
[65.453s][info][gc,ref] GC(1) O: Weak References:                 1330                0                0 
[65.453s][info][gc,ref] GC(1) O: Weak (No Queue):            128692015                0                0 
[65.453s][info][gc,ref] GC(1) O: Final References:                   0                0                0 
[65.453s][info][gc,ref] GC(1) O: Phantom References:                 1                0                0 
[99.967s][info][gc,ref] GC(3) O:                           Encountered       Discovered Cleared/Enqueued 
[99.967s][info][gc,ref] GC(3) O: Soft References:                  238                0                0 
[99.967s][info][gc,ref] GC(3) O: Weak References:                 1330             1045              330 
[99.967s][info][gc,ref] GC(3) O: Weak (No Queue):            150000003        150000000        150000000 
[99.967s][info][gc,ref] GC(3) O: Final References:                   0                0                0 
[99.967s][info][gc,ref] GC(3) O: Phantom References:                 1                1                0 
Phase 6: Checking results...
Alive weak references after GC: 0 / 150000000
[116.934s][info][gc,stats] === Garbage Collection Statistics =======================================================================================================================
[116.934s][info][gc,stats]                                                              Last 10s              Last 10m              Last 10h                Total
[116.934s][info][gc,stats]                                                              Avg / Max             Avg / Max             Avg / Max             Avg / Max
[116.934s][info][gc,stats]        Contention: Mark Segment Reset Contention                     0 / 0                 0 / 13                0 / 13                0 / 13          ops/s
[116.934s][info][gc,stats]        Contention: Mark SeqNum Reset Contention                      0 / 0                 0 / 5                 0 / 5                 0 / 5           ops/s
[116.934s][info][gc,stats]          Critical: Allocation Stall                                  0 / 0                 0 / 0                 0 / 0                 0 / 0           ops/s
[116.934s][info][gc,stats]          Critical: Allocation Stall                              0.000 / 0.000         0.000 / 0.000         0.000 / 0.000         0.000 / 0.000       ms
[116.934s][info][gc,stats]          Critical: JNI Critical Stall                                0 / 0                 0 / 0                 0 / 0                 0 / 0           ops/s
[116.934s][info][gc,stats]          Critical: JNI Critical Stall                            0.000 / 0.000         0.000 / 0.000         0.000 / 0.000         0.000 / 0.000       ms
[116.934s][info][gc,stats]          Critical: Relocation Stall                                  0 / 0                 0 / 0                 0 / 0                 0 / 0           ops/s
[116.934s][info][gc,stats]          Critical: Relocation Stall                              0.000 / 0.000         0.000 / 0.000         0.000 / 0.000         0.000 / 0.000       ms
[116.934s][info][gc,stats]  Major Collection: Major Collection                              0.000 / 0.000     28470.558 / 42628.595 28470.558 / 42628.595 28470.558 / 42628.595   ms
[116.934s][info][gc,stats]            Memory: Allocation Rate                                   0 / 0               111 / 1192            111 / 1192            111 / 1192        MB/s
[116.934s][info][gc,stats]            Memory: Defragment                                        0 / 0                 0 / 0                 0 / 0                 0 / 0           ops/s
[116.934s][info][gc,stats]            Memory: Mapped Cache Harvest                              0 / 0                 0 / 0                 0 / 0                 0 / 0           MB/s
[116.934s][info][gc,stats]            Memory: Out Of Memory                                     0 / 0                 0 / 0                 0 / 0                 0 / 0           ops/s
[116.934s][info][gc,stats]            Memory: Uncommit                                          0 / 0                 0 / 0                 0 / 0                 0 / 0           MB/s
[116.934s][info][gc,stats]            Memory: Undo Object Allocation Failed                     0 / 0                 0 / 0                 0 / 0                 0 / 0           ops/s
[116.934s][info][gc,stats]            Memory: Undo Object Allocation Succeeded                  0 / 0                 0 / 0                 0 / 0                 0 / 0           ops/s
[116.934s][info][gc,stats]            Memory: Undo Page Allocation                              0 / 0                 0 / 0                 0 / 0                 0 / 0           ops/s
[116.934s][info][gc,stats]  Minor Collection: Minor Collection                              0.000 / 0.000     22673.730 / 22673.730 22673.730 / 22673.730 22673.730 / 22673.730   ms
[116.934s][info][gc,stats]    Old Generation: Old Generation                                0.000 / 0.000     17657.062 / 29863.351 17657.062 / 29863.351 17657.062 / 29863.351   ms
[116.934s][info][gc,stats]         Old Pause: Pause Mark End                                0.000 / 0.000         0.011 / 0.014         0.011 / 0.014         0.011 / 0.014       ms
[116.934s][info][gc,stats]         Old Pause: Pause Relocate Start                          0.000 / 0.000         0.011 / 0.012         0.011 / 0.012         0.011 / 0.012       ms
[116.934s][info][gc,stats]         Old Phase: Concurrent Mark                               0.000 / 0.000      8223.907 / 24671.126  8223.907 / 24671.126  8223.907 / 24671.126   ms
[116.934s][info][gc,stats]         Old Phase: Concurrent Mark Continue                      0.000 / 0.000         0.000 / 0.000         0.000 / 0.000         0.000 / 0.000       ms
[116.934s][info][gc,stats]         Old Phase: Concurrent Mark Free                          0.000 / 0.000         0.001 / 0.003         0.001 / 0.003         0.001 / 0.003       ms
[116.934s][info][gc,stats]         Old Phase: Concurrent Process Non-Strong                 0.000 / 0.000      1656.538 / 4965.767   1656.538 / 4965.767   1656.538 / 4965.767    ms
[116.934s][info][gc,stats]         Old Phase: Concurrent Relocate                           0.000 / 0.000         0.515 / 1.395         0.515 / 1.395         0.515 / 1.395       ms
[116.934s][info][gc,stats]         Old Phase: Concurrent Remap Roots                        0.000 / 0.000       217.744 / 428.245     217.744 / 428.245     217.744 / 428.245     ms
[116.934s][info][gc,stats]         Old Phase: Concurrent Reset Relocation Set               0.000 / 0.000         0.000 / 0.000         0.000 / 0.000         0.000 / 0.000       ms
[116.934s][info][gc,stats]         Old Phase: Concurrent Select Relocation Set              0.000 / 0.000         0.320 / 0.427         0.320 / 0.427         0.320 / 0.427       ms
[116.934s][info][gc,stats]      Old Subphase: Concurrent Classes Purge                      0.000 / 0.000         0.098 / 0.274         0.098 / 0.274         0.098 / 0.274       ms
[116.934s][info][gc,stats]      Old Subphase: Concurrent Classes Unlink                     0.000 / 0.000         1.307 / 1.944         1.307 / 1.944         1.307 / 1.944       ms
[116.934s][info][gc,stats]      Old Subphase: Concurrent Mark Follow                        0.000 / 0.000      8223.798 / 24671.035  8223.798 / 24671.035  8223.798 / 24671.035   ms
[116.934s][info][gc,stats]      Old Subphase: Concurrent Mark Root Colored                  0.000 / 0.000         0.035 / 0.075         0.035 / 0.075         0.035 / 0.075       ms
[116.934s][info][gc,stats]      Old Subphase: Concurrent Mark Root Uncolored                0.000 / 0.000         0.033 / 0.095         0.033 / 0.095         0.033 / 0.095       ms
[116.934s][info][gc,stats]      Old Subphase: Concurrent Mark Roots                         0.000 / 0.000         0.105 / 0.168         0.105 / 0.168         0.105 / 0.168       ms
[116.934s][info][gc,stats]      Old Subphase: Concurrent References Enqueue                 0.000 / 0.000         0.001 / 0.003         0.001 / 0.003         0.001 / 0.003       ms
[116.934s][info][gc,stats]      Old Subphase: Concurrent References Process                 0.000 / 0.000      1654.926 / 4964.751   1654.926 / 4964.751   1654.926 / 4964.751    ms
[116.934s][info][gc,stats]      Old Subphase: Concurrent Remap Remembered                   0.000 / 0.000       122.585 / 427.878     122.585 / 427.878     122.585 / 427.878     ms
[116.934s][info][gc,stats]      Old Subphase: Concurrent Remap Roots Colored                0.000 / 0.000         0.211 / 0.376         0.211 / 0.376         0.211 / 0.376       ms
[116.934s][info][gc,stats]      Old Subphase: Concurrent Remap Roots Uncolored              0.000 / 0.000         0.139 / 0.175         0.139 / 0.175         0.139 / 0.175       ms
[116.934s][info][gc,stats]      Old Subphase: Concurrent Roots ClassLoaderDataGraph         0.000 / 0.000         0.116 / 0.355         0.116 / 0.355         0.116 / 0.355       ms
[116.934s][info][gc,stats]      Old Subphase: Concurrent Roots CodeCache                    0.000 / 0.000         0.137 / 0.173         0.137 / 0.173         0.137 / 0.173       ms
[116.934s][info][gc,stats]      Old Subphase: Concurrent Roots JavaThreads                  0.000 / 0.000         0.013 / 0.095         0.013 / 0.095         0.013 / 0.095       ms
[116.934s][info][gc,stats]      Old Subphase: Concurrent Roots OopStorageSet                0.000 / 0.000         0.003 / 0.007         0.003 / 0.007         0.003 / 0.007       ms
[116.934s][info][gc,stats]      Old Subphase: Concurrent Weak Roots OopStorageSet           0.000 / 0.000         0.052 / 0.131         0.052 / 0.131         0.052 / 0.131       ms
[116.934s][info][gc,stats]            System: Java Threads                                      0 / 0                11 / 11               11 / 11               11 / 11          threads
[116.934s][info][gc,stats]  Young Generation: Young Generation                              0.000 / 0.000      9375.509 / 19523.500  9375.509 / 19523.500  9375.509 / 19523.500   ms
[116.934s][info][gc,stats]  Young Generation: Young Generation                              0.000 / 0.000     22673.686 / 22673.686 22673.686 / 22673.686 22673.686 / 22673.686   ms
[116.934s][info][gc,stats]  Young Generation: Young Generation (Collect Roots)              0.000 / 0.000       278.363 / 278.363     278.363 / 278.363     278.363 / 278.363     ms
[116.934s][info][gc,stats]  Young Generation: Young Generation (Promote All)                0.000 / 0.000      4372.124 / 4372.124   4372.124 / 4372.124   4372.124 / 4372.124    ms
[116.934s][info][gc,stats]       Young Pause: Pause Mark End                                0.000 / 0.000         0.013 / 0.013         0.013 / 0.013         0.013 / 0.013       ms
[116.934s][info][gc,stats]       Young Pause: Pause Mark Start                              0.000 / 0.000         0.017 / 0.019         0.017 / 0.019         0.017 / 0.019       ms
[116.934s][info][gc,stats]       Young Pause: Pause Mark Start (Major)                      0.000 / 0.000         0.022 / 0.031         0.022 / 0.031         0.022 / 0.031       ms
[116.934s][info][gc,stats]       Young Pause: Pause Relocate Start                          0.000 / 0.000         0.008 / 0.013         0.008 / 0.013         0.008 / 0.013       ms
[116.934s][info][gc,stats]       Young Phase: Concurrent Mark                               0.000 / 0.000      8416.983 / 20505.483  8416.983 / 20505.483  8416.983 / 20505.483   ms
[116.934s][info][gc,stats]       Young Phase: Concurrent Mark Continue                      0.000 / 0.000         0.000 / 0.000         0.000 / 0.000         0.000 / 0.000       ms
[116.934s][info][gc,stats]       Young Phase: Concurrent Mark Free                          0.000 / 0.000         0.003 / 0.009         0.003 / 0.009         0.003 / 0.009       ms
[116.934s][info][gc,stats]       Young Phase: Concurrent Relocate                           0.000 / 0.000       582.566 / 1891.690    582.566 / 1891.690    582.566 / 1891.690    ms
[116.934s][info][gc,stats]       Young Phase: Concurrent Reset Relocation Set               0.000 / 0.000         0.262 / 1.071         0.262 / 1.071         0.262 / 1.071       ms
[116.934s][info][gc,stats]       Young Phase: Concurrent Select Relocation Set              0.000 / 0.000       241.742 / 830.979     241.742 / 830.979     241.742 / 830.979     ms
[116.934s][info][gc,stats]    Young Subphase: Concurrent Mark Follow                        0.000 / 0.000      8416.273 / 20504.889  8416.273 / 20504.889  8416.273 / 20504.889   ms
[116.934s][info][gc,stats]    Young Subphase: Concurrent Mark Root Colored                  0.000 / 0.000         0.412 / 0.878         0.412 / 0.878         0.412 / 0.878       ms
[116.934s][info][gc,stats]    Young Subphase: Concurrent Mark Root Uncolored                0.000 / 0.000         0.261 / 0.364         0.261 / 0.364         0.261 / 0.364       ms
[116.934s][info][gc,stats]    Young Subphase: Concurrent Mark Roots                         0.000 / 0.000         0.708 / 1.303         0.708 / 1.303         0.708 / 1.303       ms
[116.934s][info][gc,stats]    Young Subphase: Concurrent Relocate Remset FP                 0.000 / 0.000       581.883 / 1889.979    581.883 / 1889.979    581.883 / 1889.979    ms
[116.934s][info][gc,stats]    Young Subphase: Concurrent Roots ClassLoaderDataGraph         0.000 / 0.000         0.281 / 0.442         0.281 / 0.442         0.281 / 0.442       ms
[116.934s][info][gc,stats]    Young Subphase: Concurrent Roots CodeCache                    0.000 / 0.000         0.228 / 0.308         0.228 / 0.308         0.228 / 0.308       ms
[116.934s][info][gc,stats]    Young Subphase: Concurrent Roots JavaThreads                  0.000 / 0.000         0.017 / 0.106         0.017 / 0.106         0.017 / 0.106       ms
[116.934s][info][gc,stats]    Young Subphase: Concurrent Roots OopStorageSet                0.000 / 0.000         0.029 / 0.178         0.029 / 0.178         0.029 / 0.178       ms
[116.934s][info][gc,stats]    Young Subphase: Concurrent Weak Roots OopStorageSet           0.000 / 0.000         0.108 / 0.415         0.108 / 0.415         0.108 / 0.415       ms
[116.934s][info][gc,stats] =========================================================================================================================================================
