
=== Instance 1/8, outer iteration 22/300 (Variant none) ===

Affinity: allowed=0,1,2,3,4,5,6,7,8,9,10,11 jvm=0,1,2,3,4,5,6,7,8,9 aux=10,11
Benchmark args: 150000000
Command: /gorilla/home/fredrha/SimplifyingWeakRefs/build/variant-images/none-linux-x86_64-server-release/jdk/bin/java -Xms32g -Xmx32g -XX:+UseZGC -Xlog:gc+stats,gc+ref -XX:InitialTenuringThreshold=1 -XX:MaxTenuringThreshold=1 -XX:NativeMemoryTracking=summary /gorilla/home/fredrha/SimplifyingWeakRefs/test/weakrefs/WeakRefSingleObjectBenchmark.java 150000000

WeakRefSingleObjectBenchmark: weakRefCount=150000000 sleepMillis=500
Phase 1: Allocating the single target object...
Phase 2: Allocating 150000000 WeakReferences in random order...
[33.801s][info][gc,ref] GC(0) O:                       Encountered   Discovered     Enqueued 
[33.801s][info][gc,ref] GC(0) O: Soft References:              238            0            0 
[33.801s][info][gc,ref] GC(0) O: Weak References:         21107852            0            0 
[33.801s][info][gc,ref] GC(0) O: Final References:               0            0            0 
[33.801s][info][gc,ref] GC(0) O: Phantom References:             1            0            0 
Allocated 150000000 weak ref holders in 15.02 seconds
Phase 3: Sleeping for 500 ms (strong ref still held)...
Phase 4: Releasing the strong reference to the target object...
Phase 5: Triggering GC...
[89.339s][info][gc,ref] GC(1) O:                       Encountered   Discovered     Enqueued 
[89.339s][info][gc,ref] GC(1) O: Soft References:              238            0            0 
[89.339s][info][gc,ref] GC(1) O: Weak References:        127764162            0            0 
[89.339s][info][gc,ref] GC(1) O: Final References:               0            0            0 
[89.339s][info][gc,ref] GC(1) O: Phantom References:             1            0            0 
[127.500s][info][gc,ref] GC(3) O:                       Encountered   Discovered     Enqueued 
[127.500s][info][gc,ref] GC(3) O: Soft References:              238            0            0 
[127.500s][info][gc,ref] GC(3) O: Weak References:        150001333    150001014    150000330 
[127.500s][info][gc,ref] GC(3) O: Final References:               0            0            0 
[127.500s][info][gc,ref] GC(3) O: Phantom References:             1            0            0 
Phase 6: Checking results...
Alive weak references after GC: 0 / 150000000
[145.927s][info][gc,stats] === Garbage Collection Statistics =======================================================================================================================
[145.927s][info][gc,stats]                                                              Last 10s              Last 10m              Last 10h                Total
[145.927s][info][gc,stats]                                                              Avg / Max             Avg / Max             Avg / Max             Avg / Max
[145.927s][info][gc,stats]        Contention: Mark Segment Reset Contention                     0 / 0                 0 / 40                0 / 40                0 / 40          ops/s
[145.927s][info][gc,stats]        Contention: Mark SeqNum Reset Contention                      0 / 0                 0 / 5                 0 / 5                 0 / 5           ops/s
[145.927s][info][gc,stats]          Critical: Allocation Stall                                  0 / 0                 0 / 0                 0 / 0                 0 / 0           ops/s
[145.927s][info][gc,stats]          Critical: Allocation Stall                              0.000 / 0.000         0.000 / 0.000         0.000 / 0.000         0.000 / 0.000       ms
[145.927s][info][gc,stats]          Critical: JNI Critical Stall                                0 / 0                 0 / 0                 0 / 0                 0 / 0           ops/s
[145.927s][info][gc,stats]          Critical: JNI Critical Stall                            0.000 / 0.000         0.000 / 0.000         0.000 / 0.000         0.000 / 0.000       ms
[145.927s][info][gc,stats]          Critical: Relocation Stall                                  0 / 0                 0 / 0                 0 / 0                 0 / 0           ops/s
[145.927s][info][gc,stats]          Critical: Relocation Stall                              0.000 / 0.000         0.000 / 0.000         0.000 / 0.000         0.000 / 0.000       ms
[145.927s][info][gc,stats]  Major Collection: Major Collection                              0.000 / 0.000     33989.380 / 55529.435 33989.380 / 55529.435 33989.380 / 55529.435   ms
[145.927s][info][gc,stats]            Memory: Allocation Rate                                   0 / 0                88 / 1180             88 / 1180             88 / 1180        MB/s
[145.927s][info][gc,stats]            Memory: Defragment                                        0 / 0                 0 / 0                 0 / 0                 0 / 0           ops/s
[145.927s][info][gc,stats]            Memory: Mapped Cache Harvest                              0 / 0                 0 / 0                 0 / 0                 0 / 0           MB/s
[145.927s][info][gc,stats]            Memory: Out Of Memory                                     0 / 0                 0 / 0                 0 / 0                 0 / 0           ops/s
[145.927s][info][gc,stats]            Memory: Uncommit                                          0 / 0                 0 / 0                 0 / 0                 0 / 0           MB/s
[145.927s][info][gc,stats]            Memory: Undo Object Allocation Failed                     0 / 0                 0 / 0                 0 / 0                 0 / 0           ops/s
[145.927s][info][gc,stats]            Memory: Undo Object Allocation Succeeded                  0 / 0                 0 / 0                 0 / 0                 0 / 0           ops/s
[145.927s][info][gc,stats]            Memory: Undo Page Allocation                              0 / 0                 0 / 0                 0 / 0                 0 / 0           ops/s
[145.927s][info][gc,stats]  Minor Collection: Minor Collection                              0.000 / 0.000     35134.593 / 35134.593 35134.593 / 35134.593 35134.593 / 35134.593   ms
[145.927s][info][gc,stats]    Old Generation: Old Generation                                0.000 / 0.000     23044.357 / 35978.374 23044.357 / 35978.374 23044.357 / 35978.374   ms
[145.927s][info][gc,stats]         Old Pause: Pause Mark End                                0.000 / 0.000         0.010 / 0.014         0.010 / 0.014         0.010 / 0.014       ms
[145.927s][info][gc,stats]         Old Pause: Pause Relocate Start                          0.000 / 0.000         0.013 / 0.014         0.013 / 0.014         0.013 / 0.014       ms
[145.927s][info][gc,stats]         Old Phase: Concurrent Mark                               0.000 / 0.000      7702.421 / 23106.684  7702.421 / 23106.684  7702.421 / 23106.684   ms
[145.927s][info][gc,stats]         Old Phase: Concurrent Mark Continue                      0.000 / 0.000         0.000 / 0.000         0.000 / 0.000         0.000 / 0.000       ms
[145.927s][info][gc,stats]         Old Phase: Concurrent Mark Free                          0.000 / 0.000         0.002 / 0.005         0.002 / 0.005         0.002 / 0.005       ms
[145.927s][info][gc,stats]         Old Phase: Concurrent Process Non-Strong                 0.000 / 0.000      3273.849 / 9817.190   3273.849 / 9817.190   3273.849 / 9817.190    ms
[145.927s][info][gc,stats]         Old Phase: Concurrent Relocate                           0.000 / 0.000         0.543 / 1.534         0.543 / 1.534         0.543 / 1.534       ms
[145.927s][info][gc,stats]         Old Phase: Concurrent Remap Roots                        0.000 / 0.000       355.836 / 841.381     355.836 / 841.381     355.836 / 841.381     ms
[145.927s][info][gc,stats]         Old Phase: Concurrent Reset Relocation Set               0.000 / 0.000         0.000 / 0.000         0.000 / 0.000         0.000 / 0.000       ms
[145.927s][info][gc,stats]         Old Phase: Concurrent Select Relocation Set              0.000 / 0.000      5878.498 / 17634.810  5878.498 / 17634.810  5878.498 / 17634.810   ms
[145.927s][info][gc,stats]      Old Subphase: Concurrent Classes Purge                      0.000 / 0.000         0.107 / 0.300         0.107 / 0.300         0.107 / 0.300       ms
[145.927s][info][gc,stats]      Old Subphase: Concurrent Classes Unlink                     0.000 / 0.000         1.287 / 1.888         1.287 / 1.888         1.287 / 1.888       ms
[145.927s][info][gc,stats]      Old Subphase: Concurrent Mark Follow                        0.000 / 0.000      7702.299 / 23106.585  7702.299 / 23106.585  7702.299 / 23106.585   ms
[145.927s][info][gc,stats]      Old Subphase: Concurrent Mark Root Colored                  0.000 / 0.000         0.039 / 0.080         0.039 / 0.080         0.039 / 0.080       ms
[145.927s][info][gc,stats]      Old Subphase: Concurrent Mark Root Uncolored                0.000 / 0.000         0.030 / 0.101         0.030 / 0.101         0.030 / 0.101       ms
[145.927s][info][gc,stats]      Old Subphase: Concurrent Mark Roots                         0.000 / 0.000         0.113 / 0.195         0.113 / 0.195         0.113 / 0.195       ms
[145.927s][info][gc,stats]      Old Subphase: Concurrent References Enqueue                 0.000 / 0.000         0.001 / 0.003         0.001 / 0.003         0.001 / 0.003       ms
[145.927s][info][gc,stats]      Old Subphase: Concurrent References Process                 0.000 / 0.000      3272.080 / 9816.214   3272.080 / 9816.214   3272.080 / 9816.214    ms
[145.927s][info][gc,stats]      Old Subphase: Concurrent Remap Remembered                   0.000 / 0.000       169.715 / 840.803     169.715 / 840.803     169.715 / 840.803     ms
[145.927s][info][gc,stats]      Old Subphase: Concurrent Remap Roots Colored                0.000 / 0.000         0.233 / 0.413         0.233 / 0.413         0.233 / 0.413       ms
[145.927s][info][gc,stats]      Old Subphase: Concurrent Remap Roots Uncolored              0.000 / 0.000         0.202 / 0.296         0.202 / 0.296         0.202 / 0.296       ms
[145.927s][info][gc,stats]      Old Subphase: Concurrent Roots ClassLoaderDataGraph         0.000 / 0.000         0.124 / 0.391         0.124 / 0.391         0.124 / 0.391       ms
[145.927s][info][gc,stats]      Old Subphase: Concurrent Roots CodeCache                    0.000 / 0.000         0.194 / 0.278         0.194 / 0.278         0.194 / 0.278       ms
[145.927s][info][gc,stats]      Old Subphase: Concurrent Roots JavaThreads                  0.000 / 0.000         0.015 / 0.101         0.015 / 0.101         0.015 / 0.101       ms
[145.927s][info][gc,stats]      Old Subphase: Concurrent Roots OopStorageSet                0.000 / 0.000         0.004 / 0.011         0.004 / 0.011         0.004 / 0.011       ms
[145.927s][info][gc,stats]      Old Subphase: Concurrent Weak Roots OopStorageSet           0.000 / 0.000         0.065 / 0.213         0.065 / 0.213         0.065 / 0.213       ms
[145.927s][info][gc,stats]            System: Java Threads                                      0 / 0                11 / 11               11 / 11               11 / 11          threads
[145.927s][info][gc,stats]  Young Generation: Young Generation                              0.000 / 0.000      9517.641 / 19550.923  9517.641 / 19550.923  9517.641 / 19550.923   ms
[145.927s][info][gc,stats]  Young Generation: Young Generation                              0.000 / 0.000     35134.551 / 35134.551 35134.551 / 35134.551 35134.551 / 35134.551   ms
[145.927s][info][gc,stats]  Young Generation: Young Generation (Collect Roots)              0.000 / 0.000       290.233 / 290.233     290.233 / 290.233     290.233 / 290.233     ms
[145.927s][info][gc,stats]  Young Generation: Young Generation (Promote All)                0.000 / 0.000      4719.233 / 4719.233   4719.233 / 4719.233   4719.233 / 4719.233    ms
[145.927s][info][gc,stats]       Young Pause: Pause Mark End                                0.000 / 0.000         0.013 / 0.014         0.013 / 0.014         0.013 / 0.014       ms
[145.927s][info][gc,stats]       Young Pause: Pause Mark Start                              0.000 / 0.000         0.013 / 0.014         0.013 / 0.014         0.013 / 0.014       ms
[145.927s][info][gc,stats]       Young Pause: Pause Mark Start (Major)                      0.000 / 0.000         0.020 / 0.026         0.020 / 0.026         0.020 / 0.026       ms
[145.927s][info][gc,stats]       Young Pause: Pause Relocate Start                          0.000 / 0.000         0.008 / 0.012         0.008 / 0.012         0.008 / 0.012       ms
[145.927s][info][gc,stats]       Young Phase: Concurrent Mark                               0.000 / 0.000     10614.139 / 32951.224 10614.139 / 32951.224 10614.139 / 32951.224   ms
[145.927s][info][gc,stats]       Young Phase: Concurrent Mark Continue                      0.000 / 0.000         0.000 / 0.000         0.000 / 0.000         0.000 / 0.000       ms
[145.927s][info][gc,stats]       Young Phase: Concurrent Mark Free                          0.000 / 0.000         0.003 / 0.010         0.003 / 0.010         0.003 / 0.010       ms
[145.927s][info][gc,stats]       Young Phase: Concurrent Relocate                           0.000 / 0.000       597.365 / 1948.965    597.365 / 1948.965    597.365 / 1948.965    ms
[145.927s][info][gc,stats]       Young Phase: Concurrent Reset Relocation Set               0.000 / 0.000         0.278 / 1.137         0.278 / 1.137         0.278 / 1.137       ms
[145.927s][info][gc,stats]       Young Phase: Concurrent Select Relocation Set              0.000 / 0.000       237.432 / 831.530     237.432 / 831.530     237.432 / 831.530     ms
[145.927s][info][gc,stats]    Young Subphase: Concurrent Mark Follow                        0.000 / 0.000     10613.480 / 32950.848 10613.480 / 32950.848 10613.480 / 32950.848   ms
[145.927s][info][gc,stats]    Young Subphase: Concurrent Mark Root Colored                  0.000 / 0.000         0.398 / 0.823         0.398 / 0.823         0.398 / 0.823       ms
[145.927s][info][gc,stats]    Young Subphase: Concurrent Mark Root Uncolored                0.000 / 0.000         0.233 / 0.350         0.233 / 0.350         0.233 / 0.350       ms
[145.927s][info][gc,stats]    Young Subphase: Concurrent Mark Roots                         0.000 / 0.000         0.657 / 1.209         0.657 / 1.209         0.657 / 1.209       ms
[145.927s][info][gc,stats]    Young Subphase: Concurrent Relocate Remset FP                 0.000 / 0.000       596.124 / 1946.000    596.124 / 1946.000    596.124 / 1946.000    ms
[145.927s][info][gc,stats]    Young Subphase: Concurrent Roots ClassLoaderDataGraph         0.000 / 0.000         0.282 / 0.440         0.282 / 0.440         0.282 / 0.440       ms
[145.927s][info][gc,stats]    Young Subphase: Concurrent Roots CodeCache                    0.000 / 0.000         0.205 / 0.302         0.205 / 0.302         0.205 / 0.302       ms
[145.927s][info][gc,stats]    Young Subphase: Concurrent Roots JavaThreads                  0.000 / 0.000         0.015 / 0.097         0.015 / 0.097         0.015 / 0.097       ms
[145.927s][info][gc,stats]    Young Subphase: Concurrent Roots OopStorageSet                0.000 / 0.000         0.021 / 0.146         0.021 / 0.146         0.021 / 0.146       ms
[145.927s][info][gc,stats]    Young Subphase: Concurrent Weak Roots OopStorageSet           0.000 / 0.000         0.097 / 0.369         0.097 / 0.369         0.097 / 0.369       ms
[145.927s][info][gc,stats] =========================================================================================================================================================
