
=== Instance 5/8, outer iteration 55/100 (Variant all) ===

Affinity: allowed=0,1,2,3,4,5,6,7,8,9,10,11 jvm=0,1,2,3,4,5,6,7,8,9 aux=10,11
Benchmark args: <none>
Command: /gorilla/home/fredrha/SimplifyingWeakRefs/build/variant-images/all-linux-x86_64-server-release/jdk/bin/java -Xms8g -Xmx8g -XX:+UseZGC -Xlog:gc+stats,gc+ref -XX:InitialTenuringThreshold=1 -XX:MaxTenuringThreshold=1 -XX:ZCollectionIntervalMajor=0.5 -XX:+ZCollectionIntervalOnly -XX:NativeMemoryTracking=summary /gorilla/home/fredrha/SimplifyingWeakRefs/test/weakrefs/WeakRefMultiObjectBenchmark.java

[0.004s][info][gc,ref] Reference Processor created, Config: All optimisations
[1.859s][info][gc,ref] GC(0) O:                           Encountered       Discovered Cleared/Enqueued 
[1.859s][info][gc,ref] GC(0) O: Soft References:                    0                0                0 
[1.859s][info][gc,ref] GC(0) O: Weak References:                    0                0                0 
[1.859s][info][gc,ref] GC(0) O: Weak (No Queue):                    0                0                0 
[1.859s][info][gc,ref] GC(0) O: Final References:                   0                0                0 
[1.859s][info][gc,ref] GC(0) O: Phantom References:                 0                0                0 
[2.370s][info][gc,ref] GC(1) O:                           Encountered       Discovered Cleared/Enqueued 
[2.370s][info][gc,ref] GC(1) O: Soft References:                  148                0                0 
[2.370s][info][gc,ref] GC(1) O: Weak References:                  605                0                0 
[2.370s][info][gc,ref] GC(1) O: Weak (No Queue):                    3                0                0 
[2.370s][info][gc,ref] GC(1) O: Final References:                   0                0                0 
[2.370s][info][gc,ref] GC(1) O: Phantom References:                 1                0                0 
[2.886s][info][gc,ref] GC(2) O:                           Encountered       Discovered Cleared/Enqueued 
[2.886s][info][gc,ref] GC(2) O: Soft References:                  148                0                0 
[2.886s][info][gc,ref] GC(2) O: Weak References:                  605                0                0 
[2.886s][info][gc,ref] GC(2) O: Weak (No Queue):                    3                0                0 
[2.886s][info][gc,ref] GC(2) O: Final References:                   0                0                0 
[2.886s][info][gc,ref] GC(2) O: Phantom References:                 1                0                0 
WeakRefMultiObjectBenchmark: objects=7340009 minSize=509 maxSize=1097 sleepMillis=3000
Phase 1: Allocating references and objects...
[3.421s][info][gc,ref] GC(3) O:                           Encountered       Discovered Cleared/Enqueued 
[3.421s][info][gc,ref] GC(3) O: Soft References:                  239                0                0 
[3.421s][info][gc,ref] GC(3) O: Weak References:                 1330              344              129 
[3.421s][info][gc,ref] GC(3) O: Weak (No Queue):                17963                3                0 
[3.421s][info][gc,ref] GC(3) O: Final References:                   0                0                0 
[3.421s][info][gc,ref] GC(3) O: Phantom References:                 1                1                0 
[5.133s][info][gc,ref] GC(4) O:                           Encountered       Discovered Cleared/Enqueued 
[5.133s][info][gc,ref] GC(4) O: Soft References:                  239                0                0 
[5.133s][info][gc,ref] GC(4) O: Weak References:                 1201              320                0 
[5.133s][info][gc,ref] GC(4) O: Weak (No Queue):              1243378                3                0 
[5.133s][info][gc,ref] GC(4) O: Final References:                   0                0                0 
[5.133s][info][gc,ref] GC(4) O: Phantom References:                 1                1                0 
Allocated 7340009 objects in 3.50 seconds
Phase 2: Sleeping for 3000 ms...
[7.764s][info][gc,ref] GC(5) O:                           Encountered       Discovered Cleared/Enqueued 
[7.764s][info][gc,ref] GC(5) O: Soft References:                  238                0                0 
[7.764s][info][gc,ref] GC(5) O: Weak References:                 1201              893              201 
[7.764s][info][gc,ref] GC(5) O: Weak (No Queue):              5104951            15405                0 
[7.764s][info][gc,ref] GC(5) O: Final References:                   0                0                0 
[7.764s][info][gc,ref] GC(5) O: Phantom References:                 1                1                0 
Phase 3.1: Clearing strong references...
Cleared 1468002 strong references, 5872007 remaining
Waiting 3000 ms...
[11.626s][info][gc,ref] GC(6) O:                           Encountered       Discovered Cleared/Enqueued 
[11.626s][info][gc,ref] GC(6) O: Soft References:                  238                0                0 
[11.626s][info][gc,ref] GC(6) O: Weak References:                 1000              465                0 
[11.626s][info][gc,ref] GC(6) O: Weak (No Queue):              7340012           346081                0 
[11.626s][info][gc,ref] GC(6) O: Final References:                   0                0                0 
[11.626s][info][gc,ref] GC(6) O: Phantom References:                 1                1                0 
Phase 3.2: Clearing strong references...
Cleared 1468002 strong references, 4404005 remaining
Waiting 3000 ms...
Phase 3.3: Clearing strong references...
Cleared 1468002 strong references, 2936003 remaining
Waiting 3000 ms...
[16.242s][info][gc,ref] GC(7) O:                           Encountered       Discovered Cleared/Enqueued 
[16.242s][info][gc,ref] GC(7) O: Soft References:                  238                0                0 
[16.242s][info][gc,ref] GC(7) O: Weak References:                 1000              181                0 
[16.242s][info][gc,ref] GC(7) O: Weak (No Queue):              7340012          3362048          1020848 
[16.242s][info][gc,ref] GC(7) O: Final References:                   0                0                0 
[16.242s][info][gc,ref] GC(7) O: Phantom References:                 1                1                0 
Phase 3.4: Clearing strong references...
Cleared 1468002 strong references, 1468001 remaining
Waiting 3000 ms...
[21.553s][info][gc,ref] GC(8) O:                           Encountered       Discovered Cleared/Enqueued 
[21.553s][info][gc,ref] GC(8) O: Soft References:                  238                0                0 
[21.553s][info][gc,ref] GC(8) O: Weak References:                 1000              282                0 
[21.553s][info][gc,ref] GC(8) O: Weak (No Queue):              6319164          5910968          3383158 
[21.553s][info][gc,ref] GC(8) O: Final References:                   0                0                0 
[21.553s][info][gc,ref] GC(8) O: Phantom References:                 1                1                0 
Phase 3.5: Clearing strong references...
Cleared 1468001 strong references, 0 remaining
Waiting 3000 ms...
[25.672s][info][gc,ref] GC(9) O:                           Encountered       Discovered Cleared/Enqueued 
[25.672s][info][gc,ref] GC(9) O: Soft References:                  238                0                0 
[25.672s][info][gc,ref] GC(9) O: Weak References:                 1000              725                0 
[25.672s][info][gc,ref] GC(9) O: Weak (No Queue):              2936006          2932351          1468002 
[25.672s][info][gc,ref] GC(9) O: Final References:                   0                0                0 
[25.672s][info][gc,ref] GC(9) O: Phantom References:                 1                1                0 
Waiting 6000 ms...
[29.062s][info][gc,ref] GC(10) O:                           Encountered       Discovered Cleared/Enqueued 
[29.062s][info][gc,ref] GC(10) O: Soft References:                  238                0                0 
[29.062s][info][gc,ref] GC(10) O: Weak References:                 1000              627                0 
[29.062s][info][gc,ref] GC(10) O: Weak (No Queue):              1468004          1468004          1468001 
[29.062s][info][gc,ref] GC(10) O: Final References:                   0                0                0 
[29.062s][info][gc,ref] GC(10) O: Phantom References:                 1                1                0 
[31.405s][info][gc,ref] GC(11) O:                           Encountered       Discovered Cleared/Enqueued 
[31.405s][info][gc,ref] GC(11) O: Soft References:                  238                0                0 
[31.405s][info][gc,ref] GC(11) O: Weak References:                 1000              884                0 
[31.405s][info][gc,ref] GC(11) O: Weak (No Queue):                    3                3                0 
[31.405s][info][gc,ref] GC(11) O: Final References:                   0                0                0 
[31.405s][info][gc,ref] GC(11) O: Phantom References:                 1                1                0 
Phase 4: Final weak reference checks...
Final count of alive weak references: 0
[32.556s][info][gc,stats] === Garbage Collection Statistics =======================================================================================================================
[32.556s][info][gc,stats]                                                              Last 10s              Last 10m              Last 10h                Total
[32.556s][info][gc,stats]                                                              Avg / Max             Avg / Max             Avg / Max             Avg / Max
[32.556s][info][gc,stats]        Contention: Mark Segment Reset Contention                     0 / 1                 1 / 25                1 / 25                1 / 25          ops/s
[32.556s][info][gc,stats]        Contention: Mark SeqNum Reset Contention                      0 / 1                 0 / 3                 0 / 3                 0 / 3           ops/s
[32.556s][info][gc,stats]          Critical: Allocation Stall                                  0 / 0                 0 / 0                 0 / 0                 0 / 0           ops/s
[32.556s][info][gc,stats]          Critical: Allocation Stall                              0.000 / 0.000         0.000 / 0.000         0.000 / 0.000         0.000 / 0.000       ms
[32.556s][info][gc,stats]          Critical: JNI Critical Stall                                0 / 0                 0 / 0                 0 / 0                 0 / 0           ops/s
[32.556s][info][gc,stats]          Critical: JNI Critical Stall                            0.000 / 0.000         0.000 / 0.000         0.000 / 0.000         0.000 / 0.000       ms
[32.556s][info][gc,stats]          Critical: Relocation Stall                                  0 / 0                 0 / 0                 0 / 0                 0 / 0           ops/s
[32.556s][info][gc,stats]          Critical: Relocation Stall                              0.000 / 0.000         0.000 / 0.000         0.000 / 0.000         0.000 / 0.000       ms
[32.556s][info][gc,stats]  Major Collection: Major Collection                           2782.339 / 3618.661   2001.264 / 4807.549   2001.264 / 4807.549   2001.264 / 4807.549    ms
[32.556s][info][gc,stats]            Memory: Allocation Rate                                   0 / 2               227 / 1988            227 / 1988            227 / 1988        MB/s
[32.556s][info][gc,stats]            Memory: Defragment                                        0 / 0                 0 / 0                 0 / 0                 0 / 0           ops/s
[32.556s][info][gc,stats]            Memory: Mapped Cache Harvest                              0 / 0                 0 / 0                 0 / 0                 0 / 0           MB/s
[32.556s][info][gc,stats]            Memory: Out Of Memory                                     0 / 0                 0 / 0                 0 / 0                 0 / 0           ops/s
[32.556s][info][gc,stats]            Memory: Uncommit                                          0 / 0                 0 / 0                 0 / 0                 0 / 0           MB/s
[32.556s][info][gc,stats]            Memory: Undo Object Allocation Failed                     0 / 0                 0 / 0                 0 / 0                 0 / 0           ops/s
[32.556s][info][gc,stats]            Memory: Undo Object Allocation Succeeded                  0 / 0                 0 / 2                 0 / 2                 0 / 2           ops/s
[32.556s][info][gc,stats]            Memory: Undo Page Allocation                              0 / 0                 0 / 0                 0 / 0                 0 / 0           ops/s
[32.556s][info][gc,stats]  Minor Collection: Minor Collection                              0.000 / 0.000         0.000 / 0.000         0.000 / 0.000         0.000 / 0.000       ms
[32.556s][info][gc,stats]    Old Generation: Old Generation                             2738.687 / 3546.239   1406.723 / 4730.220   1406.723 / 4730.220   1406.723 / 4730.220    ms
[32.556s][info][gc,stats]         Old Pause: Pause Mark End                                0.013 / 0.013         0.010 / 0.013         0.010 / 0.013         0.010 / 0.013       ms
[32.556s][info][gc,stats]         Old Pause: Pause Relocate Start                          0.008 / 0.010         0.007 / 0.012         0.007 / 0.012         0.007 / 0.012       ms
[32.556s][info][gc,stats]         Old Phase: Concurrent Mark                            2297.494 / 2792.253   1107.845 / 3579.372   1107.845 / 3579.372   1107.845 / 3579.372    ms
[32.556s][info][gc,stats]         Old Phase: Concurrent Mark Continue                      0.000 / 0.000         0.000 / 0.000         0.000 / 0.000         0.000 / 0.000       ms
[32.556s][info][gc,stats]         Old Phase: Concurrent Mark Free                          0.005 / 0.007         0.004 / 0.007         0.004 / 0.007         0.004 / 0.007       ms
[32.556s][info][gc,stats]         Old Phase: Concurrent Process Non-Strong                49.701 / 99.439       42.806 / 223.251      42.806 / 223.251      42.806 / 223.251     ms
[32.556s][info][gc,stats]         Old Phase: Concurrent Relocate                         370.465 / 618.569     230.113 / 866.675     230.113 / 866.675     230.113 / 866.675     ms
[32.556s][info][gc,stats]         Old Phase: Concurrent Remap Roots                       13.289 / 26.669       20.940 / 51.227       20.940 / 51.227       20.940 / 51.227      ms
[32.556s][info][gc,stats]         Old Phase: Concurrent Reset Relocation Set               0.105 / 0.147         0.034 / 0.147         0.034 / 0.147         0.034 / 0.147       ms
[32.556s][info][gc,stats]         Old Phase: Concurrent Select Relocation Set              7.539 / 11.938        4.864 / 25.101        4.864 / 25.101        4.864 / 25.101      ms
[32.556s][info][gc,stats]      Old Subphase: Concurrent Classes Purge                      0.007 / 0.012         0.038 / 0.185         0.038 / 0.185         0.038 / 0.185       ms
[32.556s][info][gc,stats]      Old Subphase: Concurrent Classes Unlink                     1.211 / 1.368         1.019 / 1.368         1.019 / 1.368         1.019 / 1.368       ms
[32.556s][info][gc,stats]      Old Subphase: Concurrent Mark Follow                     2297.401 / 2792.145   1107.758 / 3579.274   1107.758 / 3579.274   1107.758 / 3579.274    ms
[32.556s][info][gc,stats]      Old Subphase: Concurrent Mark Root Colored                  0.034 / 0.081         0.027 / 0.081         0.027 / 0.081         0.027 / 0.081       ms
[32.556s][info][gc,stats]      Old Subphase: Concurrent Mark Root Uncolored                0.028 / 0.053         0.030 / 0.088         0.030 / 0.088         0.030 / 0.088       ms
[32.556s][info][gc,stats]      Old Subphase: Concurrent Mark Roots                         0.091 / 0.105         0.085 / 0.139         0.085 / 0.139         0.085 / 0.139       ms
[32.556s][info][gc,stats]      Old Subphase: Concurrent References Enqueue                 0.000 / 0.000         0.001 / 0.003         0.001 / 0.003         0.001 / 0.003       ms
[32.556s][info][gc,stats]      Old Subphase: Concurrent References Process                48.266 / 98.055       41.531 / 221.843      41.531 / 221.843      41.531 / 221.843     ms
[32.556s][info][gc,stats]      Old Subphase: Concurrent Remap Remembered                  12.873 / 26.265       17.523 / 50.777       17.523 / 50.777       17.523 / 50.777      ms
[32.556s][info][gc,stats]      Old Subphase: Concurrent Remap Roots Colored                0.104 / 0.148         0.138 / 0.287         0.138 / 0.287         0.138 / 0.287       ms
[32.556s][info][gc,stats]      Old Subphase: Concurrent Remap Roots Uncolored              0.274 / 0.288         0.206 / 0.311         0.206 / 0.311         0.206 / 0.311       ms
[32.556s][info][gc,stats]      Old Subphase: Concurrent Roots ClassLoaderDataGraph         0.056 / 0.117         0.079 / 0.275         0.079 / 0.275         0.079 / 0.275       ms
[32.556s][info][gc,stats]      Old Subphase: Concurrent Roots CodeCache                    0.271 / 0.285         0.204 / 0.308         0.204 / 0.308         0.204 / 0.308       ms
[32.556s][info][gc,stats]      Old Subphase: Concurrent Roots JavaThreads                  0.010 / 0.053         0.010 / 0.087         0.010 / 0.087         0.010 / 0.087       ms
[32.556s][info][gc,stats]      Old Subphase: Concurrent Roots OopStorageSet                0.005 / 0.019         0.004 / 0.019         0.004 / 0.019         0.004 / 0.019       ms
[32.556s][info][gc,stats]      Old Subphase: Concurrent Weak Roots OopStorageSet           0.049 / 0.091         0.049 / 0.152         0.049 / 0.152         0.049 / 0.152       ms
[32.556s][info][gc,stats]            System: Java Threads                                     11 / 11               11 / 13               11 / 13               11 / 13          threads
[32.556s][info][gc,stats]  Young Generation: Young Generation                             43.547 / 72.316      594.444 / 2713.280    594.444 / 2713.280    594.444 / 2713.280    ms
[32.556s][info][gc,stats]  Young Generation: Young Generation                              0.000 / 0.000         0.000 / 0.000         0.000 / 0.000         0.000 / 0.000       ms
[32.556s][info][gc,stats]  Young Generation: Young Generation (Collect Roots)              0.000 / 0.000         0.000 / 0.000         0.000 / 0.000         0.000 / 0.000       ms
[32.556s][info][gc,stats]  Young Generation: Young Generation (Promote All)                0.000 / 0.000         0.000 / 0.000         0.000 / 0.000         0.000 / 0.000       ms
[32.556s][info][gc,stats]       Young Pause: Pause Mark End                                0.012 / 0.012         0.011 / 0.013         0.011 / 0.013         0.011 / 0.013       ms
[32.556s][info][gc,stats]       Young Pause: Pause Mark Start                              0.000 / 0.000         0.000 / 0.000         0.000 / 0.000         0.000 / 0.000       ms
[32.556s][info][gc,stats]       Young Pause: Pause Mark Start (Major)                      0.022 / 0.026         0.022 / 0.035         0.022 / 0.035         0.022 / 0.035       ms
[32.556s][info][gc,stats]       Young Pause: Pause Relocate Start                          0.004 / 0.004         0.006 / 0.012         0.006 / 0.012         0.006 / 0.012       ms
[32.556s][info][gc,stats]       Young Phase: Concurrent Mark                              43.199 / 71.975      513.525 / 2270.370    513.525 / 2270.370    513.525 / 2270.370    ms
[32.556s][info][gc,stats]       Young Phase: Concurrent Mark Continue                      0.000 / 0.000         0.000 / 0.000         0.000 / 0.000         0.000 / 0.000       ms
[32.556s][info][gc,stats]       Young Phase: Concurrent Mark Free                          0.001 / 0.001         0.003 / 0.009         0.003 / 0.009         0.003 / 0.009       ms
[32.556s][info][gc,stats]       Young Phase: Concurrent Relocate                           0.041 / 0.046        43.611 / 236.110      43.611 / 236.110      43.611 / 236.110     ms
[32.556s][info][gc,stats]       Young Phase: Concurrent Reset Relocation Set               0.001 / 0.002         0.086 / 0.518         0.086 / 0.518         0.086 / 0.518       ms
[32.556s][info][gc,stats]       Young Phase: Concurrent Select Relocation Set              0.149 / 0.156        36.987 / 206.391      36.987 / 206.391      36.987 / 206.391     ms
[32.556s][info][gc,stats]    Young Subphase: Concurrent Mark Follow                       42.466 / 71.359      512.727 / 2269.401    512.727 / 2269.401    512.727 / 2269.401    ms
[32.556s][info][gc,stats]    Young Subphase: Concurrent Mark Root Colored                  0.344 / 0.507         0.462 / 0.912         0.462 / 0.912         0.462 / 0.912       ms
[32.556s][info][gc,stats]    Young Subphase: Concurrent Mark Root Uncolored                0.320 / 0.333         0.273 / 0.348         0.273 / 0.348         0.273 / 0.348       ms
[32.556s][info][gc,stats]    Young Subphase: Concurrent Mark Roots                         0.730 / 0.879         0.796 / 1.258         0.796 / 1.258         0.796 / 1.258       ms
[32.556s][info][gc,stats]    Young Subphase: Concurrent Relocate Remset FP                 0.012 / 0.013        43.178 / 236.062      43.178 / 236.062      43.178 / 236.062     ms
[32.556s][info][gc,stats]    Young Subphase: Concurrent Roots ClassLoaderDataGraph         0.253 / 0.348         0.338 / 0.621         0.338 / 0.621         0.338 / 0.621       ms
[32.556s][info][gc,stats]    Young Subphase: Concurrent Roots CodeCache                    0.269 / 0.294         0.247 / 0.296         0.247 / 0.296         0.247 / 0.296       ms
[32.556s][info][gc,stats]    Young Subphase: Concurrent Roots JavaThreads                  0.026 / 0.093         0.024 / 0.309         0.024 / 0.309         0.024 / 0.309       ms
[32.556s][info][gc,stats]    Young Subphase: Concurrent Roots OopStorageSet                0.006 / 0.011         0.014 / 0.123         0.014 / 0.123         0.014 / 0.123       ms
[32.556s][info][gc,stats]    Young Subphase: Concurrent Weak Roots OopStorageSet           0.086 / 0.151         0.111 / 0.271         0.111 / 0.271         0.111 / 0.271       ms
[32.556s][info][gc,stats] =========================================================================================================================================================
