
=== Instance 5/8, outer iteration 63/100 (Variant none) ===

Affinity: allowed=0,1,2,3,4,5,6,7,8,9,10,11 jvm=0,1,2,3,4,5,6,7,8,9 aux=10,11
Benchmark args: <none>
Command: /gorilla/home/fredrha/SimplifyingWeakRefs/build/variant-images/none-linux-x86_64-server-release/jdk/bin/java -Xms8g -Xmx8g -XX:+UseZGC -Xlog:gc+stats,gc+ref -XX:InitialTenuringThreshold=1 -XX:MaxTenuringThreshold=1 -XX:ZCollectionIntervalMajor=0.5 -XX:+ZCollectionIntervalOnly -XX:NativeMemoryTracking=summary /gorilla/home/fredrha/SimplifyingWeakRefs/test/weakrefs/WeakRefMultiObjectBenchmark.java

[1.910s][info][gc,ref] GC(0) O:                       Encountered   Discovered     Enqueued 
[1.910s][info][gc,ref] GC(0) O: Soft References:                0            0            0 
[1.910s][info][gc,ref] GC(0) O: Weak References:                0            0            0 
[1.910s][info][gc,ref] GC(0) O: Final References:               0            0            0 
[1.910s][info][gc,ref] GC(0) O: Phantom References:             0            0            0 
[2.422s][info][gc,ref] GC(1) O:                       Encountered   Discovered     Enqueued 
[2.422s][info][gc,ref] GC(1) O: Soft References:              148            0            0 
[2.422s][info][gc,ref] GC(1) O: Weak References:              608            0            0 
[2.422s][info][gc,ref] GC(1) O: Final References:               0            0            0 
[2.422s][info][gc,ref] GC(1) O: Phantom References:             1            0            0 
[2.937s][info][gc,ref] GC(2) O:                       Encountered   Discovered     Enqueued 
[2.937s][info][gc,ref] GC(2) O: Soft References:              148            0            0 
[2.937s][info][gc,ref] GC(2) O: Weak References:              608            0            0 
[2.937s][info][gc,ref] GC(2) O: Final References:               0            0            0 
[2.937s][info][gc,ref] GC(2) O: Phantom References:             1            0            0 
WeakRefMultiObjectBenchmark: objects=7340009 minSize=509 maxSize=1097 sleepMillis=3000
Phase 1: Allocating references and objects...
[3.460s][info][gc,ref] GC(3) O:                       Encountered   Discovered     Enqueued 
[3.460s][info][gc,ref] GC(3) O: Soft References:              239            0            0 
[3.460s][info][gc,ref] GC(3) O: Weak References:             1333          409          129 
[3.460s][info][gc,ref] GC(3) O: Final References:               0            0            0 
[3.460s][info][gc,ref] GC(3) O: Phantom References:             1            1            0 
[4.707s][info][gc,ref] GC(4) O:                       Encountered   Discovered     Enqueued 
[4.707s][info][gc,ref] GC(4) O: Soft References:              239            0            0 
[4.707s][info][gc,ref] GC(4) O: Weak References:           833481          355            0 
[4.707s][info][gc,ref] GC(4) O: Final References:               0            0            0 
[4.707s][info][gc,ref] GC(4) O: Phantom References:             1            1            0 
[6.675s][info][gc,ref] GC(5) O:                       Encountered   Discovered     Enqueued 
[6.675s][info][gc,ref] GC(5) O: Soft References:              238            0            0 
[6.675s][info][gc,ref] GC(5) O: Weak References:          3671086          633          201 
[6.675s][info][gc,ref] GC(5) O: Final References:               0            0            0 
[6.675s][info][gc,ref] GC(5) O: Phantom References:             1            1            0 
Allocated 7340009 objects in 3.48 seconds
Phase 2: Sleeping for 3000 ms...
Phase 3.1: Clearing strong references...
Cleared 1468002 strong references, 5872007 remaining
Waiting 3000 ms...
[10.167s][info][gc,ref] GC(6) O:                       Encountered   Discovered     Enqueued 
[10.167s][info][gc,ref] GC(6) O: Soft References:              238            0            0 
[10.167s][info][gc,ref] GC(6) O: Weak References:          7341012        78834            0 
[10.167s][info][gc,ref] GC(6) O: Final References:               0            0            0 
[10.167s][info][gc,ref] GC(6) O: Phantom References:             1            1            0 
Phase 3.2: Clearing strong references...
Cleared 1468002 strong references, 4404005 remaining
Waiting 3000 ms...
[14.392s][info][gc,ref] GC(7) O:                       Encountered   Discovered     Enqueued 
[14.392s][info][gc,ref] GC(7) O: Soft References:              238            0            0 
[14.392s][info][gc,ref] GC(7) O: Weak References:          7341012      2024638       734162 
[14.392s][info][gc,ref] GC(7) O: Final References:               0            0            0 
[14.392s][info][gc,ref] GC(7) O: Phantom References:             1            1            0 
Phase 3.3: Clearing strong references...
Cleared 1468002 strong references, 2936003 remaining
Waiting 3000 ms...
Phase 3.4: Clearing strong references...
Cleared 1468002 strong references, 1468001 remaining
Waiting 3000 ms...
[20.182s][info][gc,ref] GC(8) O:                       Encountered   Discovered     Enqueued 
[20.182s][info][gc,ref] GC(8) O: Soft References:              238            0            0 
[20.182s][info][gc,ref] GC(8) O: Weak References:          6606850      5925116      2201842 
[20.182s][info][gc,ref] GC(8) O: Final References:               0            0            0 
[20.182s][info][gc,ref] GC(8) O: Phantom References:             1            1            0 
Phase 3.5: Clearing strong references...
Cleared 1468001 strong references, 0 remaining
Waiting 3000 ms...
[25.252s][info][gc,ref] GC(9) O:                       Encountered   Discovered     Enqueued 
[25.252s][info][gc,ref] GC(9) O: Soft References:              238            0            0 
[25.252s][info][gc,ref] GC(9) O: Weak References:          4405008      4192443      2936004 
[25.252s][info][gc,ref] GC(9) O: Final References:               0            0            0 
[25.252s][info][gc,ref] GC(9) O: Phantom References:             1            1            0 
Waiting 6000 ms...
[28.615s][info][gc,ref] GC(10) O:                       Encountered   Discovered     Enqueued 
[28.615s][info][gc,ref] GC(10) O: Soft References:              238            0            0 
[28.615s][info][gc,ref] GC(10) O: Weak References:          1469004      1468742      1468001 
[28.615s][info][gc,ref] GC(10) O: Final References:               0            0            0 
[28.615s][info][gc,ref] GC(10) O: Phantom References:             1            1            0 
[30.910s][info][gc,ref] GC(11) O:                       Encountered   Discovered     Enqueued 
[30.910s][info][gc,ref] GC(11) O: Soft References:              238            0            0 
[30.910s][info][gc,ref] GC(11) O: Weak References:             1003           79            0 
[30.910s][info][gc,ref] GC(11) O: Final References:               0            0            0 
[30.910s][info][gc,ref] GC(11) O: Phantom References:             1            1            0 
Phase 4: Final weak reference checks...
Final count of alive weak references: 0
[32.333s][info][gc,stats] === Garbage Collection Statistics =======================================================================================================================
[32.333s][info][gc,stats]                                                              Last 10s              Last 10m              Last 10h                Total
[32.333s][info][gc,stats]                                                              Avg / Max             Avg / Max             Avg / Max             Avg / Max
[32.333s][info][gc,stats]        Contention: Mark Segment Reset Contention                     0 / 2                 1 / 13                1 / 13                1 / 13          ops/s
[32.333s][info][gc,stats]        Contention: Mark SeqNum Reset Contention                      0 / 0                 0 / 3                 0 / 3                 0 / 3           ops/s
[32.333s][info][gc,stats]          Critical: Allocation Stall                                  0 / 0                 0 / 0                 0 / 0                 0 / 0           ops/s
[32.333s][info][gc,stats]          Critical: Allocation Stall                              0.000 / 0.000         0.000 / 0.000         0.000 / 0.000         0.000 / 0.000       ms
[32.333s][info][gc,stats]          Critical: JNI Critical Stall                                0 / 0                 0 / 0                 0 / 0                 0 / 0           ops/s
[32.333s][info][gc,stats]          Critical: JNI Critical Stall                            0.000 / 0.000         0.000 / 0.000         0.000 / 0.000         0.000 / 0.000       ms
[32.333s][info][gc,stats]          Critical: Relocation Stall                                  0 / 0                 0 / 0                 0 / 0                 0 / 0           ops/s
[32.333s][info][gc,stats]          Critical: Relocation Stall                              0.000 / 0.000         0.000 / 0.000         0.000 / 0.000         0.000 / 0.000       ms
[32.333s][info][gc,stats]  Major Collection: Major Collection                           3074.235 / 4567.730   1955.333 / 5288.086   1955.333 / 5288.086   1955.333 / 5288.086    ms
[32.333s][info][gc,stats]            Memory: Allocation Rate                                  10 / 50              233 / 2002            233 / 2002            233 / 2002        MB/s
[32.333s][info][gc,stats]            Memory: Defragment                                        0 / 0                 0 / 0                 0 / 0                 0 / 0           ops/s
[32.333s][info][gc,stats]            Memory: Mapped Cache Harvest                              0 / 0                 0 / 0                 0 / 0                 0 / 0           MB/s
[32.333s][info][gc,stats]            Memory: Out Of Memory                                     0 / 0                 0 / 0                 0 / 0                 0 / 0           ops/s
[32.333s][info][gc,stats]            Memory: Uncommit                                          0 / 0                 0 / 0                 0 / 0                 0 / 0           MB/s
[32.333s][info][gc,stats]            Memory: Undo Object Allocation Failed                     0 / 0                 0 / 0                 0 / 0                 0 / 0           ops/s
[32.333s][info][gc,stats]            Memory: Undo Object Allocation Succeeded                  0 / 1                 0 / 1                 0 / 1                 0 / 1           ops/s
[32.333s][info][gc,stats]            Memory: Undo Page Allocation                              0 / 0                 0 / 0                 0 / 0                 0 / 0           ops/s
[32.333s][info][gc,stats]  Minor Collection: Minor Collection                              0.000 / 0.000         0.000 / 0.000         0.000 / 0.000         0.000 / 0.000       ms
[32.333s][info][gc,stats]    Old Generation: Old Generation                             3029.963 / 4490.005   1439.876 / 5220.420   1439.876 / 5220.420   1439.876 / 5220.420    ms
[32.333s][info][gc,stats]         Old Pause: Pause Mark End                                0.012 / 0.012         0.010 / 0.014         0.010 / 0.014         0.010 / 0.014       ms
[32.333s][info][gc,stats]         Old Pause: Pause Relocate Start                          0.010 / 0.012         0.009 / 0.012         0.009 / 0.012         0.009 / 0.012       ms
[32.333s][info][gc,stats]         Old Phase: Concurrent Mark                            2458.657 / 3336.739   1078.002 / 3536.047   1078.002 / 3536.047   1078.002 / 3536.047    ms
[32.333s][info][gc,stats]         Old Phase: Concurrent Mark Continue                      0.000 / 0.000         0.000 / 0.000         0.000 / 0.000         0.000 / 0.000       ms
[32.333s][info][gc,stats]         Old Phase: Concurrent Mark Free                          0.003 / 0.003         0.002 / 0.003         0.002 / 0.003         0.002 / 0.003       ms
[32.333s][info][gc,stats]         Old Phase: Concurrent Process Non-Strong               161.612 / 367.812     100.537 / 537.987     100.537 / 537.987     100.537 / 537.987     ms
[32.333s][info][gc,stats]         Old Phase: Concurrent Relocate                         385.335 / 740.125     234.224 / 1072.556    234.224 / 1072.556    234.224 / 1072.556    ms
[32.333s][info][gc,stats]         Old Phase: Concurrent Remap Roots                       16.870 / 37.207       21.671 / 57.049       21.671 / 57.049       21.671 / 57.049      ms
[32.333s][info][gc,stats]         Old Phase: Concurrent Reset Relocation Set               0.079 / 0.110         0.025 / 0.110         0.025 / 0.110         0.025 / 0.110       ms
[32.333s][info][gc,stats]         Old Phase: Concurrent Select Relocation Set              7.267 / 7.813         5.255 / 22.022        5.255 / 22.022        5.255 / 22.022      ms
[32.333s][info][gc,stats]      Old Subphase: Concurrent Classes Purge                      0.009 / 0.012         0.035 / 0.154         0.035 / 0.154         0.035 / 0.154       ms
[32.333s][info][gc,stats]      Old Subphase: Concurrent Classes Unlink                     1.101 / 1.102         0.929 / 1.261         0.929 / 1.261         0.929 / 1.261       ms
[32.333s][info][gc,stats]      Old Subphase: Concurrent Mark Follow                     2458.564 / 3336.643   1077.927 / 3535.952   1077.927 / 3535.952   1077.927 / 3535.952    ms
[32.333s][info][gc,stats]      Old Subphase: Concurrent Mark Root Colored                  0.023 / 0.080         0.026 / 0.080         0.026 / 0.080         0.026 / 0.080       ms
[32.333s][info][gc,stats]      Old Subphase: Concurrent Mark Root Uncolored                0.025 / 0.061         0.024 / 0.061         0.024 / 0.061         0.024 / 0.061       ms
[32.333s][info][gc,stats]      Old Subphase: Concurrent Mark Roots                         0.072 / 0.107         0.070 / 0.107         0.070 / 0.107         0.070 / 0.107       ms
[32.333s][info][gc,stats]      Old Subphase: Concurrent References Enqueue                 0.002 / 0.003         0.002 / 0.004         0.002 / 0.004         0.002 / 0.004       ms
[32.333s][info][gc,stats]      Old Subphase: Concurrent References Process               160.296 / 366.466      99.396 / 536.565      99.396 / 536.565      99.396 / 536.565     ms
[32.333s][info][gc,stats]      Old Subphase: Concurrent Remap Remembered                  16.492 / 36.805       18.158 / 56.726       18.158 / 56.726       18.158 / 56.726      ms
[32.333s][info][gc,stats]      Old Subphase: Concurrent Remap Roots Colored                0.100 / 0.134         0.150 / 0.267         0.150 / 0.267         0.150 / 0.267       ms
[32.333s][info][gc,stats]      Old Subphase: Concurrent Remap Roots Uncolored              0.244 / 0.293         0.172 / 0.293         0.172 / 0.293         0.172 / 0.293       ms
[32.333s][info][gc,stats]      Old Subphase: Concurrent Roots ClassLoaderDataGraph         0.054 / 0.112         0.087 / 0.257         0.087 / 0.257         0.087 / 0.257       ms
[32.333s][info][gc,stats]      Old Subphase: Concurrent Roots CodeCache                    0.241 / 0.290         0.169 / 0.290         0.169 / 0.290         0.169 / 0.290       ms
[32.333s][info][gc,stats]      Old Subphase: Concurrent Roots JavaThreads                  0.009 / 0.061         0.009 / 0.061         0.009 / 0.061         0.009 / 0.061       ms
[32.333s][info][gc,stats]      Old Subphase: Concurrent Roots OopStorageSet                0.003 / 0.009         0.003 / 0.011         0.003 / 0.011         0.003 / 0.011       ms
[32.333s][info][gc,stats]      Old Subphase: Concurrent Weak Roots OopStorageSet           0.051 / 0.094         0.045 / 0.114         0.045 / 0.114         0.045 / 0.114       ms
[32.333s][info][gc,stats]            System: Java Threads                                     11 / 11               11 / 13               11 / 13               11 / 13          threads
[32.333s][info][gc,stats]  Young Generation: Young Generation                             18.763 / 44.026      475.807 / 2510.503    475.807 / 2510.503    475.807 / 2510.503    ms
[32.333s][info][gc,stats]  Young Generation: Young Generation                              0.000 / 0.000         0.000 / 0.000         0.000 / 0.000         0.000 / 0.000       ms
[32.333s][info][gc,stats]  Young Generation: Young Generation (Collect Roots)              0.000 / 0.000         0.000 / 0.000         0.000 / 0.000         0.000 / 0.000       ms
[32.333s][info][gc,stats]  Young Generation: Young Generation (Promote All)                0.000 / 0.000         0.000 / 0.000         0.000 / 0.000         0.000 / 0.000       ms
[32.333s][info][gc,stats]       Young Pause: Pause Mark End                                0.009 / 0.011         0.010 / 0.013         0.010 / 0.013         0.010 / 0.013       ms
[32.333s][info][gc,stats]       Young Pause: Pause Mark Start                              0.000 / 0.000         0.000 / 0.000         0.000 / 0.000         0.000 / 0.000       ms
[32.333s][info][gc,stats]       Young Pause: Pause Mark Start (Major)                      0.027 / 0.031         0.025 / 0.031         0.025 / 0.031         0.025 / 0.031       ms
[32.333s][info][gc,stats]       Young Pause: Pause Relocate Start                          0.002 / 0.003         0.005 / 0.012         0.005 / 0.012         0.005 / 0.012       ms
[32.333s][info][gc,stats]       Young Phase: Concurrent Mark                              18.468 / 43.716      403.579 / 2189.022    403.579 / 2189.022    403.579 / 2189.022    ms
[32.333s][info][gc,stats]       Young Phase: Concurrent Mark Continue                      0.000 / 0.000         0.000 / 0.000         0.000 / 0.000         0.000 / 0.000       ms
[32.333s][info][gc,stats]       Young Phase: Concurrent Mark Free                          0.000 / 0.001         0.002 / 0.004         0.002 / 0.004         0.002 / 0.004       ms
[32.333s][info][gc,stats]       Young Phase: Concurrent Relocate                           0.030 / 0.030        38.498 / 221.022      38.498 / 221.022      38.498 / 221.022     ms
[32.333s][info][gc,stats]       Young Phase: Concurrent Reset Relocation Set               0.000 / 0.000         0.081 / 0.524         0.081 / 0.524         0.081 / 0.524       ms
[32.333s][info][gc,stats]       Young Phase: Concurrent Select Relocation Set              0.128 / 0.132        33.396 / 197.637      33.396 / 197.637      33.396 / 197.637     ms
[32.333s][info][gc,stats]    Young Subphase: Concurrent Mark Follow                       17.833 / 43.070      402.909 / 2188.225    402.909 / 2188.225    402.909 / 2188.225    ms
[32.333s][info][gc,stats]    Young Subphase: Concurrent Mark Root Colored                  0.316 / 0.368         0.366 / 0.585         0.366 / 0.585         0.366 / 0.585       ms
[32.333s][info][gc,stats]    Young Subphase: Concurrent Mark Root Uncolored                0.275 / 0.293         0.251 / 0.301         0.251 / 0.301         0.251 / 0.301       ms
[32.333s][info][gc,stats]    Young Subphase: Concurrent Mark Roots                         0.633 / 0.699         0.669 / 0.901         0.669 / 0.901         0.669 / 0.901       ms
[32.333s][info][gc,stats]    Young Subphase: Concurrent Relocate Remset FP                 0.008 / 0.008        38.027 / 220.993      38.027 / 220.993      38.027 / 220.993     ms
[32.333s][info][gc,stats]    Young Subphase: Concurrent Roots ClassLoaderDataGraph         0.247 / 0.284         0.268 / 0.429         0.268 / 0.429         0.268 / 0.429       ms
[32.333s][info][gc,stats]    Young Subphase: Concurrent Roots CodeCache                    0.234 / 0.256         0.215 / 0.282         0.215 / 0.282         0.215 / 0.282       ms
[32.333s][info][gc,stats]    Young Subphase: Concurrent Roots JavaThreads                  0.021 / 0.078         0.024 / 0.280         0.024 / 0.280         0.024 / 0.280       ms
[32.333s][info][gc,stats]    Young Subphase: Concurrent Roots OopStorageSet                0.004 / 0.006         0.009 / 0.074         0.009 / 0.074         0.009 / 0.074       ms
[32.333s][info][gc,stats]    Young Subphase: Concurrent Weak Roots OopStorageSet           0.063 / 0.077         0.090 / 0.226         0.090 / 0.226         0.090 / 0.226       ms
[32.333s][info][gc,stats] =========================================================================================================================================================
