
=== Instance 2/8, outer iteration 23/100 (Variant dyn_only) ===

Affinity: allowed=12,13,14,15,16,17,18,19,20,21,22,23 jvm=12,13,14,15,16,17,18,19,20,21 aux=22,23
Benchmark args: <none>
Command: /gorilla/home/fredrha/SimplifyingWeakRefs/build/variant-images/dyn_only-linux-x86_64-server-release/jdk/bin/java -Xms8g -Xmx8g -XX:+UseZGC -Xlog:gc+stats,gc+ref -XX:InitialTenuringThreshold=1 -XX:MaxTenuringThreshold=1 -XX:ZCollectionIntervalMajor=0.5 -XX:+ZCollectionIntervalOnly -XX:NativeMemoryTracking=summary /gorilla/home/fredrha/SimplifyingWeakRefs/test/weakrefs/WeakRefMultiObjectBenchmark.java

[0.004s][info][gc,ref] Reference Processor created, Config: Dynamic array
[1.859s][info][gc,ref] GC(0) O:                       Encountered   Discovered     Enqueued 
[1.859s][info][gc,ref] GC(0) O: Soft References:                0            0            0 
[1.859s][info][gc,ref] GC(0) O: Weak References:                1            0            0 
[1.859s][info][gc,ref] GC(0) O: Final References:               0            0            0 
[1.859s][info][gc,ref] GC(0) O: Phantom References:             0            0            0 
[2.373s][info][gc,ref] GC(1) O:                       Encountered   Discovered     Enqueued 
[2.373s][info][gc,ref] GC(1) O: Soft References:              148            0            0 
[2.374s][info][gc,ref] GC(1) O: Weak References:              608            0            0 
[2.374s][info][gc,ref] GC(1) O: Final References:               0            0            0 
[2.374s][info][gc,ref] GC(1) O: Phantom References:             1            0            0 
[2.889s][info][gc,ref] GC(2) O:                       Encountered   Discovered     Enqueued 
[2.889s][info][gc,ref] GC(2) O: Soft References:              148            0            0 
[2.889s][info][gc,ref] GC(2) O: Weak References:              608            1            0 
[2.889s][info][gc,ref] GC(2) O: Final References:               0            0            0 
[2.889s][info][gc,ref] GC(2) O: Phantom References:             1            0            0 
WeakRefMultiObjectBenchmark: objects=7340009 minSize=509 maxSize=1097 sleepMillis=3000
Phase 1: Allocating references and objects...
[3.417s][info][gc,ref] GC(3) O:                       Encountered   Discovered     Enqueued 
[3.417s][info][gc,ref] GC(3) O: Soft References:              239            0            0 
[3.417s][info][gc,ref] GC(3) O: Weak References:             1333          452          129 
[3.417s][info][gc,ref] GC(3) O: Final References:               0            0            0 
[3.417s][info][gc,ref] GC(3) O: Phantom References:             1            1            0 
[4.921s][info][gc,ref] GC(4) O:                       Encountered   Discovered     Enqueued 
[4.921s][info][gc,ref] GC(4) O: Soft References:              239            0            0 
[4.921s][info][gc,ref] GC(4) O: Weak References:          1150467          351            0 
[4.921s][info][gc,ref] GC(4) O: Final References:               0            0            0 
[4.921s][info][gc,ref] GC(4) O: Phantom References:             1            1            0 
Allocated 7340009 objects in 3.57 seconds
Phase 2: Sleeping for 3000 ms...
[7.063s][info][gc,ref] GC(5) O:                       Encountered   Discovered     Enqueued 
[7.063s][info][gc,ref] GC(5) O: Soft References:              238            0            0 
[7.063s][info][gc,ref] GC(5) O: Weak References:          4473167          468          201 
[7.063s][info][gc,ref] GC(5) O: Final References:               0            0            0 
[7.063s][info][gc,ref] GC(5) O: Phantom References:             1            1            0 
Phase 3.1: Clearing strong references...
Cleared 1468002 strong references, 5872007 remaining
Waiting 3000 ms...
[10.380s][info][gc,ref] GC(6) O:                       Encountered   Discovered     Enqueued 
[10.380s][info][gc,ref] GC(6) O: Soft References:              238            0            0 
[10.380s][info][gc,ref] GC(6) O: Weak References:          7341012       245832            0 
[10.380s][info][gc,ref] GC(6) O: Final References:               0            0            0 
[10.380s][info][gc,ref] GC(6) O: Phantom References:             1            1            0 
Phase 3.2: Clearing strong references...
Cleared 1468002 strong references, 4404005 remaining
Waiting 3000 ms...
[14.655s][info][gc,ref] GC(7) O:                       Encountered   Discovered     Enqueued 
[14.655s][info][gc,ref] GC(7) O: Soft References:              238            0            0 
[14.655s][info][gc,ref] GC(7) O: Weak References:          7341012      1289605       894525 
[14.655s][info][gc,ref] GC(7) O: Final References:               0            0            0 
[14.655s][info][gc,ref] GC(7) O: Phantom References:             1            1            0 
Phase 3.3: Clearing strong references...
Cleared 1468002 strong references, 2936003 remaining
Waiting 3000 ms...
Phase 3.4: Clearing strong references...
Cleared 1468002 strong references, 1468001 remaining
Waiting 3000 ms...
[20.491s][info][gc,ref] GC(8) O:                       Encountered   Discovered     Enqueued 
[20.491s][info][gc,ref] GC(8) O: Soft References:              238            0            0 
[20.491s][info][gc,ref] GC(8) O: Weak References:          6446487      5818268      2041479 
[20.491s][info][gc,ref] GC(8) O: Final References:               0            0            0 
[20.491s][info][gc,ref] GC(8) O: Phantom References:             1            1            0 
Phase 3.5: Clearing strong references...
Cleared 1468001 strong references, 0 remaining
Waiting 3000 ms...
[25.537s][info][gc,ref] GC(9) O:                       Encountered   Discovered     Enqueued 
[25.537s][info][gc,ref] GC(9) O: Soft References:              238            0            0 
[25.537s][info][gc,ref] GC(9) O: Weak References:          4405008      3573497      2936004 
[25.537s][info][gc,ref] GC(9) O: Final References:               0            0            0 
[25.537s][info][gc,ref] GC(9) O: Phantom References:             1            1            0 
Waiting 6000 ms...
[28.889s][info][gc,ref] GC(10) O:                       Encountered   Discovered     Enqueued 
[28.889s][info][gc,ref] GC(10) O: Soft References:              238            0            0 
[28.889s][info][gc,ref] GC(10) O: Weak References:          1469004      1468439      1468001 
[28.889s][info][gc,ref] GC(10) O: Final References:               0            0            0 
[28.889s][info][gc,ref] GC(10) O: Phantom References:             1            1            0 
[31.220s][info][gc,ref] GC(11) O:                       Encountered   Discovered     Enqueued 
[31.220s][info][gc,ref] GC(11) O: Soft References:              238            0            0 
[31.220s][info][gc,ref] GC(11) O: Weak References:             1003          525            0 
[31.220s][info][gc,ref] GC(11) O: Final References:               0            0            0 
[31.220s][info][gc,ref] GC(11) O: Phantom References:             1            1            0 
Phase 4: Final weak reference checks...
Final count of alive weak references: 0
[32.431s][info][gc,stats] === Garbage Collection Statistics =======================================================================================================================
[32.431s][info][gc,stats]                                                              Last 10s              Last 10m              Last 10h                Total
[32.431s][info][gc,stats]                                                              Avg / Max             Avg / Max             Avg / Max             Avg / Max
[32.431s][info][gc,stats]        Contention: Mark Segment Reset Contention                     0 / 1                 2 / 26                2 / 26                2 / 26          ops/s
[32.431s][info][gc,stats]        Contention: Mark SeqNum Reset Contention                      0 / 0                 0 / 4                 0 / 4                 0 / 4           ops/s
[32.431s][info][gc,stats]          Critical: Allocation Stall                                  0 / 0                 0 / 0                 0 / 0                 0 / 0           ops/s
[32.431s][info][gc,stats]          Critical: Allocation Stall                              0.000 / 0.000         0.000 / 0.000         0.000 / 0.000         0.000 / 0.000       ms
[32.431s][info][gc,stats]          Critical: JNI Critical Stall                                0 / 0                 0 / 0                 0 / 0                 0 / 0           ops/s
[32.431s][info][gc,stats]          Critical: JNI Critical Stall                            0.000 / 0.000         0.000 / 0.000         0.000 / 0.000         0.000 / 0.000       ms
[32.431s][info][gc,stats]          Critical: Relocation Stall                                  0 / 0                 0 / 0                 0 / 0                 0 / 0           ops/s
[32.431s][info][gc,stats]          Critical: Relocation Stall                              0.000 / 0.000         0.000 / 0.000         0.000 / 0.000         0.000 / 0.000       ms
[32.431s][info][gc,stats]  Major Collection: Major Collection                           3068.172 / 4536.422   1983.057 / 5334.557   1983.057 / 5334.557   1983.057 / 5334.557    ms
[32.431s][info][gc,stats]            Memory: Allocation Rate                                   8 / 44              233 / 1974            233 / 1974            233 / 1974        MB/s
[32.431s][info][gc,stats]            Memory: Defragment                                        0 / 0                 0 / 0                 0 / 0                 0 / 0           ops/s
[32.431s][info][gc,stats]            Memory: Mapped Cache Harvest                              0 / 0                 0 / 0                 0 / 0                 0 / 0           MB/s
[32.431s][info][gc,stats]            Memory: Out Of Memory                                     0 / 0                 0 / 0                 0 / 0                 0 / 0           ops/s
[32.431s][info][gc,stats]            Memory: Uncommit                                          0 / 0                 0 / 0                 0 / 0                 0 / 0           MB/s
[32.431s][info][gc,stats]            Memory: Undo Object Allocation Failed                     0 / 0                 0 / 0                 0 / 0                 0 / 0           ops/s
[32.431s][info][gc,stats]            Memory: Undo Object Allocation Succeeded                  0 / 0                 0 / 0                 0 / 0                 0 / 0           ops/s
[32.431s][info][gc,stats]            Memory: Undo Page Allocation                              0 / 0                 0 / 0                 0 / 0                 0 / 0           ops/s
[32.431s][info][gc,stats]  Minor Collection: Minor Collection                              0.000 / 0.000         0.000 / 0.000         0.000 / 0.000         0.000 / 0.000       ms
[32.431s][info][gc,stats]    Old Generation: Old Generation                             3024.111 / 4458.701   1485.528 / 5276.683   1485.528 / 5276.683   1485.528 / 5276.683    ms
[32.431s][info][gc,stats]         Old Pause: Pause Mark End                                0.015 / 0.015         0.011 / 0.015         0.011 / 0.015         0.011 / 0.015       ms
[32.431s][info][gc,stats]         Old Pause: Pause Relocate Start                          0.010 / 0.014         0.009 / 0.015         0.009 / 0.015         0.009 / 0.015       ms
[32.431s][info][gc,stats]         Old Phase: Concurrent Mark                            2496.546 / 3422.300   1137.636 / 3697.356   1137.636 / 3697.356   1137.636 / 3697.356    ms
[32.431s][info][gc,stats]         Old Phase: Concurrent Mark Continue                      0.000 / 0.000         0.000 / 0.000         0.000 / 0.000         0.000 / 0.000       ms
[32.431s][info][gc,stats]         Old Phase: Concurrent Mark Free                          0.008 / 0.008         0.005 / 0.009         0.005 / 0.009         0.005 / 0.009       ms
[32.431s][info][gc,stats]         Old Phase: Concurrent Process Non-Strong               123.813 / 264.933      74.402 / 405.804      74.402 / 405.804      74.402 / 405.804     ms
[32.431s][info][gc,stats]         Old Phase: Concurrent Relocate                         379.696 / 728.109     247.048 / 1101.216    247.048 / 1101.216    247.048 / 1101.216    ms
[32.431s][info][gc,stats]         Old Phase: Concurrent Remap Roots                       15.260 / 32.730       20.326 / 54.751       20.326 / 54.751       20.326 / 54.751      ms
[32.431s][info][gc,stats]         Old Phase: Concurrent Reset Relocation Set               0.118 / 0.146         0.036 / 0.146         0.036 / 0.146         0.036 / 0.146       ms
[32.431s][info][gc,stats]         Old Phase: Concurrent Select Relocation Set              8.507 / 10.265        5.910 / 22.330        5.910 / 22.330        5.910 / 22.330      ms
[32.431s][info][gc,stats]      Old Subphase: Concurrent Classes Purge                      0.012 / 0.016         0.042 / 0.204         0.042 / 0.204         0.042 / 0.204       ms
[32.431s][info][gc,stats]      Old Subphase: Concurrent Classes Unlink                     1.140 / 1.150         0.936 / 1.162         0.936 / 1.162         0.936 / 1.162       ms
[32.431s][info][gc,stats]      Old Subphase: Concurrent Mark Follow                     2496.450 / 3422.192   1137.555 / 3697.252   1137.555 / 3697.252   1137.555 / 3697.252    ms
[32.431s][info][gc,stats]      Old Subphase: Concurrent Mark Root Colored                  0.027 / 0.081         0.025 / 0.082         0.025 / 0.082         0.025 / 0.082       ms
[32.431s][info][gc,stats]      Old Subphase: Concurrent Mark Root Uncolored                0.020 / 0.050         0.025 / 0.075         0.025 / 0.075         0.025 / 0.075       ms
[32.431s][info][gc,stats]      Old Subphase: Concurrent Mark Roots                         0.071 / 0.102         0.076 / 0.138         0.076 / 0.138         0.076 / 0.138       ms
[32.431s][info][gc,stats]      Old Subphase: Concurrent References Enqueue                 0.003 / 0.004         0.002 / 0.004         0.002 / 0.004         0.002 / 0.004       ms
[32.431s][info][gc,stats]      Old Subphase: Concurrent References Process               122.397 / 263.469      73.225 / 404.315      73.225 / 404.315      73.225 / 404.315     ms
[32.431s][info][gc,stats]      Old Subphase: Concurrent Remap Remembered                  14.884 / 32.332       16.867 / 54.425       16.867 / 54.425       16.867 / 54.425      ms
[32.431s][info][gc,stats]      Old Subphase: Concurrent Remap Roots Colored                0.099 / 0.138         0.148 / 0.256         0.148 / 0.256         0.148 / 0.256       ms
[32.431s][info][gc,stats]      Old Subphase: Concurrent Remap Roots Uncolored              0.238 / 0.277         0.170 / 0.291         0.170 / 0.291         0.170 / 0.291       ms
[32.431s][info][gc,stats]      Old Subphase: Concurrent Roots ClassLoaderDataGraph         0.055 / 0.115         0.084 / 0.245         0.084 / 0.245         0.084 / 0.245       ms
[32.431s][info][gc,stats]      Old Subphase: Concurrent Roots CodeCache                    0.236 / 0.275         0.168 / 0.288         0.168 / 0.288         0.168 / 0.288       ms
[32.431s][info][gc,stats]      Old Subphase: Concurrent Roots JavaThreads                  0.007 / 0.050         0.008 / 0.075         0.008 / 0.075         0.008 / 0.075       ms
[32.431s][info][gc,stats]      Old Subphase: Concurrent Roots OopStorageSet                0.003 / 0.010         0.003 / 0.014         0.003 / 0.014         0.003 / 0.014       ms
[32.431s][info][gc,stats]      Old Subphase: Concurrent Weak Roots OopStorageSet           0.050 / 0.095         0.042 / 0.100         0.042 / 0.100         0.042 / 0.100       ms
[32.431s][info][gc,stats]            System: Java Threads                                     11 / 11               10 / 13               10 / 13               10 / 13          threads
[32.431s][info][gc,stats]  Young Generation: Young Generation                             18.620 / 41.336      459.288 / 2192.981    459.288 / 2192.981    459.288 / 2192.981    ms
[32.431s][info][gc,stats]  Young Generation: Young Generation                              0.000 / 0.000         0.000 / 0.000         0.000 / 0.000         0.000 / 0.000       ms
[32.431s][info][gc,stats]  Young Generation: Young Generation (Collect Roots)              0.000 / 0.000         0.000 / 0.000         0.000 / 0.000         0.000 / 0.000       ms
[32.431s][info][gc,stats]  Young Generation: Young Generation (Promote All)                0.000 / 0.000         0.000 / 0.000         0.000 / 0.000         0.000 / 0.000       ms
[32.431s][info][gc,stats]       Young Pause: Pause Mark End                                0.011 / 0.015         0.012 / 0.020         0.012 / 0.020         0.012 / 0.020       ms
[32.431s][info][gc,stats]       Young Pause: Pause Mark Start                              0.000 / 0.000         0.000 / 0.000         0.000 / 0.000         0.000 / 0.000       ms
[32.431s][info][gc,stats]       Young Pause: Pause Mark Start (Major)                      0.024 / 0.025         0.026 / 0.041         0.026 / 0.041         0.026 / 0.041       ms
[32.431s][info][gc,stats]       Young Pause: Pause Relocate Start                          0.003 / 0.004         0.006 / 0.014         0.006 / 0.014         0.006 / 0.014       ms
[32.431s][info][gc,stats]       Young Phase: Concurrent Mark                              18.257 / 40.930      384.893 / 1813.693    384.893 / 1813.693    384.893 / 1813.693    ms
[32.431s][info][gc,stats]       Young Phase: Concurrent Mark Continue                      0.000 / 0.000         0.000 / 0.000         0.000 / 0.000         0.000 / 0.000       ms
[32.431s][info][gc,stats]       Young Phase: Concurrent Mark Free                          0.001 / 0.001         0.004 / 0.009         0.004 / 0.009         0.004 / 0.009       ms
[32.431s][info][gc,stats]       Young Phase: Concurrent Relocate                           0.043 / 0.048        39.637 / 200.511      39.637 / 200.511      39.637 / 200.511     ms
[32.431s][info][gc,stats]       Young Phase: Concurrent Reset Relocation Set               0.000 / 0.000         0.083 / 0.500         0.083 / 0.500         0.083 / 0.500       ms
[32.431s][info][gc,stats]       Young Phase: Concurrent Select Relocation Set              0.158 / 0.173        34.406 / 178.311      34.406 / 178.311      34.406 / 178.311     ms
[32.431s][info][gc,stats]    Young Subphase: Concurrent Mark Follow                       17.571 / 40.193      384.168 / 1812.737    384.168 / 1812.737    384.168 / 1812.737    ms
[32.431s][info][gc,stats]    Young Subphase: Concurrent Mark Root Colored                  0.348 / 0.390         0.400 / 0.635         0.400 / 0.635         0.400 / 0.635       ms
[32.431s][info][gc,stats]    Young Subphase: Concurrent Mark Root Uncolored                0.276 / 0.285         0.257 / 0.324         0.257 / 0.324         0.257 / 0.324       ms
[32.431s][info][gc,stats]    Young Subphase: Concurrent Mark Roots                         0.683 / 0.735         0.722 / 0.960         0.722 / 0.960         0.722 / 0.960       ms
[32.431s][info][gc,stats]    Young Subphase: Concurrent Relocate Remset FP                 0.012 / 0.014        39.174 / 199.459      39.174 / 199.459      39.174 / 199.459     ms
[32.431s][info][gc,stats]    Young Subphase: Concurrent Roots ClassLoaderDataGraph         0.260 / 0.283         0.282 / 0.425         0.282 / 0.425         0.282 / 0.425       ms
[32.431s][info][gc,stats]    Young Subphase: Concurrent Roots CodeCache                    0.238 / 0.253         0.228 / 0.278         0.228 / 0.278         0.228 / 0.278       ms
[32.431s][info][gc,stats]    Young Subphase: Concurrent Roots JavaThreads                  0.019 / 0.074         0.024 / 0.324         0.024 / 0.324         0.024 / 0.324       ms
[32.431s][info][gc,stats]    Young Subphase: Concurrent Roots OopStorageSet                0.004 / 0.005         0.017 / 0.106         0.017 / 0.106         0.017 / 0.106       ms
[32.431s][info][gc,stats]    Young Subphase: Concurrent Weak Roots OopStorageSet           0.082 / 0.110         0.102 / 0.203         0.102 / 0.203         0.102 / 0.203       ms
[32.431s][info][gc,stats] =========================================================================================================================================================
