
=== Instance 5/8, outer iteration 56/100 (Variant sep_dyn) ===

Affinity: allowed=0,1,2,3,4,5,6,7,8,9,10,11 jvm=0,1,2,3,4,5,6,7,8,9 aux=10,11
Benchmark args: <none>
Command: /gorilla/home/fredrha/SimplifyingWeakRefs/build/variant-images/sep_dyn-linux-x86_64-server-release/jdk/bin/java -Xms8g -Xmx8g -XX:+UseZGC -Xlog:gc+stats,gc+ref -XX:InitialTenuringThreshold=1 -XX:MaxTenuringThreshold=1 -XX:ZCollectionIntervalMajor=0.5 -XX:+ZCollectionIntervalOnly -XX:NativeMemoryTracking=summary /gorilla/home/fredrha/SimplifyingWeakRefs/test/weakrefs/WeakRefMultiObjectBenchmark.java

[0.004s][info][gc,ref] Reference Processor created, Config: Separate lists, dynamic array
[1.859s][info][gc,ref] GC(0) O:                           Encountered       Discovered Cleared/Enqueued 
[1.859s][info][gc,ref] GC(0) O: Soft References:                    0                0                0 
[1.859s][info][gc,ref] GC(0) O: Weak References:                    1                0                0 
[1.859s][info][gc,ref] GC(0) O: Weak (No Queue):                    0                0                0 
[1.859s][info][gc,ref] GC(0) O: Final References:                   0                0                0 
[1.859s][info][gc,ref] GC(0) O: Phantom References:                 0                0                0 
[2.369s][info][gc,ref] GC(1) O:                           Encountered       Discovered Cleared/Enqueued 
[2.369s][info][gc,ref] GC(1) O: Soft References:                  148                0                0 
[2.369s][info][gc,ref] GC(1) O: Weak References:                  605                0                0 
[2.369s][info][gc,ref] GC(1) O: Weak (No Queue):                    3                0                0 
[2.369s][info][gc,ref] GC(1) O: Final References:                   0                0                0 
[2.369s][info][gc,ref] GC(1) O: Phantom References:                 1                0                0 
[2.884s][info][gc,ref] GC(2) O:                           Encountered       Discovered Cleared/Enqueued 
[2.884s][info][gc,ref] GC(2) O: Soft References:                  148                0                0 
[2.884s][info][gc,ref] GC(2) O: Weak References:                  605                0                0 
[2.884s][info][gc,ref] GC(2) O: Weak (No Queue):                    3                1                0 
[2.884s][info][gc,ref] GC(2) O: Final References:                   0                0                0 
[2.884s][info][gc,ref] GC(2) O: Phantom References:                 1                0                0 
WeakRefMultiObjectBenchmark: objects=7340009 minSize=509 maxSize=1097 sleepMillis=3000
Phase 1: Allocating references and objects...
[3.405s][info][gc,ref] GC(3) O:                           Encountered       Discovered Cleared/Enqueued 
[3.405s][info][gc,ref] GC(3) O: Soft References:                  239                0                0 
[3.405s][info][gc,ref] GC(3) O: Weak References:                 1330              398              129 
[3.405s][info][gc,ref] GC(3) O: Weak (No Queue):                    3                3                0 
[3.405s][info][gc,ref] GC(3) O: Final References:                   0                0                0 
[3.405s][info][gc,ref] GC(3) O: Phantom References:                 1                1                0 
[4.330s][info][gc,ref] GC(4) O:                           Encountered       Discovered Cleared/Enqueued 
[4.330s][info][gc,ref] GC(4) O: Soft References:                  239                0                0 
[4.330s][info][gc,ref] GC(4) O: Weak References:                 1201              357                0 
[4.330s][info][gc,ref] GC(4) O: Weak (No Queue):               908854                3                0 
[4.330s][info][gc,ref] GC(4) O: Final References:                   0                0                0 
[4.330s][info][gc,ref] GC(4) O: Phantom References:                 1                1                0 
[6.129s][info][gc,ref] GC(5) O:                           Encountered       Discovered Cleared/Enqueued 
[6.129s][info][gc,ref] GC(5) O: Soft References:                  238                0                0 
[6.129s][info][gc,ref] GC(5) O: Weak References:                 1201              368              201 
[6.129s][info][gc,ref] GC(5) O: Weak (No Queue):              2996692                3                0 
[6.129s][info][gc,ref] GC(5) O: Final References:                   0                0                0 
[6.129s][info][gc,ref] GC(5) O: Phantom References:                 1                1                0 
Allocated 7340009 objects in 3.47 seconds
Phase 2: Sleeping for 3000 ms...
[9.533s][info][gc,ref] GC(6) O:                           Encountered       Discovered Cleared/Enqueued 
[9.533s][info][gc,ref] GC(6) O: Soft References:                  238                0                0 
[9.533s][info][gc,ref] GC(6) O: Weak References:                 1000              600                0 
[9.533s][info][gc,ref] GC(6) O: Weak (No Queue):              6932560            86104                0 
[9.533s][info][gc,ref] GC(6) O: Final References:                   0                0                0 
[9.533s][info][gc,ref] GC(6) O: Phantom References:                 1                1                0 
Phase 3.1: Clearing strong references...
Cleared 1468002 strong references, 5872007 remaining
Waiting 3000 ms...
Phase 3.2: Clearing strong references...
Cleared 1468002 strong references, 4404005 remaining
Waiting 3000 ms...
[13.785s][info][gc,ref] GC(7) O:                           Encountered       Discovered Cleared/Enqueued 
[13.785s][info][gc,ref] GC(7) O: Soft References:                  238                0                0 
[13.785s][info][gc,ref] GC(7) O: Weak References:                 1000              495                0 
[13.785s][info][gc,ref] GC(7) O: Weak (No Queue):              7340012           830819           598994 
[13.785s][info][gc,ref] GC(7) O: Final References:                   0                0                0 
[13.785s][info][gc,ref] GC(7) O: Phantom References:                 1                1                0 
Phase 3.3: Clearing strong references...
Cleared 1468002 strong references, 2936003 remaining
Waiting 3000 ms...
[19.169s][info][gc,ref] GC(8) O:                           Encountered       Discovered Cleared/Enqueued 
[19.169s][info][gc,ref] GC(8) O: Soft References:                  238                0                0 
[19.169s][info][gc,ref] GC(8) O: Weak References:                 1000              645                0 
[19.169s][info][gc,ref] GC(8) O: Weak (No Queue):              6741018          5606833          2174516 
[19.169s][info][gc,ref] GC(8) O: Final References:                   0                0                0 
[19.169s][info][gc,ref] GC(8) O: Phantom References:                 1                1                0 
Phase 3.4: Clearing strong references...
Cleared 1468002 strong references, 1468001 remaining
Waiting 3000 ms...
Phase 3.5: Clearing strong references...
Cleared 1468001 strong references, 0 remaining
Waiting 3000 ms...
[24.262s][info][gc,ref] GC(9) O:                           Encountered       Discovered Cleared/Enqueued 
[24.262s][info][gc,ref] GC(9) O: Soft References:                  238                0                0 
[24.262s][info][gc,ref] GC(9) O: Weak References:                 1000              577                0 
[24.262s][info][gc,ref] GC(9) O: Weak (No Queue):              4566502          4290122          3098498 
[24.262s][info][gc,ref] GC(9) O: Final References:                   0                0                0 
[24.262s][info][gc,ref] GC(9) O: Phantom References:                 1                1                0 
Waiting 6000 ms...
[27.870s][info][gc,ref] GC(10) O:                           Encountered       Discovered Cleared/Enqueued 
[27.870s][info][gc,ref] GC(10) O: Soft References:                  238                0                0 
[27.870s][info][gc,ref] GC(10) O: Weak References:                 1000              632                0 
[27.870s][info][gc,ref] GC(10) O: Weak (No Queue):              1468004          1468004          1468001 
[27.870s][info][gc,ref] GC(10) O: Final References:                   0                0                0 
[27.870s][info][gc,ref] GC(10) O: Phantom References:                 1                1                0 
[30.350s][info][gc,ref] GC(11) O:                           Encountered       Discovered Cleared/Enqueued 
[30.350s][info][gc,ref] GC(11) O: Soft References:                  238                0                0 
[30.350s][info][gc,ref] GC(11) O: Weak References:                 1000              575                0 
[30.350s][info][gc,ref] GC(11) O: Weak (No Queue):                    3                3                0 
[30.350s][info][gc,ref] GC(11) O: Final References:                   0                0                0 
[30.350s][info][gc,ref] GC(11) O: Phantom References:                 1                1                0 
Phase 4: Final weak reference checks...
Final count of alive weak references: 0
[31.862s][info][gc,ref] GC(12) O:                           Encountered       Discovered Cleared/Enqueued 
[31.862s][info][gc,ref] GC(12) O: Soft References:                  238                0                0 
[31.862s][info][gc,ref] GC(12) O: Weak References:                 1000              800                0 
[31.862s][info][gc,ref] GC(12) O: Weak (No Queue):                    3                3                0 
[31.862s][info][gc,ref] GC(12) O: Final References:                   0                0                0 
[31.862s][info][gc,ref] GC(12) O: Phantom References:                 1                1                0 
[31.866s][info][gc,stats] === Garbage Collection Statistics =======================================================================================================================
[31.866s][info][gc,stats]                                                              Last 10s              Last 10m              Last 10h                Total
[31.866s][info][gc,stats]                                                              Avg / Max             Avg / Max             Avg / Max             Avg / Max
[31.866s][info][gc,stats]        Contention: Mark Segment Reset Contention                     0 / 0                 1 / 29                1 / 29                1 / 29          ops/s
[31.866s][info][gc,stats]        Contention: Mark SeqNum Reset Contention                      0 / 0                 0 / 5                 0 / 5                 0 / 5           ops/s
[31.866s][info][gc,stats]          Critical: Allocation Stall                                  0 / 0                 0 / 0                 0 / 0                 0 / 0           ops/s
[31.866s][info][gc,stats]          Critical: Allocation Stall                              0.000 / 0.000         0.000 / 0.000         0.000 / 0.000         0.000 / 0.000       ms
[31.866s][info][gc,stats]          Critical: JNI Critical Stall                                0 / 0                 0 / 0                 0 / 0                 0 / 0           ops/s
[31.866s][info][gc,stats]          Critical: JNI Critical Stall                            0.000 / 0.000         0.000 / 0.000         0.000 / 0.000         0.000 / 0.000       ms
[31.866s][info][gc,stats]          Critical: Relocation Stall                                  0 / 0                 0 / 0                 0 / 0                 0 / 0           ops/s
[31.866s][info][gc,stats]          Critical: Relocation Stall                              0.000 / 0.000         0.000 / 0.000         0.000 / 0.000         0.000 / 0.000       ms
[31.866s][info][gc,stats]  Major Collection: Major Collection                           3219.132 / 4587.327   1911.805 / 4883.493   1911.805 / 4883.493   1911.805 / 4883.493    ms
[31.866s][info][gc,stats]            Memory: Allocation Rate                                   0 / 2               227 / 1976            227 / 1976            227 / 1976        MB/s
[31.866s][info][gc,stats]            Memory: Defragment                                        0 / 0                 0 / 0                 0 / 0                 0 / 0           ops/s
[31.866s][info][gc,stats]            Memory: Mapped Cache Harvest                              0 / 0                 0 / 0                 0 / 0                 0 / 0           MB/s
[31.866s][info][gc,stats]            Memory: Out Of Memory                                     0 / 0                 0 / 0                 0 / 0                 0 / 0           ops/s
[31.866s][info][gc,stats]            Memory: Uncommit                                          0 / 0                 0 / 0                 0 / 0                 0 / 0           MB/s
[31.866s][info][gc,stats]            Memory: Undo Object Allocation Failed                     0 / 0                 0 / 0                 0 / 0                 0 / 0           ops/s
[31.866s][info][gc,stats]            Memory: Undo Object Allocation Succeeded                  0 / 0                 0 / 0                 0 / 0                 0 / 0           ops/s
[31.866s][info][gc,stats]            Memory: Undo Page Allocation                              0 / 0                 0 / 0                 0 / 0                 0 / 0           ops/s
[31.866s][info][gc,stats]  Minor Collection: Minor Collection                              0.000 / 0.000         0.000 / 0.000         0.000 / 0.000         0.000 / 0.000       ms
[31.866s][info][gc,stats]    Old Generation: Old Generation                             3166.134 / 4498.687   1397.582 / 4676.541   1397.582 / 4676.541   1397.582 / 4676.541    ms
[31.866s][info][gc,stats]         Old Pause: Pause Mark End                                0.014 / 0.014         0.010 / 0.014         0.010 / 0.014         0.010 / 0.014       ms
[31.866s][info][gc,stats]         Old Pause: Pause Relocate Start                          0.010 / 0.012         0.008 / 0.013         0.008 / 0.013         0.008 / 0.013       ms
[31.866s][info][gc,stats]         Old Phase: Concurrent Mark                            2573.544 / 3357.730   1065.925 / 3357.730   1065.925 / 3357.730   1065.925 / 3357.730    ms
[31.866s][info][gc,stats]         Old Phase: Concurrent Mark Continue                      0.000 / 0.000         0.000 / 0.000         0.000 / 0.000         0.000 / 0.000       ms
[31.866s][info][gc,stats]         Old Phase: Concurrent Mark Free                          0.003 / 0.004         0.003 / 0.005         0.003 / 0.005         0.003 / 0.005       ms
[31.866s][info][gc,stats]         Old Phase: Concurrent Process Non-Strong               146.700 / 331.314      75.272 / 392.258      75.272 / 392.258      75.272 / 392.258     ms
[31.866s][info][gc,stats]         Old Phase: Concurrent Relocate                         416.223 / 757.193     229.173 / 933.972     229.173 / 933.972     229.173 / 933.972     ms
[31.866s][info][gc,stats]         Old Phase: Concurrent Remap Roots                       16.888 / 37.550       20.843 / 53.159       20.843 / 53.159       20.843 / 53.159      ms
[31.866s][info][gc,stats]         Old Phase: Concurrent Reset Relocation Set               0.072 / 0.102         0.022 / 0.102         0.022 / 0.102         0.022 / 0.102       ms
[31.866s][info][gc,stats]         Old Phase: Concurrent Select Relocation Set             12.600 / 14.653        6.198 / 20.101        6.198 / 20.101        6.198 / 20.101      ms
[31.866s][info][gc,stats]      Old Subphase: Concurrent Classes Purge                      0.007 / 0.014         0.048 / 0.261         0.048 / 0.261         0.048 / 0.261       ms
[31.866s][info][gc,stats]      Old Subphase: Concurrent Classes Unlink                     1.104 / 1.110         1.031 / 1.368         1.031 / 1.368         1.031 / 1.368       ms
[31.866s][info][gc,stats]      Old Subphase: Concurrent Mark Follow                     2573.454 / 3357.614   1065.843 / 3357.614   1065.843 / 3357.614   1065.843 / 3357.614    ms
[31.866s][info][gc,stats]      Old Subphase: Concurrent Mark Root Colored                  0.019 / 0.079         0.024 / 0.079         0.024 / 0.079         0.024 / 0.079       ms
[31.866s][info][gc,stats]      Old Subphase: Concurrent Mark Root Uncolored                0.021 / 0.048         0.026 / 0.087         0.026 / 0.087         0.026 / 0.087       ms
[31.866s][info][gc,stats]      Old Subphase: Concurrent Mark Roots                         0.063 / 0.094         0.078 / 0.141         0.078 / 0.141         0.078 / 0.141       ms
[31.866s][info][gc,stats]      Old Subphase: Concurrent References Enqueue                 0.000 / 0.000         0.001 / 0.003         0.001 / 0.003         0.001 / 0.003       ms
[31.866s][info][gc,stats]      Old Subphase: Concurrent References Process               145.375 / 329.969      73.992 / 390.858      73.992 / 390.858      73.992 / 390.858     ms
[31.866s][info][gc,stats]      Old Subphase: Concurrent Remap Remembered                  16.526 / 37.143       17.262 / 52.743       17.262 / 52.743       17.262 / 52.743      ms
[31.866s][info][gc,stats]      Old Subphase: Concurrent Remap Roots Colored                0.094 / 0.137         0.139 / 0.316         0.139 / 0.316         0.139 / 0.316       ms
[31.866s][info][gc,stats]      Old Subphase: Concurrent Remap Roots Uncolored              0.228 / 0.281         0.205 / 0.290         0.205 / 0.290         0.205 / 0.290       ms
[31.866s][info][gc,stats]      Old Subphase: Concurrent Roots ClassLoaderDataGraph         0.053 / 0.114         0.081 / 0.303         0.081 / 0.303         0.081 / 0.303       ms
[31.866s][info][gc,stats]      Old Subphase: Concurrent Roots CodeCache                    0.225 / 0.278         0.203 / 0.288         0.203 / 0.288         0.203 / 0.288       ms
[31.866s][info][gc,stats]      Old Subphase: Concurrent Roots JavaThreads                  0.008 / 0.048         0.009 / 0.086         0.009 / 0.086         0.009 / 0.086       ms
[31.866s][info][gc,stats]      Old Subphase: Concurrent Roots OopStorageSet                0.003 / 0.007         0.003 / 0.013         0.003 / 0.013         0.003 / 0.013       ms
[31.866s][info][gc,stats]      Old Subphase: Concurrent Weak Roots OopStorageSet           0.050 / 0.094         0.048 / 0.179         0.048 / 0.179         0.048 / 0.179       ms
[31.866s][info][gc,stats]            System: Java Threads                                     11 / 11               11 / 13               11 / 13               11 / 13          threads
[31.866s][info][gc,stats]  Young Generation: Young Generation                             23.821 / 52.259      474.657 / 2398.913    474.657 / 2398.913    474.657 / 2398.913    ms
[31.866s][info][gc,stats]  Young Generation: Young Generation                              0.000 / 0.000         0.000 / 0.000         0.000 / 0.000         0.000 / 0.000       ms
[31.866s][info][gc,stats]  Young Generation: Young Generation (Collect Roots)              0.000 / 0.000         0.000 / 0.000         0.000 / 0.000         0.000 / 0.000       ms
[31.866s][info][gc,stats]  Young Generation: Young Generation (Promote All)                0.000 / 0.000         0.000 / 0.000         0.000 / 0.000         0.000 / 0.000       ms
[31.866s][info][gc,stats]       Young Pause: Pause Mark End                                0.011 / 0.013         0.010 / 0.013         0.010 / 0.013         0.010 / 0.013       ms
[31.866s][info][gc,stats]       Young Pause: Pause Mark Start                              0.000 / 0.000         0.000 / 0.000         0.000 / 0.000         0.000 / 0.000       ms
[31.866s][info][gc,stats]       Young Pause: Pause Mark Start (Major)                      0.027 / 0.032         0.025 / 0.034         0.025 / 0.034         0.025 / 0.034       ms
[31.866s][info][gc,stats]       Young Pause: Pause Relocate Start                          0.004 / 0.004         0.006 / 0.013         0.006 / 0.013         0.006 / 0.013       ms
[31.866s][info][gc,stats]       Young Phase: Concurrent Mark                              23.468 / 51.910      402.391 / 2166.862    402.391 / 2166.862    402.391 / 2166.862    ms
[31.866s][info][gc,stats]       Young Phase: Concurrent Mark Continue                      0.000 / 0.000         0.000 / 0.000         0.000 / 0.000         0.000 / 0.000       ms
[31.866s][info][gc,stats]       Young Phase: Concurrent Mark Free                          0.001 / 0.001         0.004 / 0.010         0.004 / 0.010         0.004 / 0.010       ms
[31.866s][info][gc,stats]       Young Phase: Concurrent Relocate                           0.042 / 0.044        38.627 / 239.157      38.627 / 239.157      38.627 / 239.157     ms
[31.866s][info][gc,stats]       Young Phase: Concurrent Reset Relocation Set               0.000 / 0.000         0.079 / 0.509         0.079 / 0.509         0.079 / 0.509       ms
[31.866s][info][gc,stats]       Young Phase: Concurrent Select Relocation Set              0.139 / 0.142        33.312 / 210.141      33.312 / 210.141      33.312 / 210.141     ms
[31.866s][info][gc,stats]    Young Subphase: Concurrent Mark Follow                       22.862 / 51.248      401.718 / 2165.826    401.718 / 2165.826    401.718 / 2165.826    ms
[31.866s][info][gc,stats]    Young Subphase: Concurrent Mark Root Colored                  0.249 / 0.284         0.347 / 0.681         0.347 / 0.681         0.347 / 0.681       ms
[31.866s][info][gc,stats]    Young Subphase: Concurrent Mark Root Uncolored                0.295 / 0.307         0.267 / 0.320         0.267 / 0.320         0.267 / 0.320       ms
[31.866s][info][gc,stats]    Young Subphase: Concurrent Mark Roots                         0.603 / 0.659         0.670 / 1.034         0.670 / 1.034         0.670 / 1.034       ms
[31.866s][info][gc,stats]    Young Subphase: Concurrent Relocate Remset FP                 0.013 / 0.014        38.123 / 239.117      38.123 / 239.117      38.123 / 239.117     ms
[31.866s][info][gc,stats]    Young Subphase: Concurrent Roots ClassLoaderDataGraph         0.189 / 0.209         0.246 / 0.466         0.246 / 0.466         0.246 / 0.466       ms
[31.866s][info][gc,stats]    Young Subphase: Concurrent Roots CodeCache                    0.257 / 0.271         0.241 / 0.300         0.241 / 0.300         0.241 / 0.300       ms
[31.866s][info][gc,stats]    Young Subphase: Concurrent Roots JavaThreads                  0.020 / 0.076         0.023 / 0.313         0.023 / 0.313         0.023 / 0.313       ms
[31.866s][info][gc,stats]    Young Subphase: Concurrent Roots OopStorageSet                0.007 / 0.007         0.022 / 0.097         0.022 / 0.097         0.022 / 0.097       ms
[31.866s][info][gc,stats]    Young Subphase: Concurrent Weak Roots OopStorageSet           0.055 / 0.067         0.090 / 0.225         0.090 / 0.225         0.090 / 0.225       ms
[31.866s][info][gc,stats] =========================================================================================================================================================
