
=== Instance 2/8, outer iteration 21/100 (Variant dyn_only) ===

Affinity: allowed=12,13,14,15,16,17,18,19,20,21,22,23 jvm=12,13,14,15,16,17,18,19,20,21 aux=22,23
Benchmark args: <none>
Command: /gorilla/home/fredrha/SimplifyingWeakRefs/build/variant-images/dyn_only-linux-x86_64-server-release/jdk/bin/java -Xms8g -Xmx8g -XX:+UseZGC -Xlog:gc+stats,gc+ref -XX:InitialTenuringThreshold=1 -XX:MaxTenuringThreshold=1 -XX:ZCollectionIntervalMajor=0.5 -XX:+ZCollectionIntervalOnly -XX:NativeMemoryTracking=summary /gorilla/home/fredrha/SimplifyingWeakRefs/test/weakrefs/WeakRefMultiObjectBenchmark.java

[0.004s][info][gc,ref] Reference Processor created, Config: Dynamic array
[1.862s][info][gc,ref] GC(0) O:                       Encountered   Discovered     Enqueued 
[1.862s][info][gc,ref] GC(0) O: Soft References:                0            0            0 
[1.862s][info][gc,ref] GC(0) O: Weak References:                2            0            0 
[1.862s][info][gc,ref] GC(0) O: Final References:               0            0            0 
[1.862s][info][gc,ref] GC(0) O: Phantom References:             0            0            0 
[2.371s][info][gc,ref] GC(1) O:                       Encountered   Discovered     Enqueued 
[2.371s][info][gc,ref] GC(1) O: Soft References:              148            0            0 
[2.371s][info][gc,ref] GC(1) O: Weak References:              608            0            0 
[2.371s][info][gc,ref] GC(1) O: Final References:               0            0            0 
[2.371s][info][gc,ref] GC(1) O: Phantom References:             1            0            0 
[2.887s][info][gc,ref] GC(2) O:                       Encountered   Discovered     Enqueued 
[2.887s][info][gc,ref] GC(2) O: Soft References:              148            0            0 
[2.887s][info][gc,ref] GC(2) O: Weak References:              608            2            0 
[2.887s][info][gc,ref] GC(2) O: Final References:               0            0            0 
[2.887s][info][gc,ref] GC(2) O: Phantom References:             1            0            0 
WeakRefMultiObjectBenchmark: objects=7340009 minSize=509 maxSize=1097 sleepMillis=3000
Phase 1: Allocating references and objects...
[3.423s][info][gc,ref] GC(3) O:                       Encountered   Discovered     Enqueued 
[3.423s][info][gc,ref] GC(3) O: Soft References:              239            0            0 
[3.423s][info][gc,ref] GC(3) O: Weak References:            17603          280          129 
[3.423s][info][gc,ref] GC(3) O: Final References:               0            0            0 
[3.423s][info][gc,ref] GC(3) O: Phantom References:             1            1            0 
[5.004s][info][gc,ref] GC(4) O:                       Encountered   Discovered     Enqueued 
[5.004s][info][gc,ref] GC(4) O: Soft References:              239            0            0 
[5.004s][info][gc,ref] GC(4) O: Weak References:          1251718          361            0 
[5.004s][info][gc,ref] GC(4) O: Final References:               0            0            0 
[5.004s][info][gc,ref] GC(4) O: Phantom References:             1            1            0 
Allocated 7340009 objects in 3.48 seconds
Phase 2: Sleeping for 3000 ms...
[7.210s][info][gc,ref] GC(5) O:                       Encountered   Discovered     Enqueued 
[7.210s][info][gc,ref] GC(5) O: Soft References:              238            0            0 
[7.210s][info][gc,ref] GC(5) O: Weak References:          4843385         8146          201 
[7.210s][info][gc,ref] GC(5) O: Final References:               0            0            0 
[7.210s][info][gc,ref] GC(5) O: Phantom References:             1            1            0 
Phase 3.1: Clearing strong references...
Cleared 1468002 strong references, 5872007 remaining
Waiting 3000 ms...
[10.670s][info][gc,ref] GC(6) O:                       Encountered   Discovered     Enqueued 
[10.670s][info][gc,ref] GC(6) O: Soft References:              238            0            0 
[10.670s][info][gc,ref] GC(6) O: Weak References:          7341012       585212            0 
[10.670s][info][gc,ref] GC(6) O: Final References:               0            0            0 
[10.670s][info][gc,ref] GC(6) O: Phantom References:             1            1            0 
Phase 3.2: Clearing strong references...
Cleared 1468002 strong references, 4404005 remaining
Waiting 3000 ms...
[15.404s][info][gc,ref] GC(7) O:                       Encountered   Discovered     Enqueued 
[15.405s][info][gc,ref] GC(7) O: Soft References:              238            0            0 
[15.405s][info][gc,ref] GC(7) O: Weak References:          7341012      2090280       968319 
[15.405s][info][gc,ref] GC(7) O: Final References:               0            0            0 
[15.405s][info][gc,ref] GC(7) O: Phantom References:             1            1            0 
Phase 3.3: Clearing strong references...
Cleared 1468002 strong references, 2936003 remaining
Waiting 3000 ms...
Phase 3.4: Clearing strong references...
Cleared 1468002 strong references, 1468001 remaining
Waiting 3000 ms...
[21.274s][info][gc,ref] GC(8) O:                       Encountered   Discovered     Enqueued 
[21.274s][info][gc,ref] GC(8) O: Soft References:              238            0            0 
[21.274s][info][gc,ref] GC(8) O: Weak References:          6372693      5524691      1967685 
[21.274s][info][gc,ref] GC(8) O: Final References:               0            0            0 
[21.274s][info][gc,ref] GC(8) O: Phantom References:             1            1            0 
Phase 3.5: Clearing strong references...
Cleared 1468001 strong references, 0 remaining
Waiting 3000 ms...
Waiting 6000 ms...
[26.214s][info][gc,ref] GC(9) O:                       Encountered   Discovered     Enqueued 
[26.214s][info][gc,ref] GC(9) O: Soft References:              238            0            0 
[26.214s][info][gc,ref] GC(9) O: Weak References:          4405008      4328064      2936004 
[26.214s][info][gc,ref] GC(9) O: Final References:               0            0            0 
[26.214s][info][gc,ref] GC(9) O: Phantom References:             1            1            0 
[29.602s][info][gc,ref] GC(10) O:                       Encountered   Discovered     Enqueued 
[29.602s][info][gc,ref] GC(10) O: Soft References:              238            0            0 
[29.602s][info][gc,ref] GC(10) O: Weak References:          1469004      1468379      1468001 
[29.602s][info][gc,ref] GC(10) O: Final References:               0            0            0 
[29.602s][info][gc,ref] GC(10) O: Phantom References:             1            1            0 
Phase 4: Final weak reference checks...
[31.905s][info][gc,ref] GC(11) O:                       Encountered   Discovered     Enqueued 
[31.905s][info][gc,ref] GC(11) O: Soft References:              238            0            0 
[31.905s][info][gc,ref] GC(11) O: Weak References:             1003          252            0 
[31.905s][info][gc,ref] GC(11) O: Final References:               0            0            0 
[31.905s][info][gc,ref] GC(11) O: Phantom References:             1            1            0 
Final count of alive weak references: 0
[32.568s][info][gc,stats] === Garbage Collection Statistics =======================================================================================================================
[32.568s][info][gc,stats]                                                              Last 10s              Last 10m              Last 10h                Total
[32.568s][info][gc,stats]                                                              Avg / Max             Avg / Max             Avg / Max             Avg / Max
[32.568s][info][gc,stats]        Contention: Mark Segment Reset Contention                     0 / 2                 2 / 27                2 / 27                2 / 27          ops/s
[32.568s][info][gc,stats]        Contention: Mark SeqNum Reset Contention                      0 / 0                 0 / 7                 0 / 7                 0 / 7           ops/s
[32.568s][info][gc,stats]          Critical: Allocation Stall                                  0 / 0                 0 / 0                 0 / 0                 0 / 0           ops/s
[32.568s][info][gc,stats]          Critical: Allocation Stall                              0.000 / 0.000         0.000 / 0.000         0.000 / 0.000         0.000 / 0.000       ms
[32.568s][info][gc,stats]          Critical: JNI Critical Stall                                0 / 0                 0 / 0                 0 / 0                 0 / 0           ops/s
[32.568s][info][gc,stats]          Critical: JNI Critical Stall                            0.000 / 0.000         0.000 / 0.000         0.000 / 0.000         0.000 / 0.000       ms
[32.568s][info][gc,stats]          Critical: Relocation Stall                                  0 / 0                 0 / 0                 0 / 0                 0 / 0           ops/s
[32.568s][info][gc,stats]          Critical: Relocation Stall                              0.000 / 0.000         0.000 / 0.000         0.000 / 0.000         0.000 / 0.000       ms
[32.568s][info][gc,stats]  Major Collection: Major Collection                           3655.924 / 4429.995   2061.875 / 5362.827   2061.875 / 5362.827   2061.875 / 5362.827    ms
[32.568s][info][gc,stats]            Memory: Allocation Rate                                   8 / 38              232 / 2012            232 / 2012            232 / 2012        MB/s
[32.568s][info][gc,stats]            Memory: Defragment                                        0 / 0                 0 / 0                 0 / 0                 0 / 0           ops/s
[32.568s][info][gc,stats]            Memory: Mapped Cache Harvest                              0 / 0                 0 / 0                 0 / 0                 0 / 0           MB/s
[32.568s][info][gc,stats]            Memory: Out Of Memory                                     0 / 0                 0 / 0                 0 / 0                 0 / 0           ops/s
[32.568s][info][gc,stats]            Memory: Uncommit                                          0 / 0                 0 / 0                 0 / 0                 0 / 0           MB/s
[32.568s][info][gc,stats]            Memory: Undo Object Allocation Failed                     0 / 0                 0 / 0                 0 / 0                 0 / 0           ops/s
[32.568s][info][gc,stats]            Memory: Undo Object Allocation Succeeded                  0 / 0                 0 / 1                 0 / 1                 0 / 1           ops/s
[32.568s][info][gc,stats]            Memory: Undo Page Allocation                              0 / 0                 0 / 0                 0 / 0                 0 / 0           ops/s
[32.568s][info][gc,stats]  Minor Collection: Minor Collection                              0.000 / 0.000         0.000 / 0.000         0.000 / 0.000         0.000 / 0.000       ms
[32.568s][info][gc,stats]    Old Generation: Old Generation                             3597.020 / 4360.018   1508.895 / 5307.990   1508.895 / 5307.990   1508.895 / 5307.990    ms
[32.568s][info][gc,stats]         Old Pause: Pause Mark End                                0.014 / 0.014         0.010 / 0.014         0.010 / 0.014         0.010 / 0.014       ms
[32.568s][info][gc,stats]         Old Pause: Pause Relocate Start                          0.012 / 0.012         0.009 / 0.013         0.009 / 0.013         0.009 / 0.013       ms
[32.568s][info][gc,stats]         Old Phase: Concurrent Mark                            2771.602 / 3251.032   1083.290 / 3768.920   1083.290 / 3768.920   1083.290 / 3768.920    ms
[32.568s][info][gc,stats]         Old Phase: Concurrent Mark Continue                      0.000 / 0.000         0.000 / 0.000         0.000 / 0.000         0.000 / 0.000       ms
[32.568s][info][gc,stats]         Old Phase: Concurrent Mark Free                          0.003 / 0.004         0.002 / 0.004         0.002 / 0.004         0.002 / 0.004       ms
[32.568s][info][gc,stats]         Old Phase: Concurrent Process Non-Strong               227.271 / 346.949      92.823 / 384.128      92.823 / 384.128      92.823 / 384.128     ms
[32.568s][info][gc,stats]         Old Phase: Concurrent Relocate                         563.401 / 712.943     303.421 / 1120.214    303.421 / 1120.214    303.421 / 1120.214    ms
[32.568s][info][gc,stats]         Old Phase: Concurrent Remap Roots                       25.272 / 37.900       23.106 / 51.881       23.106 / 51.881       23.106 / 51.881      ms
[32.568s][info][gc,stats]         Old Phase: Concurrent Reset Relocation Set               0.105 / 0.112         0.027 / 0.112         0.027 / 0.112         0.027 / 0.112       ms
[32.568s][info][gc,stats]         Old Phase: Concurrent Select Relocation Set              9.181 / 10.872        6.056 / 25.835        6.056 / 25.835        6.056 / 25.835      ms
[32.568s][info][gc,stats]      Old Subphase: Concurrent Classes Purge                      0.014 / 0.014         0.038 / 0.164         0.038 / 0.164         0.038 / 0.164       ms
[32.568s][info][gc,stats]      Old Subphase: Concurrent Classes Unlink                     1.108 / 1.118         0.916 / 1.355         0.916 / 1.355         0.916 / 1.355       ms
[32.568s][info][gc,stats]      Old Subphase: Concurrent Mark Follow                     2771.495 / 3250.914   1083.205 / 3768.801   1083.205 / 3768.801   1083.205 / 3768.801    ms
[32.568s][info][gc,stats]      Old Subphase: Concurrent Mark Root Colored                  0.036 / 0.080         0.026 / 0.083         0.026 / 0.083         0.026 / 0.083       ms
[32.568s][info][gc,stats]      Old Subphase: Concurrent Mark Root Uncolored                0.028 / 0.052         0.026 / 0.071         0.026 / 0.071         0.026 / 0.071       ms
[32.568s][info][gc,stats]      Old Subphase: Concurrent Mark Roots                         0.099 / 0.115         0.083 / 0.120         0.083 / 0.120         0.083 / 0.120       ms
[32.568s][info][gc,stats]      Old Subphase: Concurrent References Enqueue                 0.003 / 0.003         0.002 / 0.007         0.002 / 0.007         0.002 / 0.007       ms
[32.568s][info][gc,stats]      Old Subphase: Concurrent References Process               225.881 / 345.568      91.661 / 382.776      91.661 / 382.776      91.661 / 382.776     ms
[32.568s][info][gc,stats]      Old Subphase: Concurrent Remap Remembered                  24.833 / 37.496       19.585 / 51.513       19.585 / 51.513       19.585 / 51.513      ms
[32.568s][info][gc,stats]      Old Subphase: Concurrent Remap Roots Colored                0.118 / 0.155         0.147 / 0.259         0.147 / 0.259         0.147 / 0.259       ms
[32.568s][info][gc,stats]      Old Subphase: Concurrent Remap Roots Uncolored              0.268 / 0.278         0.179 / 0.318         0.179 / 0.318         0.179 / 0.318       ms
[32.568s][info][gc,stats]      Old Subphase: Concurrent Roots ClassLoaderDataGraph         0.057 / 0.124         0.083 / 0.249         0.083 / 0.249         0.083 / 0.249       ms
[32.568s][info][gc,stats]      Old Subphase: Concurrent Roots CodeCache                    0.265 / 0.275         0.177 / 0.315         0.177 / 0.315         0.177 / 0.315       ms
[32.568s][info][gc,stats]      Old Subphase: Concurrent Roots JavaThreads                  0.012 / 0.052         0.009 / 0.071         0.009 / 0.071         0.009 / 0.071       ms
[32.568s][info][gc,stats]      Old Subphase: Concurrent Roots OopStorageSet                0.005 / 0.010         0.004 / 0.011         0.004 / 0.011         0.004 / 0.011       ms
[32.568s][info][gc,stats]      Old Subphase: Concurrent Weak Roots OopStorageSet           0.053 / 0.096         0.045 / 0.177         0.045 / 0.177         0.045 / 0.177       ms
[32.568s][info][gc,stats]            System: Java Threads                                     11 / 11               11 / 13               11 / 13               11 / 13          threads
[32.568s][info][gc,stats]  Young Generation: Young Generation                             42.855 / 69.827      507.707 / 2299.030    507.707 / 2299.030    507.707 / 2299.030    ms
[32.568s][info][gc,stats]  Young Generation: Young Generation                              0.000 / 0.000         0.000 / 0.000         0.000 / 0.000         0.000 / 0.000       ms
[32.568s][info][gc,stats]  Young Generation: Young Generation (Collect Roots)              0.000 / 0.000         0.000 / 0.000         0.000 / 0.000         0.000 / 0.000       ms
[32.568s][info][gc,stats]  Young Generation: Young Generation (Promote All)                0.000 / 0.000         0.000 / 0.000         0.000 / 0.000         0.000 / 0.000       ms
[32.568s][info][gc,stats]       Young Pause: Pause Mark End                                0.013 / 0.014         0.011 / 0.014         0.011 / 0.014         0.011 / 0.014       ms
[32.568s][info][gc,stats]       Young Pause: Pause Mark Start                              0.000 / 0.000         0.000 / 0.000         0.000 / 0.000         0.000 / 0.000       ms
[32.568s][info][gc,stats]       Young Pause: Pause Mark Start (Major)                      0.024 / 0.024         0.026 / 0.041         0.026 / 0.041         0.026 / 0.041       ms
[32.568s][info][gc,stats]       Young Pause: Pause Relocate Start                          0.004 / 0.004         0.006 / 0.012         0.006 / 0.012         0.006 / 0.012       ms
[32.568s][info][gc,stats]       Young Phase: Concurrent Mark                              42.486 / 69.437      428.078 / 1888.489    428.078 / 1888.489    428.078 / 1888.489    ms
[32.568s][info][gc,stats]       Young Phase: Concurrent Mark Continue                      0.000 / 0.000         0.000 / 0.000         0.000 / 0.000         0.000 / 0.000       ms
[32.568s][info][gc,stats]       Young Phase: Concurrent Mark Free                          0.001 / 0.002         0.003 / 0.006         0.003 / 0.006         0.003 / 0.006       ms
[32.568s][info][gc,stats]       Young Phase: Concurrent Relocate                           0.048 / 0.058        42.867 / 217.336      42.867 / 217.336      42.867 / 217.336     ms
[32.568s][info][gc,stats]       Young Phase: Concurrent Reset Relocation Set               0.001 / 0.002         0.084 / 0.455         0.084 / 0.455         0.084 / 0.455       ms
[32.568s][info][gc,stats]       Young Phase: Concurrent Select Relocation Set              0.149 / 0.158        36.403 / 192.700      36.403 / 192.700      36.403 / 192.700     ms
[32.568s][info][gc,stats]    Young Subphase: Concurrent Mark Follow                       41.903 / 68.839      427.397 / 1887.787    427.397 / 1887.787    427.397 / 1887.787    ms
[32.568s][info][gc,stats]    Young Subphase: Concurrent Mark Root Colored                  0.227 / 0.239         0.363 / 0.656         0.363 / 0.656         0.363 / 0.656       ms
[32.568s][info][gc,stats]    Young Subphase: Concurrent Mark Root Uncolored                0.300 / 0.314         0.258 / 0.314         0.258 / 0.314         0.258 / 0.314       ms
[32.568s][info][gc,stats]    Young Subphase: Concurrent Mark Roots                         0.573 / 0.583         0.679 / 1.006         0.679 / 1.006         0.679 / 1.006       ms
[32.568s][info][gc,stats]    Young Subphase: Concurrent Relocate Remset FP                 0.015 / 0.019        42.252 / 217.298      42.252 / 217.298      42.252 / 217.298     ms
[32.568s][info][gc,stats]    Young Subphase: Concurrent Roots ClassLoaderDataGraph         0.176 / 0.187         0.267 / 0.385         0.267 / 0.385         0.267 / 0.385       ms
[32.568s][info][gc,stats]    Young Subphase: Concurrent Roots CodeCache                    0.253 / 0.270         0.230 / 0.270         0.230 / 0.270         0.230 / 0.270       ms
[32.568s][info][gc,stats]    Young Subphase: Concurrent Roots JavaThreads                  0.020 / 0.091         0.024 / 0.301         0.024 / 0.301         0.024 / 0.301       ms
[32.568s][info][gc,stats]    Young Subphase: Concurrent Roots OopStorageSet                0.004 / 0.005         0.022 / 0.099         0.022 / 0.099         0.022 / 0.099       ms
[32.568s][info][gc,stats]    Young Subphase: Concurrent Weak Roots OopStorageSet           0.047 / 0.052         0.097 / 0.287         0.097 / 0.287         0.097 / 0.287       ms
[32.568s][info][gc,stats] =========================================================================================================================================================
