
=== Instance 4/8, outer iteration 43/100 (Variant sep_dyn) ===

Affinity: allowed=36,37,38,39,40,41,42,43,44,45,46,47 jvm=36,37,38,39,40,41,42,43,44,45 aux=46,47
Benchmark args: <none>
Command: /gorilla/home/fredrha/SimplifyingWeakRefs/build/variant-images/sep_dyn-linux-x86_64-server-release/jdk/bin/java -Xms8g -Xmx8g -XX:+UseZGC -Xlog:gc+stats,gc+ref -XX:InitialTenuringThreshold=1 -XX:MaxTenuringThreshold=1 -XX:ZCollectionIntervalMajor=0.5 -XX:+ZCollectionIntervalOnly -XX:NativeMemoryTracking=summary /gorilla/home/fredrha/SimplifyingWeakRefs/test/weakrefs/WeakRefMultiObjectBenchmark.java

[0.004s][info][gc,ref] Reference Processor created, Config: Separate lists, dynamic array
[1.854s][info][gc,ref] GC(0) O:                           Encountered       Discovered Cleared/Enqueued 
[1.854s][info][gc,ref] GC(0) O: Soft References:                    0                0                0 
[1.854s][info][gc,ref] GC(0) O: Weak References:                    0                0                0 
[1.854s][info][gc,ref] GC(0) O: Weak (No Queue):                    0                0                0 
[1.854s][info][gc,ref] GC(0) O: Final References:                   0                0                0 
[1.854s][info][gc,ref] GC(0) O: Phantom References:                 0                0                0 
[2.361s][info][gc,ref] GC(1) O:                           Encountered       Discovered Cleared/Enqueued 
[2.361s][info][gc,ref] GC(1) O: Soft References:                  148                0                0 
[2.361s][info][gc,ref] GC(1) O: Weak References:                  605                0                0 
[2.361s][info][gc,ref] GC(1) O: Weak (No Queue):                    3                0                0 
[2.361s][info][gc,ref] GC(1) O: Final References:                   0                0                0 
[2.361s][info][gc,ref] GC(1) O: Phantom References:                 1                0                0 
[2.877s][info][gc,ref] GC(2) O:                           Encountered       Discovered Cleared/Enqueued 
[2.877s][info][gc,ref] GC(2) O: Soft References:                  148                0                0 
[2.877s][info][gc,ref] GC(2) O: Weak References:                  605                0                0 
[2.877s][info][gc,ref] GC(2) O: Weak (No Queue):                    3                0                0 
[2.877s][info][gc,ref] GC(2) O: Final References:                   0                0                0 
[2.877s][info][gc,ref] GC(2) O: Phantom References:                 1                0                0 
WeakRefMultiObjectBenchmark: objects=7340009 minSize=509 maxSize=1097 sleepMillis=3000
Phase 1: Allocating references and objects...
[3.394s][info][gc,ref] GC(3) O:                           Encountered       Discovered Cleared/Enqueued 
[3.394s][info][gc,ref] GC(3) O: Soft References:                  238                0                0 
[3.394s][info][gc,ref] GC(3) O: Weak References:                 1330              422              129 
[3.394s][info][gc,ref] GC(3) O: Weak (No Queue):                    3                3                0 
[3.394s][info][gc,ref] GC(3) O: Final References:                   0                0                0 
[3.394s][info][gc,ref] GC(3) O: Phantom References:                 1                1                0 
[4.828s][info][gc,ref] GC(4) O:                           Encountered       Discovered Cleared/Enqueued 
[4.829s][info][gc,ref] GC(4) O: Soft References:                  239                0                0 
[4.829s][info][gc,ref] GC(4) O: Weak References:                 1201              314                0 
[4.829s][info][gc,ref] GC(4) O: Weak (No Queue):               835050                2                0 
[4.829s][info][gc,ref] GC(4) O: Final References:                   0                0                0 
[4.829s][info][gc,ref] GC(4) O: Phantom References:                 1                1                0 
Allocated 7340009 objects in 3.48 seconds
Phase 2: Sleeping for 3000 ms...
[7.031s][info][gc,ref] GC(5) O:                           Encountered       Discovered Cleared/Enqueued 
[7.031s][info][gc,ref] GC(5) O: Soft References:                  238                0                0 
[7.031s][info][gc,ref] GC(5) O: Weak References:                 1201              236              201 
[7.031s][info][gc,ref] GC(5) O: Weak (No Queue):              4044679                3                0 
[7.031s][info][gc,ref] GC(5) O: Final References:                   0                0                0 
[7.031s][info][gc,ref] GC(5) O: Phantom References:                 1                1                0 
Phase 3.1: Clearing strong references...
Cleared 1468002 strong references, 5872007 remaining
Waiting 3000 ms...
[10.913s][info][gc,ref] GC(6) O:                           Encountered       Discovered Cleared/Enqueued 
[10.913s][info][gc,ref] GC(6) O: Soft References:                  238                0                0 
[10.913s][info][gc,ref] GC(6) O: Weak References:                 1000              210                0 
[10.913s][info][gc,ref] GC(6) O: Weak (No Queue):              7340012           225163                0 
[10.913s][info][gc,ref] GC(6) O: Final References:                   0                0                0 
[10.913s][info][gc,ref] GC(6) O: Phantom References:                 1                1                0 
Phase 3.2: Clearing strong references...
Cleared 1468002 strong references, 4404005 remaining
Waiting 3000 ms...
[15.419s][info][gc,ref] GC(7) O:                           Encountered       Discovered Cleared/Enqueued 
[15.419s][info][gc,ref] GC(7) O: Soft References:                  238                0                0 
[15.419s][info][gc,ref] GC(7) O: Weak References:                 1000              546                0 
[15.419s][info][gc,ref] GC(7) O: Weak (No Queue):              7340012          2770764           808727 
[15.419s][info][gc,ref] GC(7) O: Final References:                   0                0                0 
[15.419s][info][gc,ref] GC(7) O: Phantom References:                 1                1                0 
Phase 3.3: Clearing strong references...
Cleared 1468002 strong references, 2936003 remaining
Waiting 3000 ms...
Phase 3.4: Clearing strong references...
Cleared 1468002 strong references, 1468001 remaining
Waiting 3000 ms...
[21.037s][info][gc,ref] GC(8) O:                           Encountered       Discovered Cleared/Enqueued 
[21.037s][info][gc,ref] GC(8) O: Soft References:                  238                0                0 
[21.037s][info][gc,ref] GC(8) O: Weak References:                 1000              130                0 
[21.037s][info][gc,ref] GC(8) O: Weak (No Queue):              6531285          4370013          2127277 
[21.037s][info][gc,ref] GC(8) O: Final References:                   0                0                0 
[21.037s][info][gc,ref] GC(8) O: Phantom References:                 1                1                0 
Phase 3.5: Clearing strong references...
Cleared 1468001 strong references, 0 remaining
Waiting 3000 ms...
Waiting 6000 ms...
[26.051s][info][gc,ref] GC(9) O:                           Encountered       Discovered Cleared/Enqueued 
[26.051s][info][gc,ref] GC(9) O: Soft References:                  238                0                0 
[26.051s][info][gc,ref] GC(9) O: Weak References:                 1000               80                0 
[26.051s][info][gc,ref] GC(9) O: Weak (No Queue):              4404008          4388944          2936004 
[26.051s][info][gc,ref] GC(9) O: Final References:                   0                0                0 
[26.051s][info][gc,ref] GC(9) O: Phantom References:                 1                1                0 
[29.535s][info][gc,ref] GC(10) O:                           Encountered       Discovered Cleared/Enqueued 
[29.536s][info][gc,ref] GC(10) O: Soft References:                  238                0                0 
[29.536s][info][gc,ref] GC(10) O: Weak References:                 1000              428                0 
[29.536s][info][gc,ref] GC(10) O: Weak (No Queue):              1468004          1468004          1468001 
[29.536s][info][gc,ref] GC(10) O: Final References:                   0                0                0 
[29.536s][info][gc,ref] GC(10) O: Phantom References:                 1                1                0 
[31.994s][info][gc,ref] GC(11) O:                           Encountered       Discovered Cleared/Enqueued 
[31.994s][info][gc,ref] GC(11) O: Soft References:                  238                0                0 
[31.994s][info][gc,ref] GC(11) O: Weak References:                 1000              208                0 
[31.994s][info][gc,ref] GC(11) O: Weak (No Queue):                    3                3                0 
[31.994s][info][gc,ref] GC(11) O: Final References:                   0                0                0 
[31.994s][info][gc,ref] GC(11) O: Phantom References:                 1                1                0 
Phase 4: Final weak reference checks...
Final count of alive weak references: 0
[32.677s][info][gc,stats] === Garbage Collection Statistics =======================================================================================================================
[32.677s][info][gc,stats]                                                              Last 10s              Last 10m              Last 10h                Total
[32.677s][info][gc,stats]                                                              Avg / Max             Avg / Max             Avg / Max             Avg / Max
[32.677s][info][gc,stats]        Contention: Mark Segment Reset Contention                     0 / 0                 1 / 17                1 / 17                1 / 17          ops/s
[32.677s][info][gc,stats]        Contention: Mark SeqNum Reset Contention                      0 / 0                 0 / 4                 0 / 4                 0 / 4           ops/s
[32.677s][info][gc,stats]          Critical: Allocation Stall                                  0 / 0                 0 / 0                 0 / 0                 0 / 0           ops/s
[32.677s][info][gc,stats]          Critical: Allocation Stall                              0.000 / 0.000         0.000 / 0.000         0.000 / 0.000         0.000 / 0.000       ms
[32.677s][info][gc,stats]          Critical: JNI Critical Stall                                0 / 0                 0 / 0                 0 / 0                 0 / 0           ops/s
[32.677s][info][gc,stats]          Critical: JNI Critical Stall                            0.000 / 0.000         0.000 / 0.000         0.000 / 0.000         0.000 / 0.000       ms
[32.677s][info][gc,stats]          Critical: Relocation Stall                                  0 / 0                 0 / 0                 0 / 0                 0 / 0           ops/s
[32.677s][info][gc,stats]          Critical: Relocation Stall                              0.000 / 0.000         0.000 / 0.000         0.000 / 0.000         0.000 / 0.000       ms
[32.677s][info][gc,stats]  Major Collection: Major Collection                           3746.466 / 4511.918   2058.834 / 5109.114   2058.834 / 5109.114   2058.834 / 5109.114    ms
[32.677s][info][gc,stats]            Memory: Allocation Rate                                   0 / 2               227 / 1978            227 / 1978            227 / 1978        MB/s
[32.677s][info][gc,stats]            Memory: Defragment                                        0 / 0                 0 / 0                 0 / 0                 0 / 0           ops/s
[32.677s][info][gc,stats]            Memory: Mapped Cache Harvest                              0 / 0                 0 / 0                 0 / 0                 0 / 0           MB/s
[32.677s][info][gc,stats]            Memory: Out Of Memory                                     0 / 0                 0 / 0                 0 / 0                 0 / 0           ops/s
[32.677s][info][gc,stats]            Memory: Uncommit                                          0 / 0                 0 / 0                 0 / 0                 0 / 0           MB/s
[32.677s][info][gc,stats]            Memory: Undo Object Allocation Failed                     0 / 0                 0 / 0                 0 / 0                 0 / 0           ops/s
[32.677s][info][gc,stats]            Memory: Undo Object Allocation Succeeded                  0 / 0                 0 / 0                 0 / 0                 0 / 0           ops/s
[32.677s][info][gc,stats]            Memory: Undo Page Allocation                              0 / 0                 0 / 0                 0 / 0                 0 / 0           ops/s
[32.677s][info][gc,stats]  Minor Collection: Minor Collection                              0.000 / 0.000         0.000 / 0.000         0.000 / 0.000         0.000 / 0.000       ms
[32.677s][info][gc,stats]    Old Generation: Old Generation                             3686.267 / 4445.965   1425.039 / 5033.662   1425.039 / 5033.662   1425.039 / 5033.662    ms
[32.677s][info][gc,stats]         Old Pause: Pause Mark End                                0.013 / 0.013         0.010 / 0.015         0.010 / 0.015         0.010 / 0.015       ms
[32.677s][info][gc,stats]         Old Pause: Pause Relocate Start                          0.013 / 0.013         0.009 / 0.013         0.009 / 0.013         0.009 / 0.013       ms
[32.677s][info][gc,stats]         Old Phase: Concurrent Mark                            2798.746 / 3291.299   1043.219 / 3629.648   1043.219 / 3629.648   1043.219 / 3629.648    ms
[32.677s][info][gc,stats]         Old Phase: Concurrent Mark Continue                      0.000 / 0.000         0.000 / 0.000         0.000 / 0.000         0.000 / 0.000       ms
[32.677s][info][gc,stats]         Old Phase: Concurrent Mark Free                          0.002 / 0.003         0.003 / 0.007         0.003 / 0.007         0.003 / 0.007       ms
[32.677s][info][gc,stats]         Old Phase: Concurrent Process Non-Strong               224.371 / 347.453      92.290 / 354.243      92.290 / 354.243      92.290 / 354.243     ms
[32.677s][info][gc,stats]         Old Phase: Concurrent Relocate                         627.110 / 757.294     260.581 / 984.303     260.581 / 984.303     260.581 / 984.303     ms
[32.677s][info][gc,stats]         Old Phase: Concurrent Remap Roots                       25.533 / 38.480       23.057 / 56.795       23.057 / 56.795       23.057 / 56.795      ms
[32.677s][info][gc,stats]         Old Phase: Concurrent Reset Relocation Set               0.091 / 0.108         0.023 / 0.108         0.023 / 0.108         0.023 / 0.108       ms
[32.677s][info][gc,stats]         Old Phase: Concurrent Select Relocation Set             10.309 / 11.204        5.721 / 21.154        5.721 / 21.154        5.721 / 21.154      ms
[32.677s][info][gc,stats]      Old Subphase: Concurrent Classes Purge                      0.008 / 0.011         0.049 / 0.212         0.049 / 0.212         0.049 / 0.212       ms
[32.677s][info][gc,stats]      Old Subphase: Concurrent Classes Unlink                     1.117 / 1.118         1.000 / 1.416         1.000 / 1.416         1.000 / 1.416       ms
[32.677s][info][gc,stats]      Old Subphase: Concurrent Mark Follow                     2798.655 / 3291.196   1043.138 / 3629.523   1043.138 / 3629.523   1043.138 / 3629.523    ms
[32.677s][info][gc,stats]      Old Subphase: Concurrent Mark Root Colored                  0.023 / 0.035         0.026 / 0.106         0.026 / 0.106         0.026 / 0.106       ms
[32.677s][info][gc,stats]      Old Subphase: Concurrent Mark Root Uncolored                0.024 / 0.027         0.026 / 0.073         0.026 / 0.073         0.026 / 0.073       ms
[32.677s][info][gc,stats]      Old Subphase: Concurrent Mark Roots                         0.073 / 0.077         0.079 / 0.127         0.079 / 0.127         0.079 / 0.127       ms
[32.677s][info][gc,stats]      Old Subphase: Concurrent References Enqueue                 0.000 / 0.000         0.001 / 0.003         0.001 / 0.003         0.001 / 0.003       ms
[32.677s][info][gc,stats]      Old Subphase: Concurrent References Process               222.988 / 346.090      91.059 / 352.842      91.059 / 352.842      91.059 / 352.842     ms
[32.677s][info][gc,stats]      Old Subphase: Concurrent Remap Remembered                  25.100 / 38.083       19.318 / 56.421       19.318 / 56.421       19.318 / 56.421      ms
[32.677s][info][gc,stats]      Old Subphase: Concurrent Remap Roots Colored                0.115 / 0.151         0.135 / 0.266         0.135 / 0.266         0.135 / 0.266       ms
[32.677s][info][gc,stats]      Old Subphase: Concurrent Remap Roots Uncolored              0.269 / 0.270         0.202 / 0.291         0.202 / 0.291         0.202 / 0.291       ms
[32.677s][info][gc,stats]      Old Subphase: Concurrent Roots ClassLoaderDataGraph         0.057 / 0.119         0.075 / 0.256         0.075 / 0.256         0.075 / 0.256       ms
[32.677s][info][gc,stats]      Old Subphase: Concurrent Roots CodeCache                    0.267 / 0.268         0.200 / 0.288         0.200 / 0.288         0.200 / 0.288       ms
[32.677s][info][gc,stats]      Old Subphase: Concurrent Roots JavaThreads                  0.008 / 0.027         0.009 / 0.073         0.009 / 0.073         0.009 / 0.073       ms
[32.677s][info][gc,stats]      Old Subphase: Concurrent Roots OopStorageSet                0.004 / 0.012         0.003 / 0.012         0.003 / 0.012         0.003 / 0.012       ms
[32.677s][info][gc,stats]      Old Subphase: Concurrent Weak Roots OopStorageSet           0.052 / 0.095         0.043 / 0.118         0.043 / 0.118         0.043 / 0.118       ms
[32.677s][info][gc,stats]            System: Java Threads                                     11 / 11               11 / 13               11 / 13               11 / 13          threads
[32.677s][info][gc,stats]  Young Generation: Young Generation                             36.205 / 54.323      582.378 / 2873.449    582.378 / 2873.449    582.378 / 2873.449    ms
[32.677s][info][gc,stats]  Young Generation: Young Generation                              0.000 / 0.000         0.000 / 0.000         0.000 / 0.000         0.000 / 0.000       ms
[32.677s][info][gc,stats]  Young Generation: Young Generation (Collect Roots)              0.000 / 0.000         0.000 / 0.000         0.000 / 0.000         0.000 / 0.000       ms
[32.677s][info][gc,stats]  Young Generation: Young Generation (Promote All)                0.000 / 0.000         0.000 / 0.000         0.000 / 0.000         0.000 / 0.000       ms
[32.677s][info][gc,stats]       Young Pause: Pause Mark End                                0.013 / 0.014         0.012 / 0.014         0.012 / 0.014         0.012 / 0.014       ms
[32.677s][info][gc,stats]       Young Pause: Pause Mark Start                              0.000 / 0.000         0.000 / 0.000         0.000 / 0.000         0.000 / 0.000       ms
[32.677s][info][gc,stats]       Young Pause: Pause Mark Start (Major)                      0.033 / 0.045         0.029 / 0.045         0.029 / 0.045         0.029 / 0.045       ms
[32.677s][info][gc,stats]       Young Pause: Pause Relocate Start                          0.004 / 0.004         0.006 / 0.013         0.006 / 0.013         0.006 / 0.013       ms
[32.677s][info][gc,stats]       Young Phase: Concurrent Mark                              35.845 / 53.947      501.084 / 2499.092    501.084 / 2499.092    501.084 / 2499.092    ms
[32.677s][info][gc,stats]       Young Phase: Concurrent Mark Continue                      0.000 / 0.000         0.000 / 0.000         0.000 / 0.000         0.000 / 0.000       ms
[32.677s][info][gc,stats]       Young Phase: Concurrent Mark Free                          0.001 / 0.001         0.007 / 0.037         0.007 / 0.037         0.007 / 0.037       ms
[32.677s][info][gc,stats]       Young Phase: Concurrent Relocate                           0.038 / 0.046        43.538 / 201.962      43.538 / 201.962      43.538 / 201.962     ms
[32.677s][info][gc,stats]       Young Phase: Concurrent Reset Relocation Set               0.000 / 0.000         0.087 / 0.453         0.087 / 0.453         0.087 / 0.453       ms
[32.677s][info][gc,stats]       Young Phase: Concurrent Select Relocation Set              0.149 / 0.157        37.388 / 175.740      37.388 / 175.740      37.388 / 175.740     ms
[32.677s][info][gc,stats]    Young Subphase: Concurrent Mark Follow                       35.170 / 53.271      500.362 / 2498.023    500.362 / 2498.023    500.362 / 2498.023    ms
[32.677s][info][gc,stats]    Young Subphase: Concurrent Mark Root Colored                  0.295 / 0.298         0.383 / 0.694         0.383 / 0.694         0.383 / 0.694       ms
[32.677s][info][gc,stats]    Young Subphase: Concurrent Mark Root Uncolored                0.320 / 0.322         0.277 / 0.331         0.277 / 0.331         0.277 / 0.331       ms
[32.677s][info][gc,stats]    Young Subphase: Concurrent Mark Roots                         0.672 / 0.674         0.719 / 1.067         0.719 / 1.067         0.719 / 1.067       ms
[32.677s][info][gc,stats]    Young Subphase: Concurrent Relocate Remset FP                 0.012 / 0.014        42.987 / 201.922      42.987 / 201.922      42.987 / 201.922     ms
[32.677s][info][gc,stats]    Young Subphase: Concurrent Roots ClassLoaderDataGraph         0.203 / 0.207         0.258 / 0.465         0.258 / 0.465         0.258 / 0.465       ms
[32.677s][info][gc,stats]    Young Subphase: Concurrent Roots CodeCache                    0.273 / 0.294         0.251 / 0.308         0.251 / 0.308         0.251 / 0.308       ms
[32.677s][info][gc,stats]    Young Subphase: Concurrent Roots JavaThreads                  0.024 / 0.096         0.024 / 0.296         0.024 / 0.296         0.024 / 0.296       ms
[32.677s][info][gc,stats]    Young Subphase: Concurrent Roots OopStorageSet                0.004 / 0.006         0.017 / 0.104         0.017 / 0.104         0.017 / 0.104       ms
[32.677s][info][gc,stats]    Young Subphase: Concurrent Weak Roots OopStorageSet           0.087 / 0.091         0.110 / 0.226         0.110 / 0.226         0.110 / 0.226       ms
[32.677s][info][gc,stats] =========================================================================================================================================================
