
=== Instance 3/8, outer iteration 31/100 (Variant sep_only) ===

Affinity: allowed=24,25,26,27,28,29,30,31,32,33,34,35 jvm=24,25,26,27,28,29,30,31,32,33 aux=34,35
Benchmark args: <none>
Command: /gorilla/home/fredrha/SimplifyingWeakRefs/build/variant-images/sep_only-linux-x86_64-server-release/jdk/bin/java -Xms8g -Xmx8g -XX:+UseZGC -Xlog:gc+stats,gc+ref -XX:InitialTenuringThreshold=1 -XX:MaxTenuringThreshold=1 -XX:ZCollectionIntervalMajor=0.5 -XX:+ZCollectionIntervalOnly -XX:NativeMemoryTracking=summary /gorilla/home/fredrha/SimplifyingWeakRefs/test/weakrefs/WeakRefMultiObjectBenchmark.java

[0.004s][info][gc,ref] Reference Processor created, Config: Separate list
[1.862s][info][gc,ref] GC(0) O:                           Encountered       Discovered Cleared/Enqueued 
[1.862s][info][gc,ref] GC(0) O: Soft References:                    0                0                0 
[1.862s][info][gc,ref] GC(0) O: Weak References:                    0                0                0 
[1.862s][info][gc,ref] GC(0) O: Weak (No Queue):                    0                0                0 
[1.862s][info][gc,ref] GC(0) O: Final References:                   0                0                0 
[1.862s][info][gc,ref] GC(0) O: Phantom References:                 0                0                0 
[2.377s][info][gc,ref] GC(1) O:                           Encountered       Discovered Cleared/Enqueued 
[2.377s][info][gc,ref] GC(1) O: Soft References:                  148                0                0 
[2.377s][info][gc,ref] GC(1) O: Weak References:                  605                0                0 
[2.377s][info][gc,ref] GC(1) O: Weak (No Queue):                    3                0                0 
[2.377s][info][gc,ref] GC(1) O: Final References:                   0                0                0 
[2.377s][info][gc,ref] GC(1) O: Phantom References:                 1                0                0 
[2.893s][info][gc,ref] GC(2) O:                           Encountered       Discovered Cleared/Enqueued 
[2.893s][info][gc,ref] GC(2) O: Soft References:                  148                0                0 
[2.893s][info][gc,ref] GC(2) O: Weak References:                  605                0                0 
[2.893s][info][gc,ref] GC(2) O: Weak (No Queue):                    3                0                0 
[2.893s][info][gc,ref] GC(2) O: Final References:                   0                0                0 
[2.893s][info][gc,ref] GC(2) O: Phantom References:                 1                0                0 
[3.408s][info][gc,ref] GC(3) O:                           Encountered       Discovered Cleared/Enqueued 
[3.408s][info][gc,ref] GC(3) O: Soft References:                  198                0                0 
[3.408s][info][gc,ref] GC(3) O: Weak References:                 1157              405              129 
[3.408s][info][gc,ref] GC(3) O: Weak (No Queue):                   21                3                0 
[3.408s][info][gc,ref] GC(3) O: Final References:                   0                0                0 
[3.408s][info][gc,ref] GC(3) O: Phantom References:                 1                1                0 
WeakRefMultiObjectBenchmark: objects=7340009 minSize=509 maxSize=1097 sleepMillis=3000
Phase 1: Allocating references and objects...
[4.341s][info][gc,ref] GC(4) O:                           Encountered       Discovered Cleared/Enqueued 
[4.341s][info][gc,ref] GC(4) O: Soft References:                  239                0                0 
[4.341s][info][gc,ref] GC(4) O: Weak References:                 1201              204                0 
[4.341s][info][gc,ref] GC(4) O: Weak (No Queue):               549782                0                0 
[4.341s][info][gc,ref] GC(4) O: Final References:                   0                0                0 
[4.341s][info][gc,ref] GC(4) O: Phantom References:                 1                1                0 
[6.499s][info][gc,ref] GC(5) O:                           Encountered       Discovered Cleared/Enqueued 
[6.499s][info][gc,ref] GC(5) O: Soft References:                  238                0                0 
[6.499s][info][gc,ref] GC(5) O: Weak References:                 1201              714              144 
[6.499s][info][gc,ref] GC(5) O: Weak (No Queue):              2731024                3                0 
[6.499s][info][gc,ref] GC(5) O: Final References:                   0                0                0 
[6.499s][info][gc,ref] GC(5) O: Phantom References:                 1                1                0 
Allocated 7340009 objects in 3.34 seconds
Phase 2: Sleeping for 3000 ms...
[9.839s][info][gc,ref] GC(6) O:                           Encountered       Discovered Cleared/Enqueued 
[9.839s][info][gc,ref] GC(6) O: Soft References:                  238                0                0 
[9.839s][info][gc,ref] GC(6) O: Weak References:                 1057              821               57 
[9.839s][info][gc,ref] GC(6) O: Weak (No Queue):              7340012           330535                0 
[9.839s][info][gc,ref] GC(6) O: Final References:                   0                0                0 
[9.839s][info][gc,ref] GC(6) O: Phantom References:                 1                1                0 
Phase 3.1: Clearing strong references...
Cleared 1468002 strong references, 5872007 remaining
Waiting 3000 ms...
Phase 3.2: Clearing strong references...
Cleared 1468002 strong references, 4404005 remaining
Waiting 3000 ms...
[13.976s][info][gc,ref] GC(7) O:                           Encountered       Discovered Cleared/Enqueued 
[13.976s][info][gc,ref] GC(7) O: Soft References:                  238                0                0 
[13.976s][info][gc,ref] GC(7) O: Weak References:                 1000               10                0 
[13.976s][info][gc,ref] GC(7) O: Weak (No Queue):              7340012          1165926           545787 
[13.976s][info][gc,ref] GC(7) O: Final References:                   0                0                0 
[13.976s][info][gc,ref] GC(7) O: Phantom References:                 1                1                0 
Phase 3.3: Clearing strong references...
Cleared 1468002 strong references, 2936003 remaining
Waiting 3000 ms...
Phase 3.4: Clearing strong references...
[19.500s][info][gc,ref] GC(8) O:                           Encountered       Discovered Cleared/Enqueued 
[19.500s][info][gc,ref] GC(8) O: Soft References:                  238                0                0 
[19.500s][info][gc,ref] GC(8) O: Weak References:                 1000              218                0 
[19.500s][info][gc,ref] GC(8) O: Weak (No Queue):              6794225          5063186          2390217 
[19.500s][info][gc,ref] GC(8) O: Final References:                   0                0                0 
[19.500s][info][gc,ref] GC(8) O: Phantom References:                 1                0                0 
Cleared 1468002 strong references, 1468001 remaining
Waiting 3000 ms...
Phase 3.5: Clearing strong references...
Cleared 1468001 strong references, 0 remaining
Waiting 3000 ms...
[24.594s][info][gc,ref] GC(9) O:                           Encountered       Discovered Cleared/Enqueued 
[24.594s][info][gc,ref] GC(9) O: Soft References:                  238                0                0 
[24.594s][info][gc,ref] GC(9) O: Weak References:                 1000               22                0 
[24.594s][info][gc,ref] GC(9) O: Weak (No Queue):              4404008          3725914          2936004 
[24.594s][info][gc,ref] GC(9) O: Final References:                   0                0                0 
[24.594s][info][gc,ref] GC(9) O: Phantom References:                 1                1                0 
Waiting 6000 ms...
[28.138s][info][gc,ref] GC(10) O:                           Encountered       Discovered Cleared/Enqueued 
[28.138s][info][gc,ref] GC(10) O: Soft References:                  238                0                0 
[28.138s][info][gc,ref] GC(10) O: Weak References:                 1000              218                0 
[28.138s][info][gc,ref] GC(10) O: Weak (No Queue):              1468004          1468001          1468001 
[28.138s][info][gc,ref] GC(10) O: Final References:                   0                0                0 
[28.138s][info][gc,ref] GC(10) O: Phantom References:                 1                1                0 
[30.670s][info][gc,ref] GC(11) O:                           Encountered       Discovered Cleared/Enqueued 
[30.670s][info][gc,ref] GC(11) O: Soft References:                  238                0                0 
[30.670s][info][gc,ref] GC(11) O: Weak References:                 1000              604                0 
[30.670s][info][gc,ref] GC(11) O: Weak (No Queue):                    3                0                0 
[30.670s][info][gc,ref] GC(11) O: Final References:                   0                0                0 
[30.670s][info][gc,ref] GC(11) O: Phantom References:                 1                1                0 
Phase 4: Final weak reference checks...
Final count of alive weak references: 0
[31.964s][info][gc,stats] === Garbage Collection Statistics =======================================================================================================================
[31.964s][info][gc,stats]                                                              Last 10s              Last 10m              Last 10h                Total
[31.964s][info][gc,stats]                                                              Avg / Max             Avg / Max             Avg / Max             Avg / Max
[31.964s][info][gc,stats]        Contention: Mark Segment Reset Contention                     0 / 5                 1 / 13                1 / 13                1 / 13          ops/s
[31.964s][info][gc,stats]        Contention: Mark SeqNum Reset Contention                      0 / 0                 0 / 5                 0 / 5                 0 / 5           ops/s
[31.964s][info][gc,stats]          Critical: Allocation Stall                                  0 / 0                 0 / 0                 0 / 0                 0 / 0           ops/s
[31.964s][info][gc,stats]          Critical: Allocation Stall                              0.000 / 0.000         0.000 / 0.000         0.000 / 0.000         0.000 / 0.000       ms
[31.964s][info][gc,stats]          Critical: JNI Critical Stall                                0 / 0                 0 / 0                 0 / 0                 0 / 0           ops/s
[31.964s][info][gc,stats]          Critical: JNI Critical Stall                            0.000 / 0.000         0.000 / 0.000         0.000 / 0.000         0.000 / 0.000       ms
[31.964s][info][gc,stats]          Critical: Relocation Stall                                  0 / 0                 0 / 0                 0 / 0                 0 / 0           ops/s
[31.964s][info][gc,stats]          Critical: Relocation Stall                              0.000 / 0.000         0.000 / 0.000         0.000 / 0.000         0.000 / 0.000       ms
[31.964s][info][gc,stats]  Major Collection: Major Collection                           3216.736 / 4589.275   1936.828 / 5015.462   1936.828 / 5015.462   1936.828 / 5015.462    ms
[31.964s][info][gc,stats]            Memory: Allocation Rate                                   0 / 2               227 / 2070            227 / 2070            227 / 2070        MB/s
[31.964s][info][gc,stats]            Memory: Defragment                                        0 / 0                 0 / 0                 0 / 0                 0 / 0           ops/s
[31.964s][info][gc,stats]            Memory: Mapped Cache Harvest                              0 / 0                 0 / 0                 0 / 0                 0 / 0           MB/s
[31.964s][info][gc,stats]            Memory: Out Of Memory                                     0 / 0                 0 / 0                 0 / 0                 0 / 0           ops/s
[31.964s][info][gc,stats]            Memory: Uncommit                                          0 / 0                 0 / 0                 0 / 0                 0 / 0           MB/s
[31.964s][info][gc,stats]            Memory: Undo Object Allocation Failed                     0 / 0                 0 / 0                 0 / 0                 0 / 0           ops/s
[31.964s][info][gc,stats]            Memory: Undo Object Allocation Succeeded                  0 / 0                 0 / 1                 0 / 1                 0 / 1           ops/s
[31.964s][info][gc,stats]            Memory: Undo Page Allocation                              0 / 0                 0 / 0                 0 / 0                 0 / 0           ops/s
[31.964s][info][gc,stats]  Minor Collection: Minor Collection                              0.000 / 0.000         0.000 / 0.000         0.000 / 0.000         0.000 / 0.000       ms
[31.964s][info][gc,stats]    Old Generation: Old Generation                             3168.649 / 4510.601   1392.018 / 4943.995   1392.018 / 4943.995   1392.018 / 4943.995    ms
[31.964s][info][gc,stats]         Old Pause: Pause Mark End                                0.015 / 0.015         0.011 / 0.016         0.011 / 0.016         0.011 / 0.016       ms
[31.964s][info][gc,stats]         Old Pause: Pause Relocate Start                          0.011 / 0.015         0.008 / 0.015         0.008 / 0.015         0.008 / 0.015       ms
[31.964s][info][gc,stats]         Old Phase: Concurrent Mark                            2580.894 / 3392.166   1063.025 / 3422.830   1063.025 / 3422.830   1063.025 / 3422.830    ms
[31.964s][info][gc,stats]         Old Phase: Concurrent Mark Continue                      0.000 / 0.000         0.000 / 0.000         0.000 / 0.000         0.000 / 0.000       ms
[31.964s][info][gc,stats]         Old Phase: Concurrent Mark Free                          0.008 / 0.011         0.005 / 0.011         0.005 / 0.011         0.005 / 0.011       ms
[31.964s][info][gc,stats]         Old Phase: Concurrent Process Non-Strong               144.948 / 320.569      85.357 / 459.336      85.357 / 459.336      85.357 / 459.336     ms
[31.964s][info][gc,stats]         Old Phase: Concurrent Relocate                         413.742 / 749.286     220.638 / 994.939     220.638 / 994.939     220.638 / 994.939     ms
[31.964s][info][gc,stats]         Old Phase: Concurrent Remap Roots                       15.555 / 33.529       16.509 / 51.839       16.509 / 51.839       16.509 / 51.839      ms
[31.964s][info][gc,stats]         Old Phase: Concurrent Reset Relocation Set               0.113 / 0.151         0.033 / 0.151         0.033 / 0.151         0.033 / 0.151       ms
[31.964s][info][gc,stats]         Old Phase: Concurrent Select Relocation Set             13.264 / 14.742        6.316 / 21.453        6.316 / 21.453        6.316 / 21.453      ms
[31.964s][info][gc,stats]      Old Subphase: Concurrent Classes Purge                      0.007 / 0.014         0.047 / 0.211         0.047 / 0.211         0.047 / 0.211       ms
[31.964s][info][gc,stats]      Old Subphase: Concurrent Classes Unlink                     1.128 / 1.145         0.996 / 1.404         0.996 / 1.404         0.996 / 1.404       ms
[31.964s][info][gc,stats]      Old Subphase: Concurrent Mark Follow                     2580.791 / 3392.042   1062.933 / 3422.707   1062.933 / 3422.707   1062.933 / 3422.707    ms
[31.964s][info][gc,stats]      Old Subphase: Concurrent Mark Root Colored                  0.026 / 0.079         0.027 / 0.081         0.027 / 0.081         0.027 / 0.081       ms
[31.964s][info][gc,stats]      Old Subphase: Concurrent Mark Root Uncolored                0.022 / 0.054         0.026 / 0.054         0.026 / 0.054         0.026 / 0.054       ms
[31.964s][info][gc,stats]      Old Subphase: Concurrent Mark Roots                         0.079 / 0.104         0.088 / 0.124         0.088 / 0.124         0.088 / 0.124       ms
[31.964s][info][gc,stats]      Old Subphase: Concurrent References Enqueue                 0.000 / 0.000         0.001 / 0.003         0.001 / 0.003         0.001 / 0.003       ms
[31.964s][info][gc,stats]      Old Subphase: Concurrent References Process               143.554 / 319.137      84.094 / 457.609      84.094 / 457.609      84.094 / 457.609     ms
[31.964s][info][gc,stats]      Old Subphase: Concurrent Remap Remembered                  15.187 / 33.139       14.379 / 51.515       14.379 / 51.515       14.379 / 51.515      ms
[31.964s][info][gc,stats]      Old Subphase: Concurrent Remap Roots Colored                0.099 / 0.139         0.133 / 0.279         0.133 / 0.279         0.133 / 0.279       ms
[31.964s][info][gc,stats]      Old Subphase: Concurrent Remap Roots Uncolored              0.230 / 0.267         0.189 / 0.322         0.189 / 0.322         0.189 / 0.322       ms
[31.964s][info][gc,stats]      Old Subphase: Concurrent Roots ClassLoaderDataGraph         0.051 / 0.120         0.075 / 0.265         0.075 / 0.265         0.075 / 0.265       ms
[31.964s][info][gc,stats]      Old Subphase: Concurrent Roots CodeCache                    0.229 / 0.265         0.187 / 0.318         0.187 / 0.318         0.187 / 0.318       ms
[31.964s][info][gc,stats]      Old Subphase: Concurrent Roots JavaThreads                  0.007 / 0.054         0.009 / 0.054         0.009 / 0.054         0.009 / 0.054       ms
[31.964s][info][gc,stats]      Old Subphase: Concurrent Roots OopStorageSet                0.003 / 0.009         0.004 / 0.012         0.004 / 0.012         0.004 / 0.012       ms
[31.964s][info][gc,stats]      Old Subphase: Concurrent Weak Roots OopStorageSet           0.050 / 0.102         0.046 / 0.132         0.046 / 0.132         0.046 / 0.132       ms
[31.964s][info][gc,stats]            System: Java Threads                                     11 / 11               11 / 13               11 / 13               11 / 13          threads
[31.964s][info][gc,stats]  Young Generation: Young Generation                             22.355 / 47.270      502.941 / 2419.246    502.941 / 2419.246    502.941 / 2419.246    ms
[31.964s][info][gc,stats]  Young Generation: Young Generation                              0.000 / 0.000         0.000 / 0.000         0.000 / 0.000         0.000 / 0.000       ms
[31.964s][info][gc,stats]  Young Generation: Young Generation (Collect Roots)              0.000 / 0.000         0.000 / 0.000         0.000 / 0.000         0.000 / 0.000       ms
[31.964s][info][gc,stats]  Young Generation: Young Generation (Promote All)                0.000 / 0.000         0.000 / 0.000         0.000 / 0.000         0.000 / 0.000       ms
[31.964s][info][gc,stats]       Young Pause: Pause Mark End                                0.011 / 0.014         0.011 / 0.015         0.011 / 0.015         0.011 / 0.015       ms
[31.964s][info][gc,stats]       Young Pause: Pause Mark Start                              0.000 / 0.000         0.000 / 0.000         0.000 / 0.000         0.000 / 0.000       ms
[31.964s][info][gc,stats]       Young Pause: Pause Mark Start (Major)                      0.026 / 0.027         0.026 / 0.032         0.026 / 0.032         0.026 / 0.032       ms
[31.964s][info][gc,stats]       Young Pause: Pause Relocate Start                          0.003 / 0.004         0.006 / 0.015         0.006 / 0.015         0.006 / 0.015       ms
[31.964s][info][gc,stats]       Young Phase: Concurrent Mark                              21.989 / 46.878      429.164 / 2166.942    429.164 / 2166.942    429.164 / 2166.942    ms
[31.964s][info][gc,stats]       Young Phase: Concurrent Mark Continue                      0.000 / 0.000         0.000 / 0.000         0.000 / 0.000         0.000 / 0.000       ms
[31.964s][info][gc,stats]       Young Phase: Concurrent Mark Free                          0.001 / 0.001         0.004 / 0.009         0.004 / 0.009         0.004 / 0.009       ms
[31.964s][info][gc,stats]       Young Phase: Concurrent Relocate                           0.037 / 0.037        40.317 / 276.015      40.317 / 276.015      40.317 / 276.015     ms
[31.964s][info][gc,stats]       Young Phase: Concurrent Reset Relocation Set               0.000 / 0.000         0.080 / 0.628         0.080 / 0.628         0.080 / 0.628       ms
[31.964s][info][gc,stats]       Young Phase: Concurrent Select Relocation Set              0.147 / 0.151        33.108 / 249.624      33.108 / 249.624      33.108 / 249.624     ms
[31.964s][info][gc,stats]    Young Subphase: Concurrent Mark Follow                       21.253 / 46.262      428.414 / 2166.137    428.414 / 2166.137    428.414 / 2166.137    ms
[31.964s][info][gc,stats]    Young Subphase: Concurrent Mark Root Colored                  0.393 / 0.460         0.396 / 0.607         0.396 / 0.607         0.396 / 0.607       ms
[31.964s][info][gc,stats]    Young Subphase: Concurrent Mark Root Uncolored                0.280 / 0.290         0.264 / 0.705         0.264 / 0.705         0.264 / 0.705       ms
[31.964s][info][gc,stats]    Young Subphase: Concurrent Mark Roots                         0.734 / 0.809         0.748 / 1.121         0.748 / 1.121         0.748 / 1.121       ms
[31.964s][info][gc,stats]    Young Subphase: Concurrent Relocate Remset FP                 0.010 / 0.011        39.685 / 275.973      39.685 / 275.973      39.685 / 275.973     ms
[31.964s][info][gc,stats]    Young Subphase: Concurrent Roots ClassLoaderDataGraph         0.291 / 0.331         0.279 / 0.404         0.279 / 0.404         0.279 / 0.404       ms
[31.964s][info][gc,stats]    Young Subphase: Concurrent Roots CodeCache                    0.242 / 0.269         0.224 / 0.280         0.224 / 0.280         0.224 / 0.280       ms
[31.965s][info][gc,stats]    Young Subphase: Concurrent Roots JavaThreads                  0.019 / 0.076         0.032 / 0.705         0.032 / 0.705         0.032 / 0.705       ms
[31.965s][info][gc,stats]    Young Subphase: Concurrent Roots OopStorageSet                0.004 / 0.007         0.018 / 0.093         0.018 / 0.093         0.018 / 0.093       ms
[31.965s][info][gc,stats]    Young Subphase: Concurrent Weak Roots OopStorageSet           0.097 / 0.134         0.108 / 0.199         0.108 / 0.199         0.108 / 0.199       ms
[31.965s][info][gc,stats] =========================================================================================================================================================
