
=== Instance 6/8, outer iteration 74/100 (Variant all) ===

Affinity: allowed=12,13,14,15,16,17,18,19,20,21,22,23 jvm=12,13,14,15,16,17,18,19,20,21 aux=22,23
Benchmark args: <none>
Command: /gorilla/home/fredrha/SimplifyingWeakRefs/build/variant-images/all-linux-x86_64-server-release/jdk/bin/java -Xms8g -Xmx8g -XX:+UseZGC -Xlog:gc+stats,gc+ref -XX:InitialTenuringThreshold=1 -XX:MaxTenuringThreshold=1 -XX:ZCollectionIntervalMajor=0.5 -XX:+ZCollectionIntervalOnly -XX:NativeMemoryTracking=summary /gorilla/home/fredrha/SimplifyingWeakRefs/test/weakrefs/WeakRefMultiObjectBenchmark.java

[0.004s][info][gc,ref] Reference Processor created, Config: All optimisations
[1.860s][info][gc,ref] GC(0) O:                           Encountered       Discovered Cleared/Enqueued 
[1.860s][info][gc,ref] GC(0) O: Soft References:                    0                0                0 
[1.860s][info][gc,ref] GC(0) O: Weak References:                    0                0                0 
[1.860s][info][gc,ref] GC(0) O: Weak (No Queue):                    0                0                0 
[1.860s][info][gc,ref] GC(0) O: Final References:                   0                0                0 
[1.860s][info][gc,ref] GC(0) O: Phantom References:                 0                0                0 
[2.374s][info][gc,ref] GC(1) O:                           Encountered       Discovered Cleared/Enqueued 
[2.374s][info][gc,ref] GC(1) O: Soft References:                  148                0                0 
[2.374s][info][gc,ref] GC(1) O: Weak References:                  605                0                0 
[2.374s][info][gc,ref] GC(1) O: Weak (No Queue):                    3                0                0 
[2.374s][info][gc,ref] GC(1) O: Final References:                   0                0                0 
[2.374s][info][gc,ref] GC(1) O: Phantom References:                 1                0                0 
[2.891s][info][gc,ref] GC(2) O:                           Encountered       Discovered Cleared/Enqueued 
[2.891s][info][gc,ref] GC(2) O: Soft References:                  148                0                0 
[2.891s][info][gc,ref] GC(2) O: Weak References:                  605                0                0 
[2.891s][info][gc,ref] GC(2) O: Weak (No Queue):                    3                0                0 
[2.891s][info][gc,ref] GC(2) O: Final References:                   0                0                0 
[2.891s][info][gc,ref] GC(2) O: Phantom References:                 1                0                0 
WeakRefMultiObjectBenchmark: objects=7340009 minSize=509 maxSize=1097 sleepMillis=3000
Phase 1: Allocating references and objects...
[3.420s][info][gc,ref] GC(3) O:                           Encountered       Discovered Cleared/Enqueued 
[3.420s][info][gc,ref] GC(3) O: Soft References:                  239                0                0 
[3.420s][info][gc,ref] GC(3) O: Weak References:                 1330              413              129 
[3.420s][info][gc,ref] GC(3) O: Weak (No Queue):                 1665                1                0 
[3.420s][info][gc,ref] GC(3) O: Final References:                   0                0                0 
[3.420s][info][gc,ref] GC(3) O: Phantom References:                 1                0                0 
[5.198s][info][gc,ref] GC(4) O:                           Encountered       Discovered Cleared/Enqueued 
[5.198s][info][gc,ref] GC(4) O: Soft References:                  239                0                0 
[5.198s][info][gc,ref] GC(4) O: Weak References:                 1201              229                0 
[5.198s][info][gc,ref] GC(4) O: Weak (No Queue):              1175997                3                0 
[5.198s][info][gc,ref] GC(4) O: Final References:                   0                0                0 
[5.198s][info][gc,ref] GC(4) O: Phantom References:                 1                1                0 
Allocated 7340009 objects in 3.51 seconds
Phase 2: Sleeping for 3000 ms...
[7.973s][info][gc,ref] GC(5) O:                           Encountered       Discovered Cleared/Enqueued 
[7.973s][info][gc,ref] GC(5) O: Soft References:                  238                0                0 
[7.973s][info][gc,ref] GC(5) O: Weak References:                 1201              333              201 
[7.973s][info][gc,ref] GC(5) O: Weak (No Queue):              5183213                3                0 
[7.973s][info][gc,ref] GC(5) O: Final References:                   0                0                0 
[7.973s][info][gc,ref] GC(5) O: Phantom References:                 1                1                0 
Phase 3.1: Clearing strong references...
Cleared 1468002 strong references, 5872007 remaining
Waiting 3000 ms...
[11.631s][info][gc,ref] GC(6) O:                           Encountered       Discovered Cleared/Enqueued 
[11.631s][info][gc,ref] GC(6) O: Soft References:                  238                0                0 
[11.631s][info][gc,ref] GC(6) O: Weak References:                 1000              226                0 
[11.631s][info][gc,ref] GC(6) O: Weak (No Queue):              7340012           456434                0 
[11.631s][info][gc,ref] GC(6) O: Final References:                   0                0                0 
[11.631s][info][gc,ref] GC(6) O: Phantom References:                 1                1                0 
Phase 3.2: Clearing strong references...
Cleared 1468002 strong references, 4404005 remaining
Waiting 3000 ms...
Phase 3.3: Clearing strong references...
Cleared 1468002 strong references, 2936003 remaining
Waiting 3000 ms...
[16.551s][info][gc,ref] GC(7) O:                           Encountered       Discovered Cleared/Enqueued 
[16.551s][info][gc,ref] GC(7) O: Soft References:                  238                0                0 
[16.551s][info][gc,ref] GC(7) O: Weak References:                 1000              561                0 
[16.551s][info][gc,ref] GC(7) O: Weak (No Queue):              7340012          3529156          1036453 
[16.551s][info][gc,ref] GC(7) O: Final References:                   0                0                0 
[16.551s][info][gc,ref] GC(7) O: Phantom References:                 1                1                0 
Phase 3.4: Clearing strong references...
Cleared 1468002 strong references, 1468001 remaining
Waiting 3000 ms...
[22.021s][info][gc,ref] GC(8) O:                           Encountered       Discovered Cleared/Enqueued 
[22.021s][info][gc,ref] GC(8) O: Soft References:                  238                0                0 
[22.021s][info][gc,ref] GC(8) O: Weak References:                 1000              655                0 
[22.021s][info][gc,ref] GC(8) O: Weak (No Queue):              6303559          3367613          3367553 
[22.021s][info][gc,ref] GC(8) O: Final References:                   0                0                0 
[22.021s][info][gc,ref] GC(8) O: Phantom References:                 1                1                0 
Phase 3.5: Clearing strong references...
Cleared 1468001 strong references, 0 remaining
Waiting 3000 ms...
Waiting 6000 ms...
[26.509s][info][gc,ref] GC(9) O:                           Encountered       Discovered Cleared/Enqueued 
[26.509s][info][gc,ref] GC(9) O: Soft References:                  238                0                0 
[26.509s][info][gc,ref] GC(9) O: Weak References:                 1000               81                0 
[26.509s][info][gc,ref] GC(9) O: Weak (No Queue):              2936006          2420079          1468002 
[26.509s][info][gc,ref] GC(9) O: Final References:                   0                0                0 
[26.509s][info][gc,ref] GC(9) O: Phantom References:                 1                1                0 
[29.807s][info][gc,ref] GC(10) O:                           Encountered       Discovered Cleared/Enqueued 
[29.807s][info][gc,ref] GC(10) O: Soft References:                  238                0                0 
[29.807s][info][gc,ref] GC(10) O: Weak References:                 1000              666                0 
[29.807s][info][gc,ref] GC(10) O: Weak (No Queue):              1468004          1468004          1468001 
[29.807s][info][gc,ref] GC(10) O: Final References:                   0                0                0 
[29.808s][info][gc,ref] GC(10) O: Phantom References:                 1                1                0 
Phase 4: Final weak reference checks...
Final count of alive weak references: 0
[32.058s][info][gc,stats] === Garbage Collection Statistics =======================================================================================================================
[32.058s][info][gc,stats]                                                              Last 10s              Last 10m              Last 10h                Total
[32.058s][info][gc,stats]                                                              Avg / Max             Avg / Max             Avg / Max             Avg / Max
[32.058s][info][gc,stats]        Contention: Mark Segment Reset Contention                     0 / 1                 1 / 22                1 / 22                1 / 22          ops/s
[32.058s][info][gc,stats]        Contention: Mark SeqNum Reset Contention                      0 / 1                 0 / 4                 0 / 4                 0 / 4           ops/s
[32.058s][info][gc,stats]          Critical: Allocation Stall                                  0 / 0                 0 / 0                 0 / 0                 0 / 0           ops/s
[32.058s][info][gc,stats]          Critical: Allocation Stall                              0.000 / 0.000         0.000 / 0.000         0.000 / 0.000         0.000 / 0.000       ms
[32.058s][info][gc,stats]          Critical: JNI Critical Stall                                0 / 0                 0 / 0                 0 / 0                 0 / 0           ops/s
[32.058s][info][gc,stats]          Critical: JNI Critical Stall                            0.000 / 0.000         0.000 / 0.000         0.000 / 0.000         0.000 / 0.000       ms
[32.058s][info][gc,stats]          Critical: Relocation Stall                                  0 / 0                 0 / 0                 0 / 0                 0 / 0           ops/s
[32.058s][info][gc,stats]          Critical: Relocation Stall                              0.000 / 0.000         0.000 / 0.000         0.000 / 0.000         0.000 / 0.000       ms
[32.058s][info][gc,stats]  Major Collection: Major Collection                           3913.451 / 4962.109   2082.100 / 4962.109   2082.100 / 4962.109   2082.100 / 4962.109    ms
[32.058s][info][gc,stats]            Memory: Allocation Rate                                   0 / 2               227 / 1996            227 / 1996            227 / 1996        MB/s
[32.058s][info][gc,stats]            Memory: Defragment                                        0 / 0                 0 / 0                 0 / 0                 0 / 0           ops/s
[32.058s][info][gc,stats]            Memory: Mapped Cache Harvest                              0 / 0                 0 / 0                 0 / 0                 0 / 0           MB/s
[32.058s][info][gc,stats]            Memory: Out Of Memory                                     0 / 0                 0 / 0                 0 / 0                 0 / 0           ops/s
[32.058s][info][gc,stats]            Memory: Uncommit                                          0 / 0                 0 / 0                 0 / 0                 0 / 0           MB/s
[32.058s][info][gc,stats]            Memory: Undo Object Allocation Failed                     0 / 0                 0 / 0                 0 / 0                 0 / 0           ops/s
[32.058s][info][gc,stats]            Memory: Undo Object Allocation Succeeded                  0 / 0                 0 / 0                 0 / 0                 0 / 0           ops/s
[32.058s][info][gc,stats]            Memory: Undo Page Allocation                              0 / 0                 0 / 0                 0 / 0                 0 / 0           ops/s
[32.058s][info][gc,stats]  Minor Collection: Minor Collection                              0.000 / 0.000         0.000 / 0.000         0.000 / 0.000         0.000 / 0.000       ms
[32.058s][info][gc,stats]    Old Generation: Old Generation                             3859.270 / 4882.805   1459.312 / 4882.805   1459.312 / 4882.805   1459.312 / 4882.805    ms
[32.058s][info][gc,stats]         Old Pause: Pause Mark End                                0.012 / 0.013         0.010 / 0.015         0.010 / 0.015         0.010 / 0.015       ms
[32.058s][info][gc,stats]         Old Pause: Pause Relocate Start                          0.009 / 0.011         0.008 / 0.012         0.008 / 0.012         0.008 / 0.012       ms
[32.058s][info][gc,stats]         Old Phase: Concurrent Mark                            2594.288 / 2996.161   1097.111 / 3852.701   1097.111 / 3852.701   1097.111 / 3852.701    ms
[32.058s][info][gc,stats]         Old Phase: Concurrent Mark Continue                      0.000 / 0.000         0.000 / 0.000         0.000 / 0.000         0.000 / 0.000       ms
[32.058s][info][gc,stats]         Old Phase: Concurrent Mark Free                          0.003 / 0.004         0.003 / 0.006         0.003 / 0.006         0.003 / 0.006       ms
[32.058s][info][gc,stats]         Old Phase: Concurrent Process Non-Strong                69.211 / 87.948       37.134 / 125.898      37.134 / 125.898      37.134 / 125.898     ms
[32.058s][info][gc,stats]         Old Phase: Concurrent Relocate                         725.515 / 863.445     299.477 / 1110.484    299.477 / 1110.484    299.477 / 1110.484    ms
[32.058s][info][gc,stats]         Old Phase: Concurrent Remap Roots                       17.952 / 23.270       20.596 / 47.578       20.596 / 47.578       20.596 / 47.578      ms
[32.058s][info][gc,stats]         Old Phase: Concurrent Reset Relocation Set               0.066 / 0.092         0.020 / 0.092         0.020 / 0.092         0.020 / 0.092       ms
[32.058s][info][gc,stats]         Old Phase: Concurrent Select Relocation Set              9.325 / 11.379        4.837 / 25.691        4.837 / 25.691        4.837 / 25.691      ms
[32.058s][info][gc,stats]      Old Subphase: Concurrent Classes Purge                      0.010 / 0.015         0.054 / 0.295         0.054 / 0.295         0.054 / 0.295       ms
[32.058s][info][gc,stats]      Old Subphase: Concurrent Classes Unlink                     1.255 / 1.373         1.058 / 1.380         1.058 / 1.380         1.058 / 1.380       ms
[32.058s][info][gc,stats]      Old Subphase: Concurrent Mark Follow                     2594.187 / 2996.041   1097.022 / 3852.593   1097.022 / 3852.593   1097.022 / 3852.593    ms
[32.058s][info][gc,stats]      Old Subphase: Concurrent Mark Root Colored                  0.036 / 0.084         0.026 / 0.085         0.026 / 0.085         0.026 / 0.085       ms
[32.058s][info][gc,stats]      Old Subphase: Concurrent Mark Root Uncolored                0.028 / 0.051         0.030 / 0.068         0.030 / 0.068         0.030 / 0.068       ms
[32.058s][info][gc,stats]      Old Subphase: Concurrent Mark Roots                         0.090 / 0.117         0.086 / 0.131         0.086 / 0.131         0.086 / 0.131       ms
[32.058s][info][gc,stats]      Old Subphase: Concurrent References Enqueue                 0.000 / 0.000         0.001 / 0.004         0.001 / 0.004         0.001 / 0.004       ms
[32.058s][info][gc,stats]      Old Subphase: Concurrent References Process                67.698 / 86.277       35.821 / 124.226      35.821 / 124.226      35.821 / 124.226     ms
[32.058s][info][gc,stats]      Old Subphase: Concurrent Remap Remembered                  17.500 / 22.814       17.103 / 47.241       17.103 / 47.241       17.103 / 47.241      ms
[32.058s][info][gc,stats]      Old Subphase: Concurrent Remap Roots Colored                0.118 / 0.152         0.139 / 0.302         0.139 / 0.302         0.139 / 0.302       ms
[32.058s][info][gc,stats]      Old Subphase: Concurrent Remap Roots Uncolored              0.291 / 0.320         0.205 / 0.321         0.205 / 0.321         0.205 / 0.321       ms
[32.058s][info][gc,stats]      Old Subphase: Concurrent Roots ClassLoaderDataGraph         0.058 / 0.121         0.079 / 0.288         0.079 / 0.288         0.079 / 0.288       ms
[32.058s][info][gc,stats]      Old Subphase: Concurrent Roots CodeCache                    0.288 / 0.315         0.209 / 0.318         0.209 / 0.318         0.209 / 0.318       ms
[32.058s][info][gc,stats]      Old Subphase: Concurrent Roots JavaThreads                  0.013 / 0.051         0.011 / 0.068         0.011 / 0.068         0.011 / 0.068       ms
[32.058s][info][gc,stats]      Old Subphase: Concurrent Roots OopStorageSet                0.005 / 0.011         0.004 / 0.015         0.004 / 0.015         0.004 / 0.015       ms
[32.058s][info][gc,stats]      Old Subphase: Concurrent Weak Roots OopStorageSet           0.052 / 0.096         0.051 / 0.128         0.051 / 0.128         0.051 / 0.128       ms
[32.058s][info][gc,stats]            System: Java Threads                                     11 / 11               11 / 13               11 / 13               11 / 13          threads
[32.058s][info][gc,stats]  Young Generation: Young Generation                             33.736 / 47.096      572.304 / 2467.482    572.304 / 2467.482    572.304 / 2467.482    ms
[32.058s][info][gc,stats]  Young Generation: Young Generation                              0.000 / 0.000         0.000 / 0.000         0.000 / 0.000         0.000 / 0.000       ms
[32.058s][info][gc,stats]  Young Generation: Young Generation (Collect Roots)              0.000 / 0.000         0.000 / 0.000         0.000 / 0.000         0.000 / 0.000       ms
[32.058s][info][gc,stats]  Young Generation: Young Generation (Promote All)                0.000 / 0.000         0.000 / 0.000         0.000 / 0.000         0.000 / 0.000       ms
[32.058s][info][gc,stats]       Young Pause: Pause Mark End                                0.010 / 0.010         0.010 / 0.014         0.010 / 0.014         0.010 / 0.014       ms
[32.058s][info][gc,stats]       Young Pause: Pause Mark Start                              0.000 / 0.000         0.000 / 0.000         0.000 / 0.000         0.000 / 0.000       ms
[32.058s][info][gc,stats]       Young Pause: Pause Mark Start (Major)                      0.023 / 0.024         0.039 / 0.185         0.039 / 0.185         0.039 / 0.185       ms
[32.058s][info][gc,stats]       Young Pause: Pause Relocate Start                          0.003 / 0.003         0.007 / 0.014         0.007 / 0.014         0.007 / 0.014       ms
[32.058s][info][gc,stats]       Young Phase: Concurrent Mark                              33.144 / 46.025      492.242 / 2009.723    492.242 / 2009.723    492.242 / 2009.723    ms
[32.058s][info][gc,stats]       Young Phase: Concurrent Mark Continue                      0.000 / 0.000         0.000 / 0.000         0.000 / 0.000         0.000 / 0.000       ms
[32.058s][info][gc,stats]       Young Phase: Concurrent Mark Free                          0.001 / 0.002         0.003 / 0.007         0.003 / 0.007         0.003 / 0.007       ms
[32.058s][info][gc,stats]       Young Phase: Concurrent Relocate                           0.035 / 0.043        43.115 / 242.728      43.115 / 242.728      43.115 / 242.728     ms
[32.058s][info][gc,stats]       Young Phase: Concurrent Reset Relocation Set               0.001 / 0.002         0.084 / 0.527         0.084 / 0.527         0.084 / 0.527       ms
[32.058s][info][gc,stats]       Young Phase: Concurrent Select Relocation Set              0.208 / 0.352        36.555 / 214.465      36.555 / 214.465      36.555 / 214.465     ms
[32.058s][info][gc,stats]    Young Subphase: Concurrent Mark Follow                       32.469 / 45.412      491.463 / 2008.737    491.463 / 2008.737    491.463 / 2008.737    ms
[32.058s][info][gc,stats]    Young Subphase: Concurrent Mark Root Colored                  0.336 / 0.445         0.465 / 0.915         0.465 / 0.915         0.465 / 0.915       ms
[32.058s][info][gc,stats]    Young Subphase: Concurrent Mark Root Uncolored                0.282 / 0.291         0.261 / 0.322         0.261 / 0.322         0.261 / 0.322       ms
[32.058s][info][gc,stats]    Young Subphase: Concurrent Mark Roots                         0.672 / 0.751         0.777 / 1.246         0.777 / 1.246         0.777 / 1.246       ms
[32.058s][info][gc,stats]    Young Subphase: Concurrent Relocate Remset FP                 0.010 / 0.013        42.632 / 242.697      42.632 / 242.697      42.632 / 242.697     ms
[32.058s][info][gc,stats]    Young Subphase: Concurrent Roots ClassLoaderDataGraph         0.247 / 0.306         0.344 / 0.630         0.344 / 0.630         0.344 / 0.630       ms
[32.058s][info][gc,stats]    Young Subphase: Concurrent Roots CodeCache                    0.236 / 0.256         0.232 / 0.302         0.232 / 0.302         0.232 / 0.302       ms
[32.058s][info][gc,stats]    Young Subphase: Concurrent Roots JavaThreads                  0.024 / 0.087         0.022 / 0.279         0.022 / 0.279         0.022 / 0.279       ms
[32.058s][info][gc,stats]    Young Subphase: Concurrent Roots OopStorageSet                0.003 / 0.007         0.020 / 0.143         0.020 / 0.143         0.020 / 0.143       ms
[32.058s][info][gc,stats]    Young Subphase: Concurrent Weak Roots OopStorageSet           0.085 / 0.141         0.105 / 0.277         0.105 / 0.277         0.105 / 0.277       ms
[32.058s][info][gc,stats] =========================================================================================================================================================
