
=== Instance 6/8, outer iteration 71/100 (Variant dyn_only) ===

Affinity: allowed=12,13,14,15,16,17,18,19,20,21,22,23 jvm=12,13,14,15,16,17,18,19,20,21 aux=22,23
Benchmark args: <none>
Command: /gorilla/home/fredrha/SimplifyingWeakRefs/build/variant-images/dyn_only-linux-x86_64-server-release/jdk/bin/java -Xms8g -Xmx8g -XX:+UseZGC -Xlog:gc+stats,gc+ref -XX:InitialTenuringThreshold=1 -XX:MaxTenuringThreshold=1 -XX:ZCollectionIntervalMajor=0.5 -XX:+ZCollectionIntervalOnly -XX:NativeMemoryTracking=summary /gorilla/home/fredrha/SimplifyingWeakRefs/test/weakrefs/WeakRefMultiObjectBenchmark.java

[0.004s][info][gc,ref] Reference Processor created, Config: Dynamic array
[1.865s][info][gc,ref] GC(0) O:                       Encountered   Discovered     Enqueued 
[1.865s][info][gc,ref] GC(0) O: Soft References:                0            0            0 
[1.865s][info][gc,ref] GC(0) O: Weak References:                1            0            0 
[1.865s][info][gc,ref] GC(0) O: Final References:               0            0            0 
[1.865s][info][gc,ref] GC(0) O: Phantom References:             0            0            0 
[2.381s][info][gc,ref] GC(1) O:                       Encountered   Discovered     Enqueued 
[2.381s][info][gc,ref] GC(1) O: Soft References:              148            0            0 
[2.381s][info][gc,ref] GC(1) O: Weak References:              608            0            0 
[2.381s][info][gc,ref] GC(1) O: Final References:               0            0            0 
[2.381s][info][gc,ref] GC(1) O: Phantom References:             1            0            0 
[2.897s][info][gc,ref] GC(2) O:                       Encountered   Discovered     Enqueued 
[2.897s][info][gc,ref] GC(2) O: Soft References:              148            0            0 
[2.897s][info][gc,ref] GC(2) O: Weak References:              608            1            0 
[2.897s][info][gc,ref] GC(2) O: Final References:               0            0            0 
[2.897s][info][gc,ref] GC(2) O: Phantom References:             1            0            0 
WeakRefMultiObjectBenchmark: objects=7340009 minSize=509 maxSize=1097 sleepMillis=3000
Phase 1: Allocating references and objects...
[3.422s][info][gc,ref] GC(3) O:                       Encountered   Discovered     Enqueued 
[3.422s][info][gc,ref] GC(3) O: Soft References:              239            0            0 
[3.422s][info][gc,ref] GC(3) O: Weak References:             1333          444          129 
[3.422s][info][gc,ref] GC(3) O: Final References:               0            0            0 
[3.422s][info][gc,ref] GC(3) O: Phantom References:             1            1            0 
[4.619s][info][gc,ref] GC(4) O:                       Encountered   Discovered     Enqueued 
[4.619s][info][gc,ref] GC(4) O: Soft References:              239            0            0 
[4.619s][info][gc,ref] GC(4) O: Weak References:          1175248          260            0 
[4.619s][info][gc,ref] GC(4) O: Final References:               0            0            0 
[4.619s][info][gc,ref] GC(4) O: Phantom References:             1            1            0 
[6.622s][info][gc,ref] GC(5) O:                       Encountered   Discovered     Enqueued 
[6.622s][info][gc,ref] GC(5) O: Soft References:              238            0            0 
[6.622s][info][gc,ref] GC(5) O: Weak References:          3846778          709          201 
[6.622s][info][gc,ref] GC(5) O: Final References:               0            0            0 
[6.622s][info][gc,ref] GC(5) O: Phantom References:             1            1            0 
Allocated 7340009 objects in 3.48 seconds
Phase 2: Sleeping for 3000 ms...
Phase 3.1: Clearing strong references...
Cleared 1468002 strong references, 5872007 remaining
Waiting 3000 ms...
[10.275s][info][gc,ref] GC(6) O:                       Encountered   Discovered     Enqueued 
[10.275s][info][gc,ref] GC(6) O: Soft References:              238            0            0 
[10.275s][info][gc,ref] GC(6) O: Weak References:          7341012       146282            0 
[10.275s][info][gc,ref] GC(6) O: Final References:               0            0            0 
[10.275s][info][gc,ref] GC(6) O: Phantom References:             1            1            0 
Phase 3.2: Clearing strong references...
Cleared 1468002 strong references, 4404005 remaining
Waiting 3000 ms...
[15.016s][info][gc,ref] GC(7) O:                       Encountered   Discovered     Enqueued 
[15.016s][info][gc,ref] GC(7) O: Soft References:              238            0            0 
[15.016s][info][gc,ref] GC(7) O: Weak References:          7341012       907821       769227 
[15.016s][info][gc,ref] GC(7) O: Final References:               0            0            0 
[15.016s][info][gc,ref] GC(7) O: Phantom References:             1            1            0 
Phase 3.3: Clearing strong references...
Cleared 1468002 strong references, 2936003 remaining
Waiting 3000 ms...
Phase 3.4: Clearing strong references...
Cleared 1468002 strong references, 1468001 remaining
Waiting 3000 ms...
[20.987s][info][gc,ref] GC(8) O:                       Encountered   Discovered     Enqueued 
[20.987s][info][gc,ref] GC(8) O: Soft References:              238            0            0 
[20.987s][info][gc,ref] GC(8) O: Weak References:          6571785      6132367      2166777 
[20.987s][info][gc,ref] GC(8) O: Final References:               0            0            0 
[20.987s][info][gc,ref] GC(8) O: Phantom References:             1            1            0 
Phase 3.5: Clearing strong references...
Cleared 1468001 strong references, 0 remaining
Waiting 3000 ms...
Waiting 6000 ms...
[25.922s][info][gc,ref] GC(9) O:                       Encountered   Discovered     Enqueued 
[25.922s][info][gc,ref] GC(9) O: Soft References:              238            0            0 
[25.922s][info][gc,ref] GC(9) O: Weak References:          4405008      2959482      2936004 
[25.922s][info][gc,ref] GC(9) O: Final References:               0            0            0 
[25.922s][info][gc,ref] GC(9) O: Phantom References:             1            1            0 
[29.266s][info][gc,ref] GC(10) O:                       Encountered   Discovered     Enqueued 
[29.266s][info][gc,ref] GC(10) O: Soft References:              238            0            0 
[29.266s][info][gc,ref] GC(10) O: Weak References:          1469004      1468455      1468001 
[29.266s][info][gc,ref] GC(10) O: Final References:               0            0            0 
[29.266s][info][gc,ref] GC(10) O: Phantom References:             1            1            0 
[31.558s][info][gc,ref] GC(11) O:                       Encountered   Discovered     Enqueued 
[31.558s][info][gc,ref] GC(11) O: Soft References:              238            0            0 
[31.558s][info][gc,ref] GC(11) O: Weak References:             1003          475            0 
[31.558s][info][gc,ref] GC(11) O: Final References:               0            0            0 
[31.558s][info][gc,ref] GC(11) O: Phantom References:             1            1            0 
Phase 4: Final weak reference checks...
Final count of alive weak references: 0
[32.302s][info][gc,stats] === Garbage Collection Statistics =======================================================================================================================
[32.302s][info][gc,stats]                                                              Last 10s              Last 10m              Last 10h                Total
[32.302s][info][gc,stats]                                                              Avg / Max             Avg / Max             Avg / Max             Avg / Max
[32.302s][info][gc,stats]        Contention: Mark Segment Reset Contention                     0 / 2                 1 / 22                1 / 22                1 / 22          ops/s
[32.302s][info][gc,stats]        Contention: Mark SeqNum Reset Contention                      0 / 0                 0 / 5                 0 / 5                 0 / 5           ops/s
[32.302s][info][gc,stats]          Critical: Allocation Stall                                  0 / 0                 0 / 0                 0 / 0                 0 / 0           ops/s
[32.302s][info][gc,stats]          Critical: Allocation Stall                              0.000 / 0.000         0.000 / 0.000         0.000 / 0.000         0.000 / 0.000       ms
[32.302s][info][gc,stats]          Critical: JNI Critical Stall                                0 / 0                 0 / 0                 0 / 0                 0 / 0           ops/s
[32.302s][info][gc,stats]          Critical: JNI Critical Stall                            0.000 / 0.000         0.000 / 0.000         0.000 / 0.000         0.000 / 0.000       ms
[32.302s][info][gc,stats]          Critical: Relocation Stall                                  0 / 0                 0 / 0                 0 / 0                 0 / 0           ops/s
[32.302s][info][gc,stats]          Critical: Relocation Stall                              0.000 / 0.000         0.000 / 0.000         0.000 / 0.000         0.000 / 0.000       ms
[32.302s][info][gc,stats]  Major Collection: Major Collection                           3016.771 / 4425.350   2011.241 / 5463.419   2011.241 / 5463.419   2011.241 / 5463.419    ms
[32.302s][info][gc,stats]            Memory: Allocation Rate                                   9 / 52              233 / 1974            233 / 1974            233 / 1974        MB/s
[32.302s][info][gc,stats]            Memory: Defragment                                        0 / 0                 0 / 0                 0 / 0                 0 / 0           ops/s
[32.302s][info][gc,stats]            Memory: Mapped Cache Harvest                              0 / 0                 0 / 0                 0 / 0                 0 / 0           MB/s
[32.302s][info][gc,stats]            Memory: Out Of Memory                                     0 / 0                 0 / 0                 0 / 0                 0 / 0           ops/s
[32.302s][info][gc,stats]            Memory: Uncommit                                          0 / 0                 0 / 0                 0 / 0                 0 / 0           MB/s
[32.302s][info][gc,stats]            Memory: Undo Object Allocation Failed                     0 / 0                 0 / 0                 0 / 0                 0 / 0           ops/s
[32.302s][info][gc,stats]            Memory: Undo Object Allocation Succeeded                  0 / 0                 0 / 0                 0 / 0                 0 / 0           ops/s
[32.302s][info][gc,stats]            Memory: Undo Page Allocation                              0 / 0                 0 / 0                 0 / 0                 0 / 0           ops/s
[32.302s][info][gc,stats]  Minor Collection: Minor Collection                              0.000 / 0.000         0.000 / 0.000         0.000 / 0.000         0.000 / 0.000       ms
[32.302s][info][gc,stats]    Old Generation: Old Generation                             2977.191 / 4349.793   1502.335 / 5399.757   1502.335 / 5399.757   1502.335 / 5399.757    ms
[32.302s][info][gc,stats]         Old Pause: Pause Mark End                                0.013 / 0.015         0.013 / 0.030         0.013 / 0.030         0.013 / 0.030       ms
[32.302s][info][gc,stats]         Old Pause: Pause Relocate Start                          0.008 / 0.010         0.009 / 0.014         0.009 / 0.014         0.009 / 0.014       ms
[32.302s][info][gc,stats]         Old Phase: Concurrent Mark                            2459.688 / 3352.795   1141.801 / 3842.632   1141.801 / 3842.632   1141.801 / 3842.632    ms
[32.302s][info][gc,stats]         Old Phase: Concurrent Mark Continue                      0.000 / 0.000         0.000 / 0.000         0.000 / 0.000         0.000 / 0.000       ms
[32.302s][info][gc,stats]         Old Phase: Concurrent Mark Free                          0.006 / 0.010         0.004 / 0.010         0.004 / 0.010         0.004 / 0.010       ms
[32.302s][info][gc,stats]         Old Phase: Concurrent Process Non-Strong               115.197 / 238.519      72.179 / 428.131      72.179 / 428.131      72.179 / 428.131     ms
[32.302s][info][gc,stats]         Old Phase: Concurrent Relocate                         380.355 / 721.032     261.657 / 1050.936    261.657 / 1050.936    261.657 / 1050.936    ms
[32.302s][info][gc,stats]         Old Phase: Concurrent Remap Roots                       13.886 / 28.549       20.950 / 55.457       20.950 / 55.457       20.950 / 55.457      ms
[32.302s][info][gc,stats]         Old Phase: Concurrent Reset Relocation Set               0.125 / 0.169         0.038 / 0.169         0.038 / 0.169         0.038 / 0.169       ms
[32.302s][info][gc,stats]         Old Phase: Concurrent Select Relocation Set              7.799 / 8.585         5.528 / 22.138        5.528 / 22.138        5.528 / 22.138      ms
[32.302s][info][gc,stats]      Old Subphase: Concurrent Classes Purge                      0.011 / 0.018         0.045 / 0.230         0.045 / 0.230         0.045 / 0.230       ms
[32.302s][info][gc,stats]      Old Subphase: Concurrent Classes Unlink                     1.117 / 1.130         1.043 / 1.445         1.043 / 1.445         1.043 / 1.445       ms
[32.302s][info][gc,stats]      Old Subphase: Concurrent Mark Follow                     2459.594 / 3352.683   1141.718 / 3842.515   1141.718 / 3842.515   1141.718 / 3842.515    ms
[32.302s][info][gc,stats]      Old Subphase: Concurrent Mark Root Colored                  0.019 / 0.035         0.026 / 0.086         0.026 / 0.086         0.026 / 0.086       ms
[32.302s][info][gc,stats]      Old Subphase: Concurrent Mark Root Uncolored                0.032 / 0.037         0.026 / 0.056         0.026 / 0.056         0.026 / 0.056       ms
[32.302s][info][gc,stats]      Old Subphase: Concurrent Mark Roots                         0.082 / 0.090         0.080 / 0.113         0.080 / 0.113         0.080 / 0.113       ms
[32.302s][info][gc,stats]      Old Subphase: Concurrent References Enqueue                 0.002 / 0.003         0.002 / 0.004         0.002 / 0.004         0.002 / 0.004       ms
[32.302s][info][gc,stats]      Old Subphase: Concurrent References Process               113.818 / 237.053      70.878 / 426.681      70.878 / 426.681      70.878 / 426.681     ms
[32.302s][info][gc,stats]      Old Subphase: Concurrent Remap Remembered                  13.473 / 28.144       17.188 / 55.040       17.188 / 55.040       17.188 / 55.040      ms
[32.302s][info][gc,stats]      Old Subphase: Concurrent Remap Roots Colored                0.129 / 0.161         0.144 / 0.289         0.144 / 0.289         0.144 / 0.289       ms
[32.302s][info][gc,stats]      Old Subphase: Concurrent Remap Roots Uncolored              0.246 / 0.275         0.202 / 0.299         0.202 / 0.299         0.202 / 0.299       ms
[32.302s][info][gc,stats]      Old Subphase: Concurrent Roots ClassLoaderDataGraph         0.071 / 0.125         0.083 / 0.276         0.083 / 0.276         0.083 / 0.276       ms
[32.302s][info][gc,stats]      Old Subphase: Concurrent Roots CodeCache                    0.244 / 0.272         0.200 / 0.296         0.200 / 0.296         0.200 / 0.296       ms
[32.302s][info][gc,stats]      Old Subphase: Concurrent Roots JavaThreads                  0.008 / 0.037         0.009 / 0.055         0.009 / 0.055         0.009 / 0.055       ms
[32.302s][info][gc,stats]      Old Subphase: Concurrent Roots OopStorageSet                0.003 / 0.011         0.004 / 0.015         0.004 / 0.015         0.004 / 0.015       ms
[32.302s][info][gc,stats]      Old Subphase: Concurrent Weak Roots OopStorageSet           0.052 / 0.094         0.053 / 0.149         0.053 / 0.149         0.053 / 0.149       ms
[32.302s][info][gc,stats]            System: Java Threads                                     11 / 11               10 / 13               10 / 13               10 / 13          threads
[32.302s][info][gc,stats]  Young Generation: Young Generation                             21.491 / 32.128      508.809 / 2479.017    508.809 / 2479.017    508.809 / 2479.017    ms
[32.302s][info][gc,stats]  Young Generation: Young Generation                              0.000 / 0.000         0.000 / 0.000         0.000 / 0.000         0.000 / 0.000       ms
[32.302s][info][gc,stats]  Young Generation: Young Generation (Collect Roots)              0.000 / 0.000         0.000 / 0.000         0.000 / 0.000         0.000 / 0.000       ms
[32.302s][info][gc,stats]  Young Generation: Young Generation (Promote All)                0.000 / 0.000         0.000 / 0.000         0.000 / 0.000         0.000 / 0.000       ms
[32.302s][info][gc,stats]       Young Pause: Pause Mark End                                0.011 / 0.012         0.011 / 0.014         0.011 / 0.014         0.011 / 0.014       ms
[32.302s][info][gc,stats]       Young Pause: Pause Mark Start                              0.000 / 0.000         0.000 / 0.000         0.000 / 0.000         0.000 / 0.000       ms
[32.302s][info][gc,stats]       Young Pause: Pause Mark Start (Major)                      0.020 / 0.020         0.025 / 0.035         0.025 / 0.035         0.025 / 0.035       ms
[32.302s][info][gc,stats]       Young Pause: Pause Relocate Start                          0.003 / 0.004         0.007 / 0.014         0.007 / 0.014         0.007 / 0.014       ms
[32.302s][info][gc,stats]       Young Phase: Concurrent Mark                              21.175 / 31.825      430.830 / 2183.749    430.830 / 2183.749    430.830 / 2183.749    ms
[32.302s][info][gc,stats]       Young Phase: Concurrent Mark Continue                      0.000 / 0.000         0.000 / 0.000         0.000 / 0.000         0.000 / 0.000       ms
[32.302s][info][gc,stats]       Young Phase: Concurrent Mark Free                          0.001 / 0.001         0.003 / 0.007         0.003 / 0.007         0.003 / 0.007       ms
[32.302s][info][gc,stats]       Young Phase: Concurrent Relocate                           0.039 / 0.043        41.920 / 206.167      41.920 / 206.167      41.920 / 206.167     ms
[32.302s][info][gc,stats]       Young Phase: Concurrent Reset Relocation Set               0.000 / 0.000         0.087 / 0.480         0.087 / 0.480         0.087 / 0.480       ms
[32.302s][info][gc,stats]       Young Phase: Concurrent Select Relocation Set              0.139 / 0.146        35.698 / 180.147      35.698 / 180.147      35.698 / 180.147     ms
[32.302s][info][gc,stats]    Young Subphase: Concurrent Mark Follow                       20.498 / 31.137      430.070 / 2182.688    430.070 / 2182.688    430.070 / 2182.688    ms
[32.302s][info][gc,stats]    Young Subphase: Concurrent Mark Root Colored                  0.295 / 0.304         0.426 / 0.934         0.426 / 0.934         0.426 / 0.934       ms
[32.302s][info][gc,stats]    Young Subphase: Concurrent Mark Root Uncolored                0.315 / 0.335         0.269 / 0.335         0.269 / 0.335         0.269 / 0.335       ms
[32.302s][info][gc,stats]    Young Subphase: Concurrent Mark Roots                         0.674 / 0.685         0.758 / 1.296         0.758 / 1.296         0.758 / 1.296       ms
[32.302s][info][gc,stats]    Young Subphase: Concurrent Relocate Remset FP                 0.014 / 0.020        41.275 / 206.132      41.275 / 206.132      41.275 / 206.132     ms
[32.302s][info][gc,stats]    Young Subphase: Concurrent Roots ClassLoaderDataGraph         0.219 / 0.225         0.307 / 0.653         0.307 / 0.653         0.307 / 0.653       ms
[32.302s][info][gc,stats]    Young Subphase: Concurrent Roots CodeCache                    0.267 / 0.286         0.233 / 0.302         0.233 / 0.302         0.233 / 0.302       ms
[32.302s][info][gc,stats]    Young Subphase: Concurrent Roots JavaThreads                  0.024 / 0.077         0.025 / 0.312         0.025 / 0.312         0.025 / 0.312       ms
[32.302s][info][gc,stats]    Young Subphase: Concurrent Roots OopStorageSet                0.005 / 0.007         0.018 / 0.138         0.018 / 0.138         0.018 / 0.138       ms
[32.302s][info][gc,stats]    Young Subphase: Concurrent Weak Roots OopStorageSet           0.070 / 0.076         0.103 / 0.273         0.103 / 0.273         0.103 / 0.273       ms
[32.302s][info][gc,stats] =========================================================================================================================================================
