
=== Instance 2/8, outer iteration 16/100 (Variant clear_path_dyn) ===

Affinity: allowed=12,13,14,15,16,17,18,19,20,21,22,23 jvm=12,13,14,15,16,17,18,19,20,21 aux=22,23
Benchmark args: <none>
Command: /gorilla/home/fredrha/SimplifyingWeakRefs/build/variant-images/clear_path_dyn-linux-x86_64-server-release/jdk/bin/java -Xms8g -Xmx8g -XX:+UseZGC -Xlog:gc+stats,gc+ref -XX:InitialTenuringThreshold=1 -XX:MaxTenuringThreshold=1 -XX:ZCollectionIntervalMajor=0.5 -XX:+ZCollectionIntervalOnly -XX:NativeMemoryTracking=summary /gorilla/home/fredrha/SimplifyingWeakRefs/test/weakrefs/WeakRefMultiObjectBenchmark.java

[0.004s][info][gc,ref] Reference Processor created, Config: Optimised clear path, dynamic array
[1.847s][info][gc,ref] GC(0) O:                           Encountered       Discovered Cleared/Enqueued 
[1.847s][info][gc,ref] GC(0) O: Soft References:                    0                0                0 
[1.847s][info][gc,ref] GC(0) O: Weak References:                    2                0                0 
[1.847s][info][gc,ref] GC(0) O: Weak (No Queue):                    0                0                0 
[1.847s][info][gc,ref] GC(0) O: Final References:                   0                0                0 
[1.847s][info][gc,ref] GC(0) O: Phantom References:                 0                0                0 
[2.355s][info][gc,ref] GC(1) O:                           Encountered       Discovered Cleared/Enqueued 
[2.355s][info][gc,ref] GC(1) O: Soft References:                  148                0                0 
[2.355s][info][gc,ref] GC(1) O: Weak References:                  605                0                0 
[2.355s][info][gc,ref] GC(1) O: Weak (No Queue):                    3                0                0 
[2.355s][info][gc,ref] GC(1) O: Final References:                   0                0                0 
[2.355s][info][gc,ref] GC(1) O: Phantom References:                 1                0                0 
[2.870s][info][gc,ref] GC(2) O:                           Encountered       Discovered Cleared/Enqueued 
[2.870s][info][gc,ref] GC(2) O: Soft References:                  165                0                0 
[2.870s][info][gc,ref] GC(2) O: Weak References:                  920                0                0 
[2.870s][info][gc,ref] GC(2) O: Weak (No Queue):                    4                2                0 
[2.870s][info][gc,ref] GC(2) O: Final References:                   0                0                0 
[2.870s][info][gc,ref] GC(2) O: Phantom References:                 1                0                0 
WeakRefMultiObjectBenchmark: objects=7340009 minSize=509 maxSize=1097 sleepMillis=3000
Phase 1: Allocating references and objects...
[3.654s][info][gc,ref] GC(3) O:                           Encountered       Discovered Cleared/Enqueued 
[3.654s][info][gc,ref] GC(3) O: Soft References:                  238                0                0 
[3.654s][info][gc,ref] GC(3) O: Weak References:                 1330              356              129 
[3.654s][info][gc,ref] GC(3) O: Weak (No Queue):               355617                3                0 
[3.654s][info][gc,ref] GC(3) O: Final References:                   0                0                0 
[3.654s][info][gc,ref] GC(3) O: Phantom References:                 1                0                0 
[5.960s][info][gc,ref] GC(4) O:                           Encountered       Discovered Cleared/Enqueued 
[5.960s][info][gc,ref] GC(4) O: Soft References:                  238                0                0 
[5.960s][info][gc,ref] GC(4) O: Weak References:                 1201              383               88 
[5.960s][info][gc,ref] GC(4) O: Weak (No Queue):              2149070                1                0 
[5.960s][info][gc,ref] GC(4) O: Final References:                   0                0                0 
[5.960s][info][gc,ref] GC(4) O: Phantom References:                 1                0                0 
Allocated 7340009 objects in 3.38 seconds
Phase 2: Sleeping for 3000 ms...
[9.430s][info][gc,ref] GC(5) O:                           Encountered       Discovered Cleared/Enqueued 
[9.430s][info][gc,ref] GC(5) O: Soft References:                  238                0                0 
[9.430s][info][gc,ref] GC(5) O: Weak References:                 1113              255              113 
[9.430s][info][gc,ref] GC(5) O: Weak (No Queue):              7340012            33308                0 
[9.430s][info][gc,ref] GC(5) O: Final References:                   0                0                0 
[9.430s][info][gc,ref] GC(5) O: Phantom References:                 1                1                0 
Phase 3.1: Clearing strong references...
Cleared 1468002 strong references, 5872007 remaining
Waiting 3000 ms...
Phase 3.2: Clearing strong references...
Cleared 1468002 strong references, 4404005 remaining
Waiting 3000 ms...
[13.624s][info][gc,ref] GC(6) O:                           Encountered       Discovered Cleared/Enqueued 
[13.624s][info][gc,ref] GC(6) O: Soft References:                  238                0                0 
[13.624s][info][gc,ref] GC(6) O: Weak References:                 1000              626                0 
[13.624s][info][gc,ref] GC(6) O: Weak (No Queue):              7340012          1908232           429097 
[13.624s][info][gc,ref] GC(6) O: Final References:                   0                0                0 
[13.624s][info][gc,ref] GC(6) O: Phantom References:                 1                1                0 
Phase 3.3: Clearing strong references...
Cleared 1468002 strong references, 2936003 remaining
Waiting 3000 ms...
Phase 3.4: Clearing strong references...
[19.162s][info][gc,ref] GC(7) O:                           Encountered       Discovered Cleared/Enqueued 
[19.162s][info][gc,ref] GC(7) O: Soft References:                  238                0                0 
[19.162s][info][gc,ref] GC(7) O: Weak References:                 1000              890                0 
[19.162s][info][gc,ref] GC(7) O: Weak (No Queue):              6910915          4213249          2506907 
[19.162s][info][gc,ref] GC(7) O: Final References:                   0                0                0 
[19.162s][info][gc,ref] GC(7) O: Phantom References:                 1                1                0 
Cleared 1468002 strong references, 1468001 remaining
Waiting 3000 ms...
Phase 3.5: Clearing strong references...
Cleared 1468001 strong references, 0 remaining
Waiting 3000 ms...
[24.081s][info][gc,ref] GC(8) O:                           Encountered       Discovered Cleared/Enqueued 
[24.081s][info][gc,ref] GC(8) O: Soft References:                  238                0                0 
[24.081s][info][gc,ref] GC(8) O: Weak References:                 1000              900                0 
[24.081s][info][gc,ref] GC(8) O: Weak (No Queue):              4404008          2936034          2936004 
[24.081s][info][gc,ref] GC(8) O: Final References:                   0                0                0 
[24.081s][info][gc,ref] GC(8) O: Phantom References:                 1                1                0 
Waiting 6000 ms...
[27.692s][info][gc,ref] GC(9) O:                           Encountered       Discovered Cleared/Enqueued 
[27.692s][info][gc,ref] GC(9) O: Soft References:                  238                0                0 
[27.692s][info][gc,ref] GC(9) O: Weak References:                 1000              906                0 
[27.692s][info][gc,ref] GC(9) O: Weak (No Queue):              1468004          1468004          1468001 
[27.692s][info][gc,ref] GC(9) O: Final References:                   0                0                0 
[27.692s][info][gc,ref] GC(9) O: Phantom References:                 1                0                0 
[30.383s][info][gc,ref] GC(10) O:                           Encountered       Discovered Cleared/Enqueued 
[30.383s][info][gc,ref] GC(10) O: Soft References:                  238                0                0 
[30.383s][info][gc,ref] GC(10) O: Weak References:                 1000              899                0 
[30.383s][info][gc,ref] GC(10) O: Weak (No Queue):                    3                3                0 
[30.383s][info][gc,ref] GC(10) O: Final References:                   0                0                0 
[30.383s][info][gc,ref] GC(10) O: Phantom References:                 1                1                0 
Phase 4: Final weak reference checks...
Final count of alive weak references: 0
[31.601s][info][gc,stats] === Garbage Collection Statistics =======================================================================================================================
[31.601s][info][gc,stats]                                                              Last 10s              Last 10m              Last 10h                Total
[31.601s][info][gc,stats]                                                              Avg / Max             Avg / Max             Avg / Max             Avg / Max
[31.601s][info][gc,stats]        Contention: Mark Segment Reset Contention                     0 / 0                 1 / 32                1 / 32                1 / 32          ops/s
[31.601s][info][gc,stats]        Contention: Mark SeqNum Reset Contention                      0 / 0                 0 / 5                 0 / 5                 0 / 5           ops/s
[31.601s][info][gc,stats]          Critical: Allocation Stall                                  0 / 0                 0 / 0                 0 / 0                 0 / 0           ops/s
[31.601s][info][gc,stats]          Critical: Allocation Stall                              0.000 / 0.000         0.000 / 0.000         0.000 / 0.000         0.000 / 0.000       ms
[31.601s][info][gc,stats]          Critical: JNI Critical Stall                                0 / 0                 0 / 0                 0 / 0                 0 / 0           ops/s
[31.601s][info][gc,stats]          Critical: JNI Critical Stall                            0.000 / 0.000         0.000 / 0.000         0.000 / 0.000         0.000 / 0.000       ms
[31.601s][info][gc,stats]          Critical: Relocation Stall                                  0 / 0                 0 / 0                 0 / 0                 0 / 0           ops/s
[31.601s][info][gc,stats]          Critical: Relocation Stall                              0.000 / 0.000         0.000 / 0.000         0.000 / 0.000         0.000 / 0.000       ms
[31.601s][info][gc,stats]  Major Collection: Major Collection                           3235.060 / 4409.094   2135.639 / 5030.301   2135.639 / 5030.301   2135.639 / 5030.301    ms
[31.601s][info][gc,stats]            Memory: Allocation Rate                                   0 / 2               235 / 2006            235 / 2006            235 / 2006        MB/s
[31.601s][info][gc,stats]            Memory: Defragment                                        0 / 0                 0 / 0                 0 / 0                 0 / 0           ops/s
[31.601s][info][gc,stats]            Memory: Mapped Cache Harvest                              0 / 0                 0 / 0                 0 / 0                 0 / 0           MB/s
[31.601s][info][gc,stats]            Memory: Out Of Memory                                     0 / 0                 0 / 0                 0 / 0                 0 / 0           ops/s
[31.601s][info][gc,stats]            Memory: Uncommit                                          0 / 0                 0 / 0                 0 / 0                 0 / 0           MB/s
[31.601s][info][gc,stats]            Memory: Undo Object Allocation Failed                     0 / 0                 0 / 0                 0 / 0                 0 / 0           ops/s
[31.601s][info][gc,stats]            Memory: Undo Object Allocation Succeeded                  0 / 0                 0 / 0                 0 / 0                 0 / 0           ops/s
[31.601s][info][gc,stats]            Memory: Undo Page Allocation                              0 / 0                 0 / 0                 0 / 0                 0 / 0           ops/s
[31.601s][info][gc,stats]  Minor Collection: Minor Collection                              0.000 / 0.000         0.000 / 0.000         0.000 / 0.000         0.000 / 0.000       ms
[31.601s][info][gc,stats]    Old Generation: Old Generation                             3192.990 / 4340.911   1477.890 / 4954.772   1477.890 / 4954.772   1477.890 / 4954.772    ms
[31.601s][info][gc,stats]         Old Pause: Pause Mark End                                0.014 / 0.014         0.010 / 0.015         0.010 / 0.015         0.010 / 0.015       ms
[31.601s][info][gc,stats]         Old Pause: Pause Relocate Start                          0.010 / 0.014         0.009 / 0.014         0.009 / 0.014         0.009 / 0.014       ms
[31.601s][info][gc,stats]         Old Phase: Concurrent Mark                            2655.610 / 3431.674   1169.972 / 3710.097   1169.972 / 3710.097   1169.972 / 3710.097    ms
[31.601s][info][gc,stats]         Old Phase: Concurrent Mark Continue                      0.000 / 0.000         0.000 / 0.000         0.000 / 0.000         0.000 / 0.000       ms
[31.601s][info][gc,stats]         Old Phase: Concurrent Mark Free                          0.003 / 0.006         0.003 / 0.006         0.003 / 0.006         0.003 / 0.006       ms
[31.601s][info][gc,stats]         Old Phase: Concurrent Process Non-Strong                53.722 / 110.482      37.003 / 166.600      37.003 / 166.600      37.003 / 166.600     ms
[31.601s][info][gc,stats]         Old Phase: Concurrent Relocate                         457.006 / 756.637     247.021 / 1015.462    247.021 / 1015.462    247.021 / 1015.462    ms
[31.601s][info][gc,stats]         Old Phase: Concurrent Remap Roots                       14.007 / 28.841       17.252 / 48.473       17.252 / 48.473       17.252 / 48.473      ms
[31.601s][info][gc,stats]         Old Phase: Concurrent Reset Relocation Set               0.115 / 0.164         0.035 / 0.164         0.035 / 0.164         0.035 / 0.164       ms
[31.601s][info][gc,stats]         Old Phase: Concurrent Select Relocation Set             12.442 / 13.553        6.464 / 22.267        6.464 / 22.267        6.464 / 22.267      ms
[31.601s][info][gc,stats]      Old Subphase: Concurrent Classes Purge                      0.007 / 0.014         0.049 / 0.221         0.049 / 0.221         0.049 / 0.221       ms
[31.601s][info][gc,stats]      Old Subphase: Concurrent Classes Unlink                     1.288 / 1.387         1.112 / 1.436         1.112 / 1.436         1.112 / 1.436       ms
[31.601s][info][gc,stats]      Old Subphase: Concurrent Mark Follow                     2655.498 / 3431.553   1169.870 / 3709.978   1169.870 / 3709.978   1169.870 / 3709.978    ms
[31.601s][info][gc,stats]      Old Subphase: Concurrent Mark Root Colored                  0.043 / 0.085         0.032 / 0.085         0.032 / 0.085         0.032 / 0.085       ms
[31.601s][info][gc,stats]      Old Subphase: Concurrent Mark Root Uncolored                0.029 / 0.049         0.033 / 0.167         0.033 / 0.167         0.033 / 0.167       ms
[31.601s][info][gc,stats]      Old Subphase: Concurrent Mark Roots                         0.106 / 0.114         0.101 / 0.209         0.101 / 0.209         0.101 / 0.209       ms
[31.601s][info][gc,stats]      Old Subphase: Concurrent References Enqueue                 0.000 / 0.000         0.001 / 0.003         0.001 / 0.003         0.001 / 0.003       ms
[31.601s][info][gc,stats]      Old Subphase: Concurrent References Process                52.198 / 108.809      35.637 / 164.890      35.637 / 164.890      35.637 / 164.890     ms
[31.601s][info][gc,stats]      Old Subphase: Concurrent Remap Remembered                  13.591 / 28.413       14.791 / 48.112       14.791 / 48.112       14.791 / 48.112      ms
[31.601s][info][gc,stats]      Old Subphase: Concurrent Remap Roots Colored                0.090 / 0.107         0.132 / 0.270         0.132 / 0.270         0.132 / 0.270       ms
[31.601s][info][gc,stats]      Old Subphase: Concurrent Remap Roots Uncolored              0.287 / 0.314         0.216 / 0.314         0.216 / 0.314         0.216 / 0.314       ms
[31.601s][info][gc,stats]      Old Subphase: Concurrent Roots ClassLoaderDataGraph         0.052 / 0.079         0.078 / 0.253         0.078 / 0.253         0.078 / 0.253       ms
[31.601s][info][gc,stats]      Old Subphase: Concurrent Roots CodeCache                    0.285 / 0.311         0.214 / 0.311         0.214 / 0.311         0.214 / 0.311       ms
[31.601s][info][gc,stats]      Old Subphase: Concurrent Roots JavaThreads                  0.007 / 0.049         0.011 / 0.166         0.011 / 0.166         0.011 / 0.166       ms
[31.601s][info][gc,stats]      Old Subphase: Concurrent Roots OopStorageSet                0.003 / 0.011         0.003 / 0.012         0.003 / 0.012         0.003 / 0.012       ms
[31.601s][info][gc,stats]      Old Subphase: Concurrent Weak Roots OopStorageSet           0.052 / 0.097         0.046 / 0.128         0.046 / 0.128         0.046 / 0.128       ms
[31.601s][info][gc,stats]            System: Java Threads                                     11 / 11               11 / 13               11 / 13               11 / 13          threads
[31.601s][info][gc,stats]  Young Generation: Young Generation                             28.894 / 39.737      657.642 / 2713.586    657.642 / 2713.586    657.642 / 2713.586    ms
[31.601s][info][gc,stats]  Young Generation: Young Generation                              0.000 / 0.000         0.000 / 0.000         0.000 / 0.000         0.000 / 0.000       ms
[31.601s][info][gc,stats]  Young Generation: Young Generation (Collect Roots)              0.000 / 0.000         0.000 / 0.000         0.000 / 0.000         0.000 / 0.000       ms
[31.601s][info][gc,stats]  Young Generation: Young Generation (Promote All)                0.000 / 0.000         0.000 / 0.000         0.000 / 0.000         0.000 / 0.000       ms
[31.601s][info][gc,stats]       Young Pause: Pause Mark End                                0.013 / 0.014         0.011 / 0.014         0.011 / 0.014         0.011 / 0.014       ms
[31.601s][info][gc,stats]       Young Pause: Pause Mark Start                              0.000 / 0.000         0.000 / 0.000         0.000 / 0.000         0.000 / 0.000       ms
[31.601s][info][gc,stats]       Young Pause: Pause Mark Start (Major)                      0.033 / 0.045         0.026 / 0.047         0.026 / 0.047         0.026 / 0.047       ms
[31.601s][info][gc,stats]       Young Pause: Pause Relocate Start                          0.003 / 0.003         0.005 / 0.012         0.005 / 0.012         0.005 / 0.012       ms
[31.601s][info][gc,stats]       Young Phase: Concurrent Mark                              28.543 / 39.356      570.236 / 2510.932    570.236 / 2510.932    570.236 / 2510.932    ms
[31.601s][info][gc,stats]       Young Phase: Concurrent Mark Continue                      0.000 / 0.000         0.000 / 0.000         0.000 / 0.000         0.000 / 0.000       ms
[31.601s][info][gc,stats]       Young Phase: Concurrent Mark Free                          0.001 / 0.001         0.003 / 0.006         0.003 / 0.006         0.003 / 0.006       ms
[31.601s][info][gc,stats]       Young Phase: Concurrent Relocate                           0.037 / 0.041        48.136 / 316.862      48.136 / 316.862      48.136 / 316.862     ms
[31.601s][info][gc,stats]       Young Phase: Concurrent Reset Relocation Set               0.000 / 0.000         0.092 / 0.690         0.092 / 0.690         0.092 / 0.690       ms
[31.601s][info][gc,stats]       Young Phase: Concurrent Select Relocation Set              0.135 / 0.149        38.941 / 277.227      38.941 / 277.227      38.941 / 277.227     ms
[31.601s][info][gc,stats]    Young Subphase: Concurrent Mark Follow                       27.891 / 38.658      569.504 / 2509.963    569.504 / 2509.963    569.504 / 2509.963    ms
[31.601s][info][gc,stats]    Young Subphase: Concurrent Mark Root Colored                  0.273 / 0.320         0.371 / 0.598         0.371 / 0.598         0.371 / 0.598       ms
[31.601s][info][gc,stats]    Young Subphase: Concurrent Mark Root Uncolored                0.313 / 0.316         0.288 / 0.540         0.288 / 0.540         0.288 / 0.540       ms
[31.601s][info][gc,stats]    Young Subphase: Concurrent Mark Roots                         0.649 / 0.695         0.729 / 1.107         0.729 / 1.107         0.729 / 1.107       ms
[31.601s][info][gc,stats]    Young Subphase: Concurrent Relocate Remset FP                 0.009 / 0.010        47.583 / 316.815      47.583 / 316.815      47.583 / 316.815     ms
[31.601s][info][gc,stats]    Young Subphase: Concurrent Roots ClassLoaderDataGraph         0.187 / 0.204         0.273 / 0.427         0.273 / 0.427         0.273 / 0.427       ms
[31.601s][info][gc,stats]    Young Subphase: Concurrent Roots CodeCache                    0.266 / 0.280         0.244 / 0.308         0.244 / 0.308         0.244 / 0.308       ms
[31.601s][info][gc,stats]    Young Subphase: Concurrent Roots JavaThreads                  0.024 / 0.071         0.033 / 0.539         0.033 / 0.539         0.033 / 0.539       ms
[31.601s][info][gc,stats]    Young Subphase: Concurrent Roots OopStorageSet                0.003 / 0.005         0.020 / 0.090         0.020 / 0.090         0.020 / 0.090       ms
[31.601s][info][gc,stats]    Young Subphase: Concurrent Weak Roots OopStorageSet           0.081 / 0.120         0.102 / 0.189         0.102 / 0.189         0.102 / 0.189       ms
[31.601s][info][gc,stats] =========================================================================================================================================================
