
=== Instance 8/8, outer iteration 96/100 (Variant all) ===

Affinity: allowed=36,37,38,39,40,41,42,43,44,45,46,47 jvm=36,37,38,39,40,41,42,43,44,45 aux=46,47
Benchmark args: <none>
Command: /gorilla/home/fredrha/SimplifyingWeakRefs/build/variant-images/all-linux-x86_64-server-release/jdk/bin/java -Xms8g -Xmx8g -XX:+UseZGC -Xlog:gc+stats,gc+ref -XX:InitialTenuringThreshold=1 -XX:MaxTenuringThreshold=1 -XX:ZCollectionIntervalMajor=0.5 -XX:+ZCollectionIntervalOnly -XX:NativeMemoryTracking=summary /gorilla/home/fredrha/SimplifyingWeakRefs/test/weakrefs/WeakRefMultiObjectBenchmark.java

[0.004s][info][gc,ref] Reference Processor created, Config: All optimisations
[1.922s][info][gc,ref] GC(0) O:                           Encountered       Discovered Cleared/Enqueued 
[1.922s][info][gc,ref] GC(0) O: Soft References:                    0                0                0 
[1.922s][info][gc,ref] GC(0) O: Weak References:                    0                0                0 
[1.922s][info][gc,ref] GC(0) O: Weak (No Queue):                    0                0                0 
[1.922s][info][gc,ref] GC(0) O: Final References:                   0                0                0 
[1.922s][info][gc,ref] GC(0) O: Phantom References:                 0                0                0 
[2.431s][info][gc,ref] GC(1) O:                           Encountered       Discovered Cleared/Enqueued 
[2.431s][info][gc,ref] GC(1) O: Soft References:                  148                0                0 
[2.431s][info][gc,ref] GC(1) O: Weak References:                  605                0                0 
[2.431s][info][gc,ref] GC(1) O: Weak (No Queue):                    3                0                0 
[2.431s][info][gc,ref] GC(1) O: Final References:                   0                0                0 
[2.431s][info][gc,ref] GC(1) O: Phantom References:                 1                0                0 
[2.949s][info][gc,ref] GC(2) O:                           Encountered       Discovered Cleared/Enqueued 
[2.949s][info][gc,ref] GC(2) O: Soft References:                  152                0                0 
[2.949s][info][gc,ref] GC(2) O: Weak References:                  642                0                0 
[2.949s][info][gc,ref] GC(2) O: Weak (No Queue):                    3                0                0 
[2.949s][info][gc,ref] GC(2) O: Final References:                   0                0                0 
[2.949s][info][gc,ref] GC(2) O: Phantom References:                 1                0                0 
WeakRefMultiObjectBenchmark: objects=7340009 minSize=509 maxSize=1097 sleepMillis=3000
Phase 1: Allocating references and objects...
[3.565s][info][gc,ref] GC(3) O:                           Encountered       Discovered Cleared/Enqueued 
[3.565s][info][gc,ref] GC(3) O: Soft References:                  239                0                0 
[3.565s][info][gc,ref] GC(3) O: Weak References:                 1330              410              129 
[3.565s][info][gc,ref] GC(3) O: Weak (No Queue):               109765                2                0 
[3.565s][info][gc,ref] GC(3) O: Final References:                   0                0                0 
[3.565s][info][gc,ref] GC(3) O: Phantom References:                 1                1                0 
[4.962s][info][gc,ref] GC(4) O:                           Encountered       Discovered Cleared/Enqueued 
[4.962s][info][gc,ref] GC(4) O: Soft References:                  239                0                0 
[4.962s][info][gc,ref] GC(4) O: Weak References:                 1201              260               11 
[4.962s][info][gc,ref] GC(4) O: Weak (No Queue):              1539012                2                0 
[4.962s][info][gc,ref] GC(4) O: Final References:                   0                0                0 
[4.962s][info][gc,ref] GC(4) O: Phantom References:                 1                0                0 
Allocated 7340009 objects in 3.58 seconds
Phase 2: Sleeping for 3000 ms...
[7.408s][info][gc,ref] GC(5) O:                           Encountered       Discovered Cleared/Enqueued 
[7.408s][info][gc,ref] GC(5) O: Soft References:                  238                0                0 
[7.408s][info][gc,ref] GC(5) O: Weak References:                 1190             1068              190 
[7.408s][info][gc,ref] GC(5) O: Weak (No Queue):              4647973            12132                0 
[7.408s][info][gc,ref] GC(5) O: Final References:                   0                0                0 
[7.408s][info][gc,ref] GC(5) O: Phantom References:                 1                1                0 
Phase 3.1: Clearing strong references...
Cleared 1468002 strong references, 5872007 remaining
Waiting 3000 ms...
[10.961s][info][gc,ref] GC(6) O:                           Encountered       Discovered Cleared/Enqueued 
[10.961s][info][gc,ref] GC(6) O: Soft References:                  238                0                0 
[10.961s][info][gc,ref] GC(6) O: Weak References:                 1000              281                0 
[10.961s][info][gc,ref] GC(6) O: Weak (No Queue):              7340012           470605                0 
[10.961s][info][gc,ref] GC(6) O: Final References:                   0                0                0 
[10.961s][info][gc,ref] GC(6) O: Phantom References:                 1                1                0 
Phase 3.2: Clearing strong references...
Cleared 1468002 strong references, 4404005 remaining
Waiting 3000 ms...
[15.498s][info][gc,ref] GC(7) O:                           Encountered       Discovered Cleared/Enqueued 
[15.498s][info][gc,ref] GC(7) O: Soft References:                  238                0                0 
[15.498s][info][gc,ref] GC(7) O: Weak References:                 1000              415                0 
[15.498s][info][gc,ref] GC(7) O: Weak (No Queue):              7340012          1745022           929574 
[15.498s][info][gc,ref] GC(7) O: Final References:                   0                0                0 
[15.498s][info][gc,ref] GC(7) O: Phantom References:                 1                1                0 
Phase 3.3: Clearing strong references...
Cleared 1468002 strong references, 2936003 remaining
Waiting 3000 ms...
Phase 3.4: Clearing strong references...
Cleared 1468002 strong references, 1468001 remaining
Waiting 3000 ms...
[21.498s][info][gc,ref] GC(8) O:                           Encountered       Discovered Cleared/Enqueued 
[21.498s][info][gc,ref] GC(8) O: Soft References:                  238                0                0 
[21.498s][info][gc,ref] GC(8) O: Weak References:                 1000              743                0 
[21.498s][info][gc,ref] GC(8) O: Weak (No Queue):              6410438          4873390          2006430 
[21.498s][info][gc,ref] GC(8) O: Final References:                   0                0                0 
[21.498s][info][gc,ref] GC(8) O: Phantom References:                 1                0                0 
Phase 3.5: Clearing strong references...
Cleared 1468001 strong references, 0 remaining
Waiting 3000 ms...
Waiting 6000 ms...
[26.641s][info][gc,ref] GC(9) O:                           Encountered       Discovered Cleared/Enqueued 
[26.641s][info][gc,ref] GC(9) O: Soft References:                  238                0                0 
[26.641s][info][gc,ref] GC(9) O: Weak References:                 1000              740                0 
[26.641s][info][gc,ref] GC(9) O: Weak (No Queue):              4404008          4403742          2936004 
[26.641s][info][gc,ref] GC(9) O: Final References:                   0                0                0 
[26.641s][info][gc,ref] GC(9) O: Phantom References:                 1                0                0 
[30.300s][info][gc,ref] GC(10) O:                           Encountered       Discovered Cleared/Enqueued 
[30.300s][info][gc,ref] GC(10) O: Soft References:                  238                0                0 
[30.300s][info][gc,ref] GC(10) O: Weak References:                 1000              791                0 
[30.300s][info][gc,ref] GC(10) O: Weak (No Queue):              1468004          1468004          1468001 
[30.300s][info][gc,ref] GC(10) O: Final References:                   0                0                0 
[30.300s][info][gc,ref] GC(10) O: Phantom References:                 1                1                0 
Phase 4: Final weak reference checks...
Final count of alive weak references: 0
[32.606s][info][gc,stats] === Garbage Collection Statistics =======================================================================================================================
[32.606s][info][gc,stats]                                                              Last 10s              Last 10m              Last 10h                Total
[32.606s][info][gc,stats]                                                              Avg / Max             Avg / Max             Avg / Max             Avg / Max
[32.606s][info][gc,stats]        Contention: Mark Segment Reset Contention                     0 / 1                 1 / 35                1 / 35                1 / 35          ops/s
[32.606s][info][gc,stats]        Contention: Mark SeqNum Reset Contention                      0 / 0                 0 / 6                 0 / 6                 0 / 6           ops/s
[32.606s][info][gc,stats]          Critical: Allocation Stall                                  0 / 0                 0 / 0                 0 / 0                 0 / 0           ops/s
[32.606s][info][gc,stats]          Critical: Allocation Stall                              0.000 / 0.000         0.000 / 0.000         0.000 / 0.000         0.000 / 0.000       ms
[32.606s][info][gc,stats]          Critical: JNI Critical Stall                                0 / 0                 0 / 0                 0 / 0                 0 / 0           ops/s
[32.606s][info][gc,stats]          Critical: JNI Critical Stall                            0.000 / 0.000         0.000 / 0.000         0.000 / 0.000         0.000 / 0.000       ms
[32.606s][info][gc,stats]          Critical: Relocation Stall                                  0 / 0                 0 / 0                 0 / 0                 0 / 0           ops/s
[32.606s][info][gc,stats]          Critical: Relocation Stall                              0.000 / 0.000         0.000 / 0.000         0.000 / 0.000         0.000 / 0.000       ms
[32.606s][info][gc,stats]  Major Collection: Major Collection                           3896.808 / 4640.671   2121.565 / 5490.288   2121.565 / 5490.288   2121.565 / 5490.288    ms
[32.606s][info][gc,stats]            Memory: Allocation Rate                                   0 / 2               227 / 1974            227 / 1974            227 / 1974        MB/s
[32.606s][info][gc,stats]            Memory: Defragment                                        0 / 0                 0 / 0                 0 / 0                 0 / 0           ops/s
[32.606s][info][gc,stats]            Memory: Mapped Cache Harvest                              0 / 0                 0 / 0                 0 / 0                 0 / 0           MB/s
[32.606s][info][gc,stats]            Memory: Out Of Memory                                     0 / 0                 0 / 0                 0 / 0                 0 / 0           ops/s
[32.606s][info][gc,stats]            Memory: Uncommit                                          0 / 0                 0 / 0                 0 / 0                 0 / 0           MB/s
[32.606s][info][gc,stats]            Memory: Undo Object Allocation Failed                     0 / 0                 0 / 0                 0 / 0                 0 / 0           ops/s
[32.606s][info][gc,stats]            Memory: Undo Object Allocation Succeeded                  0 / 0                 0 / 0                 0 / 0                 0 / 0           ops/s
[32.606s][info][gc,stats]            Memory: Undo Page Allocation                              0 / 0                 0 / 0                 0 / 0                 0 / 0           ops/s
[32.606s][info][gc,stats]  Minor Collection: Minor Collection                              0.000 / 0.000         0.000 / 0.000         0.000 / 0.000         0.000 / 0.000       ms
[32.606s][info][gc,stats]    Old Generation: Old Generation                             3833.229 / 4569.305   1555.824 / 5432.021   1555.824 / 5432.021   1555.824 / 5432.021    ms
[32.606s][info][gc,stats]         Old Pause: Pause Mark End                                0.014 / 0.016         0.010 / 0.016         0.010 / 0.016         0.010 / 0.016       ms
[32.606s][info][gc,stats]         Old Pause: Pause Relocate Start                          0.012 / 0.012         0.009 / 0.012         0.009 / 0.012         0.009 / 0.012       ms
[32.606s][info][gc,stats]         Old Phase: Concurrent Mark                            2934.557 / 3440.199   1156.236 / 4122.127   1156.236 / 4122.127   1156.236 / 4122.127    ms
[32.606s][info][gc,stats]         Old Phase: Concurrent Mark Continue                      0.000 / 0.000         0.000 / 0.000         0.000 / 0.000         0.000 / 0.000       ms
[32.606s][info][gc,stats]         Old Phase: Concurrent Mark Free                          0.008 / 0.009         0.004 / 0.009         0.004 / 0.009         0.004 / 0.009       ms
[32.606s][info][gc,stats]         Old Phase: Concurrent Process Non-Strong               107.254 / 165.972      42.959 / 172.055      42.959 / 172.055      42.959 / 172.055     ms
[32.606s][info][gc,stats]         Old Phase: Concurrent Relocate                         756.128 / 912.468     327.640 / 1069.481    327.640 / 1069.481    327.640 / 1069.481    ms
[32.606s][info][gc,stats]         Old Phase: Concurrent Remap Roots                       25.493 / 38.432       22.933 / 54.037       22.933 / 54.037       22.933 / 54.037      ms
[32.606s][info][gc,stats]         Old Phase: Concurrent Reset Relocation Set               0.131 / 0.157         0.031 / 0.157         0.031 / 0.157         0.031 / 0.157       ms
[32.606s][info][gc,stats]         Old Phase: Concurrent Select Relocation Set              9.533 / 11.961        5.866 / 22.702        5.866 / 22.702        5.866 / 22.702      ms
[32.606s][info][gc,stats]      Old Subphase: Concurrent Classes Purge                      0.008 / 0.012         0.051 / 0.254         0.051 / 0.254         0.051 / 0.254       ms
[32.606s][info][gc,stats]      Old Subphase: Concurrent Classes Unlink                     1.253 / 1.368         1.053 / 1.475         1.053 / 1.475         1.053 / 1.475       ms
[32.606s][info][gc,stats]      Old Subphase: Concurrent Mark Follow                     2934.468 / 3440.098   1156.149 / 4122.030   1156.149 / 4122.030   1156.149 / 4122.030    ms
[32.606s][info][gc,stats]      Old Subphase: Concurrent Mark Root Colored                  0.040 / 0.083         0.028 / 0.083         0.028 / 0.083         0.028 / 0.083       ms
[32.606s][info][gc,stats]      Old Subphase: Concurrent Mark Root Uncolored                0.024 / 0.048         0.028 / 0.065         0.028 / 0.065         0.028 / 0.065       ms
[32.606s][info][gc,stats]      Old Subphase: Concurrent Mark Roots                         0.081 / 0.099         0.084 / 0.113         0.084 / 0.113         0.084 / 0.113       ms
[32.606s][info][gc,stats]      Old Subphase: Concurrent References Enqueue                 0.000 / 0.000         0.001 / 0.003         0.001 / 0.003         0.001 / 0.003       ms
[32.606s][info][gc,stats]      Old Subphase: Concurrent References Process               105.748 / 164.343      41.635 / 170.432      41.635 / 170.432      41.635 / 170.432     ms
[32.606s][info][gc,stats]      Old Subphase: Concurrent Remap Remembered                  25.065 / 38.018       19.185 / 53.693       19.185 / 53.693       19.185 / 53.693      ms
[32.606s][info][gc,stats]      Old Subphase: Concurrent Remap Roots Colored                0.099 / 0.121         0.135 / 0.307         0.135 / 0.307         0.135 / 0.307       ms
[32.606s][info][gc,stats]      Old Subphase: Concurrent Remap Roots Uncolored              0.279 / 0.296         0.200 / 0.322         0.200 / 0.322         0.200 / 0.322       ms
[32.606s][info][gc,stats]      Old Subphase: Concurrent Roots ClassLoaderDataGraph         0.048 / 0.089         0.075 / 0.295         0.075 / 0.295         0.075 / 0.295       ms
[32.606s][info][gc,stats]      Old Subphase: Concurrent Roots CodeCache                    0.277 / 0.294         0.198 / 0.320         0.198 / 0.320         0.198 / 0.320       ms
[32.606s][info][gc,stats]      Old Subphase: Concurrent Roots JavaThreads                  0.012 / 0.048         0.011 / 0.064         0.011 / 0.064         0.011 / 0.064       ms
[32.606s][info][gc,stats]      Old Subphase: Concurrent Roots OopStorageSet                0.006 / 0.017         0.004 / 0.017         0.004 / 0.017         0.004 / 0.017       ms
[32.606s][info][gc,stats]      Old Subphase: Concurrent Weak Roots OopStorageSet           0.053 / 0.101         0.050 / 0.160         0.050 / 0.160         0.050 / 0.160       ms
[32.606s][info][gc,stats]            System: Java Threads                                     11 / 11               11 / 13               11 / 13               11 / 13          threads
[32.606s][info][gc,stats]  Young Generation: Young Generation                             48.386 / 71.262      520.027 / 2231.756    520.027 / 2231.756    520.027 / 2231.756    ms
[32.606s][info][gc,stats]  Young Generation: Young Generation                              0.000 / 0.000         0.000 / 0.000         0.000 / 0.000         0.000 / 0.000       ms
[32.606s][info][gc,stats]  Young Generation: Young Generation (Collect Roots)              0.000 / 0.000         0.000 / 0.000         0.000 / 0.000         0.000 / 0.000       ms
[32.606s][info][gc,stats]  Young Generation: Young Generation (Promote All)                0.000 / 0.000         0.000 / 0.000         0.000 / 0.000         0.000 / 0.000       ms
[32.606s][info][gc,stats]       Young Pause: Pause Mark End                                0.010 / 0.011         0.010 / 0.013         0.010 / 0.013         0.010 / 0.013       ms
[32.606s][info][gc,stats]       Young Pause: Pause Mark Start                              0.000 / 0.000         0.000 / 0.000         0.000 / 0.000         0.000 / 0.000       ms
[32.606s][info][gc,stats]       Young Pause: Pause Mark Start (Major)                      0.020 / 0.021         0.021 / 0.034         0.021 / 0.034         0.021 / 0.034       ms
[32.606s][info][gc,stats]       Young Pause: Pause Relocate Start                          0.003 / 0.004         0.006 / 0.012         0.006 / 0.012         0.006 / 0.012       ms
[32.606s][info][gc,stats]       Young Phase: Concurrent Mark                              48.024 / 70.922      438.685 / 1875.346    438.685 / 1875.346    438.685 / 1875.346    ms
[32.606s][info][gc,stats]       Young Phase: Concurrent Mark Continue                      0.000 / 0.000         0.000 / 0.000         0.000 / 0.000         0.000 / 0.000       ms
[32.606s][info][gc,stats]       Young Phase: Concurrent Mark Free                          0.001 / 0.002         0.004 / 0.010         0.004 / 0.010         0.004 / 0.010       ms
[32.606s][info][gc,stats]       Young Phase: Concurrent Relocate                           0.044 / 0.048        43.641 / 188.058      43.641 / 188.058      43.641 / 188.058     ms
[32.606s][info][gc,stats]       Young Phase: Concurrent Reset Relocation Set               0.001 / 0.002         0.091 / 0.441         0.091 / 0.441         0.091 / 0.441       ms
[32.606s][info][gc,stats]       Young Phase: Concurrent Select Relocation Set              0.158 / 0.168        37.344 / 167.816      37.344 / 167.816      37.344 / 167.816     ms
[32.606s][info][gc,stats]    Young Subphase: Concurrent Mark Follow                       47.360 / 70.281      437.907 / 1874.556    437.907 / 1874.556    437.907 / 1874.556    ms
[32.607s][info][gc,stats]    Young Subphase: Concurrent Mark Root Colored                  0.309 / 0.380         0.456 / 0.857         0.456 / 0.857         0.456 / 0.857       ms
[32.607s][info][gc,stats]    Young Subphase: Concurrent Mark Root Uncolored                0.283 / 0.291         0.260 / 0.328         0.260 / 0.328         0.260 / 0.328       ms
[32.607s][info][gc,stats]    Young Subphase: Concurrent Mark Roots                         0.662 / 0.725         0.776 / 1.204         0.776 / 1.204         0.776 / 1.204       ms
[32.607s][info][gc,stats]    Young Subphase: Concurrent Relocate Remset FP                 0.012 / 0.015        42.973 / 188.022      42.973 / 188.022      42.973 / 188.022     ms
[32.607s][info][gc,stats]    Young Subphase: Concurrent Roots ClassLoaderDataGraph         0.241 / 0.292         0.330 / 0.576         0.330 / 0.576         0.330 / 0.576       ms
[32.607s][info][gc,stats]    Young Subphase: Concurrent Roots CodeCache                    0.235 / 0.253         0.226 / 0.306         0.226 / 0.306         0.226 / 0.306       ms
[32.607s][info][gc,stats]    Young Subphase: Concurrent Roots JavaThreads                  0.025 / 0.093         0.024 / 0.303         0.024 / 0.303         0.024 / 0.303       ms
[32.607s][info][gc,stats]    Young Subphase: Concurrent Roots OopStorageSet                0.004 / 0.005         0.020 / 0.146         0.020 / 0.146         0.020 / 0.146       ms
[32.607s][info][gc,stats]    Young Subphase: Concurrent Weak Roots OopStorageSet           0.061 / 0.086         0.110 / 0.278         0.110 / 0.278         0.110 / 0.278       ms
[32.607s][info][gc,stats] =========================================================================================================================================================
