
=== Instance 3/8, outer iteration 28/100 (Variant clear_path_dyn) ===

Affinity: allowed=24,25,26,27,28,29,30,31,32,33,34,35 jvm=24,25,26,27,28,29,30,31,32,33 aux=34,35
Benchmark args: <none>
Command: /gorilla/home/fredrha/SimplifyingWeakRefs/build/variant-images/clear_path_dyn-linux-x86_64-server-release/jdk/bin/java -Xms8g -Xmx8g -XX:+UseZGC -Xlog:gc+stats,gc+ref -XX:InitialTenuringThreshold=1 -XX:MaxTenuringThreshold=1 -XX:ZCollectionIntervalMajor=0.5 -XX:+ZCollectionIntervalOnly -XX:NativeMemoryTracking=summary /gorilla/home/fredrha/SimplifyingWeakRefs/test/weakrefs/WeakRefMultiObjectBenchmark.java

[0.004s][info][gc,ref] Reference Processor created, Config: Optimised clear path, dynamic array
[1.959s][info][gc,ref] GC(0) O:                           Encountered       Discovered Cleared/Enqueued 
[1.959s][info][gc,ref] GC(0) O: Soft References:                    0                0                0 
[1.959s][info][gc,ref] GC(0) O: Weak References:                    0                0                0 
[1.959s][info][gc,ref] GC(0) O: Weak (No Queue):                    0                0                0 
[1.959s][info][gc,ref] GC(0) O: Final References:                   0                0                0 
[1.959s][info][gc,ref] GC(0) O: Phantom References:                 0                0                0 
[2.466s][info][gc,ref] GC(1) O:                           Encountered       Discovered Cleared/Enqueued 
[2.466s][info][gc,ref] GC(1) O: Soft References:                  148                0                0 
[2.466s][info][gc,ref] GC(1) O: Weak References:                  605                0                0 
[2.466s][info][gc,ref] GC(1) O: Weak (No Queue):                    3                0                0 
[2.466s][info][gc,ref] GC(1) O: Final References:                   0                0                0 
[2.466s][info][gc,ref] GC(1) O: Phantom References:                 1                0                0 
[2.975s][info][gc,ref] GC(2) O:                           Encountered       Discovered Cleared/Enqueued 
[2.975s][info][gc,ref] GC(2) O: Soft References:                  148                0                0 
[2.975s][info][gc,ref] GC(2) O: Weak References:                  605                0                0 
[2.975s][info][gc,ref] GC(2) O: Weak (No Queue):                    3                0                0 
[2.975s][info][gc,ref] GC(2) O: Final References:                   0                0                0 
[2.975s][info][gc,ref] GC(2) O: Phantom References:                 1                0                0 
[3.488s][info][gc,ref] GC(3) O:                           Encountered       Discovered Cleared/Enqueued 
[3.488s][info][gc,ref] GC(3) O: Soft References:                  148                0                0 
[3.488s][info][gc,ref] GC(3) O: Weak References:                  605              246              130 
[3.488s][info][gc,ref] GC(3) O: Weak (No Queue):                    3                3                0 
[3.488s][info][gc,ref] GC(3) O: Final References:                   0                0                0 
[3.488s][info][gc,ref] GC(3) O: Phantom References:                 1                1                0 
[4.000s][info][gc,ref] GC(4) O:                           Encountered       Discovered Cleared/Enqueued 
[4.000s][info][gc,ref] GC(4) O: Soft References:                  148                0                0 
[4.000s][info][gc,ref] GC(4) O: Weak References:                  475              237                0 
[4.000s][info][gc,ref] GC(4) O: Weak (No Queue):                    3                3                0 
[4.000s][info][gc,ref] GC(4) O: Final References:                   0                0                0 
[4.000s][info][gc,ref] GC(4) O: Phantom References:                 1                1                0 
[4.514s][info][gc,ref] GC(5) O:                           Encountered       Discovered Cleared/Enqueued 
[4.514s][info][gc,ref] GC(5) O: Soft References:                  165                0                0 
[4.514s][info][gc,ref] GC(5) O: Weak References:                  759              363                0 
[4.514s][info][gc,ref] GC(5) O: Weak (No Queue):                    3                0                0 
[4.514s][info][gc,ref] GC(5) O: Final References:                   0                0                0 
[4.514s][info][gc,ref] GC(5) O: Phantom References:                 1                1                0 
WeakRefMultiObjectBenchmark: objects=7340009 minSize=509 maxSize=1097 sleepMillis=3000
Phase 1: Allocating references and objects...
[5.212s][info][gc,ref] GC(6) O:                           Encountered       Discovered Cleared/Enqueued 
[5.212s][info][gc,ref] GC(6) O: Soft References:                  239                0                0 
[5.212s][info][gc,ref] GC(6) O: Weak References:                 1201              304                0 
[5.212s][info][gc,ref] GC(6) O: Weak (No Queue):               234579                3                0 
[5.212s][info][gc,ref] GC(6) O: Final References:                   0                0                0 
[5.212s][info][gc,ref] GC(6) O: Phantom References:                 1                1                0 
[7.256s][info][gc,ref] GC(7) O:                           Encountered       Discovered Cleared/Enqueued 
[7.256s][info][gc,ref] GC(7) O: Soft References:                  238                0                0 
[7.256s][info][gc,ref] GC(7) O: Weak References:                 1201              529               80 
[7.256s][info][gc,ref] GC(7) O: Weak (No Queue):              1853844                3                0 
[7.256s][info][gc,ref] GC(7) O: Final References:                   0                0                0 
[7.256s][info][gc,ref] GC(7) O: Phantom References:                 1                1                0 
Allocated 7340009 objects in 3.44 seconds
Phase 2: Sleeping for 3000 ms...
[10.213s][info][gc,ref] GC(8) O:                           Encountered       Discovered Cleared/Enqueued 
[10.213s][info][gc,ref] GC(8) O: Soft References:                  238                0                0 
[10.213s][info][gc,ref] GC(8) O: Weak References:                 1121              853              121 
[10.213s][info][gc,ref] GC(8) O: Weak (No Queue):              6472357            52104                0 
[10.213s][info][gc,ref] GC(8) O: Final References:                   0                0                0 
[10.213s][info][gc,ref] GC(8) O: Phantom References:                 1                1                0 
Phase 3.1: Clearing strong references...
Cleared 1468002 strong references, 5872007 remaining
Waiting 3000 ms...
[13.953s][info][gc,ref] GC(9) O:                           Encountered       Discovered Cleared/Enqueued 
[13.953s][info][gc,ref] GC(9) O: Soft References:                  238                0                0 
[13.953s][info][gc,ref] GC(9) O: Weak References:                 1000              931                0 
[13.953s][info][gc,ref] GC(9) O: Weak (No Queue):              7340012           513995                0 
[13.953s][info][gc,ref] GC(9) O: Final References:                   0                0                0 
[13.953s][info][gc,ref] GC(9) O: Phantom References:                 1                1                0 
Phase 3.2: Clearing strong references...
Cleared 1468002 strong references, 4404005 remaining
Waiting 3000 ms...
Phase 3.3: Clearing strong references...
Cleared 1468002 strong references, 2936003 remaining
Waiting 3000 ms...
[18.626s][info][gc,ref] GC(10) O:                           Encountered       Discovered Cleared/Enqueued 
[18.626s][info][gc,ref] GC(10) O: Soft References:                  238                0                0 
[18.626s][info][gc,ref] GC(10) O: Weak References:                 1000              465                0 
[18.626s][info][gc,ref] GC(10) O: Weak (No Queue):              7340012          4647903          1577421 
[18.626s][info][gc,ref] GC(10) O: Final References:                   0                0                0 
[18.626s][info][gc,ref] GC(10) O: Phantom References:                 1                1                0 
Phase 3.4: Clearing strong references...
Cleared 1468002 strong references, 1468001 remaining
Waiting 3000 ms...
Phase 3.5: Clearing strong references...
[24.029s][info][gc,ref] GC(11) O:                           Encountered       Discovered Cleared/Enqueued 
[24.029s][info][gc,ref] GC(11) O: Soft References:                  238                0                0 
[24.029s][info][gc,ref] GC(11) O: Weak References:                 1000               97                0 
[24.029s][info][gc,ref] GC(11) O: Weak (No Queue):              5762591          5454687          2826585 
[24.029s][info][gc,ref] GC(11) O: Final References:                   0                0                0 
[24.029s][info][gc,ref] GC(11) O: Phantom References:                 1                1                0 
Cleared 1468001 strong references, 0 remaining
Waiting 3000 ms...
Waiting 6000 ms...
[28.062s][info][gc,ref] GC(12) O:                           Encountered       Discovered Cleared/Enqueued 
[28.062s][info][gc,ref] GC(12) O: Soft References:                  238                0                0 
[28.062s][info][gc,ref] GC(12) O: Weak References:                 1000              748                0 
[28.062s][info][gc,ref] GC(12) O: Weak (No Queue):              2936006          2936006          2936003 
[28.062s][info][gc,ref] GC(12) O: Final References:                   0                0                0 
[28.062s][info][gc,ref] GC(12) O: Phantom References:                 1                1                0 
[30.557s][info][gc,ref] GC(13) O:                           Encountered       Discovered Cleared/Enqueued 
[30.557s][info][gc,ref] GC(13) O: Soft References:                  238                0                0 
[30.557s][info][gc,ref] GC(13) O: Weak References:                 1000              198                0 
[30.557s][info][gc,ref] GC(13) O: Weak (No Queue):                    3                3                0 
[30.557s][info][gc,ref] GC(13) O: Final References:                   0                0                0 
[30.557s][info][gc,ref] GC(13) O: Phantom References:                 1                1                0 
[32.024s][info][gc,ref] GC(14) O:                           Encountered       Discovered Cleared/Enqueued 
[32.024s][info][gc,ref] GC(14) O: Soft References:                  238                0                0 
[32.024s][info][gc,ref] GC(14) O: Weak References:                 1000              771                0 
[32.024s][info][gc,ref] GC(14) O: Weak (No Queue):                    3                0                0 
[32.024s][info][gc,ref] GC(14) O: Final References:                   0                0                0 
[32.024s][info][gc,ref] GC(14) O: Phantom References:                 1                1                0 
Phase 4: Final weak reference checks...
Final count of alive weak references: 0
[33.358s][info][gc,stats] === Garbage Collection Statistics =======================================================================================================================
[33.358s][info][gc,stats]                                                              Last 10s              Last 10m              Last 10h                Total
[33.358s][info][gc,stats]                                                              Avg / Max             Avg / Max             Avg / Max             Avg / Max
[33.358s][info][gc,stats]        Contention: Mark Segment Reset Contention                     0 / 2                 1 / 10                1 / 10                1 / 10          ops/s
[33.358s][info][gc,stats]        Contention: Mark SeqNum Reset Contention                      0 / 2                 0 / 5                 0 / 5                 0 / 5           ops/s
[33.358s][info][gc,stats]          Critical: Allocation Stall                                  0 / 0                 0 / 0                 0 / 0                 0 / 0           ops/s
[33.358s][info][gc,stats]          Critical: Allocation Stall                              0.000 / 0.000         0.000 / 0.000         0.000 / 0.000         0.000 / 0.000       ms
[33.358s][info][gc,stats]          Critical: JNI Critical Stall                                0 / 0                 0 / 0                 0 / 0                 0 / 0           ops/s
[33.358s][info][gc,stats]          Critical: JNI Critical Stall                            0.000 / 0.000         0.000 / 0.000         0.000 / 0.000         0.000 / 0.000       ms
[33.358s][info][gc,stats]          Critical: Relocation Stall                                  0 / 0                 0 / 0                 0 / 0                 0 / 0           ops/s
[33.358s][info][gc,stats]          Critical: Relocation Stall                              0.000 / 0.000         0.000 / 0.000         0.000 / 0.000         0.000 / 0.000       ms
[33.358s][info][gc,stats]  Major Collection: Major Collection                           2843.494 / 4899.301   1532.929 / 4899.301   1532.929 / 4899.301   1532.929 / 4899.301    ms
[33.358s][info][gc,stats]            Memory: Allocation Rate                                   0 / 2               220 / 2026            220 / 2026            220 / 2026        MB/s
[33.358s][info][gc,stats]            Memory: Defragment                                        0 / 0                 0 / 0                 0 / 0                 0 / 0           ops/s
[33.358s][info][gc,stats]            Memory: Mapped Cache Harvest                              0 / 0                 0 / 0                 0 / 0                 0 / 0           MB/s
[33.358s][info][gc,stats]            Memory: Out Of Memory                                     0 / 0                 0 / 0                 0 / 0                 0 / 0           ops/s
[33.358s][info][gc,stats]            Memory: Uncommit                                          0 / 0                 0 / 0                 0 / 0                 0 / 0           MB/s
[33.358s][info][gc,stats]            Memory: Undo Object Allocation Failed                     0 / 0                 0 / 0                 0 / 0                 0 / 0           ops/s
[33.358s][info][gc,stats]            Memory: Undo Object Allocation Succeeded                  0 / 0                 0 / 0                 0 / 0                 0 / 0           ops/s
[33.358s][info][gc,stats]            Memory: Undo Page Allocation                              0 / 0                 0 / 0                 0 / 0                 0 / 0           ops/s
[33.358s][info][gc,stats]  Minor Collection: Minor Collection                              0.000 / 0.000         0.000 / 0.000         0.000 / 0.000         0.000 / 0.000       ms
[33.358s][info][gc,stats]    Old Generation: Old Generation                             2798.254 / 4822.392   1077.772 / 4822.392   1077.772 / 4822.392   1077.772 / 4822.392    ms
[33.358s][info][gc,stats]         Old Pause: Pause Mark End                                0.014 / 0.015         0.010 / 0.015         0.010 / 0.015         0.010 / 0.015       ms
[33.358s][info][gc,stats]         Old Pause: Pause Relocate Start                          0.009 / 0.014         0.008 / 0.015         0.008 / 0.015         0.008 / 0.015       ms
[33.358s][info][gc,stats]         Old Phase: Concurrent Mark                            1887.536 / 2755.594    865.795 / 3660.827    865.795 / 3660.827    865.795 / 3660.827    ms
[33.358s][info][gc,stats]         Old Phase: Concurrent Mark Continue                      0.000 / 0.000         0.000 / 0.000         0.000 / 0.000         0.000 / 0.000       ms
[33.358s][info][gc,stats]         Old Phase: Concurrent Mark Free                          0.005 / 0.006         0.005 / 0.010         0.005 / 0.010         0.005 / 0.010       ms
[33.358s][info][gc,stats]         Old Phase: Concurrent Process Non-Strong                82.024 / 212.679      36.567 / 212.679      36.567 / 212.679      36.567 / 212.679     ms
[33.358s][info][gc,stats]         Old Phase: Concurrent Relocate                         356.972 / 881.491     155.846 / 900.488     155.846 / 900.488     155.846 / 900.488     ms
[33.358s][info][gc,stats]         Old Phase: Concurrent Remap Roots                       18.022 / 47.010       15.193 / 48.064       15.193 / 48.064       15.193 / 48.064      ms
[33.358s][info][gc,stats]         Old Phase: Concurrent Reset Relocation Set               0.120 / 0.269         0.033 / 0.269         0.033 / 0.269         0.033 / 0.269       ms
[33.358s][info][gc,stats]         Old Phase: Concurrent Select Relocation Set             10.155 / 20.171        4.227 / 20.827        4.227 / 20.827        4.227 / 20.827      ms
[33.358s][info][gc,stats]      Old Subphase: Concurrent Classes Purge                      0.006 / 0.013         0.037 / 0.186         0.037 / 0.186         0.037 / 0.186       ms
[33.358s][info][gc,stats]      Old Subphase: Concurrent Classes Unlink                     1.108 / 1.114         0.918 / 1.449         0.918 / 1.449         0.918 / 1.449       ms
[33.358s][info][gc,stats]      Old Subphase: Concurrent Mark Follow                     1887.449 / 2755.476    865.713 / 3660.725    865.713 / 3660.725    865.713 / 3660.725    ms
[33.358s][info][gc,stats]      Old Subphase: Concurrent Mark Root Colored                  0.029 / 0.078         0.021 / 0.081         0.021 / 0.081         0.021 / 0.081       ms
[33.358s][info][gc,stats]      Old Subphase: Concurrent Mark Root Uncolored                0.016 / 0.046         0.025 / 0.071         0.025 / 0.071         0.025 / 0.071       ms
[33.358s][info][gc,stats]      Old Subphase: Concurrent Mark Roots                         0.084 / 0.116         0.080 / 0.128         0.080 / 0.128         0.080 / 0.128       ms
[33.358s][info][gc,stats]      Old Subphase: Concurrent References Enqueue                 0.000 / 0.000         0.001 / 0.006         0.001 / 0.006         0.001 / 0.006       ms
[33.358s][info][gc,stats]      Old Subphase: Concurrent References Process                80.679 / 211.265      35.439 / 211.265      35.439 / 211.265      35.439 / 211.265     ms
[33.358s][info][gc,stats]      Old Subphase: Concurrent Remap Remembered                  17.656 / 46.620       12.998 / 47.596       12.998 / 47.596       12.998 / 47.596      ms
[33.358s][info][gc,stats]      Old Subphase: Concurrent Remap Roots Colored                0.109 / 0.140         0.134 / 0.258         0.134 / 0.258         0.134 / 0.258       ms
[33.358s][info][gc,stats]      Old Subphase: Concurrent Remap Roots Uncolored              0.216 / 0.282         0.163 / 0.282         0.163 / 0.282         0.163 / 0.282       ms
[33.358s][info][gc,stats]      Old Subphase: Concurrent Roots ClassLoaderDataGraph         0.060 / 0.114         0.077 / 0.249         0.077 / 0.249         0.077 / 0.249       ms
[33.358s][info][gc,stats]      Old Subphase: Concurrent Roots CodeCache                    0.214 / 0.280         0.161 / 0.280         0.161 / 0.280         0.161 / 0.280       ms
[33.358s][info][gc,stats]      Old Subphase: Concurrent Roots JavaThreads                  0.006 / 0.045         0.008 / 0.071         0.008 / 0.071         0.008 / 0.071       ms
[33.358s][info][gc,stats]      Old Subphase: Concurrent Roots OopStorageSet                0.003 / 0.011         0.003 / 0.011         0.003 / 0.011         0.003 / 0.011       ms
[33.358s][info][gc,stats]      Old Subphase: Concurrent Weak Roots OopStorageSet           0.050 / 0.094         0.040 / 0.152         0.040 / 0.152         0.040 / 0.152       ms
[33.358s][info][gc,stats]            System: Java Threads                                     11 / 11               11 / 13               11 / 13               11 / 13          threads
[33.358s][info][gc,stats]  Young Generation: Young Generation                             26.350 / 78.195      426.725 / 2365.734    426.725 / 2365.734    426.725 / 2365.734    ms
[33.358s][info][gc,stats]  Young Generation: Young Generation                              0.000 / 0.000         0.000 / 0.000         0.000 / 0.000         0.000 / 0.000       ms
[33.358s][info][gc,stats]  Young Generation: Young Generation (Collect Roots)              0.000 / 0.000         0.000 / 0.000         0.000 / 0.000         0.000 / 0.000       ms
[33.358s][info][gc,stats]  Young Generation: Young Generation (Promote All)                0.000 / 0.000         0.000 / 0.000         0.000 / 0.000         0.000 / 0.000       ms
[33.358s][info][gc,stats]       Young Pause: Pause Mark End                                0.010 / 0.014         0.010 / 0.014         0.010 / 0.014         0.010 / 0.014       ms
[33.358s][info][gc,stats]       Young Pause: Pause Mark Start                              0.000 / 0.000         0.000 / 0.000         0.000 / 0.000         0.000 / 0.000       ms
[33.358s][info][gc,stats]       Young Pause: Pause Mark Start (Major)                      0.034 / 0.053         0.028 / 0.053         0.028 / 0.053         0.028 / 0.053       ms
[33.358s][info][gc,stats]       Young Pause: Pause Relocate Start                          0.003 / 0.004         0.005 / 0.014         0.005 / 0.014         0.005 / 0.014       ms
[33.358s][info][gc,stats]       Young Phase: Concurrent Mark                              25.966 / 77.805      366.323 / 2029.125    366.323 / 2029.125    366.323 / 2029.125    ms
[33.358s][info][gc,stats]       Young Phase: Concurrent Mark Continue                      0.000 / 0.000         0.000 / 0.000         0.000 / 0.000         0.000 / 0.000       ms
[33.358s][info][gc,stats]       Young Phase: Concurrent Mark Free                          0.001 / 0.001         0.006 / 0.033         0.006 / 0.033         0.006 / 0.033       ms
[33.358s][info][gc,stats]       Young Phase: Concurrent Relocate                           0.038 / 0.040        32.847 / 281.613      32.847 / 281.613      32.847 / 281.613     ms
[33.358s][info][gc,stats]       Young Phase: Concurrent Reset Relocation Set               0.001 / 0.003         0.069 / 0.667         0.069 / 0.667         0.069 / 0.667       ms
[33.358s][info][gc,stats]       Young Phase: Concurrent Select Relocation Set              0.150 / 0.156        27.215 / 248.795      27.215 / 248.795      27.215 / 248.795     ms
[33.358s][info][gc,stats]    Young Subphase: Concurrent Mark Follow                       25.305 / 77.158      365.651 / 2028.258    365.651 / 2028.258    365.651 / 2028.258    ms
[33.358s][info][gc,stats]    Young Subphase: Concurrent Mark Root Colored                  0.317 / 0.351         0.360 / 0.622         0.360 / 0.622         0.360 / 0.622       ms
[33.358s][info][gc,stats]    Young Subphase: Concurrent Mark Root Uncolored                0.279 / 0.304         0.240 / 0.307         0.240 / 0.307         0.240 / 0.307       ms
[33.358s][info][gc,stats]    Young Subphase: Concurrent Mark Roots                         0.658 / 0.691         0.669 / 0.986         0.669 / 0.986         0.669 / 0.986       ms
[33.358s][info][gc,stats]    Young Subphase: Concurrent Relocate Remset FP                 0.011 / 0.012        32.312 / 280.841      32.312 / 280.841      32.312 / 280.841     ms
[33.358s][info][gc,stats]    Young Subphase: Concurrent Roots ClassLoaderDataGraph         0.234 / 0.249         0.249 / 0.400         0.249 / 0.400         0.249 / 0.400       ms
[33.358s][info][gc,stats]    Young Subphase: Concurrent Roots CodeCache                    0.241 / 0.257         0.217 / 0.276         0.217 / 0.276         0.217 / 0.276       ms
[33.358s][info][gc,stats]    Young Subphase: Concurrent Roots JavaThreads                  0.019 / 0.079         0.023 / 0.307         0.023 / 0.307         0.023 / 0.307       ms
[33.358s][info][gc,stats]    Young Subphase: Concurrent Roots OopStorageSet                0.003 / 0.005         0.026 / 0.586         0.026 / 0.586         0.026 / 0.586       ms
[33.358s][info][gc,stats]    Young Subphase: Concurrent Weak Roots OopStorageSet           0.078 / 0.101         0.094 / 0.205         0.094 / 0.205         0.094 / 0.205       ms
[33.358s][info][gc,stats] =========================================================================================================================================================
