
=== Instance 1/8, outer iteration 9/100 (Variant clear_path_only) ===

Affinity: allowed=0,1,2,3,4,5,6,7,8,9,10,11 jvm=0,1,2,3,4,5,6,7,8,9 aux=10,11
Benchmark args: <none>
Command: /gorilla/home/fredrha/SimplifyingWeakRefs/build/variant-images/clear_path_only-linux-x86_64-server-release/jdk/bin/java -Xms8g -Xmx8g -XX:+UseZGC -Xlog:gc+stats,gc+ref -XX:InitialTenuringThreshold=1 -XX:MaxTenuringThreshold=1 -XX:ZCollectionIntervalMajor=0.5 -XX:+ZCollectionIntervalOnly -XX:NativeMemoryTracking=summary /gorilla/home/fredrha/SimplifyingWeakRefs/test/weakrefs/WeakRefMultiObjectBenchmark.java

[0.004s][info][gc,ref] Reference Processor created, Config: Optimised clear path
[1.909s][info][gc,ref] GC(0) O:                           Encountered       Discovered Cleared/Enqueued 
[1.909s][info][gc,ref] GC(0) O: Soft References:                    0                0                0 
[1.909s][info][gc,ref] GC(0) O: Weak References:                    2                0                0 
[1.909s][info][gc,ref] GC(0) O: Weak (No Queue):                    0                0                0 
[1.909s][info][gc,ref] GC(0) O: Final References:                   0                0                0 
[1.909s][info][gc,ref] GC(0) O: Phantom References:                 0                0                0 
[2.417s][info][gc,ref] GC(1) O:                           Encountered       Discovered Cleared/Enqueued 
[2.417s][info][gc,ref] GC(1) O: Soft References:                  148                0                0 
[2.417s][info][gc,ref] GC(1) O: Weak References:                  605                0                0 
[2.417s][info][gc,ref] GC(1) O: Weak (No Queue):                    3                0                0 
[2.417s][info][gc,ref] GC(1) O: Final References:                   0                0                0 
[2.417s][info][gc,ref] GC(1) O: Phantom References:                 1                0                0 
[2.936s][info][gc,ref] GC(2) O:                           Encountered       Discovered Cleared/Enqueued 
[2.936s][info][gc,ref] GC(2) O: Soft References:                  165                0                0 
[2.936s][info][gc,ref] GC(2) O: Weak References:                  927                0                0 
[2.936s][info][gc,ref] GC(2) O: Weak (No Queue):                    6                2                0 
[2.936s][info][gc,ref] GC(2) O: Final References:                   0                0                0 
[2.936s][info][gc,ref] GC(2) O: Phantom References:                 1                0                0 
WeakRefMultiObjectBenchmark: objects=7340009 minSize=509 maxSize=1097 sleepMillis=3000
Phase 1: Allocating references and objects...
[3.694s][info][gc,ref] GC(3) O:                           Encountered       Discovered Cleared/Enqueued 
[3.694s][info][gc,ref] GC(3) O: Soft References:                  238                0                0 
[3.694s][info][gc,ref] GC(3) O: Weak References:                 1330              395              129 
[3.694s][info][gc,ref] GC(3) O: Weak (No Queue):               281509                3                0 
[3.694s][info][gc,ref] GC(3) O: Final References:                   0                0                0 
[3.694s][info][gc,ref] GC(3) O: Phantom References:                 1                1                0 
[6.147s][info][gc,ref] GC(4) O:                           Encountered       Discovered Cleared/Enqueued 
[6.147s][info][gc,ref] GC(4) O: Soft References:                  238                0                0 
[6.147s][info][gc,ref] GC(4) O: Weak References:                 1201              613               91 
[6.147s][info][gc,ref] GC(4) O: Weak (No Queue):              2001082                3                0 
[6.147s][info][gc,ref] GC(4) O: Final References:                   0                0                0 
[6.147s][info][gc,ref] GC(4) O: Phantom References:                 1                1                0 
Allocated 7340009 objects in 3.45 seconds
Phase 2: Sleeping for 3000 ms...
[9.601s][info][gc,ref] GC(5) O:                           Encountered       Discovered Cleared/Enqueued 
[9.601s][info][gc,ref] GC(5) O: Soft References:                  238                0                0 
[9.601s][info][gc,ref] GC(5) O: Weak References:                 1110              470              110 
[9.601s][info][gc,ref] GC(5) O: Weak (No Queue):              7340012           156457                0 
[9.601s][info][gc,ref] GC(5) O: Final References:                   0                0                0 
[9.601s][info][gc,ref] GC(5) O: Phantom References:                 1                1                0 
Phase 3.1: Clearing strong references...
Cleared 1468002 strong references, 5872007 remaining
Waiting 3000 ms...
Phase 3.2: Clearing strong references...
Cleared 1468002 strong references, 4404005 remaining
Waiting 3000 ms...
[13.861s][info][gc,ref] GC(6) O:                           Encountered       Discovered Cleared/Enqueued 
[13.861s][info][gc,ref] GC(6) O: Soft References:                  238                0                0 
[13.861s][info][gc,ref] GC(6) O: Weak References:                 1000              558                0 
[13.861s][info][gc,ref] GC(6) O: Weak (No Queue):              7340012           745323           399734 
[13.861s][info][gc,ref] GC(6) O: Final References:                   0                0                0 
[13.861s][info][gc,ref] GC(6) O: Phantom References:                 1                1                0 
Phase 3.3: Clearing strong references...
Cleared 1468002 strong references, 2936003 remaining
Waiting 3000 ms...
Phase 3.4: Clearing strong references...
[19.125s][info][gc,ref] GC(7) O:                           Encountered       Discovered Cleared/Enqueued 
[19.125s][info][gc,ref] GC(7) O: Soft References:                  238                0                0 
[19.125s][info][gc,ref] GC(7) O: Weak References:                 1000              714                0 
[19.125s][info][gc,ref] GC(7) O: Weak (No Queue):              6940278          3682557          2536270 
[19.125s][info][gc,ref] GC(7) O: Final References:                   0                0                0 
[19.125s][info][gc,ref] GC(7) O: Phantom References:                 1                1                0 
Cleared 1468002 strong references, 1468001 remaining
Waiting 3000 ms...
Phase 3.5: Clearing strong references...
Cleared 1468001 strong references, 0 remaining
Waiting 3000 ms...
[24.135s][info][gc,ref] GC(8) O:                           Encountered       Discovered Cleared/Enqueued 
[24.135s][info][gc,ref] GC(8) O: Soft References:                  238                0                0 
[24.135s][info][gc,ref] GC(8) O: Weak References:                 1000              664                0 
[24.135s][info][gc,ref] GC(8) O: Weak (No Queue):              4404008          4362584          2936004 
[24.135s][info][gc,ref] GC(8) O: Final References:                   0                0                0 
[24.135s][info][gc,ref] GC(8) O: Phantom References:                 1                1                0 
Waiting 6000 ms...
[27.698s][info][gc,ref] GC(9) O:                           Encountered       Discovered Cleared/Enqueued 
[27.698s][info][gc,ref] GC(9) O: Soft References:                  238                0                0 
[27.698s][info][gc,ref] GC(9) O: Weak References:                 1000              348                0 
[27.698s][info][gc,ref] GC(9) O: Weak (No Queue):              1468004          1468004          1468001 
[27.698s][info][gc,ref] GC(9) O: Final References:                   0                0                0 
[27.698s][info][gc,ref] GC(9) O: Phantom References:                 1                1                0 
[30.194s][info][gc,ref] GC(10) O:                           Encountered       Discovered Cleared/Enqueued 
[30.194s][info][gc,ref] GC(10) O: Soft References:                  238                0                0 
[30.194s][info][gc,ref] GC(10) O: Weak References:                 1000              739                0 
[30.194s][info][gc,ref] GC(10) O: Weak (No Queue):                    3                3                0 
[30.194s][info][gc,ref] GC(10) O: Final References:                   0                0                0 
[30.194s][info][gc,ref] GC(10) O: Phantom References:                 1                1                0 
Phase 4: Final weak reference checks...
Final count of alive weak references: 0
[31.671s][info][gc,stats] === Garbage Collection Statistics =======================================================================================================================
[31.671s][info][gc,stats]                                                              Last 10s              Last 10m              Last 10h                Total
[31.671s][info][gc,stats]                                                              Avg / Max             Avg / Max             Avg / Max             Avg / Max
[31.671s][info][gc,stats]        Contention: Mark Segment Reset Contention                     0 / 1                 1 / 20                1 / 20                1 / 20          ops/s
[31.671s][info][gc,stats]        Contention: Mark SeqNum Reset Contention                      0 / 0                 0 / 6                 0 / 6                 0 / 6           ops/s
[31.671s][info][gc,stats]          Critical: Allocation Stall                                  0 / 0                 0 / 0                 0 / 0                 0 / 0           ops/s
[31.671s][info][gc,stats]          Critical: Allocation Stall                              0.000 / 0.000         0.000 / 0.000         0.000 / 0.000         0.000 / 0.000       ms
[31.671s][info][gc,stats]          Critical: JNI Critical Stall                                0 / 0                 0 / 0                 0 / 0                 0 / 0           ops/s
[31.671s][info][gc,stats]          Critical: JNI Critical Stall                            0.000 / 0.000         0.000 / 0.000         0.000 / 0.000         0.000 / 0.000       ms
[31.671s][info][gc,stats]          Critical: Relocation Stall                                  0 / 0                 0 / 0                 0 / 0                 0 / 0           ops/s
[31.671s][info][gc,stats]          Critical: Relocation Stall                              0.000 / 0.000         0.000 / 0.000         0.000 / 0.000         0.000 / 0.000       ms
[31.671s][info][gc,stats]  Major Collection: Major Collection                           3182.788 / 4501.209   2112.276 / 4758.007   2112.276 / 4758.007   2112.276 / 4758.007    ms
[31.671s][info][gc,stats]            Memory: Allocation Rate                                   0 / 2               235 / 1998            235 / 1998            235 / 1998        MB/s
[31.671s][info][gc,stats]            Memory: Defragment                                        0 / 0                 0 / 0                 0 / 0                 0 / 0           ops/s
[31.671s][info][gc,stats]            Memory: Mapped Cache Harvest                              0 / 0                 0 / 0                 0 / 0                 0 / 0           MB/s
[31.671s][info][gc,stats]            Memory: Out Of Memory                                     0 / 0                 0 / 0                 0 / 0                 0 / 0           ops/s
[31.671s][info][gc,stats]            Memory: Uncommit                                          0 / 0                 0 / 0                 0 / 0                 0 / 0           MB/s
[31.671s][info][gc,stats]            Memory: Undo Object Allocation Failed                     0 / 0                 0 / 0                 0 / 0                 0 / 0           ops/s
[31.671s][info][gc,stats]            Memory: Undo Object Allocation Succeeded                  0 / 0                 0 / 0                 0 / 0                 0 / 0           ops/s
[31.671s][info][gc,stats]            Memory: Undo Page Allocation                              0 / 0                 0 / 0                 0 / 0                 0 / 0           ops/s
[31.671s][info][gc,stats]  Minor Collection: Minor Collection                              0.000 / 0.000         0.000 / 0.000         0.000 / 0.000         0.000 / 0.000       ms
[31.671s][info][gc,stats]    Old Generation: Old Generation                             3137.640 / 4439.216   1424.246 / 4683.223   1424.246 / 4683.223   1424.246 / 4683.223    ms
[31.671s][info][gc,stats]         Old Pause: Pause Mark End                                0.026 / 0.048         0.015 / 0.048         0.015 / 0.048         0.015 / 0.048       ms
[31.671s][info][gc,stats]         Old Pause: Pause Relocate Start                          0.011 / 0.015         0.010 / 0.015         0.010 / 0.015         0.010 / 0.015       ms
[31.671s][info][gc,stats]         Old Phase: Concurrent Mark                            2523.271 / 3252.427   1086.774 / 3300.356   1086.774 / 3300.356   1086.774 / 3300.356    ms
[31.671s][info][gc,stats]         Old Phase: Concurrent Mark Continue                      0.000 / 0.000         0.000 / 0.000         0.000 / 0.000         0.000 / 0.000       ms
[31.671s][info][gc,stats]         Old Phase: Concurrent Mark Free                          0.008 / 0.010         0.005 / 0.010         0.005 / 0.010         0.005 / 0.010       ms
[31.671s][info][gc,stats]         Old Phase: Concurrent Process Non-Strong               163.257 / 375.832      83.496 / 375.832      83.496 / 375.832      83.496 / 375.832     ms
[31.671s][info][gc,stats]         Old Phase: Concurrent Relocate                         420.288 / 756.278     230.262 / 973.898     230.262 / 973.898     230.262 / 973.898     ms
[31.671s][info][gc,stats]         Old Phase: Concurrent Remap Roots                       17.100 / 38.153       16.751 / 48.003       16.751 / 48.003       16.751 / 48.003      ms
[31.671s][info][gc,stats]         Old Phase: Concurrent Reset Relocation Set               0.114 / 0.152         0.035 / 0.152         0.035 / 0.152         0.035 / 0.152       ms
[31.671s][info][gc,stats]         Old Phase: Concurrent Select Relocation Set             13.464 / 16.218        6.742 / 22.650        6.742 / 22.650        6.742 / 22.650      ms
[31.671s][info][gc,stats]      Old Subphase: Concurrent Classes Purge                      0.008 / 0.016         0.053 / 0.225         0.053 / 0.225         0.053 / 0.225       ms
[31.671s][info][gc,stats]      Old Subphase: Concurrent Classes Unlink                     1.122 / 1.129         0.998 / 1.366         0.998 / 1.366         0.998 / 1.366       ms
[31.671s][info][gc,stats]      Old Subphase: Concurrent Mark Follow                     2523.181 / 3252.327   1086.697 / 3300.255   1086.697 / 3300.255   1086.697 / 3300.255    ms
[31.671s][info][gc,stats]      Old Subphase: Concurrent Mark Root Colored                  0.030 / 0.081         0.029 / 0.081         0.029 / 0.081         0.029 / 0.081       ms
[31.671s][info][gc,stats]      Old Subphase: Concurrent Mark Root Uncolored                0.016 / 0.040         0.021 / 0.045         0.021 / 0.045         0.021 / 0.045       ms
[31.671s][info][gc,stats]      Old Subphase: Concurrent Mark Roots                         0.065 / 0.098         0.072 / 0.099         0.072 / 0.099         0.072 / 0.099       ms
[31.671s][info][gc,stats]      Old Subphase: Concurrent References Enqueue                 0.000 / 0.000         0.001 / 0.004         0.001 / 0.004         0.001 / 0.004       ms
[31.671s][info][gc,stats]      Old Subphase: Concurrent References Process               161.881 / 374.410      82.233 / 374.410      82.233 / 374.410      82.233 / 374.410     ms
[31.671s][info][gc,stats]      Old Subphase: Concurrent Remap Remembered                  16.730 / 37.754       14.405 / 47.615       14.405 / 47.615       14.405 / 47.615      ms
[31.671s][info][gc,stats]      Old Subphase: Concurrent Remap Roots Colored                0.098 / 0.132         0.135 / 0.263         0.135 / 0.263         0.135 / 0.263       ms
[31.671s][info][gc,stats]      Old Subphase: Concurrent Remap Roots Uncolored              0.232 / 0.281         0.189 / 0.306         0.189 / 0.306         0.189 / 0.306       ms
[31.671s][info][gc,stats]      Old Subphase: Concurrent Roots ClassLoaderDataGraph         0.051 / 0.115         0.075 / 0.253         0.075 / 0.253         0.075 / 0.253       ms
[31.671s][info][gc,stats]      Old Subphase: Concurrent Roots CodeCache                    0.230 / 0.279         0.187 / 0.303         0.187 / 0.303         0.187 / 0.303       ms
[31.671s][info][gc,stats]      Old Subphase: Concurrent Roots JavaThreads                  0.006 / 0.039         0.008 / 0.044         0.008 / 0.044         0.008 / 0.044       ms
[31.671s][info][gc,stats]      Old Subphase: Concurrent Roots OopStorageSet                0.003 / 0.017         0.003 / 0.017         0.003 / 0.017         0.003 / 0.017       ms
[31.671s][info][gc,stats]      Old Subphase: Concurrent Weak Roots OopStorageSet           0.049 / 0.092         0.044 / 0.109         0.044 / 0.109         0.044 / 0.109       ms
[31.671s][info][gc,stats]            System: Java Threads                                     11 / 11               11 / 13               11 / 13               11 / 13          threads
[31.671s][info][gc,stats]  Young Generation: Young Generation                             24.951 / 54.655      630.736 / 2712.012    630.736 / 2712.012    630.736 / 2712.012    ms
[31.671s][info][gc,stats]  Young Generation: Young Generation                              0.000 / 0.000         0.000 / 0.000         0.000 / 0.000         0.000 / 0.000       ms
[31.671s][info][gc,stats]  Young Generation: Young Generation (Collect Roots)              0.000 / 0.000         0.000 / 0.000         0.000 / 0.000         0.000 / 0.000       ms
[31.671s][info][gc,stats]  Young Generation: Young Generation (Promote All)                0.000 / 0.000         0.000 / 0.000         0.000 / 0.000         0.000 / 0.000       ms
[31.671s][info][gc,stats]       Young Pause: Pause Mark End                                0.011 / 0.014         0.012 / 0.021         0.012 / 0.021         0.012 / 0.021       ms
[31.671s][info][gc,stats]       Young Pause: Pause Mark Start                              0.000 / 0.000         0.000 / 0.000         0.000 / 0.000         0.000 / 0.000       ms
[31.671s][info][gc,stats]       Young Pause: Pause Mark Start (Major)                      0.031 / 0.039         0.027 / 0.040         0.027 / 0.040         0.027 / 0.040       ms
[31.671s][info][gc,stats]       Young Pause: Pause Relocate Start                          0.004 / 0.004         0.006 / 0.019         0.006 / 0.019         0.006 / 0.019       ms
[31.671s][info][gc,stats]       Young Phase: Concurrent Mark                              24.590 / 54.268      551.827 / 2518.980    551.827 / 2518.980    551.827 / 2518.980    ms
[31.671s][info][gc,stats]       Young Phase: Concurrent Mark Continue                      0.000 / 0.000         0.000 / 0.000         0.000 / 0.000         0.000 / 0.000       ms
[31.671s][info][gc,stats]       Young Phase: Concurrent Mark Free                          0.001 / 0.002         0.003 / 0.007         0.003 / 0.007         0.003 / 0.007       ms
[31.671s][info][gc,stats]       Young Phase: Concurrent Relocate                           0.038 / 0.039        43.394 / 317.749      43.394 / 317.749      43.394 / 317.749     ms
[31.671s][info][gc,stats]       Young Phase: Concurrent Reset Relocation Set               0.000 / 0.000         0.088 / 0.758         0.088 / 0.758         0.088 / 0.758       ms
[31.671s][info][gc,stats]       Young Phase: Concurrent Select Relocation Set              0.144 / 0.151        35.167 / 281.010      35.167 / 281.010      35.167 / 281.010     ms
[31.671s][info][gc,stats]    Young Subphase: Concurrent Mark Follow                       23.943 / 53.663      551.059 / 2518.138    551.059 / 2518.138    551.059 / 2518.138    ms
[31.671s][info][gc,stats]    Young Subphase: Concurrent Mark Root Colored                  0.317 / 0.358         0.416 / 0.719         0.416 / 0.719         0.416 / 0.719       ms
[31.671s][info][gc,stats]    Young Subphase: Concurrent Mark Root Uncolored                0.272 / 0.282         0.282 / 0.408         0.282 / 0.408         0.282 / 0.408       ms
[31.671s][info][gc,stats]    Young Subphase: Concurrent Mark Roots                         0.645 / 0.683         0.765 / 1.174         0.765 / 1.174         0.765 / 1.174       ms
[31.671s][info][gc,stats]    Young Subphase: Concurrent Relocate Remset FP                 0.011 / 0.012        42.806 / 317.715      42.806 / 317.715      42.806 / 317.715     ms
[31.671s][info][gc,stats]    Young Subphase: Concurrent Roots ClassLoaderDataGraph         0.235 / 0.248         0.301 / 0.610         0.301 / 0.610         0.301 / 0.610       ms
[31.671s][info][gc,stats]    Young Subphase: Concurrent Roots CodeCache                    0.236 / 0.255         0.251 / 0.303         0.251 / 0.303         0.251 / 0.303       ms
[31.671s][info][gc,stats]    Young Subphase: Concurrent Roots JavaThreads                  0.019 / 0.074         0.030 / 0.408         0.030 / 0.408         0.030 / 0.408       ms
[31.671s][info][gc,stats]    Young Subphase: Concurrent Roots OopStorageSet                0.006 / 0.006         0.014 / 0.099         0.014 / 0.099         0.014 / 0.099       ms
[31.671s][info][gc,stats]    Young Subphase: Concurrent Weak Roots OopStorageSet           0.079 / 0.102         0.101 / 0.192         0.101 / 0.192         0.101 / 0.192       ms
[31.671s][info][gc,stats] =========================================================================================================================================================
