
=== Instance 4/8, outer iteration 52/100 (Variant sep_dyn) ===

Affinity: allowed=36,37,38,39,40,41,42,43,44,45,46,47 jvm=36,37,38,39,40,41,42,43,44,45 aux=46,47
Benchmark args: <none>
Command: /gorilla/home/fredrha/SimplifyingWeakRefs/build/variant-images/sep_dyn-linux-x86_64-server-release/jdk/bin/java -Xms8g -Xmx8g -XX:+UseZGC -Xlog:gc+stats,gc+ref -XX:InitialTenuringThreshold=1 -XX:MaxTenuringThreshold=1 -XX:ZCollectionIntervalMajor=0.5 -XX:+ZCollectionIntervalOnly -XX:NativeMemoryTracking=summary /gorilla/home/fredrha/SimplifyingWeakRefs/test/weakrefs/WeakRefMultiObjectBenchmark.java

[0.004s][info][gc,ref] Reference Processor created, Config: Separate lists, dynamic array
[1.915s][info][gc,ref] GC(0) O:                           Encountered       Discovered Cleared/Enqueued 
[1.915s][info][gc,ref] GC(0) O: Soft References:                    0                0                0 
[1.915s][info][gc,ref] GC(0) O: Weak References:                    0                0                0 
[1.915s][info][gc,ref] GC(0) O: Weak (No Queue):                    0                0                0 
[1.915s][info][gc,ref] GC(0) O: Final References:                   0                0                0 
[1.915s][info][gc,ref] GC(0) O: Phantom References:                 0                0                0 
[2.429s][info][gc,ref] GC(1) O:                           Encountered       Discovered Cleared/Enqueued 
[2.429s][info][gc,ref] GC(1) O: Soft References:                  148                0                0 
[2.429s][info][gc,ref] GC(1) O: Weak References:                  605                0                0 
[2.429s][info][gc,ref] GC(1) O: Weak (No Queue):                    3                0                0 
[2.429s][info][gc,ref] GC(1) O: Final References:                   0                0                0 
[2.429s][info][gc,ref] GC(1) O: Phantom References:                 1                0                0 
[2.948s][info][gc,ref] GC(2) O:                           Encountered       Discovered Cleared/Enqueued 
[2.949s][info][gc,ref] GC(2) O: Soft References:                  148                0                0 
[2.949s][info][gc,ref] GC(2) O: Weak References:                  605                0                0 
[2.949s][info][gc,ref] GC(2) O: Weak (No Queue):                    3                0                0 
[2.949s][info][gc,ref] GC(2) O: Final References:                   0                0                0 
[2.949s][info][gc,ref] GC(2) O: Phantom References:                 1                0                0 
WeakRefMultiObjectBenchmark: objects=7340009 minSize=509 maxSize=1097 sleepMillis=3000
[3.466s][info][gc,ref] GC(3) O:                           Encountered       Discovered Cleared/Enqueued 
[3.466s][info][gc,ref] GC(3) O: Soft References:                  238                0                0 
[3.466s][info][gc,ref] GC(3) O: Weak References:                 1330              446              129 
[3.466s][info][gc,ref] GC(3) O: Weak (No Queue):                    3                3                0 
[3.466s][info][gc,ref] GC(3) O: Final References:                   0                0                0 
[3.466s][info][gc,ref] GC(3) O: Phantom References:                 1                1                0 
Phase 1: Allocating references and objects...
[4.792s][info][gc,ref] GC(4) O:                           Encountered       Discovered Cleared/Enqueued 
[4.792s][info][gc,ref] GC(4) O: Soft References:                  239                0                0 
[4.792s][info][gc,ref] GC(4) O: Weak References:                 1201              233                0 
[4.792s][info][gc,ref] GC(4) O: Weak (No Queue):               736415                1                0 
[4.792s][info][gc,ref] GC(4) O: Final References:                   0                0                0 
[4.792s][info][gc,ref] GC(4) O: Phantom References:                 1                0                0 
[6.856s][info][gc,ref] GC(5) O:                           Encountered       Discovered Cleared/Enqueued 
[6.856s][info][gc,ref] GC(5) O: Soft References:                  238                0                0 
[6.856s][info][gc,ref] GC(5) O: Weak References:                 1201              209              201 
[6.856s][info][gc,ref] GC(5) O: Weak (No Queue):              3768027                3                0 
[6.856s][info][gc,ref] GC(5) O: Final References:                   0                0                0 
[6.856s][info][gc,ref] GC(5) O: Phantom References:                 1                1                0 
Allocated 7340009 objects in 3.44 seconds
Phase 2: Sleeping for 3000 ms...
Phase 3.1: Clearing strong references...
Cleared 1468002 strong references, 5872007 remaining
Waiting 3000 ms...
[10.564s][info][gc,ref] GC(6) O:                           Encountered       Discovered Cleared/Enqueued 
[10.564s][info][gc,ref] GC(6) O: Soft References:                  238                0                0 
[10.564s][info][gc,ref] GC(6) O: Weak References:                 1000              227                0 
[10.564s][info][gc,ref] GC(6) O: Weak (No Queue):              7340012            65469                0 
[10.564s][info][gc,ref] GC(6) O: Final References:                   0                0                0 
[10.564s][info][gc,ref] GC(6) O: Phantom References:                 1                1                0 
Phase 3.2: Clearing strong references...
Cleared 1468002 strong references, 4404005 remaining
Waiting 3000 ms...
[15.303s][info][gc,ref] GC(7) O:                           Encountered       Discovered Cleared/Enqueued 
[15.303s][info][gc,ref] GC(7) O: Soft References:                  238                0                0 
[15.303s][info][gc,ref] GC(7) O: Weak References:                 1000               65                0 
[15.303s][info][gc,ref] GC(7) O: Weak (No Queue):              7340012          1763548           753792 
[15.303s][info][gc,ref] GC(7) O: Final References:                   0                0                0 
[15.303s][info][gc,ref] GC(7) O: Phantom References:                 1                1                0 
Phase 3.3: Clearing strong references...
Cleared 1468002 strong references, 2936003 remaining
Waiting 3000 ms...
Phase 3.4: Clearing strong references...
Cleared 1468002 strong references, 1468001 remaining
Waiting 3000 ms...
[21.078s][info][gc,ref] GC(8) O:                           Encountered       Discovered Cleared/Enqueued 
[21.078s][info][gc,ref] GC(8) O: Soft References:                  238                0                0 
[21.078s][info][gc,ref] GC(8) O: Weak References:                 1000              137                0 
[21.078s][info][gc,ref] GC(8) O: Weak (No Queue):              6586220          6347880          2182212 
[21.078s][info][gc,ref] GC(8) O: Final References:                   0                0                0 
[21.078s][info][gc,ref] GC(8) O: Phantom References:                 1                1                0 
Phase 3.5: Clearing strong references...
Cleared 1468001 strong references, 0 remaining
Waiting 3000 ms...
Waiting 6000 ms...
[26.324s][info][gc,ref] GC(9) O:                           Encountered       Discovered Cleared/Enqueued 
[26.324s][info][gc,ref] GC(9) O: Soft References:                  238                0                0 
[26.324s][info][gc,ref] GC(9) O: Weak References:                 1000              413                0 
[26.324s][info][gc,ref] GC(9) O: Weak (No Queue):              4404008          4354664          2936004 
[26.324s][info][gc,ref] GC(9) O: Final References:                   0                0                0 
[26.324s][info][gc,ref] GC(9) O: Phantom References:                 1                1                0 
[30.122s][info][gc,ref] GC(10) O:                           Encountered       Discovered Cleared/Enqueued 
[30.122s][info][gc,ref] GC(10) O: Soft References:                  238                0                0 
[30.122s][info][gc,ref] GC(10) O: Weak References:                 1000              269                0 
[30.122s][info][gc,ref] GC(10) O: Weak (No Queue):              1468004          1468004          1468001 
[30.122s][info][gc,ref] GC(10) O: Final References:                   0                0                0 
[30.122s][info][gc,ref] GC(10) O: Phantom References:                 1                1                0 
Phase 4: Final weak reference checks...
Final count of alive weak references: 0
[32.421s][info][gc,stats] === Garbage Collection Statistics =======================================================================================================================
[32.421s][info][gc,stats]                                                              Last 10s              Last 10m              Last 10h                Total
[32.421s][info][gc,stats]                                                              Avg / Max             Avg / Max             Avg / Max             Avg / Max
[32.421s][info][gc,stats]        Contention: Mark Segment Reset Contention                     0 / 2                 1 / 14                1 / 14                1 / 14          ops/s
[32.421s][info][gc,stats]        Contention: Mark SeqNum Reset Contention                      0 / 0                 0 / 7                 0 / 7                 0 / 7           ops/s
[32.421s][info][gc,stats]          Critical: Allocation Stall                                  0 / 0                 0 / 0                 0 / 0                 0 / 0           ops/s
[32.421s][info][gc,stats]          Critical: Allocation Stall                              0.000 / 0.000         0.000 / 0.000         0.000 / 0.000         0.000 / 0.000       ms
[32.421s][info][gc,stats]          Critical: JNI Critical Stall                                0 / 0                 0 / 0                 0 / 0                 0 / 0           ops/s
[32.421s][info][gc,stats]          Critical: JNI Critical Stall                            0.000 / 0.000         0.000 / 0.000         0.000 / 0.000         0.000 / 0.000       ms
[32.421s][info][gc,stats]          Critical: Relocation Stall                                  0 / 0                 0 / 0                 0 / 0                 0 / 0           ops/s
[32.421s][info][gc,stats]          Critical: Relocation Stall                              0.000 / 0.000         0.000 / 0.000         0.000 / 0.000         0.000 / 0.000       ms
[32.421s][info][gc,stats]  Major Collection: Major Collection                           4016.850 / 4741.367   2105.318 / 5267.058   2105.318 / 5267.058   2105.318 / 5267.058    ms
[32.421s][info][gc,stats]            Memory: Allocation Rate                                   0 / 2               227 / 2010            227 / 2010            227 / 2010        MB/s
[32.421s][info][gc,stats]            Memory: Defragment                                        0 / 0                 0 / 0                 0 / 0                 0 / 0           ops/s
[32.421s][info][gc,stats]            Memory: Mapped Cache Harvest                              0 / 0                 0 / 0                 0 / 0                 0 / 0           MB/s
[32.421s][info][gc,stats]            Memory: Out Of Memory                                     0 / 0                 0 / 0                 0 / 0                 0 / 0           ops/s
[32.421s][info][gc,stats]            Memory: Uncommit                                          0 / 0                 0 / 0                 0 / 0                 0 / 0           MB/s
[32.421s][info][gc,stats]            Memory: Undo Object Allocation Failed                     0 / 0                 0 / 0                 0 / 0                 0 / 0           ops/s
[32.421s][info][gc,stats]            Memory: Undo Object Allocation Succeeded                  0 / 0                 0 / 0                 0 / 0                 0 / 0           ops/s
[32.421s][info][gc,stats]            Memory: Undo Page Allocation                              0 / 0                 0 / 0                 0 / 0                 0 / 0           ops/s
[32.421s][info][gc,stats]  Minor Collection: Minor Collection                              0.000 / 0.000         0.000 / 0.000         0.000 / 0.000         0.000 / 0.000       ms
[32.421s][info][gc,stats]    Old Generation: Old Generation                             3946.487 / 4654.238   1493.584 / 5201.314   1493.584 / 5201.314   1493.584 / 5201.314    ms
[32.421s][info][gc,stats]         Old Pause: Pause Mark End                                0.020 / 0.027         0.011 / 0.027         0.011 / 0.027         0.011 / 0.027       ms
[32.421s][info][gc,stats]         Old Pause: Pause Relocate Start                          0.011 / 0.011         0.008 / 0.012         0.008 / 0.012         0.008 / 0.012       ms
[32.421s][info][gc,stats]         Old Phase: Concurrent Mark                            2889.260 / 3289.985   1060.570 / 3701.274   1060.570 / 3701.274   1060.570 / 3701.274    ms
[32.421s][info][gc,stats]         Old Phase: Concurrent Mark Continue                      0.000 / 0.000         0.000 / 0.000         0.000 / 0.000         0.000 / 0.000       ms
[32.421s][info][gc,stats]         Old Phase: Concurrent Mark Free                          0.004 / 0.005         0.003 / 0.006         0.003 / 0.006         0.003 / 0.006       ms
[32.421s][info][gc,stats]         Old Phase: Concurrent Process Non-Strong               230.567 / 356.447      93.122 / 430.179      93.122 / 430.179      93.122 / 430.179     ms
[32.421s][info][gc,stats]         Old Phase: Concurrent Relocate                         790.491 / 957.914     310.456 / 991.007     310.456 / 991.007     310.456 / 991.007     ms
[32.421s][info][gc,stats]         Old Phase: Concurrent Remap Roots                       25.298 / 38.008       23.574 / 57.552       23.574 / 57.552       23.574 / 57.552      ms
[32.421s][info][gc,stats]         Old Phase: Concurrent Reset Relocation Set               0.097 / 0.112         0.024 / 0.112         0.024 / 0.112         0.024 / 0.112       ms
[32.421s][info][gc,stats]         Old Phase: Concurrent Select Relocation Set             10.661 / 11.653        5.681 / 20.886        5.681 / 20.886        5.681 / 20.886      ms
[32.421s][info][gc,stats]      Old Subphase: Concurrent Classes Purge                      0.007 / 0.010         0.054 / 0.235         0.054 / 0.235         0.054 / 0.235       ms
[32.421s][info][gc,stats]      Old Subphase: Concurrent Classes Unlink                     1.372 / 1.381         1.085 / 1.393         1.085 / 1.393         1.085 / 1.393       ms
[32.421s][info][gc,stats]      Old Subphase: Concurrent Mark Follow                     2889.147 / 3289.860   1060.483 / 3701.151   1060.483 / 3701.151   1060.483 / 3701.151    ms
[32.421s][info][gc,stats]      Old Subphase: Concurrent Mark Root Colored                  0.033 / 0.038         0.027 / 0.084         0.027 / 0.084         0.027 / 0.084       ms
[32.421s][info][gc,stats]      Old Subphase: Concurrent Mark Root Uncolored                0.029 / 0.029         0.026 / 0.052         0.026 / 0.052         0.026 / 0.052       ms
[32.421s][info][gc,stats]      Old Subphase: Concurrent Mark Roots                         0.099 / 0.101         0.086 / 0.123         0.086 / 0.123         0.086 / 0.123       ms
[32.421s][info][gc,stats]      Old Subphase: Concurrent References Enqueue                 0.000 / 0.000         0.001 / 0.005         0.001 / 0.005         0.001 / 0.005       ms
[32.421s][info][gc,stats]      Old Subphase: Concurrent References Process               228.913 / 354.814      91.776 / 428.480      91.776 / 428.480      91.776 / 428.480     ms
[32.421s][info][gc,stats]      Old Subphase: Concurrent Remap Remembered                  24.877 / 37.591       18.669 / 57.088       18.669 / 57.088       18.669 / 57.088      ms
[32.421s][info][gc,stats]      Old Subphase: Concurrent Remap Roots Colored                0.080 / 0.086         0.124 / 0.273         0.124 / 0.273         0.124 / 0.273       ms
[32.421s][info][gc,stats]      Old Subphase: Concurrent Remap Roots Uncolored              0.296 / 0.307         0.207 / 0.334         0.207 / 0.334         0.207 / 0.334       ms
[32.421s][info][gc,stats]      Old Subphase: Concurrent Roots ClassLoaderDataGraph         0.037 / 0.051         0.069 / 0.263         0.069 / 0.263         0.069 / 0.263       ms
[32.421s][info][gc,stats]      Old Subphase: Concurrent Roots CodeCache                    0.295 / 0.305         0.205 / 0.325         0.205 / 0.325         0.205 / 0.325       ms
[32.421s][info][gc,stats]      Old Subphase: Concurrent Roots JavaThreads                  0.012 / 0.029         0.010 / 0.052         0.010 / 0.052         0.010 / 0.052       ms
[32.421s][info][gc,stats]      Old Subphase: Concurrent Roots OopStorageSet                0.006 / 0.015         0.004 / 0.015         0.004 / 0.015         0.004 / 0.015       ms
[32.421s][info][gc,stats]      Old Subphase: Concurrent Weak Roots OopStorageSet           0.054 / 0.093         0.051 / 0.182         0.051 / 0.182         0.051 / 0.182       ms
[32.421s][info][gc,stats]            System: Java Threads                                     11 / 11               11 / 13               11 / 13               11 / 13          threads
[32.421s][info][gc,stats]  Young Generation: Young Generation                             35.612 / 53.483      562.146 / 2719.008    562.146 / 2719.008    562.146 / 2719.008    ms
[32.421s][info][gc,stats]  Young Generation: Young Generation                              0.000 / 0.000         0.000 / 0.000         0.000 / 0.000         0.000 / 0.000       ms
[32.421s][info][gc,stats]  Young Generation: Young Generation (Collect Roots)              0.000 / 0.000         0.000 / 0.000         0.000 / 0.000         0.000 / 0.000       ms
[32.421s][info][gc,stats]  Young Generation: Young Generation (Promote All)                0.000 / 0.000         0.000 / 0.000         0.000 / 0.000         0.000 / 0.000       ms
[32.421s][info][gc,stats]       Young Pause: Pause Mark End                                0.011 / 0.012         0.010 / 0.013         0.010 / 0.013         0.010 / 0.013       ms
[32.421s][info][gc,stats]       Young Pause: Pause Mark Start                              0.000 / 0.000         0.000 / 0.000         0.000 / 0.000         0.000 / 0.000       ms
[32.421s][info][gc,stats]       Young Pause: Pause Mark Start (Major)                      0.025 / 0.031         0.023 / 0.035         0.023 / 0.035         0.023 / 0.035       ms
[32.421s][info][gc,stats]       Young Pause: Pause Relocate Start                          0.003 / 0.003         0.005 / 0.011         0.005 / 0.011         0.005 / 0.011       ms
[32.421s][info][gc,stats]       Young Phase: Concurrent Mark                              35.286 / 53.143      476.296 / 2376.041    476.296 / 2376.041    476.296 / 2376.041    ms
[32.421s][info][gc,stats]       Young Phase: Concurrent Mark Continue                      0.000 / 0.000         0.000 / 0.000         0.000 / 0.000         0.000 / 0.000       ms
[32.421s][info][gc,stats]       Young Phase: Concurrent Mark Free                          0.001 / 0.001         0.004 / 0.010         0.004 / 0.010         0.004 / 0.010       ms
[32.421s][info][gc,stats]       Young Phase: Concurrent Relocate                           0.040 / 0.043        48.041 / 211.743      48.041 / 211.743      48.041 / 211.743     ms
[32.421s][info][gc,stats]       Young Phase: Concurrent Reset Relocation Set               0.000 / 0.000         0.085 / 0.494         0.085 / 0.494         0.085 / 0.494       ms
[32.421s][info][gc,stats]       Young Phase: Concurrent Select Relocation Set              0.137 / 0.140        37.489 / 185.747      37.489 / 185.747      37.489 / 185.747     ms
[32.421s][info][gc,stats]    Young Subphase: Concurrent Mark Follow                       34.668 / 52.518      475.577 / 2374.984    475.577 / 2374.984    475.577 / 2374.984    ms
[32.421s][info][gc,stats]    Young Subphase: Concurrent Mark Root Colored                  0.242 / 0.258         0.379 / 0.691         0.379 / 0.691         0.379 / 0.691       ms
[32.421s][info][gc,stats]    Young Subphase: Concurrent Mark Root Uncolored                0.305 / 0.318         0.273 / 0.343         0.273 / 0.343         0.273 / 0.343       ms
[32.421s][info][gc,stats]    Young Subphase: Concurrent Mark Roots                         0.616 / 0.623         0.717 / 1.055         0.717 / 1.055         0.717 / 1.055       ms
[32.421s][info][gc,stats]    Young Subphase: Concurrent Relocate Remset FP                 0.016 / 0.018        47.428 / 211.702      47.428 / 211.702      47.428 / 211.702     ms
[32.421s][info][gc,stats]    Young Subphase: Concurrent Roots ClassLoaderDataGraph         0.181 / 0.185         0.282 / 0.569         0.282 / 0.569         0.282 / 0.569       ms
[32.421s][info][gc,stats]    Young Subphase: Concurrent Roots CodeCache                    0.258 / 0.268         0.246 / 0.293         0.246 / 0.293         0.246 / 0.293       ms
[32.421s][info][gc,stats]    Young Subphase: Concurrent Roots JavaThreads                  0.024 / 0.080         0.024 / 0.233         0.024 / 0.233         0.024 / 0.233       ms
[32.421s][info][gc,stats]    Young Subphase: Concurrent Roots OopStorageSet                0.012 / 0.025         0.021 / 0.088         0.021 / 0.088         0.021 / 0.088       ms
[32.421s][info][gc,stats]    Young Subphase: Concurrent Weak Roots OopStorageSet           0.052 / 0.058         0.100 / 0.232         0.100 / 0.232         0.100 / 0.232       ms
[32.421s][info][gc,stats] =========================================================================================================================================================
