
=== Instance 3/8, outer iteration 3/8 (Variant clear_path_only) ===

Affinity: allowed=24,25,26,27,28,29,30,31,32,33,34,35 jvm=24,25,26,27,28,29,30,31,32,33 aux=34,35
Benchmark args: 146800180
Command: /gorilla/home/fredrha/SimplifyingWeakRefs/build/variant-images/clear_path_only-linux-x86_64-server-release/jdk/bin/java -Xms160g -Xmx160g -XX:+UseZGC -Xlog:gc+stats,gc+ref -XX:InitialTenuringThreshold=1 -XX:MaxTenuringThreshold=1 -XX:ZCollectionIntervalMajor=0.5 -XX:+ZCollectionIntervalOnly -XX:NativeMemoryTracking=summary /gorilla/home/fredrha/SimplifyingWeakRefs/test/weakrefs/WeakRefMultiObjectBenchmark.java 146800180

[0.004s][warning][gc] ***** WARNING! INCORRECT SYSTEM CONFIGURATION DETECTED! *****
[0.004s][warning][gc] The system limit on number of memory mappings per process might be too low for the given
[0.004s][warning][gc] max Java heap size (163840M). Please adjust /proc/sys/vm/max_map_count to allow for at
[0.004s][warning][gc] least 294912 mappings (current limit is 65530). Continuing execution with the current
[0.004s][warning][gc] limit could lead to a premature OutOfMemoryError being thrown, due to failure to map memory.
[0.004s][info   ][gc,ref] Reference Processor created, Config: Optimised clear path
[40.154s][info   ][gc,ref] GC(0) O:                           Encountered       Discovered Cleared/Enqueued 
[40.154s][info   ][gc,ref] GC(0) O: Soft References:                    0                0                0 
[40.154s][info   ][gc,ref] GC(0) O: Weak References:                    0                0                0 
[40.154s][info   ][gc,ref] GC(0) O: Weak (No Queue):                    0                0                0 
[40.154s][info   ][gc,ref] GC(0) O: Final References:                   0                0                0 
[40.154s][info   ][gc,ref] GC(0) O: Phantom References:                 0                0                0 
[40.672s][info   ][gc,ref] GC(1) O:                           Encountered       Discovered Cleared/Enqueued 
[40.672s][info   ][gc,ref] GC(1) O: Soft References:                  148                0                0 
[40.672s][info   ][gc,ref] GC(1) O: Weak References:                  605                0                0 
[40.672s][info   ][gc,ref] GC(1) O: Weak (No Queue):                    3                0                0 
[40.672s][info   ][gc,ref] GC(1) O: Final References:                   0                0                0 
[40.672s][info   ][gc,ref] GC(1) O: Phantom References:                 1                0                0 
[41.188s][info   ][gc,ref] GC(2) O:                           Encountered       Discovered Cleared/Enqueued 
[41.188s][info   ][gc,ref] GC(2) O: Soft References:                  148                0                0 
[41.188s][info   ][gc,ref] GC(2) O: Weak References:                  605                0                0 
[41.188s][info   ][gc,ref] GC(2) O: Weak (No Queue):                    3                0                0 
[41.188s][info   ][gc,ref] GC(2) O: Final References:                   0                0                0 
[41.188s][info   ][gc,ref] GC(2) O: Phantom References:                 1                0                0 
[41.698s][info   ][gc,ref] GC(3) O:                           Encountered       Discovered Cleared/Enqueued 
[41.698s][info   ][gc,ref] GC(3) O: Soft References:                  148                0                0 
[41.698s][info   ][gc,ref] GC(3) O: Weak References:                  605              223              130 
[41.698s][info   ][gc,ref] GC(3) O: Weak (No Queue):                    3                3                0 
[41.698s][info   ][gc,ref] GC(3) O: Final References:                   0                0                0 
[41.698s][info   ][gc,ref] GC(3) O: Phantom References:                 1                1                0 
WeakRefMultiObjectBenchmark: objects=146800180 minSize=509 maxSize=1097 sleepMillis=3000
[42.222s][info   ][gc,ref] GC(4) O:                           Encountered       Discovered Cleared/Enqueued 
[42.222s][info   ][gc,ref] GC(4) O: Soft References:                  238                0                0 
[42.222s][info   ][gc,ref] GC(4) O: Weak References:                 1201              229                0 
[42.222s][info   ][gc,ref] GC(4) O: Weak (No Queue):                    3                3                0 
[42.222s][info   ][gc,ref] GC(4) O: Final References:                   0                0                0 
[42.222s][info   ][gc,ref] GC(4) O: Phantom References:                 1                1                0 
Phase 1: Allocating references and objects...
[43.709s][info   ][gc,ref] GC(5) O:                           Encountered       Discovered Cleared/Enqueued 
[43.709s][info   ][gc,ref] GC(5) O: Soft References:                  238                0                0 
[43.709s][info   ][gc,ref] GC(5) O: Weak References:                 1201              276                0 
[43.709s][info   ][gc,ref] GC(5) O: Weak (No Queue):                    3                2                0 
[43.709s][info   ][gc,ref] GC(5) O: Final References:                   0                0                0 
[43.709s][info   ][gc,ref] GC(5) O: Phantom References:                 1                1                0 
[45.643s][info   ][gc,ref] GC(6) O:                           Encountered       Discovered Cleared/Enqueued 
[45.643s][info   ][gc,ref] GC(6) O: Soft References:                  238                0                0 
[45.643s][info   ][gc,ref] GC(6) O: Weak References:                 1201              385              201 
[45.643s][info   ][gc,ref] GC(6) O: Weak (No Queue):                    3                3                0 
[45.643s][info   ][gc,ref] GC(6) O: Final References:                   0                0                0 
[45.643s][info   ][gc,ref] GC(6) O: Phantom References:                 1                1                0 
[47.060s][info   ][gc,ref] GC(7) O:                           Encountered       Discovered Cleared/Enqueued 
[47.060s][info   ][gc,ref] GC(7) O: Soft References:                  238                0                0 
[47.060s][info   ][gc,ref] GC(7) O: Weak References:                 1000              892                0 
[47.060s][info   ][gc,ref] GC(7) O: Weak (No Queue):                    3                3                0 
[47.060s][info   ][gc,ref] GC(7) O: Final References:                   0                0                0 
[47.060s][info   ][gc,ref] GC(7) O: Phantom References:                 1                1                0 
[48.475s][info   ][gc,ref] GC(8) O:                           Encountered       Discovered Cleared/Enqueued 
[48.475s][info   ][gc,ref] GC(8) O: Soft References:                  238                0                0 
[48.475s][info   ][gc,ref] GC(8) O: Weak References:                 1000              822                0 
[48.475s][info   ][gc,ref] GC(8) O: Weak (No Queue):                    3                0                0 
[48.475s][info   ][gc,ref] GC(8) O: Final References:                   0                0                0 
[48.475s][info   ][gc,ref] GC(8) O: Phantom References:                 1                1                0 
[49.888s][info   ][gc,ref] GC(9) O:                           Encountered       Discovered Cleared/Enqueued 
[49.888s][info   ][gc,ref] GC(9) O: Soft References:                  238                0                0 
[49.888s][info   ][gc,ref] GC(9) O: Weak References:                 1000              770                0 
[49.888s][info   ][gc,ref] GC(9) O: Weak (No Queue):                    3                1                0 
[49.888s][info   ][gc,ref] GC(9) O: Final References:                   0                0                0 
[49.888s][info   ][gc,ref] GC(9) O: Phantom References:                 1                0                0 
[51.740s][info   ][gc,ref] GC(10) O:                           Encountered       Discovered Cleared/Enqueued 
[51.740s][info   ][gc,ref] GC(10) O: Soft References:                  238                0                0 
[51.740s][info   ][gc,ref] GC(10) O: Weak References:                 1000              858                0 
[51.740s][info   ][gc,ref] GC(10) O: Weak (No Queue):               821212                3                0 
[51.740s][info   ][gc,ref] GC(10) O: Final References:                   0                0                0 
[51.740s][info   ][gc,ref] GC(10) O: Phantom References:                 1                1                0 
[55.394s][info   ][gc,ref] GC(11) O:                           Encountered       Discovered Cleared/Enqueued 
[55.394s][info   ][gc,ref] GC(11) O: Soft References:                  238                0                0 
[55.394s][info   ][gc,ref] GC(11) O: Weak References:                 1000              858                0 
[55.394s][info   ][gc,ref] GC(11) O: Weak (No Queue):              4328731                3                0 
[55.394s][info   ][gc,ref] GC(11) O: Final References:                   0                0                0 
[55.394s][info   ][gc,ref] GC(11) O: Phantom References:                 1                1                0 
[63.402s][info   ][gc,ref] GC(12) O:                           Encountered       Discovered Cleared/Enqueued 
[63.402s][info   ][gc,ref] GC(12) O: Soft References:                  238                0                0 
[63.402s][info   ][gc,ref] GC(12) O: Weak References:                 1000              868                0 
[63.402s][info   ][gc,ref] GC(12) O: Weak (No Queue):             11145190                3                0 
[63.402s][info   ][gc,ref] GC(12) O: Final References:                   0                0                0 
[63.402s][info   ][gc,ref] GC(12) O: Phantom References:                 1                1                0 
[82.777s][info   ][gc,ref] GC(13) O:                           Encountered       Discovered Cleared/Enqueued 
[82.777s][info   ][gc,ref] GC(13) O: Soft References:                  238                0                0 
[82.777s][info   ][gc,ref] GC(13) O: Weak References:                 1000              879                0 
[82.777s][info   ][gc,ref] GC(13) O: Weak (No Queue):             26187828                3                0 
[82.777s][info   ][gc,ref] GC(13) O: Final References:                   0                0                0 
[82.777s][info   ][gc,ref] GC(13) O: Phantom References:                 1                1                0 
[124.768s][info   ][gc,ref] GC(14) O:                           Encountered       Discovered Cleared/Enqueued 
[124.768s][info   ][gc,ref] GC(14) O: Soft References:                  238                0                0 
[124.768s][info   ][gc,ref] GC(14) O: Weak References:                 1000              923                0 
[124.768s][info   ][gc,ref] GC(14) O: Weak (No Queue):             61776935                3                0 
[124.768s][info   ][gc,ref] GC(14) O: Final References:                   0                0                0 
[124.768s][info   ][gc,ref] GC(14) O: Phantom References:                 1                1                0 
Allocated 146800180 objects in 86.46 seconds
Phase 2: Sleeping for 3000 ms...
Phase 3.1: Clearing strong references...
Cleared 29360037 strong references, 117440143 remaining
Waiting 3000 ms...
Phase 3.2: Clearing strong references...
Cleared 29360037 strong references, 88080106 remaining
Waiting 3000 ms...
Phase 3.3: Clearing strong references...
Cleared 29360037 strong references, 58720069 remaining
Waiting 3000 ms...
Phase 3.4: Clearing strong references...
Cleared 29360037 strong references, 29360032 remaining
Waiting 3000 ms...
Phase 3.5: Clearing strong references...
Cleared 29360032 strong references, 0 remaining
Waiting 3000 ms...
Waiting 6000 ms...
Phase 4: Final weak reference checks...
[199.829s][info   ][gc,ref] GC(15) O:                           Encountered       Discovered Cleared/Enqueued 
[199.829s][info   ][gc,ref] GC(15) O: Soft References:                  238                0                0 
[199.829s][info   ][gc,ref] GC(15) O: Weak References:                 1000              915                0 
[199.829s][info   ][gc,ref] GC(15) O: Weak (No Queue):            139341747         26187316                0 
[199.829s][info   ][gc,ref] GC(15) O: Final References:                   0                0                0 
[199.829s][info   ][gc,ref] GC(15) O: Phantom References:                 1                1                0 
Final count of alive weak references: 146800180
[219.269s][info   ][gc,stats] === Garbage Collection Statistics =======================================================================================================================
[219.269s][info   ][gc,stats]                                                              Last 10s              Last 10m              Last 10h                Total
[219.269s][info   ][gc,stats]                                                              Avg / Max             Avg / Max             Avg / Max             Avg / Max
[219.269s][info   ][gc,stats]        Contention: Mark Segment Reset Contention                     0 / 0                 0 / 15                0 / 15                0 / 15          ops/s
[219.269s][info   ][gc,stats]        Contention: Mark SeqNum Reset Contention                      0 / 0                 0 / 3                 0 / 3                 0 / 3           ops/s
[219.269s][info   ][gc,stats]          Critical: Allocation Stall                                  0 / 0                 0 / 0                 0 / 0                 0 / 0           ops/s
[219.269s][info   ][gc,stats]          Critical: Allocation Stall                              0.000 / 0.000         0.000 / 0.000         0.000 / 0.000         0.000 / 0.000       ms
[219.269s][info   ][gc,stats]          Critical: JNI Critical Stall                                0 / 0                 0 / 0                 0 / 0                 0 / 0           ops/s
[219.269s][info   ][gc,stats]          Critical: JNI Critical Stall                            0.000 / 0.000         0.000 / 0.000         0.000 / 0.000         0.000 / 0.000       ms
[219.269s][info   ][gc,stats]          Critical: Relocation Stall                                  0 / 0                 0 / 0                 0 / 0                 0 / 0           ops/s
[219.269s][info   ][gc,stats]          Critical: Relocation Stall                              0.000 / 0.000         0.000 / 0.000         0.000 / 0.000         0.000 / 0.000       ms
[219.269s][info   ][gc,stats]  Major Collection: Major Collection                              0.000 / 0.000      9507.314 / 74556.857  9507.314 / 74556.857  9507.314 / 74556.857   ms
[219.269s][info   ][gc,stats]            Memory: Allocation Rate                                   0 / 0               742 / 1714            742 / 1714            742 / 1714        MB/s
[219.269s][info   ][gc,stats]            Memory: Defragment                                        0 / 0                 0 / 0                 0 / 0                 0 / 0           ops/s
[219.269s][info   ][gc,stats]            Memory: Mapped Cache Harvest                              0 / 0                 0 / 0                 0 / 0                 0 / 0           MB/s
[219.269s][info   ][gc,stats]            Memory: Out Of Memory                                     0 / 0                 0 / 0                 0 / 0                 0 / 0           ops/s
[219.269s][info   ][gc,stats]            Memory: Uncommit                                          0 / 0                 0 / 0                 0 / 0                 0 / 0           MB/s
[219.269s][info   ][gc,stats]            Memory: Undo Object Allocation Failed                     0 / 0                 0 / 0                 0 / 0                 0 / 0           ops/s
[219.269s][info   ][gc,stats]            Memory: Undo Object Allocation Succeeded                  0 / 0                 0 / 1                 0 / 1                 0 / 1           ops/s
[219.269s][info   ][gc,stats]            Memory: Undo Page Allocation                              0 / 0                 0 / 0                 0 / 0                 0 / 0           ops/s
[219.269s][info   ][gc,stats]  Minor Collection: Minor Collection                              0.000 / 0.000         0.000 / 0.000         0.000 / 0.000         0.000 / 0.000       ms
[219.269s][info   ][gc,stats]    Old Generation: Old Generation                                0.000 / 0.000      3423.474 / 18902.698  3423.474 / 18902.698  3423.474 / 18902.698   ms
[219.269s][info   ][gc,stats]         Old Pause: Pause Mark End                                0.000 / 0.000         0.010 / 0.015         0.010 / 0.015         0.010 / 0.015       ms
[219.269s][info   ][gc,stats]         Old Pause: Pause Relocate Start                          0.000 / 0.000         0.007 / 0.017         0.007 / 0.017         0.007 / 0.017       ms
[219.269s][info   ][gc,stats]         Old Phase: Concurrent Mark                               0.000 / 0.000      3023.555 / 17803.607  3023.555 / 17803.607  3023.555 / 17803.607   ms
[219.269s][info   ][gc,stats]         Old Phase: Concurrent Mark Continue                      0.000 / 0.000         0.000 / 0.000         0.000 / 0.000         0.000 / 0.000       ms
[219.269s][info   ][gc,stats]         Old Phase: Concurrent Mark Free                          0.000 / 0.000         0.004 / 0.008         0.004 / 0.008         0.004 / 0.008       ms
[219.269s][info   ][gc,stats]         Old Phase: Concurrent Process Non-Strong                 0.000 / 0.000       193.843 / 3081.801    193.843 / 3081.801    193.843 / 3081.801    ms
[219.269s][info   ][gc,stats]         Old Phase: Concurrent Relocate                           0.000 / 0.000         1.303 / 7.553         1.303 / 7.553         1.303 / 7.553       ms
[219.269s][info   ][gc,stats]         Old Phase: Concurrent Remap Roots                        0.000 / 0.000       191.067 / 1094.935    191.067 / 1094.935    191.067 / 1094.935    ms
[219.269s][info   ][gc,stats]         Old Phase: Concurrent Reset Relocation Set               0.000 / 0.000         0.001 / 0.001         0.001 / 0.001         0.001 / 0.001       ms
[219.269s][info   ][gc,stats]         Old Phase: Concurrent Select Relocation Set              0.000 / 0.000         1.861 / 2.716         1.861 / 2.716         1.861 / 2.716       ms
[219.269s][info   ][gc,stats]      Old Subphase: Concurrent Classes Purge                      0.000 / 0.000         0.127 / 1.453         0.127 / 1.453         0.127 / 1.453       ms
[219.269s][info   ][gc,stats]      Old Subphase: Concurrent Classes Unlink                     0.000 / 0.000         1.015 / 1.437         1.015 / 1.437         1.015 / 1.437       ms
[219.269s][info   ][gc,stats]      Old Subphase: Concurrent Mark Follow                        0.000 / 0.000      3023.472 / 17803.529  3023.472 / 17803.529  3023.472 / 17803.529   ms
[219.269s][info   ][gc,stats]      Old Subphase: Concurrent Mark Root Colored                  0.000 / 0.000         0.025 / 0.073         0.025 / 0.073         0.025 / 0.073       ms
[219.269s][info   ][gc,stats]      Old Subphase: Concurrent Mark Root Uncolored                0.000 / 0.000         0.024 / 0.061         0.024 / 0.061         0.024 / 0.061       ms
[219.269s][info   ][gc,stats]      Old Subphase: Concurrent Mark Roots                         0.000 / 0.000         0.081 / 0.132         0.081 / 0.132         0.081 / 0.132       ms
[219.269s][info   ][gc,stats]      Old Subphase: Concurrent References Enqueue                 0.000 / 0.000         0.001 / 0.004         0.001 / 0.004         0.001 / 0.004       ms
[219.269s][info   ][gc,stats]      Old Subphase: Concurrent References Process                 0.000 / 0.000       192.513 / 3078.957    192.513 / 3078.957    192.513 / 3078.957    ms
[219.269s][info   ][gc,stats]      Old Subphase: Concurrent Remap Remembered                   0.000 / 0.000       132.640 / 1094.615    132.640 / 1094.615    132.640 / 1094.615    ms
[219.269s][info   ][gc,stats]      Old Subphase: Concurrent Remap Roots Colored                0.000 / 0.000         0.128 / 0.267         0.128 / 0.267         0.128 / 0.267       ms
[219.270s][info   ][gc,stats]      Old Subphase: Concurrent Remap Roots Uncolored              0.000 / 0.000         0.147 / 0.271         0.147 / 0.271         0.147 / 0.271       ms
[219.270s][info   ][gc,stats]      Old Subphase: Concurrent Roots ClassLoaderDataGraph         0.000 / 0.000         0.076 / 0.258         0.076 / 0.258         0.076 / 0.258       ms
[219.270s][info   ][gc,stats]      Old Subphase: Concurrent Roots CodeCache                    0.000 / 0.000         0.145 / 0.268         0.145 / 0.268         0.145 / 0.268       ms
[219.270s][info   ][gc,stats]      Old Subphase: Concurrent Roots JavaThreads                  0.000 / 0.000         0.008 / 0.060         0.008 / 0.060         0.008 / 0.060       ms
[219.270s][info   ][gc,stats]      Old Subphase: Concurrent Roots OopStorageSet                0.000 / 0.000         0.003 / 0.017         0.003 / 0.017         0.003 / 0.017       ms
[219.270s][info   ][gc,stats]      Old Subphase: Concurrent Weak Roots OopStorageSet           0.000 / 0.000         0.049 / 0.266         0.049 / 0.266         0.049 / 0.266       ms
[219.270s][info   ][gc,stats]            System: Java Threads                                      0 / 0                11 / 13               11 / 13               11 / 13          threads
[219.270s][info   ][gc,stats]  Young Generation: Young Generation                              0.000 / 0.000      6083.738 / 55689.387  6083.738 / 55689.387  6083.738 / 55689.387   ms
[219.270s][info   ][gc,stats]  Young Generation: Young Generation                              0.000 / 0.000         0.000 / 0.000         0.000 / 0.000         0.000 / 0.000       ms
[219.270s][info   ][gc,stats]  Young Generation: Young Generation (Collect Roots)              0.000 / 0.000         0.000 / 0.000         0.000 / 0.000         0.000 / 0.000       ms
[219.270s][info   ][gc,stats]  Young Generation: Young Generation (Promote All)                0.000 / 0.000         0.000 / 0.000         0.000 / 0.000         0.000 / 0.000       ms
[219.270s][info   ][gc,stats]       Young Pause: Pause Mark End                                0.000 / 0.000         0.010 / 0.014         0.010 / 0.014         0.010 / 0.014       ms
[219.270s][info   ][gc,stats]       Young Pause: Pause Mark Start                              0.000 / 0.000         0.000 / 0.000         0.000 / 0.000         0.000 / 0.000       ms
[219.270s][info   ][gc,stats]       Young Pause: Pause Mark Start (Major)                      0.000 / 0.000         0.021 / 0.034         0.021 / 0.034         0.021 / 0.034       ms
[219.270s][info   ][gc,stats]       Young Pause: Pause Relocate Start                          0.000 / 0.000         0.007 / 0.015         0.007 / 0.015         0.007 / 0.015       ms
[219.270s][info   ][gc,stats]       Young Phase: Concurrent Mark                               0.000 / 0.000      5517.926 / 51544.285  5517.926 / 51544.285  5517.926 / 51544.285   ms
[219.270s][info   ][gc,stats]       Young Phase: Concurrent Mark Continue                      0.000 / 0.000         0.000 / 0.000         0.000 / 0.000         0.000 / 0.000       ms
[219.270s][info   ][gc,stats]       Young Phase: Concurrent Mark Free                          0.000 / 0.000         0.004 / 0.008         0.004 / 0.008         0.004 / 0.008       ms
[219.270s][info   ][gc,stats]       Young Phase: Concurrent Relocate                           0.000 / 0.000       305.060 / 2196.621    305.060 / 2196.621    305.060 / 2196.621    ms
[219.270s][info   ][gc,stats]       Young Phase: Concurrent Reset Relocation Set               0.000 / 0.000         0.289 / 3.120         0.289 / 3.120         0.289 / 3.120       ms
[219.270s][info   ][gc,stats]       Young Phase: Concurrent Select Relocation Set              0.000 / 0.000       260.107 / 1945.043    260.107 / 1945.043    260.107 / 1945.043    ms
[219.270s][info   ][gc,stats]    Young Subphase: Concurrent Mark Follow                        0.000 / 0.000      5517.182 / 51543.698  5517.182 / 51543.698  5517.182 / 51543.698   ms
[219.270s][info   ][gc,stats]    Young Subphase: Concurrent Mark Root Colored                  0.000 / 0.000         0.390 / 0.908         0.390 / 0.908         0.390 / 0.908       ms
[219.270s][info   ][gc,stats]    Young Subphase: Concurrent Mark Root Uncolored                0.000 / 0.000         0.267 / 0.460         0.267 / 0.460         0.267 / 0.460       ms
[219.270s][info   ][gc,stats]    Young Subphase: Concurrent Mark Roots                         0.000 / 0.000         0.719 / 1.234         0.719 / 1.234         0.719 / 1.234       ms
[219.270s][info   ][gc,stats]    Young Subphase: Concurrent Relocate Remset FP                 0.000 / 0.000       304.526 / 2196.587    304.526 / 2196.587    304.526 / 2196.587    ms
[219.270s][info   ][gc,stats]    Young Subphase: Concurrent Roots ClassLoaderDataGraph         0.000 / 0.000         0.275 / 0.638         0.275 / 0.638         0.275 / 0.638       ms
[219.270s][info   ][gc,stats]    Young Subphase: Concurrent Roots CodeCache                    0.000 / 0.000         0.249 / 0.429         0.249 / 0.429         0.249 / 0.429       ms
[219.270s][info   ][gc,stats]    Young Subphase: Concurrent Roots JavaThreads                  0.000 / 0.000         0.017 / 0.282         0.017 / 0.282         0.017 / 0.282       ms
[219.270s][info   ][gc,stats]    Young Subphase: Concurrent Roots OopStorageSet                0.000 / 0.000         0.012 / 0.092         0.012 / 0.092         0.012 / 0.092       ms
[219.270s][info   ][gc,stats]    Young Subphase: Concurrent Weak Roots OopStorageSet           0.000 / 0.000         0.102 / 0.245         0.102 / 0.245         0.102 / 0.245       ms
[219.270s][info   ][gc,stats] =========================================================================================================================================================
