
=== Instance 5/8, outer iteration 5/8 (Variant clear_path_dyn) ===

Affinity: allowed=0,1,2,3,4,5,6,7,8,9,10,11 jvm=0,1,2,3,4,5,6,7,8,9 aux=10,11
Benchmark args: 146800180
Command: /gorilla/home/fredrha/SimplifyingWeakRefs/build/variant-images/clear_path_dyn-linux-x86_64-server-release/jdk/bin/java -Xms160g -Xmx160g -XX:+UseZGC -Xlog:gc+stats,gc+ref -XX:InitialTenuringThreshold=1 -XX:MaxTenuringThreshold=1 -XX:ZCollectionIntervalMajor=0.5 -XX:+ZCollectionIntervalOnly -XX:NativeMemoryTracking=summary /gorilla/home/fredrha/SimplifyingWeakRefs/test/weakrefs/WeakRefMultiObjectBenchmark.java 146800180

[0.005s][warning][gc] ***** WARNING! INCORRECT SYSTEM CONFIGURATION DETECTED! *****
[0.005s][warning][gc] The system limit on number of memory mappings per process might be too low for the given
[0.005s][warning][gc] max Java heap size (163840M). Please adjust /proc/sys/vm/max_map_count to allow for at
[0.005s][warning][gc] least 294912 mappings (current limit is 65530). Continuing execution with the current
[0.005s][warning][gc] limit could lead to a premature OutOfMemoryError being thrown, due to failure to map memory.
[0.006s][info   ][gc,ref] Reference Processor created, Config: Optimised clear path, dynamic array
[40.710s][info   ][gc,ref] GC(0) O:                           Encountered       Discovered Cleared/Enqueued 
[40.710s][info   ][gc,ref] GC(0) O: Soft References:                    0                0                0 
[40.710s][info   ][gc,ref] GC(0) O: Weak References:                    2                0                0 
[40.710s][info   ][gc,ref] GC(0) O: Weak (No Queue):                    0                0                0 
[40.710s][info   ][gc,ref] GC(0) O: Final References:                   0                0                0 
[40.710s][info   ][gc,ref] GC(0) O: Phantom References:                 0                0                0 
[41.226s][info   ][gc,ref] GC(1) O:                           Encountered       Discovered Cleared/Enqueued 
[41.226s][info   ][gc,ref] GC(1) O: Soft References:                  148                0                0 
[41.226s][info   ][gc,ref] GC(1) O: Weak References:                  605                0                0 
[41.226s][info   ][gc,ref] GC(1) O: Weak (No Queue):                    3                0                0 
[41.226s][info   ][gc,ref] GC(1) O: Final References:                   0                0                0 
[41.226s][info   ][gc,ref] GC(1) O: Phantom References:                 1                0                0 
[41.741s][info   ][gc,ref] GC(2) O:                           Encountered       Discovered Cleared/Enqueued 
[41.741s][info   ][gc,ref] GC(2) O: Soft References:                  148                0                0 
[41.741s][info   ][gc,ref] GC(2) O: Weak References:                  605                0                0 
[41.741s][info   ][gc,ref] GC(2) O: Weak (No Queue):                    3                2                0 
[41.741s][info   ][gc,ref] GC(2) O: Final References:                   0                0                0 
[41.741s][info   ][gc,ref] GC(2) O: Phantom References:                 1                0                0 
[42.262s][info   ][gc,ref] GC(3) O:                           Encountered       Discovered Cleared/Enqueued 
[42.262s][info   ][gc,ref] GC(3) O: Soft References:                  220                0                0 
[42.262s][info   ][gc,ref] GC(3) O: Weak References:                 1273              406              129 
[42.262s][info   ][gc,ref] GC(3) O: Weak (No Queue):                   67                2                0 
[42.262s][info   ][gc,ref] GC(3) O: Final References:                   0                0                0 
[42.262s][info   ][gc,ref] GC(3) O: Phantom References:                 1                1                0 
WeakRefMultiObjectBenchmark: objects=146800180 minSize=509 maxSize=1097 sleepMillis=3000
[42.879s][info   ][gc,ref] GC(4) O:                           Encountered       Discovered Cleared/Enqueued 
[42.879s][info   ][gc,ref] GC(4) O: Soft References:                  238                0                0 
[42.879s][info   ][gc,ref] GC(4) O: Weak References:                 1201              234                0 
[42.879s][info   ][gc,ref] GC(4) O: Weak (No Queue):                    3                3                0 
[42.879s][info   ][gc,ref] GC(4) O: Final References:                   0                0                0 
[42.879s][info   ][gc,ref] GC(4) O: Phantom References:                 1                1                0 
Phase 1: Allocating references and objects...
[44.462s][info   ][gc,ref] GC(5) O:                           Encountered       Discovered Cleared/Enqueued 
[44.463s][info   ][gc,ref] GC(5) O: Soft References:                  238                0                0 
[44.463s][info   ][gc,ref] GC(5) O: Weak References:                 1201             1002              170 
[44.463s][info   ][gc,ref] GC(5) O: Weak (No Queue):                    3                3                0 
[44.463s][info   ][gc,ref] GC(5) O: Final References:                   0                0                0 
[44.463s][info   ][gc,ref] GC(5) O: Phantom References:                 1                1                0 
[45.878s][info   ][gc,ref] GC(6) O:                           Encountered       Discovered Cleared/Enqueued 
[45.878s][info   ][gc,ref] GC(6) O: Soft References:                  238                0                0 
[45.878s][info   ][gc,ref] GC(6) O: Weak References:                 1031              347               31 
[45.878s][info   ][gc,ref] GC(6) O: Weak (No Queue):                    3                0                0 
[45.878s][info   ][gc,ref] GC(6) O: Final References:                   0                0                0 
[45.878s][info   ][gc,ref] GC(6) O: Phantom References:                 1                1                0 
[47.292s][info   ][gc,ref] GC(7) O:                           Encountered       Discovered Cleared/Enqueued 
[47.292s][info   ][gc,ref] GC(7) O: Soft References:                  238                0                0 
[47.292s][info   ][gc,ref] GC(7) O: Weak References:                 1000              393                0 
[47.292s][info   ][gc,ref] GC(7) O: Weak (No Queue):                    3                0                0 
[47.292s][info   ][gc,ref] GC(7) O: Final References:                   0                0                0 
[47.292s][info   ][gc,ref] GC(7) O: Phantom References:                 1                1                0 
[48.699s][info   ][gc,ref] GC(8) O:                           Encountered       Discovered Cleared/Enqueued 
[48.699s][info   ][gc,ref] GC(8) O: Soft References:                  238                0                0 
[48.699s][info   ][gc,ref] GC(8) O: Weak References:                 1000              638                0 
[48.699s][info   ][gc,ref] GC(8) O: Weak (No Queue):                    3                0                0 
[48.699s][info   ][gc,ref] GC(8) O: Final References:                   0                0                0 
[48.699s][info   ][gc,ref] GC(8) O: Phantom References:                 1                0                0 
[49.699s][info   ][gc,ref] GC(9) O:                           Encountered       Discovered Cleared/Enqueued 
[49.699s][info   ][gc,ref] GC(9) O: Soft References:                  238                0                0 
[49.699s][info   ][gc,ref] GC(9) O: Weak References:                 1000              813                0 
[49.699s][info   ][gc,ref] GC(9) O: Weak (No Queue):                    3                3                0 
[49.699s][info   ][gc,ref] GC(9) O: Final References:                   0                0                0 
[49.699s][info   ][gc,ref] GC(9) O: Phantom References:                 1                1                0 
[51.376s][info   ][gc,ref] GC(10) O:                           Encountered       Discovered Cleared/Enqueued 
[51.376s][info   ][gc,ref] GC(10) O: Soft References:                  238                0                0 
[51.376s][info   ][gc,ref] GC(10) O: Weak References:                 1000              488                0 
[51.376s][info   ][gc,ref] GC(10) O: Weak (No Queue):               532621                1                0 
[51.376s][info   ][gc,ref] GC(10) O: Final References:                   0                0                0 
[51.376s][info   ][gc,ref] GC(10) O: Phantom References:                 1                1                0 
[54.470s][info   ][gc,ref] GC(11) O:                           Encountered       Discovered Cleared/Enqueued 
[54.470s][info   ][gc,ref] GC(11) O: Soft References:                  238                0                0 
[54.470s][info   ][gc,ref] GC(11) O: Weak References:                 1000              234                0 
[54.470s][info   ][gc,ref] GC(11) O: Weak (No Queue):              3597355                3                0 
[54.470s][info   ][gc,ref] GC(11) O: Final References:                   0                0                0 
[54.470s][info   ][gc,ref] GC(11) O: Phantom References:                 1                1                0 
[60.964s][info   ][gc,ref] GC(12) O:                           Encountered       Discovered Cleared/Enqueued 
[60.964s][info   ][gc,ref] GC(12) O: Soft References:                  238                0                0 
[60.964s][info   ][gc,ref] GC(12) O: Weak References:                 1000              231                0 
[60.964s][info   ][gc,ref] GC(12) O: Weak (No Queue):              9264525                2                0 
[60.964s][info   ][gc,ref] GC(12) O: Final References:                   0                0                0 
[60.964s][info   ][gc,ref] GC(12) O: Phantom References:                 1                1                0 
[77.281s][info   ][gc,ref] GC(13) O:                           Encountered       Discovered Cleared/Enqueued 
[77.281s][info   ][gc,ref] GC(13) O: Soft References:                  238                0                0 
[77.281s][info   ][gc,ref] GC(13) O: Weak References:                 1000              277                0 
[77.281s][info   ][gc,ref] GC(13) O: Weak (No Queue):             21116291          3597300                0 
[77.281s][info   ][gc,ref] GC(13) O: Final References:                   0                0                0 
[77.281s][info   ][gc,ref] GC(13) O: Phantom References:                 1                1                0 
[114.235s][info   ][gc,ref] GC(14) O:                           Encountered       Discovered Cleared/Enqueued 
[114.235s][info   ][gc,ref] GC(14) O: Soft References:                  238                0                0 
[114.235s][info   ][gc,ref] GC(14) O: Weak References:                 1000              112                0 
[114.235s][info   ][gc,ref] GC(14) O: Weak (No Queue):             50411145                2                0 
[114.235s][info   ][gc,ref] GC(14) O: Final References:                   0                0                0 
[114.235s][info   ][gc,ref] GC(14) O: Phantom References:                 1                1                0 
Allocated 146800180 objects in 88.34 seconds
Phase 2: Sleeping for 3000 ms...
Phase 3.1: Clearing strong references...
Cleared 29360037 strong references, 117440143 remaining
Waiting 3000 ms...
Phase 3.2: Clearing strong references...
Cleared 29360037 strong references, 88080106 remaining
Waiting 3000 ms...
Phase 3.3: Clearing strong references...
Cleared 29360037 strong references, 58720069 remaining
Waiting 3000 ms...
Phase 3.4: Clearing strong references...
Cleared 29360037 strong references, 29360032 remaining
Waiting 3000 ms...
Phase 3.5: Clearing strong references...
Cleared 29360032 strong references, 0 remaining
Waiting 3000 ms...
Waiting 6000 ms...
Phase 4: Final weak reference checks...
[179.542s][info   ][gc,ref] GC(15) O:                           Encountered       Discovered Cleared/Enqueued 
[179.542s][info   ][gc,ref] GC(15) O: Soft References:                  238                0                0 
[179.542s][info   ][gc,ref] GC(15) O: Weak References:                 1000              524                0 
[179.542s][info   ][gc,ref] GC(15) O: Weak (No Queue):            117602559         18679795                0 
[179.542s][info   ][gc,ref] GC(15) O: Final References:                   0                0                0 
[179.542s][info   ][gc,ref] GC(15) O: Phantom References:                 1                1                0 
Final count of alive weak references: 146800180
[212.201s][info   ][gc,stats] === Garbage Collection Statistics =======================================================================================================================
[212.201s][info   ][gc,stats]                                                              Last 10s              Last 10m              Last 10h                Total
[212.201s][info   ][gc,stats]                                                              Avg / Max             Avg / Max             Avg / Max             Avg / Max
[212.201s][info   ][gc,stats]        Contention: Mark Segment Reset Contention                     0 / 0                 0 / 15                0 / 15                0 / 15          ops/s
[212.201s][info   ][gc,stats]        Contention: Mark SeqNum Reset Contention                      0 / 0                 0 / 8                 0 / 8                 0 / 8           ops/s
[212.201s][info   ][gc,stats]          Critical: Allocation Stall                                  0 / 0                 0 / 0                 0 / 0                 0 / 0           ops/s
[212.201s][info   ][gc,stats]          Critical: Allocation Stall                              0.000 / 0.000         0.000 / 0.000         0.000 / 0.000         0.000 / 0.000       ms
[212.201s][info   ][gc,stats]          Critical: JNI Critical Stall                                0 / 0                 0 / 0                 0 / 0                 0 / 0           ops/s
[212.201s][info   ][gc,stats]          Critical: JNI Critical Stall                            0.000 / 0.000         0.000 / 0.000         0.000 / 0.000         0.000 / 0.000       ms
[212.201s][info   ][gc,stats]          Critical: Relocation Stall                                  0 / 0                 0 / 0                 0 / 0                 0 / 0           ops/s
[212.201s][info   ][gc,stats]          Critical: Relocation Stall                              0.000 / 0.000         0.000 / 0.000         0.000 / 0.000         0.000 / 0.000       ms
[212.201s][info   ][gc,stats]  Major Collection: Major Collection                              0.000 / 0.000      8203.738 / 64802.264  8203.738 / 64802.264  8203.738 / 64802.264   ms
[212.201s][info   ][gc,stats]            Memory: Allocation Rate                                   0 / 0               777 / 1710            777 / 1710            777 / 1710        MB/s
[212.201s][info   ][gc,stats]            Memory: Defragment                                        0 / 0                 0 / 0                 0 / 0                 0 / 0           ops/s
[212.201s][info   ][gc,stats]            Memory: Mapped Cache Harvest                              0 / 0                 0 / 0                 0 / 0                 0 / 0           MB/s
[212.201s][info   ][gc,stats]            Memory: Out Of Memory                                     0 / 0                 0 / 0                 0 / 0                 0 / 0           ops/s
[212.201s][info   ][gc,stats]            Memory: Uncommit                                          0 / 0                 0 / 0                 0 / 0                 0 / 0           MB/s
[212.201s][info   ][gc,stats]            Memory: Undo Object Allocation Failed                     0 / 0                 0 / 0                 0 / 0                 0 / 0           ops/s
[212.201s][info   ][gc,stats]            Memory: Undo Object Allocation Succeeded                  0 / 0                 0 / 2                 0 / 2                 0 / 2           ops/s
[212.201s][info   ][gc,stats]            Memory: Undo Page Allocation                              0 / 0                 0 / 0                 0 / 0                 0 / 0           ops/s
[212.201s][info   ][gc,stats]  Minor Collection: Minor Collection                              0.000 / 0.000         0.000 / 0.000         0.000 / 0.000         0.000 / 0.000       ms
[212.201s][info   ][gc,stats]    Old Generation: Old Generation                                0.000 / 0.000      2813.495 / 16121.335  2813.495 / 16121.335  2813.495 / 16121.335   ms
[212.201s][info   ][gc,stats]         Old Pause: Pause Mark End                                0.000 / 0.000         0.010 / 0.015         0.010 / 0.015         0.010 / 0.015       ms
[212.201s][info   ][gc,stats]         Old Pause: Pause Relocate Start                          0.000 / 0.000         0.008 / 0.016         0.008 / 0.016         0.008 / 0.016       ms
[212.201s][info   ][gc,stats]         Old Phase: Concurrent Mark                               0.000 / 0.000      2556.644 / 15059.304  2556.644 / 15059.304  2556.644 / 15059.304   ms
[212.201s][info   ][gc,stats]         Old Phase: Concurrent Mark Continue                      0.000 / 0.000         0.000 / 0.000         0.000 / 0.000         0.000 / 0.000       ms
[212.201s][info   ][gc,stats]         Old Phase: Concurrent Mark Free                          0.000 / 0.000         0.003 / 0.007         0.003 / 0.007         0.003 / 0.007       ms
[212.201s][info   ][gc,stats]         Old Phase: Concurrent Process Non-Strong                 0.000 / 0.000        65.300 / 890.628      65.300 / 890.628      65.300 / 890.628     ms
[212.201s][info   ][gc,stats]         Old Phase: Concurrent Relocate                           0.000 / 0.000         1.244 / 2.704         1.244 / 2.704         1.244 / 2.704       ms
[212.201s][info   ][gc,stats]         Old Phase: Concurrent Remap Roots                        0.000 / 0.000       188.328 / 1055.720    188.328 / 1055.720    188.328 / 1055.720    ms
[212.201s][info   ][gc,stats]         Old Phase: Concurrent Reset Relocation Set               0.000 / 0.000         0.001 / 0.001         0.001 / 0.001         0.001 / 0.001       ms
[212.201s][info   ][gc,stats]         Old Phase: Concurrent Select Relocation Set              0.000 / 0.000         1.775 / 2.319         1.775 / 2.319         1.775 / 2.319       ms
[212.201s][info   ][gc,stats]      Old Subphase: Concurrent Classes Purge                      0.000 / 0.000         0.120 / 1.501         0.120 / 1.501         0.120 / 1.501       ms
[212.201s][info   ][gc,stats]      Old Subphase: Concurrent Classes Unlink                     0.000 / 0.000         0.946 / 1.139         0.946 / 1.139         0.946 / 1.139       ms
[212.201s][info   ][gc,stats]      Old Subphase: Concurrent Mark Follow                        0.000 / 0.000      2556.566 / 15059.224  2556.566 / 15059.224  2556.566 / 15059.224   ms
[212.201s][info   ][gc,stats]      Old Subphase: Concurrent Mark Root Colored                  0.000 / 0.000         0.025 / 0.076         0.025 / 0.076         0.025 / 0.076       ms
[212.201s][info   ][gc,stats]      Old Subphase: Concurrent Mark Root Uncolored                0.000 / 0.000         0.025 / 0.100         0.025 / 0.100         0.025 / 0.100       ms
[212.201s][info   ][gc,stats]      Old Subphase: Concurrent Mark Roots                         0.000 / 0.000         0.076 / 0.117         0.076 / 0.117         0.076 / 0.117       ms
[212.201s][info   ][gc,stats]      Old Subphase: Concurrent References Enqueue                 0.000 / 0.000         0.001 / 0.004         0.001 / 0.004         0.001 / 0.004       ms
[212.201s][info   ][gc,stats]      Old Subphase: Concurrent References Process                 0.000 / 0.000        64.068 / 887.633      64.068 / 887.633      64.068 / 887.633     ms
[212.201s][info   ][gc,stats]      Old Subphase: Concurrent Remap Remembered                   0.000 / 0.000       124.489 / 1055.384    124.489 / 1055.384    124.489 / 1055.384    ms
[212.201s][info   ][gc,stats]      Old Subphase: Concurrent Remap Roots Colored                0.000 / 0.000         0.137 / 0.271         0.137 / 0.271         0.137 / 0.271       ms
[212.201s][info   ][gc,stats]      Old Subphase: Concurrent Remap Roots Uncolored              0.000 / 0.000         0.123 / 0.180         0.123 / 0.180         0.123 / 0.180       ms
[212.201s][info   ][gc,stats]      Old Subphase: Concurrent Roots ClassLoaderDataGraph         0.000 / 0.000         0.083 / 0.262         0.083 / 0.262         0.083 / 0.262       ms
[212.201s][info   ][gc,stats]      Old Subphase: Concurrent Roots CodeCache                    0.000 / 0.000         0.125 / 0.179         0.125 / 0.179         0.125 / 0.179       ms
[212.201s][info   ][gc,stats]      Old Subphase: Concurrent Roots JavaThreads                  0.000 / 0.000         0.008 / 0.100         0.008 / 0.100         0.008 / 0.100       ms
[212.201s][info   ][gc,stats]      Old Subphase: Concurrent Roots OopStorageSet                0.000 / 0.000         0.003 / 0.012         0.003 / 0.012         0.003 / 0.012       ms
[212.201s][info   ][gc,stats]      Old Subphase: Concurrent Weak Roots OopStorageSet           0.000 / 0.000         0.044 / 0.129         0.044 / 0.129         0.044 / 0.129       ms
[212.201s][info   ][gc,stats]            System: Java Threads                                      0 / 0                11 / 13               11 / 13               11 / 13          threads
[212.201s][info   ][gc,stats]  Young Generation: Young Generation                              0.000 / 0.000      5390.130 / 50671.103  5390.130 / 50671.103  5390.130 / 50671.103   ms
[212.201s][info   ][gc,stats]  Young Generation: Young Generation                              0.000 / 0.000         0.000 / 0.000         0.000 / 0.000         0.000 / 0.000       ms
[212.201s][info   ][gc,stats]  Young Generation: Young Generation (Collect Roots)              0.000 / 0.000         0.000 / 0.000         0.000 / 0.000         0.000 / 0.000       ms
[212.201s][info   ][gc,stats]  Young Generation: Young Generation (Promote All)                0.000 / 0.000         0.000 / 0.000         0.000 / 0.000         0.000 / 0.000       ms
[212.201s][info   ][gc,stats]       Young Pause: Pause Mark End                                0.000 / 0.000         0.011 / 0.014         0.011 / 0.014         0.011 / 0.014       ms
[212.201s][info   ][gc,stats]       Young Pause: Pause Mark Start                              0.000 / 0.000         0.000 / 0.000         0.000 / 0.000         0.000 / 0.000       ms
[212.201s][info   ][gc,stats]       Young Pause: Pause Mark Start (Major)                      0.000 / 0.000         0.019 / 0.031         0.019 / 0.031         0.019 / 0.031       ms
[212.201s][info   ][gc,stats]       Young Pause: Pause Relocate Start                          0.000 / 0.000         0.006 / 0.013         0.006 / 0.013         0.006 / 0.013       ms
[212.201s][info   ][gc,stats]       Young Phase: Concurrent Mark                               0.000 / 0.000      4960.877 / 47225.843  4960.877 / 47225.843  4960.877 / 47225.843   ms
[212.201s][info   ][gc,stats]       Young Phase: Concurrent Mark Continue                      0.000 / 0.000         0.000 / 0.000         0.000 / 0.000         0.000 / 0.000       ms
[212.201s][info   ][gc,stats]       Young Phase: Concurrent Mark Free                          0.000 / 0.000         0.003 / 0.007         0.003 / 0.007         0.003 / 0.007       ms
[212.201s][info   ][gc,stats]       Young Phase: Concurrent Relocate                           0.000 / 0.000       229.755 / 1825.708    229.755 / 1825.708    229.755 / 1825.708    ms
[212.201s][info   ][gc,stats]       Young Phase: Concurrent Reset Relocation Set               0.000 / 0.000         0.219 / 2.211         0.219 / 2.211         0.219 / 2.211       ms
[212.201s][info   ][gc,stats]       Young Phase: Concurrent Select Relocation Set              0.000 / 0.000       198.929 / 1616.760    198.929 / 1616.760    198.929 / 1616.760    ms
[212.201s][info   ][gc,stats]    Young Subphase: Concurrent Mark Follow                        0.000 / 0.000      4960.182 / 47225.014  4960.182 / 47225.014  4960.182 / 47225.014   ms
[212.201s][info   ][gc,stats]    Young Subphase: Concurrent Mark Root Colored                  0.000 / 0.000         0.384 / 0.568         0.384 / 0.568         0.384 / 0.568       ms
[212.201s][info   ][gc,stats]    Young Subphase: Concurrent Mark Root Uncolored                0.000 / 0.000         0.242 / 0.410         0.242 / 0.410         0.242 / 0.410       ms
[212.201s][info   ][gc,stats]    Young Subphase: Concurrent Mark Roots                         0.000 / 0.000         0.673 / 0.953         0.673 / 0.953         0.673 / 0.953       ms
[212.201s][info   ][gc,stats]    Young Subphase: Concurrent Relocate Remset FP                 0.000 / 0.000       229.081 / 1824.870    229.081 / 1824.870    229.081 / 1824.870    ms
[212.201s][info   ][gc,stats]    Young Subphase: Concurrent Roots ClassLoaderDataGraph         0.000 / 0.000         0.282 / 0.374         0.282 / 0.374         0.282 / 0.374       ms
[212.201s][info   ][gc,stats]    Young Subphase: Concurrent Roots CodeCache                    0.000 / 0.000         0.224 / 0.387         0.224 / 0.387         0.224 / 0.387       ms
[212.201s][info   ][gc,stats]    Young Subphase: Concurrent Roots JavaThreads                  0.000 / 0.000         0.017 / 0.299         0.017 / 0.299         0.017 / 0.299       ms
[212.201s][info   ][gc,stats]    Young Subphase: Concurrent Roots OopStorageSet                0.000 / 0.000         0.018 / 0.084         0.018 / 0.084         0.018 / 0.084       ms
[212.201s][info   ][gc,stats]    Young Subphase: Concurrent Weak Roots OopStorageSet           0.000 / 0.000         0.105 / 0.199         0.105 / 0.199         0.105 / 0.199       ms
[212.201s][info   ][gc,stats] =========================================================================================================================================================
