
=== RUN 11/100 (GA weak_fields) ===

[0.030s][info][gc,ref] Reference Processor created, Macros: ZUseSeparateDiscoveredLists=0, ZUseDynamicArray=0, ZUseOptimisedClearPath=0
WeakFieldSingleObjectBenchmark: weakRefCount=10000000 sleepMillis=500

=== Iteration 1 ===
Phase 1: Allocating the single target object...
Phase 2: Allocating 10000000 weak holders in random order...
Allocated 10000000 weak holders in 0.80 seconds
Phase 3: Sleeping for 500 ms (strong ref still held)...
Phase 4: Releasing the strong reference to the target object...
Phase 5: Triggering GC...
[6.492s][info][gc,ref] GC(0) O:                           Encountered       Discovered Cleared/Enqueued 
[6.492s][info][gc,ref] GC(0) O: Soft References:                  238                0                0 
[6.492s][info][gc,ref] GC(0) O: Weak References:                 1336              657              332 
[6.492s][info][gc,ref] GC(0) O: Weak (No Queue):                    3                0                0 
[6.492s][info][gc,ref] GC(0) O: Weak Fields:                 10000000         10000000         10000000 
[6.492s][info][gc,ref] GC(0) O: Final References:                   0                0                0 
[6.492s][info][gc,ref] GC(0) O: Phantom References:                 1                0                0 
Phase 6: Checking results...
Alive weak holders after GC: 0 / 10000000
[9.108s][info][gc,stats] === Garbage Collection Statistics =======================================================================================================================
[9.108s][info][gc,stats]                                                              Last 10s              Last 10m              Last 10h                Total
[9.108s][info][gc,stats]                                                              Avg / Max             Avg / Max             Avg / Max             Avg / Max
[9.108s][info][gc,stats]        Contention: Mark Segment Reset Contention                     4 / 28                4 / 28                4 / 28                4 / 28          ops/s
[9.108s][info][gc,stats]        Contention: Mark SeqNum Reset Contention                      0 / 0                 0 / 0                 0 / 0                 0 / 0           ops/s
[9.108s][info][gc,stats]          Critical: Allocation Stall                                  0 / 0                 0 / 0                 0 / 0                 0 / 0           ops/s
[9.108s][info][gc,stats]          Critical: Allocation Stall                              0.000 / 0.000         0.000 / 0.000         0.000 / 0.000         0.000 / 0.000       ms
[9.108s][info][gc,stats]          Critical: JNI Critical Stall                                0 / 0                 0 / 0                 0 / 0                 0 / 0           ops/s
[9.108s][info][gc,stats]          Critical: JNI Critical Stall                            0.000 / 0.000         0.000 / 0.000         0.000 / 0.000         0.000 / 0.000       ms
[9.108s][info][gc,stats]          Critical: Relocation Stall                                  0 / 0                 0 / 0                 0 / 0                 0 / 0           ops/s
[9.108s][info][gc,stats]          Critical: Relocation Stall                              0.000 / 0.000         0.000 / 0.000         0.000 / 0.000         0.000 / 0.000       ms
[9.108s][info][gc,stats]  Major Collection: Major Collection                           2308.480 / 2308.480   2308.480 / 2308.480   2308.480 / 2308.480   2308.480 / 2308.480    ms
[9.108s][info][gc,stats]            Memory: Allocation Rate                                  66 / 282              66 / 282              66 / 282              66 / 282         MB/s
[9.108s][info][gc,stats]            Memory: Defragment                                        0 / 0                 0 / 0                 0 / 0                 0 / 0           ops/s
[9.108s][info][gc,stats]            Memory: Mapped Cache Harvest                              0 / 0                 0 / 0                 0 / 0                 0 / 0           MB/s
[9.108s][info][gc,stats]            Memory: Out Of Memory                                     0 / 0                 0 / 0                 0 / 0                 0 / 0           ops/s
[9.108s][info][gc,stats]            Memory: Uncommit                                          0 / 0                 0 / 0                 0 / 0                 0 / 0           MB/s
[9.108s][info][gc,stats]            Memory: Undo Object Allocation Failed                     0 / 0                 0 / 0                 0 / 0                 0 / 0           ops/s
[9.108s][info][gc,stats]            Memory: Undo Object Allocation Succeeded                  0 / 0                 0 / 0                 0 / 0                 0 / 0           ops/s
[9.108s][info][gc,stats]            Memory: Undo Page Allocation                              0 / 0                 0 / 0                 0 / 0                 0 / 0           ops/s
[9.108s][info][gc,stats]  Minor Collection: Minor Collection                              0.000 / 0.000         0.000 / 0.000         0.000 / 0.000         0.000 / 0.000       ms
[9.108s][info][gc,stats]    Old Generation: Old Generation                             1158.075 / 1158.075   1158.075 / 1158.075   1158.075 / 1158.075   1158.075 / 1158.075    ms
[9.108s][info][gc,stats]         Old Pause: Pause Mark End                                0.013 / 0.013         0.013 / 0.013         0.013 / 0.013         0.013 / 0.013       ms
[9.108s][info][gc,stats]         Old Pause: Pause Relocate Start                          0.011 / 0.011         0.011 / 0.011         0.011 / 0.011         0.011 / 0.011       ms
[9.108s][info][gc,stats]         Old Phase: Concurrent Mark                             941.036 / 941.036     941.036 / 941.036     941.036 / 941.036     941.036 / 941.036     ms
[9.108s][info][gc,stats]         Old Phase: Concurrent Mark Continue                      0.000 / 0.000         0.000 / 0.000         0.000 / 0.000         0.000 / 0.000       ms
[9.108s][info][gc,stats]         Old Phase: Concurrent Mark Free                          0.005 / 0.005         0.005 / 0.005         0.005 / 0.005         0.005 / 0.005       ms
[9.108s][info][gc,stats]         Old Phase: Concurrent Process Non-Strong               215.920 / 215.920     215.920 / 215.920     215.920 / 215.920     215.920 / 215.920     ms
[9.108s][info][gc,stats]         Old Phase: Concurrent Relocate                           0.028 / 0.028         0.028 / 0.028         0.028 / 0.028         0.028 / 0.028       ms
[9.108s][info][gc,stats]         Old Phase: Concurrent Remap Roots                        0.592 / 0.592         0.592 / 0.592         0.592 / 0.592         0.592 / 0.592       ms
[9.108s][info][gc,stats]         Old Phase: Concurrent Reset Relocation Set               0.001 / 0.001         0.001 / 0.001         0.001 / 0.001         0.001 / 0.001       ms
[9.108s][info][gc,stats]         Old Phase: Concurrent Select Relocation Set              0.398 / 0.398         0.398 / 0.398         0.398 / 0.398         0.398 / 0.398       ms
[9.108s][info][gc,stats]      Old Subphase: Concurrent Classes Purge                      0.383 / 0.383         0.383 / 0.383         0.383 / 0.383         0.383 / 0.383       ms
[9.108s][info][gc,stats]      Old Subphase: Concurrent Classes Unlink                     1.076 / 1.076         1.076 / 1.076         1.076 / 1.076         1.076 / 1.076       ms
[9.108s][info][gc,stats]      Old Subphase: Concurrent Mark Follow                      940.875 / 940.875     940.875 / 940.875     940.875 / 940.875     940.875 / 940.875     ms
[9.108s][info][gc,stats]      Old Subphase: Concurrent Mark Root Colored                  0.038 / 0.091         0.038 / 0.091         0.038 / 0.091         0.038 / 0.091       ms
[9.108s][info][gc,stats]      Old Subphase: Concurrent Mark Root Uncolored                0.019 / 0.051         0.019 / 0.051         0.019 / 0.051         0.019 / 0.051       ms
[9.108s][info][gc,stats]      Old Subphase: Concurrent Mark Roots                         0.158 / 0.158         0.158 / 0.158         0.158 / 0.158         0.158 / 0.158       ms
[9.108s][info][gc,stats]      Old Subphase: Concurrent References Enqueue                 0.003 / 0.003         0.003 / 0.003         0.003 / 0.003         0.003 / 0.003       ms
[9.108s][info][gc,stats]      Old Subphase: Concurrent References Process               214.164 / 214.164     214.164 / 214.164     214.164 / 214.164     214.164 / 214.164     ms
[9.108s][info][gc,stats]      Old Subphase: Concurrent Remap Remembered                   0.220 / 0.221         0.220 / 0.221         0.220 / 0.221         0.220 / 0.221       ms
[9.108s][info][gc,stats]      Old Subphase: Concurrent Remap Roots Colored                0.054 / 0.067         0.054 / 0.067         0.054 / 0.067         0.054 / 0.067       ms
[9.108s][info][gc,stats]      Old Subphase: Concurrent Remap Roots Uncolored              0.183 / 0.184         0.183 / 0.184         0.183 / 0.184         0.183 / 0.184       ms
[9.108s][info][gc,stats]      Old Subphase: Concurrent Roots ClassLoaderDataGraph         0.034 / 0.078         0.034 / 0.078         0.034 / 0.078         0.034 / 0.078       ms
[9.108s][info][gc,stats]      Old Subphase: Concurrent Roots CodeCache                    0.181 / 0.181         0.181 / 0.181         0.181 / 0.181         0.181 / 0.181       ms
[9.108s][info][gc,stats]      Old Subphase: Concurrent Roots JavaThreads                  0.009 / 0.051         0.009 / 0.051         0.009 / 0.051         0.009 / 0.051       ms
[9.108s][info][gc,stats]      Old Subphase: Concurrent Roots OopStorageSet                0.006 / 0.012         0.006 / 0.012         0.006 / 0.012         0.006 / 0.012       ms
[9.108s][info][gc,stats]      Old Subphase: Concurrent Weak Roots OopStorageSet           0.072 / 0.129         0.072 / 0.129         0.072 / 0.129         0.072 / 0.129       ms
[9.108s][info][gc,stats]            System: Java Threads                                     11 / 11               11 / 11               11 / 11               11 / 11          threads
[9.108s][info][gc,stats]  Young Generation: Young Generation                              0.000 / 0.000         0.000 / 0.000         0.000 / 0.000         0.000 / 0.000       ms
[9.108s][info][gc,stats]  Young Generation: Young Generation                              0.000 / 0.000         0.000 / 0.000         0.000 / 0.000         0.000 / 0.000       ms
[9.108s][info][gc,stats]  Young Generation: Young Generation (Collect Roots)              3.663 / 3.663         3.663 / 3.663         3.663 / 3.663         3.663 / 3.663       ms
[9.108s][info][gc,stats]  Young Generation: Young Generation (Promote All)             1146.617 / 1146.617   1146.617 / 1146.617   1146.617 / 1146.617   1146.617 / 1146.617    ms
[9.108s][info][gc,stats]       Young Pause: Pause Mark End                                0.011 / 0.012         0.011 / 0.012         0.011 / 0.012         0.011 / 0.012       ms
[9.108s][info][gc,stats]       Young Pause: Pause Mark Start                              0.013 / 0.013         0.013 / 0.013         0.013 / 0.013         0.013 / 0.013       ms
[9.108s][info][gc,stats]       Young Pause: Pause Mark Start (Major)                      0.015 / 0.015         0.015 / 0.015         0.015 / 0.015         0.015 / 0.015       ms
[9.108s][info][gc,stats]       Young Pause: Pause Relocate Start                          0.009 / 0.011         0.009 / 0.011         0.009 / 0.011         0.009 / 0.011       ms
[9.108s][info][gc,stats]       Young Phase: Concurrent Mark                             428.185 / 853.366     428.185 / 853.366     428.185 / 853.366     428.185 / 853.366     ms
[9.108s][info][gc,stats]       Young Phase: Concurrent Mark Continue                      0.000 / 0.000         0.000 / 0.000         0.000 / 0.000         0.000 / 0.000       ms
[9.108s][info][gc,stats]       Young Phase: Concurrent Mark Free                          0.012 / 0.018         0.012 / 0.018         0.012 / 0.018         0.012 / 0.018       ms
[9.108s][info][gc,stats]       Young Phase: Concurrent Relocate                         109.019 / 217.934     109.019 / 217.934     109.019 / 217.934     109.019 / 217.934     ms
[9.108s][info][gc,stats]       Young Phase: Concurrent Reset Relocation Set               0.022 / 0.043         0.022 / 0.043         0.022 / 0.043         0.022 / 0.043       ms
[9.108s][info][gc,stats]       Young Phase: Concurrent Select Relocation Set             37.747 / 75.134       37.747 / 75.134       37.747 / 75.134       37.747 / 75.134      ms
[9.108s][info][gc,stats]    Young Subphase: Concurrent Mark Follow                      426.376 / 851.151     426.376 / 851.151     426.376 / 851.151     426.376 / 851.151     ms
[9.108s][info][gc,stats]    Young Subphase: Concurrent Mark Root Colored                  1.285 / 1.733         1.285 / 1.733         1.285 / 1.733         1.285 / 1.733       ms
[9.108s][info][gc,stats]    Young Subphase: Concurrent Mark Root Uncolored                0.357 / 0.445         0.357 / 0.445         0.357 / 0.445         0.357 / 0.445       ms
[9.108s][info][gc,stats]    Young Subphase: Concurrent Mark Roots                         1.807 / 2.212         1.807 / 2.212         1.807 / 2.212         1.807 / 2.212       ms
[9.108s][info][gc,stats]    Young Subphase: Concurrent Relocate Remset FP               106.143 / 212.277     106.143 / 212.277     106.143 / 212.277     106.143 / 212.277     ms
[9.108s][info][gc,stats]    Young Subphase: Concurrent Roots ClassLoaderDataGraph         0.806 / 0.898         0.806 / 0.898         0.806 / 0.898         0.806 / 0.898       ms
[9.108s][info][gc,stats]    Young Subphase: Concurrent Roots CodeCache                    0.288 / 0.383         0.288 / 0.383         0.288 / 0.383         0.288 / 0.383       ms
[9.108s][info][gc,stats]    Young Subphase: Concurrent Roots JavaThreads                  0.036 / 0.178         0.036 / 0.178         0.036 / 0.178         0.036 / 0.178       ms
[9.108s][info][gc,stats]    Young Subphase: Concurrent Roots OopStorageSet                0.176 / 0.310         0.176 / 0.310         0.176 / 0.310         0.176 / 0.310       ms
[9.108s][info][gc,stats]    Young Subphase: Concurrent Weak Roots OopStorageSet           0.359 / 0.566         0.359 / 0.566         0.359 / 0.566         0.359 / 0.566       ms
[9.108s][info][gc,stats] =========================================================================================================================================================
