
=== RUN 36/100 (GA all) ===

[0.028s][info][gc,ref] Reference Processor created, Macros: ZUseSeparateDiscoveredLists=1, ZUseDynamicArray=1, ZUseOptimisedClearPath=1
WeakRefSingleObjectBenchmark: weakRefCount=10000000 sleepMillis=500

=== Iteration 1 ===
Phase 1: Allocating the single target object...
Phase 2: Allocating 10000000 WeakReferences in random order...
Allocated 10000000 weak ref holders in 1.21 seconds
Phase 3: Sleeping for 500 ms (strong ref still held)...
Phase 4: Releasing the strong reference to the target object...
Phase 5: Triggering GC...
[5.795s][info][gc,ref] GC(0) O:                           Encountered       Discovered Cleared/Enqueued 
[5.795s][info][gc,ref] GC(0) O: Soft References:                  238                0                0 
[5.795s][info][gc,ref] GC(0) O: Weak References:                 1330                0                0 
[5.795s][info][gc,ref] GC(0) O: Weak (No Queue):              7081746                0                0 
[5.795s][info][gc,ref] GC(0) O: Weak Fields:                        0                0                0 
[5.795s][info][gc,ref] GC(0) O: Final References:                   0                0                0 
[5.795s][info][gc,ref] GC(0) O: Phantom References:                 1                0                0 
[11.327s][info][gc,ref] GC(1) O:                           Encountered       Discovered Cleared/Enqueued 
[11.327s][info][gc,ref] GC(1) O: Soft References:                  238                0                0 
[11.327s][info][gc,ref] GC(1) O: Weak References:                 1330              335              330 
[11.327s][info][gc,ref] GC(1) O: Weak (No Queue):             10000003         10000000         10000000 
[11.327s][info][gc,ref] GC(1) O: Weak Fields:                        0                0                0 
[11.327s][info][gc,ref] GC(1) O: Final References:                   0                0                0 
[11.327s][info][gc,ref] GC(1) O: Phantom References:                 1                0                0 
Phase 6: Checking results...
Alive weak references after GC: 0 / 10000000
[14.287s][info][gc,stats] === Garbage Collection Statistics =======================================================================================================================
[14.287s][info][gc,stats]                                                              Last 10s              Last 10m              Last 10h                Total
[14.287s][info][gc,stats]                                                              Avg / Max             Avg / Max             Avg / Max             Avg / Max
[14.287s][info][gc,stats]        Contention: Mark Segment Reset Contention                     2 / 20                1 / 20                1 / 20                1 / 20          ops/s
[14.287s][info][gc,stats]        Contention: Mark SeqNum Reset Contention                      0 / 1                 0 / 1                 0 / 1                 0 / 1           ops/s
[14.287s][info][gc,stats]          Critical: Allocation Stall                                  0 / 0                 0 / 0                 0 / 0                 0 / 0           ops/s
[14.287s][info][gc,stats]          Critical: Allocation Stall                              0.000 / 0.000         0.000 / 0.000         0.000 / 0.000         0.000 / 0.000       ms
[14.287s][info][gc,stats]          Critical: JNI Critical Stall                                0 / 0                 0 / 0                 0 / 0                 0 / 0           ops/s
[14.287s][info][gc,stats]          Critical: JNI Critical Stall                            0.000 / 0.000         0.000 / 0.000         0.000 / 0.000         0.000 / 0.000       ms
[14.287s][info][gc,stats]          Critical: Relocation Stall                                  0 / 0                 0 / 0                 0 / 0                 0 / 0           ops/s
[14.287s][info][gc,stats]          Critical: Relocation Stall                              0.000 / 0.000         0.000 / 0.000         0.000 / 0.000         0.000 / 0.000       ms
[14.287s][info][gc,stats]  Major Collection: Major Collection                           3709.297 / 5532.230   3709.297 / 5532.230   3709.297 / 5532.230   3709.297 / 5532.230    ms
[14.287s][info][gc,stats]            Memory: Allocation Rate                                  57 / 570              77 / 570              77 / 570              77 / 570         MB/s
[14.287s][info][gc,stats]            Memory: Defragment                                        0 / 0                 0 / 0                 0 / 0                 0 / 0           ops/s
[14.287s][info][gc,stats]            Memory: Mapped Cache Harvest                              0 / 0                 0 / 0                 0 / 0                 0 / 0           MB/s
[14.287s][info][gc,stats]            Memory: Out Of Memory                                     0 / 0                 0 / 0                 0 / 0                 0 / 0           ops/s
[14.287s][info][gc,stats]            Memory: Uncommit                                          0 / 0                 0 / 0                 0 / 0                 0 / 0           MB/s
[14.287s][info][gc,stats]            Memory: Undo Object Allocation Failed                     0 / 0                 0 / 0                 0 / 0                 0 / 0           ops/s
[14.287s][info][gc,stats]            Memory: Undo Object Allocation Succeeded                  0 / 0                 0 / 0                 0 / 0                 0 / 0           ops/s
[14.287s][info][gc,stats]            Memory: Undo Page Allocation                              0 / 0                 0 / 0                 0 / 0                 0 / 0           ops/s
[14.287s][info][gc,stats]  Minor Collection: Minor Collection                              0.000 / 0.000         0.000 / 0.000         0.000 / 0.000         0.000 / 0.000       ms
[14.287s][info][gc,stats]    Old Generation: Old Generation                             1242.100 / 2480.269   1242.100 / 2480.269   1242.100 / 2480.269   1242.100 / 2480.269    ms
[14.287s][info][gc,stats]         Old Pause: Pause Mark End                                0.010 / 0.014         0.010 / 0.014         0.010 / 0.014         0.010 / 0.014       ms
[14.287s][info][gc,stats]         Old Pause: Pause Relocate Start                          0.009 / 0.013         0.009 / 0.013         0.009 / 0.013         0.009 / 0.013       ms
[14.287s][info][gc,stats]         Old Phase: Concurrent Mark                            1168.850 / 2337.379   1168.850 / 2337.379   1168.850 / 2337.379   1168.850 / 2337.379    ms
[14.287s][info][gc,stats]         Old Phase: Concurrent Mark Continue                      0.000 / 0.000         0.000 / 0.000         0.000 / 0.000         0.000 / 0.000       ms
[14.287s][info][gc,stats]         Old Phase: Concurrent Mark Free                          0.002 / 0.003         0.002 / 0.003         0.002 / 0.003         0.002 / 0.003       ms
[14.287s][info][gc,stats]         Old Phase: Concurrent Process Non-Strong                57.594 / 112.964      57.594 / 112.964      57.594 / 112.964      57.594 / 112.964     ms
[14.287s][info][gc,stats]         Old Phase: Concurrent Relocate                           0.167 / 0.311         0.167 / 0.311         0.167 / 0.311         0.167 / 0.311       ms
[14.287s][info][gc,stats]         Old Phase: Concurrent Remap Roots                       15.084 / 29.190       15.084 / 29.190       15.084 / 29.190       15.084 / 29.190      ms
[14.287s][info][gc,stats]         Old Phase: Concurrent Reset Relocation Set               0.000 / 0.001         0.000 / 0.001         0.000 / 0.001         0.000 / 0.001       ms
[14.287s][info][gc,stats]         Old Phase: Concurrent Select Relocation Set              0.117 / 0.165         0.117 / 0.165         0.117 / 0.165         0.117 / 0.165       ms
[14.287s][info][gc,stats]      Old Subphase: Concurrent Classes Purge                      0.178 / 0.336         0.178 / 0.336         0.178 / 0.336         0.178 / 0.336       ms
[14.287s][info][gc,stats]      Old Subphase: Concurrent Classes Unlink                     1.248 / 1.539         1.248 / 1.539         1.248 / 1.539         1.248 / 1.539       ms
[14.287s][info][gc,stats]      Old Subphase: Concurrent Mark Follow                     1168.683 / 2337.199   1168.683 / 2337.199   1168.683 / 2337.199   1168.683 / 2337.199    ms
[14.287s][info][gc,stats]      Old Subphase: Concurrent Mark Root Colored                  0.034 / 0.097         0.034 / 0.097         0.034 / 0.097         0.034 / 0.097       ms
[14.287s][info][gc,stats]      Old Subphase: Concurrent Mark Root Uncolored                0.031 / 0.097         0.031 / 0.097         0.031 / 0.097         0.031 / 0.097       ms
[14.287s][info][gc,stats]      Old Subphase: Concurrent Mark Roots                         0.165 / 0.176         0.165 / 0.176         0.165 / 0.176         0.165 / 0.176       ms
[14.287s][info][gc,stats]      Old Subphase: Concurrent References Enqueue                 0.002 / 0.003         0.002 / 0.003         0.002 / 0.003         0.002 / 0.003       ms
[14.287s][info][gc,stats]      Old Subphase: Concurrent References Process                55.760 / 111.447      55.760 / 111.447      55.760 / 111.447      55.760 / 111.447     ms
[14.287s][info][gc,stats]      Old Subphase: Concurrent Remap Remembered                  14.358 / 28.801       14.358 / 28.801       14.358 / 28.801       14.358 / 28.801      ms
[14.287s][info][gc,stats]      Old Subphase: Concurrent Remap Roots Colored                0.364 / 0.727         0.364 / 0.727         0.364 / 0.727         0.364 / 0.727       ms
[14.287s][info][gc,stats]      Old Subphase: Concurrent Remap Roots Uncolored              0.188 / 0.193         0.188 / 0.193         0.188 / 0.193         0.188 / 0.193       ms
[14.287s][info][gc,stats]      Old Subphase: Concurrent Roots ClassLoaderDataGraph         0.215 / 0.654         0.215 / 0.654         0.215 / 0.654         0.215 / 0.654       ms
[14.287s][info][gc,stats]      Old Subphase: Concurrent Roots CodeCache                    0.186 / 0.191         0.186 / 0.191         0.186 / 0.191         0.186 / 0.191       ms
[14.287s][info][gc,stats]      Old Subphase: Concurrent Roots JavaThreads                  0.011 / 0.097         0.011 / 0.097         0.011 / 0.097         0.011 / 0.097       ms
[14.287s][info][gc,stats]      Old Subphase: Concurrent Roots OopStorageSet                0.006 / 0.014         0.006 / 0.014         0.006 / 0.014         0.006 / 0.014       ms
[14.287s][info][gc,stats]      Old Subphase: Concurrent Weak Roots OopStorageSet           0.095 / 0.216         0.095 / 0.216         0.095 / 0.216         0.095 / 0.216       ms
[14.287s][info][gc,stats]            System: Java Threads                                     11 / 11               11 / 11               11 / 11               11 / 11          threads
[14.287s][info][gc,stats]  Young Generation: Young Generation                           1882.348 / 1882.348   1882.348 / 1882.348   1882.348 / 1882.348   1882.348 / 1882.348    ms
[14.287s][info][gc,stats]  Young Generation: Young Generation                              0.000 / 0.000         0.000 / 0.000         0.000 / 0.000         0.000 / 0.000       ms
[14.287s][info][gc,stats]  Young Generation: Young Generation (Collect Roots)              3.382 / 3.382         3.382 / 3.382         3.382 / 3.382         3.382 / 3.382       ms
[14.287s][info][gc,stats]  Young Generation: Young Generation (Promote All)             3048.467 / 3048.467   3048.467 / 3048.467   3048.467 / 3048.467   3048.467 / 3048.467    ms
[14.287s][info][gc,stats]       Young Pause: Pause Mark End                                0.012 / 0.013         0.012 / 0.013         0.012 / 0.013         0.012 / 0.013       ms
[14.287s][info][gc,stats]       Young Pause: Pause Mark Start                              0.005 / 0.005         0.005 / 0.005         0.005 / 0.005         0.005 / 0.005       ms
[14.287s][info][gc,stats]       Young Pause: Pause Mark Start (Major)                      0.015 / 0.015         0.015 / 0.015         0.015 / 0.015         0.015 / 0.015       ms
[14.287s][info][gc,stats]       Young Pause: Pause Relocate Start                          0.009 / 0.013         0.009 / 0.013         0.009 / 0.013         0.009 / 0.013       ms
[14.287s][info][gc,stats]       Young Phase: Concurrent Mark                            1455.190 / 2484.355   1455.190 / 2484.355   1455.190 / 2484.355   1455.190 / 2484.355    ms
[14.287s][info][gc,stats]       Young Phase: Concurrent Mark Continue                      0.000 / 0.000         0.000 / 0.000         0.000 / 0.000         0.000 / 0.000       ms
[14.287s][info][gc,stats]       Young Phase: Concurrent Mark Free                          0.002 / 0.003         0.002 / 0.003         0.002 / 0.003         0.002 / 0.003       ms
[14.287s][info][gc,stats]       Young Phase: Concurrent Relocate                         133.245 / 397.146     133.245 / 397.146     133.245 / 397.146     133.245 / 397.146     ms
[14.287s][info][gc,stats]       Young Phase: Concurrent Reset Relocation Set               0.039 / 0.112         0.039 / 0.112         0.039 / 0.112         0.039 / 0.112       ms
[14.287s][info][gc,stats]       Young Phase: Concurrent Select Relocation Set             55.902 / 166.596      55.902 / 166.596      55.902 / 166.596      55.902 / 166.596     ms
[14.287s][info][gc,stats]    Young Subphase: Concurrent Mark Follow                     1451.956 / 2482.997   1451.956 / 2482.997   1451.956 / 2482.997   1451.956 / 2482.997    ms
[14.287s][info][gc,stats]    Young Subphase: Concurrent Mark Root Colored                  2.793 / 6.725         2.793 / 6.725         2.793 / 6.725         2.793 / 6.725       ms
[14.287s][info][gc,stats]    Young Subphase: Concurrent Mark Root Uncolored                0.257 / 0.370         0.257 / 0.370         0.257 / 0.370         0.257 / 0.370       ms
[14.287s][info][gc,stats]    Young Subphase: Concurrent Mark Roots                         3.231 / 7.288         3.231 / 7.288         3.231 / 7.288         3.231 / 7.288       ms
[14.287s][info][gc,stats]    Young Subphase: Concurrent Relocate Remset FP               132.350 / 397.004     132.350 / 397.004     132.350 / 397.004     132.350 / 397.004     ms
[14.287s][info][gc,stats]    Young Subphase: Concurrent Roots ClassLoaderDataGraph         0.773 / 0.947         0.773 / 0.947         0.773 / 0.947         0.773 / 0.947       ms
[14.287s][info][gc,stats]    Young Subphase: Concurrent Roots CodeCache                    0.212 / 0.318         0.212 / 0.318         0.212 / 0.318         0.212 / 0.318       ms
[14.287s][info][gc,stats]    Young Subphase: Concurrent Roots JavaThreads                  0.023 / 0.130         0.023 / 0.130         0.023 / 0.130         0.023 / 0.130       ms
[14.287s][info][gc,stats]    Young Subphase: Concurrent Roots OopStorageSet                2.712 / 5.422         2.712 / 5.422         2.712 / 5.422         2.712 / 5.422       ms
[14.287s][info][gc,stats]    Young Subphase: Concurrent Weak Roots OopStorageSet           0.209 / 0.425         0.209 / 0.425         0.209 / 0.425         0.209 / 0.425       ms
[14.287s][info][gc,stats] =========================================================================================================================================================
