
=== RUN 40/100 (GA clear_path_sep) ===

[0.026s][info][gc,ref] Reference Processor created, Macros: ZUseSeparateDiscoveredLists=1, ZUseDynamicArray=0, ZUseOptimisedClearPath=1
WeakRefSingleObjectBenchmark: weakRefCount=10000000 sleepMillis=500

=== Iteration 1 ===
Phase 1: Allocating the single target object...
Phase 2: Allocating 10000000 WeakReferences in random order...
Allocated 10000000 weak ref holders in 1.21 seconds
Phase 3: Sleeping for 500 ms (strong ref still held)...
Phase 4: Releasing the strong reference to the target object...
Phase 5: Triggering GC...
[5.786s][info][gc,ref] GC(0) O:                           Encountered       Discovered Cleared/Enqueued 
[5.786s][info][gc,ref] GC(0) O: Soft References:                  238                0                0 
[5.786s][info][gc,ref] GC(0) O: Weak References:                 1330                0                0 
[5.786s][info][gc,ref] GC(0) O: Weak (No Queue):              7066667                0                0 
[5.786s][info][gc,ref] GC(0) O: Weak Fields:                        0                0                0 
[5.786s][info][gc,ref] GC(0) O: Final References:                   0                0                0 
[5.786s][info][gc,ref] GC(0) O: Phantom References:                 1                0                0 
[11.553s][info][gc,ref] GC(1) O:                           Encountered       Discovered Cleared/Enqueued 
[11.553s][info][gc,ref] GC(1) O: Soft References:                  238                0                0 
[11.553s][info][gc,ref] GC(1) O: Weak References:                 1330              457              330 
[11.553s][info][gc,ref] GC(1) O: Weak (No Queue):             10000003         10000000         10000000 
[11.553s][info][gc,ref] GC(1) O: Weak Fields:                        0                0                0 
[11.553s][info][gc,ref] GC(1) O: Final References:                   0                0                0 
[11.553s][info][gc,ref] GC(1) O: Phantom References:                 1                0                0 
Phase 6: Checking results...
Alive weak references after GC: 0 / 10000000
[14.525s][info][gc,stats] === Garbage Collection Statistics =======================================================================================================================
[14.525s][info][gc,stats]                                                              Last 10s              Last 10m              Last 10h                Total
[14.525s][info][gc,stats]                                                              Avg / Max             Avg / Max             Avg / Max             Avg / Max
[14.525s][info][gc,stats]        Contention: Mark Segment Reset Contention                     3 / 27                2 / 27                2 / 27                2 / 27          ops/s
[14.525s][info][gc,stats]        Contention: Mark SeqNum Reset Contention                      0 / 2                 0 / 2                 0 / 2                 0 / 2           ops/s
[14.525s][info][gc,stats]          Critical: Allocation Stall                                  0 / 0                 0 / 0                 0 / 0                 0 / 0           ops/s
[14.525s][info][gc,stats]          Critical: Allocation Stall                              0.000 / 0.000         0.000 / 0.000         0.000 / 0.000         0.000 / 0.000       ms
[14.525s][info][gc,stats]          Critical: JNI Critical Stall                                0 / 0                 0 / 0                 0 / 0                 0 / 0           ops/s
[14.525s][info][gc,stats]          Critical: JNI Critical Stall                            0.000 / 0.000         0.000 / 0.000         0.000 / 0.000         0.000 / 0.000       ms
[14.525s][info][gc,stats]          Critical: Relocation Stall                                  0 / 0                 0 / 0                 0 / 0                 0 / 0           ops/s
[14.525s][info][gc,stats]          Critical: Relocation Stall                              0.000 / 0.000         0.000 / 0.000         0.000 / 0.000         0.000 / 0.000       ms
[14.525s][info][gc,stats]  Major Collection: Major Collection                           3822.381 / 5767.164   3822.381 / 5767.164   3822.381 / 5767.164   3822.381 / 5767.164    ms
[14.525s][info][gc,stats]            Memory: Allocation Rate                                  55 / 554              77 / 554              77 / 554              77 / 554         MB/s
[14.525s][info][gc,stats]            Memory: Defragment                                        0 / 0                 0 / 0                 0 / 0                 0 / 0           ops/s
[14.525s][info][gc,stats]            Memory: Mapped Cache Harvest                              0 / 0                 0 / 0                 0 / 0                 0 / 0           MB/s
[14.525s][info][gc,stats]            Memory: Out Of Memory                                     0 / 0                 0 / 0                 0 / 0                 0 / 0           ops/s
[14.525s][info][gc,stats]            Memory: Uncommit                                          0 / 0                 0 / 0                 0 / 0                 0 / 0           MB/s
[14.525s][info][gc,stats]            Memory: Undo Object Allocation Failed                     0 / 0                 0 / 0                 0 / 0                 0 / 0           ops/s
[14.525s][info][gc,stats]            Memory: Undo Object Allocation Succeeded                  0 / 0                 0 / 0                 0 / 0                 0 / 0           ops/s
[14.525s][info][gc,stats]            Memory: Undo Page Allocation                              0 / 0                 0 / 0                 0 / 0                 0 / 0           ops/s
[14.525s][info][gc,stats]  Minor Collection: Minor Collection                              0.000 / 0.000         0.000 / 0.000         0.000 / 0.000         0.000 / 0.000       ms
[14.525s][info][gc,stats]    Old Generation: Old Generation                             1380.343 / 2756.361   1380.343 / 2756.361   1380.343 / 2756.361   1380.343 / 2756.361    ms
[14.525s][info][gc,stats]         Old Pause: Pause Mark End                                0.011 / 0.014         0.011 / 0.014         0.011 / 0.014         0.011 / 0.014       ms
[14.525s][info][gc,stats]         Old Pause: Pause Relocate Start                          0.009 / 0.013         0.009 / 0.013         0.009 / 0.013         0.009 / 0.013       ms
[14.525s][info][gc,stats]         Old Phase: Concurrent Mark                            1100.464 / 2200.380   1100.464 / 2200.380   1100.464 / 2200.380   1100.464 / 2200.380    ms
[14.525s][info][gc,stats]         Old Phase: Concurrent Mark Continue                      0.000 / 0.000         0.000 / 0.000         0.000 / 0.000         0.000 / 0.000       ms
[14.525s][info][gc,stats]         Old Phase: Concurrent Mark Free                          0.003 / 0.004         0.003 / 0.004         0.003 / 0.004         0.003 / 0.004       ms
[14.525s][info][gc,stats]         Old Phase: Concurrent Process Non-Strong               264.061 / 525.877     264.061 / 525.877     264.061 / 525.877     264.061 / 525.877     ms
[14.525s][info][gc,stats]         Old Phase: Concurrent Relocate                           0.912 / 1.763         0.912 / 1.763         0.912 / 1.763         0.912 / 1.763       ms
[14.525s][info][gc,stats]         Old Phase: Concurrent Remap Roots                       14.400 / 27.811       14.400 / 27.811       14.400 / 27.811       14.400 / 27.811      ms
[14.525s][info][gc,stats]         Old Phase: Concurrent Reset Relocation Set               0.000 / 0.001         0.000 / 0.001         0.000 / 0.001         0.000 / 0.001       ms
[14.525s][info][gc,stats]         Old Phase: Concurrent Select Relocation Set              0.175 / 0.272         0.175 / 0.272         0.175 / 0.272         0.175 / 0.272       ms
[14.525s][info][gc,stats]      Old Subphase: Concurrent Classes Purge                      0.208 / 0.398         0.208 / 0.398         0.208 / 0.398         0.208 / 0.398       ms
[14.525s][info][gc,stats]      Old Subphase: Concurrent Classes Unlink                     1.189 / 1.493         1.189 / 1.493         1.189 / 1.493         1.189 / 1.493       ms
[14.525s][info][gc,stats]      Old Subphase: Concurrent Mark Follow                     1100.245 / 2200.211   1100.245 / 2200.211   1100.245 / 2200.211   1100.245 / 2200.211    ms
[14.525s][info][gc,stats]      Old Subphase: Concurrent Mark Root Colored                  0.032 / 0.087         0.032 / 0.087         0.032 / 0.087         0.032 / 0.087       ms
[14.525s][info][gc,stats]      Old Subphase: Concurrent Mark Root Uncolored                0.029 / 0.069         0.029 / 0.069         0.029 / 0.069         0.029 / 0.069       ms
[14.525s][info][gc,stats]      Old Subphase: Concurrent Mark Roots                         0.217 / 0.268         0.217 / 0.268         0.217 / 0.268         0.217 / 0.268       ms
[14.525s][info][gc,stats]      Old Subphase: Concurrent References Enqueue                 0.002 / 0.003         0.002 / 0.003         0.002 / 0.003         0.002 / 0.003       ms
[14.525s][info][gc,stats]      Old Subphase: Concurrent References Process               262.266 / 524.517     262.266 / 524.517     262.266 / 524.517     262.266 / 524.517     ms
[14.525s][info][gc,stats]      Old Subphase: Concurrent Remap Remembered                  13.704 / 27.445       13.704 / 27.445       13.704 / 27.445       13.704 / 27.445      ms
[14.525s][info][gc,stats]      Old Subphase: Concurrent Remap Roots Colored                0.393 / 0.747         0.393 / 0.747         0.393 / 0.747         0.393 / 0.747       ms
[14.525s][info][gc,stats]      Old Subphase: Concurrent Remap Roots Uncolored              0.198 / 0.200         0.198 / 0.200         0.198 / 0.200         0.198 / 0.200       ms
[14.525s][info][gc,stats]      Old Subphase: Concurrent Roots ClassLoaderDataGraph         0.254 / 0.695         0.254 / 0.695         0.254 / 0.695         0.254 / 0.695       ms
[14.525s][info][gc,stats]      Old Subphase: Concurrent Roots CodeCache                    0.195 / 0.197         0.195 / 0.197         0.195 / 0.197         0.195 / 0.197       ms
[14.525s][info][gc,stats]      Old Subphase: Concurrent Roots JavaThreads                  0.014 / 0.069         0.014 / 0.069         0.014 / 0.069         0.014 / 0.069       ms
[14.525s][info][gc,stats]      Old Subphase: Concurrent Roots OopStorageSet                0.005 / 0.011         0.005 / 0.011         0.005 / 0.011         0.005 / 0.011       ms
[14.525s][info][gc,stats]      Old Subphase: Concurrent Weak Roots OopStorageSet           0.093 / 0.231         0.093 / 0.231         0.093 / 0.231         0.093 / 0.231       ms
[14.525s][info][gc,stats]            System: Java Threads                                     11 / 11               11 / 11               11 / 11               11 / 11          threads
[14.525s][info][gc,stats]  Young Generation: Young Generation                           1873.186 / 1873.186   1873.186 / 1873.186   1873.186 / 1873.186   1873.186 / 1873.186    ms
[14.525s][info][gc,stats]  Young Generation: Young Generation                              0.000 / 0.000         0.000 / 0.000         0.000 / 0.000         0.000 / 0.000       ms
[14.525s][info][gc,stats]  Young Generation: Young Generation (Collect Roots)              4.666 / 4.666         4.666 / 4.666         4.666 / 4.666         4.666 / 4.666       ms
[14.525s][info][gc,stats]  Young Generation: Young Generation (Promote All)             3006.026 / 3006.026   3006.026 / 3006.026   3006.026 / 3006.026   3006.026 / 3006.026    ms
[14.525s][info][gc,stats]       Young Pause: Pause Mark End                                0.012 / 0.013         0.012 / 0.013         0.012 / 0.013         0.012 / 0.013       ms
[14.525s][info][gc,stats]       Young Pause: Pause Mark Start                              0.005 / 0.005         0.005 / 0.005         0.005 / 0.005         0.005 / 0.005       ms
[14.525s][info][gc,stats]       Young Pause: Pause Mark Start (Major)                      0.016 / 0.017         0.016 / 0.017         0.016 / 0.017         0.016 / 0.017       ms
[14.525s][info][gc,stats]       Young Pause: Pause Relocate Start                          0.010 / 0.013         0.010 / 0.013         0.010 / 0.013         0.010 / 0.013       ms
[14.525s][info][gc,stats]       Young Phase: Concurrent Mark                            1430.592 / 2419.409   1430.592 / 2419.409   1430.592 / 2419.409   1430.592 / 2419.409    ms
[14.525s][info][gc,stats]       Young Phase: Concurrent Mark Continue                      0.000 / 0.000         0.000 / 0.000         0.000 / 0.000         0.000 / 0.000       ms
[14.525s][info][gc,stats]       Young Phase: Concurrent Mark Free                          0.004 / 0.005         0.004 / 0.005         0.004 / 0.005         0.004 / 0.005       ms
[14.525s][info][gc,stats]       Young Phase: Concurrent Relocate                         140.859 / 419.915     140.859 / 419.915     140.859 / 419.915     140.859 / 419.915     ms
[14.525s][info][gc,stats]       Young Phase: Concurrent Reset Relocation Set               0.040 / 0.116         0.040 / 0.116         0.040 / 0.116         0.040 / 0.116       ms
[14.525s][info][gc,stats]       Young Phase: Concurrent Select Relocation Set             56.032 / 166.365      56.032 / 166.365      56.032 / 166.365      56.032 / 166.365     ms
[14.526s][info][gc,stats]    Young Subphase: Concurrent Mark Follow                     1428.680 / 2418.074   1428.680 / 2418.074   1428.680 / 2418.074   1428.680 / 2418.074    ms
[14.526s][info][gc,stats]    Young Subphase: Concurrent Mark Root Colored                  1.496 / 2.561         1.496 / 2.561         1.496 / 2.561         1.496 / 2.561       ms
[14.526s][info][gc,stats]    Young Subphase: Concurrent Mark Root Uncolored                0.261 / 0.366         0.261 / 0.366         0.261 / 0.366         0.261 / 0.366       ms
[14.526s][info][gc,stats]    Young Subphase: Concurrent Mark Roots                         1.909 / 3.106         1.909 / 3.106         1.909 / 3.106         1.909 / 3.106       ms
[14.526s][info][gc,stats]    Young Subphase: Concurrent Relocate Remset FP               138.750 / 416.225     138.750 / 416.225     138.750 / 416.225     138.750 / 416.225     ms
[14.526s][info][gc,stats]    Young Subphase: Concurrent Roots ClassLoaderDataGraph         0.805 / 0.954         0.805 / 0.954         0.805 / 0.954         0.805 / 0.954       ms
[14.526s][info][gc,stats]    Young Subphase: Concurrent Roots CodeCache                    0.216 / 0.302         0.216 / 0.302         0.216 / 0.302         0.216 / 0.302       ms
[14.526s][info][gc,stats]    Young Subphase: Concurrent Roots JavaThreads                  0.023 / 0.133         0.023 / 0.133         0.023 / 0.133         0.023 / 0.133       ms
[14.526s][info][gc,stats]    Young Subphase: Concurrent Roots OopStorageSet                0.575 / 1.337         0.575 / 1.337         0.575 / 1.337         0.575 / 1.337       ms
[14.526s][info][gc,stats]    Young Subphase: Concurrent Weak Roots OopStorageSet           0.242 / 0.491         0.242 / 0.491         0.242 / 0.491         0.242 / 0.491       ms
[14.526s][info][gc,stats] =========================================================================================================================================================
