
=== RUN 44/100 (GA dyn_only) ===

[0.029s][info][gc,ref] Reference Processor created, Macros: ZUseSeparateDiscoveredLists=0, ZUseDynamicArray=1, ZUseOptimisedClearPath=0
WeakRefSingleObjectBenchmark: weakRefCount=10000000 sleepMillis=500

=== Iteration 1 ===
Phase 1: Allocating the single target object...
Phase 2: Allocating 10000000 WeakReferences in random order...
Allocated 10000000 weak ref holders in 1.31 seconds
Phase 3: Sleeping for 500 ms (strong ref still held)...
Phase 4: Releasing the strong reference to the target object...
Phase 5: Triggering GC...
[6.018s][info][gc,ref] GC(0) O:                           Encountered       Discovered Cleared/Enqueued 
[6.018s][info][gc,ref] GC(0) O: Soft References:                  238                0                0 
[6.018s][info][gc,ref] GC(0) O: Weak References:                 1330                0                0 
[6.018s][info][gc,ref] GC(0) O: Weak (No Queue):              7075752                0                0 
[6.018s][info][gc,ref] GC(0) O: Weak Fields:                        0                0                0 
[6.018s][info][gc,ref] GC(0) O: Final References:                   0                0                0 
[6.019s][info][gc,ref] GC(0) O: Phantom References:                 1                0                0 
[11.702s][info][gc,ref] GC(1) O:                           Encountered       Discovered Cleared/Enqueued 
[11.702s][info][gc,ref] GC(1) O: Soft References:                  238                0                0 
[11.702s][info][gc,ref] GC(1) O: Weak References:                 1330              823              330 
[11.702s][info][gc,ref] GC(1) O: Weak (No Queue):             10000003         10000000         10000000 
[11.702s][info][gc,ref] GC(1) O: Weak Fields:                        0                0                0 
[11.702s][info][gc,ref] GC(1) O: Final References:                   0                0                0 
[11.702s][info][gc,ref] GC(1) O: Phantom References:                 1                0                0 
Phase 6: Checking results...
Alive weak references after GC: 0 / 10000000
[14.667s][info][gc,stats] === Garbage Collection Statistics =======================================================================================================================
[14.667s][info][gc,stats]                                                              Last 10s              Last 10m              Last 10h                Total
[14.667s][info][gc,stats]                                                              Avg / Max             Avg / Max             Avg / Max             Avg / Max
[14.667s][info][gc,stats]        Contention: Mark Segment Reset Contention                     0 / 1                 3 / 38                3 / 38                3 / 38          ops/s
[14.667s][info][gc,stats]        Contention: Mark SeqNum Reset Contention                      0 / 2                 0 / 3                 0 / 3                 0 / 3           ops/s
[14.667s][info][gc,stats]          Critical: Allocation Stall                                  0 / 0                 0 / 0                 0 / 0                 0 / 0           ops/s
[14.667s][info][gc,stats]          Critical: Allocation Stall                              0.000 / 0.000         0.000 / 0.000         0.000 / 0.000         0.000 / 0.000       ms
[14.667s][info][gc,stats]          Critical: JNI Critical Stall                                0 / 0                 0 / 0                 0 / 0                 0 / 0           ops/s
[14.667s][info][gc,stats]          Critical: JNI Critical Stall                            0.000 / 0.000         0.000 / 0.000         0.000 / 0.000         0.000 / 0.000       ms
[14.667s][info][gc,stats]          Critical: Relocation Stall                                  0 / 0                 0 / 0                 0 / 0                 0 / 0           ops/s
[14.667s][info][gc,stats]          Critical: Relocation Stall                              0.000 / 0.000         0.000 / 0.000         0.000 / 0.000         0.000 / 0.000       ms
[14.667s][info][gc,stats]  Major Collection: Major Collection                           3819.392 / 5683.105   3819.392 / 5683.105   3819.392 / 5683.105   3819.392 / 5683.105    ms
[14.667s][info][gc,stats]            Memory: Allocation Rate                                   0 / 2                71 / 692              71 / 692              71 / 692         MB/s
[14.667s][info][gc,stats]            Memory: Defragment                                        0 / 0                 0 / 0                 0 / 0                 0 / 0           ops/s
[14.667s][info][gc,stats]            Memory: Mapped Cache Harvest                              0 / 0                 0 / 0                 0 / 0                 0 / 0           MB/s
[14.667s][info][gc,stats]            Memory: Out Of Memory                                     0 / 0                 0 / 0                 0 / 0                 0 / 0           ops/s
[14.667s][info][gc,stats]            Memory: Uncommit                                          0 / 0                 0 / 0                 0 / 0                 0 / 0           MB/s
[14.667s][info][gc,stats]            Memory: Undo Object Allocation Failed                     0 / 0                 0 / 0                 0 / 0                 0 / 0           ops/s
[14.667s][info][gc,stats]            Memory: Undo Object Allocation Succeeded                  0 / 0                 0 / 0                 0 / 0                 0 / 0           ops/s
[14.667s][info][gc,stats]            Memory: Undo Page Allocation                              0 / 0                 0 / 0                 0 / 0                 0 / 0           ops/s
[14.667s][info][gc,stats]  Minor Collection: Minor Collection                              0.000 / 0.000         0.000 / 0.000         0.000 / 0.000         0.000 / 0.000       ms
[14.667s][info][gc,stats]    Old Generation: Old Generation                             1300.529 / 2597.181   1300.529 / 2597.181   1300.529 / 2597.181   1300.529 / 2597.181    ms
[14.667s][info][gc,stats]         Old Pause: Pause Mark End                                0.011 / 0.015         0.011 / 0.015         0.011 / 0.015         0.011 / 0.015       ms
[14.667s][info][gc,stats]         Old Pause: Pause Relocate Start                          0.009 / 0.013         0.009 / 0.013         0.009 / 0.013         0.009 / 0.013       ms
[14.667s][info][gc,stats]         Old Phase: Concurrent Mark                            1112.369 / 2224.468   1112.369 / 2224.468   1112.369 / 2224.468   1112.369 / 2224.468    ms
[14.667s][info][gc,stats]         Old Phase: Concurrent Mark Continue                      0.000 / 0.000         0.000 / 0.000         0.000 / 0.000         0.000 / 0.000       ms
[14.667s][info][gc,stats]         Old Phase: Concurrent Mark Free                          0.003 / 0.005         0.003 / 0.005         0.003 / 0.005         0.003 / 0.005       ms
[14.667s][info][gc,stats]         Old Phase: Concurrent Process Non-Strong               171.479 / 340.816     171.479 / 340.816     171.479 / 340.816     171.479 / 340.816     ms
[14.667s][info][gc,stats]         Old Phase: Concurrent Relocate                           0.989 / 1.927         0.989 / 1.927         0.989 / 1.927         0.989 / 1.927       ms
[14.667s][info][gc,stats]         Old Phase: Concurrent Remap Roots                       15.260 / 29.550       15.260 / 29.550       15.260 / 29.550       15.260 / 29.550      ms
[14.667s][info][gc,stats]         Old Phase: Concurrent Reset Relocation Set               0.001 / 0.001         0.001 / 0.001         0.001 / 0.001         0.001 / 0.001       ms
[14.667s][info][gc,stats]         Old Phase: Concurrent Select Relocation Set              0.137 / 0.208         0.137 / 0.208         0.137 / 0.208         0.137 / 0.208       ms
[14.667s][info][gc,stats]      Old Subphase: Concurrent Classes Purge                      0.188 / 0.359         0.188 / 0.359         0.188 / 0.359         0.188 / 0.359       ms
[14.667s][info][gc,stats]      Old Subphase: Concurrent Classes Unlink                     1.230 / 1.475         1.230 / 1.475         1.230 / 1.475         1.230 / 1.475       ms
[14.667s][info][gc,stats]      Old Subphase: Concurrent Mark Follow                     1112.235 / 2224.362   1112.235 / 2224.362   1112.235 / 2224.362   1112.235 / 2224.362    ms
[14.667s][info][gc,stats]      Old Subphase: Concurrent Mark Root Colored                  0.028 / 0.087         0.028 / 0.087         0.028 / 0.087         0.028 / 0.087       ms
[14.667s][info][gc,stats]      Old Subphase: Concurrent Mark Root Uncolored                0.032 / 0.100         0.032 / 0.100         0.032 / 0.100         0.032 / 0.100       ms
[14.667s][info][gc,stats]      Old Subphase: Concurrent Mark Roots                         0.131 / 0.159         0.131 / 0.159         0.131 / 0.159         0.131 / 0.159       ms
[14.667s][info][gc,stats]      Old Subphase: Concurrent References Enqueue                 0.002 / 0.004         0.002 / 0.004         0.002 / 0.004         0.002 / 0.004       ms
[14.667s][info][gc,stats]      Old Subphase: Concurrent References Process               169.611 / 339.210     169.611 / 339.210     169.611 / 339.210     169.611 / 339.210     ms
[14.667s][info][gc,stats]      Old Subphase: Concurrent Remap Remembered                  14.541 / 29.146       14.541 / 29.146       14.541 / 29.146       14.541 / 29.146      ms
[14.667s][info][gc,stats]      Old Subphase: Concurrent Remap Roots Colored                0.383 / 0.734         0.383 / 0.734         0.383 / 0.734         0.383 / 0.734       ms
[14.667s][info][gc,stats]      Old Subphase: Concurrent Remap Roots Uncolored              0.179 / 0.181         0.179 / 0.181         0.179 / 0.181         0.179 / 0.181       ms
[14.667s][info][gc,stats]      Old Subphase: Concurrent Roots ClassLoaderDataGraph         0.248 / 0.686         0.248 / 0.686         0.248 / 0.686         0.248 / 0.686       ms
[14.667s][info][gc,stats]      Old Subphase: Concurrent Roots CodeCache                    0.177 / 0.178         0.177 / 0.178         0.177 / 0.178         0.177 / 0.178       ms
[14.667s][info][gc,stats]      Old Subphase: Concurrent Roots JavaThreads                  0.013 / 0.099         0.013 / 0.099         0.013 / 0.099         0.013 / 0.099       ms
[14.667s][info][gc,stats]      Old Subphase: Concurrent Roots OopStorageSet                0.008 / 0.013         0.008 / 0.013         0.008 / 0.013         0.008 / 0.013       ms
[14.667s][info][gc,stats]      Old Subphase: Concurrent Weak Roots OopStorageSet           0.085 / 0.202         0.085 / 0.202         0.085 / 0.202         0.085 / 0.202       ms
[14.667s][info][gc,stats]            System: Java Threads                                     11 / 11               11 / 11               11 / 11               11 / 11          threads
[14.667s][info][gc,stats]  Young Generation: Young Generation                           1951.715 / 1951.715   1951.715 / 1951.715   1951.715 / 1951.715   1951.715 / 1951.715    ms
[14.667s][info][gc,stats]  Young Generation: Young Generation                              0.000 / 0.000         0.000 / 0.000         0.000 / 0.000         0.000 / 0.000       ms
[14.667s][info][gc,stats]  Young Generation: Young Generation (Collect Roots)              4.006 / 4.006         4.006 / 4.006         4.006 / 4.006         4.006 / 4.006       ms
[14.667s][info][gc,stats]  Young Generation: Young Generation (Promote All)             3081.805 / 3081.805   3081.805 / 3081.805   3081.805 / 3081.805   3081.805 / 3081.805    ms
[14.667s][info][gc,stats]       Young Pause: Pause Mark End                                0.012 / 0.013         0.012 / 0.013         0.012 / 0.013         0.012 / 0.013       ms
[14.667s][info][gc,stats]       Young Pause: Pause Mark Start                              0.005 / 0.005         0.005 / 0.005         0.005 / 0.005         0.005 / 0.005       ms
[14.667s][info][gc,stats]       Young Pause: Pause Mark Start (Major)                      0.017 / 0.017         0.016 / 0.017         0.016 / 0.017         0.016 / 0.017       ms
[14.667s][info][gc,stats]       Young Pause: Pause Relocate Start                          0.008 / 0.012         0.008 / 0.012         0.008 / 0.012         0.008 / 0.012       ms
[14.667s][info][gc,stats]       Young Phase: Concurrent Mark                            1486.803 / 2515.456   1486.803 / 2515.456   1486.803 / 2515.456   1486.803 / 2515.456    ms
[14.667s][info][gc,stats]       Young Phase: Concurrent Mark Continue                      0.000 / 0.000         0.000 / 0.000         0.000 / 0.000         0.000 / 0.000       ms
[14.667s][info][gc,stats]       Young Phase: Concurrent Mark Free                          0.004 / 0.006         0.004 / 0.006         0.004 / 0.006         0.004 / 0.006       ms
[14.667s][info][gc,stats]       Young Phase: Concurrent Relocate                         135.345 / 403.376     135.345 / 403.376     135.345 / 403.376     135.345 / 403.376     ms
[14.667s][info][gc,stats]       Young Phase: Concurrent Reset Relocation Set               0.039 / 0.113         0.039 / 0.113         0.039 / 0.113         0.039 / 0.113       ms
[14.667s][info][gc,stats]       Young Phase: Concurrent Select Relocation Set             56.588 / 162.584      56.588 / 162.584      56.588 / 162.584      56.588 / 162.584     ms
[14.667s][info][gc,stats]    Young Subphase: Concurrent Mark Follow                     1483.589 / 2514.078   1483.589 / 2514.078   1483.589 / 2514.078   1483.589 / 2514.078    ms
[14.667s][info][gc,stats]    Young Subphase: Concurrent Mark Root Colored                  0.870 / 1.156         2.777 / 6.668         2.777 / 6.668         2.777 / 6.668       ms
[14.667s][info][gc,stats]    Young Subphase: Concurrent Mark Root Uncolored                0.205 / 0.229         0.265 / 0.388         0.265 / 0.388         0.265 / 0.388       ms
[14.667s][info][gc,stats]    Young Subphase: Concurrent Mark Roots                         1.211 / 1.376         3.212 / 7.214         3.212 / 7.214         3.212 / 7.214       ms
[14.667s][info][gc,stats]    Young Subphase: Concurrent Relocate Remset FP               133.406 / 400.191     133.406 / 400.191     133.406 / 400.191     133.406 / 400.191     ms
[14.667s][info][gc,stats]    Young Subphase: Concurrent Roots ClassLoaderDataGraph         0.733 / 0.953         0.761 / 0.953         0.761 / 0.953         0.761 / 0.953       ms
[14.667s][info][gc,stats]    Young Subphase: Concurrent Roots CodeCache                    0.183 / 0.205         0.218 / 0.323         0.218 / 0.323         0.218 / 0.323       ms
[14.667s][info][gc,stats]    Young Subphase: Concurrent Roots JavaThreads                  0.009 / 0.027         0.024 / 0.129         0.024 / 0.129         0.024 / 0.129       ms
[14.667s][info][gc,stats]    Young Subphase: Concurrent Roots OopStorageSet                0.020 / 0.061         1.983 / 5.324         1.983 / 5.324         1.983 / 5.324       ms
[14.667s][info][gc,stats]    Young Subphase: Concurrent Weak Roots OopStorageSet           0.118 / 0.170         0.251 / 0.593         0.251 / 0.593         0.251 / 0.593       ms
[14.667s][info][gc,stats] =========================================================================================================================================================
