
=== RUN 84/100 (GA clear_path_dyn) ===

[0.032s][info][gc,ref] Reference Processor created, Macros: ZUseSeparateDiscoveredLists=0, ZUseDynamicArray=1, ZUseOptimisedClearPath=1
WeakRefSingleObjectBenchmark: weakRefCount=10000000 sleepMillis=500

=== Iteration 1 ===
Phase 1: Allocating the single target object...
Phase 2: Allocating 10000000 WeakReferences in random order...
Allocated 10000000 weak ref holders in 1.23 seconds
Phase 3: Sleeping for 500 ms (strong ref still held)...
Phase 4: Releasing the strong reference to the target object...
Phase 5: Triggering GC...
[5.918s][info][gc,ref] GC(0) O:                           Encountered       Discovered Cleared/Enqueued 
[5.918s][info][gc,ref] GC(0) O: Soft References:                  238                0                0 
[5.918s][info][gc,ref] GC(0) O: Weak References:                 1330                0                0 
[5.918s][info][gc,ref] GC(0) O: Weak (No Queue):              7054236                0                0 
[5.918s][info][gc,ref] GC(0) O: Weak Fields:                        0                0                0 
[5.918s][info][gc,ref] GC(0) O: Final References:                   0                0                0 
[5.918s][info][gc,ref] GC(0) O: Phantom References:                 1                0                0 
[11.750s][info][gc,ref] GC(1) O:                           Encountered       Discovered Cleared/Enqueued 
[11.750s][info][gc,ref] GC(1) O: Soft References:                  238                0                0 
[11.750s][info][gc,ref] GC(1) O: Weak References:                 1330              688              330 
[11.750s][info][gc,ref] GC(1) O: Weak (No Queue):             10000003         10000000         10000000 
[11.750s][info][gc,ref] GC(1) O: Weak Fields:                        0                0                0 
[11.750s][info][gc,ref] GC(1) O: Final References:                   0                0                0 
[11.750s][info][gc,ref] GC(1) O: Phantom References:                 1                1                0 
Phase 6: Checking results...
Alive weak references after GC: 0 / 10000000
[14.728s][info][gc,stats] === Garbage Collection Statistics =======================================================================================================================
[14.728s][info][gc,stats]                                                              Last 10s              Last 10m              Last 10h                Total
[14.728s][info][gc,stats]                                                              Avg / Max             Avg / Max             Avg / Max             Avg / Max
[14.728s][info][gc,stats]        Contention: Mark Segment Reset Contention                     0 / 4                 3 / 37                3 / 37                3 / 37          ops/s
[14.728s][info][gc,stats]        Contention: Mark SeqNum Reset Contention                      0 / 2                 0 / 2                 0 / 2                 0 / 2           ops/s
[14.728s][info][gc,stats]          Critical: Allocation Stall                                  0 / 0                 0 / 0                 0 / 0                 0 / 0           ops/s
[14.728s][info][gc,stats]          Critical: Allocation Stall                              0.000 / 0.000         0.000 / 0.000         0.000 / 0.000         0.000 / 0.000       ms
[14.728s][info][gc,stats]          Critical: JNI Critical Stall                                0 / 0                 0 / 0                 0 / 0                 0 / 0           ops/s
[14.728s][info][gc,stats]          Critical: JNI Critical Stall                            0.000 / 0.000         0.000 / 0.000         0.000 / 0.000         0.000 / 0.000       ms
[14.728s][info][gc,stats]          Critical: Relocation Stall                                  0 / 0                 0 / 0                 0 / 0                 0 / 0           ops/s
[14.728s][info][gc,stats]          Critical: Relocation Stall                              0.000 / 0.000         0.000 / 0.000         0.000 / 0.000         0.000 / 0.000       ms
[14.728s][info][gc,stats]  Major Collection: Major Collection                           3864.737 / 5831.784   3864.737 / 5831.784   3864.737 / 5831.784   3864.737 / 5831.784    ms
[14.728s][info][gc,stats]            Memory: Allocation Rate                                   0 / 2                71 / 666              71 / 666              71 / 666         MB/s
[14.728s][info][gc,stats]            Memory: Defragment                                        0 / 0                 0 / 0                 0 / 0                 0 / 0           ops/s
[14.728s][info][gc,stats]            Memory: Mapped Cache Harvest                              0 / 0                 0 / 0                 0 / 0                 0 / 0           MB/s
[14.728s][info][gc,stats]            Memory: Out Of Memory                                     0 / 0                 0 / 0                 0 / 0                 0 / 0           ops/s
[14.728s][info][gc,stats]            Memory: Uncommit                                          0 / 0                 0 / 0                 0 / 0                 0 / 0           MB/s
[14.728s][info][gc,stats]            Memory: Undo Object Allocation Failed                     0 / 0                 0 / 0                 0 / 0                 0 / 0           ops/s
[14.728s][info][gc,stats]            Memory: Undo Object Allocation Succeeded                  0 / 0                 0 / 0                 0 / 0                 0 / 0           ops/s
[14.728s][info][gc,stats]            Memory: Undo Page Allocation                              0 / 0                 0 / 0                 0 / 0                 0 / 0           ops/s
[14.728s][info][gc,stats]  Minor Collection: Minor Collection                              0.000 / 0.000         0.000 / 0.000         0.000 / 0.000         0.000 / 0.000       ms
[14.728s][info][gc,stats]    Old Generation: Old Generation                             1354.984 / 2705.867   1354.984 / 2705.867   1354.984 / 2705.867   1354.984 / 2705.867    ms
[14.728s][info][gc,stats]         Old Pause: Pause Mark End                                0.010 / 0.013         0.010 / 0.013         0.010 / 0.013         0.010 / 0.013       ms
[14.728s][info][gc,stats]         Old Pause: Pause Relocate Start                          0.012 / 0.013         0.012 / 0.013         0.012 / 0.013         0.012 / 0.013       ms
[14.728s][info][gc,stats]         Old Phase: Concurrent Mark                            1182.307 / 2364.270   1182.307 / 2364.270   1182.307 / 2364.270   1182.307 / 2364.270    ms
[14.728s][info][gc,stats]         Old Phase: Concurrent Mark Continue                      0.000 / 0.000         0.000 / 0.000         0.000 / 0.000         0.000 / 0.000       ms
[14.728s][info][gc,stats]         Old Phase: Concurrent Mark Free                          0.003 / 0.005         0.003 / 0.005         0.003 / 0.005         0.003 / 0.005       ms
[14.728s][info][gc,stats]         Old Phase: Concurrent Process Non-Strong               156.158 / 310.012     156.158 / 310.012     156.158 / 310.012     156.158 / 310.012     ms
[14.728s][info][gc,stats]         Old Phase: Concurrent Relocate                           1.291 / 2.542         1.291 / 2.542         1.291 / 2.542         1.291 / 2.542       ms
[14.728s][info][gc,stats]         Old Phase: Concurrent Remap Roots                       14.740 / 28.563       14.740 / 28.563       14.740 / 28.563       14.740 / 28.563      ms
[14.728s][info][gc,stats]         Old Phase: Concurrent Reset Relocation Set               0.001 / 0.001         0.001 / 0.001         0.001 / 0.001         0.001 / 0.001       ms
[14.728s][info][gc,stats]         Old Phase: Concurrent Select Relocation Set              0.167 / 0.284         0.167 / 0.284         0.167 / 0.284         0.167 / 0.284       ms
[14.728s][info][gc,stats]      Old Subphase: Concurrent Classes Purge                      0.214 / 0.411         0.214 / 0.411         0.214 / 0.411         0.214 / 0.411       ms
[14.728s][info][gc,stats]      Old Subphase: Concurrent Classes Unlink                     1.267 / 1.547         1.267 / 1.547         1.267 / 1.547         1.267 / 1.547       ms
[14.728s][info][gc,stats]      Old Subphase: Concurrent Mark Follow                     1182.140 / 2364.135   1182.140 / 2364.135   1182.140 / 2364.135   1182.140 / 2364.135    ms
[14.728s][info][gc,stats]      Old Subphase: Concurrent Mark Root Colored                  0.025 / 0.082         0.025 / 0.082         0.025 / 0.082         0.025 / 0.082       ms
[14.728s][info][gc,stats]      Old Subphase: Concurrent Mark Root Uncolored                0.032 / 0.089         0.032 / 0.089         0.032 / 0.089         0.032 / 0.089       ms
[14.728s][info][gc,stats]      Old Subphase: Concurrent Mark Roots                         0.163 / 0.196         0.163 / 0.196         0.163 / 0.196         0.163 / 0.196       ms
[14.728s][info][gc,stats]      Old Subphase: Concurrent References Enqueue                 0.002 / 0.004         0.002 / 0.004         0.002 / 0.004         0.002 / 0.004       ms
[14.728s][info][gc,stats]      Old Subphase: Concurrent References Process               154.256 / 308.496     154.256 / 308.496     154.256 / 308.496     154.256 / 308.496     ms
[14.728s][info][gc,stats]      Old Subphase: Concurrent Remap Remembered                  14.014 / 28.138       14.014 / 28.138       14.014 / 28.138       14.014 / 28.138      ms
[14.728s][info][gc,stats]      Old Subphase: Concurrent Remap Roots Colored                0.363 / 0.701         0.363 / 0.701         0.363 / 0.701         0.363 / 0.701       ms
[14.728s][info][gc,stats]      Old Subphase: Concurrent Remap Roots Uncolored              0.189 / 0.202         0.189 / 0.202         0.189 / 0.202         0.189 / 0.202       ms
[14.728s][info][gc,stats]      Old Subphase: Concurrent Roots ClassLoaderDataGraph         0.232 / 0.649         0.232 / 0.649         0.232 / 0.649         0.232 / 0.649       ms
[14.728s][info][gc,stats]      Old Subphase: Concurrent Roots CodeCache                    0.188 / 0.200         0.188 / 0.200         0.188 / 0.200         0.188 / 0.200       ms
[14.728s][info][gc,stats]      Old Subphase: Concurrent Roots JavaThreads                  0.012 / 0.088         0.012 / 0.088         0.012 / 0.088         0.012 / 0.088       ms
[14.728s][info][gc,stats]      Old Subphase: Concurrent Roots OopStorageSet                0.006 / 0.014         0.006 / 0.014         0.006 / 0.014         0.006 / 0.014       ms
[14.728s][info][gc,stats]      Old Subphase: Concurrent Weak Roots OopStorageSet           0.091 / 0.228         0.091 / 0.228         0.091 / 0.228         0.091 / 0.228       ms
[14.728s][info][gc,stats]            System: Java Threads                                     11 / 11               11 / 11               11 / 11               11 / 11          threads
[14.728s][info][gc,stats]  Young Generation: Young Generation                           1893.495 / 1893.495   1893.495 / 1893.495   1893.495 / 1893.495   1893.495 / 1893.495    ms
[14.728s][info][gc,stats]  Young Generation: Young Generation                              0.000 / 0.000         0.000 / 0.000         0.000 / 0.000         0.000 / 0.000       ms
[14.728s][info][gc,stats]  Young Generation: Young Generation (Collect Roots)              4.356 / 4.356         4.356 / 4.356         4.356 / 4.356         4.356 / 4.356       ms
[14.728s][info][gc,stats]  Young Generation: Young Generation (Promote All)             3121.449 / 3121.449   3121.449 / 3121.449   3121.449 / 3121.449   3121.449 / 3121.449    ms
[14.728s][info][gc,stats]       Young Pause: Pause Mark End                                0.011 / 0.013         0.011 / 0.013         0.011 / 0.013         0.011 / 0.013       ms
[14.728s][info][gc,stats]       Young Pause: Pause Mark Start                              0.010 / 0.010         0.010 / 0.010         0.010 / 0.010         0.010 / 0.010       ms
[14.728s][info][gc,stats]       Young Pause: Pause Mark Start (Major)                      0.016 / 0.016         0.016 / 0.016         0.016 / 0.016         0.016 / 0.016       ms
[14.728s][info][gc,stats]       Young Pause: Pause Relocate Start                          0.007 / 0.013         0.007 / 0.013         0.007 / 0.013         0.007 / 0.013       ms
[14.728s][info][gc,stats]       Young Phase: Concurrent Mark                            1479.197 / 2545.645   1479.197 / 2545.645   1479.197 / 2545.645   1479.197 / 2545.645    ms
[14.728s][info][gc,stats]       Young Phase: Concurrent Mark Continue                      0.000 / 0.000         0.000 / 0.000         0.000 / 0.000         0.000 / 0.000       ms
[14.728s][info][gc,stats]       Young Phase: Concurrent Mark Free                          0.004 / 0.006         0.004 / 0.006         0.004 / 0.006         0.004 / 0.006       ms
[14.728s][info][gc,stats]       Young Phase: Concurrent Relocate                         135.400 / 403.023     135.400 / 403.023     135.400 / 403.023     135.400 / 403.023     ms
[14.728s][info][gc,stats]       Young Phase: Concurrent Reset Relocation Set               0.040 / 0.115         0.040 / 0.115         0.040 / 0.115         0.040 / 0.115       ms
[14.728s][info][gc,stats]       Young Phase: Concurrent Select Relocation Set             58.108 / 172.483      58.108 / 172.483      58.108 / 172.483      58.108 / 172.483     ms
[14.728s][info][gc,stats]    Young Subphase: Concurrent Mark Follow                     1475.796 / 2544.258   1475.796 / 2544.258   1475.796 / 2544.258   1475.796 / 2544.258    ms
[14.728s][info][gc,stats]    Young Subphase: Concurrent Mark Root Colored                  0.915 / 1.118         2.942 / 7.034         2.942 / 7.034         2.942 / 7.034       ms
[14.728s][info][gc,stats]    Young Subphase: Concurrent Mark Root Uncolored                0.243 / 0.249         0.286 / 0.373         0.286 / 0.373         0.286 / 0.373       ms
[14.728s][info][gc,stats]    Young Subphase: Concurrent Mark Roots                         1.304 / 1.384         3.398 / 7.587         3.398 / 7.587         3.398 / 7.587       ms
[14.729s][info][gc,stats]    Young Subphase: Concurrent Relocate Remset FP               132.890 / 398.635     132.890 / 398.635     132.890 / 398.635     132.890 / 398.635     ms
[14.729s][info][gc,stats]    Young Subphase: Concurrent Roots ClassLoaderDataGraph         0.768 / 0.942         0.805 / 0.942         0.805 / 0.942         0.805 / 0.942       ms
[14.729s][info][gc,stats]    Young Subphase: Concurrent Roots CodeCache                    0.224 / 0.235         0.241 / 0.315         0.241 / 0.315         0.241 / 0.315       ms
[14.729s][info][gc,stats]    Young Subphase: Concurrent Roots JavaThreads                  0.009 / 0.026         0.023 / 0.133         0.023 / 0.133         0.023 / 0.133       ms
[14.729s][info][gc,stats]    Young Subphase: Concurrent Roots OopStorageSet                0.012 / 0.020         2.448 / 5.745         2.448 / 5.745         2.448 / 5.745       ms
[14.729s][info][gc,stats]    Young Subphase: Concurrent Weak Roots OopStorageSet           0.137 / 0.156         0.230 / 0.420         0.230 / 0.420         0.230 / 0.420       ms
[14.729s][info][gc,stats] =========================================================================================================================================================
