
=== RUN 84/100 (GA all) ===

[0.026s][info][gc,ref] Reference Processor created, Macros: ZUseSeparateDiscoveredLists=1, ZUseDynamicArray=1, ZUseOptimisedClearPath=1
WeakRefSingleObjectBenchmark: weakRefCount=10000000 sleepMillis=500

=== Iteration 1 ===
Phase 1: Allocating the single target object...
Phase 2: Allocating 10000000 WeakReferences in random order...
Allocated 10000000 weak ref holders in 1.23 seconds
Phase 3: Sleeping for 500 ms (strong ref still held)...
Phase 4: Releasing the strong reference to the target object...
Phase 5: Triggering GC...
[5.649s][info][gc,ref] GC(0) O:                           Encountered       Discovered Cleared/Enqueued 
[5.649s][info][gc,ref] GC(0) O: Soft References:                  238                0                0 
[5.649s][info][gc,ref] GC(0) O: Weak References:                 1330                0                0 
[5.649s][info][gc,ref] GC(0) O: Weak (No Queue):              7069019                0                0 
[5.649s][info][gc,ref] GC(0) O: Weak Fields:                        0                0                0 
[5.649s][info][gc,ref] GC(0) O: Final References:                   0                0                0 
[5.649s][info][gc,ref] GC(0) O: Phantom References:                 1                0                0 
[11.193s][info][gc,ref] GC(1) O:                           Encountered       Discovered Cleared/Enqueued 
[11.193s][info][gc,ref] GC(1) O: Soft References:                  238                0                0 
[11.193s][info][gc,ref] GC(1) O: Weak References:                 1330             1048              330 
[11.193s][info][gc,ref] GC(1) O: Weak (No Queue):             10000003         10000000         10000000 
[11.193s][info][gc,ref] GC(1) O: Weak Fields:                        0                0                0 
[11.193s][info][gc,ref] GC(1) O: Final References:                   0                0                0 
[11.193s][info][gc,ref] GC(1) O: Phantom References:                 1                0                0 
Phase 6: Checking results...
Alive weak references after GC: 0 / 10000000
[14.151s][info][gc,stats] === Garbage Collection Statistics =======================================================================================================================
[14.151s][info][gc,stats]                                                              Last 10s              Last 10m              Last 10h                Total
[14.151s][info][gc,stats]                                                              Avg / Max             Avg / Max             Avg / Max             Avg / Max
[14.151s][info][gc,stats]        Contention: Mark Segment Reset Contention                     2 / 17                1 / 17                1 / 17                1 / 17          ops/s
[14.151s][info][gc,stats]        Contention: Mark SeqNum Reset Contention                      0 / 3                 0 / 3                 0 / 3                 0 / 3           ops/s
[14.151s][info][gc,stats]          Critical: Allocation Stall                                  0 / 0                 0 / 0                 0 / 0                 0 / 0           ops/s
[14.151s][info][gc,stats]          Critical: Allocation Stall                              0.000 / 0.000         0.000 / 0.000         0.000 / 0.000         0.000 / 0.000       ms
[14.152s][info][gc,stats]          Critical: JNI Critical Stall                                0 / 0                 0 / 0                 0 / 0                 0 / 0           ops/s
[14.152s][info][gc,stats]          Critical: JNI Critical Stall                            0.000 / 0.000         0.000 / 0.000         0.000 / 0.000         0.000 / 0.000       ms
[14.152s][info][gc,stats]          Critical: Relocation Stall                                  0 / 0                 0 / 0                 0 / 0                 0 / 0           ops/s
[14.152s][info][gc,stats]          Critical: Relocation Stall                              0.000 / 0.000         0.000 / 0.000         0.000 / 0.000         0.000 / 0.000       ms
[14.152s][info][gc,stats]  Major Collection: Major Collection                           3616.536 / 5544.150   3616.536 / 5544.150   3616.536 / 5544.150   3616.536 / 5544.150    ms
[14.152s][info][gc,stats]            Memory: Allocation Rate                                  58 / 584              76 / 584              76 / 584              76 / 584         MB/s
[14.152s][info][gc,stats]            Memory: Defragment                                        0 / 0                 0 / 0                 0 / 0                 0 / 0           ops/s
[14.152s][info][gc,stats]            Memory: Mapped Cache Harvest                              0 / 0                 0 / 0                 0 / 0                 0 / 0           MB/s
[14.152s][info][gc,stats]            Memory: Out Of Memory                                     0 / 0                 0 / 0                 0 / 0                 0 / 0           ops/s
[14.152s][info][gc,stats]            Memory: Uncommit                                          0 / 0                 0 / 0                 0 / 0                 0 / 0           MB/s
[14.152s][info][gc,stats]            Memory: Undo Object Allocation Failed                     0 / 0                 0 / 0                 0 / 0                 0 / 0           ops/s
[14.152s][info][gc,stats]            Memory: Undo Object Allocation Succeeded                  0 / 0                 0 / 0                 0 / 0                 0 / 0           ops/s
[14.152s][info][gc,stats]            Memory: Undo Page Allocation                              0 / 0                 0 / 0                 0 / 0                 0 / 0           ops/s
[14.152s][info][gc,stats]  Minor Collection: Minor Collection                              0.000 / 0.000         0.000 / 0.000         0.000 / 0.000         0.000 / 0.000       ms
[14.152s][info][gc,stats]    Old Generation: Old Generation                             1257.166 / 2510.431   1257.166 / 2510.431   1257.166 / 2510.431   1257.166 / 2510.431    ms
[14.152s][info][gc,stats]         Old Pause: Pause Mark End                                0.012 / 0.015         0.012 / 0.015         0.012 / 0.015         0.012 / 0.015       ms
[14.152s][info][gc,stats]         Old Pause: Pause Relocate Start                          0.010 / 0.014         0.010 / 0.014         0.010 / 0.014         0.010 / 0.014       ms
[14.152s][info][gc,stats]         Old Phase: Concurrent Mark                            1167.708 / 2335.075   1167.708 / 2335.075   1167.708 / 2335.075   1167.708 / 2335.075    ms
[14.152s][info][gc,stats]         Old Phase: Concurrent Mark Continue                      0.000 / 0.000         0.000 / 0.000         0.000 / 0.000         0.000 / 0.000       ms
[14.152s][info][gc,stats]         Old Phase: Concurrent Mark Free                          0.003 / 0.007         0.003 / 0.007         0.003 / 0.007         0.003 / 0.007       ms
[14.152s][info][gc,stats]         Old Phase: Concurrent Process Non-Strong                74.080 / 146.032      74.080 / 146.032      74.080 / 146.032      74.080 / 146.032     ms
[14.152s][info][gc,stats]         Old Phase: Concurrent Relocate                           0.086 / 0.139         0.086 / 0.139         0.086 / 0.139         0.086 / 0.139       ms
[14.152s][info][gc,stats]         Old Phase: Concurrent Remap Roots                       14.922 / 28.946       14.922 / 28.946       14.922 / 28.946       14.922 / 28.946      ms
[14.152s][info][gc,stats]         Old Phase: Concurrent Reset Relocation Set               0.000 / 0.001         0.000 / 0.001         0.000 / 0.001         0.000 / 0.001       ms
[14.152s][info][gc,stats]         Old Phase: Concurrent Select Relocation Set              0.057 / 0.064         0.057 / 0.064         0.057 / 0.064         0.057 / 0.064       ms
[14.152s][info][gc,stats]      Old Subphase: Concurrent Classes Purge                      0.199 / 0.380         0.199 / 0.380         0.199 / 0.380         0.199 / 0.380       ms
[14.152s][info][gc,stats]      Old Subphase: Concurrent Classes Unlink                     1.249 / 1.470         1.249 / 1.470         1.249 / 1.470         1.249 / 1.470       ms
[14.152s][info][gc,stats]      Old Subphase: Concurrent Mark Follow                     1167.536 / 2334.900   1167.536 / 2334.900   1167.536 / 2334.900   1167.536 / 2334.900    ms
[14.152s][info][gc,stats]      Old Subphase: Concurrent Mark Root Colored                  0.028 / 0.099         0.028 / 0.099         0.028 / 0.099         0.028 / 0.099       ms
[14.152s][info][gc,stats]      Old Subphase: Concurrent Mark Root Uncolored                0.033 / 0.081         0.033 / 0.081         0.033 / 0.081         0.033 / 0.081       ms
[14.152s][info][gc,stats]      Old Subphase: Concurrent Mark Roots                         0.169 / 0.172         0.169 / 0.172         0.169 / 0.172         0.169 / 0.172       ms
[14.152s][info][gc,stats]      Old Subphase: Concurrent References Enqueue                 0.002 / 0.004         0.002 / 0.004         0.002 / 0.004         0.002 / 0.004       ms
[14.152s][info][gc,stats]      Old Subphase: Concurrent References Process                72.215 / 144.417      72.215 / 144.417      72.215 / 144.417      72.215 / 144.417     ms
[14.152s][info][gc,stats]      Old Subphase: Concurrent Remap Remembered                  14.225 / 28.532       14.225 / 28.532       14.225 / 28.532       14.225 / 28.532      ms
[14.152s][info][gc,stats]      Old Subphase: Concurrent Remap Roots Colored                0.357 / 0.691         0.357 / 0.691         0.357 / 0.691         0.357 / 0.691       ms
[14.152s][info][gc,stats]      Old Subphase: Concurrent Remap Roots Uncolored              0.191 / 0.199         0.191 / 0.199         0.191 / 0.199         0.191 / 0.199       ms
[14.152s][info][gc,stats]      Old Subphase: Concurrent Roots ClassLoaderDataGraph         0.233 / 0.652         0.233 / 0.652         0.233 / 0.652         0.233 / 0.652       ms
[14.152s][info][gc,stats]      Old Subphase: Concurrent Roots CodeCache                    0.189 / 0.196         0.189 / 0.196         0.189 / 0.196         0.189 / 0.196       ms
[14.152s][info][gc,stats]      Old Subphase: Concurrent Roots JavaThreads                  0.013 / 0.081         0.013 / 0.081         0.013 / 0.081         0.013 / 0.081       ms
[14.152s][info][gc,stats]      Old Subphase: Concurrent Roots OopStorageSet                0.007 / 0.014         0.007 / 0.014         0.007 / 0.014         0.007 / 0.014       ms
[14.152s][info][gc,stats]      Old Subphase: Concurrent Weak Roots OopStorageSet           0.092 / 0.193         0.092 / 0.193         0.092 / 0.193         0.092 / 0.193       ms
[14.152s][info][gc,stats]            System: Java Threads                                     11 / 11               11 / 11               11 / 11               11 / 11          threads
[14.152s][info][gc,stats]  Young Generation: Young Generation                           1684.938 / 1684.938   1684.938 / 1684.938   1684.938 / 1684.938   1684.938 / 1684.938    ms
[14.152s][info][gc,stats]  Young Generation: Young Generation                              0.000 / 0.000         0.000 / 0.000         0.000 / 0.000         0.000 / 0.000       ms
[14.152s][info][gc,stats]  Young Generation: Young Generation (Collect Roots)              3.851 / 3.851         3.851 / 3.851         3.851 / 3.851         3.851 / 3.851       ms
[14.152s][info][gc,stats]  Young Generation: Young Generation (Promote All)             3029.763 / 3029.763   3029.763 / 3029.763   3029.763 / 3029.763   3029.763 / 3029.763    ms
[14.152s][info][gc,stats]       Young Pause: Pause Mark End                                0.012 / 0.013         0.012 / 0.013         0.012 / 0.013         0.012 / 0.013       ms
[14.152s][info][gc,stats]       Young Pause: Pause Mark Start                              0.005 / 0.005         0.005 / 0.005         0.005 / 0.005         0.005 / 0.005       ms
[14.152s][info][gc,stats]       Young Pause: Pause Mark Start (Major)                      0.017 / 0.017         0.017 / 0.017         0.017 / 0.017         0.017 / 0.017       ms
[14.152s][info][gc,stats]       Young Pause: Pause Relocate Start                          0.009 / 0.013         0.009 / 0.013         0.009 / 0.013         0.009 / 0.013       ms
[14.152s][info][gc,stats]       Young Phase: Concurrent Mark                            1382.117 / 2462.364   1382.117 / 2462.364   1382.117 / 2462.364   1382.117 / 2462.364    ms
[14.152s][info][gc,stats]       Young Phase: Concurrent Mark Continue                      0.000 / 0.000         0.000 / 0.000         0.000 / 0.000         0.000 / 0.000       ms
[14.152s][info][gc,stats]       Young Phase: Concurrent Mark Free                          0.003 / 0.004         0.003 / 0.004         0.003 / 0.004         0.003 / 0.004       ms
[14.152s][info][gc,stats]       Young Phase: Concurrent Relocate                         133.660 / 398.459     133.660 / 398.459     133.660 / 398.459     133.660 / 398.459     ms
[14.152s][info][gc,stats]       Young Phase: Concurrent Reset Relocation Set               0.039 / 0.111         0.039 / 0.111         0.039 / 0.111         0.039 / 0.111       ms
[14.152s][info][gc,stats]       Young Phase: Concurrent Select Relocation Set             56.632 / 168.661      56.632 / 168.661      56.632 / 168.661      56.632 / 168.661     ms
[14.152s][info][gc,stats]    Young Subphase: Concurrent Mark Follow                     1378.695 / 2461.011   1378.695 / 2461.011   1378.695 / 2461.011   1378.695 / 2461.011    ms
[14.152s][info][gc,stats]    Young Subphase: Concurrent Mark Root Colored                  2.955 / 7.295         2.955 / 7.295         2.955 / 7.295         2.955 / 7.295       ms
[14.152s][info][gc,stats]    Young Subphase: Concurrent Mark Root Uncolored                0.272 / 0.360         0.272 / 0.360         0.272 / 0.360         0.272 / 0.360       ms
[14.152s][info][gc,stats]    Young Subphase: Concurrent Mark Roots                         3.419 / 7.861         3.419 / 7.861         3.419 / 7.861         3.419 / 7.861       ms
[14.152s][info][gc,stats]    Young Subphase: Concurrent Relocate Remset FP               132.730 / 398.144     132.730 / 398.144     132.730 / 398.144     132.730 / 398.144     ms
[14.152s][info][gc,stats]    Young Subphase: Concurrent Roots ClassLoaderDataGraph         0.743 / 0.929         0.743 / 0.929         0.743 / 0.929         0.743 / 0.929       ms
[14.152s][info][gc,stats]    Young Subphase: Concurrent Roots CodeCache                    0.227 / 0.306         0.227 / 0.306         0.227 / 0.306         0.227 / 0.306       ms
[14.152s][info][gc,stats]    Young Subphase: Concurrent Roots JavaThreads                  0.023 / 0.131         0.023 / 0.131         0.023 / 0.131         0.023 / 0.131       ms
[14.152s][info][gc,stats]    Young Subphase: Concurrent Roots OopStorageSet                3.427 / 5.828         3.427 / 5.828         3.427 / 5.828         3.427 / 5.828       ms
[14.152s][info][gc,stats]    Young Subphase: Concurrent Weak Roots OopStorageSet           0.306 / 0.751         0.306 / 0.751         0.306 / 0.751         0.306 / 0.751       ms
[14.152s][info][gc,stats] =========================================================================================================================================================
