
=== RUN 49/100 (GA weak_fields) ===

[0.028s][info][gc,ref] Reference Processor created, Macros: ZUseSeparateDiscoveredLists=0, ZUseDynamicArray=0, ZUseOptimisedClearPath=0
WeakFieldSingleObjectBenchmark: weakRefCount=10000000 sleepMillis=500

=== Iteration 1 ===
Phase 1: Allocating the single target object...
Phase 2: Allocating 10000000 weak holders in random order...
Allocated 10000000 weak holders in 0.82 seconds
Phase 3: Sleeping for 500 ms (strong ref still held)...
Phase 4: Releasing the strong reference to the target object...
Phase 5: Triggering GC...
[6.591s][info][gc,ref] GC(0) O:                           Encountered       Discovered Cleared/Enqueued 
[6.591s][info][gc,ref] GC(0) O: Soft References:                  238                0                0 
[6.591s][info][gc,ref] GC(0) O: Weak References:                 1336             1083              332 
[6.591s][info][gc,ref] GC(0) O: Weak (No Queue):                    3                0                0 
[6.591s][info][gc,ref] GC(0) O: Weak Fields:                 10000000         10000000         10000000 
[6.591s][info][gc,ref] GC(0) O: Final References:                   0                0                0 
[6.591s][info][gc,ref] GC(0) O: Phantom References:                 1                0                0 
Phase 6: Checking results...
Alive weak holders after GC: 0 / 10000000
[9.214s][info][gc,stats] === Garbage Collection Statistics =======================================================================================================================
[9.214s][info][gc,stats]                                                              Last 10s              Last 10m              Last 10h                Total
[9.214s][info][gc,stats]                                                              Avg / Max             Avg / Max             Avg / Max             Avg / Max
[9.214s][info][gc,stats]        Contention: Mark Segment Reset Contention                     2 / 16                2 / 16                2 / 16                2 / 16          ops/s
[9.214s][info][gc,stats]        Contention: Mark SeqNum Reset Contention                      0 / 2                 0 / 2                 0 / 2                 0 / 2           ops/s
[9.214s][info][gc,stats]          Critical: Allocation Stall                                  0 / 0                 0 / 0                 0 / 0                 0 / 0           ops/s
[9.214s][info][gc,stats]          Critical: Allocation Stall                              0.000 / 0.000         0.000 / 0.000         0.000 / 0.000         0.000 / 0.000       ms
[9.214s][info][gc,stats]          Critical: JNI Critical Stall                                0 / 0                 0 / 0                 0 / 0                 0 / 0           ops/s
[9.214s][info][gc,stats]          Critical: JNI Critical Stall                            0.000 / 0.000         0.000 / 0.000         0.000 / 0.000         0.000 / 0.000       ms
[9.214s][info][gc,stats]          Critical: Relocation Stall                                  0 / 0                 0 / 0                 0 / 0                 0 / 0           ops/s
[9.214s][info][gc,stats]          Critical: Relocation Stall                              0.000 / 0.000         0.000 / 0.000         0.000 / 0.000         0.000 / 0.000       ms
[9.214s][info][gc,stats]  Major Collection: Major Collection                           2314.607 / 2314.607   2314.607 / 2314.607   2314.607 / 2314.607   2314.607 / 2314.607    ms
[9.214s][info][gc,stats]            Memory: Allocation Rate                                  66 / 196              66 / 196              66 / 196              66 / 196         MB/s
[9.214s][info][gc,stats]            Memory: Defragment                                        0 / 0                 0 / 0                 0 / 0                 0 / 0           ops/s
[9.214s][info][gc,stats]            Memory: Mapped Cache Harvest                              0 / 0                 0 / 0                 0 / 0                 0 / 0           MB/s
[9.214s][info][gc,stats]            Memory: Out Of Memory                                     0 / 0                 0 / 0                 0 / 0                 0 / 0           ops/s
[9.214s][info][gc,stats]            Memory: Uncommit                                          0 / 0                 0 / 0                 0 / 0                 0 / 0           MB/s
[9.214s][info][gc,stats]            Memory: Undo Object Allocation Failed                     0 / 0                 0 / 0                 0 / 0                 0 / 0           ops/s
[9.214s][info][gc,stats]            Memory: Undo Object Allocation Succeeded                  0 / 0                 0 / 0                 0 / 0                 0 / 0           ops/s
[9.214s][info][gc,stats]            Memory: Undo Page Allocation                              0 / 0                 0 / 0                 0 / 0                 0 / 0           ops/s
[9.214s][info][gc,stats]  Minor Collection: Minor Collection                              0.000 / 0.000         0.000 / 0.000         0.000 / 0.000         0.000 / 0.000       ms
[9.214s][info][gc,stats]    Old Generation: Old Generation                             1152.764 / 1152.764   1152.764 / 1152.764   1152.764 / 1152.764   1152.764 / 1152.764    ms
[9.214s][info][gc,stats]         Old Pause: Pause Mark End                                0.014 / 0.014         0.014 / 0.014         0.014 / 0.014         0.014 / 0.014       ms
[9.214s][info][gc,stats]         Old Pause: Pause Relocate Start                          0.012 / 0.012         0.012 / 0.012         0.012 / 0.012         0.012 / 0.012       ms
[9.214s][info][gc,stats]         Old Phase: Concurrent Mark                             933.497 / 933.497     933.497 / 933.497     933.497 / 933.497     933.497 / 933.497     ms
[9.214s][info][gc,stats]         Old Phase: Concurrent Mark Continue                      0.000 / 0.000         0.000 / 0.000         0.000 / 0.000         0.000 / 0.000       ms
[9.214s][info][gc,stats]         Old Phase: Concurrent Mark Free                          0.005 / 0.005         0.005 / 0.005         0.005 / 0.005         0.005 / 0.005       ms
[9.214s][info][gc,stats]         Old Phase: Concurrent Process Non-Strong               217.805 / 217.805     217.805 / 217.805     217.805 / 217.805     217.805 / 217.805     ms
[9.214s][info][gc,stats]         Old Phase: Concurrent Relocate                           0.041 / 0.041         0.041 / 0.041         0.041 / 0.041         0.041 / 0.041       ms
[9.214s][info][gc,stats]         Old Phase: Concurrent Remap Roots                        0.901 / 0.901         0.901 / 0.901         0.901 / 0.901         0.901 / 0.901       ms
[9.214s][info][gc,stats]         Old Phase: Concurrent Reset Relocation Set               0.001 / 0.001         0.001 / 0.001         0.001 / 0.001         0.001 / 0.001       ms
[9.214s][info][gc,stats]         Old Phase: Concurrent Select Relocation Set              0.218 / 0.218         0.218 / 0.218         0.218 / 0.218         0.218 / 0.218       ms
[9.214s][info][gc,stats]      Old Subphase: Concurrent Classes Purge                      0.395 / 0.395         0.395 / 0.395         0.395 / 0.395         0.395 / 0.395       ms
[9.214s][info][gc,stats]      Old Subphase: Concurrent Classes Unlink                     1.123 / 1.123         1.123 / 1.123         1.123 / 1.123         1.123 / 1.123       ms
[9.214s][info][gc,stats]      Old Subphase: Concurrent Mark Follow                      933.327 / 933.327     933.327 / 933.327     933.327 / 933.327     933.327 / 933.327     ms
[9.214s][info][gc,stats]      Old Subphase: Concurrent Mark Root Colored                  0.042 / 0.092         0.042 / 0.092         0.042 / 0.092         0.042 / 0.092       ms
[9.214s][info][gc,stats]      Old Subphase: Concurrent Mark Root Uncolored                0.014 / 0.041         0.014 / 0.041         0.014 / 0.041         0.014 / 0.041       ms
[9.214s][info][gc,stats]      Old Subphase: Concurrent Mark Roots                         0.166 / 0.166         0.166 / 0.166         0.166 / 0.166         0.166 / 0.166       ms
[9.214s][info][gc,stats]      Old Subphase: Concurrent References Enqueue                 0.004 / 0.004         0.004 / 0.004         0.004 / 0.004         0.004 / 0.004       ms
[9.214s][info][gc,stats]      Old Subphase: Concurrent References Process               215.899 / 215.899     215.899 / 215.899     215.899 / 215.899     215.899 / 215.899     ms
[9.214s][info][gc,stats]      Old Subphase: Concurrent Remap Remembered                   0.217 / 0.218         0.217 / 0.218         0.217 / 0.218         0.217 / 0.218       ms
[9.214s][info][gc,stats]      Old Subphase: Concurrent Remap Roots Colored                0.057 / 0.085         0.057 / 0.085         0.057 / 0.085         0.057 / 0.085       ms
[9.214s][info][gc,stats]      Old Subphase: Concurrent Remap Roots Uncolored              0.205 / 0.205         0.205 / 0.205         0.205 / 0.205         0.205 / 0.205       ms
[9.214s][info][gc,stats]      Old Subphase: Concurrent Roots ClassLoaderDataGraph         0.034 / 0.071         0.034 / 0.071         0.034 / 0.071         0.034 / 0.071       ms
[9.214s][info][gc,stats]      Old Subphase: Concurrent Roots CodeCache                    0.203 / 0.203         0.203 / 0.203         0.203 / 0.203         0.203 / 0.203       ms
[9.214s][info][gc,stats]      Old Subphase: Concurrent Roots JavaThreads                  0.008 / 0.041         0.008 / 0.041         0.008 / 0.041         0.008 / 0.041       ms
[9.214s][info][gc,stats]      Old Subphase: Concurrent Roots OopStorageSet                0.014 / 0.020         0.014 / 0.020         0.014 / 0.020         0.014 / 0.020       ms
[9.214s][info][gc,stats]      Old Subphase: Concurrent Weak Roots OopStorageSet           0.074 / 0.170         0.074 / 0.170         0.074 / 0.170         0.074 / 0.170       ms
[9.214s][info][gc,stats]            System: Java Threads                                     11 / 11               11 / 11               11 / 11               11 / 11          threads
[9.214s][info][gc,stats]  Young Generation: Young Generation                              0.000 / 0.000         0.000 / 0.000         0.000 / 0.000         0.000 / 0.000       ms
[9.214s][info][gc,stats]  Young Generation: Young Generation                              0.000 / 0.000         0.000 / 0.000         0.000 / 0.000         0.000 / 0.000       ms
[9.214s][info][gc,stats]  Young Generation: Young Generation (Collect Roots)              4.938 / 4.938         4.938 / 4.938         4.938 / 4.938         4.938 / 4.938       ms
[9.214s][info][gc,stats]  Young Generation: Young Generation (Promote All)             1156.774 / 1156.774   1156.774 / 1156.774   1156.774 / 1156.774   1156.774 / 1156.774    ms
[9.214s][info][gc,stats]       Young Pause: Pause Mark End                                0.012 / 0.014         0.012 / 0.014         0.012 / 0.014         0.012 / 0.014       ms
[9.214s][info][gc,stats]       Young Pause: Pause Mark Start                              0.013 / 0.013         0.013 / 0.013         0.013 / 0.013         0.013 / 0.013       ms
[9.214s][info][gc,stats]       Young Pause: Pause Mark Start (Major)                      0.016 / 0.016         0.016 / 0.016         0.016 / 0.016         0.016 / 0.016       ms
[9.214s][info][gc,stats]       Young Pause: Pause Relocate Start                          0.010 / 0.012         0.010 / 0.012         0.010 / 0.012         0.010 / 0.012       ms
[9.214s][info][gc,stats]       Young Phase: Concurrent Mark                             437.142 / 870.596     437.142 / 870.596     437.142 / 870.596     437.142 / 870.596     ms
[9.214s][info][gc,stats]       Young Phase: Concurrent Mark Continue                      0.000 / 0.000         0.000 / 0.000         0.000 / 0.000         0.000 / 0.000       ms
[9.214s][info][gc,stats]       Young Phase: Concurrent Mark Free                          0.004 / 0.004         0.004 / 0.004         0.004 / 0.004         0.004 / 0.004       ms
[9.214s][info][gc,stats]       Young Phase: Concurrent Relocate                         108.090 / 216.092     108.090 / 216.092     108.090 / 216.092     108.090 / 216.092     ms
[9.214s][info][gc,stats]       Young Phase: Concurrent Reset Relocation Set               0.022 / 0.043         0.022 / 0.043         0.022 / 0.043         0.022 / 0.043       ms
[9.214s][info][gc,stats]       Young Phase: Concurrent Select Relocation Set             35.072 / 69.490       35.072 / 69.490       35.072 / 69.490       35.072 / 69.490      ms
[9.214s][info][gc,stats]    Young Subphase: Concurrent Mark Follow                      432.615 / 863.027     432.615 / 863.027     432.615 / 863.027     432.615 / 863.027     ms
[9.214s][info][gc,stats]    Young Subphase: Concurrent Mark Root Colored                  3.907 / 6.929         3.907 / 6.929         3.907 / 6.929         3.907 / 6.929       ms
[9.214s][info][gc,stats]    Young Subphase: Concurrent Mark Root Uncolored                0.373 / 0.461         0.373 / 0.461         0.373 / 0.461         0.373 / 0.461       ms
[9.214s][info][gc,stats]    Young Subphase: Concurrent Mark Roots                         4.524 / 7.565         4.524 / 7.565         4.524 / 7.565         4.524 / 7.565       ms
[9.214s][info][gc,stats]    Young Subphase: Concurrent Relocate Remset FP               105.423 / 210.833     105.423 / 210.833     105.423 / 210.833     105.423 / 210.833     ms
[9.214s][info][gc,stats]    Young Subphase: Concurrent Roots ClassLoaderDataGraph         0.818 / 0.885         0.818 / 0.885         0.818 / 0.885         0.818 / 0.885       ms
[9.214s][info][gc,stats]    Young Subphase: Concurrent Roots CodeCache                    0.307 / 0.404         0.307 / 0.404         0.307 / 0.404         0.307 / 0.404       ms
[9.214s][info][gc,stats]    Young Subphase: Concurrent Roots JavaThreads                  0.034 / 0.170         0.034 / 0.170         0.034 / 0.170         0.034 / 0.170       ms
[9.214s][info][gc,stats]    Young Subphase: Concurrent Roots OopStorageSet                2.800 / 5.639         2.800 / 5.639         2.800 / 5.639         2.800 / 5.639       ms
[9.214s][info][gc,stats]    Young Subphase: Concurrent Weak Roots OopStorageSet           0.285 / 0.431         0.285 / 0.431         0.285 / 0.431         0.285 / 0.431       ms
[9.214s][info][gc,stats] =========================================================================================================================================================
