
=== RUN 18/100 (GA dyn_only) ===

[0.030s][info][gc,ref] Reference Processor created, Macros: ZUseSeparateDiscoveredLists=0, ZUseDynamicArray=1, ZUseOptimisedClearPath=0
WeakRefSingleObjectBenchmark: weakRefCount=10000000 sleepMillis=500

=== Iteration 1 ===
Phase 1: Allocating the single target object...
Phase 2: Allocating 10000000 WeakReferences in random order...
Allocated 10000000 weak ref holders in 1.26 seconds
Phase 3: Sleeping for 500 ms (strong ref still held)...
Phase 4: Releasing the strong reference to the target object...
Phase 5: Triggering GC...
[5.869s][info][gc,ref] GC(0) O:                           Encountered       Discovered Cleared/Enqueued 
[5.869s][info][gc,ref] GC(0) O: Soft References:                  238                0                0 
[5.869s][info][gc,ref] GC(0) O: Weak References:                 1330                0                0 
[5.869s][info][gc,ref] GC(0) O: Weak (No Queue):              7072852                0                0 
[5.869s][info][gc,ref] GC(0) O: Weak Fields:                        0                0                0 
[5.869s][info][gc,ref] GC(0) O: Final References:                   0                0                0 
[5.869s][info][gc,ref] GC(0) O: Phantom References:                 1                0                0 
[11.504s][info][gc,ref] GC(1) O:                           Encountered       Discovered Cleared/Enqueued 
[11.504s][info][gc,ref] GC(1) O: Soft References:                  238                0                0 
[11.504s][info][gc,ref] GC(1) O: Weak References:                 1330             1044              330 
[11.504s][info][gc,ref] GC(1) O: Weak (No Queue):             10000003         10000000         10000000 
[11.504s][info][gc,ref] GC(1) O: Weak Fields:                        0                0                0 
[11.504s][info][gc,ref] GC(1) O: Final References:                   0                0                0 
[11.504s][info][gc,ref] GC(1) O: Phantom References:                 1                0                0 
Phase 6: Checking results...
Alive weak references after GC: 0 / 10000000
[14.464s][info][gc,stats] === Garbage Collection Statistics =======================================================================================================================
[14.464s][info][gc,stats]                                                              Last 10s              Last 10m              Last 10h                Total
[14.464s][info][gc,stats]                                                              Avg / Max             Avg / Max             Avg / Max             Avg / Max
[14.464s][info][gc,stats]        Contention: Mark Segment Reset Contention                     5 / 48                4 / 48                4 / 48                4 / 48          ops/s
[14.464s][info][gc,stats]        Contention: Mark SeqNum Reset Contention                      0 / 2                 0 / 2                 0 / 2                 0 / 2           ops/s
[14.464s][info][gc,stats]          Critical: Allocation Stall                                  0 / 0                 0 / 0                 0 / 0                 0 / 0           ops/s
[14.464s][info][gc,stats]          Critical: Allocation Stall                              0.000 / 0.000         0.000 / 0.000         0.000 / 0.000         0.000 / 0.000       ms
[14.464s][info][gc,stats]          Critical: JNI Critical Stall                                0 / 0                 0 / 0                 0 / 0                 0 / 0           ops/s
[14.464s][info][gc,stats]          Critical: JNI Critical Stall                            0.000 / 0.000         0.000 / 0.000         0.000 / 0.000         0.000 / 0.000       ms
[14.464s][info][gc,stats]          Critical: Relocation Stall                                  0 / 0                 0 / 0                 0 / 0                 0 / 0           ops/s
[14.464s][info][gc,stats]          Critical: Relocation Stall                              0.000 / 0.000         0.000 / 0.000         0.000 / 0.000         0.000 / 0.000       ms
[14.464s][info][gc,stats]  Major Collection: Major Collection                           3774.081 / 5634.447   3774.081 / 5634.447   3774.081 / 5634.447   3774.081 / 5634.447    ms
[14.464s][info][gc,stats]            Memory: Allocation Rate                                  61 / 614              76 / 614              76 / 614              76 / 614         MB/s
[14.464s][info][gc,stats]            Memory: Defragment                                        0 / 0                 0 / 0                 0 / 0                 0 / 0           ops/s
[14.464s][info][gc,stats]            Memory: Mapped Cache Harvest                              0 / 0                 0 / 0                 0 / 0                 0 / 0           MB/s
[14.464s][info][gc,stats]            Memory: Out Of Memory                                     0 / 0                 0 / 0                 0 / 0                 0 / 0           ops/s
[14.464s][info][gc,stats]            Memory: Uncommit                                          0 / 0                 0 / 0                 0 / 0                 0 / 0           MB/s
[14.464s][info][gc,stats]            Memory: Undo Object Allocation Failed                     0 / 0                 0 / 0                 0 / 0                 0 / 0           ops/s
[14.464s][info][gc,stats]            Memory: Undo Object Allocation Succeeded                  0 / 0                 0 / 0                 0 / 0                 0 / 0           ops/s
[14.464s][info][gc,stats]            Memory: Undo Page Allocation                              0 / 0                 0 / 0                 0 / 0                 0 / 0           ops/s
[14.464s][info][gc,stats]  Minor Collection: Minor Collection                              0.000 / 0.000         0.000 / 0.000         0.000 / 0.000         0.000 / 0.000       ms
[14.464s][info][gc,stats]    Old Generation: Old Generation                             1286.502 / 2568.453   1286.502 / 2568.453   1286.502 / 2568.453   1286.502 / 2568.453    ms
[14.464s][info][gc,stats]         Old Pause: Pause Mark End                                0.012 / 0.015         0.012 / 0.015         0.012 / 0.015         0.012 / 0.015       ms
[14.464s][info][gc,stats]         Old Pause: Pause Relocate Start                          0.011 / 0.013         0.011 / 0.013         0.011 / 0.013         0.011 / 0.013       ms
[14.464s][info][gc,stats]         Old Phase: Concurrent Mark                            1101.496 / 2202.277   1101.496 / 2202.277   1101.496 / 2202.277   1101.496 / 2202.277    ms
[14.464s][info][gc,stats]         Old Phase: Concurrent Mark Continue                      0.000 / 0.000         0.000 / 0.000         0.000 / 0.000         0.000 / 0.000       ms
[14.464s][info][gc,stats]         Old Phase: Concurrent Mark Free                          0.003 / 0.006         0.003 / 0.006         0.003 / 0.006         0.003 / 0.006       ms
[14.464s][info][gc,stats]         Old Phase: Concurrent Process Non-Strong               169.843 / 337.307     169.843 / 337.307     169.843 / 337.307     169.843 / 337.307     ms
[14.464s][info][gc,stats]         Old Phase: Concurrent Relocate                           0.110 / 0.165         0.110 / 0.165         0.110 / 0.165         0.110 / 0.165       ms
[14.464s][info][gc,stats]         Old Phase: Concurrent Remap Roots                       14.604 / 28.285       14.604 / 28.285       14.604 / 28.285       14.604 / 28.285      ms
[14.464s][info][gc,stats]         Old Phase: Concurrent Reset Relocation Set               0.000 / 0.001         0.000 / 0.001         0.000 / 0.001         0.000 / 0.001       ms
[14.464s][info][gc,stats]         Old Phase: Concurrent Select Relocation Set              0.074 / 0.078         0.074 / 0.078         0.074 / 0.078         0.074 / 0.078       ms
[14.464s][info][gc,stats]      Old Subphase: Concurrent Classes Purge                      0.206 / 0.395         0.206 / 0.395         0.206 / 0.395         0.206 / 0.395       ms
[14.464s][info][gc,stats]      Old Subphase: Concurrent Classes Unlink                     1.212 / 1.483         1.212 / 1.483         1.212 / 1.483         1.212 / 1.483       ms
[14.464s][info][gc,stats]      Old Subphase: Concurrent Mark Follow                     1101.341 / 2202.169   1101.341 / 2202.169   1101.341 / 2202.169   1101.341 / 2202.169    ms
[14.464s][info][gc,stats]      Old Subphase: Concurrent Mark Root Colored                  0.027 / 0.083         0.027 / 0.083         0.027 / 0.083         0.027 / 0.083       ms
[14.464s][info][gc,stats]      Old Subphase: Concurrent Mark Root Uncolored                0.029 / 0.088         0.029 / 0.088         0.029 / 0.088         0.029 / 0.088       ms
[14.464s][info][gc,stats]      Old Subphase: Concurrent Mark Roots                         0.148 / 0.199         0.148 / 0.199         0.148 / 0.199         0.148 / 0.199       ms
[14.464s][info][gc,stats]      Old Subphase: Concurrent References Enqueue                 0.002 / 0.003         0.002 / 0.003         0.002 / 0.003         0.002 / 0.003       ms
[14.464s][info][gc,stats]      Old Subphase: Concurrent References Process               167.976 / 335.914     167.976 / 335.914     167.976 / 335.914     167.976 / 335.914     ms
[14.464s][info][gc,stats]      Old Subphase: Concurrent Remap Remembered                  13.885 / 27.856       13.885 / 27.856       13.885 / 27.856       13.885 / 27.856      ms
[14.464s][info][gc,stats]      Old Subphase: Concurrent Remap Roots Colored                0.383 / 0.717         0.383 / 0.717         0.383 / 0.717         0.383 / 0.717       ms
[14.464s][info][gc,stats]      Old Subphase: Concurrent Remap Roots Uncolored              0.187 / 0.203         0.187 / 0.203         0.187 / 0.203         0.187 / 0.203       ms
[14.464s][info][gc,stats]      Old Subphase: Concurrent Roots ClassLoaderDataGraph         0.244 / 0.667         0.244 / 0.667         0.244 / 0.667         0.244 / 0.667       ms
[14.464s][info][gc,stats]      Old Subphase: Concurrent Roots CodeCache                    0.185 / 0.200         0.185 / 0.200         0.185 / 0.200         0.185 / 0.200       ms
[14.464s][info][gc,stats]      Old Subphase: Concurrent Roots JavaThreads                  0.012 / 0.088         0.012 / 0.088         0.012 / 0.088         0.012 / 0.088       ms
[14.464s][info][gc,stats]      Old Subphase: Concurrent Roots OopStorageSet                0.006 / 0.011         0.006 / 0.011         0.006 / 0.011         0.006 / 0.011       ms
[14.464s][info][gc,stats]      Old Subphase: Concurrent Weak Roots OopStorageSet           0.084 / 0.271         0.084 / 0.271         0.084 / 0.271         0.084 / 0.271       ms
[14.464s][info][gc,stats]            System: Java Threads                                     11 / 11               11 / 11               11 / 11               11 / 11          threads
[14.464s][info][gc,stats]  Young Generation: Young Generation                           1909.075 / 1909.075   1909.075 / 1909.075   1909.075 / 1909.075   1909.075 / 1909.075    ms
[14.464s][info][gc,stats]  Young Generation: Young Generation                              0.000 / 0.000         0.000 / 0.000         0.000 / 0.000         0.000 / 0.000       ms
[14.464s][info][gc,stats]  Young Generation: Young Generation (Collect Roots)              3.817 / 3.817         3.817 / 3.817         3.817 / 3.817         3.817 / 3.817       ms
[14.464s][info][gc,stats]  Young Generation: Young Generation (Promote All)             3062.074 / 3062.074   3062.074 / 3062.074   3062.074 / 3062.074   3062.074 / 3062.074    ms
[14.464s][info][gc,stats]       Young Pause: Pause Mark End                                0.012 / 0.014         0.012 / 0.014         0.012 / 0.014         0.012 / 0.014       ms
[14.464s][info][gc,stats]       Young Pause: Pause Mark Start                              0.005 / 0.005         0.005 / 0.005         0.005 / 0.005         0.005 / 0.005       ms
[14.464s][info][gc,stats]       Young Pause: Pause Mark Start (Major)                      0.016 / 0.017         0.016 / 0.017         0.016 / 0.017         0.016 / 0.017       ms
[14.464s][info][gc,stats]       Young Pause: Pause Relocate Start                          0.009 / 0.012         0.009 / 0.012         0.009 / 0.012         0.009 / 0.012       ms
[14.464s][info][gc,stats]       Young Phase: Concurrent Mark                            1462.905 / 2486.192   1462.905 / 2486.192   1462.905 / 2486.192   1462.905 / 2486.192    ms
[14.464s][info][gc,stats]       Young Phase: Concurrent Mark Continue                      0.000 / 0.000         0.000 / 0.000         0.000 / 0.000         0.000 / 0.000       ms
[14.464s][info][gc,stats]       Young Phase: Concurrent Mark Free                          0.004 / 0.006         0.004 / 0.006         0.004 / 0.006         0.004 / 0.006       ms
[14.464s][info][gc,stats]       Young Phase: Concurrent Relocate                         135.660 / 404.506     135.660 / 404.506     135.660 / 404.506     135.660 / 404.506     ms
[14.464s][info][gc,stats]       Young Phase: Concurrent Reset Relocation Set               0.047 / 0.134         0.047 / 0.134         0.047 / 0.134         0.047 / 0.134       ms
[14.464s][info][gc,stats]       Young Phase: Concurrent Select Relocation Set             59.236 / 171.012      59.236 / 171.012      59.236 / 171.012      59.236 / 171.012     ms
[14.464s][info][gc,stats]    Young Subphase: Concurrent Mark Follow                     1459.640 / 2484.835   1459.640 / 2484.835   1459.640 / 2484.835   1459.640 / 2484.835    ms
[14.464s][info][gc,stats]    Young Subphase: Concurrent Mark Root Colored                  2.834 / 6.792         2.834 / 6.792         2.834 / 6.792         2.834 / 6.792       ms
[14.464s][info][gc,stats]    Young Subphase: Concurrent Mark Root Uncolored                0.274 / 0.398         0.274 / 0.398         0.274 / 0.398         0.274 / 0.398       ms
[14.464s][info][gc,stats]    Young Subphase: Concurrent Mark Roots                         3.261 / 7.338         3.261 / 7.338         3.261 / 7.338         3.261 / 7.338       ms
[14.464s][info][gc,stats]    Young Subphase: Concurrent Relocate Remset FP               134.807 / 404.392     134.807 / 404.392     134.807 / 404.392     134.807 / 404.392     ms
[14.464s][info][gc,stats]    Young Subphase: Concurrent Roots ClassLoaderDataGraph         0.773 / 0.961         0.773 / 0.961         0.773 / 0.961         0.773 / 0.961       ms
[14.464s][info][gc,stats]    Young Subphase: Concurrent Roots CodeCache                    0.227 / 0.328         0.227 / 0.328         0.227 / 0.328         0.227 / 0.328       ms
[14.464s][info][gc,stats]    Young Subphase: Concurrent Roots JavaThreads                  0.024 / 0.133         0.024 / 0.133         0.024 / 0.133         0.024 / 0.133       ms
[14.464s][info][gc,stats]    Young Subphase: Concurrent Roots OopStorageSet                1.984 / 5.328         1.984 / 5.328         1.984 / 5.328         1.984 / 5.328       ms
[14.464s][info][gc,stats]    Young Subphase: Concurrent Weak Roots OopStorageSet           0.295 / 0.658         0.295 / 0.658         0.295 / 0.658         0.295 / 0.658       ms
[14.464s][info][gc,stats] =========================================================================================================================================================
