
=== RUN 66/100 (GA weak_fields) ===

[0.030s][info][gc,ref] Reference Processor created, Macros: ZUseSeparateDiscoveredLists=0, ZUseDynamicArray=0, ZUseOptimisedClearPath=0
WeakFieldSingleObjectBenchmark: weakRefCount=10000000 sleepMillis=500

=== Iteration 1 ===
Phase 1: Allocating the single target object...
Phase 2: Allocating 10000000 weak holders in random order...
Allocated 10000000 weak holders in 0.82 seconds
Phase 3: Sleeping for 500 ms (strong ref still held)...
Phase 4: Releasing the strong reference to the target object...
Phase 5: Triggering GC...
[6.793s][info][gc,ref] GC(0) O:                           Encountered       Discovered Cleared/Enqueued 
[6.793s][info][gc,ref] GC(0) O: Soft References:                  238                0                0 
[6.793s][info][gc,ref] GC(0) O: Weak References:                 1336              664              332 
[6.793s][info][gc,ref] GC(0) O: Weak (No Queue):                    3                1                0 
[6.793s][info][gc,ref] GC(0) O: Weak Fields:                 10000000         10000000         10000000 
[6.793s][info][gc,ref] GC(0) O: Final References:                   0                0                0 
[6.793s][info][gc,ref] GC(0) O: Phantom References:                 1                1                0 
Phase 6: Checking results...
Alive weak holders after GC: 0 / 10000000
[9.409s][info][gc,stats] === Garbage Collection Statistics =======================================================================================================================
[9.409s][info][gc,stats]                                                              Last 10s              Last 10m              Last 10h                Total
[9.409s][info][gc,stats]                                                              Avg / Max             Avg / Max             Avg / Max             Avg / Max
[9.409s][info][gc,stats]        Contention: Mark Segment Reset Contention                     4 / 31                4 / 31                4 / 31                4 / 31          ops/s
[9.409s][info][gc,stats]        Contention: Mark SeqNum Reset Contention                      0 / 2                 0 / 2                 0 / 2                 0 / 2           ops/s
[9.409s][info][gc,stats]          Critical: Allocation Stall                                  0 / 0                 0 / 0                 0 / 0                 0 / 0           ops/s
[9.409s][info][gc,stats]          Critical: Allocation Stall                              0.000 / 0.000         0.000 / 0.000         0.000 / 0.000         0.000 / 0.000       ms
[9.409s][info][gc,stats]          Critical: JNI Critical Stall                                0 / 0                 0 / 0                 0 / 0                 0 / 0           ops/s
[9.409s][info][gc,stats]          Critical: JNI Critical Stall                            0.000 / 0.000         0.000 / 0.000         0.000 / 0.000         0.000 / 0.000       ms
[9.409s][info][gc,stats]          Critical: Relocation Stall                                  0 / 0                 0 / 0                 0 / 0                 0 / 0           ops/s
[9.409s][info][gc,stats]          Critical: Relocation Stall                              0.000 / 0.000         0.000 / 0.000         0.000 / 0.000         0.000 / 0.000       ms
[9.409s][info][gc,stats]  Major Collection: Major Collection                           2321.727 / 2321.727   2321.727 / 2321.727   2321.727 / 2321.727   2321.727 / 2321.727    ms
[9.409s][info][gc,stats]            Memory: Allocation Rate                                  66 / 230              66 / 230              66 / 230              66 / 230         MB/s
[9.409s][info][gc,stats]            Memory: Defragment                                        0 / 0                 0 / 0                 0 / 0                 0 / 0           ops/s
[9.409s][info][gc,stats]            Memory: Mapped Cache Harvest                              0 / 0                 0 / 0                 0 / 0                 0 / 0           MB/s
[9.409s][info][gc,stats]            Memory: Out Of Memory                                     0 / 0                 0 / 0                 0 / 0                 0 / 0           ops/s
[9.409s][info][gc,stats]            Memory: Uncommit                                          0 / 0                 0 / 0                 0 / 0                 0 / 0           MB/s
[9.409s][info][gc,stats]            Memory: Undo Object Allocation Failed                     0 / 0                 0 / 0                 0 / 0                 0 / 0           ops/s
[9.409s][info][gc,stats]            Memory: Undo Object Allocation Succeeded                  0 / 0                 0 / 0                 0 / 0                 0 / 0           ops/s
[9.409s][info][gc,stats]            Memory: Undo Page Allocation                              0 / 0                 0 / 0                 0 / 0                 0 / 0           ops/s
[9.409s][info][gc,stats]  Minor Collection: Minor Collection                              0.000 / 0.000         0.000 / 0.000         0.000 / 0.000         0.000 / 0.000       ms
[9.409s][info][gc,stats]    Old Generation: Old Generation                             1157.971 / 1157.971   1157.971 / 1157.971   1157.971 / 1157.971   1157.971 / 1157.971    ms
[9.409s][info][gc,stats]         Old Pause: Pause Mark End                                0.014 / 0.014         0.014 / 0.014         0.014 / 0.014         0.014 / 0.014       ms
[9.409s][info][gc,stats]         Old Pause: Pause Relocate Start                          0.012 / 0.012         0.012 / 0.012         0.012 / 0.012         0.012 / 0.012       ms
[9.409s][info][gc,stats]         Old Phase: Concurrent Mark                             939.551 / 939.551     939.551 / 939.551     939.551 / 939.551     939.551 / 939.551     ms
[9.409s][info][gc,stats]         Old Phase: Concurrent Mark Continue                      0.000 / 0.000         0.000 / 0.000         0.000 / 0.000         0.000 / 0.000       ms
[9.409s][info][gc,stats]         Old Phase: Concurrent Mark Free                          0.005 / 0.005         0.005 / 0.005         0.005 / 0.005         0.005 / 0.005       ms
[9.409s][info][gc,stats]         Old Phase: Concurrent Process Non-Strong               217.239 / 217.239     217.239 / 217.239     217.239 / 217.239     217.239 / 217.239     ms
[9.409s][info][gc,stats]         Old Phase: Concurrent Relocate                           0.116 / 0.116         0.116 / 0.116         0.116 / 0.116         0.116 / 0.116       ms
[9.409s][info][gc,stats]         Old Phase: Concurrent Remap Roots                        0.525 / 0.525         0.525 / 0.525         0.525 / 0.525         0.525 / 0.525       ms
[9.409s][info][gc,stats]         Old Phase: Concurrent Reset Relocation Set               0.001 / 0.001         0.001 / 0.001         0.001 / 0.001         0.001 / 0.001       ms
[9.409s][info][gc,stats]         Old Phase: Concurrent Select Relocation Set              0.337 / 0.337         0.337 / 0.337         0.337 / 0.337         0.337 / 0.337       ms
[9.409s][info][gc,stats]      Old Subphase: Concurrent Classes Purge                      0.437 / 0.437         0.437 / 0.437         0.437 / 0.437         0.437 / 0.437       ms
[9.409s][info][gc,stats]      Old Subphase: Concurrent Classes Unlink                     1.131 / 1.131         1.131 / 1.131         1.131 / 1.131         1.131 / 1.131       ms
[9.409s][info][gc,stats]      Old Subphase: Concurrent Mark Follow                      939.410 / 939.410     939.410 / 939.410     939.410 / 939.410     939.410 / 939.410     ms
[9.409s][info][gc,stats]      Old Subphase: Concurrent Mark Root Colored                  0.035 / 0.085         0.035 / 0.085         0.035 / 0.085         0.035 / 0.085       ms
[9.409s][info][gc,stats]      Old Subphase: Concurrent Mark Root Uncolored                0.027 / 0.035         0.027 / 0.035         0.027 / 0.035         0.027 / 0.035       ms
[9.409s][info][gc,stats]      Old Subphase: Concurrent Mark Roots                         0.137 / 0.137         0.137 / 0.137         0.137 / 0.137         0.137 / 0.137       ms
[9.409s][info][gc,stats]      Old Subphase: Concurrent References Enqueue                 0.004 / 0.004         0.004 / 0.004         0.004 / 0.004         0.004 / 0.004       ms
[9.409s][info][gc,stats]      Old Subphase: Concurrent References Process               215.152 / 215.152     215.152 / 215.152     215.152 / 215.152     215.152 / 215.152     ms
[9.409s][info][gc,stats]      Old Subphase: Concurrent Remap Remembered                   0.234 / 0.236         0.234 / 0.236         0.234 / 0.236         0.234 / 0.236       ms
[9.409s][info][gc,stats]      Old Subphase: Concurrent Remap Roots Colored                0.053 / 0.070         0.053 / 0.070         0.053 / 0.070         0.053 / 0.070       ms
[9.409s][info][gc,stats]      Old Subphase: Concurrent Remap Roots Uncolored              0.180 / 0.187         0.180 / 0.187         0.180 / 0.187         0.180 / 0.187       ms
[9.409s][info][gc,stats]      Old Subphase: Concurrent Roots ClassLoaderDataGraph         0.029 / 0.071         0.029 / 0.071         0.029 / 0.071         0.029 / 0.071       ms
[9.409s][info][gc,stats]      Old Subphase: Concurrent Roots CodeCache                    0.179 / 0.184         0.179 / 0.184         0.179 / 0.184         0.179 / 0.184       ms
[9.409s][info][gc,stats]      Old Subphase: Concurrent Roots JavaThreads                  0.011 / 0.035         0.011 / 0.035         0.011 / 0.035         0.011 / 0.035       ms
[9.409s][info][gc,stats]      Old Subphase: Concurrent Roots OopStorageSet                0.005 / 0.013         0.005 / 0.013         0.005 / 0.013         0.005 / 0.013       ms
[9.409s][info][gc,stats]      Old Subphase: Concurrent Weak Roots OopStorageSet           0.073 / 0.114         0.073 / 0.114         0.073 / 0.114         0.073 / 0.114       ms
[9.409s][info][gc,stats]            System: Java Threads                                     11 / 11               11 / 11               11 / 11               11 / 11          threads
[9.409s][info][gc,stats]  Young Generation: Young Generation                              0.000 / 0.000         0.000 / 0.000         0.000 / 0.000         0.000 / 0.000       ms
[9.409s][info][gc,stats]  Young Generation: Young Generation                              0.000 / 0.000         0.000 / 0.000         0.000 / 0.000         0.000 / 0.000       ms
[9.409s][info][gc,stats]  Young Generation: Young Generation (Collect Roots)              4.675 / 4.675         4.675 / 4.675         4.675 / 4.675         4.675 / 4.675       ms
[9.409s][info][gc,stats]  Young Generation: Young Generation (Promote All)             1158.970 / 1158.970   1158.970 / 1158.970   1158.970 / 1158.970   1158.970 / 1158.970    ms
[9.409s][info][gc,stats]       Young Pause: Pause Mark End                                0.015 / 0.019         0.015 / 0.019         0.015 / 0.019         0.015 / 0.019       ms
[9.409s][info][gc,stats]       Young Pause: Pause Mark Start                              0.013 / 0.013         0.013 / 0.013         0.013 / 0.013         0.013 / 0.013       ms
[9.409s][info][gc,stats]       Young Pause: Pause Mark Start (Major)                      0.016 / 0.016         0.016 / 0.016         0.016 / 0.016         0.016 / 0.016       ms
[9.409s][info][gc,stats]       Young Pause: Pause Relocate Start                          0.010 / 0.012         0.010 / 0.012         0.010 / 0.012         0.010 / 0.012       ms
[9.409s][info][gc,stats]       Young Phase: Concurrent Mark                             434.724 / 866.044     434.724 / 866.044     434.724 / 866.044     434.724 / 866.044     ms
[9.409s][info][gc,stats]       Young Phase: Concurrent Mark Continue                      0.000 / 0.000         0.000 / 0.000         0.000 / 0.000         0.000 / 0.000       ms
[9.409s][info][gc,stats]       Young Phase: Concurrent Mark Free                          0.016 / 0.028         0.016 / 0.028         0.016 / 0.028         0.016 / 0.028       ms
[9.409s][info][gc,stats]       Young Phase: Concurrent Relocate                         108.745 / 217.395     108.745 / 217.395     108.745 / 217.395     108.745 / 217.395     ms
[9.409s][info][gc,stats]       Young Phase: Concurrent Reset Relocation Set               0.022 / 0.043         0.022 / 0.043         0.022 / 0.043         0.022 / 0.043       ms
[9.409s][info][gc,stats]       Young Phase: Concurrent Select Relocation Set             37.841 / 75.010       37.841 / 75.010       37.841 / 75.010       37.841 / 75.010      ms
[9.409s][info][gc,stats]    Young Subphase: Concurrent Mark Follow                      430.173 / 858.378     430.173 / 858.378     430.173 / 858.378     430.173 / 858.378     ms
[9.409s][info][gc,stats]    Young Subphase: Concurrent Mark Root Colored                  3.935 / 7.002         3.935 / 7.002         3.935 / 7.002         3.935 / 7.002       ms
[9.409s][info][gc,stats]    Young Subphase: Concurrent Mark Root Uncolored                0.370 / 0.452         0.370 / 0.452         0.370 / 0.452         0.370 / 0.452       ms
[9.409s][info][gc,stats]    Young Subphase: Concurrent Mark Roots                         4.549 / 7.663         4.549 / 7.663         4.549 / 7.663         4.549 / 7.663       ms
[9.409s][info][gc,stats]    Young Subphase: Concurrent Relocate Remset FP               106.068 / 212.122     106.068 / 212.122     106.068 / 212.122     106.068 / 212.122     ms
[9.409s][info][gc,stats]    Young Subphase: Concurrent Roots ClassLoaderDataGraph         0.789 / 0.874         0.789 / 0.874         0.789 / 0.874         0.789 / 0.874       ms
[9.409s][info][gc,stats]    Young Subphase: Concurrent Roots CodeCache                    0.301 / 0.395         0.301 / 0.395         0.301 / 0.395         0.301 / 0.395       ms
[9.409s][info][gc,stats]    Young Subphase: Concurrent Roots JavaThreads                  0.035 / 0.177         0.035 / 0.177         0.035 / 0.177         0.035 / 0.177       ms
[9.409s][info][gc,stats]    Young Subphase: Concurrent Roots OopStorageSet                2.861 / 5.813         2.861 / 5.813         2.861 / 5.813         2.861 / 5.813       ms
[9.409s][info][gc,stats]    Young Subphase: Concurrent Weak Roots OopStorageSet           0.282 / 0.476         0.282 / 0.476         0.282 / 0.476         0.282 / 0.476       ms
[9.409s][info][gc,stats] =========================================================================================================================================================
