
=== RUN 96/100 (GA dyn_only) ===

[0.031s][info][gc,ref] Reference Processor created, Macros: ZUseSeparateDiscoveredLists=0, ZUseDynamicArray=1, ZUseOptimisedClearPath=0
WeakRefSingleObjectBenchmark: weakRefCount=10000000 sleepMillis=500

=== Iteration 1 ===
Phase 1: Allocating the single target object...
Phase 2: Allocating 10000000 WeakReferences in random order...
Allocated 10000000 weak ref holders in 1.21 seconds
Phase 3: Sleeping for 500 ms (strong ref still held)...
Phase 4: Releasing the strong reference to the target object...
Phase 5: Triggering GC...
[5.765s][info][gc,ref] GC(0) O:                           Encountered       Discovered Cleared/Enqueued 
[5.765s][info][gc,ref] GC(0) O: Soft References:                  238                0                0 
[5.765s][info][gc,ref] GC(0) O: Weak References:                 1330                0                0 
[5.765s][info][gc,ref] GC(0) O: Weak (No Queue):              7067889                0                0 
[5.765s][info][gc,ref] GC(0) O: Weak Fields:                        0                0                0 
[5.765s][info][gc,ref] GC(0) O: Final References:                   0                0                0 
[5.765s][info][gc,ref] GC(0) O: Phantom References:                 1                0                0 
[11.379s][info][gc,ref] GC(1) O:                           Encountered       Discovered Cleared/Enqueued 
[11.379s][info][gc,ref] GC(1) O: Soft References:                  238                0                0 
[11.379s][info][gc,ref] GC(1) O: Weak References:                 1330              740              330 
[11.379s][info][gc,ref] GC(1) O: Weak (No Queue):             10000003         10000000         10000000 
[11.379s][info][gc,ref] GC(1) O: Weak Fields:                        0                0                0 
[11.379s][info][gc,ref] GC(1) O: Final References:                   0                0                0 
[11.379s][info][gc,ref] GC(1) O: Phantom References:                 1                1                0 
Phase 6: Checking results...
Alive weak references after GC: 0 / 10000000
[14.347s][info][gc,stats] === Garbage Collection Statistics =======================================================================================================================
[14.347s][info][gc,stats]                                                              Last 10s              Last 10m              Last 10h                Total
[14.347s][info][gc,stats]                                                              Avg / Max             Avg / Max             Avg / Max             Avg / Max
[14.347s][info][gc,stats]        Contention: Mark Segment Reset Contention                     2 / 23                2 / 23                2 / 23                2 / 23          ops/s
[14.347s][info][gc,stats]        Contention: Mark SeqNum Reset Contention                      0 / 0                 0 / 0                 0 / 0                 0 / 0           ops/s
[14.347s][info][gc,stats]          Critical: Allocation Stall                                  0 / 0                 0 / 0                 0 / 0                 0 / 0           ops/s
[14.347s][info][gc,stats]          Critical: Allocation Stall                              0.000 / 0.000         0.000 / 0.000         0.000 / 0.000         0.000 / 0.000       ms
[14.347s][info][gc,stats]          Critical: JNI Critical Stall                                0 / 0                 0 / 0                 0 / 0                 0 / 0           ops/s
[14.347s][info][gc,stats]          Critical: JNI Critical Stall                            0.000 / 0.000         0.000 / 0.000         0.000 / 0.000         0.000 / 0.000       ms
[14.347s][info][gc,stats]          Critical: Relocation Stall                                  0 / 0                 0 / 0                 0 / 0                 0 / 0           ops/s
[14.347s][info][gc,stats]          Critical: Relocation Stall                              0.000 / 0.000         0.000 / 0.000         0.000 / 0.000         0.000 / 0.000       ms
[14.347s][info][gc,stats]  Major Collection: Major Collection                           3708.326 / 5614.122   3708.326 / 5614.122   3708.326 / 5614.122   3708.326 / 5614.122    ms
[14.347s][info][gc,stats]            Memory: Allocation Rate                                  61 / 614              76 / 614              76 / 614              76 / 614         MB/s
[14.347s][info][gc,stats]            Memory: Defragment                                        0 / 0                 0 / 0                 0 / 0                 0 / 0           ops/s
[14.347s][info][gc,stats]            Memory: Mapped Cache Harvest                              0 / 0                 0 / 0                 0 / 0                 0 / 0           MB/s
[14.347s][info][gc,stats]            Memory: Out Of Memory                                     0 / 0                 0 / 0                 0 / 0                 0 / 0           ops/s
[14.347s][info][gc,stats]            Memory: Uncommit                                          0 / 0                 0 / 0                 0 / 0                 0 / 0           MB/s
[14.347s][info][gc,stats]            Memory: Undo Object Allocation Failed                     0 / 0                 0 / 0                 0 / 0                 0 / 0           ops/s
[14.347s][info][gc,stats]            Memory: Undo Object Allocation Succeeded                  0 / 0                 0 / 0                 0 / 0                 0 / 0           ops/s
[14.347s][info][gc,stats]            Memory: Undo Page Allocation                              0 / 0                 0 / 0                 0 / 0                 0 / 0           ops/s
[14.347s][info][gc,stats]  Minor Collection: Minor Collection                              0.000 / 0.000         0.000 / 0.000         0.000 / 0.000         0.000 / 0.000       ms
[14.347s][info][gc,stats]    Old Generation: Old Generation                             1284.826 / 2565.006   1284.826 / 2565.006   1284.826 / 2565.006   1284.826 / 2565.006    ms
[14.347s][info][gc,stats]         Old Pause: Pause Mark End                                0.011 / 0.014         0.011 / 0.014         0.011 / 0.014         0.011 / 0.014       ms
[14.347s][info][gc,stats]         Old Pause: Pause Relocate Start                          0.011 / 0.013         0.011 / 0.013         0.011 / 0.013         0.011 / 0.013       ms
[14.347s][info][gc,stats]         Old Phase: Concurrent Mark                            1101.222 / 2201.912   1101.222 / 2201.912   1101.222 / 2201.912   1101.222 / 2201.912    ms
[14.347s][info][gc,stats]         Old Phase: Concurrent Mark Continue                      0.000 / 0.000         0.000 / 0.000         0.000 / 0.000         0.000 / 0.000       ms
[14.347s][info][gc,stats]         Old Phase: Concurrent Mark Free                          0.002 / 0.003         0.002 / 0.003         0.002 / 0.003         0.002 / 0.003       ms
[14.347s][info][gc,stats]         Old Phase: Concurrent Process Non-Strong               167.918 / 333.306     167.918 / 333.306     167.918 / 333.306     167.918 / 333.306     ms
[14.347s][info][gc,stats]         Old Phase: Concurrent Relocate                           0.128 / 0.226         0.128 / 0.226         0.128 / 0.226         0.128 / 0.226       ms
[14.347s][info][gc,stats]         Old Phase: Concurrent Remap Roots                       15.080 / 29.232       15.080 / 29.232       15.080 / 29.232       15.080 / 29.232      ms
[14.347s][info][gc,stats]         Old Phase: Concurrent Reset Relocation Set               0.001 / 0.001         0.001 / 0.001         0.001 / 0.001         0.001 / 0.001       ms
[14.347s][info][gc,stats]         Old Phase: Concurrent Select Relocation Set              0.068 / 0.076         0.068 / 0.076         0.068 / 0.076         0.068 / 0.076       ms
[14.347s][info][gc,stats]      Old Subphase: Concurrent Classes Purge                      0.190 / 0.365         0.190 / 0.365         0.190 / 0.365         0.190 / 0.365       ms
[14.347s][info][gc,stats]      Old Subphase: Concurrent Classes Unlink                     1.309 / 1.605         1.309 / 1.605         1.309 / 1.605         1.309 / 1.605       ms
[14.347s][info][gc,stats]      Old Subphase: Concurrent Mark Follow                     1100.999 / 2201.772   1100.999 / 2201.772   1100.999 / 2201.772   1100.999 / 2201.772    ms
[14.347s][info][gc,stats]      Old Subphase: Concurrent Mark Root Colored                  0.034 / 0.096         0.034 / 0.096         0.034 / 0.096         0.034 / 0.096       ms
[14.347s][info][gc,stats]      Old Subphase: Concurrent Mark Root Uncolored                0.034 / 0.074         0.034 / 0.074         0.034 / 0.074         0.034 / 0.074       ms
[14.347s][info][gc,stats]      Old Subphase: Concurrent Mark Roots                         0.220 / 0.304         0.220 / 0.304         0.220 / 0.304         0.220 / 0.304       ms
[14.347s][info][gc,stats]      Old Subphase: Concurrent References Enqueue                 0.002 / 0.004         0.002 / 0.004         0.002 / 0.004         0.002 / 0.004       ms
[14.347s][info][gc,stats]      Old Subphase: Concurrent References Process               165.982 / 331.947     165.982 / 331.947     165.982 / 331.947     165.982 / 331.947     ms
[14.347s][info][gc,stats]      Old Subphase: Concurrent Remap Remembered                  14.363 / 28.803       14.363 / 28.803       14.363 / 28.803       14.363 / 28.803      ms
[14.347s][info][gc,stats]      Old Subphase: Concurrent Remap Roots Colored                0.313 / 0.639         0.313 / 0.639         0.313 / 0.639         0.313 / 0.639       ms
[14.347s][info][gc,stats]      Old Subphase: Concurrent Remap Roots Uncolored              0.185 / 0.218         0.185 / 0.218         0.185 / 0.218         0.185 / 0.218       ms
[14.347s][info][gc,stats]      Old Subphase: Concurrent Roots ClassLoaderDataGraph         0.205 / 0.579         0.205 / 0.579         0.205 / 0.579         0.205 / 0.579       ms
[14.347s][info][gc,stats]      Old Subphase: Concurrent Roots CodeCache                    0.183 / 0.216         0.183 / 0.216         0.183 / 0.216         0.183 / 0.216       ms
[14.347s][info][gc,stats]      Old Subphase: Concurrent Roots JavaThreads                  0.013 / 0.074         0.013 / 0.074         0.013 / 0.074         0.013 / 0.074       ms
[14.347s][info][gc,stats]      Old Subphase: Concurrent Roots OopStorageSet                0.008 / 0.025         0.008 / 0.025         0.008 / 0.025         0.008 / 0.025       ms
[14.347s][info][gc,stats]      Old Subphase: Concurrent Weak Roots OopStorageSet           0.108 / 0.208         0.108 / 0.208         0.108 / 0.208         0.108 / 0.208       ms
[14.347s][info][gc,stats]            System: Java Threads                                     11 / 11               11 / 11               11 / 11               11 / 11          threads
[14.347s][info][gc,stats]  Young Generation: Young Generation                           1797.796 / 1797.796   1797.796 / 1797.796   1797.796 / 1797.796   1797.796 / 1797.796    ms
[14.347s][info][gc,stats]  Young Generation: Young Generation                              0.000 / 0.000         0.000 / 0.000         0.000 / 0.000         0.000 / 0.000       ms
[14.347s][info][gc,stats]  Young Generation: Young Generation (Collect Roots)              4.068 / 4.068         4.068 / 4.068         4.068 / 4.068         4.068 / 4.068       ms
[14.347s][info][gc,stats]  Young Generation: Young Generation (Promote All)             3044.937 / 3044.937   3044.937 / 3044.937   3044.937 / 3044.937   3044.937 / 3044.937    ms
[14.347s][info][gc,stats]       Young Pause: Pause Mark End                                0.013 / 0.014         0.013 / 0.014         0.013 / 0.014         0.013 / 0.014       ms
[14.347s][info][gc,stats]       Young Pause: Pause Mark Start                              0.010 / 0.010         0.010 / 0.010         0.010 / 0.010         0.010 / 0.010       ms
[14.347s][info][gc,stats]       Young Pause: Pause Mark Start (Major)                      0.017 / 0.017         0.017 / 0.017         0.017 / 0.017         0.017 / 0.017       ms
[14.347s][info][gc,stats]       Young Pause: Pause Relocate Start                          0.009 / 0.012         0.009 / 0.012         0.009 / 0.012         0.009 / 0.012       ms
[14.347s][info][gc,stats]       Young Phase: Concurrent Mark                            1425.174 / 2479.665   1425.174 / 2479.665   1425.174 / 2479.665   1425.174 / 2479.665    ms
[14.347s][info][gc,stats]       Young Phase: Concurrent Mark Continue                      0.000 / 0.000         0.000 / 0.000         0.000 / 0.000         0.000 / 0.000       ms
[14.347s][info][gc,stats]       Young Phase: Concurrent Mark Free                          0.004 / 0.007         0.004 / 0.007         0.004 / 0.007         0.004 / 0.007       ms
[14.347s][info][gc,stats]       Young Phase: Concurrent Relocate                         134.330 / 400.012     134.330 / 400.012     134.330 / 400.012     134.330 / 400.012     ms
[14.347s][info][gc,stats]       Young Phase: Concurrent Reset Relocation Set               0.040 / 0.115         0.040 / 0.115         0.040 / 0.115         0.040 / 0.115       ms
[14.348s][info][gc,stats]       Young Phase: Concurrent Select Relocation Set             55.530 / 164.751      55.530 / 164.751      55.530 / 164.751      55.530 / 164.751     ms
[14.348s][info][gc,stats]    Young Subphase: Concurrent Mark Follow                     1421.728 / 2478.258   1421.728 / 2478.258   1421.728 / 2478.258   1421.728 / 2478.258    ms
[14.348s][info][gc,stats]    Young Subphase: Concurrent Mark Root Colored                  3.001 / 7.306         3.001 / 7.306         3.001 / 7.306         3.001 / 7.306       ms
[14.348s][info][gc,stats]    Young Subphase: Concurrent Mark Root Uncolored                0.252 / 0.358         0.252 / 0.358         0.252 / 0.358         0.252 / 0.358       ms
[14.348s][info][gc,stats]    Young Subphase: Concurrent Mark Roots                         3.442 / 7.806         3.442 / 7.806         3.442 / 7.806         3.442 / 7.806       ms
[14.348s][info][gc,stats]    Young Subphase: Concurrent Relocate Remset FP               133.331 / 399.859     133.331 / 399.859     133.331 / 399.859     133.331 / 399.859     ms
[14.348s][info][gc,stats]    Young Subphase: Concurrent Roots ClassLoaderDataGraph         0.772 / 0.931         0.772 / 0.931         0.772 / 0.931         0.772 / 0.931       ms
[14.348s][info][gc,stats]    Young Subphase: Concurrent Roots CodeCache                    0.209 / 0.305         0.209 / 0.305         0.209 / 0.305         0.209 / 0.305       ms
[14.348s][info][gc,stats]    Young Subphase: Concurrent Roots JavaThreads                  0.024 / 0.130         0.024 / 0.130         0.024 / 0.130         0.024 / 0.130       ms
[14.348s][info][gc,stats]    Young Subphase: Concurrent Roots OopStorageSet                2.157 / 5.834         2.157 / 5.834         2.157 / 5.834         2.157 / 5.834       ms
[14.348s][info][gc,stats]    Young Subphase: Concurrent Weak Roots OopStorageSet           0.309 / 0.801         0.309 / 0.801         0.309 / 0.801         0.309 / 0.801       ms
[14.348s][info][gc,stats] =========================================================================================================================================================
