
=== RUN 32/100 (GA sep_dyn) ===

[0.027s][info][gc,ref] Reference Processor created, Macros: ZUseSeparateDiscoveredLists=1, ZUseDynamicArray=1, ZUseOptimisedClearPath=0
WeakRefSingleObjectBenchmark: weakRefCount=10000000 sleepMillis=500

=== Iteration 1 ===
Phase 1: Allocating the single target object...
Phase 2: Allocating 10000000 WeakReferences in random order...
Allocated 10000000 weak ref holders in 1.21 seconds
Phase 3: Sleeping for 500 ms (strong ref still held)...
Phase 4: Releasing the strong reference to the target object...
Phase 5: Triggering GC...
[5.803s][info][gc,ref] GC(0) O:                           Encountered       Discovered Cleared/Enqueued 
[5.803s][info][gc,ref] GC(0) O: Soft References:                  238                0                0 
[5.803s][info][gc,ref] GC(0) O: Weak References:                 1330                0                0 
[5.803s][info][gc,ref] GC(0) O: Weak (No Queue):              7073988                0                0 
[5.803s][info][gc,ref] GC(0) O: Weak Fields:                        0                0                0 
[5.803s][info][gc,ref] GC(0) O: Final References:                   0                0                0 
[5.803s][info][gc,ref] GC(0) O: Phantom References:                 1                0                0 
[11.403s][info][gc,ref] GC(1) O:                           Encountered       Discovered Cleared/Enqueued 
[11.403s][info][gc,ref] GC(1) O: Soft References:                  238                0                0 
[11.403s][info][gc,ref] GC(1) O: Weak References:                 1330              806              330 
[11.403s][info][gc,ref] GC(1) O: Weak (No Queue):             10000003         10000001         10000000 
[11.403s][info][gc,ref] GC(1) O: Weak Fields:                        0                0                0 
[11.403s][info][gc,ref] GC(1) O: Final References:                   0                0                0 
[11.403s][info][gc,ref] GC(1) O: Phantom References:                 1                1                0 
Phase 6: Checking results...
Alive weak references after GC: 0 / 10000000
[14.364s][info][gc,stats] === Garbage Collection Statistics =======================================================================================================================
[14.364s][info][gc,stats]                                                              Last 10s              Last 10m              Last 10h                Total
[14.364s][info][gc,stats]                                                              Avg / Max             Avg / Max             Avg / Max             Avg / Max
[14.364s][info][gc,stats]        Contention: Mark Segment Reset Contention                     3 / 33                2 / 33                2 / 33                2 / 33          ops/s
[14.364s][info][gc,stats]        Contention: Mark SeqNum Reset Contention                      0 / 1                 0 / 1                 0 / 1                 0 / 1           ops/s
[14.364s][info][gc,stats]          Critical: Allocation Stall                                  0 / 0                 0 / 0                 0 / 0                 0 / 0           ops/s
[14.364s][info][gc,stats]          Critical: Allocation Stall                              0.000 / 0.000         0.000 / 0.000         0.000 / 0.000         0.000 / 0.000       ms
[14.364s][info][gc,stats]          Critical: JNI Critical Stall                                0 / 0                 0 / 0                 0 / 0                 0 / 0           ops/s
[14.364s][info][gc,stats]          Critical: JNI Critical Stall                            0.000 / 0.000         0.000 / 0.000         0.000 / 0.000         0.000 / 0.000       ms
[14.364s][info][gc,stats]          Critical: Relocation Stall                                  0 / 0                 0 / 0                 0 / 0                 0 / 0           ops/s
[14.364s][info][gc,stats]          Critical: Relocation Stall                              0.000 / 0.000         0.000 / 0.000         0.000 / 0.000         0.000 / 0.000       ms
[14.364s][info][gc,stats]  Major Collection: Major Collection                           3739.074 / 5599.699   3739.074 / 5599.699   3739.074 / 5599.699   3739.074 / 5599.699    ms
[14.364s][info][gc,stats]            Memory: Allocation Rate                                  58 / 586              76 / 586              76 / 586              76 / 586         MB/s
[14.364s][info][gc,stats]            Memory: Defragment                                        0 / 0                 0 / 0                 0 / 0                 0 / 0           ops/s
[14.364s][info][gc,stats]            Memory: Mapped Cache Harvest                              0 / 0                 0 / 0                 0 / 0                 0 / 0           MB/s
[14.364s][info][gc,stats]            Memory: Out Of Memory                                     0 / 0                 0 / 0                 0 / 0                 0 / 0           ops/s
[14.364s][info][gc,stats]            Memory: Uncommit                                          0 / 0                 0 / 0                 0 / 0                 0 / 0           MB/s
[14.364s][info][gc,stats]            Memory: Undo Object Allocation Failed                     0 / 0                 0 / 0                 0 / 0                 0 / 0           ops/s
[14.364s][info][gc,stats]            Memory: Undo Object Allocation Succeeded                  0 / 0                 0 / 0                 0 / 0                 0 / 0           ops/s
[14.364s][info][gc,stats]            Memory: Undo Page Allocation                              0 / 0                 0 / 0                 0 / 0                 0 / 0           ops/s
[14.364s][info][gc,stats]  Minor Collection: Minor Collection                              0.000 / 0.000         0.000 / 0.000         0.000 / 0.000         0.000 / 0.000       ms
[14.364s][info][gc,stats]    Old Generation: Old Generation                             1291.126 / 2578.545   1291.126 / 2578.545   1291.126 / 2578.545   1291.126 / 2578.545    ms
[14.364s][info][gc,stats]         Old Pause: Pause Mark End                                0.010 / 0.013         0.010 / 0.013         0.010 / 0.013         0.010 / 0.013       ms
[14.364s][info][gc,stats]         Old Pause: Pause Relocate Start                          0.010 / 0.014         0.010 / 0.014         0.010 / 0.014         0.010 / 0.014       ms
[14.364s][info][gc,stats]         Old Phase: Concurrent Mark                            1116.474 / 2232.739   1116.474 / 2232.739   1116.474 / 2232.739   1116.474 / 2232.739    ms
[14.364s][info][gc,stats]         Old Phase: Concurrent Mark Continue                      0.000 / 0.000         0.000 / 0.000         0.000 / 0.000         0.000 / 0.000       ms
[14.364s][info][gc,stats]         Old Phase: Concurrent Mark Free                          0.002 / 0.004         0.002 / 0.004         0.002 / 0.004         0.002 / 0.004       ms
[14.364s][info][gc,stats]         Old Phase: Concurrent Process Non-Strong               158.984 / 315.722     158.984 / 315.722     158.984 / 315.722     158.984 / 315.722     ms
[14.364s][info][gc,stats]         Old Phase: Concurrent Relocate                           0.087 / 0.149         0.087 / 0.149         0.087 / 0.149         0.087 / 0.149       ms
[14.364s][info][gc,stats]         Old Phase: Concurrent Remap Roots                       15.249 / 29.405       15.249 / 29.405       15.249 / 29.405       15.249 / 29.405      ms
[14.364s][info][gc,stats]         Old Phase: Concurrent Reset Relocation Set               0.000 / 0.000         0.000 / 0.000         0.000 / 0.000         0.000 / 0.000       ms
[14.364s][info][gc,stats]         Old Phase: Concurrent Select Relocation Set              0.136 / 0.198         0.136 / 0.198         0.136 / 0.198         0.136 / 0.198       ms
[14.364s][info][gc,stats]      Old Subphase: Concurrent Classes Purge                      0.186 / 0.350         0.186 / 0.350         0.186 / 0.350         0.186 / 0.350       ms
[14.364s][info][gc,stats]      Old Subphase: Concurrent Classes Unlink                     1.283 / 1.580         1.283 / 1.580         1.283 / 1.580         1.283 / 1.580       ms
[14.364s][info][gc,stats]      Old Subphase: Concurrent Mark Follow                     1116.350 / 2232.612   1116.350 / 2232.612   1116.350 / 2232.612   1116.350 / 2232.612    ms
[14.364s][info][gc,stats]      Old Subphase: Concurrent Mark Root Colored                  0.029 / 0.082         0.029 / 0.082         0.029 / 0.082         0.029 / 0.082       ms
[14.364s][info][gc,stats]      Old Subphase: Concurrent Mark Root Uncolored                0.031 / 0.070         0.031 / 0.070         0.031 / 0.070         0.031 / 0.070       ms
[14.364s][info][gc,stats]      Old Subphase: Concurrent Mark Roots                         0.122 / 0.124         0.122 / 0.124         0.122 / 0.124         0.122 / 0.124       ms
[14.364s][info][gc,stats]      Old Subphase: Concurrent References Enqueue                 0.002 / 0.003         0.002 / 0.003         0.002 / 0.003         0.002 / 0.003       ms
[14.364s][info][gc,stats]      Old Subphase: Concurrent References Process               157.114 / 314.216     157.114 / 314.216     157.114 / 314.216     157.114 / 314.216     ms
[14.364s][info][gc,stats]      Old Subphase: Concurrent Remap Remembered                  14.482 / 29.034       14.482 / 29.034       14.482 / 29.034       14.482 / 29.034      ms
[14.364s][info][gc,stats]      Old Subphase: Concurrent Remap Roots Colored                0.360 / 0.714         0.360 / 0.714         0.360 / 0.714         0.360 / 0.714       ms
[14.364s][info][gc,stats]      Old Subphase: Concurrent Remap Roots Uncolored              0.184 / 0.187         0.184 / 0.187         0.184 / 0.187         0.184 / 0.187       ms
[14.364s][info][gc,stats]      Old Subphase: Concurrent Roots ClassLoaderDataGraph         0.213 / 0.657         0.213 / 0.657         0.213 / 0.657         0.213 / 0.657       ms
[14.364s][info][gc,stats]      Old Subphase: Concurrent Roots CodeCache                    0.182 / 0.185         0.182 / 0.185         0.182 / 0.185         0.182 / 0.185       ms
[14.364s][info][gc,stats]      Old Subphase: Concurrent Roots JavaThreads                  0.011 / 0.069         0.011 / 0.069         0.011 / 0.069         0.011 / 0.069       ms
[14.364s][info][gc,stats]      Old Subphase: Concurrent Roots OopStorageSet                0.004 / 0.014         0.004 / 0.014         0.004 / 0.014         0.004 / 0.014       ms
[14.364s][info][gc,stats]      Old Subphase: Concurrent Weak Roots OopStorageSet           0.081 / 0.244         0.081 / 0.244         0.081 / 0.244         0.081 / 0.244       ms
[14.364s][info][gc,stats]            System: Java Threads                                     11 / 11               11 / 11               11 / 11               11 / 11          threads
[14.364s][info][gc,stats]  Young Generation: Young Generation                           1874.658 / 1874.658   1874.658 / 1874.658   1874.658 / 1874.658   1874.658 / 1874.658    ms
[14.364s][info][gc,stats]  Young Generation: Young Generation                              0.000 / 0.000         0.000 / 0.000         0.000 / 0.000         0.000 / 0.000       ms
[14.364s][info][gc,stats]  Young Generation: Young Generation (Collect Roots)              2.689 / 2.689         2.689 / 2.689         2.689 / 2.689         2.689 / 2.689       ms
[14.364s][info][gc,stats]  Young Generation: Young Generation (Promote All)             3018.359 / 3018.359   3018.359 / 3018.359   3018.359 / 3018.359   3018.359 / 3018.359    ms
[14.364s][info][gc,stats]       Young Pause: Pause Mark End                                0.011 / 0.012         0.011 / 0.012         0.011 / 0.012         0.011 / 0.012       ms
[14.364s][info][gc,stats]       Young Pause: Pause Mark Start                              0.005 / 0.005         0.005 / 0.005         0.005 / 0.005         0.005 / 0.005       ms
[14.364s][info][gc,stats]       Young Pause: Pause Mark Start (Major)                      0.015 / 0.015         0.015 / 0.015         0.015 / 0.015         0.015 / 0.015       ms
[14.364s][info][gc,stats]       Young Pause: Pause Relocate Start                          0.008 / 0.013         0.008 / 0.013         0.008 / 0.013         0.008 / 0.013       ms
[14.364s][info][gc,stats]       Young Phase: Concurrent Mark                            1443.086 / 2457.106   1443.086 / 2457.106   1443.086 / 2457.106   1443.086 / 2457.106    ms
[14.364s][info][gc,stats]       Young Phase: Concurrent Mark Continue                      0.000 / 0.000         0.000 / 0.000         0.000 / 0.000         0.000 / 0.000       ms
[14.364s][info][gc,stats]       Young Phase: Concurrent Mark Free                          0.003 / 0.005         0.003 / 0.005         0.003 / 0.005         0.003 / 0.005       ms
[14.364s][info][gc,stats]       Young Phase: Concurrent Relocate                         133.766 / 398.819     133.766 / 398.819     133.766 / 398.819     133.766 / 398.819     ms
[14.364s][info][gc,stats]       Young Phase: Concurrent Reset Relocation Set               0.038 / 0.110         0.038 / 0.110         0.038 / 0.110         0.038 / 0.110       ms
[14.364s][info][gc,stats]       Young Phase: Concurrent Select Relocation Set             54.767 / 162.265      54.767 / 162.265      54.767 / 162.265      54.767 / 162.265     ms
[14.364s][info][gc,stats]    Young Subphase: Concurrent Mark Follow                     1439.817 / 2455.755   1439.817 / 2455.755   1439.817 / 2455.755   1439.817 / 2455.755    ms
[14.364s][info][gc,stats]    Young Subphase: Concurrent Mark Root Colored                  2.864 / 6.853         2.864 / 6.853         2.864 / 6.853         2.864 / 6.853       ms
[14.364s][info][gc,stats]    Young Subphase: Concurrent Mark Root Uncolored                0.250 / 0.350         0.250 / 0.350         0.250 / 0.350         0.250 / 0.350       ms
[14.364s][info][gc,stats]    Young Subphase: Concurrent Mark Roots                         3.266 / 7.411         3.266 / 7.411         3.266 / 7.411         3.266 / 7.411       ms
[14.364s][info][gc,stats]    Young Subphase: Concurrent Relocate Remset FP               132.936 / 398.786     132.936 / 398.786     132.936 / 398.786     132.936 / 398.786     ms
[14.364s][info][gc,stats]    Young Subphase: Concurrent Roots ClassLoaderDataGraph         0.804 / 0.949         0.804 / 0.949         0.804 / 0.949         0.804 / 0.949       ms
[14.364s][info][gc,stats]    Young Subphase: Concurrent Roots CodeCache                    0.206 / 0.294         0.206 / 0.294         0.206 / 0.294         0.206 / 0.294       ms
[14.364s][info][gc,stats]    Young Subphase: Concurrent Roots JavaThreads                  0.022 / 0.130         0.022 / 0.130         0.022 / 0.130         0.022 / 0.130       ms
[14.364s][info][gc,stats]    Young Subphase: Concurrent Roots OopStorageSet                2.693 / 5.584         2.693 / 5.584         2.693 / 5.584         2.693 / 5.584       ms
[14.364s][info][gc,stats]    Young Subphase: Concurrent Weak Roots OopStorageSet           0.262 / 0.669         0.262 / 0.669         0.262 / 0.669         0.262 / 0.669       ms
[14.364s][info][gc,stats] =========================================================================================================================================================
