
=== RUN 25/100 (GA none) ===

[0.030s][info][gc,ref] Reference Processor created, Macros: ZUseSeparateDiscoveredLists=0, ZUseDynamicArray=0, ZUseOptimisedClearPath=0
WeakRefSingleObjectBenchmark: weakRefCount=10000000 sleepMillis=500

=== Iteration 1 ===
Phase 1: Allocating the single target object...
Phase 2: Allocating 10000000 WeakReferences in random order...
Allocated 10000000 weak ref holders in 1.23 seconds
Phase 3: Sleeping for 500 ms (strong ref still held)...
Phase 4: Releasing the strong reference to the target object...
Phase 5: Triggering GC...
[6.051s][info][gc,ref] GC(0) O:                           Encountered       Discovered Cleared/Enqueued 
[6.051s][info][gc,ref] GC(0) O: Soft References:                  238                0                0 
[6.051s][info][gc,ref] GC(0) O: Weak References:                 1330                0                0 
[6.051s][info][gc,ref] GC(0) O: Weak (No Queue):              7070392                0                0 
[6.051s][info][gc,ref] GC(0) O: Weak Fields:                        0                0                0 
[6.051s][info][gc,ref] GC(0) O: Final References:                   0                0                0 
[6.051s][info][gc,ref] GC(0) O: Phantom References:                 1                0                0 
[11.818s][info][gc,ref] GC(1) O:                           Encountered       Discovered Cleared/Enqueued 
[11.819s][info][gc,ref] GC(1) O: Soft References:                  238                0                0 
[11.819s][info][gc,ref] GC(1) O: Weak References:                 1330              859              330 
[11.819s][info][gc,ref] GC(1) O: Weak (No Queue):             10000003         10000000         10000000 
[11.819s][info][gc,ref] GC(1) O: Weak Fields:                        0                0                0 
[11.819s][info][gc,ref] GC(1) O: Final References:                   0                0                0 
[11.819s][info][gc,ref] GC(1) O: Phantom References:                 1                1                0 
Phase 6: Checking results...
Alive weak references after GC: 0 / 10000000
[14.785s][info][gc,stats] === Garbage Collection Statistics =======================================================================================================================
[14.785s][info][gc,stats]                                                              Last 10s              Last 10m              Last 10h                Total
[14.785s][info][gc,stats]                                                              Avg / Max             Avg / Max             Avg / Max             Avg / Max
[14.785s][info][gc,stats]        Contention: Mark Segment Reset Contention                     0 / 1                 2 / 31                2 / 31                2 / 31          ops/s
[14.785s][info][gc,stats]        Contention: Mark SeqNum Reset Contention                      0 / 3                 0 / 3                 0 / 3                 0 / 3           ops/s
[14.785s][info][gc,stats]          Critical: Allocation Stall                                  0 / 0                 0 / 0                 0 / 0                 0 / 0           ops/s
[14.785s][info][gc,stats]          Critical: Allocation Stall                              0.000 / 0.000         0.000 / 0.000         0.000 / 0.000         0.000 / 0.000       ms
[14.785s][info][gc,stats]          Critical: JNI Critical Stall                                0 / 0                 0 / 0                 0 / 0                 0 / 0           ops/s
[14.785s][info][gc,stats]          Critical: JNI Critical Stall                            0.000 / 0.000         0.000 / 0.000         0.000 / 0.000         0.000 / 0.000       ms
[14.785s][info][gc,stats]          Critical: Relocation Stall                                  0 / 0                 0 / 0                 0 / 0                 0 / 0           ops/s
[14.785s][info][gc,stats]          Critical: Relocation Stall                              0.000 / 0.000         0.000 / 0.000         0.000 / 0.000         0.000 / 0.000       ms
[14.785s][info][gc,stats]  Major Collection: Major Collection                           3887.007 / 5767.138   3887.007 / 5767.138   3887.007 / 5767.138   3887.007 / 5767.138    ms
[14.785s][info][gc,stats]            Memory: Allocation Rate                                   0 / 2                70 / 688              70 / 688              70 / 688         MB/s
[14.785s][info][gc,stats]            Memory: Defragment                                        0 / 0                 0 / 0                 0 / 0                 0 / 0           ops/s
[14.785s][info][gc,stats]            Memory: Mapped Cache Harvest                              0 / 0                 0 / 0                 0 / 0                 0 / 0           MB/s
[14.785s][info][gc,stats]            Memory: Out Of Memory                                     0 / 0                 0 / 0                 0 / 0                 0 / 0           ops/s
[14.785s][info][gc,stats]            Memory: Uncommit                                          0 / 0                 0 / 0                 0 / 0                 0 / 0           MB/s
[14.785s][info][gc,stats]            Memory: Undo Object Allocation Failed                     0 / 0                 0 / 0                 0 / 0                 0 / 0           ops/s
[14.785s][info][gc,stats]            Memory: Undo Object Allocation Succeeded                  0 / 0                 0 / 0                 0 / 0                 0 / 0           ops/s
[14.785s][info][gc,stats]            Memory: Undo Page Allocation                              0 / 0                 0 / 0                 0 / 0                 0 / 0           ops/s
[14.785s][info][gc,stats]  Minor Collection: Minor Collection                              0.000 / 0.000         0.000 / 0.000         0.000 / 0.000         0.000 / 0.000       ms
[14.785s][info][gc,stats]    Old Generation: Old Generation                             1360.892 / 2717.846   1360.892 / 2717.846   1360.892 / 2717.846   1360.892 / 2717.846    ms
[14.785s][info][gc,stats]         Old Pause: Pause Mark End                                0.011 / 0.013         0.011 / 0.013         0.011 / 0.013         0.011 / 0.013       ms
[14.785s][info][gc,stats]         Old Pause: Pause Relocate Start                          0.016 / 0.018         0.016 / 0.018         0.016 / 0.018         0.016 / 0.018       ms
[14.785s][info][gc,stats]         Old Phase: Concurrent Mark                            1084.613 / 2168.832   1084.613 / 2168.832   1084.613 / 2168.832   1084.613 / 2168.832    ms
[14.785s][info][gc,stats]         Old Phase: Concurrent Mark Continue                      0.000 / 0.000         0.000 / 0.000         0.000 / 0.000         0.000 / 0.000       ms
[14.785s][info][gc,stats]         Old Phase: Concurrent Mark Free                          0.003 / 0.006         0.003 / 0.006         0.003 / 0.006         0.003 / 0.006       ms
[14.785s][info][gc,stats]         Old Phase: Concurrent Process Non-Strong               259.839 / 517.466     259.839 / 517.466     259.839 / 517.466     259.839 / 517.466     ms
[14.785s][info][gc,stats]         Old Phase: Concurrent Relocate                           0.098 / 0.161         0.098 / 0.161         0.098 / 0.161         0.098 / 0.161       ms
[14.785s][info][gc,stats]         Old Phase: Concurrent Remap Roots                       15.869 / 30.852       15.869 / 30.852       15.869 / 30.852       15.869 / 30.852      ms
[14.785s][info][gc,stats]         Old Phase: Concurrent Reset Relocation Set               0.000 / 0.000         0.000 / 0.000         0.000 / 0.000         0.000 / 0.000       ms
[14.785s][info][gc,stats]         Old Phase: Concurrent Select Relocation Set              0.124 / 0.199         0.124 / 0.199         0.124 / 0.199         0.124 / 0.199       ms
[14.785s][info][gc,stats]      Old Subphase: Concurrent Classes Purge                      0.184 / 0.349         0.184 / 0.349         0.184 / 0.349         0.184 / 0.349       ms
[14.785s][info][gc,stats]      Old Subphase: Concurrent Classes Unlink                     1.284 / 1.554         1.284 / 1.554         1.284 / 1.554         1.284 / 1.554       ms
[14.785s][info][gc,stats]      Old Subphase: Concurrent Mark Follow                     1084.480 / 2168.713   1084.480 / 2168.713   1084.480 / 2168.713   1084.480 / 2168.713    ms
[14.785s][info][gc,stats]      Old Subphase: Concurrent Mark Root Colored                  0.026 / 0.083         0.026 / 0.083         0.026 / 0.083         0.026 / 0.083       ms
[14.785s][info][gc,stats]      Old Subphase: Concurrent Mark Root Uncolored                0.035 / 0.089         0.035 / 0.089         0.035 / 0.089         0.035 / 0.089       ms
[14.785s][info][gc,stats]      Old Subphase: Concurrent Mark Roots                         0.131 / 0.146         0.131 / 0.146         0.131 / 0.146         0.131 / 0.146       ms
[14.785s][info][gc,stats]      Old Subphase: Concurrent References Enqueue                 0.002 / 0.003         0.002 / 0.003         0.002 / 0.003         0.002 / 0.003       ms
[14.785s][info][gc,stats]      Old Subphase: Concurrent References Process               257.919 / 515.827     257.919 / 515.827     257.919 / 515.827     257.919 / 515.827     ms
[14.785s][info][gc,stats]      Old Subphase: Concurrent Remap Remembered                  15.155 / 30.435       15.155 / 30.435       15.155 / 30.435       15.155 / 30.435      ms
[14.785s][info][gc,stats]      Old Subphase: Concurrent Remap Roots Colored                0.353 / 0.679         0.353 / 0.679         0.353 / 0.679         0.353 / 0.679       ms
[14.785s][info][gc,stats]      Old Subphase: Concurrent Remap Roots Uncolored              0.191 / 0.197         0.191 / 0.197         0.191 / 0.197         0.191 / 0.197       ms
[14.785s][info][gc,stats]      Old Subphase: Concurrent Roots ClassLoaderDataGraph         0.205 / 0.633         0.205 / 0.633         0.205 / 0.633         0.205 / 0.633       ms
[14.785s][info][gc,stats]      Old Subphase: Concurrent Roots CodeCache                    0.189 / 0.195         0.189 / 0.195         0.189 / 0.195         0.189 / 0.195       ms
[14.785s][info][gc,stats]      Old Subphase: Concurrent Roots JavaThreads                  0.013 / 0.089         0.013 / 0.089         0.013 / 0.089         0.013 / 0.089       ms
[14.785s][info][gc,stats]      Old Subphase: Concurrent Roots OopStorageSet                0.006 / 0.013         0.006 / 0.013         0.006 / 0.013         0.006 / 0.013       ms
[14.785s][info][gc,stats]      Old Subphase: Concurrent Weak Roots OopStorageSet           0.091 / 0.213         0.091 / 0.213         0.091 / 0.213         0.091 / 0.213       ms
[14.785s][info][gc,stats]            System: Java Threads                                     11 / 11               11 / 11               11 / 11               11 / 11          threads
[14.785s][info][gc,stats]  Young Generation: Young Generation                           2002.854 / 2002.854   2002.854 / 2002.854   2002.854 / 2002.854   2002.854 / 2002.854    ms
[14.785s][info][gc,stats]  Young Generation: Young Generation                              0.000 / 0.000         0.000 / 0.000         0.000 / 0.000         0.000 / 0.000       ms
[14.785s][info][gc,stats]  Young Generation: Young Generation (Collect Roots)              3.403 / 3.403         3.403 / 3.403         3.403 / 3.403         3.403 / 3.403       ms
[14.785s][info][gc,stats]  Young Generation: Young Generation (Promote All)             3045.786 / 3045.786   3045.786 / 3045.786   3045.786 / 3045.786   3045.786 / 3045.786    ms
[14.785s][info][gc,stats]       Young Pause: Pause Mark End                                0.012 / 0.015         0.012 / 0.015         0.012 / 0.015         0.012 / 0.015       ms
[14.785s][info][gc,stats]       Young Pause: Pause Mark Start                              0.010 / 0.010         0.010 / 0.010         0.010 / 0.010         0.010 / 0.010       ms
[14.785s][info][gc,stats]       Young Pause: Pause Mark Start (Major)                      0.017 / 0.017         0.016 / 0.017         0.016 / 0.017         0.016 / 0.017       ms
[14.785s][info][gc,stats]       Young Pause: Pause Relocate Start                          0.010 / 0.012         0.010 / 0.012         0.010 / 0.012         0.010 / 0.012       ms
[14.785s][info][gc,stats]       Young Phase: Concurrent Mark                            1490.494 / 2475.142   1490.494 / 2475.142   1490.494 / 2475.142   1490.494 / 2475.142    ms
[14.785s][info][gc,stats]       Young Phase: Concurrent Mark Continue                      0.000 / 0.000         0.000 / 0.000         0.000 / 0.000         0.000 / 0.000       ms
[14.785s][info][gc,stats]       Young Phase: Concurrent Mark Free                          0.003 / 0.005         0.003 / 0.005         0.003 / 0.005         0.003 / 0.005       ms
[14.785s][info][gc,stats]       Young Phase: Concurrent Relocate                         134.055 / 399.759     134.055 / 399.759     134.055 / 399.759     134.055 / 399.759     ms
[14.785s][info][gc,stats]       Young Phase: Concurrent Reset Relocation Set               0.039 / 0.111         0.039 / 0.111         0.039 / 0.111         0.039 / 0.111       ms
[14.785s][info][gc,stats]       Young Phase: Concurrent Select Relocation Set             59.039 / 170.528      59.039 / 170.528      59.039 / 170.528      59.039 / 170.528     ms
[14.785s][info][gc,stats]    Young Subphase: Concurrent Mark Follow                     1487.197 / 2473.756   1487.197 / 2473.756   1487.197 / 2473.756   1487.197 / 2473.756    ms
[14.785s][info][gc,stats]    Young Subphase: Concurrent Mark Root Colored                  0.867 / 1.122         2.890 / 6.987         2.890 / 6.987         2.890 / 6.987       ms
[14.785s][info][gc,stats]    Young Subphase: Concurrent Mark Root Uncolored                0.231 / 0.244         0.274 / 0.360         0.274 / 0.360         0.274 / 0.360       ms
[14.785s][info][gc,stats]    Young Subphase: Concurrent Mark Roots                         1.244 / 1.382         3.294 / 7.396         3.294 / 7.396         3.294 / 7.396       ms
[14.785s][info][gc,stats]    Young Subphase: Concurrent Relocate Remset FP               133.155 / 399.436     133.155 / 399.436     133.155 / 399.436     133.155 / 399.436     ms
[14.785s][info][gc,stats]    Young Subphase: Concurrent Roots ClassLoaderDataGraph         0.733 / 0.942         0.786 / 0.942         0.786 / 0.942         0.786 / 0.942       ms
[14.785s][info][gc,stats]    Young Subphase: Concurrent Roots CodeCache                    0.211 / 0.220         0.228 / 0.299         0.228 / 0.299         0.228 / 0.299       ms
[14.785s][info][gc,stats]    Young Subphase: Concurrent Roots JavaThreads                  0.009 / 0.025         0.024 / 0.133         0.024 / 0.133         0.024 / 0.133       ms
[14.785s][info][gc,stats]    Young Subphase: Concurrent Roots OopStorageSet                0.015 / 0.031         1.883 / 5.650         1.883 / 5.650         1.883 / 5.650       ms
[14.785s][info][gc,stats]    Young Subphase: Concurrent Weak Roots OopStorageSet           0.117 / 0.153         0.219 / 0.458         0.219 / 0.458         0.219 / 0.458       ms
[14.785s][info][gc,stats] =========================================================================================================================================================
