
=== RUN 75/100 (GA dyn_only) ===

[0.030s][info][gc,ref] Reference Processor created, Macros: ZUseSeparateDiscoveredLists=0, ZUseDynamicArray=1, ZUseOptimisedClearPath=0
WeakRefSingleObjectBenchmark: weakRefCount=10000000 sleepMillis=500

=== Iteration 1 ===
Phase 1: Allocating the single target object...
Phase 2: Allocating 10000000 WeakReferences in random order...
Allocated 10000000 weak ref holders in 1.27 seconds
Phase 3: Sleeping for 500 ms (strong ref still held)...
Phase 4: Releasing the strong reference to the target object...
Phase 5: Triggering GC...
[5.895s][info][gc,ref] GC(0) O:                           Encountered       Discovered Cleared/Enqueued 
[5.895s][info][gc,ref] GC(0) O: Soft References:                  238                0                0 
[5.895s][info][gc,ref] GC(0) O: Weak References:                 1330                0                0 
[5.895s][info][gc,ref] GC(0) O: Weak (No Queue):              7057214                0                0 
[5.895s][info][gc,ref] GC(0) O: Weak Fields:                        0                0                0 
[5.895s][info][gc,ref] GC(0) O: Final References:                   0                0                0 
[5.895s][info][gc,ref] GC(0) O: Phantom References:                 1                0                0 
[11.623s][info][gc,ref] GC(1) O:                           Encountered       Discovered Cleared/Enqueued 
[11.623s][info][gc,ref] GC(1) O: Soft References:                  238                0                0 
[11.623s][info][gc,ref] GC(1) O: Weak References:                 1330              537              330 
[11.623s][info][gc,ref] GC(1) O: Weak (No Queue):             10000003         10000000         10000000 
[11.623s][info][gc,ref] GC(1) O: Weak Fields:                        0                0                0 
[11.623s][info][gc,ref] GC(1) O: Final References:                   0                0                0 
[11.624s][info][gc,ref] GC(1) O: Phantom References:                 1                1                0 
Phase 6: Checking results...
Alive weak references after GC: 0 / 10000000
[14.596s][info][gc,stats] === Garbage Collection Statistics =======================================================================================================================
[14.596s][info][gc,stats]                                                              Last 10s              Last 10m              Last 10h                Total
[14.596s][info][gc,stats]                                                              Avg / Max             Avg / Max             Avg / Max             Avg / Max
[14.596s][info][gc,stats]        Contention: Mark Segment Reset Contention                     3 / 35                3 / 35                3 / 35                3 / 35          ops/s
[14.596s][info][gc,stats]        Contention: Mark SeqNum Reset Contention                      0 / 5                 0 / 5                 0 / 5                 0 / 5           ops/s
[14.596s][info][gc,stats]          Critical: Allocation Stall                                  0 / 0                 0 / 0                 0 / 0                 0 / 0           ops/s
[14.596s][info][gc,stats]          Critical: Allocation Stall                              0.000 / 0.000         0.000 / 0.000         0.000 / 0.000         0.000 / 0.000       ms
[14.596s][info][gc,stats]          Critical: JNI Critical Stall                                0 / 0                 0 / 0                 0 / 0                 0 / 0           ops/s
[14.596s][info][gc,stats]          Critical: JNI Critical Stall                            0.000 / 0.000         0.000 / 0.000         0.000 / 0.000         0.000 / 0.000       ms
[14.596s][info][gc,stats]          Critical: Relocation Stall                                  0 / 0                 0 / 0                 0 / 0                 0 / 0           ops/s
[14.596s][info][gc,stats]          Critical: Relocation Stall                              0.000 / 0.000         0.000 / 0.000         0.000 / 0.000         0.000 / 0.000       ms
[14.596s][info][gc,stats]  Major Collection: Major Collection                           3795.159 / 5728.075   3795.159 / 5728.075   3795.159 / 5728.075   3795.159 / 5728.075    ms
[14.596s][info][gc,stats]            Memory: Allocation Rate                                  66 / 662              77 / 662              77 / 662              77 / 662         MB/s
[14.596s][info][gc,stats]            Memory: Defragment                                        0 / 0                 0 / 0                 0 / 0                 0 / 0           ops/s
[14.596s][info][gc,stats]            Memory: Mapped Cache Harvest                              0 / 0                 0 / 0                 0 / 0                 0 / 0           MB/s
[14.596s][info][gc,stats]            Memory: Out Of Memory                                     0 / 0                 0 / 0                 0 / 0                 0 / 0           ops/s
[14.596s][info][gc,stats]            Memory: Uncommit                                          0 / 0                 0 / 0                 0 / 0                 0 / 0           MB/s
[14.596s][info][gc,stats]            Memory: Undo Object Allocation Failed                     0 / 0                 0 / 0                 0 / 0                 0 / 0           ops/s
[14.596s][info][gc,stats]            Memory: Undo Object Allocation Succeeded                  0 / 0                 0 / 0                 0 / 0                 0 / 0           ops/s
[14.596s][info][gc,stats]            Memory: Undo Page Allocation                              0 / 0                 0 / 0                 0 / 0                 0 / 0           ops/s
[14.596s][info][gc,stats]  Minor Collection: Minor Collection                              0.000 / 0.000         0.000 / 0.000         0.000 / 0.000         0.000 / 0.000       ms
[14.596s][info][gc,stats]    Old Generation: Old Generation                             1282.208 / 2560.032   1282.208 / 2560.032   1282.208 / 2560.032   1282.208 / 2560.032    ms
[14.596s][info][gc,stats]         Old Pause: Pause Mark End                                0.012 / 0.015         0.012 / 0.015         0.012 / 0.015         0.012 / 0.015       ms
[14.596s][info][gc,stats]         Old Pause: Pause Relocate Start                          0.010 / 0.013         0.010 / 0.013         0.010 / 0.013         0.010 / 0.013       ms
[14.596s][info][gc,stats]         Old Phase: Concurrent Mark                            1099.617 / 2198.747   1099.617 / 2198.747   1099.617 / 2198.747   1099.617 / 2198.747    ms
[14.596s][info][gc,stats]         Old Phase: Concurrent Mark Continue                      0.000 / 0.000         0.000 / 0.000         0.000 / 0.000         0.000 / 0.000       ms
[14.596s][info][gc,stats]         Old Phase: Concurrent Mark Free                          0.002 / 0.004         0.002 / 0.004         0.002 / 0.004         0.002 / 0.004       ms
[14.596s][info][gc,stats]         Old Phase: Concurrent Process Non-Strong               166.039 / 329.788     166.039 / 329.788     166.039 / 329.788     166.039 / 329.788     ms
[14.596s][info][gc,stats]         Old Phase: Concurrent Relocate                           0.797 / 1.523         0.797 / 1.523         0.797 / 1.523         0.797 / 1.523       ms
[14.596s][info][gc,stats]         Old Phase: Concurrent Remap Roots                       15.156 / 29.370       15.156 / 29.370       15.156 / 29.370       15.156 / 29.370      ms
[14.596s][info][gc,stats]         Old Phase: Concurrent Reset Relocation Set               0.001 / 0.001         0.001 / 0.001         0.001 / 0.001         0.001 / 0.001       ms
[14.596s][info][gc,stats]         Old Phase: Concurrent Select Relocation Set              0.161 / 0.253         0.161 / 0.253         0.161 / 0.253         0.161 / 0.253       ms
[14.596s][info][gc,stats]      Old Subphase: Concurrent Classes Purge                      0.219 / 0.418         0.219 / 0.418         0.219 / 0.418         0.219 / 0.418       ms
[14.596s][info][gc,stats]      Old Subphase: Concurrent Classes Unlink                     1.191 / 1.424         1.191 / 1.424         1.191 / 1.424         1.191 / 1.424       ms
[14.596s][info][gc,stats]      Old Subphase: Concurrent Mark Follow                     1099.452 / 2198.586   1099.452 / 2198.586   1099.452 / 2198.586   1099.452 / 2198.586    ms
[14.596s][info][gc,stats]      Old Subphase: Concurrent Mark Root Colored                  0.030 / 0.079         0.030 / 0.079         0.030 / 0.079         0.030 / 0.079       ms
[14.596s][info][gc,stats]      Old Subphase: Concurrent Mark Root Uncolored                0.031 / 0.067         0.031 / 0.067         0.031 / 0.067         0.031 / 0.067       ms
[14.596s][info][gc,stats]      Old Subphase: Concurrent Mark Roots                         0.161 / 0.165         0.161 / 0.165         0.161 / 0.165         0.161 / 0.165       ms
[14.596s][info][gc,stats]      Old Subphase: Concurrent References Enqueue                 0.002 / 0.004         0.002 / 0.004         0.002 / 0.004         0.002 / 0.004       ms
[14.596s][info][gc,stats]      Old Subphase: Concurrent References Process               164.114 / 328.215     164.114 / 328.215     164.114 / 328.215     164.114 / 328.215     ms
[14.596s][info][gc,stats]      Old Subphase: Concurrent Remap Remembered                  14.463 / 28.955       14.463 / 28.955       14.463 / 28.955       14.463 / 28.955      ms
[14.596s][info][gc,stats]      Old Subphase: Concurrent Remap Roots Colored                0.377 / 0.718         0.377 / 0.718         0.377 / 0.718         0.377 / 0.718       ms
[14.596s][info][gc,stats]      Old Subphase: Concurrent Remap Roots Uncolored              0.189 / 0.196         0.189 / 0.196         0.189 / 0.196         0.189 / 0.196       ms
[14.596s][info][gc,stats]      Old Subphase: Concurrent Roots ClassLoaderDataGraph         0.246 / 0.680         0.246 / 0.680         0.246 / 0.680         0.246 / 0.680       ms
[14.596s][info][gc,stats]      Old Subphase: Concurrent Roots CodeCache                    0.187 / 0.194         0.187 / 0.194         0.187 / 0.194         0.187 / 0.194       ms
[14.596s][info][gc,stats]      Old Subphase: Concurrent Roots JavaThreads                  0.013 / 0.067         0.013 / 0.067         0.013 / 0.067         0.013 / 0.067       ms
[14.596s][info][gc,stats]      Old Subphase: Concurrent Roots OopStorageSet                0.005 / 0.011         0.005 / 0.011         0.005 / 0.011         0.005 / 0.011       ms
[14.596s][info][gc,stats]      Old Subphase: Concurrent Weak Roots OopStorageSet           0.093 / 0.240         0.093 / 0.240         0.093 / 0.240         0.093 / 0.240       ms
[14.596s][info][gc,stats]            System: Java Threads                                     11 / 11               11 / 11               11 / 11               11 / 11          threads
[14.596s][info][gc,stats]  Young Generation: Young Generation                           1857.777 / 1857.777   1857.777 / 1857.777   1857.777 / 1857.777   1857.777 / 1857.777    ms
[14.596s][info][gc,stats]  Young Generation: Young Generation                              0.000 / 0.000         0.000 / 0.000         0.000 / 0.000         0.000 / 0.000       ms
[14.596s][info][gc,stats]  Young Generation: Young Generation (Collect Roots)              3.776 / 3.776         3.776 / 3.776         3.776 / 3.776         3.776 / 3.776       ms
[14.596s][info][gc,stats]  Young Generation: Young Generation (Promote All)             3164.160 / 3164.160   3164.160 / 3164.160   3164.160 / 3164.160   3164.160 / 3164.160    ms
[14.596s][info][gc,stats]       Young Pause: Pause Mark End                                0.012 / 0.014         0.012 / 0.014         0.012 / 0.014         0.012 / 0.014       ms
[14.596s][info][gc,stats]       Young Pause: Pause Mark Start                              0.010 / 0.010         0.010 / 0.010         0.010 / 0.010         0.010 / 0.010       ms
[14.596s][info][gc,stats]       Young Pause: Pause Mark Start (Major)                      0.016 / 0.016         0.016 / 0.016         0.016 / 0.016         0.016 / 0.016       ms
[14.596s][info][gc,stats]       Young Pause: Pause Relocate Start                          0.009 / 0.012         0.009 / 0.012         0.009 / 0.012         0.009 / 0.012       ms
[14.596s][info][gc,stats]       Young Phase: Concurrent Mark                            1455.415 / 2512.819   1455.415 / 2512.819   1455.415 / 2512.819   1455.415 / 2512.819    ms
[14.596s][info][gc,stats]       Young Phase: Concurrent Mark Continue                      0.000 / 0.000         0.000 / 0.000         0.000 / 0.000         0.000 / 0.000       ms
[14.596s][info][gc,stats]       Young Phase: Concurrent Mark Free                          0.003 / 0.005         0.003 / 0.005         0.003 / 0.005         0.003 / 0.005       ms
[14.596s][info][gc,stats]       Young Phase: Concurrent Relocate                         163.672 / 486.646     163.672 / 486.646     163.672 / 486.646     163.672 / 486.646     ms
[14.596s][info][gc,stats]       Young Phase: Concurrent Reset Relocation Set               0.039 / 0.115         0.039 / 0.115         0.039 / 0.115         0.039 / 0.115       ms
[14.596s][info][gc,stats]       Young Phase: Concurrent Select Relocation Set             55.698 / 164.405      55.698 / 164.405      55.698 / 164.405      55.698 / 164.405     ms
[14.596s][info][gc,stats]    Young Subphase: Concurrent Mark Follow                     1453.823 / 2511.451   1453.823 / 2511.451   1453.823 / 2511.451   1453.823 / 2511.451    ms
[14.596s][info][gc,stats]    Young Subphase: Concurrent Mark Root Colored                  1.150 / 1.771         1.150 / 1.771         1.150 / 1.771         1.150 / 1.771       ms
[14.596s][info][gc,stats]    Young Subphase: Concurrent Mark Root Uncolored                0.274 / 0.364         0.274 / 0.364         0.274 / 0.364         0.274 / 0.364       ms
[14.596s][info][gc,stats]    Young Subphase: Concurrent Mark Roots                         1.590 / 2.318         1.590 / 2.318         1.590 / 2.318         1.590 / 2.318       ms
[14.596s][info][gc,stats]    Young Subphase: Concurrent Relocate Remset FP               161.538 / 484.589     161.538 / 484.589     161.538 / 484.589     161.538 / 484.589     ms
[14.596s][info][gc,stats]    Young Subphase: Concurrent Roots ClassLoaderDataGraph         0.760 / 1.000         0.760 / 1.000         0.760 / 1.000         0.760 / 1.000       ms
[14.596s][info][gc,stats]    Young Subphase: Concurrent Roots CodeCache                    0.228 / 0.307         0.228 / 0.307         0.228 / 0.307         0.228 / 0.307       ms
[14.596s][info][gc,stats]    Young Subphase: Concurrent Roots JavaThreads                  0.024 / 0.134         0.024 / 0.134         0.024 / 0.134         0.024 / 0.134       ms
[14.596s][info][gc,stats]    Young Subphase: Concurrent Roots OopStorageSet                0.225 / 0.640         0.225 / 0.640         0.225 / 0.640         0.225 / 0.640       ms
[14.596s][info][gc,stats]    Young Subphase: Concurrent Weak Roots OopStorageSet           0.213 / 0.517         0.213 / 0.517         0.213 / 0.517         0.213 / 0.517       ms
[14.596s][info][gc,stats] =========================================================================================================================================================
