# JMH version: 1.37
# VM version: JDK 27-internal, OpenJDK 64-Bit Server VM, 27-internal-adhoc.fredrha.SimplifyingWeakRefs
# VM invoker: /gorilla/home/fredrha/SimplifyingWeakRefs/build/variant-images/weak_fields-linux-x86_64-server-release/jdk/bin/java
# VM options: -XX:+UseZGC -Xms48g -Xmx48g
# Blackhole mode: compiler (auto-detected, use -Djmh.blackhole.autoDetect=false to disable)
# Warmup: 3 iterations, 60 s each
# Measurement: 5 iterations, 60 s each
# Timeout: 10 min per iteration
# Threads: 1 thread, will synchronize iterations
# Benchmark mode: Throughput, ops/time
# Benchmark: org.openjdk.bench.weakvaluehashmap.WeakFieldValueHashMapBenchmark.cleanup
# Parameters: (keyPayloadSize = 64, liveSet = 67108864, lookupsPerInvocation = 32, replacementsPerInvocation = 8, retirementsPerInvocation = 16, valuePayloadSize = 256)

# Run progress: 0.00% complete, ETA 00:32:00
# Fork: 1 of 1
[0.004s][warning][gc] ***** WARNING! INCORRECT SYSTEM CONFIGURATION DETECTED! *****
[0.004s][warning][gc] The system limit on number of memory mappings per process might be too low for the given
[0.004s][warning][gc] max Java heap size (49152M). Please adjust /proc/sys/vm/max_map_count to allow for at
[0.004s][warning][gc] least 88473 mappings (current limit is 65530). Continuing execution with the current
[0.004s][warning][gc] limit could lead to a premature OutOfMemoryError being thrown, due to failure to map memory.
WARNING: A terminally deprecated method in sun.misc.Unsafe has been called
WARNING: sun.misc.Unsafe::objectFieldOffset has been called by org.openjdk.jmh.util.Utils (file:/gorilla/home/fredrha/SimplifyingWeakRefs/build/jmh/jars/jmh-core-1.37.jar)
WARNING: Please consider reporting this to the maintainers of class org.openjdk.jmh.util.Utils
WARNING: sun.misc.Unsafe::objectFieldOffset will be removed in a future release
# Warmup Iteration   1: 0.368 ops/s
# Warmup Iteration   2: 0.476 ops/s
# Warmup Iteration   3: 0.475 ops/s
Iteration   1: 0.475 ops/s
Iteration   2: 0.475 ops/s
Iteration   3: 0.475 ops/s
Iteration   4: 0.475 ops/s
Iteration   5: 0.473 ops/s


Result "org.openjdk.bench.weakvaluehashmap.WeakFieldValueHashMapBenchmark.cleanup":
  0.474 ±(99.9%) 0.003 ops/s [Average]
  (min, avg, max) = (0.473, 0.474, 0.475), stdev = 0.001
  CI (99.9%): [0.472, 0.477] (assumes normal distribution)


# JMH version: 1.37
# VM version: JDK 27-internal, OpenJDK 64-Bit Server VM, 27-internal-adhoc.fredrha.SimplifyingWeakRefs
# VM invoker: /gorilla/home/fredrha/SimplifyingWeakRefs/build/variant-images/weak_fields-linux-x86_64-server-release/jdk/bin/java
# VM options: -XX:+UseZGC -Xms48g -Xmx48g
# Blackhole mode: compiler (auto-detected, use -Djmh.blackhole.autoDetect=false to disable)
# Warmup: 3 iterations, 60 s each
# Measurement: 5 iterations, 60 s each
# Timeout: 10 min per iteration
# Threads: 1 thread, will synchronize iterations
# Benchmark mode: Throughput, ops/time
# Benchmark: org.openjdk.bench.weakvaluehashmap.WeakFieldValueHashMapBenchmark.lookup
# Parameters: (keyPayloadSize = 64, liveSet = 67108864, lookupsPerInvocation = 32, replacementsPerInvocation = 8, retirementsPerInvocation = 16, valuePayloadSize = 256)

# Run progress: 25.00% complete, ETA 00:41:01
# Fork: 1 of 1
[0.004s][warning][gc] ***** WARNING! INCORRECT SYSTEM CONFIGURATION DETECTED! *****
[0.004s][warning][gc] The system limit on number of memory mappings per process might be too low for the given
[0.004s][warning][gc] max Java heap size (49152M). Please adjust /proc/sys/vm/max_map_count to allow for at
[0.004s][warning][gc] least 88473 mappings (current limit is 65530). Continuing execution with the current
[0.004s][warning][gc] limit could lead to a premature OutOfMemoryError being thrown, due to failure to map memory.
WARNING: A terminally deprecated method in sun.misc.Unsafe has been called
WARNING: sun.misc.Unsafe::objectFieldOffset has been called by org.openjdk.jmh.util.Utils (file:/gorilla/home/fredrha/SimplifyingWeakRefs/build/jmh/jars/jmh-core-1.37.jar)
WARNING: Please consider reporting this to the maintainers of class org.openjdk.jmh.util.Utils
WARNING: sun.misc.Unsafe::objectFieldOffset will be removed in a future release
# Warmup Iteration   1: 57276.319 ops/s
# Warmup Iteration   2: 123659.703 ops/s
# Warmup Iteration   3: 123597.380 ops/s
Iteration   1: 123663.252 ops/s
Iteration   2: 122988.377 ops/s
Iteration   3: 122711.996 ops/s
Iteration   4: 123309.799 ops/s
Iteration   5: 123333.649 ops/s


Result "org.openjdk.bench.weakvaluehashmap.WeakFieldValueHashMapBenchmark.lookup":
  123201.415 ±(99.9%) 1398.270 ops/s [Average]
  (min, avg, max) = (122711.996, 123201.415, 123663.252), stdev = 363.126
  CI (99.9%): [121803.145, 124599.685] (assumes normal distribution)


# JMH version: 1.37
# VM version: JDK 27-internal, OpenJDK 64-Bit Server VM, 27-internal-adhoc.fredrha.SimplifyingWeakRefs
# VM invoker: /gorilla/home/fredrha/SimplifyingWeakRefs/build/variant-images/weak_fields-linux-x86_64-server-release/jdk/bin/java
# VM options: -XX:+UseZGC -Xms48g -Xmx48g
# Blackhole mode: compiler (auto-detected, use -Djmh.blackhole.autoDetect=false to disable)
# Warmup: 3 iterations, 60 s each
# Measurement: 5 iterations, 60 s each
# Timeout: 10 min per iteration
# Threads: 1 thread, will synchronize iterations
# Benchmark mode: Throughput, ops/time
# Benchmark: org.openjdk.bench.weakvaluehashmap.WeakFieldValueHashMapBenchmark.mixed
# Parameters: (keyPayloadSize = 64, liveSet = 67108864, lookupsPerInvocation = 32, replacementsPerInvocation = 8, retirementsPerInvocation = 16, valuePayloadSize = 256)

# Run progress: 50.00% complete, ETA 00:23:40
# Fork: 1 of 1
[0.004s][warning][gc] ***** WARNING! INCORRECT SYSTEM CONFIGURATION DETECTED! *****
[0.004s][warning][gc] The system limit on number of memory mappings per process might be too low for the given
[0.004s][warning][gc] max Java heap size (49152M). Please adjust /proc/sys/vm/max_map_count to allow for at
[0.004s][warning][gc] least 88473 mappings (current limit is 65530). Continuing execution with the current
[0.004s][warning][gc] limit could lead to a premature OutOfMemoryError being thrown, due to failure to map memory.
WARNING: A terminally deprecated method in sun.misc.Unsafe has been called
WARNING: sun.misc.Unsafe::objectFieldOffset has been called by org.openjdk.jmh.util.Utils (file:/gorilla/home/fredrha/SimplifyingWeakRefs/build/jmh/jars/jmh-core-1.37.jar)
WARNING: Please consider reporting this to the maintainers of class org.openjdk.jmh.util.Utils
WARNING: sun.misc.Unsafe::objectFieldOffset will be removed in a future release
# Warmup Iteration   1: 0.369 ops/s
# Warmup Iteration   2: 0.471 ops/s
# Warmup Iteration   3: 0.471 ops/s
Iteration   1: 0.473 ops/s
Iteration   2: 0.470 ops/s
Iteration   3: 0.472 ops/s
Iteration   4: 0.472 ops/s
Iteration   5: 0.472 ops/s


Result "org.openjdk.bench.weakvaluehashmap.WeakFieldValueHashMapBenchmark.mixed":
  0.472 ±(99.9%) 0.005 ops/s [Average]
  (min, avg, max) = (0.470, 0.472, 0.473), stdev = 0.001
  CI (99.9%): [0.467, 0.477] (assumes normal distribution)


# JMH version: 1.37
# VM version: JDK 27-internal, OpenJDK 64-Bit Server VM, 27-internal-adhoc.fredrha.SimplifyingWeakRefs
# VM invoker: /gorilla/home/fredrha/SimplifyingWeakRefs/build/variant-images/weak_fields-linux-x86_64-server-release/jdk/bin/java
# VM options: -XX:+UseZGC -Xms48g -Xmx48g
# Blackhole mode: compiler (auto-detected, use -Djmh.blackhole.autoDetect=false to disable)
# Warmup: 3 iterations, 60 s each
# Measurement: 5 iterations, 60 s each
# Timeout: 10 min per iteration
# Threads: 1 thread, will synchronize iterations
# Benchmark mode: Throughput, ops/time
# Benchmark: org.openjdk.bench.weakvaluehashmap.WeakFieldValueHashMapBenchmark.replace
# Parameters: (keyPayloadSize = 64, liveSet = 67108864, lookupsPerInvocation = 32, replacementsPerInvocation = 8, retirementsPerInvocation = 16, valuePayloadSize = 256)

# Run progress: 75.00% complete, ETA 00:13:44
# Fork: 1 of 1
[0.004s][warning][gc] ***** WARNING! INCORRECT SYSTEM CONFIGURATION DETECTED! *****
[0.004s][warning][gc] The system limit on number of memory mappings per process might be too low for the given
[0.004s][warning][gc] max Java heap size (49152M). Please adjust /proc/sys/vm/max_map_count to allow for at
[0.004s][warning][gc] least 88473 mappings (current limit is 65530). Continuing execution with the current
[0.004s][warning][gc] limit could lead to a premature OutOfMemoryError being thrown, due to failure to map memory.
WARNING: A terminally deprecated method in sun.misc.Unsafe has been called
WARNING: sun.misc.Unsafe::objectFieldOffset has been called by org.openjdk.jmh.util.Utils (file:/gorilla/home/fredrha/SimplifyingWeakRefs/build/jmh/jars/jmh-core-1.37.jar)
WARNING: Please consider reporting this to the maintainers of class org.openjdk.jmh.util.Utils
WARNING: sun.misc.Unsafe::objectFieldOffset will be removed in a future release
# Warmup Iteration   1: #
# A fatal error has been detected by the Java Runtime Environment:
#
#  SIGSEGV (0xb) at pc=0x000014686a938bf0, pid=854934, tid=854945
#
# JRE version: OpenJDK Runtime Environment (27.0) (build 27-internal-adhoc.fredrha.SimplifyingWeakRefs)
# Java VM: OpenJDK 64-Bit Server VM (27-internal-adhoc.fredrha.SimplifyingWeakRefs, mixed mode, tiered, z gc, linux-amd64)
# Problematic frame:
# V  [libjvm.so+0x933bf0]  oopDesc::size_given_klass(Klass*)+0x0
#
# Core dump will be written. Default location: Determined by the following: "/usr/lib/systemd/systemd-coredump %P %u %g %s %t %c %h %d %F" (alternatively, falling back to /gorilla/home/fredrha/SimplifyingWeakRefs/core.854934)
#
# An error report file with more information is saved as:
# /gorilla/home/fredrha/SimplifyingWeakRefs/hs_err_pid854934.log
#
# If you would like to submit a bug report, please visit:
#   https://bugreport.java.com/bugreport/crash.jsp
#
<forked VM failed with exit code 134>
<stdout last='20 lines'>
[0.004s][warning][gc] least 88473 mappings (current limit is 65530). Continuing execution with the current
[0.004s][warning][gc] limit could lead to a premature OutOfMemoryError being thrown, due to failure to map memory.
#
# A fatal error has been detected by the Java Runtime Environment:
#
#  SIGSEGV (0xb) at pc=0x000014686a938bf0, pid=854934, tid=854945
#
# JRE version: OpenJDK Runtime Environment (27.0) (build 27-internal-adhoc.fredrha.SimplifyingWeakRefs)
# Java VM: OpenJDK 64-Bit Server VM (27-internal-adhoc.fredrha.SimplifyingWeakRefs, mixed mode, tiered, z gc, linux-amd64)
# Problematic frame:
# V  [libjvm.so+0x933bf0]  oopDesc::size_given_klass(Klass*)+0x0
#
# Core dump will be written. Default location: Determined by the following: "/usr/lib/systemd/systemd-coredump %P %u %g %s %t %c %h %d %F" (alternatively, falling back to /gorilla/home/fredrha/SimplifyingWeakRefs/core.854934)
#
# An error report file with more information is saved as:
# /gorilla/home/fredrha/SimplifyingWeakRefs/hs_err_pid854934.log
#
# If you would like to submit a bug report, please visit:
#   https://bugreport.java.com/bugreport/crash.jsp
#
</stdout>
<stderr last='20 lines'>
WARNING: A terminally deprecated method in sun.misc.Unsafe has been called
WARNING: sun.misc.Unsafe::objectFieldOffset has been called by org.openjdk.jmh.util.Utils (file:/gorilla/home/fredrha/SimplifyingWeakRefs/build/jmh/jars/jmh-core-1.37.jar)
WARNING: Please consider reporting this to the maintainers of class org.openjdk.jmh.util.Utils
WARNING: sun.misc.Unsafe::objectFieldOffset will be removed in a future release
</stderr>

Benchmark had encountered error, and fail on error was requested
