
=== Instance 2/8, outer iteration 10/48 (Variant clear_path_only) ===

Affinity: allowed=12,13,14,15,16,17,18,19,20,21,22,23 jvm=12,13,14,15,16,17,18,19,20,21 aux=22,23
Benchmark args: 1100000000
Command: /gorilla/home/fredrha/SimplifyingWeakRefs/build/variant-images/clear_path_only-linux-x86_64-server-release/jdk/bin/java -Xms132g -Xmx132g -XX:+UseZGC -Xlog:gc+stats,gc+ref -XX:InitialTenuringThreshold=1 -XX:MaxTenuringThreshold=1 -XX:NativeMemoryTracking=summary /gorilla/home/fredrha/SimplifyingWeakRefs/test/weakrefs/WeakRefSingleObjectBenchmark.java 1100000000

[0.004s][warning][gc] ***** WARNING! INCORRECT SYSTEM CONFIGURATION DETECTED! *****
[0.004s][warning][gc] The system limit on number of memory mappings per process might be too low for the given
[0.004s][warning][gc] max Java heap size (135168M). Please adjust /proc/sys/vm/max_map_count to allow for at
[0.004s][warning][gc] least 243302 mappings (current limit is 65530). Continuing execution with the current
[0.004s][warning][gc] limit could lead to a premature OutOfMemoryError being thrown, due to failure to map memory.
[0.004s][info   ][gc,ref] Reference Processor created, Config: Optimised clear path
WeakRefSingleObjectBenchmark: weakRefCount=1100000000 sleepMillis=500
Phase 1: Allocating the single target object...
Phase 2: Allocating 1100000000 WeakReferences in random order...
[73.022s][info   ][gc,ref] GC(0) O:                           Encountered       Discovered Cleared/Enqueued 
[73.022s][info   ][gc,ref] GC(0) O: Soft References:                  238                0                0 
[73.022s][info   ][gc,ref] GC(0) O: Weak References:                 1330                0                0 
[73.022s][info   ][gc,ref] GC(0) O: Weak (No Queue):             11775600                0                0 
[73.022s][info   ][gc,ref] GC(0) O: Final References:                   0                0                0 
[73.022s][info   ][gc,ref] GC(0) O: Phantom References:                 1                0                0 
Allocated 1100000000 weak ref holders in 141.89 seconds
Phase 3: Sleeping for 500 ms (strong ref still held)...
Phase 4: Releasing the strong reference to the target object...
Phase 5: Triggering GC...
[619.677s][info   ][gc,ref] GC(1) O:                           Encountered       Discovered Cleared/Enqueued 
[619.677s][info   ][gc,ref] GC(1) O: Soft References:                  238                0                0 
[619.677s][info   ][gc,ref] GC(1) O: Weak References:                 1330                0                0 
[619.677s][info   ][gc,ref] GC(1) O: Weak (No Queue):            210156239                0                0 
[619.677s][info   ][gc,ref] GC(1) O: Final References:                   0                0                0 
[619.677s][info   ][gc,ref] GC(1) O: Phantom References:                 1                0                0 
[977.795s][info   ][gc,ref] GC(4) O:                           Encountered       Discovered Cleared/Enqueued 
[977.795s][info   ][gc,ref] GC(4) O: Soft References:                  238                0                0 
[977.795s][info   ][gc,ref] GC(4) O: Weak References:                 1330             1030              330 
[977.795s][info   ][gc,ref] GC(4) O: Weak (No Queue):           1100000003       1100000000       1100000000 
[977.795s][info   ][gc,ref] GC(4) O: Final References:                   0                0                0 
[977.795s][info   ][gc,ref] GC(4) O: Phantom References:                 1                1                0 
Phase 6: Checking results...
Alive weak references after GC: 0 / 1100000000
[1106.725s][info   ][gc,stats] === Garbage Collection Statistics =======================================================================================================================
[1106.725s][info   ][gc,stats]                                                              Last 10s              Last 10m              Last 10h                Total
[1106.725s][info   ][gc,stats]                                                              Avg / Max             Avg / Max             Avg / Max             Avg / Max
[1106.725s][info   ][gc,stats]        Contention: Mark Segment Reset Contention                     0 / 0                 0 / 2                 0 / 26                0 / 26          ops/s
[1106.725s][info   ][gc,stats]        Contention: Mark SeqNum Reset Contention                      0 / 0                 0 / 5                 0 / 5                 0 / 5           ops/s
[1106.725s][info   ][gc,stats]          Critical: Allocation Stall                                  0 / 0                 0 / 0                 0 / 0                 0 / 0           ops/s
[1106.725s][info   ][gc,stats]          Critical: Allocation Stall                              0.000 / 0.000         0.000 / 0.000         0.000 / 0.000         0.000 / 0.000       ms
[1106.725s][info   ][gc,stats]          Critical: JNI Critical Stall                                0 / 0                 0 / 0                 0 / 0                 0 / 0           ops/s
[1106.725s][info   ][gc,stats]          Critical: JNI Critical Stall                            0.000 / 0.000         0.000 / 0.000         0.000 / 0.000         0.000 / 0.000       ms
[1106.725s][info   ][gc,stats]          Critical: Relocation Stall                                  0 / 0                 0 / 0                 0 / 0                 0 / 0           ops/s
[1106.725s][info   ][gc,stats]          Critical: Relocation Stall                              0.000 / 0.000         0.000 / 0.000         0.000 / 0.000         0.000 / 0.000       ms
[1106.725s][info   ][gc,stats]  Major Collection: Major Collection                              0.000 / 0.000     445512.413 / 532907.183 298968.762 / 532907.183 298968.762 / 532907.183   ms
[1106.725s][info   ][gc,stats]            Memory: Allocation Rate                                   0 / 0                 0 / 2                82 / 8440             82 / 8440        MB/s
[1106.725s][info   ][gc,stats]            Memory: Defragment                                        0 / 0                 0 / 0                 0 / 0                 0 / 0           ops/s
[1106.725s][info   ][gc,stats]            Memory: Mapped Cache Harvest                              0 / 0                 0 / 0                 0 / 0                 0 / 0           MB/s
[1106.725s][info   ][gc,stats]            Memory: Out Of Memory                                     0 / 0                 0 / 0                 0 / 0                 0 / 0           ops/s
[1106.725s][info   ][gc,stats]            Memory: Uncommit                                          0 / 0                 0 / 0                 0 / 0                 0 / 0           MB/s
[1106.725s][info   ][gc,stats]            Memory: Undo Object Allocation Failed                     0 / 0                 0 / 0                 0 / 0                 0 / 0           ops/s
[1106.725s][info   ][gc,stats]            Memory: Undo Object Allocation Succeeded                  0 / 0                 0 / 0                 0 / 0                 0 / 0           ops/s
[1106.725s][info   ][gc,stats]            Memory: Undo Page Allocation                              0 / 0                 0 / 0                 0 / 0                 0 / 0           ops/s
[1106.725s][info   ][gc,stats]  Minor Collection: Minor Collection                              0.000 / 0.000     189708.440 / 189708.440 202819.593 / 215930.745 202819.593 / 215930.745   ms
[1106.725s][info   ][gc,stats]    Old Generation: Old Generation                                0.000 / 0.000     373060.744 / 411006.438 248708.845 / 411006.438 248708.845 / 411006.438   ms
[1106.725s][info   ][gc,stats]         Old Pause: Pause Mark End                                0.000 / 0.000         0.015 / 0.015         0.011 / 0.015         0.011 / 0.015       ms
[1106.725s][info   ][gc,stats]         Old Pause: Pause Relocate Start                          0.000 / 0.000         0.015 / 0.015         0.013 / 0.016         0.013 / 0.016       ms
[1106.725s][info   ][gc,stats]         Old Phase: Concurrent Mark                               0.000 / 0.000     240977.377 / 240977.377 80325.997 / 240977.377 80325.997 / 240977.377   ms
[1106.725s][info   ][gc,stats]         Old Phase: Concurrent Mark Continue                      0.000 / 0.000         0.000 / 0.000         0.000 / 0.000         0.000 / 0.000       ms
[1106.725s][info   ][gc,stats]         Old Phase: Concurrent Mark Free                          0.000 / 0.000         0.003 / 0.003         0.001 / 0.003         0.001 / 0.003       ms
[1106.725s][info   ][gc,stats]         Old Phase: Concurrent Process Non-Strong                 0.000 / 0.000     92531.126 / 92531.126 30845.263 / 92531.126 30845.263 / 92531.126   ms
[1106.725s][info   ][gc,stats]         Old Phase: Concurrent Relocate                           0.000 / 0.000         2.275 / 2.275         0.798 / 2.275         0.798 / 2.275       ms
[1106.725s][info   ][gc,stats]         Old Phase: Concurrent Remap Roots                        0.000 / 0.000      1600.194 / 1600.194   2321.510 / 5363.664   2321.510 / 5363.664    ms
[1106.725s][info   ][gc,stats]         Old Phase: Concurrent Reset Relocation Set               0.000 / 0.000         0.001 / 0.001         0.000 / 0.001         0.000 / 0.001       ms
[1106.725s][info   ][gc,stats]         Old Phase: Concurrent Select Relocation Set              0.000 / 0.000         3.938 / 3.938         2.587 / 3.938         2.587 / 3.938       ms
[1106.726s][info   ][gc,stats]      Old Subphase: Concurrent Classes Purge                      0.000 / 0.000         0.013 / 0.013         0.132 / 0.381         0.132 / 0.381       ms
[1106.726s][info   ][gc,stats]      Old Subphase: Concurrent Classes Unlink                     0.000 / 0.000         0.745 / 0.745         1.434 / 2.025         1.434 / 2.025       ms
[1106.726s][info   ][gc,stats]      Old Subphase: Concurrent Mark Follow                        0.000 / 0.000     240977.264 / 240977.264 80325.869 / 240977.264 80325.869 / 240977.264   ms
[1106.726s][info   ][gc,stats]      Old Subphase: Concurrent Mark Root Colored                  0.000 / 0.000         0.048 / 0.093         0.041 / 0.093         0.041 / 0.093       ms
[1106.726s][info   ][gc,stats]      Old Subphase: Concurrent Mark Root Uncolored                0.000 / 0.000         0.022 / 0.045         0.032 / 0.094         0.032 / 0.094       ms
[1106.726s][info   ][gc,stats]      Old Subphase: Concurrent Mark Roots                         0.000 / 0.000         0.098 / 0.110         0.112 / 0.166         0.112 / 0.166       ms
[1106.726s][info   ][gc,stats]      Old Subphase: Concurrent References Enqueue                 0.000 / 0.000         0.003 / 0.003         0.001 / 0.003         0.001 / 0.003       ms
[1106.726s][info   ][gc,stats]      Old Subphase: Concurrent References Process                 0.000 / 0.000     92530.116 / 92530.116 30843.386 / 92530.116 30843.386 / 92530.116   ms
[1106.726s][info   ][gc,stats]      Old Subphase: Concurrent Remap Remembered                   0.000 / 0.000      1599.892 / 1599.908   1131.317 / 5363.108   1131.317 / 5363.108    ms
[1106.726s][info   ][gc,stats]      Old Subphase: Concurrent Remap Roots Colored                0.000 / 0.000         0.055 / 0.057         0.207 / 0.405         0.207 / 0.405       ms
[1106.726s][info   ][gc,stats]      Old Subphase: Concurrent Remap Roots Uncolored              0.000 / 0.000         0.178 / 0.179         0.250 / 0.328         0.250 / 0.328       ms
[1106.726s][info   ][gc,stats]      Old Subphase: Concurrent Roots ClassLoaderDataGraph         0.000 / 0.000         0.041 / 0.087         0.112 / 0.378         0.112 / 0.378       ms
[1106.726s][info   ][gc,stats]      Old Subphase: Concurrent Roots CodeCache                    0.000 / 0.000         0.177 / 0.177         0.241 / 0.310         0.241 / 0.310       ms
[1106.726s][info   ][gc,stats]      Old Subphase: Concurrent Roots JavaThreads                  0.000 / 0.000         0.013 / 0.044         0.016 / 0.094         0.016 / 0.094       ms
[1106.726s][info   ][gc,stats]      Old Subphase: Concurrent Roots OopStorageSet                0.000 / 0.000         0.004 / 0.005         0.004 / 0.008         0.004 / 0.008       ms
[1106.726s][info   ][gc,stats]      Old Subphase: Concurrent Weak Roots OopStorageSet           0.000 / 0.000         0.039 / 0.071         0.081 / 0.274         0.081 / 0.274       ms
[1106.726s][info   ][gc,stats]            System: Java Threads                                      0 / 0                11 / 11               11 / 11               11 / 11          threads
[1106.726s][info   ][gc,stats]  Young Generation: Young Generation                              0.000 / 0.000      2468.759 / 2468.759  43415.234 / 121900.642 43415.234 / 121900.642   ms
[1106.726s][info   ][gc,stats]  Young Generation: Young Generation                              0.000 / 0.000     189708.393 / 189708.393 202819.547 / 215930.700 202819.547 / 215930.700   ms
[1106.726s][info   ][gc,stats]  Young Generation: Young Generation (Collect Roots)              0.000 / 0.000        52.441 / 52.441       52.441 / 52.441       52.441 / 52.441      ms
[1106.726s][info   ][gc,stats]  Young Generation: Young Generation (Promote All)                0.000 / 0.000     22950.016 / 22950.016 22950.016 / 22950.016 22950.016 / 22950.016   ms
[1106.726s][info   ][gc,stats]       Young Pause: Pause Mark End                                0.000 / 0.000         0.014 / 0.014         0.014 / 0.014         0.014 / 0.014       ms
[1106.726s][info   ][gc,stats]       Young Pause: Pause Mark Start                              0.000 / 0.000         0.038 / 0.038         0.022 / 0.038         0.022 / 0.038       ms
[1106.726s][info   ][gc,stats]       Young Pause: Pause Mark Start (Major)                      0.000 / 0.000         0.013 / 0.013         0.067 / 0.208         0.067 / 0.208       ms
[1106.726s][info   ][gc,stats]       Young Pause: Pause Relocate Start                          0.000 / 0.000         0.009 / 0.023         0.010 / 0.023         0.010 / 0.023       ms
[1106.726s][info   ][gc,stats]       Young Phase: Concurrent Mark                               0.000 / 0.000     49151.961 / 171156.001 74177.788 / 211883.877 74177.788 / 211883.877   ms
[1106.726s][info   ][gc,stats]       Young Phase: Concurrent Mark Continue                      0.000 / 0.000         0.000 / 0.000         0.000 / 0.000         0.000 / 0.000       ms
[1106.726s][info   ][gc,stats]       Young Phase: Concurrent Mark Free                          0.000 / 0.000         0.004 / 0.014         0.006 / 0.014         0.006 / 0.014       ms
[1106.726s][info   ][gc,stats]       Young Phase: Concurrent Relocate                           0.000 / 0.000      2900.852 / 11603.302  4174.137 / 15108.969  4174.137 / 15108.969   ms
[1106.726s][info   ][gc,stats]       Young Phase: Concurrent Reset Relocation Set               0.000 / 0.000         3.470 / 11.680        2.004 / 11.680        2.004 / 11.680      ms
[1106.726s][info   ][gc,stats]       Young Phase: Concurrent Select Relocation Set              0.000 / 0.000      1738.328 / 6946.640   1486.774 / 6946.640   1486.774 / 6946.640    ms
[1106.726s][info   ][gc,stats]    Young Subphase: Concurrent Mark Follow                        0.000 / 0.000     49151.371 / 171155.393 74177.044 / 211883.216 74177.044 / 211883.216   ms
[1106.726s][info   ][gc,stats]    Young Subphase: Concurrent Mark Root Colored                  0.000 / 0.000         0.281 / 0.318         0.405 / 0.872         0.405 / 0.872       ms
[1106.726s][info   ][gc,stats]    Young Subphase: Concurrent Mark Root Uncolored                0.000 / 0.000         0.274 / 0.297         0.295 / 0.357         0.295 / 0.357       ms
[1106.726s][info   ][gc,stats]    Young Subphase: Concurrent Mark Roots                         0.000 / 0.000         0.582 / 0.609         0.741 / 1.289         0.741 / 1.289       ms
[1106.726s][info   ][gc,stats]    Young Subphase: Concurrent Relocate Remset FP                 0.000 / 0.000      2900.822 / 11603.256  4173.351 / 15106.083  4173.351 / 15106.083   ms
[1106.726s][info   ][gc,stats]    Young Subphase: Concurrent Roots ClassLoaderDataGraph         0.000 / 0.000         0.229 / 0.256         0.288 / 0.464         0.288 / 0.464       ms
[1106.726s][info   ][gc,stats]    Young Subphase: Concurrent Roots CodeCache                    0.000 / 0.000         0.248 / 0.278         0.267 / 0.308         0.267 / 0.308       ms
[1106.726s][info   ][gc,stats]    Young Subphase: Concurrent Roots JavaThreads                  0.000 / 0.000         0.012 / 0.056         0.015 / 0.100         0.015 / 0.100       ms
[1106.726s][info   ][gc,stats]    Young Subphase: Concurrent Roots OopStorageSet                0.000 / 0.000         0.002 / 0.003         0.023 / 0.145         0.023 / 0.145       ms
[1106.726s][info   ][gc,stats]    Young Subphase: Concurrent Weak Roots OopStorageSet           0.000 / 0.000         0.049 / 0.061         0.099 / 0.424         0.099 / 0.424       ms
[1106.726s][info   ][gc,stats] =========================================================================================================================================================
