
=== Instance 4/8, outer iteration 22/48 (Variant all) ===

Affinity: allowed=36,37,38,39,40,41,42,43,44,45,46,47 jvm=36,37,38,39,40,41,42,43,44,45 aux=46,47
Benchmark args: 1100000000
Command: /gorilla/home/fredrha/SimplifyingWeakRefs/build/variant-images/all-linux-x86_64-server-release/jdk/bin/java -Xms132g -Xmx132g -XX:+UseZGC -Xlog:gc+stats,gc+ref -XX:InitialTenuringThreshold=1 -XX:MaxTenuringThreshold=1 -XX:NativeMemoryTracking=summary /gorilla/home/fredrha/SimplifyingWeakRefs/test/weakrefs/WeakRefSingleObjectBenchmark.java 1100000000

[0.004s][warning][gc] ***** WARNING! INCORRECT SYSTEM CONFIGURATION DETECTED! *****
[0.004s][warning][gc] The system limit on number of memory mappings per process might be too low for the given
[0.004s][warning][gc] max Java heap size (135168M). Please adjust /proc/sys/vm/max_map_count to allow for at
[0.004s][warning][gc] least 243302 mappings (current limit is 65530). Continuing execution with the current
[0.004s][warning][gc] limit could lead to a premature OutOfMemoryError being thrown, due to failure to map memory.
[0.004s][info   ][gc,ref] Reference Processor created, Config: All optimisations
WeakRefSingleObjectBenchmark: weakRefCount=1100000000 sleepMillis=500
Phase 1: Allocating the single target object...
Phase 2: Allocating 1100000000 WeakReferences in random order...
[73.492s][info   ][gc,ref] GC(0) O:                           Encountered       Discovered Cleared/Enqueued 
[73.492s][info   ][gc,ref] GC(0) O: Soft References:                  238                0                0 
[73.492s][info   ][gc,ref] GC(0) O: Weak References:                 1330                0                0 
[73.492s][info   ][gc,ref] GC(0) O: Weak (No Queue):             11797826                0                0 
[73.492s][info   ][gc,ref] GC(0) O: Final References:                   0                0                0 
[73.492s][info   ][gc,ref] GC(0) O: Phantom References:                 1                0                0 
Allocated 1100000000 weak ref holders in 143.02 seconds
Phase 3: Sleeping for 500 ms (strong ref still held)...
Phase 4: Releasing the strong reference to the target object...
Phase 5: Triggering GC...
[441.193s][info   ][gc,ref] GC(1) O:                           Encountered       Discovered Cleared/Enqueued 
[441.193s][info   ][gc,ref] GC(1) O: Soft References:                  238                0                0 
[441.193s][info   ][gc,ref] GC(1) O: Weak References:                 1330                0                0 
[441.193s][info   ][gc,ref] GC(1) O: Weak (No Queue):            210186576                0                0 
[441.193s][info   ][gc,ref] GC(1) O: Final References:                   0                0                0 
[441.193s][info   ][gc,ref] GC(1) O: Phantom References:                 1                0                0 
[915.290s][info   ][gc,ref] GC(3) O:                           Encountered       Discovered Cleared/Enqueued 
[915.290s][info   ][gc,ref] GC(3) O: Soft References:                  238                0                0 
[915.290s][info   ][gc,ref] GC(3) O: Weak References:                 1330              930              330 
[915.290s][info   ][gc,ref] GC(3) O: Weak (No Queue):           1100000003       1100000000       1100000000 
[915.290s][info   ][gc,ref] GC(3) O: Final References:                   0                0                0 
[915.290s][info   ][gc,ref] GC(3) O: Phantom References:                 1                0                0 
Phase 6: Checking results...
Alive weak references after GC: 0 / 1100000000
[1044.538s][info   ][gc,stats] === Garbage Collection Statistics =======================================================================================================================
[1044.538s][info   ][gc,stats]                                                              Last 10s              Last 10m              Last 10h                Total
[1044.538s][info   ][gc,stats]                                                              Avg / Max             Avg / Max             Avg / Max             Avg / Max
[1044.538s][info   ][gc,stats]        Contention: Mark Segment Reset Contention                     0 / 0                 0 / 2                 0 / 30                0 / 30          ops/s
[1044.538s][info   ][gc,stats]        Contention: Mark SeqNum Reset Contention                      0 / 0                 0 / 5                 0 / 5                 0 / 5           ops/s
[1044.538s][info   ][gc,stats]          Critical: Allocation Stall                                  0 / 0                 0 / 0                 0 / 0                 0 / 0           ops/s
[1044.538s][info   ][gc,stats]          Critical: Allocation Stall                              0.000 / 0.000         0.000 / 0.000         0.000 / 0.000         0.000 / 0.000       ms
[1044.538s][info   ][gc,stats]          Critical: JNI Critical Stall                                0 / 0                 0 / 0                 0 / 0                 0 / 0           ops/s
[1044.538s][info   ][gc,stats]          Critical: JNI Critical Stall                            0.000 / 0.000         0.000 / 0.000         0.000 / 0.000         0.000 / 0.000       ms
[1044.538s][info   ][gc,stats]          Critical: Relocation Stall                                  0 / 0                 0 / 0                 0 / 0                 0 / 0           ops/s
[1044.538s][info   ][gc,stats]          Critical: Relocation Stall                              0.000 / 0.000         0.000 / 0.000         0.000 / 0.000         0.000 / 0.000       ms
[1044.538s][info   ][gc,stats]  Major Collection: Major Collection                              0.000 / 0.000     414075.883 / 474097.012 278013.720 / 474097.012 278013.720 / 474097.012   ms
[1044.538s][info   ][gc,stats]            Memory: Allocation Rate                                   0 / 0                 0 / 2                87 / 8406             87 / 8406        MB/s
[1044.538s][info   ][gc,stats]            Memory: Defragment                                        0 / 0                 0 / 0                 0 / 0                 0 / 0           ops/s
[1044.538s][info   ][gc,stats]            Memory: Mapped Cache Harvest                              0 / 0                 0 / 0                 0 / 0                 0 / 0           MB/s
[1044.538s][info   ][gc,stats]            Memory: Out Of Memory                                     0 / 0                 0 / 0                 0 / 0                 0 / 0           ops/s
[1044.538s][info   ][gc,stats]            Memory: Uncommit                                          0 / 0                 0 / 0                 0 / 0                 0 / 0           MB/s
[1044.538s][info   ][gc,stats]            Memory: Undo Object Allocation Failed                     0 / 0                 0 / 0                 0 / 0                 0 / 0           ops/s
[1044.538s][info   ][gc,stats]            Memory: Undo Object Allocation Succeeded                  0 / 0                 0 / 0                 0 / 0                 0 / 0           ops/s
[1044.538s][info   ][gc,stats]            Memory: Undo Page Allocation                              0 / 0                 0 / 0                 0 / 0                 0 / 0           ops/s
[1044.538s][info   ][gc,stats]  Minor Collection: Minor Collection                              0.000 / 0.000     230965.367 / 230965.367 230965.367 / 230965.367 230965.367 / 230965.367   ms
[1044.538s][info   ][gc,stats]    Old Generation: Old Generation                                0.000 / 0.000     239229.426 / 245274.875 159487.961 / 245274.875 159487.961 / 245274.875   ms
[1044.538s][info   ][gc,stats]         Old Pause: Pause Mark End                                0.000 / 0.000         0.015 / 0.015         0.011 / 0.015         0.011 / 0.015       ms
[1044.538s][info   ][gc,stats]         Old Pause: Pause Relocate Start                          0.000 / 0.000         0.012 / 0.012         0.012 / 0.015         0.012 / 0.015       ms
[1044.538s][info   ][gc,stats]         Old Phase: Concurrent Mark                               0.000 / 0.000     223346.467 / 223346.467 74449.029 / 223346.467 74449.029 / 223346.467   ms
[1044.538s][info   ][gc,stats]         Old Phase: Concurrent Mark Continue                      0.000 / 0.000         0.000 / 0.000         0.000 / 0.000         0.000 / 0.000       ms
[1044.538s][info   ][gc,stats]         Old Phase: Concurrent Mark Free                          0.000 / 0.000         0.004 / 0.004         0.001 / 0.004         0.001 / 0.004       ms
[1044.538s][info   ][gc,stats]         Old Phase: Concurrent Process Non-Strong                 0.000 / 0.000     20475.985 / 20475.985  6826.813 / 20475.985  6826.813 / 20475.985   ms
[1044.538s][info   ][gc,stats]         Old Phase: Concurrent Relocate                           0.000 / 0.000         2.041 / 2.041         0.724 / 2.041         0.724 / 2.041       ms
[1044.538s][info   ][gc,stats]         Old Phase: Concurrent Remap Roots                        0.000 / 0.000      1446.057 / 1446.057   1220.248 / 2214.013   1220.248 / 2214.013    ms
[1044.538s][info   ][gc,stats]         Old Phase: Concurrent Reset Relocation Set               0.000 / 0.000         0.000 / 0.000         0.000 / 0.000         0.000 / 0.000       ms
[1044.538s][info   ][gc,stats]         Old Phase: Concurrent Select Relocation Set              0.000 / 0.000         4.201 / 4.201         2.545 / 4.201         2.545 / 4.201       ms
[1044.538s][info   ][gc,stats]      Old Subphase: Concurrent Classes Purge                      0.000 / 0.000         0.017 / 0.017         0.135 / 0.385         0.135 / 0.385       ms
[1044.538s][info   ][gc,stats]      Old Subphase: Concurrent Classes Unlink                     0.000 / 0.000         0.882 / 0.882         1.472 / 2.005         1.472 / 2.005       ms
[1044.538s][info   ][gc,stats]      Old Subphase: Concurrent Mark Follow                        0.000 / 0.000     223346.322 / 223346.322 74448.885 / 223346.322 74448.885 / 223346.322   ms
[1044.538s][info   ][gc,stats]      Old Subphase: Concurrent Mark Root Colored                  0.000 / 0.000         0.051 / 0.109         0.043 / 0.109         0.043 / 0.109       ms
[1044.538s][info   ][gc,stats]      Old Subphase: Concurrent Mark Root Uncolored                0.000 / 0.000         0.023 / 0.047         0.035 / 0.095         0.035 / 0.095       ms
[1044.538s][info   ][gc,stats]      Old Subphase: Concurrent Mark Roots                         0.000 / 0.000         0.118 / 0.142         0.130 / 0.184         0.130 / 0.184       ms
[1044.538s][info   ][gc,stats]      Old Subphase: Concurrent References Enqueue                 0.000 / 0.000         0.005 / 0.005         0.002 / 0.005         0.002 / 0.005       ms
[1044.538s][info   ][gc,stats]      Old Subphase: Concurrent References Process                 0.000 / 0.000     20474.832 / 20474.832  6824.953 / 20474.832  6824.953 / 20474.832   ms
[1044.538s][info   ][gc,stats]      Old Subphase: Concurrent Remap Remembered                   0.000 / 0.000      1445.677 / 1445.712    728.239 / 2213.576    728.239 / 2213.576    ms
[1044.538s][info   ][gc,stats]      Old Subphase: Concurrent Remap Roots Colored                0.000 / 0.000         0.068 / 0.075         0.213 / 0.428         0.213 / 0.428       ms
[1044.538s][info   ][gc,stats]      Old Subphase: Concurrent Remap Roots Uncolored              0.000 / 0.000         0.231 / 0.235         0.233 / 0.248         0.233 / 0.248       ms
[1044.538s][info   ][gc,stats]      Old Subphase: Concurrent Roots ClassLoaderDataGraph         0.000 / 0.000         0.042 / 0.102         0.117 / 0.407         0.117 / 0.407       ms
[1044.538s][info   ][gc,stats]      Old Subphase: Concurrent Roots CodeCache                    0.000 / 0.000         0.228 / 0.231         0.231 / 0.246         0.231 / 0.246       ms
[1044.538s][info   ][gc,stats]      Old Subphase: Concurrent Roots JavaThreads                  0.000 / 0.000         0.016 / 0.047         0.015 / 0.095         0.015 / 0.095       ms
[1044.538s][info   ][gc,stats]      Old Subphase: Concurrent Roots OopStorageSet                0.000 / 0.000         0.006 / 0.015         0.005 / 0.015         0.005 / 0.015       ms
[1044.538s][info   ][gc,stats]      Old Subphase: Concurrent Weak Roots OopStorageSet           0.000 / 0.000         0.046 / 0.076         0.063 / 0.217         0.063 / 0.217       ms
[1044.538s][info   ][gc,stats]            System: Java Threads                                      0 / 0                11 / 11               11 / 11               11 / 11          threads
[1044.538s][info   ][gc,stats]  Young Generation: Young Generation                              0.000 / 0.000      2099.855 / 2099.855  42951.573 / 120870.635 42951.573 / 120870.635   ms
[1044.538s][info   ][gc,stats]  Young Generation: Young Generation                              0.000 / 0.000     230965.318 / 230965.318 230965.318 / 230965.318 230965.318 / 230965.318   ms
[1044.538s][info   ][gc,stats]  Young Generation: Young Generation (Collect Roots)              0.000 / 0.000     22422.070 / 22422.070 22422.070 / 22422.070 22422.070 / 22422.070   ms
[1044.538s][info   ][gc,stats]  Young Generation: Young Generation (Promote All)                0.000 / 0.000     206399.877 / 206399.877 206399.877 / 206399.877 206399.877 / 206399.877   ms
[1044.538s][info   ][gc,stats]       Young Pause: Pause Mark End                                0.000 / 0.000         0.013 / 0.014         0.013 / 0.014         0.013 / 0.014       ms
[1044.538s][info   ][gc,stats]       Young Pause: Pause Mark Start                              0.000 / 0.000         0.024 / 0.024         0.020 / 0.024         0.020 / 0.024       ms
[1044.538s][info   ][gc,stats]       Young Pause: Pause Mark Start (Major)                      0.000 / 0.000         0.022 / 0.027         0.029 / 0.042         0.029 / 0.042       ms
[1044.538s][info   ][gc,stats]       Young Pause: Pause Relocate Start                          0.000 / 0.000         0.008 / 0.016         0.009 / 0.016         0.009 / 0.016       ms
[1044.538s][info   ][gc,stats]       Young Phase: Concurrent Mark                               0.000 / 0.000     70821.278 / 187958.932 91468.818 / 226917.436 91468.818 / 226917.436   ms
[1044.538s][info   ][gc,stats]       Young Phase: Concurrent Mark Continue                      0.000 / 0.000         0.000 / 0.000         0.000 / 0.000         0.000 / 0.000       ms
[1044.538s][info   ][gc,stats]       Young Phase: Concurrent Mark Free                          0.000 / 0.000         0.002 / 0.003         0.004 / 0.008         0.004 / 0.008       ms
[1044.538s][info   ][gc,stats]       Young Phase: Concurrent Relocate                           0.000 / 0.000      3497.419 / 11486.879  4900.679 / 15411.390  4900.679 / 15411.390   ms
[1044.538s][info   ][gc,stats]       Young Phase: Concurrent Reset Relocation Set               0.000 / 0.000         4.616 / 11.586        2.335 / 11.586        2.335 / 11.586      ms
[1044.538s][info   ][gc,stats]       Young Phase: Concurrent Select Relocation Set              0.000 / 0.000      2318.714 / 6951.578   1734.837 / 6951.578   1734.837 / 6951.578    ms
[1044.538s][info   ][gc,stats]    Young Subphase: Concurrent Mark Follow                        0.000 / 0.000     70820.717 / 187958.321 91468.080 / 226916.816 91468.080 / 226916.816   ms
[1044.538s][info   ][gc,stats]    Young Subphase: Concurrent Mark Root Colored                  0.000 / 0.000         0.242 / 0.281         0.397 / 0.797         0.397 / 0.797       ms
[1044.538s][info   ][gc,stats]    Young Subphase: Concurrent Mark Root Uncolored                0.000 / 0.000         0.291 / 0.307         0.298 / 0.355         0.298 / 0.355       ms
[1044.538s][info   ][gc,stats]    Young Subphase: Concurrent Mark Roots                         0.000 / 0.000         0.558 / 0.609         0.735 / 1.205         0.735 / 1.205       ms
[1044.538s][info   ][gc,stats]    Young Subphase: Concurrent Relocate Remset FP                 0.000 / 0.000      3496.863 / 11486.842  4899.723 / 15410.875  4899.723 / 15410.875   ms
[1044.538s][info   ][gc,stats]    Young Subphase: Concurrent Roots ClassLoaderDataGraph         0.000 / 0.000         0.194 / 0.235         0.265 / 0.467         0.265 / 0.467       ms
[1044.538s][info   ][gc,stats]    Young Subphase: Concurrent Roots CodeCache                    0.000 / 0.000         0.263 / 0.287         0.265 / 0.308         0.265 / 0.308       ms
[1044.538s][info   ][gc,stats]    Young Subphase: Concurrent Roots JavaThreads                  0.000 / 0.000         0.015 / 0.046         0.018 / 0.103         0.018 / 0.103       ms
[1044.538s][info   ][gc,stats]    Young Subphase: Concurrent Roots OopStorageSet                0.000 / 0.000         0.002 / 0.005         0.031 / 0.165         0.031 / 0.165       ms
[1044.538s][info   ][gc,stats]    Young Subphase: Concurrent Weak Roots OopStorageSet           0.000 / 0.000         0.045 / 0.050         0.103 / 0.413         0.103 / 0.413       ms
[1044.538s][info   ][gc,stats] =========================================================================================================================================================
