
=== Instance 8/8, outer iteration 48/48 (Variant clear_path_dyn) ===

Affinity: allowed=36,37,38,39,40,41,42,43,44,45,46,47 jvm=36,37,38,39,40,41,42,43,44,45 aux=46,47
Benchmark args: 1100000000
Command: /gorilla/home/fredrha/SimplifyingWeakRefs/build/variant-images/clear_path_dyn-linux-x86_64-server-release/jdk/bin/java -Xms132g -Xmx132g -XX:+UseZGC -Xlog:gc+stats,gc+ref -XX:InitialTenuringThreshold=1 -XX:MaxTenuringThreshold=1 -XX:NativeMemoryTracking=summary /gorilla/home/fredrha/SimplifyingWeakRefs/test/weakrefs/WeakRefSingleObjectBenchmark.java 1100000000

[0.003s][warning][gc] ***** WARNING! INCORRECT SYSTEM CONFIGURATION DETECTED! *****
[0.003s][warning][gc] The system limit on number of memory mappings per process might be too low for the given
[0.003s][warning][gc] max Java heap size (135168M). Please adjust /proc/sys/vm/max_map_count to allow for at
[0.003s][warning][gc] least 243302 mappings (current limit is 65530). Continuing execution with the current
[0.003s][warning][gc] limit could lead to a premature OutOfMemoryError being thrown, due to failure to map memory.
[0.004s][info   ][gc,ref] Reference Processor created, Config: Optimised clear path, dynamic array
WeakRefSingleObjectBenchmark: weakRefCount=1100000000 sleepMillis=500
Phase 1: Allocating the single target object...
Phase 2: Allocating 1100000000 WeakReferences in random order...
[70.769s][info   ][gc,ref] GC(0) O:                           Encountered       Discovered Cleared/Enqueued 
[70.769s][info   ][gc,ref] GC(0) O: Soft References:                  238                0                0 
[70.769s][info   ][gc,ref] GC(0) O: Weak References:                 1330                0                0 
[70.769s][info   ][gc,ref] GC(0) O: Weak (No Queue):             11818407                0                0 
[70.769s][info   ][gc,ref] GC(0) O: Final References:                   0                0                0 
[70.769s][info   ][gc,ref] GC(0) O: Phantom References:                 1                0                0 
Allocated 1100000000 weak ref holders in 135.11 seconds
Phase 3: Sleeping for 500 ms (strong ref still held)...
Phase 4: Releasing the strong reference to the target object...
Phase 5: Triggering GC...
[431.711s][info   ][gc,ref] GC(1) O:                           Encountered       Discovered Cleared/Enqueued 
[431.711s][info   ][gc,ref] GC(1) O: Soft References:                  238                0                0 
[431.711s][info   ][gc,ref] GC(1) O: Weak References:                 1330                0                0 
[431.711s][info   ][gc,ref] GC(1) O: Weak (No Queue):            210200155                0                0 
[431.711s][info   ][gc,ref] GC(1) O: Final References:                   0                0                0 
[431.711s][info   ][gc,ref] GC(1) O: Phantom References:                 1                0                0 
[879.047s][info   ][gc,ref] GC(3) O:                           Encountered       Discovered Cleared/Enqueued 
[879.047s][info   ][gc,ref] GC(3) O: Soft References:                  238                0                0 
[879.047s][info   ][gc,ref] GC(3) O: Weak References:                 1330             1102              330 
[879.047s][info   ][gc,ref] GC(3) O: Weak (No Queue):           1100000003       1100000000       1100000000 
[879.047s][info   ][gc,ref] GC(3) O: Final References:                   0                0                0 
[879.047s][info   ][gc,ref] GC(3) O: Phantom References:                 1                1                0 
Phase 6: Checking results...
Alive weak references after GC: 0 / 1100000000
[1070.392s][info   ][gc,stats] === Garbage Collection Statistics =======================================================================================================================
[1070.392s][info   ][gc,stats]                                                              Last 10s              Last 10m              Last 10h                Total
[1070.392s][info   ][gc,stats]                                                              Avg / Max             Avg / Max             Avg / Max             Avg / Max
[1070.392s][info   ][gc,stats]        Contention: Mark Segment Reset Contention                     0 / 0                 0 / 1                 0 / 38                0 / 38          ops/s
[1070.392s][info   ][gc,stats]        Contention: Mark SeqNum Reset Contention                      0 / 0                 0 / 3                 0 / 6                 0 / 6           ops/s
[1070.392s][info   ][gc,stats]          Critical: Allocation Stall                                  0 / 0                 0 / 0                 0 / 0                 0 / 0           ops/s
[1070.392s][info   ][gc,stats]          Critical: Allocation Stall                              0.000 / 0.000         0.000 / 0.000         0.000 / 0.000         0.000 / 0.000       ms
[1070.392s][info   ][gc,stats]          Critical: JNI Critical Stall                                0 / 0                 0 / 0                 0 / 0                 0 / 0           ops/s
[1070.392s][info   ][gc,stats]          Critical: JNI Critical Stall                            0.000 / 0.000         0.000 / 0.000         0.000 / 0.000         0.000 / 0.000       ms
[1070.392s][info   ][gc,stats]          Critical: Relocation Stall                                  0 / 0                 0 / 0                 0 / 0                 0 / 0           ops/s
[1070.392s][info   ][gc,stats]          Critical: Relocation Stall                              0.000 / 0.000         0.000 / 0.000         0.000 / 0.000         0.000 / 0.000       ms
[1070.392s][info   ][gc,stats]  Major Collection: Major Collection                              0.000 / 0.000     447335.818 / 447335.818 265842.288 / 447335.818 265842.288 / 447335.818   ms
[1070.392s][info   ][gc,stats]            Memory: Allocation Rate                                   0 / 0                 0 / 2                85 / 8440             85 / 8440        MB/s
[1070.392s][info   ][gc,stats]            Memory: Defragment                                        0 / 0                 0 / 0                 0 / 0                 0 / 0           ops/s
[1070.392s][info   ][gc,stats]            Memory: Mapped Cache Harvest                              0 / 0                 0 / 0                 0 / 0                 0 / 0           MB/s
[1070.392s][info   ][gc,stats]            Memory: Out Of Memory                                     0 / 0                 0 / 0                 0 / 0                 0 / 0           ops/s
[1070.392s][info   ][gc,stats]            Memory: Uncommit                                          0 / 0                 0 / 0                 0 / 0                 0 / 0           MB/s
[1070.392s][info   ][gc,stats]            Memory: Undo Object Allocation Failed                     0 / 0                 0 / 0                 0 / 0                 0 / 0           ops/s
[1070.392s][info   ][gc,stats]            Memory: Undo Object Allocation Succeeded                  0 / 0                 0 / 0                 0 / 0                 0 / 0           ops/s
[1070.392s][info   ][gc,stats]            Memory: Undo Page Allocation                              0 / 0                 0 / 0                 0 / 0                 0 / 0           ops/s
[1070.392s][info   ][gc,stats]  Minor Collection: Minor Collection                              0.000 / 0.000         0.000 / 0.000     226700.375 / 226700.375 226700.375 / 226700.375   ms
[1070.392s][info   ][gc,stats]    Old Generation: Old Generation                                0.000 / 0.000     231011.573 / 231011.573 153315.327 / 231011.573 153315.327 / 231011.573   ms
[1070.392s][info   ][gc,stats]         Old Pause: Pause Mark End                                0.000 / 0.000         0.015 / 0.015         0.010 / 0.015         0.010 / 0.015       ms
[1070.392s][info   ][gc,stats]         Old Pause: Pause Relocate Start                          0.000 / 0.000         0.014 / 0.014         0.014 / 0.016         0.014 / 0.016       ms
[1070.392s][info   ][gc,stats]         Old Phase: Concurrent Mark                               0.000 / 0.000     208685.189 / 208685.189 69561.987 / 208685.189 69561.987 / 208685.189   ms
[1070.392s][info   ][gc,stats]         Old Phase: Concurrent Mark Continue                      0.000 / 0.000         0.000 / 0.000         0.000 / 0.000         0.000 / 0.000       ms
[1070.392s][info   ][gc,stats]         Old Phase: Concurrent Mark Free                          0.000 / 0.000         0.003 / 0.003         0.001 / 0.003         0.001 / 0.003       ms
[1070.392s][info   ][gc,stats]         Old Phase: Concurrent Process Non-Strong                 0.000 / 0.000     20864.890 / 20864.890  6956.231 / 20864.890  6956.231 / 20864.890   ms
[1070.392s][info   ][gc,stats]         Old Phase: Concurrent Relocate                           0.000 / 0.000         1.472 / 1.472         0.539 / 1.472         0.539 / 1.472       ms
[1070.392s][info   ][gc,stats]         Old Phase: Concurrent Remap Roots                        0.000 / 0.000      1455.899 / 1455.899   1227.158 / 2225.052   1227.158 / 2225.052    ms
[1070.392s][info   ][gc,stats]         Old Phase: Concurrent Reset Relocation Set               0.000 / 0.000         0.000 / 0.000         0.000 / 0.000         0.000 / 0.000       ms
[1070.392s][info   ][gc,stats]         Old Phase: Concurrent Select Relocation Set              0.000 / 0.000         3.947 / 3.947         2.457 / 3.947         2.457 / 3.947       ms
[1070.392s][info   ][gc,stats]      Old Subphase: Concurrent Classes Purge                      0.000 / 0.000         0.015 / 0.015         0.102 / 0.289         0.102 / 0.289       ms
[1070.392s][info   ][gc,stats]      Old Subphase: Concurrent Classes Unlink                     0.000 / 0.000         0.878 / 0.878         1.328 / 1.906         1.328 / 1.906       ms
[1070.392s][info   ][gc,stats]      Old Subphase: Concurrent Mark Follow                        0.000 / 0.000     208685.076 / 208685.076 69561.791 / 208685.076 69561.791 / 208685.076   ms
[1070.392s][info   ][gc,stats]      Old Subphase: Concurrent Mark Root Colored                  0.000 / 0.000         0.050 / 0.092         0.042 / 0.092         0.042 / 0.092       ms
[1070.392s][info   ][gc,stats]      Old Subphase: Concurrent Mark Root Uncolored                0.000 / 0.000         0.023 / 0.038         0.033 / 0.101         0.033 / 0.101       ms
[1070.392s][info   ][gc,stats]      Old Subphase: Concurrent Mark Roots                         0.000 / 0.000         0.111 / 0.111         0.174 / 0.403         0.174 / 0.403       ms
[1070.392s][info   ][gc,stats]      Old Subphase: Concurrent References Enqueue                 0.000 / 0.000         0.006 / 0.006         0.002 / 0.006         0.002 / 0.006       ms
[1070.392s][info   ][gc,stats]      Old Subphase: Concurrent References Process                 0.000 / 0.000     20863.688 / 20863.688  6954.577 / 20863.688  6954.577 / 20863.688   ms
[1070.392s][info   ][gc,stats]      Old Subphase: Concurrent Remap Remembered                   0.000 / 0.000      1455.507 / 1455.564    732.779 / 2224.676    732.779 / 2224.676    ms
[1070.392s][info   ][gc,stats]      Old Subphase: Concurrent Remap Roots Colored                0.000 / 0.000         0.062 / 0.069         0.203 / 0.360         0.203 / 0.360       ms
[1070.392s][info   ][gc,stats]      Old Subphase: Concurrent Remap Roots Uncolored              0.000 / 0.000         0.220 / 0.225         0.165 / 0.225         0.165 / 0.225       ms
[1070.392s][info   ][gc,stats]      Old Subphase: Concurrent Roots ClassLoaderDataGraph         0.000 / 0.000         0.040 / 0.075         0.114 / 0.343         0.114 / 0.343       ms
[1070.392s][info   ][gc,stats]      Old Subphase: Concurrent Roots CodeCache                    0.000 / 0.000         0.218 / 0.223         0.163 / 0.223         0.163 / 0.223       ms
[1070.392s][info   ][gc,stats]      Old Subphase: Concurrent Roots JavaThreads                  0.000 / 0.000         0.014 / 0.038         0.014 / 0.101         0.014 / 0.101       ms
[1070.392s][info   ][gc,stats]      Old Subphase: Concurrent Roots OopStorageSet                0.000 / 0.000         0.007 / 0.017         0.005 / 0.017         0.005 / 0.017       ms
[1070.392s][info   ][gc,stats]      Old Subphase: Concurrent Weak Roots OopStorageSet           0.000 / 0.000         0.045 / 0.077         0.049 / 0.129         0.049 / 0.129       ms
[1070.392s][info   ][gc,stats]            System: Java Threads                                      0 / 0                11 / 11               11 / 11               11 / 11          threads
[1070.392s][info   ][gc,stats]  Young Generation: Young Generation                              0.000 / 0.000      2471.040 / 2471.040  41242.464 / 117448.387 41242.464 / 117448.387   ms
[1070.392s][info   ][gc,stats]  Young Generation: Young Generation                              0.000 / 0.000         0.000 / 0.000     226700.331 / 226700.331 226700.331 / 226700.331   ms
[1070.392s][info   ][gc,stats]  Young Generation: Young Generation (Collect Roots)              0.000 / 0.000     22275.690 / 22275.690 22275.690 / 22275.690 22275.690 / 22275.690   ms
[1070.392s][info   ][gc,stats]  Young Generation: Young Generation (Promote All)                0.000 / 0.000     194048.391 / 194048.391 194048.391 / 194048.391 194048.391 / 194048.391   ms
[1070.392s][info   ][gc,stats]       Young Pause: Pause Mark End                                0.000 / 0.000         0.014 / 0.015         0.014 / 0.015         0.014 / 0.015       ms
[1070.392s][info   ][gc,stats]       Young Pause: Pause Mark Start                              0.000 / 0.000         0.000 / 0.000         0.017 / 0.019         0.017 / 0.019       ms
[1070.392s][info   ][gc,stats]       Young Pause: Pause Mark Start (Major)                      0.000 / 0.000         0.021 / 0.027         0.026 / 0.035         0.026 / 0.035       ms
[1070.392s][info   ][gc,stats]       Young Pause: Pause Relocate Start                          0.000 / 0.000         0.008 / 0.016         0.009 / 0.017         0.009 / 0.017       ms
[1070.392s][info   ][gc,stats]       Young Phase: Concurrent Mark                               0.000 / 0.000     66853.293 / 175830.792 87880.466 / 222652.449 87880.466 / 222652.449   ms
[1070.392s][info   ][gc,stats]       Young Phase: Concurrent Mark Continue                      0.000 / 0.000         0.000 / 0.000         0.000 / 0.000         0.000 / 0.000       ms
[1070.392s][info   ][gc,stats]       Young Phase: Concurrent Mark Free                          0.000 / 0.000         0.002 / 0.006         0.004 / 0.010         0.004 / 0.010       ms
[1070.392s][info   ][gc,stats]       Young Phase: Concurrent Relocate                           0.000 / 0.000      3773.401 / 11320.130  4849.288 / 15259.580  4849.288 / 15259.580   ms
[1070.392s][info   ][gc,stats]       Young Phase: Concurrent Reset Relocation Set               0.000 / 0.000         4.579 / 11.551        2.315 / 11.551        2.315 / 11.551      ms
[1070.392s][info   ][gc,stats]       Young Phase: Concurrent Select Relocation Set              0.000 / 0.000      2299.801 / 6894.765   1726.093 / 6894.765   1726.093 / 6894.765    ms
[1070.392s][info   ][gc,stats]    Young Subphase: Concurrent Mark Follow                        0.000 / 0.000     66852.734 / 175830.203 87879.727 / 222651.878 87879.727 / 222651.878   ms
[1070.392s][info   ][gc,stats]    Young Subphase: Concurrent Mark Root Colored                  0.000 / 0.000         0.240 / 0.257         0.405 / 0.837         0.405 / 0.837       ms
[1070.392s][info   ][gc,stats]    Young Subphase: Concurrent Mark Root Uncolored                0.000 / 0.000         0.273 / 0.281         0.291 / 0.354         0.291 / 0.354       ms
[1070.392s][info   ][gc,stats]    Young Subphase: Concurrent Mark Roots                         0.000 / 0.000         0.543 / 0.544         0.737 / 1.259         0.737 / 1.259       ms
[1070.392s][info   ][gc,stats]    Young Subphase: Concurrent Relocate Remset FP                 0.000 / 0.000      3773.370 / 11320.088  4848.386 / 15258.005  4848.386 / 15258.005   ms
[1070.392s][info   ][gc,stats]    Young Subphase: Concurrent Roots ClassLoaderDataGraph         0.000 / 0.000         0.191 / 0.204         0.283 / 0.475         0.283 / 0.475       ms
[1070.392s][info   ][gc,stats]    Young Subphase: Concurrent Roots CodeCache                    0.000 / 0.000         0.238 / 0.258         0.256 / 0.304         0.256 / 0.304       ms
[1070.392s][info   ][gc,stats]    Young Subphase: Concurrent Roots JavaThreads                  0.000 / 0.000         0.015 / 0.069         0.019 / 0.110         0.019 / 0.110       ms
[1070.392s][info   ][gc,stats]    Young Subphase: Concurrent Roots OopStorageSet                0.000 / 0.000         0.004 / 0.004         0.035 / 0.159         0.035 / 0.159       ms
[1070.392s][info   ][gc,stats]    Young Subphase: Concurrent Weak Roots OopStorageSet           0.000 / 0.000         0.045 / 0.053         0.096 / 0.331         0.096 / 0.331       ms
[1070.392s][info   ][gc,stats] =========================================================================================================================================================
