
=== Instance 3/8, outer iteration 16/48 (Variant weak_fields) ===

Affinity: allowed=24,25,26,27,28,29,30,31,32,33,34,35 jvm=24,25,26,27,28,29,30,31,32,33 aux=34,35
Benchmark args: 1100000000
Command: /gorilla/home/fredrha/SimplifyingWeakRefs/build/variant-images/weak_fields-linux-x86_64-server-release/jdk/bin/java -Xms132g -Xmx132g -XX:+UseZGC -Xlog:gc+stats,gc+ref -XX:InitialTenuringThreshold=1 -XX:MaxTenuringThreshold=1 -XX:NativeMemoryTracking=summary /gorilla/home/fredrha/SimplifyingWeakRefs/test/weakrefs/WeakFieldSingleObjectBenchmark.java 1100000000

[0.004s][warning][gc] ***** WARNING! INCORRECT SYSTEM CONFIGURATION DETECTED! *****
[0.004s][warning][gc] The system limit on number of memory mappings per process might be too low for the given
[0.004s][warning][gc] max Java heap size (135168M). Please adjust /proc/sys/vm/max_map_count to allow for at
[0.004s][warning][gc] least 243302 mappings (current limit is 65530). Continuing execution with the current
[0.004s][warning][gc] limit could lead to a premature OutOfMemoryError being thrown, due to failure to map memory.
[0.004s][info   ][gc,ref] Reference Processor created, Config: Weak field discovery
WeakFieldSingleObjectBenchmark: weakRefCount=1100000000 sleepMillis=500
Phase 1: Allocating the single target object...
Phase 2: Allocating 1100000000 weak holders in random order...
[75.787s][info   ][gc,ref] GC(0) O:                       Encountered   Discovered      Cleared 
[75.787s][info   ][gc,ref] GC(0) O: Soft References:              238            0            0 
[75.787s][info   ][gc,ref] GC(0) O: Weak References:             1339            0            0 
[75.787s][info   ][gc,ref] GC(0) O: Weak Fields:             35503980            0            0 
[75.787s][info   ][gc,ref] GC(0) O: Final References:               0            0            0 
[75.787s][info   ][gc,ref] GC(0) O: Phantom References:             1            0            0 
Allocated 1100000000 weak holders in 79.83 seconds
Phase 3: Sleeping for 500 ms (strong ref still held)...
Phase 4: Releasing the strong reference to the target object...
Phase 5: Triggering GC...
[552.263s][info   ][gc,ref] GC(2) O:                       Encountered   Discovered      Cleared 
[552.263s][info   ][gc,ref] GC(2) O: Soft References:              238            0            0 
[552.263s][info   ][gc,ref] GC(2) O: Weak References:             1339         1283          332 
[552.263s][info   ][gc,ref] GC(2) O: Weak Fields:           1283225814     35503980            0 
[552.263s][info   ][gc,ref] GC(2) O: Final References:               0            0            0 
[552.263s][info   ][gc,ref] GC(2) O: Phantom References:             1            1            0 
[787.547s][info   ][gc,ref] GC(4) O:                       Encountered   Discovered      Cleared 
[787.547s][info   ][gc,ref] GC(4) O: Soft References:              238            0            0 
[787.547s][info   ][gc,ref] GC(4) O: Weak References:             1007          152            0 
[787.547s][info   ][gc,ref] GC(4) O: Weak Fields:           1100000000   1100000000   1100000000 
[787.547s][info   ][gc,ref] GC(4) O: Final References:               0            0            0 
[787.547s][info   ][gc,ref] GC(4) O: Phantom References:             1            0            0 
Phase 6: Checking results...
Alive weak holders after GC: 0 / 1100000000
[918.065s][info   ][gc,stats] === Garbage Collection Statistics =======================================================================================================================
[918.065s][info   ][gc,stats]                                                              Last 10s              Last 10m              Last 10h                Total
[918.065s][info   ][gc,stats]                                                              Avg / Max             Avg / Max             Avg / Max             Avg / Max
[918.065s][info   ][gc,stats]        Contention: Mark Segment Reset Contention                     0 / 0                 0 / 1                 0 / 24                0 / 24          ops/s
[918.065s][info   ][gc,stats]        Contention: Mark SeqNum Reset Contention                      0 / 0                 0 / 4                 0 / 5                 0 / 5           ops/s
[918.065s][info   ][gc,stats]          Critical: Allocation Stall                                  0 / 0                 0 / 0                 0 / 0                 0 / 0           ops/s
[918.065s][info   ][gc,stats]          Critical: Allocation Stall                              0.000 / 0.000         0.000 / 0.000         0.000 / 0.000         0.000 / 0.000       ms
[918.065s][info   ][gc,stats]          Critical: JNI Critical Stall                                0 / 0                 0 / 0                 0 / 0                 0 / 0           ops/s
[918.065s][info   ][gc,stats]          Critical: JNI Critical Stall                            0.000 / 0.000         0.000 / 0.000         0.000 / 0.000         0.000 / 0.000       ms
[918.065s][info   ][gc,stats]          Critical: Relocation Stall                                  0 / 0                 0 / 0                 0 / 0                 0 / 0           ops/s
[918.065s][info   ][gc,stats]          Critical: Relocation Stall                              0.000 / 0.000         0.000 / 0.000         0.000 / 0.000         0.000 / 0.000       ms
[918.065s][info   ][gc,stats]  Major Collection: Major Collection                              0.000 / 0.000     306431.198 / 377578.632 207200.049 / 377578.632 207200.049 / 377578.632   ms
[918.065s][info   ][gc,stats]            Memory: Allocation Rate                                   0 / 0                 0 / 2                42 / 8436             42 / 8436        MB/s
[918.065s][info   ][gc,stats]            Memory: Defragment                                        0 / 0                 0 / 0                 0 / 0                 0 / 0           ops/s
[918.065s][info   ][gc,stats]            Memory: Mapped Cache Harvest                              0 / 0                 0 / 0                 0 / 0                 0 / 0           MB/s
[918.065s][info   ][gc,stats]            Memory: Out Of Memory                                     0 / 0                 0 / 0                 0 / 0                 0 / 0           ops/s
[918.065s][info   ][gc,stats]            Memory: Uncommit                                          0 / 0                 0 / 0                 0 / 0                 0 / 0           MB/s
[918.065s][info   ][gc,stats]            Memory: Undo Object Allocation Failed                     0 / 0                 0 / 0                 0 / 0                 0 / 0           ops/s
[918.065s][info   ][gc,stats]            Memory: Undo Object Allocation Succeeded                  0 / 0                 0 / 0                 0 / 0                 0 / 0           ops/s
[918.065s][info   ][gc,stats]            Memory: Undo Page Allocation                              0 / 0                 0 / 0                 0 / 0                 0 / 0           ops/s
[918.065s][info   ][gc,stats]  Minor Collection: Minor Collection                              0.000 / 0.000     203310.751 / 203310.751 151102.104 / 203310.751 151102.104 / 203310.751   ms
[918.065s][info   ][gc,stats]    Old Generation: Old Generation                                0.000 / 0.000     203460.501 / 209096.296 135641.635 / 209096.296 135641.635 / 209096.296   ms
[918.065s][info   ][gc,stats]         Old Pause: Pause Mark End                                0.000 / 0.000         0.018 / 0.023         0.014 / 0.023         0.014 / 0.023       ms
[918.065s][info   ][gc,stats]         Old Pause: Pause Relocate Start                          0.000 / 0.000         0.017 / 0.022         0.014 / 0.022         0.014 / 0.022       ms
[918.065s][info   ][gc,stats]         Old Phase: Concurrent Mark                               0.000 / 0.000     91332.222 / 155523.837 60888.216 / 155523.837 60888.216 / 155523.837   ms
[918.065s][info   ][gc,stats]         Old Phase: Concurrent Mark Continue                      0.000 / 0.000         0.000 / 0.000         0.000 / 0.000         0.000 / 0.000       ms
[918.065s][info   ][gc,stats]         Old Phase: Concurrent Mark Free                          0.000 / 0.000         0.002 / 0.002         0.002 / 0.002         0.002 / 0.002       ms
[918.065s][info   ][gc,stats]         Old Phase: Concurrent Process Non-Strong                 0.000 / 0.000     22435.773 / 42280.864 14957.771 / 42280.864 14957.771 / 42280.864   ms
[918.065s][info   ][gc,stats]         Old Phase: Concurrent Relocate                           0.000 / 0.000         1.408 / 2.742         0.947 / 2.742         0.947 / 2.742       ms
[918.065s][info   ][gc,stats]         Old Phase: Concurrent Remap Roots                        0.000 / 0.000      2895.704 / 5775.822   1930.661 / 5775.822   1930.661 / 5775.822    ms
[918.065s][info   ][gc,stats]         Old Phase: Concurrent Reset Relocation Set               0.000 / 0.000         0.000 / 0.000         0.000 / 0.000         0.000 / 0.000       ms
[918.065s][info   ][gc,stats]         Old Phase: Concurrent Select Relocation Set              0.000 / 0.000         1.401 / 1.580         1.316 / 1.580         1.316 / 1.580       ms
[918.065s][info   ][gc,stats]      Old Subphase: Concurrent Classes Purge                      0.000 / 0.000         0.011 / 0.016         0.099 / 0.277         0.099 / 0.277       ms
[918.065s][info   ][gc,stats]      Old Subphase: Concurrent Classes Unlink                     0.000 / 0.000         1.374 / 2.003         1.323 / 2.003         1.323 / 2.003       ms
[918.065s][info   ][gc,stats]      Old Subphase: Concurrent Mark Follow                        0.000 / 0.000     91332.090 / 155523.723 60888.097 / 155523.723 60888.097 / 155523.723   ms
[918.065s][info   ][gc,stats]      Old Subphase: Concurrent Mark Root Colored                  0.000 / 0.000         0.044 / 0.076         0.039 / 0.076         0.039 / 0.076       ms
[918.065s][info   ][gc,stats]      Old Subphase: Concurrent Mark Root Uncolored                0.000 / 0.000         0.032 / 0.071         0.031 / 0.071         0.031 / 0.071       ms
[918.065s][info   ][gc,stats]      Old Subphase: Concurrent Mark Roots                         0.000 / 0.000         0.129 / 0.147         0.116 / 0.147         0.116 / 0.147       ms
[918.065s][info   ][gc,stats]      Old Subphase: Concurrent References Enqueue                 0.000 / 0.000         0.002 / 0.003         0.001 / 0.003         0.001 / 0.003       ms
[918.065s][info   ][gc,stats]      Old Subphase: Concurrent References Process                 0.000 / 0.000     22434.024 / 42279.828 14956.020 / 42279.828 14956.020 / 42279.828   ms
[918.065s][info   ][gc,stats]      Old Subphase: Concurrent Remap Remembered                   0.000 / 0.000       976.432 / 5775.261    650.958 / 5775.261    650.958 / 5775.261    ms
[918.065s][info   ][gc,stats]      Old Subphase: Concurrent Remap Roots Colored                0.000 / 0.000         0.112 / 0.176         0.196 / 0.364         0.196 / 0.364       ms
[918.065s][info   ][gc,stats]      Old Subphase: Concurrent Remap Roots Uncolored              0.000 / 0.000         0.237 / 0.324         0.220 / 0.324         0.220 / 0.324       ms
[918.065s][info   ][gc,stats]      Old Subphase: Concurrent Roots ClassLoaderDataGraph         0.000 / 0.000         0.061 / 0.127         0.111 / 0.338         0.111 / 0.338       ms
[918.065s][info   ][gc,stats]      Old Subphase: Concurrent Roots CodeCache                    0.000 / 0.000         0.225 / 0.304         0.211 / 0.304         0.211 / 0.304       ms
[918.065s][info   ][gc,stats]      Old Subphase: Concurrent Roots JavaThreads                  0.000 / 0.000         0.016 / 0.070         0.013 / 0.070         0.013 / 0.070       ms
[918.065s][info   ][gc,stats]      Old Subphase: Concurrent Roots OopStorageSet                0.000 / 0.000         0.007 / 0.016         0.005 / 0.016         0.005 / 0.016       ms
[918.065s][info   ][gc,stats]      Old Subphase: Concurrent Weak Roots OopStorageSet           0.000 / 0.000         0.051 / 0.159         0.061 / 0.164         0.061 / 0.164       ms
[918.065s][info   ][gc,stats]            System: Java Threads                                      0 / 0                11 / 11               11 / 11               11 / 11          threads
[918.065s][info   ][gc,stats]  Young Generation: Young Generation                              0.000 / 0.000     168482.194 / 168482.194 88607.965 / 168482.194 88607.965 / 168482.194   ms
[918.065s][info   ][gc,stats]  Young Generation: Young Generation                              0.000 / 0.000     203310.688 / 203310.688 151102.053 / 203310.688 151102.053 / 203310.688   ms
[918.065s][info   ][gc,stats]  Young Generation: Young Generation (Collect Roots)              0.000 / 0.000        18.014 / 18.014       18.014 / 18.014       18.014 / 18.014      ms
[918.065s][info   ][gc,stats]  Young Generation: Young Generation (Promote All)                0.000 / 0.000     37440.924 / 37440.924 37440.924 / 37440.924 37440.924 / 37440.924   ms
[918.065s][info   ][gc,stats]       Young Pause: Pause Mark End                                0.000 / 0.000         0.011 / 0.014         0.012 / 0.014         0.012 / 0.014       ms
[918.065s][info   ][gc,stats]       Young Pause: Pause Mark Start                              0.000 / 0.000         0.017 / 0.022         0.016 / 0.022         0.016 / 0.022       ms
[918.065s][info   ][gc,stats]       Young Pause: Pause Mark Start (Major)                      0.000 / 0.000         0.013 / 0.013         0.029 / 0.041         0.029 / 0.041       ms
[918.065s][info   ][gc,stats]       Young Pause: Pause Relocate Start                          0.000 / 0.000         0.009 / 0.016         0.009 / 0.016         0.009 / 0.016       ms
[918.065s][info   ][gc,stats]       Young Phase: Concurrent Mark                               0.000 / 0.000     100489.540 / 197307.778 82348.292 / 197307.778 82348.292 / 197307.778   ms
[918.065s][info   ][gc,stats]       Young Phase: Concurrent Mark Continue                      0.000 / 0.000         0.000 / 0.000         0.000 / 0.000         0.000 / 0.000       ms
[918.065s][info   ][gc,stats]       Young Phase: Concurrent Mark Free                          0.000 / 0.000         0.004 / 0.009         0.006 / 0.009         0.006 / 0.009       ms
[918.065s][info   ][gc,stats]       Young Phase: Concurrent Relocate                           0.000 / 0.000      1148.812 / 3785.156   2938.622 / 13034.286  2938.622 / 13034.286   ms
[918.065s][info   ][gc,stats]       Young Phase: Concurrent Reset Relocation Set               0.000 / 0.000         0.973 / 3.112         0.649 / 3.112         0.649 / 3.112       ms
[918.065s][info   ][gc,stats]       Young Phase: Concurrent Select Relocation Set              0.000 / 0.000       673.440 / 2216.784    858.697 / 2456.696    858.697 / 2456.696    ms
[918.065s][info   ][gc,stats]    Young Subphase: Concurrent Mark Follow                        0.000 / 0.000     100488.970 / 197307.297 82347.521 / 197307.297 82347.521 / 197307.297   ms
[918.065s][info   ][gc,stats]    Young Subphase: Concurrent Mark Root Colored                  0.000 / 0.000         0.204 / 0.239         0.420 / 0.931         0.420 / 0.931       ms
[918.065s][info   ][gc,stats]    Young Subphase: Concurrent Mark Root Uncolored                0.000 / 0.000         0.290 / 0.326         0.300 / 0.373         0.300 / 0.373       ms
[918.065s][info   ][gc,stats]    Young Subphase: Concurrent Mark Roots                         0.000 / 0.000         0.533 / 0.603         0.769 / 1.362         0.769 / 1.362       ms
[918.065s][info   ][gc,stats]    Young Subphase: Concurrent Relocate Remset FP                 0.000 / 0.000      1148.404 / 3785.114   2937.372 / 13030.600  2937.372 / 13030.600   ms
[918.065s][info   ][gc,stats]    Young Subphase: Concurrent Roots ClassLoaderDataGraph         0.000 / 0.000         0.155 / 0.181         0.275 / 0.494         0.275 / 0.494       ms
[918.065s][info   ][gc,stats]    Young Subphase: Concurrent Roots CodeCache                    0.000 / 0.000         0.268 / 0.307         0.267 / 0.315         0.267 / 0.315       ms
[918.065s][info   ][gc,stats]    Young Subphase: Concurrent Roots JavaThreads                  0.000 / 0.000         0.010 / 0.026         0.017 / 0.111         0.017 / 0.111       ms
[918.065s][info   ][gc,stats]    Young Subphase: Concurrent Roots OopStorageSet                0.000 / 0.000         0.003 / 0.010         0.043 / 0.277         0.043 / 0.277       ms
[918.065s][info   ][gc,stats]    Young Subphase: Concurrent Weak Roots OopStorageSet           0.000 / 0.000         0.045 / 0.049         0.112 / 0.434         0.112 / 0.434       ms
[918.065s][info   ][gc,stats] =========================================================================================================================================================
