
=== Instance 8/8, outer iteration 46/48 (Variant none) ===

Affinity: allowed=36,37,38,39,40,41,42,43,44,45,46,47 jvm=36,37,38,39,40,41,42,43,44,45 aux=46,47
Benchmark args: 1100000000
Command: /gorilla/home/fredrha/SimplifyingWeakRefs/build/variant-images/none-linux-x86_64-server-release/jdk/bin/java -Xms132g -Xmx132g -XX:+UseZGC -Xlog:gc+stats,gc+ref -XX:InitialTenuringThreshold=1 -XX:MaxTenuringThreshold=1 -XX:NativeMemoryTracking=summary /gorilla/home/fredrha/SimplifyingWeakRefs/test/weakrefs/WeakRefSingleObjectBenchmark.java 1100000000

[0.004s][warning][gc] ***** WARNING! INCORRECT SYSTEM CONFIGURATION DETECTED! *****
[0.004s][warning][gc] The system limit on number of memory mappings per process might be too low for the given
[0.004s][warning][gc] max Java heap size (135168M). Please adjust /proc/sys/vm/max_map_count to allow for at
[0.004s][warning][gc] least 243302 mappings (current limit is 65530). Continuing execution with the current
[0.004s][warning][gc] limit could lead to a premature OutOfMemoryError being thrown, due to failure to map memory.
2026-04-18 10:33:01
Full thread dump OpenJDK 64-Bit Server VM (27-internal-adhoc.fredrha.SimplifyingWeakRefs mixed mode)
                 JDK version: OpenJDK Runtime Environment (27.0) (build 27-internal-adhoc.fredrha.SimplifyingWeakRefs)

Threads class SMR info:
_java_thread_list=0x0000154ee41a3ba0, length=7, elements={
0x0000154ee40ba7c0, 0x0000154ee4197880, 0x0000154ee4199690, 0x0000154ee419b810,
0x0000154ee419d680, 0x0000154ee419f4e0, 0x0000154ee41a1d20
}

"main" #3 [454383] prio=5 os_prio=0 cpu=32580.37ms elapsed=32.70s tid=0x0000154ee40ba7c0 nid=454383 runnable  [0x0000000000000000]
   java.lang.Thread.State: RUNNABLE

"Reference Handler" #23 [469938] daemon prio=10 os_prio=0 cpu=0.13ms elapsed=0.00s tid=0x0000154ee4197880 nid=469938 waiting on condition  [0x0000154ed09a9000]
   java.lang.Thread.State: RUNNABLE
	at java.lang.ref.Reference.waitForReferencePendingList(java.base/Native Method)
	at java.lang.ref.Reference.processPendingReferences(java.base/Reference.java:240)
	at java.lang.ref.Reference$ReferenceHandler.run(java.base/Reference.java:202)

"Finalizer" #24 [469939] daemon prio=8 os_prio=0 cpu=0.12ms elapsed=0.00s tid=0x0000154ee4199690 nid=469939 in Object.wait()  [0x0000154ed08a8000]
   java.lang.Thread.State: WAITING (on object monitor)
	at java.lang.Object.wait0(java.base/Native Method)
	- waiting on <0x000004000000f8a8> (a java.lang.Object)
	at java.lang.Object.wait(java.base/Object.java:391)
	at java.lang.Object.wait(java.base/Object.java:353)
	at java.lang.ref.ReferenceQueue.remove0(java.base/ReferenceQueue.java:136)
	at java.lang.ref.ReferenceQueue.remove(java.base/ReferenceQueue.java:214)
	- locked <0x000004000000f8a8> (a java.lang.Object)
	at java.lang.ref.Finalizer$FinalizerThread.run(java.base/Finalizer.java:165)

"Signal Dispatcher" #25 [469940] daemon prio=9 os_prio=0 cpu=0.09ms elapsed=0.00s tid=0x0000154ee419b810 nid=469940 waiting on condition  [0x0000000000000000]
   java.lang.Thread.State: RUNNABLE

"Service Thread" #26 [469941] daemon prio=9 os_prio=0 cpu=0.11ms elapsed=0.00s tid=0x0000154ee419d680 nid=469941 runnable  [0x0000000000000000]
   java.lang.Thread.State: RUNNABLE

"Monitor Deflation Thread" #27 [469942] daemon prio=9 os_prio=0 cpu=0.09ms elapsed=0.00s tid=0x0000154ee419f4e0 nid=469942 runnable  [0x0000000000000000]
   java.lang.Thread.State: RUNNABLE

"C2 CompilerThread0" #28 [469943] daemon prio=9 os_prio=0 cpu=0.35ms elapsed=0.00s tid=0x0000154ee41a1d20 nid=469943 runnable  [0x0000000000000000]
   java.lang.Thread.State: RUNNABLE
   No compile task

"VM Thread" os_prio=0 cpu=0.36ms elapsed=0.01s tid=0x0000154ee4132cb0 nid=469937 runnable  

"VM Periodic Task Thread" os_prio=0 cpu=0.06ms elapsed=0.03s tid=0x0000154ee410ade0 nid=469935 runnable  

"RuntimeWorker#5" os_prio=0 cpu=0.03ms elapsed=0.03s tid=0x0000154ee40ef710 nid=469934 runnable  

"RuntimeWorker#4" os_prio=0 cpu=0.03ms elapsed=0.03s tid=0x0000154ee40ee120 nid=469933 runnable  

"RuntimeWorker#3" os_prio=0 cpu=0.03ms elapsed=0.03s tid=0x0000154ee40ecb30 nid=469932 runnable  

"RuntimeWorker#2" os_prio=0 cpu=0.03ms elapsed=0.03s tid=0x0000154ee40eb540 nid=469931 runnable  

"RuntimeWorker#1" os_prio=0 cpu=0.03ms elapsed=0.03s tid=0x0000154ee40e9f50 nid=469930 runnable  

"RuntimeWorker#0" os_prio=0 cpu=0.03ms elapsed=0.03s tid=0x0000154ee40e8960 nid=469929 runnable  

"ZStat" os_prio=0 cpu=0.15ms elapsed=0.03s tid=0x0000154ee40e7220 nid=469928 runnable  

"ZDirector" os_prio=0 cpu=0.05ms elapsed=0.03s tid=0x0000154ee40e5be0 nid=469927 runnable  

"ZDriverMajor" os_prio=0 cpu=0.06ms elapsed=0.03s tid=0x0000154ee40e4210 nid=469926 runnable  

"ZDriverMinor" os_prio=0 cpu=0.13ms elapsed=0.03s tid=0x0000154ee40e28b0 nid=469925 runnable  

"ZWorkerYoung#2" os_prio=0 cpu=0.03ms elapsed=32.70s tid=0x0000154ee40e1160 nid=454390 runnable  

"ZWorkerYoung#1" os_prio=0 cpu=0.03ms elapsed=32.70s tid=0x0000154ee40dfb70 nid=454389 runnable  

"ZWorkerYoung#0" os_prio=0 cpu=0.03ms elapsed=32.70s tid=0x0000154ee40de580 nid=454388 runnable  

"ZWorkerOld#2" os_prio=0 cpu=0.03ms elapsed=32.70s tid=0x0000154ee40dce90 nid=454387 runnable  

"ZWorkerOld#1" os_prio=0 cpu=0.04ms elapsed=32.70s tid=0x0000154ee40db8a0 nid=454386 runnable  

"ZWorkerOld#0" os_prio=0 cpu=0.04ms elapsed=32.70s tid=0x0000154ee40da720 nid=454385 runnable  

"ZUncommitter#0" os_prio=0 cpu=0.09ms elapsed=32.70s tid=0x0000154ee40d4250 nid=454384 runnable  

JNI global refs: 6, weak refs: 0

Heap
 ZHeap           used 2M, capacity 135168M, max capacity 135168M
  Cache          135166M (1)
   size classes  16G (1)
 Metaspace       used 2805K, committed 2880K, reserved 1114112K
  class space    used 201K, committed 256K, reserved 1048576K

2026-04-18 10:33:01
Full thread dump OpenJDK 64-Bit Server VM (27-internal-adhoc.fredrha.SimplifyingWeakRefs mixed mode)
                 JDK version: OpenJDK Runtime Environment (27.0) (build 27-internal-adhoc.fredrha.SimplifyingWeakRefs)

Threads class SMR info:
_java_thread_list=0x0000154ee41a5ae0, length=8, elements={
0x0000154ee40ba7c0, 0x0000154ee4197880, 0x0000154ee4199690, 0x0000154ee419b810,
0x0000154ee419d680, 0x0000154ee419f4e0, 0x0000154ee41a1d20, 0x0000154ee41a3d30
}

"main" #3 [454383] prio=5 os_prio=0 cpu=32580.56ms elapsed=32.70s tid=0x0000154ee40ba7c0 nid=454383 runnable  [0x0000154ee8528000]
   java.lang.Thread.State: RUNNABLE
	at java.lang.invoke.MethodHandle.<clinit>(java.base/MethodHandle.java:1906)

"Reference Handler" #23 [469938] daemon prio=10 os_prio=0 cpu=0.13ms elapsed=0.01s tid=0x0000154ee4197880 nid=469938 waiting on condition  [0x0000154ed09a9000]
   java.lang.Thread.State: RUNNABLE
	at java.lang.ref.Reference.waitForReferencePendingList(java.base/Native Method)
	at java.lang.ref.Reference.processPendingReferences(java.base/Reference.java:240)
	at java.lang.ref.Reference$ReferenceHandler.run(java.base/Reference.java:202)

"Finalizer" #24 [469939] daemon prio=8 os_prio=0 cpu=0.12ms elapsed=0.01s tid=0x0000154ee4199690 nid=469939 in Object.wait()  [0x0000154ed08a8000]
   java.lang.Thread.State: WAITING (on object monitor)
	at java.lang.Object.wait0(java.base/Native Method)
	- waiting on <0x000004000000f8a8> (a java.lang.Object)
	at java.lang.Object.wait(java.base/Object.java:391)
	at java.lang.Object.wait(java.base/Object.java:353)
	at java.lang.ref.ReferenceQueue.remove0(java.base/ReferenceQueue.java:136)
	at java.lang.ref.ReferenceQueue.remove(java.base/ReferenceQueue.java:214)
	- locked <0x000004000000f8a8> (a java.lang.Object)
	at java.lang.ref.Finalizer$FinalizerThread.run(java.base/Finalizer.java:165)

"Signal Dispatcher" #25 [469940] daemon prio=9 os_prio=0 cpu=0.14ms elapsed=0.01s tid=0x0000154ee419b810 nid=469940 waiting on condition  [0x0000000000000000]
   java.lang.Thread.State: RUNNABLE

"Service Thread" #26 [469941] daemon prio=9 os_prio=0 cpu=0.11ms elapsed=0.00s tid=0x0000154ee419d680 nid=469941 runnable  [0x0000000000000000]
   java.lang.Thread.State: RUNNABLE

"Monitor Deflation Thread" #27 [469942] daemon prio=9 os_prio=0 cpu=0.09ms elapsed=0.00s tid=0x0000154ee419f4e0 nid=469942 runnable  [0x0000000000000000]
   java.lang.Thread.State: RUNNABLE

"C2 CompilerThread0" #28 [469943] daemon prio=9 os_prio=0 cpu=3.30ms elapsed=0.00s tid=0x0000154ee41a1d20 nid=469943 waiting on condition  [0x0000000000000000]
   java.lang.Thread.State: RUNNABLE
   No compile task

"C1 CompilerThread0" #31 [469944] daemon prio=9 os_prio=0 cpu=0.36ms elapsed=0.00s tid=0x0000154ee41a3d30 nid=469944 runnable  [0x0000000000000000]
   java.lang.Thread.State: RUNNABLE
   No compile task

"VM Thread" os_prio=0 cpu=0.89ms elapsed=0.02s tid=0x0000154ee4132cb0 nid=469937 runnable  

"VM Periodic Task Thread" os_prio=0 cpu=0.06ms elapsed=0.03s tid=0x0000154ee410ade0 nid=469935 runnable  

"RuntimeWorker#5" os_prio=0 cpu=0.03ms elapsed=0.03s tid=0x0000154ee40ef710 nid=469934 runnable  

"RuntimeWorker#4" os_prio=0 cpu=0.03ms elapsed=0.03s tid=0x0000154ee40ee120 nid=469933 runnable  

"RuntimeWorker#3" os_prio=0 cpu=0.03ms elapsed=0.03s tid=0x0000154ee40ecb30 nid=469932 runnable  

"RuntimeWorker#2" os_prio=0 cpu=0.03ms elapsed=0.03s tid=0x0000154ee40eb540 nid=469931 runnable  

"RuntimeWorker#1" os_prio=0 cpu=0.03ms elapsed=0.03s tid=0x0000154ee40e9f50 nid=469930 runnable  

"RuntimeWorker#0" os_prio=0 cpu=0.03ms elapsed=0.03s tid=0x0000154ee40e8960 nid=469929 runnable  

"ZStat" os_prio=0 cpu=0.15ms elapsed=0.03s tid=0x0000154ee40e7220 nid=469928 runnable  

"ZDirector" os_prio=0 cpu=0.05ms elapsed=0.03s tid=0x0000154ee40e5be0 nid=469927 runnable  

"ZDriverMajor" os_prio=0 cpu=0.06ms elapsed=0.03s tid=0x0000154ee40e4210 nid=469926 runnable  

"ZDriverMinor" os_prio=0 cpu=0.13ms elapsed=0.03s tid=0x0000154ee40e28b0 nid=469925 runnable  

"ZWorkerYoung#2" os_prio=0 cpu=0.03ms elapsed=32.70s tid=0x0000154ee40e1160 nid=454390 runnable  

"ZWorkerYoung#1" os_prio=0 cpu=0.03ms elapsed=32.70s tid=0x0000154ee40dfb70 nid=454389 runnable  

"ZWorkerYoung#0" os_prio=0 cpu=0.03ms elapsed=32.70s tid=0x0000154ee40de580 nid=454388 runnable  

"ZWorkerOld#2" os_prio=0 cpu=0.03ms elapsed=32.70s tid=0x0000154ee40dce90 nid=454387 runnable  

"ZWorkerOld#1" os_prio=0 cpu=0.04ms elapsed=32.70s tid=0x0000154ee40db8a0 nid=454386 runnable  

"ZWorkerOld#0" os_prio=0 cpu=0.04ms elapsed=32.70s tid=0x0000154ee40da720 nid=454385 runnable  

"ZUncommitter#0" os_prio=0 cpu=0.09ms elapsed=32.70s tid=0x0000154ee40d4250 nid=454384 runnable  

JNI global refs: 6, weak refs: 0

Heap
 ZHeap           used 2M, capacity 135168M, max capacity 135168M
  Cache          135166M (1)
   size classes  16G (1)
 Metaspace       used 2822K, committed 2880K, reserved 1114112K
  class space    used 202K, committed 256K, reserved 1048576K

2026-04-18 10:33:01
Full thread dump OpenJDK 64-Bit Server VM (27-internal-adhoc.fredrha.SimplifyingWeakRefs mixed mode)
                 JDK version: OpenJDK Runtime Environment (27.0) (build 27-internal-adhoc.fredrha.SimplifyingWeakRefs)

Threads class SMR info:
_java_thread_list=0x0000154ee41a5ae0, length=8, elements={
0x0000154ee40ba7c0, 0x0000154ee4197880, 0x0000154ee4199690, 0x0000154ee419b810,
0x0000154ee419d680, 0x0000154ee419f4e0, 0x0000154ee41a1d20, 0x0000154ee41a3d30
}

"main" #3 [454383] prio=5 os_prio=0 cpu=32580.67ms elapsed=32.70s tid=0x0000154ee40ba7c0 nid=454383 runnable  [0x0000154ee8527000]
   java.lang.Thread.State: RUNNABLE
	at java.lang.reflect.ClassFileFormatVersion.<clinit>(java.base/ClassFileFormatVersion.java:337)
	at java.lang.invoke.MethodHandleStatics.<clinit>(java.base/MethodHandleStatics.java:50)
	at java.lang.invoke.MethodHandle.<clinit>(java.base/MethodHandle.java:1906)

"Reference Handler" #23 [469938] daemon prio=10 os_prio=0 cpu=0.13ms elapsed=0.01s tid=0x0000154ee4197880 nid=469938 waiting on condition  [0x0000154ed09a9000]
   java.lang.Thread.State: RUNNABLE
	at java.lang.ref.Reference.waitForReferencePendingList(java.base/Native Method)
	at java.lang.ref.Reference.processPendingReferences(java.base/Reference.java:240)
	at java.lang.ref.Reference$ReferenceHandler.run(java.base/Reference.java:202)

"Finalizer" #24 [469939] daemon prio=8 os_prio=0 cpu=0.12ms elapsed=0.01s tid=0x0000154ee4199690 nid=469939 in Object.wait()  [0x0000154ed08a8000]
   java.lang.Thread.State: WAITING (on object monitor)
	at java.lang.Object.wait0(java.base/Native Method)
	- waiting on <0x000004000000f8a8> (a java.lang.Object)
	at java.lang.Object.wait(java.base/Object.java:391)
	at java.lang.Object.wait(java.base/Object.java:353)
	at java.lang.ref.ReferenceQueue.remove0(java.base/ReferenceQueue.java:136)
	at java.lang.ref.ReferenceQueue.remove(java.base/ReferenceQueue.java:214)
	- locked <0x000004000000f8a8> (a java.lang.Object)
	at java.lang.ref.Finalizer$FinalizerThread.run(java.base/Finalizer.java:165)

"Signal Dispatcher" #25 [469940] daemon prio=9 os_prio=0 cpu=0.18ms elapsed=0.01s tid=0x0000154ee419b810 nid=469940 waiting on condition  [0x0000000000000000]
   java.lang.Thread.State: RUNNABLE

"Service Thread" #26 [469941] daemon prio=9 os_prio=0 cpu=0.11ms elapsed=0.01s tid=0x0000154ee419d680 nid=469941 runnable  [0x0000000000000000]
   java.lang.Thread.State: RUNNABLE

"Monitor Deflation Thread" #27 [469942] daemon prio=9 os_prio=0 cpu=0.09ms elapsed=0.01s tid=0x0000154ee419f4e0 nid=469942 runnable  [0x0000000000000000]
   java.lang.Thread.State: RUNNABLE

"C2 CompilerThread0" #28 [469943] daemon prio=9 os_prio=0 cpu=3.31ms elapsed=0.01s tid=0x0000154ee41a1d20 nid=469943 waiting on condition  [0x0000000000000000]
   java.lang.Thread.State: RUNNABLE
   No compile task

"C1 CompilerThread0" #31 [469944] daemon prio=9 os_prio=0 cpu=0.39ms elapsed=0.01s tid=0x0000154ee41a3d30 nid=469944 runnable  [0x0000000000000000]
   java.lang.Thread.State: RUNNABLE
   Compiling:    1       3       java.lang.Object::<init> (1 bytes)

"VM Thread" os_prio=0 cpu=1.35ms elapsed=0.02s tid=0x0000154ee4132cb0 nid=469937 runnable  

"VM Periodic Task Thread" os_prio=0 cpu=0.06ms elapsed=0.03s tid=0x0000154ee410ade0 nid=469935 runnable  

"RuntimeWorker#5" os_prio=0 cpu=0.03ms elapsed=0.03s tid=0x0000154ee40ef710 nid=469934 runnable  

"RuntimeWorker#4" os_prio=0 cpu=0.03ms elapsed=0.03s tid=0x0000154ee40ee120 nid=469933 runnable  

"RuntimeWorker#3" os_prio=0 cpu=0.03ms elapsed=0.03s tid=0x0000154ee40ecb30 nid=469932 runnable  

"RuntimeWorker#2" os_prio=0 cpu=0.03ms elapsed=0.03s tid=0x0000154ee40eb540 nid=469931 runnable  

"RuntimeWorker#1" os_prio=0 cpu=0.03ms elapsed=0.03s tid=0x0000154ee40e9f50 nid=469930 runnable  

"RuntimeWorker#0" os_prio=0 cpu=0.03ms elapsed=0.03s tid=0x0000154ee40e8960 nid=469929 runnable  

"ZStat" os_prio=0 cpu=0.15ms elapsed=0.03s tid=0x0000154ee40e7220 nid=469928 runnable  

"ZDirector" os_prio=0 cpu=0.05ms elapsed=0.03s tid=0x0000154ee40e5be0 nid=469927 runnable  

"ZDriverMajor" os_prio=0 cpu=0.06ms elapsed=0.03s tid=0x0000154ee40e4210 nid=469926 runnable  

"ZDriverMinor" os_prio=0 cpu=0.13ms elapsed=0.03s tid=0x0000154ee40e28b0 nid=469925 runnable  

"ZWorkerYoung#2" os_prio=0 cpu=0.03ms elapsed=32.70s tid=0x0000154ee40e1160 nid=454390 runnable  

"ZWorkerYoung#1" os_prio=0 cpu=0.03ms elapsed=32.70s tid=0x0000154ee40dfb70 nid=454389 runnable  

"ZWorkerYoung#0" os_prio=0 cpu=0.03ms elapsed=32.70s tid=0x0000154ee40de580 nid=454388 runnable  

"ZWorkerOld#2" os_prio=0 cpu=0.03ms elapsed=32.70s tid=0x0000154ee40dce90 nid=454387 runnable  

"ZWorkerOld#1" os_prio=0 cpu=0.04ms elapsed=32.70s tid=0x0000154ee40db8a0 nid=454386 runnable  

"ZWorkerOld#0" os_prio=0 cpu=0.04ms elapsed=32.70s tid=0x0000154ee40da720 nid=454385 runnable  

"ZUncommitter#0" os_prio=0 cpu=0.09ms elapsed=32.70s tid=0x0000154ee40d4250 nid=454384 runnable  

JNI global refs: 6, weak refs: 0

Heap
 ZHeap           used 2M, capacity 135168M, max capacity 135168M
  Cache          135166M (1)
   size classes  16G (1)
 Metaspace       used 2823K, committed 2880K, reserved 1114112K
  class space    used 203K, committed 256K, reserved 1048576K

2026-04-18 10:33:01
Full thread dump OpenJDK 64-Bit Server VM (27-internal-adhoc.fredrha.SimplifyingWeakRefs mixed mode)
                 JDK version: OpenJDK Runtime Environment (27.0) (build 27-internal-adhoc.fredrha.SimplifyingWeakRefs)

Threads class SMR info:
_java_thread_list=0x0000154ee41a5ae0, length=8, elements={
0x0000154ee40ba7c0, 0x0000154ee4197880, 0x0000154ee4199690, 0x0000154ee419b810,
0x0000154ee419d680, 0x0000154ee419f4e0, 0x0000154ee41a1d20, 0x0000154ee41a3d30
}

"main" #3 [454383] prio=5 os_prio=0 cpu=32580.72ms elapsed=32.70s tid=0x0000154ee40ba7c0 nid=454383 runnable  [0x0000154ee8527000]
   java.lang.Thread.State: RUNNABLE
	at jdk.internal.util.ArraysSupport.unsignedHashCode(java.base/ArraysSupport.java:378)
	at jdk.internal.util.ArraysSupport.vectorizedHashCode(java.base/ArraysSupport.java:365)
	at jdk.internal.util.ArraysSupport.hashCodeOfUnsigned(java.base/ArraysSupport.java:276)
	at java.lang.StringLatin1.hashCode(java.base/StringLatin1.java:410)
	at java.lang.String.hashCode(java.base/String.java:2807)
	at java.util.concurrent.ConcurrentHashMap.get(java.base/ConcurrentHashMap.java:951)
	at java.util.Properties.getProperty(java.base/Properties.java:1145)
	at java.util.Properties.getProperty(java.base/Properties.java:1165)
	at java.lang.invoke.MethodHandleStatics.<clinit>(java.base/MethodHandleStatics.java:79)
	at java.lang.invoke.MethodHandle.<clinit>(java.base/MethodHandle.java:1906)

"Reference Handler" #23 [469938] daemon prio=10 os_prio=0 cpu=0.13ms elapsed=0.01s tid=0x0000154ee4197880 nid=469938 waiting on condition  [0x0000154ed09a9000]
   java.lang.Thread.State: RUNNABLE
	at java.lang.ref.Reference.waitForReferencePendingList(java.base/Native Method)
	at java.lang.ref.Reference.processPendingReferences(java.base/Reference.java:240)
	at java.lang.ref.Reference$ReferenceHandler.run(java.base/Reference.java:202)

"Finalizer" #24 [469939] daemon prio=8 os_prio=0 cpu=0.12ms elapsed=0.01s tid=0x0000154ee4199690 nid=469939 in Object.wait()  [0x0000154ed08a8000]
   java.lang.Thread.State: WAITING (on object monitor)
	at java.lang.Object.wait0(java.base/Native Method)
	- waiting on <0x000004000000f8a8> (a java.lang.Object)
	at java.lang.Object.wait(java.base/Object.java:391)
	at java.lang.Object.wait(java.base/Object.java:353)
	at java.lang.ref.ReferenceQueue.remove0(java.base/ReferenceQueue.java:136)
	at java.lang.ref.ReferenceQueue.remove(java.base/ReferenceQueue.java:214)
	- locked <0x000004000000f8a8> (a java.lang.Object)
	at java.lang.ref.Finalizer$FinalizerThread.run(java.base/Finalizer.java:165)

"Signal Dispatcher" #25 [469940] daemon prio=9 os_prio=0 cpu=0.22ms elapsed=0.01s tid=0x0000154ee419b810 nid=469940 waiting on condition  [0x0000000000000000]
   java.lang.Thread.State: RUNNABLE

"Service Thread" #26 [469941] daemon prio=9 os_prio=0 cpu=0.11ms elapsed=0.01s tid=0x0000154ee419d680 nid=469941 runnable  [0x0000000000000000]
   java.lang.Thread.State: RUNNABLE

"Monitor Deflation Thread" #27 [469942] daemon prio=9 os_prio=0 cpu=0.09ms elapsed=0.01s tid=0x0000154ee419f4e0 nid=469942 runnable  [0x0000000000000000]
   java.lang.Thread.State: RUNNABLE

"C2 CompilerThread0" #28 [469943] daemon prio=9 os_prio=0 cpu=3.31ms elapsed=0.01s tid=0x0000154ee41a1d20 nid=469943 waiting on condition  [0x0000000000000000]
   java.lang.Thread.State: RUNNABLE
   No compile task

"C1 CompilerThread0" #31 [469944] daemon prio=9 os_prio=0 cpu=0.49ms elapsed=0.01s tid=0x0000154ee41a3d30 nid=469944 runnable  [0x0000000000000000]
   java.lang.Thread.State: RUNNABLE
   Compiling:    1       3       java.lang.Object::<init> (1 bytes)

"VM Thread" os_prio=0 cpu=1.83ms elapsed=0.02s tid=0x0000154ee4132cb0 nid=469937 runnable  

"VM Periodic Task Thread" os_prio=0 cpu=0.06ms elapsed=0.03s tid=0x0000154ee410ade0 nid=469935 runnable  

"RuntimeWorker#5" os_prio=0 cpu=0.03ms elapsed=0.03s tid=0x0000154ee40ef710 nid=469934 runnable  

"RuntimeWorker#4" os_prio=0 cpu=0.03ms elapsed=0.03s tid=0x0000154ee40ee120 nid=469933 runnable  

"RuntimeWorker#3" os_prio=0 cpu=0.03ms elapsed=0.03s tid=0x0000154ee40ecb30 nid=469932 runnable  

"RuntimeWorker#2" os_prio=0 cpu=0.03ms elapsed=0.03s tid=0x0000154ee40eb540 nid=469931 runnable  

"RuntimeWorker#1" os_prio=0 cpu=0.03ms elapsed=0.03s tid=0x0000154ee40e9f50 nid=469930 runnable  

"RuntimeWorker#0" os_prio=0 cpu=0.03ms elapsed=0.03s tid=0x0000154ee40e8960 nid=469929 runnable  

"ZStat" os_prio=0 cpu=0.15ms elapsed=0.03s tid=0x0000154ee40e7220 nid=469928 runnable  

"ZDirector" os_prio=0 cpu=0.05ms elapsed=0.03s tid=0x0000154ee40e5be0 nid=469927 runnable  

"ZDriverMajor" os_prio=0 cpu=0.06ms elapsed=0.03s tid=0x0000154ee40e4210 nid=469926 runnable  

"ZDriverMinor" os_prio=0 cpu=0.13ms elapsed=0.03s tid=0x0000154ee40e28b0 nid=469925 runnable  

"ZWorkerYoung#2" os_prio=0 cpu=0.03ms elapsed=32.70s tid=0x0000154ee40e1160 nid=454390 runnable  

"ZWorkerYoung#1" os_prio=0 cpu=0.03ms elapsed=32.70s tid=0x0000154ee40dfb70 nid=454389 runnable  

"ZWorkerYoung#0" os_prio=0 cpu=0.03ms elapsed=32.70s tid=0x0000154ee40de580 nid=454388 runnable  

"ZWorkerOld#2" os_prio=0 cpu=0.03ms elapsed=32.70s tid=0x0000154ee40dce90 nid=454387 runnable  

"ZWorkerOld#1" os_prio=0 cpu=0.04ms elapsed=32.70s tid=0x0000154ee40db8a0 nid=454386 runnable  

"ZWorkerOld#0" os_prio=0 cpu=0.04ms elapsed=32.70s tid=0x0000154ee40da720 nid=454385 runnable  

"ZUncommitter#0" os_prio=0 cpu=0.09ms elapsed=32.70s tid=0x0000154ee40d4250 nid=454384 runnable  

JNI global refs: 6, weak refs: 0

Heap
 ZHeap           used 2M, capacity 135168M, max capacity 135168M
  Cache          135166M (1)
   size classes  16G (1)
 Metaspace       used 2823K, committed 2880K, reserved 1114112K
  class space    used 203K, committed 256K, reserved 1048576K

2026-04-18 10:33:01
Full thread dump OpenJDK 64-Bit Server VM (27-internal-adhoc.fredrha.SimplifyingWeakRefs mixed mode)
                 JDK version: OpenJDK Runtime Environment (27.0) (build 27-internal-adhoc.fredrha.SimplifyingWeakRefs)

Threads class SMR info:
_java_thread_list=0x0000154ee41a5ae0, length=8, elements={
0x0000154ee40ba7c0, 0x0000154ee4197880, 0x0000154ee4199690, 0x0000154ee419b810,
0x0000154ee419d680, 0x0000154ee419f4e0, 0x0000154ee41a1d20, 0x0000154ee41a3d30
}

"main" #3 [454383] prio=5 os_prio=0 cpu=32580.79ms elapsed=32.70s tid=0x0000154ee40ba7c0 nid=454383 runnable  [0x0000154ee8527000]
   java.lang.Thread.State: RUNNABLE
	at java.lang.Integer.parseInt(java.base/Integer.java:512)
	at java.lang.Integer.parseInt(java.base/Integer.java:626)
	at java.lang.invoke.MethodHandleStatics.<clinit>(java.base/MethodHandleStatics.java:78)
	at java.lang.invoke.MethodHandle.<clinit>(java.base/MethodHandle.java:1906)

"Reference Handler" #23 [469938] daemon prio=10 os_prio=0 cpu=0.13ms elapsed=0.01s tid=0x0000154ee4197880 nid=469938 waiting on condition  [0x0000154ed09a9000]
   java.lang.Thread.State: RUNNABLE
	at java.lang.ref.Reference.waitForReferencePendingList(java.base/Native Method)
	at java.lang.ref.Reference.processPendingReferences(java.base/Reference.java:240)
	at java.lang.ref.Reference$ReferenceHandler.run(java.base/Reference.java:202)

"Finalizer" #24 [469939] daemon prio=8 os_prio=0 cpu=0.12ms elapsed=0.01s tid=0x0000154ee4199690 nid=469939 in Object.wait()  [0x0000154ed08a8000]
   java.lang.Thread.State: WAITING (on object monitor)
	at java.lang.Object.wait0(java.base/Native Method)
	- waiting on <0x000004000000f8a8> (a java.lang.Object)
	at java.lang.Object.wait(java.base/Object.java:391)
	at java.lang.Object.wait(java.base/Object.java:353)
	at java.lang.ref.ReferenceQueue.remove0(java.base/ReferenceQueue.java:136)
	at java.lang.ref.ReferenceQueue.remove(java.base/ReferenceQueue.java:214)
	- locked <0x000004000000f8a8> (a java.lang.Object)
	at java.lang.ref.Finalizer$FinalizerThread.run(java.base/Finalizer.java:165)

"Signal Dispatcher" #25 [469940] daemon prio=9 os_prio=0 cpu=0.26ms elapsed=0.01s tid=0x0000154ee419b810 nid=469940 waiting on condition  [0x0000000000000000]
   java.lang.Thread.State: RUNNABLE

"Service Thread" #26 [469941] daemon prio=9 os_prio=0 cpu=0.11ms elapsed=0.01s tid=0x0000154ee419d680 nid=469941 runnable  [0x0000000000000000]
   java.lang.Thread.State: RUNNABLE

"Monitor Deflation Thread" #27 [469942] daemon prio=9 os_prio=0 cpu=0.09ms elapsed=0.01s tid=0x0000154ee419f4e0 nid=469942 runnable  [0x0000000000000000]
   java.lang.Thread.State: RUNNABLE

"C2 CompilerThread0" #28 [469943] daemon prio=9 os_prio=0 cpu=3.31ms elapsed=0.01s tid=0x0000154ee41a1d20 nid=469943 waiting on condition  [0x0000000000000000]
   java.lang.Thread.State: RUNNABLE
   No compile task

"C1 CompilerThread0" #31 [469944] daemon prio=9 os_prio=0 cpu=0.56ms elapsed=0.01s tid=0x0000154ee41a3d30 nid=469944 runnable  [0x0000000000000000]
   java.lang.Thread.State: RUNNABLE
   Compiling:    1       3       java.lang.Object::<init> (1 bytes)

"VM Thread" os_prio=0 cpu=2.28ms elapsed=0.02s tid=0x0000154ee4132cb0 nid=469937 runnable  

"VM Periodic Task Thread" os_prio=0 cpu=0.06ms elapsed=0.03s tid=0x0000154ee410ade0 nid=469935 runnable  

"RuntimeWorker#5" os_prio=0 cpu=0.03ms elapsed=0.03s tid=0x0000154ee40ef710 nid=469934 runnable  

"RuntimeWorker#4" os_prio=0 cpu=0.03ms elapsed=0.03s tid=0x0000154ee40ee120 nid=469933 runnable  

"RuntimeWorker#3" os_prio=0 cpu=0.03ms elapsed=0.03s tid=0x0000154ee40ecb30 nid=469932 runnable  

"RuntimeWorker#2" os_prio=0 cpu=0.03ms elapsed=0.03s tid=0x0000154ee40eb540 nid=469931 runnable  

"RuntimeWorker#1" os_prio=0 cpu=0.03ms elapsed=0.03s tid=0x0000154ee40e9f50 nid=469930 runnable  

"RuntimeWorker#0" os_prio=0 cpu=0.03ms elapsed=0.03s tid=0x0000154ee40e8960 nid=469929 runnable  

"ZStat" os_prio=0 cpu=0.15ms elapsed=0.03s tid=0x0000154ee40e7220 nid=469928 runnable  

"ZDirector" os_prio=0 cpu=0.05ms elapsed=0.03s tid=0x0000154ee40e5be0 nid=469927 runnable  

"ZDriverMajor" os_prio=0 cpu=0.06ms elapsed=0.03s tid=0x0000154ee40e4210 nid=469926 runnable  

"ZDriverMinor" os_prio=0 cpu=0.13ms elapsed=0.04s tid=0x0000154ee40e28b0 nid=469925 runnable  

"ZWorkerYoung#2" os_prio=0 cpu=0.03ms elapsed=32.70s tid=0x0000154ee40e1160 nid=454390 runnable  

"ZWorkerYoung#1" os_prio=0 cpu=0.03ms elapsed=32.70s tid=0x0000154ee40dfb70 nid=454389 runnable  

"ZWorkerYoung#0" os_prio=0 cpu=0.03ms elapsed=32.70s tid=0x0000154ee40de580 nid=454388 runnable  

"ZWorkerOld#2" os_prio=0 cpu=0.03ms elapsed=32.70s tid=0x0000154ee40dce90 nid=454387 runnable  

"ZWorkerOld#1" os_prio=0 cpu=0.04ms elapsed=32.70s tid=0x0000154ee40db8a0 nid=454386 runnable  

"ZWorkerOld#0" os_prio=0 cpu=0.04ms elapsed=32.70s tid=0x0000154ee40da720 nid=454385 runnable  

"ZUncommitter#0" os_prio=0 cpu=0.09ms elapsed=32.70s tid=0x0000154ee40d4250 nid=454384 runnable  

JNI global refs: 6, weak refs: 0

Heap
 ZHeap           used 2M, capacity 135168M, max capacity 135168M
  Cache          135166M (1)
   size classes  16G (1)
 Metaspace       used 2826K, committed 2880K, reserved 1114112K
  class space    used 203K, committed 256K, reserved 1048576K

2026-04-18 10:33:01
Full thread dump OpenJDK 64-Bit Server VM (27-internal-adhoc.fredrha.SimplifyingWeakRefs mixed mode)
                 JDK version: OpenJDK Runtime Environment (27.0) (build 27-internal-adhoc.fredrha.SimplifyingWeakRefs)

Threads class SMR info:
_java_thread_list=0x0000154ee41a5ae0, length=8, elements={
0x0000154ee40ba7c0, 0x0000154ee4197880, 0x0000154ee4199690, 0x0000154ee419b810,
0x0000154ee419d680, 0x0000154ee419f4e0, 0x0000154ee41a1d20, 0x0000154ee41a3d30
}

"main" #3 [454383] prio=5 os_prio=0 cpu=32580.90ms elapsed=32.70s tid=0x0000154ee40ba7c0 nid=454383 runnable  [0x0000154ee8527000]
   java.lang.Thread.State: RUNNABLE
	at java.lang.Character.digit(java.base/Character.java:11656)
	at java.lang.Character.digit(java.base/Character.java:11604)
	at java.lang.Integer.parseInt(java.base/Integer.java:512)
	at java.lang.Integer.parseInt(java.base/Integer.java:626)
	at java.lang.invoke.MethodHandleStatics.<clinit>(java.base/MethodHandleStatics.java:78)
	at java.lang.invoke.MethodHandle.<clinit>(java.base/MethodHandle.java:1906)

"Reference Handler" #23 [469938] daemon prio=10 os_prio=0 cpu=0.13ms elapsed=0.01s tid=0x0000154ee4197880 nid=469938 waiting on condition  [0x0000154ed09a9000]
   java.lang.Thread.State: RUNNABLE
	at java.lang.ref.Reference.waitForReferencePendingList(java.base/Native Method)
	at java.lang.ref.Reference.processPendingReferences(java.base/Reference.java:240)
	at java.lang.ref.Reference$ReferenceHandler.run(java.base/Reference.java:202)

"Finalizer" #24 [469939] daemon prio=8 os_prio=0 cpu=0.12ms elapsed=0.01s tid=0x0000154ee4199690 nid=469939 in Object.wait()  [0x0000154ed08a8000]
   java.lang.Thread.State: WAITING (on object monitor)
	at java.lang.Object.wait0(java.base/Native Method)
	- waiting on <0x000004000000f8a8> (a java.lang.Object)
	at java.lang.Object.wait(java.base/Object.java:391)
	at java.lang.Object.wait(java.base/Object.java:353)
	at java.lang.ref.ReferenceQueue.remove0(java.base/ReferenceQueue.java:136)
	at java.lang.ref.ReferenceQueue.remove(java.base/ReferenceQueue.java:214)
	- locked <0x000004000000f8a8> (a java.lang.Object)
	at java.lang.ref.Finalizer$FinalizerThread.run(java.base/Finalizer.java:165)

"Signal Dispatcher" #25 [469940] daemon prio=9 os_prio=0 cpu=0.30ms elapsed=0.01s tid=0x0000154ee419b810 nid=469940 waiting on condition  [0x0000000000000000]
   java.lang.Thread.State: RUNNABLE

"Service Thread" #26 [469941] daemon prio=9 os_prio=0 cpu=0.11ms elapsed=0.01s tid=0x0000154ee419d680 nid=469941 runnable  [0x0000000000000000]
   java.lang.Thread.State: RUNNABLE

"Monitor Deflation Thread" #27 [469942] daemon prio=9 os_prio=0 cpu=0.09ms elapsed=0.01s tid=0x0000154ee419f4e0 nid=469942 runnable  [0x0000000000000000]
   java.lang.Thread.State: RUNNABLE

"C2 CompilerThread0" #28 [469943] daemon prio=9 os_prio=0 cpu=3.31ms elapsed=0.01s tid=0x0000154ee41a1d20 nid=469943 waiting on condition  [0x0000000000000000]
   java.lang.Thread.State: RUNNABLE
   No compile task

"C1 CompilerThread0" #31 [469944] daemon prio=9 os_prio=0 cpu=0.71ms elapsed=0.01s tid=0x0000154ee41a3d30 nid=469944 runnable  [0x0000000000000000]
   java.lang.Thread.State: RUNNABLE
   Compiling:    1       3       java.lang.Object::<init> (1 bytes)

"VM Thread" os_prio=0 cpu=2.74ms elapsed=0.02s tid=0x0000154ee4132cb0 nid=469937 runnable  

"VM Periodic Task Thread" os_prio=0 cpu=0.06ms elapsed=0.03s tid=0x0000154ee410ade0 nid=469935 runnable  

"RuntimeWorker#5" os_prio=0 cpu=0.03ms elapsed=0.03s tid=0x0000154ee40ef710 nid=469934 runnable  

"RuntimeWorker#4" os_prio=0 cpu=0.03ms elapsed=0.04s tid=0x0000154ee40ee120 nid=469933 runnable  

"RuntimeWorker#3" os_prio=0 cpu=0.03ms elapsed=0.04s tid=0x0000154ee40ecb30 nid=469932 runnable  

"RuntimeWorker#2" os_prio=0 cpu=0.03ms elapsed=0.04s tid=0x0000154ee40eb540 nid=469931 runnable  

"RuntimeWorker#1" os_prio=0 cpu=0.03ms elapsed=0.04s tid=0x0000154ee40e9f50 nid=469930 runnable  

"RuntimeWorker#0" os_prio=0 cpu=0.03ms elapsed=0.04s tid=0x0000154ee40e8960 nid=469929 runnable  

"ZStat" os_prio=0 cpu=0.15ms elapsed=0.04s tid=0x0000154ee40e7220 nid=469928 runnable  

"ZDirector" os_prio=0 cpu=0.05ms elapsed=0.04s tid=0x0000154ee40e5be0 nid=469927 runnable  

"ZDriverMajor" os_prio=0 cpu=0.06ms elapsed=0.04s tid=0x0000154ee40e4210 nid=469926 runnable  

"ZDriverMinor" os_prio=0 cpu=0.13ms elapsed=0.04s tid=0x0000154ee40e28b0 nid=469925 runnable  

"ZWorkerYoung#2" os_prio=0 cpu=0.03ms elapsed=32.70s tid=0x0000154ee40e1160 nid=454390 runnable  

"ZWorkerYoung#1" os_prio=0 cpu=0.03ms elapsed=32.70s tid=0x0000154ee40dfb70 nid=454389 runnable  

"ZWorkerYoung#0" os_prio=0 cpu=0.03ms elapsed=32.70s tid=0x0000154ee40de580 nid=454388 runnable  

"ZWorkerOld#2" os_prio=0 cpu=0.03ms elapsed=32.70s tid=0x0000154ee40dce90 nid=454387 runnable  

"ZWorkerOld#1" os_prio=0 cpu=0.04ms elapsed=32.70s tid=0x0000154ee40db8a0 nid=454386 runnable  

"ZWorkerOld#0" os_prio=0 cpu=0.04ms elapsed=32.70s tid=0x0000154ee40da720 nid=454385 runnable  

"ZUncommitter#0" os_prio=0 cpu=0.09ms elapsed=32.70s tid=0x0000154ee40d4250 nid=454384 runnable  

JNI global refs: 6, weak refs: 0

Heap
 ZHeap           used 2M, capacity 135168M, max capacity 135168M
  Cache          135166M (1)
   size classes  16G (1)
 Metaspace       used 2848K, committed 2944K, reserved 1114112K
  class space    used 204K, committed 256K, reserved 1048576K

2026-04-18 10:33:01
Full thread dump OpenJDK 64-Bit Server VM (27-internal-adhoc.fredrha.SimplifyingWeakRefs mixed mode)
                 JDK version: OpenJDK Runtime Environment (27.0) (build 27-internal-adhoc.fredrha.SimplifyingWeakRefs)

Threads class SMR info:
_java_thread_list=0x0000154ee41a5ae0, length=8, elements={
0x0000154ee40ba7c0, 0x0000154ee4197880, 0x0000154ee4199690, 0x0000154ee419b810,
0x0000154ee419d680, 0x0000154ee419f4e0, 0x0000154ee41a1d20, 0x0000154ee41a3d30
}

"main" #3 [454383] prio=5 os_prio=0 cpu=32581.02ms elapsed=32.70s tid=0x0000154ee40ba7c0 nid=454383 runnable  [0x0000154ee8527000]
   java.lang.Thread.State: RUNNABLE
	at jdk.internal.util.ArraysSupport.unsignedHashCode(java.base/ArraysSupport.java:378)
	at jdk.internal.util.ArraysSupport.vectorizedHashCode(java.base/ArraysSupport.java:365)
	at jdk.internal.util.ArraysSupport.hashCodeOfUnsigned(java.base/ArraysSupport.java:276)
	at java.lang.StringLatin1.hashCode(java.base/StringLatin1.java:410)
	at java.lang.String.hashCode(java.base/String.java:2807)
	at java.util.concurrent.ConcurrentHashMap.get(java.base/ConcurrentHashMap.java:951)
	at java.util.Properties.getProperty(java.base/Properties.java:1145)
	at java.util.Properties.getProperty(java.base/Properties.java:1165)
	at java.lang.invoke.MethodHandleStatics.<clinit>(java.base/MethodHandleStatics.java:87)
	at java.lang.invoke.MethodHandle.<clinit>(java.base/MethodHandle.java:1906)

"Reference Handler" #23 [469938] daemon prio=10 os_prio=0 cpu=0.13ms elapsed=0.01s tid=0x0000154ee4197880 nid=469938 waiting on condition  [0x0000154ed09a9000]
   java.lang.Thread.State: RUNNABLE
	at java.lang.ref.Reference.waitForReferencePendingList(java.base/Native Method)
	at java.lang.ref.Reference.processPendingReferences(java.base/Reference.java:240)
	at java.lang.ref.Reference$ReferenceHandler.run(java.base/Reference.java:202)

"Finalizer" #24 [469939] daemon prio=8 os_prio=0 cpu=0.12ms elapsed=0.01s tid=0x0000154ee4199690 nid=469939 in Object.wait()  [0x0000154ed08a8000]
   java.lang.Thread.State: WAITING (on object monitor)
	at java.lang.Object.wait0(java.base/Native Method)
	- waiting on <0x000004000000f8a8> (a java.lang.Object)
	at java.lang.Object.wait(java.base/Object.java:391)
	at java.lang.Object.wait(java.base/Object.java:353)
	at java.lang.ref.ReferenceQueue.remove0(java.base/ReferenceQueue.java:136)
	at java.lang.ref.ReferenceQueue.remove(java.base/ReferenceQueue.java:214)
	- locked <0x000004000000f8a8> (a java.lang.Object)
	at java.lang.ref.Finalizer$FinalizerThread.run(java.base/Finalizer.java:165)

"Signal Dispatcher" #25 [469940] daemon prio=9 os_prio=0 cpu=0.34ms elapsed=0.01s tid=0x0000154ee419b810 nid=469940 waiting on condition  [0x0000000000000000]
   java.lang.Thread.State: RUNNABLE

"Service Thread" #26 [469941] daemon prio=9 os_prio=0 cpu=0.11ms elapsed=0.01s tid=0x0000154ee419d680 nid=469941 runnable  [0x0000000000000000]
   java.lang.Thread.State: RUNNABLE

"Monitor Deflation Thread" #27 [469942] daemon prio=9 os_prio=0 cpu=0.09ms elapsed=0.01s tid=0x0000154ee419f4e0 nid=469942 runnable  [0x0000000000000000]
   java.lang.Thread.State: RUNNABLE

"C2 CompilerThread0" #28 [469943] daemon prio=9 os_prio=0 cpu=3.31ms elapsed=0.01s tid=0x0000154ee41a1d20 nid=469943 waiting on condition  [0x0000000000000000]
   java.lang.Thread.State: RUNNABLE
   No compile task

"C1 CompilerThread0" #31 [469944] daemon prio=9 os_prio=0 cpu=0.78ms elapsed=0.01s tid=0x0000154ee41a3d30 nid=469944 runnable  [0x0000000000000000]
   java.lang.Thread.State: RUNNABLE
   Compiling:    2       3       java.lang.Byte::toUnsignedInt (6 bytes)

"VM Thread" os_prio=0 cpu=3.20ms elapsed=0.02s tid=0x0000154ee4132cb0 nid=469937 runnable  

"VM Periodic Task Thread" os_prio=0 cpu=0.06ms elapsed=0.03s tid=0x0000154ee410ade0 nid=469935 runnable  

"RuntimeWorker#5" os_prio=0 cpu=0.03ms elapsed=0.04s tid=0x0000154ee40ef710 nid=469934 runnable  

"RuntimeWorker#4" os_prio=0 cpu=0.03ms elapsed=0.04s tid=0x0000154ee40ee120 nid=469933 runnable  

"RuntimeWorker#3" os_prio=0 cpu=0.03ms elapsed=0.04s tid=0x0000154ee40ecb30 nid=469932 runnable  

"RuntimeWorker#2" os_prio=0 cpu=0.03ms elapsed=0.04s tid=0x0000154ee40eb540 nid=469931 runnable  

"RuntimeWorker#1" os_prio=0 cpu=0.03ms elapsed=0.04s tid=0x0000154ee40e9f50 nid=469930 runnable  

"RuntimeWorker#0" os_prio=0 cpu=0.03ms elapsed=0.04s tid=0x0000154ee40e8960 nid=469929 runnable  

"ZStat" os_prio=0 cpu=0.15ms elapsed=0.04s tid=0x0000154ee40e7220 nid=469928 runnable  

"ZDirector" os_prio=0 cpu=0.05ms elapsed=0.04s tid=0x0000154ee40e5be0 nid=469927 runnable  

"ZDriverMajor" os_prio=0 cpu=0.06ms elapsed=0.04s tid=0x0000154ee40e4210 nid=469926 runnable  

"ZDriverMinor" os_prio=0 cpu=0.13ms elapsed=0.04s tid=0x0000154ee40e28b0 nid=469925 runnable  

"ZWorkerYoung#2" os_prio=0 cpu=0.03ms elapsed=32.70s tid=0x0000154ee40e1160 nid=454390 runnable  

"ZWorkerYoung#1" os_prio=0 cpu=0.03ms elapsed=32.70s tid=0x0000154ee40dfb70 nid=454389 runnable  

"ZWorkerYoung#0" os_prio=0 cpu=0.03ms elapsed=32.70s tid=0x0000154ee40de580 nid=454388 runnable  

"ZWorkerOld#2" os_prio=0 cpu=0.03ms elapsed=32.70s tid=0x0000154ee40dce90 nid=454387 runnable  

"ZWorkerOld#1" os_prio=0 cpu=0.04ms elapsed=32.70s tid=0x0000154ee40db8a0 nid=454386 runnable  

"ZWorkerOld#0" os_prio=0 cpu=0.04ms elapsed=32.70s tid=0x0000154ee40da720 nid=454385 runnable  

"ZUncommitter#0" os_prio=0 cpu=0.09ms elapsed=32.70s tid=0x0000154ee40d4250 nid=454384 runnable  

JNI global refs: 6, weak refs: 0

Heap
 ZHeap           used 2M, capacity 135168M, max capacity 135168M
  Cache          135166M (1)
   size classes  16G (1)
 Metaspace       used 2848K, committed 2944K, reserved 1114112K
  class space    used 204K, committed 256K, reserved 1048576K

2026-04-18 10:33:01
Full thread dump OpenJDK 64-Bit Server VM (27-internal-adhoc.fredrha.SimplifyingWeakRefs mixed mode)
                 JDK version: OpenJDK Runtime Environment (27.0) (build 27-internal-adhoc.fredrha.SimplifyingWeakRefs)

Threads class SMR info:
_java_thread_list=0x0000154ee41a5ae0, length=8, elements={
0x0000154ee40ba7c0, 0x0000154ee4197880, 0x0000154ee4199690, 0x0000154ee419b810,
0x0000154ee419d680, 0x0000154ee419f4e0, 0x0000154ee41a1d20, 0x0000154ee41a3d30
}

"main" #3 [454383] prio=5 os_prio=0 cpu=32581.14ms elapsed=32.70s tid=0x0000154ee40ba7c0 nid=454383 runnable  [0x0000154ee8527000]
   java.lang.Thread.State: RUNNABLE
	at java.lang.invoke.MethodHandleStatics.<clinit>(java.base/MethodHandleStatics.java:101)
	at java.lang.invoke.MethodHandle.<clinit>(java.base/MethodHandle.java:1906)

"Reference Handler" #23 [469938] daemon prio=10 os_prio=0 cpu=0.13ms elapsed=0.01s tid=0x0000154ee4197880 nid=469938 waiting on condition  [0x0000154ed09a9000]
   java.lang.Thread.State: RUNNABLE
	at java.lang.ref.Reference.waitForReferencePendingList(java.base/Native Method)
	at java.lang.ref.Reference.processPendingReferences(java.base/Reference.java:240)
	at java.lang.ref.Reference$ReferenceHandler.run(java.base/Reference.java:202)

"Finalizer" #24 [469939] daemon prio=8 os_prio=0 cpu=0.12ms elapsed=0.01s tid=0x0000154ee4199690 nid=469939 in Object.wait()  [0x0000154ed08a8000]
   java.lang.Thread.State: WAITING (on object monitor)
	at java.lang.Object.wait0(java.base/Native Method)
	- waiting on <0x000004000000f8a8> (a java.lang.Object)
	at java.lang.Object.wait(java.base/Object.java:391)
	at java.lang.Object.wait(java.base/Object.java:353)
	at java.lang.ref.ReferenceQueue.remove0(java.base/ReferenceQueue.java:136)
	at java.lang.ref.ReferenceQueue.remove(java.base/ReferenceQueue.java:214)
	- locked <0x000004000000f8a8> (a java.lang.Object)
	at java.lang.ref.Finalizer$FinalizerThread.run(java.base/Finalizer.java:165)

"Signal Dispatcher" #25 [469940] daemon prio=9 os_prio=0 cpu=0.38ms elapsed=0.01s tid=0x0000154ee419b810 nid=469940 waiting on condition  [0x0000000000000000]
   java.lang.Thread.State: RUNNABLE

"Service Thread" #26 [469941] daemon prio=9 os_prio=0 cpu=0.11ms elapsed=0.01s tid=0x0000154ee419d680 nid=469941 runnable  [0x0000000000000000]
   java.lang.Thread.State: RUNNABLE

"Monitor Deflation Thread" #27 [469942] daemon prio=9 os_prio=0 cpu=0.09ms elapsed=0.01s tid=0x0000154ee419f4e0 nid=469942 runnable  [0x0000000000000000]
   java.lang.Thread.State: RUNNABLE

"C2 CompilerThread0" #28 [469943] daemon prio=9 os_prio=0 cpu=3.31ms elapsed=0.01s tid=0x0000154ee41a1d20 nid=469943 waiting on condition  [0x0000000000000000]
   java.lang.Thread.State: RUNNABLE
   No compile task

"C1 CompilerThread0" #31 [469944] daemon prio=9 os_prio=0 cpu=0.80ms elapsed=0.01s tid=0x0000154ee41a3d30 nid=469944 waiting on condition  [0x0000000000000000]
   java.lang.Thread.State: RUNNABLE
   No compile task

"VM Thread" os_prio=0 cpu=3.64ms elapsed=0.02s tid=0x0000154ee4132cb0 nid=469937 runnable  

"VM Periodic Task Thread" os_prio=0 cpu=0.06ms elapsed=0.04s tid=0x0000154ee410ade0 nid=469935 runnable  

"RuntimeWorker#5" os_prio=0 cpu=0.03ms elapsed=0.04s tid=0x0000154ee40ef710 nid=469934 runnable  

"RuntimeWorker#4" os_prio=0 cpu=0.03ms elapsed=0.04s tid=0x0000154ee40ee120 nid=469933 runnable  

"RuntimeWorker#3" os_prio=0 cpu=0.03ms elapsed=0.04s tid=0x0000154ee40ecb30 nid=469932 runnable  

"RuntimeWorker#2" os_prio=0 cpu=0.03ms elapsed=0.04s tid=0x0000154ee40eb540 nid=469931 runnable  

"RuntimeWorker#1" os_prio=0 cpu=0.03ms elapsed=0.04s tid=0x0000154ee40e9f50 nid=469930 runnable  

"RuntimeWorker#0" os_prio=0 cpu=0.03ms elapsed=0.04s tid=0x0000154ee40e8960 nid=469929 runnable  

"ZStat" os_prio=0 cpu=0.15ms elapsed=0.04s tid=0x0000154ee40e7220 nid=469928 runnable  

"ZDirector" os_prio=0 cpu=0.05ms elapsed=0.04s tid=0x0000154ee40e5be0 nid=469927 runnable  

"ZDriverMajor" os_prio=0 cpu=0.06ms elapsed=0.04s tid=0x0000154ee40e4210 nid=469926 runnable  

"ZDriverMinor" os_prio=0 cpu=0.13ms elapsed=0.04s tid=0x0000154ee40e28b0 nid=469925 runnable  

"ZWorkerYoung#2" os_prio=0 cpu=0.03ms elapsed=32.70s tid=0x0000154ee40e1160 nid=454390 runnable  

"ZWorkerYoung#1" os_prio=0 cpu=0.03ms elapsed=32.70s tid=0x0000154ee40dfb70 nid=454389 runnable  

"ZWorkerYoung#0" os_prio=0 cpu=0.03ms elapsed=32.70s tid=0x0000154ee40de580 nid=454388 runnable  

"ZWorkerOld#2" os_prio=0 cpu=0.03ms elapsed=32.70s tid=0x0000154ee40dce90 nid=454387 runnable  

"ZWorkerOld#1" os_prio=0 cpu=0.04ms elapsed=32.70s tid=0x0000154ee40db8a0 nid=454386 runnable  

"ZWorkerOld#0" os_prio=0 cpu=0.04ms elapsed=32.70s tid=0x0000154ee40da720 nid=454385 runnable  

"ZUncommitter#0" os_prio=0 cpu=0.09ms elapsed=32.70s tid=0x0000154ee40d4250 nid=454384 runnable  

JNI global refs: 6, weak refs: 0

Heap
 ZHeap           used 2M, capacity 135168M, max capacity 135168M
  Cache          135166M (1)
   size classes  16G (1)
 Metaspace       used 2875K, committed 2944K, reserved 1114112K
  class space    used 205K, committed 256K, reserved 1048576K

2026-04-18 10:33:01
Full thread dump OpenJDK 64-Bit Server VM (27-internal-adhoc.fredrha.SimplifyingWeakRefs mixed mode)
                 JDK version: OpenJDK Runtime Environment (27.0) (build 27-internal-adhoc.fredrha.SimplifyingWeakRefs)

Threads class SMR info:
_java_thread_list=0x0000154ee41a5ae0, length=8, elements={
0x0000154ee40ba7c0, 0x0000154ee4197880, 0x0000154ee4199690, 0x0000154ee419b810,
0x0000154ee419d680, 0x0000154ee419f4e0, 0x0000154ee41a1d20, 0x0000154ee41a3d30
}

"main" #3 [454383] prio=5 os_prio=0 cpu=32581.31ms elapsed=32.71s tid=0x0000154ee40ba7c0 nid=454383 runnable  [0x0000154ee8527000]
   java.lang.Thread.State: RUNNABLE
	at java.lang.Character.valueOf(java.base/Character.java:9464)
	at jdk.internal.util.ClassFileDumper.<clinit>(java.base/ClassFileDumper.java:165)
	at java.lang.invoke.MethodHandleStatics.<clinit>(java.base/MethodHandleStatics.java:101)
	at java.lang.invoke.MethodHandle.<clinit>(java.base/MethodHandle.java:1906)

"Reference Handler" #23 [469938] daemon prio=10 os_prio=0 cpu=0.13ms elapsed=0.01s tid=0x0000154ee4197880 nid=469938 waiting on condition  [0x0000154ed09a9000]
   java.lang.Thread.State: RUNNABLE
	at java.lang.ref.Reference.waitForReferencePendingList(java.base/Native Method)
	at java.lang.ref.Reference.processPendingReferences(java.base/Reference.java:240)
	at java.lang.ref.Reference$ReferenceHandler.run(java.base/Reference.java:202)

"Finalizer" #24 [469939] daemon prio=8 os_prio=0 cpu=0.12ms elapsed=0.01s tid=0x0000154ee4199690 nid=469939 in Object.wait()  [0x0000154ed08a8000]
   java.lang.Thread.State: WAITING (on object monitor)
	at java.lang.Object.wait0(java.base/Native Method)
	- waiting on <0x000004000000f8a8> (a java.lang.Object)
	at java.lang.Object.wait(java.base/Object.java:391)
	at java.lang.Object.wait(java.base/Object.java:353)
	at java.lang.ref.ReferenceQueue.remove0(java.base/ReferenceQueue.java:136)
	at java.lang.ref.ReferenceQueue.remove(java.base/ReferenceQueue.java:214)
	- locked <0x000004000000f8a8> (a java.lang.Object)
	at java.lang.ref.Finalizer$FinalizerThread.run(java.base/Finalizer.java:165)

"Signal Dispatcher" #25 [469940] daemon prio=9 os_prio=0 cpu=0.42ms elapsed=0.01s tid=0x0000154ee419b810 nid=469940 waiting on condition  [0x0000000000000000]
   java.lang.Thread.State: RUNNABLE

"Service Thread" #26 [469941] daemon prio=9 os_prio=0 cpu=0.11ms elapsed=0.01s tid=0x0000154ee419d680 nid=469941 runnable  [0x0000000000000000]
   java.lang.Thread.State: RUNNABLE

"Monitor Deflation Thread" #27 [469942] daemon prio=9 os_prio=0 cpu=0.09ms elapsed=0.01s tid=0x0000154ee419f4e0 nid=469942 runnable  [0x0000000000000000]
   java.lang.Thread.State: RUNNABLE

"C2 CompilerThread0" #28 [469943] daemon prio=9 os_prio=0 cpu=3.31ms elapsed=0.01s tid=0x0000154ee41a1d20 nid=469943 waiting on condition  [0x0000000000000000]
   java.lang.Thread.State: RUNNABLE
   No compile task

"C1 CompilerThread0" #31 [469944] daemon prio=9 os_prio=0 cpu=0.80ms elapsed=0.01s tid=0x0000154ee41a3d30 nid=469944 waiting on condition  [0x0000000000000000]
   java.lang.Thread.State: RUNNABLE
   No compile task

"VM Thread" os_prio=0 cpu=4.09ms elapsed=0.02s tid=0x0000154ee4132cb0 nid=469937 runnable  

"VM Periodic Task Thread" os_prio=0 cpu=0.06ms elapsed=0.04s tid=0x0000154ee410ade0 nid=469935 runnable  

"RuntimeWorker#5" os_prio=0 cpu=0.03ms elapsed=0.04s tid=0x0000154ee40ef710 nid=469934 runnable  

"RuntimeWorker#4" os_prio=0 cpu=0.03ms elapsed=0.04s tid=0x0000154ee40ee120 nid=469933 runnable  

"RuntimeWorker#3" os_prio=0 cpu=0.03ms elapsed=0.04s tid=0x0000154ee40ecb30 nid=469932 runnable  

"RuntimeWorker#2" os_prio=0 cpu=0.03ms elapsed=0.04s tid=0x0000154ee40eb540 nid=469931 runnable  

"RuntimeWorker#1" os_prio=0 cpu=0.03ms elapsed=0.04s tid=0x0000154ee40e9f50 nid=469930 runnable  

"RuntimeWorker#0" os_prio=0 cpu=0.03ms elapsed=0.04s tid=0x0000154ee40e8960 nid=469929 runnable  

"ZStat" os_prio=0 cpu=0.15ms elapsed=0.04s tid=0x0000154ee40e7220 nid=469928 runnable  

"ZDirector" os_prio=0 cpu=0.05ms elapsed=0.04s tid=0x0000154ee40e5be0 nid=469927 runnable  

"ZDriverMajor" os_prio=0 cpu=0.06ms elapsed=0.04s tid=0x0000154ee40e4210 nid=469926 runnable  

"ZDriverMinor" os_prio=0 cpu=0.13ms elapsed=0.04s tid=0x0000154ee40e28b0 nid=469925 runnable  

"ZWorkerYoung#2" os_prio=0 cpu=0.03ms elapsed=32.70s tid=0x0000154ee40e1160 nid=454390 runnable  

"ZWorkerYoung#1" os_prio=0 cpu=0.03ms elapsed=32.70s tid=0x0000154ee40dfb70 nid=454389 runnable  

"ZWorkerYoung#0" os_prio=0 cpu=0.03ms elapsed=32.70s tid=0x0000154ee40de580 nid=454388 runnable  

"ZWorkerOld#2" os_prio=0 cpu=0.03ms elapsed=32.70s tid=0x0000154ee40dce90 nid=454387 runnable  

"ZWorkerOld#1" os_prio=0 cpu=0.04ms elapsed=32.70s tid=0x0000154ee40db8a0 nid=454386 runnable  

"ZWorkerOld#0" os_prio=0 cpu=0.04ms elapsed=32.70s tid=0x0000154ee40da720 nid=454385 runnable  

"ZUncommitter#0" os_prio=0 cpu=0.09ms elapsed=32.70s tid=0x0000154ee40d4250 nid=454384 runnable  

JNI global refs: 6, weak refs: 0

Heap
 ZHeap           used 2M, capacity 135168M, max capacity 135168M
  Cache          135166M (1)
   size classes  16G (1)
 Metaspace       used 2878K, committed 2944K, reserved 1114112K
  class space    used 206K, committed 256K, reserved 1048576K

2026-04-18 10:33:01
Full thread dump OpenJDK 64-Bit Server VM (27-internal-adhoc.fredrha.SimplifyingWeakRefs mixed mode)
                 JDK version: OpenJDK Runtime Environment (27.0) (build 27-internal-adhoc.fredrha.SimplifyingWeakRefs)

Threads class SMR info:
_java_thread_list=0x0000154ee41a5ae0, length=8, elements={
0x0000154ee40ba7c0, 0x0000154ee4197880, 0x0000154ee4199690, 0x0000154ee419b810,
0x0000154ee419d680, 0x0000154ee419f4e0, 0x0000154ee41a1d20, 0x0000154ee41a3d30
}

"main" #3 [454383] prio=5 os_prio=0 cpu=32581.44ms elapsed=32.71s tid=0x0000154ee40ba7c0 nid=454383 runnable  [0x0000154ee8527000]
   java.lang.Thread.State: RUNNABLE
	at jdk.internal.util.ClassFileDumper.<init>(java.base/ClassFileDumper.java:77)
	at jdk.internal.util.ClassFileDumper.getInstance(java.base/ClassFileDumper.java:63)
	at java.lang.invoke.MethodHandleStatics.<clinit>(java.base/MethodHandleStatics.java:101)
	at java.lang.invoke.MethodHandle.<clinit>(java.base/MethodHandle.java:1906)

"Reference Handler" #23 [469938] daemon prio=10 os_prio=0 cpu=0.13ms elapsed=0.01s tid=0x0000154ee4197880 nid=469938 waiting on condition  [0x0000154ed09a9000]
   java.lang.Thread.State: RUNNABLE
	at java.lang.ref.Reference.waitForReferencePendingList(java.base/Native Method)
	at java.lang.ref.Reference.processPendingReferences(java.base/Reference.java:240)
	at java.lang.ref.Reference$ReferenceHandler.run(java.base/Reference.java:202)

"Finalizer" #24 [469939] daemon prio=8 os_prio=0 cpu=0.12ms elapsed=0.01s tid=0x0000154ee4199690 nid=469939 in Object.wait()  [0x0000154ed08a8000]
   java.lang.Thread.State: WAITING (on object monitor)
	at java.lang.Object.wait0(java.base/Native Method)
	- waiting on <0x000004000000f8a8> (a java.lang.Object)
	at java.lang.Object.wait(java.base/Object.java:391)
	at java.lang.Object.wait(java.base/Object.java:353)
	at java.lang.ref.ReferenceQueue.remove0(java.base/ReferenceQueue.java:136)
	at java.lang.ref.ReferenceQueue.remove(java.base/ReferenceQueue.java:214)
	- locked <0x000004000000f8a8> (a java.lang.Object)
	at java.lang.ref.Finalizer$FinalizerThread.run(java.base/Finalizer.java:165)

"Signal Dispatcher" #25 [469940] daemon prio=9 os_prio=0 cpu=0.46ms elapsed=0.01s tid=0x0000154ee419b810 nid=469940 waiting on condition  [0x0000000000000000]
   java.lang.Thread.State: RUNNABLE

"Service Thread" #26 [469941] daemon prio=9 os_prio=0 cpu=0.11ms elapsed=0.01s tid=0x0000154ee419d680 nid=469941 runnable  [0x0000000000000000]
   java.lang.Thread.State: RUNNABLE

"Monitor Deflation Thread" #27 [469942] daemon prio=9 os_prio=0 cpu=0.09ms elapsed=0.01s tid=0x0000154ee419f4e0 nid=469942 runnable  [0x0000000000000000]
   java.lang.Thread.State: RUNNABLE

"C2 CompilerThread0" #28 [469943] daemon prio=9 os_prio=0 cpu=3.31ms elapsed=0.01s tid=0x0000154ee41a1d20 nid=469943 waiting on condition  [0x0000000000000000]
   java.lang.Thread.State: RUNNABLE
   No compile task

"C1 CompilerThread0" #31 [469944] daemon prio=9 os_prio=0 cpu=0.80ms elapsed=0.01s tid=0x0000154ee41a3d30 nid=469944 waiting on condition  [0x0000000000000000]
   java.lang.Thread.State: RUNNABLE
   No compile task

"VM Thread" os_prio=0 cpu=4.53ms elapsed=0.02s tid=0x0000154ee4132cb0 nid=469937 runnable  

"VM Periodic Task Thread" os_prio=0 cpu=0.06ms elapsed=0.04s tid=0x0000154ee410ade0 nid=469935 runnable  

"RuntimeWorker#5" os_prio=0 cpu=0.03ms elapsed=0.04s tid=0x0000154ee40ef710 nid=469934 runnable  

"RuntimeWorker#4" os_prio=0 cpu=0.03ms elapsed=0.04s tid=0x0000154ee40ee120 nid=469933 runnable  

"RuntimeWorker#3" os_prio=0 cpu=0.03ms elapsed=0.04s tid=0x0000154ee40ecb30 nid=469932 runnable  

"RuntimeWorker#2" os_prio=0 cpu=0.03ms elapsed=0.04s tid=0x0000154ee40eb540 nid=469931 runnable  

"RuntimeWorker#1" os_prio=0 cpu=0.03ms elapsed=0.04s tid=0x0000154ee40e9f50 nid=469930 runnable  

"RuntimeWorker#0" os_prio=0 cpu=0.03ms elapsed=0.04s tid=0x0000154ee40e8960 nid=469929 runnable  

"ZStat" os_prio=0 cpu=0.15ms elapsed=0.04s tid=0x0000154ee40e7220 nid=469928 runnable  

"ZDirector" os_prio=0 cpu=0.06ms elapsed=0.04s tid=0x0000154ee40e5be0 nid=469927 runnable  

"ZDriverMajor" os_prio=0 cpu=0.06ms elapsed=0.04s tid=0x0000154ee40e4210 nid=469926 runnable  

"ZDriverMinor" os_prio=0 cpu=0.13ms elapsed=0.04s tid=0x0000154ee40e28b0 nid=469925 runnable  

"ZWorkerYoung#2" os_prio=0 cpu=0.03ms elapsed=32.70s tid=0x0000154ee40e1160 nid=454390 runnable  

"ZWorkerYoung#1" os_prio=0 cpu=0.03ms elapsed=32.70s tid=0x0000154ee40dfb70 nid=454389 runnable  

"ZWorkerYoung#0" os_prio=0 cpu=0.03ms elapsed=32.70s tid=0x0000154ee40de580 nid=454388 runnable  

"ZWorkerOld#2" os_prio=0 cpu=0.03ms elapsed=32.70s tid=0x0000154ee40dce90 nid=454387 runnable  

"ZWorkerOld#1" os_prio=0 cpu=0.04ms elapsed=32.70s tid=0x0000154ee40db8a0 nid=454386 runnable  

"ZWorkerOld#0" os_prio=0 cpu=0.04ms elapsed=32.70s tid=0x0000154ee40da720 nid=454385 runnable  

"ZUncommitter#0" os_prio=0 cpu=0.09ms elapsed=32.71s tid=0x0000154ee40d4250 nid=454384 runnable  

JNI global refs: 6, weak refs: 0

Heap
 ZHeap           used 2M, capacity 135168M, max capacity 135168M
  Cache          135166M (1)
   size classes  16G (1)
 Metaspace       used 2890K, committed 2944K, reserved 1114112K
  class space    used 207K, committed 256K, reserved 1048576K

2026-04-18 10:33:01
Full thread dump OpenJDK 64-Bit Server VM (27-internal-adhoc.fredrha.SimplifyingWeakRefs mixed mode)
                 JDK version: OpenJDK Runtime Environment (27.0) (build 27-internal-adhoc.fredrha.SimplifyingWeakRefs)

Threads class SMR info:
_java_thread_list=0x0000154ee41a5ae0, length=8, elements={
0x0000154ee40ba7c0, 0x0000154ee4197880, 0x0000154ee4199690, 0x0000154ee419b810,
0x0000154ee419d680, 0x0000154ee419f4e0, 0x0000154ee41a1d20, 0x0000154ee41a3d30
}

"main" #3 [454383] prio=5 os_prio=0 cpu=32581.53ms elapsed=32.71s tid=0x0000154ee40ba7c0 nid=454383 runnable  [0x0000000000000000]
   java.lang.Thread.State: RUNNABLE

"Reference Handler" #23 [469938] daemon prio=10 os_prio=0 cpu=0.13ms elapsed=0.01s tid=0x0000154ee4197880 nid=469938 waiting on condition  [0x0000154ed09a9000]
   java.lang.Thread.State: RUNNABLE
	at java.lang.ref.Reference.waitForReferencePendingList(java.base/Native Method)
	at java.lang.ref.Reference.processPendingReferences(java.base/Reference.java:240)
	at java.lang.ref.Reference$ReferenceHandler.run(java.base/Reference.java:202)

"Finalizer" #24 [469939] daemon prio=8 os_prio=0 cpu=0.12ms elapsed=0.01s tid=0x0000154ee4199690 nid=469939 in Object.wait()  [0x0000154ed08a8000]
   java.lang.Thread.State: WAITING (on object monitor)
	at java.lang.Object.wait0(java.base/Native Method)
	- waiting on <0x000004000000f8a8> (a java.lang.Object)
	at java.lang.Object.wait(java.base/Object.java:391)
	at java.lang.Object.wait(java.base/Object.java:353)
	at java.lang.ref.ReferenceQueue.remove0(java.base/ReferenceQueue.java:136)
	at java.lang.ref.ReferenceQueue.remove(java.base/ReferenceQueue.java:214)
	- locked <0x000004000000f8a8> (a java.lang.Object)
	at java.lang.ref.Finalizer$FinalizerThread.run(java.base/Finalizer.java:165)

"Signal Dispatcher" #25 [469940] daemon prio=9 os_prio=0 cpu=0.50ms elapsed=0.01s tid=0x0000154ee419b810 nid=469940 waiting on condition  [0x0000000000000000]
   java.lang.Thread.State: RUNNABLE

"Service Thread" #26 [469941] daemon prio=9 os_prio=0 cpu=0.11ms elapsed=0.01s tid=0x0000154ee419d680 nid=469941 runnable  [0x0000000000000000]
   java.lang.Thread.State: RUNNABLE

"Monitor Deflation Thread" #27 [469942] daemon prio=9 os_prio=0 cpu=0.09ms elapsed=0.01s tid=0x0000154ee419f4e0 nid=469942 runnable  [0x0000000000000000]
   java.lang.Thread.State: RUNNABLE

"C2 CompilerThread0" #28 [469943] daemon prio=9 os_prio=0 cpu=3.31ms elapsed=0.01s tid=0x0000154ee41a1d20 nid=469943 waiting on condition  [0x0000000000000000]
   java.lang.Thread.State: RUNNABLE
   No compile task

"C1 CompilerThread0" #31 [469944] daemon prio=9 os_prio=0 cpu=0.80ms elapsed=0.01s tid=0x0000154ee41a3d30 nid=469944 waiting on condition  [0x0000000000000000]
   java.lang.Thread.State: RUNNABLE
   No compile task

"VM Thread" os_prio=0 cpu=4.96ms elapsed=0.02s tid=0x0000154ee4132cb0 nid=469937 runnable  

"VM Periodic Task Thread" os_prio=0 cpu=0.06ms elapsed=0.04s tid=0x0000154ee410ade0 nid=469935 runnable  

"RuntimeWorker#5" os_prio=0 cpu=0.03ms elapsed=0.04s tid=0x0000154ee40ef710 nid=469934 runnable  

"RuntimeWorker#4" os_prio=0 cpu=0.03ms elapsed=0.04s tid=0x0000154ee40ee120 nid=469933 runnable  

"RuntimeWorker#3" os_prio=0 cpu=0.03ms elapsed=0.04s tid=0x0000154ee40ecb30 nid=469932 runnable  

"RuntimeWorker#2" os_prio=0 cpu=0.03ms elapsed=0.04s tid=0x0000154ee40eb540 nid=469931 runnable  

"RuntimeWorker#1" os_prio=0 cpu=0.03ms elapsed=0.04s tid=0x0000154ee40e9f50 nid=469930 runnable  

"RuntimeWorker#0" os_prio=0 cpu=0.03ms elapsed=0.04s tid=0x0000154ee40e8960 nid=469929 runnable  

"ZStat" os_prio=0 cpu=0.15ms elapsed=0.04s tid=0x0000154ee40e7220 nid=469928 runnable  

"ZDirector" os_prio=0 cpu=0.06ms elapsed=0.04s tid=0x0000154ee40e5be0 nid=469927 runnable  

"ZDriverMajor" os_prio=0 cpu=0.06ms elapsed=0.04s tid=0x0000154ee40e4210 nid=469926 runnable  

"ZDriverMinor" os_prio=0 cpu=0.13ms elapsed=0.04s tid=0x0000154ee40e28b0 nid=469925 runnable  

"ZWorkerYoung#2" os_prio=0 cpu=0.03ms elapsed=32.70s tid=0x0000154ee40e1160 nid=454390 runnable  

"ZWorkerYoung#1" os_prio=0 cpu=0.03ms elapsed=32.71s tid=0x0000154ee40dfb70 nid=454389 runnable  

"ZWorkerYoung#0" os_prio=0 cpu=0.03ms elapsed=32.71s tid=0x0000154ee40de580 nid=454388 runnable  

"ZWorkerOld#2" os_prio=0 cpu=0.03ms elapsed=32.71s tid=0x0000154ee40dce90 nid=454387 runnable  

"ZWorkerOld#1" os_prio=0 cpu=0.04ms elapsed=32.71s tid=0x0000154ee40db8a0 nid=454386 runnable  

"ZWorkerOld#0" os_prio=0 cpu=0.04ms elapsed=32.71s tid=0x0000154ee40da720 nid=454385 runnable  

"ZUncommitter#0" os_prio=0 cpu=0.09ms elapsed=32.71s tid=0x0000154ee40d4250 nid=454384 runnable  

JNI global refs: 6, weak refs: 0

Heap
 ZHeap           used 2M, capacity 135168M, max capacity 135168M
  Cache          135166M (1)
   size classes  16G (1)
 Metaspace       used 2896K, committed 3008K, reserved 1114112K
  class space    used 207K, committed 256K, reserved 1048576K

2026-04-18 10:33:01
Full thread dump OpenJDK 64-Bit Server VM (27-internal-adhoc.fredrha.SimplifyingWeakRefs mixed mode)
                 JDK version: OpenJDK Runtime Environment (27.0) (build 27-internal-adhoc.fredrha.SimplifyingWeakRefs)

Threads class SMR info:
_java_thread_list=0x0000154ee41a5ae0, length=8, elements={
0x0000154ee40ba7c0, 0x0000154ee4197880, 0x0000154ee4199690, 0x0000154ee419b810,
0x0000154ee419d680, 0x0000154ee419f4e0, 0x0000154ee41a1d20, 0x0000154ee41a3d30
}

"main" #3 [454383] prio=5 os_prio=0 cpu=32581.84ms elapsed=32.71s tid=0x0000154ee40ba7c0 nid=454383 runnable  [0x0000154ee8528000]
   java.lang.Thread.State: RUNNABLE
	at java.lang.System.initPhase2(java.base/System.java:1932)

"Reference Handler" #23 [469938] daemon prio=10 os_prio=0 cpu=0.13ms elapsed=0.01s tid=0x0000154ee4197880 nid=469938 waiting on condition  [0x0000154ed09a9000]
   java.lang.Thread.State: RUNNABLE
	at java.lang.ref.Reference.waitForReferencePendingList(java.base/Native Method)
	at java.lang.ref.Reference.processPendingReferences(java.base/Reference.java:240)
	at java.lang.ref.Reference$ReferenceHandler.run(java.base/Reference.java:202)

"Finalizer" #24 [469939] daemon prio=8 os_prio=0 cpu=0.12ms elapsed=0.01s tid=0x0000154ee4199690 nid=469939 in Object.wait()  [0x0000154ed08a8000]
   java.lang.Thread.State: WAITING (on object monitor)
	at java.lang.Object.wait0(java.base/Native Method)
	- waiting on <0x000004000000f8a8> (a java.lang.Object)
	at java.lang.Object.wait(java.base/Object.java:391)
	at java.lang.Object.wait(java.base/Object.java:353)
	at java.lang.ref.ReferenceQueue.remove0(java.base/ReferenceQueue.java:136)
	at java.lang.ref.ReferenceQueue.remove(java.base/ReferenceQueue.java:214)
	- locked <0x000004000000f8a8> (a java.lang.Object)
	at java.lang.ref.Finalizer$FinalizerThread.run(java.base/Finalizer.java:165)

"Signal Dispatcher" #25 [469940] daemon prio=9 os_prio=0 cpu=0.53ms elapsed=0.01s tid=0x0000154ee419b810 nid=469940 waiting on condition  [0x0000000000000000]
   java.lang.Thread.State: RUNNABLE

"Service Thread" #26 [469941] daemon prio=9 os_prio=0 cpu=0.11ms elapsed=0.01s tid=0x0000154ee419d680 nid=469941 runnable  [0x0000000000000000]
   java.lang.Thread.State: RUNNABLE

"Monitor Deflation Thread" #27 [469942] daemon prio=9 os_prio=0 cpu=0.09ms elapsed=0.01s tid=0x0000154ee419f4e0 nid=469942 runnable  [0x0000000000000000]
   java.lang.Thread.State: RUNNABLE

"C2 CompilerThread0" #28 [469943] daemon prio=9 os_prio=0 cpu=3.31ms elapsed=0.01s tid=0x0000154ee41a1d20 nid=469943 waiting on condition  [0x0000000000000000]
   java.lang.Thread.State: RUNNABLE
   No compile task

"C1 CompilerThread0" #31 [469944] daemon prio=9 os_prio=0 cpu=0.80ms elapsed=0.01s tid=0x0000154ee41a3d30 nid=469944 waiting on condition  [0x0000000000000000]
   java.lang.Thread.State: RUNNABLE
   No compile task

"VM Thread" os_prio=0 cpu=5.40ms elapsed=0.02s tid=0x0000154ee4132cb0 nid=469937 runnable  

"VM Periodic Task Thread" os_prio=0 cpu=0.06ms elapsed=0.04s tid=0x0000154ee410ade0 nid=469935 runnable  

"RuntimeWorker#5" os_prio=0 cpu=0.03ms elapsed=0.04s tid=0x0000154ee40ef710 nid=469934 runnable  

"RuntimeWorker#4" os_prio=0 cpu=0.03ms elapsed=0.04s tid=0x0000154ee40ee120 nid=469933 runnable  

"RuntimeWorker#3" os_prio=0 cpu=0.03ms elapsed=0.04s tid=0x0000154ee40ecb30 nid=469932 runnable  

"RuntimeWorker#2" os_prio=0 cpu=0.03ms elapsed=0.04s tid=0x0000154ee40eb540 nid=469931 runnable  

"RuntimeWorker#1" os_prio=0 cpu=0.03ms elapsed=0.04s tid=0x0000154ee40e9f50 nid=469930 runnable  

"RuntimeWorker#0" os_prio=0 cpu=0.03ms elapsed=0.04s tid=0x0000154ee40e8960 nid=469929 runnable  

"ZStat" os_prio=0 cpu=0.15ms elapsed=0.04s tid=0x0000154ee40e7220 nid=469928 runnable  

"ZDirector" os_prio=0 cpu=0.06ms elapsed=0.04s tid=0x0000154ee40e5be0 nid=469927 runnable  

"ZDriverMajor" os_prio=0 cpu=0.06ms elapsed=0.04s tid=0x0000154ee40e4210 nid=469926 runnable  

"ZDriverMinor" os_prio=0 cpu=0.13ms elapsed=0.04s tid=0x0000154ee40e28b0 nid=469925 runnable  

"ZWorkerYoung#2" os_prio=0 cpu=0.03ms elapsed=32.71s tid=0x0000154ee40e1160 nid=454390 runnable  

"ZWorkerYoung#1" os_prio=0 cpu=0.03ms elapsed=32.71s tid=0x0000154ee40dfb70 nid=454389 runnable  

"ZWorkerYoung#0" os_prio=0 cpu=0.03ms elapsed=32.71s tid=0x0000154ee40de580 nid=454388 runnable  

"ZWorkerOld#2" os_prio=0 cpu=0.03ms elapsed=32.71s tid=0x0000154ee40dce90 nid=454387 runnable  

"ZWorkerOld#1" os_prio=0 cpu=0.04ms elapsed=32.71s tid=0x0000154ee40db8a0 nid=454386 runnable  

"ZWorkerOld#0" os_prio=0 cpu=0.04ms elapsed=32.71s tid=0x0000154ee40da720 nid=454385 runnable  

"ZUncommitter#0" os_prio=0 cpu=0.09ms elapsed=32.71s tid=0x0000154ee40d4250 nid=454384 runnable  

JNI global refs: 6, weak refs: 0

Heap
 ZHeap           used 2M, capacity 135168M, max capacity 135168M
  Cache          135166M (1)
   size classes  16G (1)
 Metaspace       used 2947K, committed 3008K, reserved 1114112K
  class space    used 208K, committed 256K, reserved 1048576K

WeakRefSingleObjectBenchmark: weakRefCount=1100000000 sleepMillis=500
Phase 1: Allocating the single target object...
Phase 2: Allocating 1100000000 WeakReferences in random order...
[74.235s][info   ][gc,ref] GC(0) O:                       Encountered   Discovered     Enqueued 
[74.235s][info   ][gc,ref] GC(0) O: Soft References:              238            0            0 
[74.235s][info   ][gc,ref] GC(0) O: Weak References:         11771013            0            0 
[74.235s][info   ][gc,ref] GC(0) O: Final References:               0            0            0 
[74.235s][info   ][gc,ref] GC(0) O: Phantom References:             1            0            0 
Allocated 1100000000 weak ref holders in 140.80 seconds
Phase 3: Sleeping for 500 ms (strong ref still held)...
Phase 4: Releasing the strong reference to the target object...
Phase 5: Triggering GC...
[451.675s][info   ][gc,ref] GC(1) O:                       Encountered   Discovered     Enqueued 
[451.675s][info   ][gc,ref] GC(1) O: Soft References:              238            0            0 
[451.675s][info   ][gc,ref] GC(1) O: Weak References:        210157282            0            0 
[451.675s][info   ][gc,ref] GC(1) O: Final References:               0            0            0 
[451.675s][info   ][gc,ref] GC(1) O: Phantom References:             1            0            0 
[1025.140s][info   ][gc,ref] GC(3) O:                       Encountered   Discovered     Enqueued 
[1025.140s][info   ][gc,ref] GC(3) O: Soft References:              238            0            0 
[1025.140s][info   ][gc,ref] GC(3) O: Weak References:       1100001333   1100000828   1100000330 
[1025.140s][info   ][gc,ref] GC(3) O: Final References:               0            0            0 
[1025.140s][info   ][gc,ref] GC(3) O: Phantom References:             1            1            0 
Phase 6: Checking results...
Alive weak references after GC: 0 / 1100000000
[1179.782s][info   ][gc,stats] === Garbage Collection Statistics =======================================================================================================================
[1179.782s][info   ][gc,stats]                                                              Last 10s              Last 10m              Last 10h                Total
[1179.782s][info   ][gc,stats]                                                              Avg / Max             Avg / Max             Avg / Max             Avg / Max
[1179.782s][info   ][gc,stats]        Contention: Mark Segment Reset Contention                     0 / 0                 0 / 1                 0 / 7                 0 / 7           ops/s
[1179.782s][info   ][gc,stats]        Contention: Mark SeqNum Reset Contention                      0 / 0                 0 / 2                 0 / 5                 0 / 5           ops/s
[1179.782s][info   ][gc,stats]          Critical: Allocation Stall                                  0 / 0                 0 / 0                 0 / 0                 0 / 0           ops/s
[1179.782s][info   ][gc,stats]          Critical: Allocation Stall                              0.000 / 0.000         0.000 / 0.000         0.000 / 0.000         0.000 / 0.000       ms
[1179.782s][info   ][gc,stats]          Critical: JNI Critical Stall                                0 / 0                 0 / 0                 0 / 0                 0 / 0           ops/s
[1179.782s][info   ][gc,stats]          Critical: JNI Critical Stall                            0.000 / 0.000         0.000 / 0.000         0.000 / 0.000         0.000 / 0.000       ms
[1179.782s][info   ][gc,stats]          Critical: Relocation Stall                                  0 / 0                 0 / 0                 0 / 0                 0 / 0           ops/s
[1179.782s][info   ][gc,stats]          Critical: Relocation Stall                              0.000 / 0.000         0.000 / 0.000         0.000 / 0.000         0.000 / 0.000       ms
[1179.782s][info   ][gc,stats]  Major Collection: Major Collection                              0.000 / 0.000     573464.682 / 573464.682 314383.280 / 573464.682 314383.280 / 573464.682   ms
[1179.782s][info   ][gc,stats]            Memory: Allocation Rate                                   0 / 0                 0 / 4                76 / 8420             76 / 8420        MB/s
[1179.782s][info   ][gc,stats]            Memory: Defragment                                        0 / 0                 0 / 0                 0 / 0                 0 / 0           ops/s
[1179.782s][info   ][gc,stats]            Memory: Mapped Cache Harvest                              0 / 0                 0 / 0                 0 / 0                 0 / 0           MB/s
[1179.782s][info   ][gc,stats]            Memory: Out Of Memory                                     0 / 0                 0 / 0                 0 / 0                 0 / 0           ops/s
[1179.782s][info   ][gc,stats]            Memory: Uncommit                                          0 / 0                 0 / 0                 0 / 0                 0 / 0           MB/s
[1179.782s][info   ][gc,stats]            Memory: Undo Object Allocation Failed                     0 / 0                 0 / 0                 0 / 0                 0 / 0           ops/s
[1179.782s][info   ][gc,stats]            Memory: Undo Object Allocation Succeeded                  0 / 0                 0 / 0                 0 / 0                 0 / 0           ops/s
[1179.782s][info   ][gc,stats]            Memory: Undo Page Allocation                              0 / 0                 0 / 0                 0 / 0                 0 / 0           ops/s
[1179.782s][info   ][gc,stats]  Minor Collection: Minor Collection                              0.000 / 0.000         0.000 / 0.000     246301.822 / 246301.822 246301.822 / 246301.822   ms
[1179.782s][info   ][gc,stats]    Old Generation: Old Generation                                0.000 / 0.000     315741.082 / 315741.082 188160.237 / 315741.082 188160.237 / 315741.082   ms
[1179.782s][info   ][gc,stats]         Old Pause: Pause Mark End                                0.000 / 0.000         0.015 / 0.015         0.011 / 0.015         0.011 / 0.015       ms
[1179.782s][info   ][gc,stats]         Old Pause: Pause Relocate Start                          0.000 / 0.000         0.014 / 0.014         0.012 / 0.015         0.012 / 0.015       ms
[1179.782s][info   ][gc,stats]         Old Phase: Concurrent Mark                               0.000 / 0.000     219116.673 / 219116.673 73039.074 / 219116.673 73039.074 / 219116.673   ms
[1179.782s][info   ][gc,stats]         Old Phase: Concurrent Mark Continue                      0.000 / 0.000         0.000 / 0.000         0.000 / 0.000         0.000 / 0.000       ms
[1179.782s][info   ][gc,stats]         Old Phase: Concurrent Mark Free                          0.000 / 0.000         0.003 / 0.003         0.001 / 0.003         0.001 / 0.003       ms
[1179.782s][info   ][gc,stats]         Old Phase: Concurrent Process Non-Strong                 0.000 / 0.000     94971.903 / 94971.903 31658.592 / 94971.903 31658.592 / 94971.903   ms
[1179.782s][info   ][gc,stats]         Old Phase: Concurrent Relocate                           0.000 / 0.000         2.076 / 2.076         0.740 / 2.076         0.740 / 2.076       ms
[1179.782s][info   ][gc,stats]         Old Phase: Concurrent Remap Roots                        0.000 / 0.000      1645.993 / 1645.993   1358.511 / 2428.974   1358.511 / 2428.974    ms
[1179.782s][info   ][gc,stats]         Old Phase: Concurrent Reset Relocation Set               0.000 / 0.000         0.000 / 0.000         0.000 / 0.000         0.000 / 0.000       ms
[1179.782s][info   ][gc,stats]         Old Phase: Concurrent Select Relocation Set              0.000 / 0.000         4.210 / 4.210         2.547 / 4.210         2.547 / 4.210       ms
[1179.782s][info   ][gc,stats]      Old Subphase: Concurrent Classes Purge                      0.000 / 0.000         0.014 / 0.014         0.105 / 0.300         0.105 / 0.300       ms
[1179.782s][info   ][gc,stats]      Old Subphase: Concurrent Classes Unlink                     0.000 / 0.000         0.754 / 0.754         1.299 / 1.897         1.299 / 1.897       ms
[1179.782s][info   ][gc,stats]      Old Subphase: Concurrent Mark Follow                        0.000 / 0.000     219116.564 / 219116.564 73038.948 / 219116.564 73038.948 / 219116.564   ms
[1179.782s][info   ][gc,stats]      Old Subphase: Concurrent Mark Root Colored                  0.000 / 0.000         0.050 / 0.102         0.041 / 0.102         0.041 / 0.102       ms
[1179.782s][info   ][gc,stats]      Old Subphase: Concurrent Mark Root Uncolored                0.000 / 0.000         0.022 / 0.040         0.034 / 0.115         0.034 / 0.115       ms
[1179.782s][info   ][gc,stats]      Old Subphase: Concurrent Mark Roots                         0.000 / 0.000         0.112 / 0.119         0.122 / 0.201         0.122 / 0.201       ms
[1179.782s][info   ][gc,stats]      Old Subphase: Concurrent References Enqueue                 0.000 / 0.000         0.006 / 0.006         0.002 / 0.006         0.002 / 0.006       ms
[1179.782s][info   ][gc,stats]      Old Subphase: Concurrent References Process                 0.000 / 0.000     94970.850 / 94970.850 31656.963 / 94970.850 31656.963 / 94970.850   ms
[1179.782s][info   ][gc,stats]      Old Subphase: Concurrent Remap Remembered                   0.000 / 0.000      1645.714 / 1645.751    818.839 / 2428.598    818.839 / 2428.598    ms
[1179.782s][info   ][gc,stats]      Old Subphase: Concurrent Remap Roots Colored                0.000 / 0.000         0.052 / 0.052         0.214 / 0.390         0.214 / 0.390       ms
[1179.782s][info   ][gc,stats]      Old Subphase: Concurrent Remap Roots Uncolored              0.000 / 0.000         0.144 / 0.144         0.143 / 0.160         0.143 / 0.160       ms
[1179.782s][info   ][gc,stats]      Old Subphase: Concurrent Roots ClassLoaderDataGraph         0.000 / 0.000         0.041 / 0.096         0.121 / 0.367         0.121 / 0.367       ms
[1179.782s][info   ][gc,stats]      Old Subphase: Concurrent Roots CodeCache                    0.000 / 0.000         0.142 / 0.143         0.141 / 0.159         0.141 / 0.159       ms
[1179.782s][info   ][gc,stats]      Old Subphase: Concurrent Roots JavaThreads                  0.000 / 0.000         0.013 / 0.040         0.014 / 0.115         0.014 / 0.115       ms
[1179.782s][info   ][gc,stats]      Old Subphase: Concurrent Roots OopStorageSet                0.000 / 0.000         0.004 / 0.014         0.004 / 0.014         0.004 / 0.014       ms
[1179.783s][info   ][gc,stats]      Old Subphase: Concurrent Weak Roots OopStorageSet           0.000 / 0.000         0.040 / 0.074         0.050 / 0.143         0.050 / 0.143       ms
[1179.783s][info   ][gc,stats]            System: Java Threads                                      0 / 0                11 / 11               11 / 11               11 / 11          threads
[1179.783s][info   ][gc,stats]  Young Generation: Young Generation                              0.000 / 0.000      9765.253 / 9765.253  43570.161 / 115306.314 43570.161 / 115306.314   ms
[1179.783s][info   ][gc,stats]  Young Generation: Young Generation                              0.000 / 0.000         0.000 / 0.000     246301.773 / 246301.773 246301.773 / 246301.773   ms
[1179.783s][info   ][gc,stats]  Young Generation: Young Generation (Collect Roots)              0.000 / 0.000     21827.996 / 21827.996 21827.996 / 21827.996 21827.996 / 21827.996   ms
[1179.783s][info   ][gc,stats]  Young Generation: Young Generation (Promote All)                0.000 / 0.000     235895.435 / 235895.435 235895.435 / 235895.435 235895.435 / 235895.435   ms
[1179.783s][info   ][gc,stats]       Young Pause: Pause Mark End                                0.000 / 0.000         0.014 / 0.015         0.014 / 0.015         0.014 / 0.015       ms
[1179.783s][info   ][gc,stats]       Young Pause: Pause Mark Start                              0.000 / 0.000         0.000 / 0.000         0.016 / 0.017         0.016 / 0.017       ms
[1179.783s][info   ][gc,stats]       Young Pause: Pause Mark Start (Major)                      0.000 / 0.000         0.020 / 0.024         0.025 / 0.033         0.025 / 0.033       ms
[1179.783s][info   ][gc,stats]       Young Pause: Pause Relocate Start                          0.000 / 0.000         0.008 / 0.015         0.010 / 0.016         0.010 / 0.016       ms
[1179.783s][info   ][gc,stats]       Young Phase: Concurrent Mark                               0.000 / 0.000     83113.869 / 217765.409 99326.155 / 242298.178 99326.155 / 242298.178   ms
[1179.783s][info   ][gc,stats]       Young Phase: Concurrent Mark Continue                      0.000 / 0.000         0.000 / 0.000         0.000 / 0.000         0.000 / 0.000       ms
[1179.783s][info   ][gc,stats]       Young Phase: Concurrent Mark Free                          0.000 / 0.000         0.002 / 0.003         0.004 / 0.011         0.004 / 0.011       ms
[1179.783s][info   ][gc,stats]       Young Phase: Concurrent Relocate                           0.000 / 0.000      3706.083 / 11118.168  4715.628 / 14712.234  4715.628 / 14712.234   ms
[1179.783s][info   ][gc,stats]       Young Phase: Concurrent Reset Relocation Set               0.000 / 0.000         4.658 / 11.746        2.354 / 11.746        2.354 / 11.746      ms
[1179.783s][info   ][gc,stats]       Young Phase: Concurrent Select Relocation Set              0.000 / 0.000      2337.833 / 7009.232   1744.750 / 7009.232   1744.750 / 7009.232    ms
[1179.783s][info   ][gc,stats]    Young Subphase: Concurrent Mark Follow                        0.000 / 0.000     83113.312 / 217764.827 99325.424 / 242297.594 99325.424 / 242297.594   ms
[1179.783s][info   ][gc,stats]    Young Subphase: Concurrent Mark Root Colored                  0.000 / 0.000         0.248 / 0.264         0.400 / 0.829         0.400 / 0.829       ms
[1179.783s][info   ][gc,stats]    Young Subphase: Concurrent Mark Root Uncolored                0.000 / 0.000         0.271 / 0.283         0.296 / 0.361         0.296 / 0.361       ms
[1179.783s][info   ][gc,stats]    Young Subphase: Concurrent Mark Roots                         0.000 / 0.000         0.541 / 0.544         0.729 / 1.242         0.729 / 1.242       ms
[1179.783s][info   ][gc,stats]    Young Subphase: Concurrent Relocate Remset FP                 0.000 / 0.000      3706.047 / 11118.122  4714.522 / 14709.998  4714.522 / 14709.998   ms
[1179.783s][info   ][gc,stats]    Young Subphase: Concurrent Roots ClassLoaderDataGraph         0.000 / 0.000         0.200 / 0.216         0.266 / 0.476         0.266 / 0.476       ms
[1179.783s][info   ][gc,stats]    Young Subphase: Concurrent Roots CodeCache                    0.000 / 0.000         0.241 / 0.260         0.263 / 0.304         0.263 / 0.304       ms
[1179.783s][info   ][gc,stats]    Young Subphase: Concurrent Roots JavaThreads                  0.000 / 0.000         0.013 / 0.062         0.017 / 0.107         0.017 / 0.107       ms
[1179.783s][info   ][gc,stats]    Young Subphase: Concurrent Roots OopStorageSet                0.000 / 0.000         0.002 / 0.004         0.022 / 0.220         0.022 / 0.220       ms
[1179.783s][info   ][gc,stats]    Young Subphase: Concurrent Weak Roots OopStorageSet           0.000 / 0.000         0.045 / 0.046         0.113 / 0.459         0.113 / 0.459       ms
[1179.783s][info   ][gc,stats] =========================================================================================================================================================
