
=== Instance 8/8, outer iteration 48/48 (Variant all) ===

Affinity: allowed=36,37,38,39,40,41,42,43,44,45,46,47 jvm=36,37,38,39,40,41,42,43,44,45 aux=46,47
Benchmark args: 1100000000
Command: /gorilla/home/fredrha/SimplifyingWeakRefs/build/variant-images/all-linux-x86_64-server-release/jdk/bin/java -Xms132g -Xmx132g -XX:+UseZGC -Xlog:gc+stats,gc+ref -XX:InitialTenuringThreshold=1 -XX:MaxTenuringThreshold=1 -XX:NativeMemoryTracking=summary /gorilla/home/fredrha/SimplifyingWeakRefs/test/weakrefs/WeakRefSingleObjectBenchmark.java 1100000000

[0.003s][warning][gc] ***** WARNING! INCORRECT SYSTEM CONFIGURATION DETECTED! *****
[0.003s][warning][gc] The system limit on number of memory mappings per process might be too low for the given
[0.003s][warning][gc] max Java heap size (135168M). Please adjust /proc/sys/vm/max_map_count to allow for at
[0.003s][warning][gc] least 243302 mappings (current limit is 65530). Continuing execution with the current
[0.003s][warning][gc] limit could lead to a premature OutOfMemoryError being thrown, due to failure to map memory.
[0.004s][info   ][gc,ref] Reference Processor created, Config: All optimisations
WeakRefSingleObjectBenchmark: weakRefCount=1100000000 sleepMillis=500
Phase 1: Allocating the single target object...
Phase 2: Allocating 1100000000 WeakReferences in random order...
[71.883s][info   ][gc,ref] GC(0) O:                           Encountered       Discovered Cleared/Enqueued 
[71.883s][info   ][gc,ref] GC(0) O: Soft References:                  238                0                0 
[71.883s][info   ][gc,ref] GC(0) O: Weak References:                 1330                0                0 
[71.883s][info   ][gc,ref] GC(0) O: Weak (No Queue):             11841619                0                0 
[71.883s][info   ][gc,ref] GC(0) O: Final References:                   0                0                0 
[71.883s][info   ][gc,ref] GC(0) O: Phantom References:                 1                0                0 
Allocated 1100000000 weak ref holders in 136.00 seconds
Phase 3: Sleeping for 500 ms (strong ref still held)...
Phase 4: Releasing the strong reference to the target object...
Phase 5: Triggering GC...
[437.359s][info   ][gc,ref] GC(1) O:                           Encountered       Discovered Cleared/Enqueued 
[437.359s][info   ][gc,ref] GC(1) O: Soft References:                  238                0                0 
[437.359s][info   ][gc,ref] GC(1) O: Weak References:                 1330                0                0 
[437.359s][info   ][gc,ref] GC(1) O: Weak (No Queue):            210229637                0                0 
[437.359s][info   ][gc,ref] GC(1) O: Final References:                   0                0                0 
[437.359s][info   ][gc,ref] GC(1) O: Phantom References:                 1                0                0 
[867.739s][info   ][gc,ref] GC(3) O:                           Encountered       Discovered Cleared/Enqueued 
[867.739s][info   ][gc,ref] GC(3) O: Soft References:                  238                0                0 
[867.739s][info   ][gc,ref] GC(3) O: Weak References:                 1330              584              330 
[867.739s][info   ][gc,ref] GC(3) O: Weak (No Queue):           1100000003       1100000000       1100000000 
[867.739s][info   ][gc,ref] GC(3) O: Final References:                   0                0                0 
[867.739s][info   ][gc,ref] GC(3) O: Phantom References:                 1                0                0 
Phase 6: Checking results...
Alive weak references after GC: 0 / 1100000000
[1024.629s][info   ][gc,stats] === Garbage Collection Statistics =======================================================================================================================
[1024.629s][info   ][gc,stats]                                                              Last 10s              Last 10m              Last 10h                Total
[1024.629s][info   ][gc,stats]                                                              Avg / Max             Avg / Max             Avg / Max             Avg / Max
[1024.629s][info   ][gc,stats]        Contention: Mark Segment Reset Contention                     0 / 0                 0 / 1                 0 / 53                0 / 53          ops/s
[1024.629s][info   ][gc,stats]        Contention: Mark SeqNum Reset Contention                      0 / 0                 0 / 2                 0 / 2                 0 / 2           ops/s
[1024.629s][info   ][gc,stats]          Critical: Allocation Stall                                  0 / 0                 0 / 0                 0 / 0                 0 / 0           ops/s
[1024.629s][info   ][gc,stats]          Critical: Allocation Stall                              0.000 / 0.000         0.000 / 0.000         0.000 / 0.000         0.000 / 0.000       ms
[1024.629s][info   ][gc,stats]          Critical: JNI Critical Stall                                0 / 0                 0 / 0                 0 / 0                 0 / 0           ops/s
[1024.629s][info   ][gc,stats]          Critical: JNI Critical Stall                            0.000 / 0.000         0.000 / 0.000         0.000 / 0.000         0.000 / 0.000       ms
[1024.629s][info   ][gc,stats]          Critical: Relocation Stall                                  0 / 0                 0 / 0                 0 / 0                 0 / 0           ops/s
[1024.629s][info   ][gc,stats]          Critical: Relocation Stall                              0.000 / 0.000         0.000 / 0.000         0.000 / 0.000         0.000 / 0.000       ms
[1024.629s][info   ][gc,stats]  Major Collection: Major Collection                              0.000 / 0.000     390847.641 / 430379.948 261885.112 / 430379.948 261885.112 / 430379.948   ms
[1024.629s][info   ][gc,stats]            Memory: Allocation Rate                                   0 / 0                 0 / 2                88 / 8438             88 / 8438        MB/s
[1024.629s][info   ][gc,stats]            Memory: Defragment                                        0 / 0                 0 / 0                 0 / 0                 0 / 0           ops/s
[1024.629s][info   ][gc,stats]            Memory: Mapped Cache Harvest                              0 / 0                 0 / 0                 0 / 0                 0 / 0           MB/s
[1024.629s][info   ][gc,stats]            Memory: Out Of Memory                                     0 / 0                 0 / 0                 0 / 0                 0 / 0           ops/s
[1024.629s][info   ][gc,stats]            Memory: Uncommit                                          0 / 0                 0 / 0                 0 / 0                 0 / 0           MB/s
[1024.629s][info   ][gc,stats]            Memory: Undo Object Allocation Failed                     0 / 0                 0 / 0                 0 / 0                 0 / 0           ops/s
[1024.629s][info   ][gc,stats]            Memory: Undo Object Allocation Succeeded                  0 / 0                 0 / 0                 0 / 0                 0 / 0           ops/s
[1024.629s][info   ][gc,stats]            Memory: Undo Page Allocation                              0 / 0                 0 / 0                 0 / 0                 0 / 0           ops/s
[1024.629s][info   ][gc,stats]  Minor Collection: Minor Collection                              0.000 / 0.000     231723.255 / 231723.255 231723.255 / 231723.255 231723.255 / 231723.255   ms
[1024.629s][info   ][gc,stats]    Old Generation: Old Generation                                0.000 / 0.000     228734.174 / 233941.272 152490.961 / 233941.272 152490.961 / 233941.272   ms
[1024.629s][info   ][gc,stats]         Old Pause: Pause Mark End                                0.000 / 0.000         0.016 / 0.016         0.012 / 0.016         0.012 / 0.016       ms
[1024.629s][info   ][gc,stats]         Old Pause: Pause Relocate Start                          0.000 / 0.000         0.016 / 0.016         0.013 / 0.016         0.013 / 0.016       ms
[1024.629s][info   ][gc,stats]         Old Phase: Concurrent Mark                               0.000 / 0.000     201490.177 / 201490.177 67163.672 / 201490.177 67163.672 / 201490.177   ms
[1024.629s][info   ][gc,stats]         Old Phase: Concurrent Mark Continue                      0.000 / 0.000         0.000 / 0.000         0.000 / 0.000         0.000 / 0.000       ms
[1024.629s][info   ][gc,stats]         Old Phase: Concurrent Mark Free                          0.000 / 0.000         0.009 / 0.009         0.003 / 0.009         0.003 / 0.009       ms
[1024.629s][info   ][gc,stats]         Old Phase: Concurrent Process Non-Strong                 0.000 / 0.000     20387.969 / 20387.969  6797.341 / 20387.969  6797.341 / 20387.969   ms
[1024.629s][info   ][gc,stats]         Old Phase: Concurrent Relocate                           0.000 / 0.000         1.261 / 1.261         0.463 / 1.261         0.463 / 1.261       ms
[1024.629s][info   ][gc,stats]         Old Phase: Concurrent Remap Roots                        0.000 / 0.000      1643.571 / 1643.571   1285.660 / 2212.821   1285.660 / 2212.821    ms
[1024.629s][info   ][gc,stats]         Old Phase: Concurrent Reset Relocation Set               0.000 / 0.000         0.000 / 0.000         0.000 / 0.000         0.000 / 0.000       ms
[1024.629s][info   ][gc,stats]         Old Phase: Concurrent Select Relocation Set              0.000 / 0.000         3.925 / 3.925         2.589 / 3.925         2.589 / 3.925       ms
[1024.629s][info   ][gc,stats]      Old Subphase: Concurrent Classes Purge                      0.000 / 0.000         0.018 / 0.018         0.103 / 0.287         0.103 / 0.287       ms
[1024.629s][info   ][gc,stats]      Old Subphase: Concurrent Classes Unlink                     0.000 / 0.000         0.767 / 0.767         1.318 / 1.957         1.318 / 1.957       ms
[1024.629s][info   ][gc,stats]      Old Subphase: Concurrent Mark Follow                        0.000 / 0.000     201490.046 / 201490.046 67163.544 / 201490.046 67163.544 / 201490.046   ms
[1024.629s][info   ][gc,stats]      Old Subphase: Concurrent Mark Root Colored                  0.000 / 0.000         0.053 / 0.092         0.044 / 0.092         0.044 / 0.092       ms
[1024.629s][info   ][gc,stats]      Old Subphase: Concurrent Mark Root Uncolored                0.000 / 0.000         0.018 / 0.034         0.029 / 0.084         0.029 / 0.084       ms
[1024.629s][info   ][gc,stats]      Old Subphase: Concurrent Mark Roots                         0.000 / 0.000         0.108 / 0.128         0.117 / 0.167         0.117 / 0.167       ms
[1024.629s][info   ][gc,stats]      Old Subphase: Concurrent References Enqueue                 0.000 / 0.000         0.004 / 0.004         0.001 / 0.004         0.001 / 0.004       ms
[1024.629s][info   ][gc,stats]      Old Subphase: Concurrent References Process                 0.000 / 0.000     20386.904 / 20386.904  6795.648 / 20386.904  6795.648 / 20386.904   ms
[1024.629s][info   ][gc,stats]      Old Subphase: Concurrent Remap Remembered                   0.000 / 0.000      1643.303 / 1643.332    794.025 / 2212.384    794.025 / 2212.384    ms
[1024.629s][info   ][gc,stats]      Old Subphase: Concurrent Remap Roots Colored                0.000 / 0.000         0.061 / 0.061         0.200 / 0.392         0.200 / 0.392       ms
[1024.629s][info   ][gc,stats]      Old Subphase: Concurrent Remap Roots Uncolored              0.000 / 0.000         0.146 / 0.146         0.184 / 0.235         0.184 / 0.235       ms
[1024.629s][info   ][gc,stats]      Old Subphase: Concurrent Roots ClassLoaderDataGraph         0.000 / 0.000         0.043 / 0.086         0.112 / 0.369         0.112 / 0.369       ms
[1024.629s][info   ][gc,stats]      Old Subphase: Concurrent Roots CodeCache                    0.000 / 0.000         0.144 / 0.145         0.182 / 0.232         0.182 / 0.232       ms
[1024.629s][info   ][gc,stats]      Old Subphase: Concurrent Roots JavaThreads                  0.000 / 0.000         0.011 / 0.034         0.012 / 0.084         0.012 / 0.084       ms
[1024.629s][info   ][gc,stats]      Old Subphase: Concurrent Roots OopStorageSet                0.000 / 0.000         0.005 / 0.016         0.004 / 0.016         0.004 / 0.016       ms
[1024.629s][info   ][gc,stats]      Old Subphase: Concurrent Weak Roots OopStorageSet           0.000 / 0.000         0.039 / 0.061         0.066 / 0.249         0.066 / 0.249       ms
[1024.629s][info   ][gc,stats]            System: Java Threads                                      0 / 0                11 / 11               11 / 11               11 / 11          threads
[1024.629s][info   ][gc,stats]  Young Generation: Young Generation                              0.000 / 0.000      2124.489 / 2124.489  41151.288 / 117373.969 41151.288 / 117373.969   ms
[1024.629s][info   ][gc,stats]  Young Generation: Young Generation                              0.000 / 0.000     231723.207 / 231723.207 231723.207 / 231723.207 231723.207 / 231723.207   ms
[1024.629s][info   ][gc,stats]  Young Generation: Young Generation (Collect Roots)              0.000 / 0.000     22957.256 / 22957.256 22957.256 / 22957.256 22957.256 / 22957.256   ms
[1024.629s][info   ][gc,stats]  Young Generation: Young Generation (Promote All)                0.000 / 0.000     183895.484 / 183895.484 183895.484 / 183895.484 183895.484 / 183895.484   ms
[1024.629s][info   ][gc,stats]       Young Pause: Pause Mark End                                0.000 / 0.000         0.014 / 0.015         0.014 / 0.015         0.014 / 0.015       ms
[1024.629s][info   ][gc,stats]       Young Pause: Pause Mark Start                              0.000 / 0.000         0.038 / 0.038         0.027 / 0.038         0.027 / 0.038       ms
[1024.629s][info   ][gc,stats]       Young Pause: Pause Mark Start (Major)                      0.000 / 0.000         0.022 / 0.029         0.028 / 0.036         0.028 / 0.036       ms
[1024.629s][info   ][gc,stats]       Young Pause: Pause Relocate Start                          0.000 / 0.000         0.010 / 0.016         0.010 / 0.016         0.010 / 0.016       ms
[1024.629s][info   ][gc,stats]       Young Phase: Concurrent Mark                               0.000 / 0.000     104584.258 / 227658.059 87136.212 / 227658.059 87136.212 / 227658.059   ms
[1024.629s][info   ][gc,stats]       Young Phase: Concurrent Mark Continue                      0.000 / 0.000         0.000 / 0.000         0.000 / 0.000         0.000 / 0.000       ms
[1024.629s][info   ][gc,stats]       Young Phase: Concurrent Mark Free                          0.000 / 0.000         0.004 / 0.010         0.006 / 0.010         0.006 / 0.010       ms
[1024.629s][info   ][gc,stats]       Young Phase: Concurrent Relocate                           0.000 / 0.000      3466.625 / 11355.512  4800.919 / 14936.133  4800.919 / 14936.133   ms
[1024.629s][info   ][gc,stats]       Young Phase: Concurrent Reset Relocation Set               0.000 / 0.000         7.229 / 15.769        4.821 / 15.769        4.821 / 15.769      ms
[1024.629s][info   ][gc,stats]       Young Phase: Concurrent Select Relocation Set              0.000 / 0.000      2116.663 / 6923.777   1729.326 / 6923.777   1729.326 / 6923.777    ms
[1024.629s][info   ][gc,stats]    Young Subphase: Concurrent Mark Follow                        0.000 / 0.000     104583.688 / 227657.455 87135.461 / 227657.455 87135.461 / 227657.455   ms
[1024.629s][info   ][gc,stats]    Young Subphase: Concurrent Mark Root Colored                  0.000 / 0.000         0.224 / 0.240         0.401 / 0.882         0.401 / 0.882       ms
[1024.629s][info   ][gc,stats]    Young Subphase: Concurrent Mark Root Uncolored                0.000 / 0.000         0.299 / 0.344         0.304 / 0.368         0.304 / 0.368       ms
[1024.629s][info   ][gc,stats]    Young Subphase: Concurrent Mark Roots                         0.000 / 0.000         0.556 / 0.590         0.748 / 1.304         0.748 / 1.304       ms
[1024.629s][info   ][gc,stats]    Young Subphase: Concurrent Relocate Remset FP                 0.000 / 0.000      3466.588 / 11355.468  4800.080 / 14934.114  4800.080 / 14934.114   ms
[1024.629s][info   ][gc,stats]    Young Subphase: Concurrent Roots ClassLoaderDataGraph         0.000 / 0.000         0.171 / 0.178         0.266 / 0.471         0.266 / 0.471       ms
[1024.629s][info   ][gc,stats]    Young Subphase: Concurrent Roots CodeCache                    0.000 / 0.000         0.273 / 0.320         0.269 / 0.320         0.269 / 0.320       ms
[1024.629s][info   ][gc,stats]    Young Subphase: Concurrent Roots JavaThreads                  0.000 / 0.000         0.013 / 0.057         0.018 / 0.128         0.018 / 0.128       ms
[1024.629s][info   ][gc,stats]    Young Subphase: Concurrent Roots OopStorageSet                0.000 / 0.000         0.002 / 0.004         0.030 / 0.176         0.030 / 0.176       ms
[1024.629s][info   ][gc,stats]    Young Subphase: Concurrent Weak Roots OopStorageSet           0.000 / 0.000         0.050 / 0.056         0.105 / 0.381         0.105 / 0.381       ms
[1024.629s][info   ][gc,stats] =========================================================================================================================================================
