
=== Instance 2/8, outer iteration 7/48 (Variant clear_path_sep) ===

Affinity: allowed=12,13,14,15,16,17,18,19,20,21,22,23 jvm=12,13,14,15,16,17,18,19,20,21 aux=22,23
Benchmark args: 1100000000
Command: /gorilla/home/fredrha/SimplifyingWeakRefs/build/variant-images/clear_path_sep-linux-x86_64-server-release/jdk/bin/java -Xms132g -Xmx132g -XX:+UseZGC -Xlog:gc+stats,gc+ref -XX:InitialTenuringThreshold=1 -XX:MaxTenuringThreshold=1 -XX:NativeMemoryTracking=summary /gorilla/home/fredrha/SimplifyingWeakRefs/test/weakrefs/WeakRefSingleObjectBenchmark.java 1100000000

[0.004s][warning][gc] ***** WARNING! INCORRECT SYSTEM CONFIGURATION DETECTED! *****
[0.004s][warning][gc] The system limit on number of memory mappings per process might be too low for the given
[0.004s][warning][gc] max Java heap size (135168M). Please adjust /proc/sys/vm/max_map_count to allow for at
[0.004s][warning][gc] least 243302 mappings (current limit is 65530). Continuing execution with the current
[0.004s][warning][gc] limit could lead to a premature OutOfMemoryError being thrown, due to failure to map memory.
[0.004s][info   ][gc,ref] Reference Processor created, Config: Separate lists, optimised clear path
WeakRefSingleObjectBenchmark: weakRefCount=1100000000 sleepMillis=500
Phase 1: Allocating the single target object...
Phase 2: Allocating 1100000000 WeakReferences in random order...
[73.099s][info   ][gc,ref] GC(0) O:                           Encountered       Discovered Cleared/Enqueued 
[73.099s][info   ][gc,ref] GC(0) O: Soft References:                  238                0                0 
[73.099s][info   ][gc,ref] GC(0) O: Weak References:                 1330                0                0 
[73.099s][info   ][gc,ref] GC(0) O: Weak (No Queue):             11877743                0                0 
[73.099s][info   ][gc,ref] GC(0) O: Final References:                   0                0                0 
[73.099s][info   ][gc,ref] GC(0) O: Phantom References:                 1                0                0 
Allocated 1100000000 weak ref holders in 158.65 seconds
Phase 3: Sleeping for 500 ms (strong ref still held)...
Phase 4: Releasing the strong reference to the target object...
Phase 5: Triggering GC...
[748.245s][info   ][gc,ref] GC(2) O:                           Encountered       Discovered Cleared/Enqueued 
[748.245s][info   ][gc,ref] GC(2) O: Soft References:                  238                0                0 
[748.245s][info   ][gc,ref] GC(2) O: Weak References:                 1330             1274              330 
[748.245s][info   ][gc,ref] GC(2) O: Weak (No Queue):            641577424                3                0 
[748.245s][info   ][gc,ref] GC(2) O: Final References:                   0                0                0 
[748.245s][info   ][gc,ref] GC(2) O: Phantom References:                 1                1                0 
[1100.752s][info   ][gc,ref] GC(5) O:                           Encountered       Discovered Cleared/Enqueued 
[1100.752s][info   ][gc,ref] GC(5) O: Soft References:                  238                0                0 
[1100.752s][info   ][gc,ref] GC(5) O: Weak References:                 1000              229                0 
[1100.752s][info   ][gc,ref] GC(5) O: Weak (No Queue):           1100000003       1100000000       1100000000 
[1100.752s][info   ][gc,ref] GC(5) O: Final References:                   0                0                0 
[1100.752s][info   ][gc,ref] GC(5) O: Phantom References:                 1                0                0 
Phase 6: Checking results...
Alive weak references after GC: 0 / 1100000000
[1234.467s][info   ][gc,stats] === Garbage Collection Statistics =======================================================================================================================
[1234.467s][info   ][gc,stats]                                                              Last 10s              Last 10m              Last 10h                Total
[1234.467s][info   ][gc,stats]                                                              Avg / Max             Avg / Max             Avg / Max             Avg / Max
[1234.467s][info   ][gc,stats]        Contention: Mark Segment Reset Contention                     0 / 0                 0 / 4                 0 / 28                0 / 28          ops/s
[1234.467s][info   ][gc,stats]        Contention: Mark SeqNum Reset Contention                      0 / 0                 0 / 4                 0 / 4                 0 / 4           ops/s
[1234.467s][info   ][gc,stats]          Critical: Allocation Stall                                  0 / 0                 0 / 0                 0 / 0                 0 / 0           ops/s
[1234.467s][info   ][gc,stats]          Critical: Allocation Stall                              0.000 / 0.000         0.000 / 0.000         0.000 / 0.000         0.000 / 0.000       ms
[1234.467s][info   ][gc,stats]          Critical: JNI Critical Stall                                0 / 0                 0 / 0                 0 / 0                 0 / 0           ops/s
[1234.467s][info   ][gc,stats]          Critical: JNI Critical Stall                            0.000 / 0.000         0.000 / 0.000         0.000 / 0.000         0.000 / 0.000       ms
[1234.467s][info   ][gc,stats]          Critical: Relocation Stall                                  0 / 0                 0 / 0                 0 / 0                 0 / 0           ops/s
[1234.467s][info   ][gc,stats]          Critical: Relocation Stall                              0.000 / 0.000         0.000 / 0.000         0.000 / 0.000         0.000 / 0.000       ms
[1234.467s][info   ][gc,stats]  Major Collection: Major Collection                              0.000 / 0.000     485796.823 / 619086.166 325851.480 / 619086.166 325851.480 / 619086.166   ms
[1234.467s][info   ][gc,stats]            Memory: Allocation Rate                                   0 / 0                 0 / 2                73 / 8436             73 / 8436        MB/s
[1234.467s][info   ][gc,stats]            Memory: Defragment                                        0 / 0                 0 / 0                 0 / 0                 0 / 0           ops/s
[1234.467s][info   ][gc,stats]            Memory: Mapped Cache Harvest                              0 / 0                 0 / 0                 0 / 0                 0 / 0           MB/s
[1234.467s][info   ][gc,stats]            Memory: Out Of Memory                                     0 / 0                 0 / 0                 0 / 0                 0 / 0           ops/s
[1234.467s][info   ][gc,stats]            Memory: Uncommit                                          0 / 0                 0 / 0                 0 / 0                 0 / 0           MB/s
[1234.467s][info   ][gc,stats]            Memory: Undo Object Allocation Failed                     0 / 0                 0 / 0                 0 / 0                 0 / 0           ops/s
[1234.467s][info   ][gc,stats]            Memory: Undo Object Allocation Succeeded                  0 / 0                 0 / 0                 1 / 1304              1 / 1304        ops/s
[1234.467s][info   ][gc,stats]            Memory: Undo Page Allocation                              0 / 0                 0 / 0                 0 / 0                 0 / 0           ops/s
[1234.467s][info   ][gc,stats]  Minor Collection: Minor Collection                              0.000 / 0.000     167649.663 / 167649.663 186796.406 / 337336.750 186796.406 / 337336.750   ms
[1234.467s][info   ][gc,stats]    Old Generation: Old Generation                                0.000 / 0.000     418122.540 / 510546.355 278749.913 / 510546.355 278749.913 / 510546.355   ms
[1234.467s][info   ][gc,stats]         Old Pause: Pause Mark End                                0.000 / 0.000         0.014 / 0.014         0.011 / 0.015         0.011 / 0.015       ms
[1234.467s][info   ][gc,stats]         Old Pause: Pause Relocate Start                          0.000 / 0.000         0.013 / 0.013         0.012 / 0.015         0.012 / 0.015       ms
[1234.467s][info   ][gc,stats]         Old Phase: Concurrent Mark                               0.000 / 0.000     231044.242 / 231044.242 136679.505 / 231044.242 136679.505 / 231044.242   ms
[1234.467s][info   ][gc,stats]         Old Phase: Concurrent Mark Continue                      0.000 / 0.000         0.000 / 0.000         0.000 / 0.000         0.000 / 0.000       ms
[1234.467s][info   ][gc,stats]         Old Phase: Concurrent Mark Free                          0.000 / 0.000         0.002 / 0.002         0.002 / 0.004         0.002 / 0.004       ms
[1234.467s][info   ][gc,stats]         Old Phase: Concurrent Process Non-Strong                 0.000 / 0.000     93205.181 / 93205.181 31069.913 / 93205.181 31069.913 / 93205.181   ms
[1234.467s][info   ][gc,stats]         Old Phase: Concurrent Relocate                           0.000 / 0.000         1.344 / 1.344         1.189 / 2.196         1.189 / 2.196       ms
[1234.467s][info   ][gc,stats]         Old Phase: Concurrent Remap Roots                        0.000 / 0.000      1444.151 / 1444.151   2334.510 / 5558.825   2334.510 / 5558.825    ms
[1234.467s][info   ][gc,stats]         Old Phase: Concurrent Reset Relocation Set               0.000 / 0.000         0.001 / 0.001         0.001 / 0.001         0.001 / 0.001       ms
[1234.467s][info   ][gc,stats]         Old Phase: Concurrent Select Relocation Set              0.000 / 0.000         3.638 / 3.638         2.418 / 3.638         2.418 / 3.638       ms
[1234.467s][info   ][gc,stats]      Old Subphase: Concurrent Classes Purge                      0.000 / 0.000         0.013 / 0.013         0.167 / 0.486         0.167 / 0.486       ms
[1234.467s][info   ][gc,stats]      Old Subphase: Concurrent Classes Unlink                     0.000 / 0.000         0.886 / 0.886         1.425 / 2.123         1.425 / 2.123       ms
[1234.467s][info   ][gc,stats]      Old Subphase: Concurrent Mark Follow                        0.000 / 0.000     231044.140 / 231044.140 136679.379 / 231044.140 136679.379 / 231044.140   ms
[1234.467s][info   ][gc,stats]      Old Subphase: Concurrent Mark Root Colored                  0.000 / 0.000         0.047 / 0.084         0.042 / 0.084         0.042 / 0.084       ms
[1234.467s][info   ][gc,stats]      Old Subphase: Concurrent Mark Root Uncolored                0.000 / 0.000         0.026 / 0.065         0.034 / 0.101         0.034 / 0.101       ms
[1234.467s][info   ][gc,stats]      Old Subphase: Concurrent Mark Roots                         0.000 / 0.000         0.109 / 0.118         0.122 / 0.198         0.122 / 0.198       ms
[1234.467s][info   ][gc,stats]      Old Subphase: Concurrent References Enqueue                 0.000 / 0.000         0.000 / 0.000         0.001 / 0.004         0.001 / 0.004       ms
[1234.467s][info   ][gc,stats]      Old Subphase: Concurrent References Process                 0.000 / 0.000     93204.012 / 93204.012 31068.063 / 93204.012 31068.063 / 93204.012   ms
[1234.467s][info   ][gc,stats]      Old Subphase: Concurrent Remap Remembered                   0.000 / 0.000      1443.763 / 1443.799   1104.699 / 5558.199   1104.699 / 5558.199    ms
[1234.467s][info   ][gc,stats]      Old Subphase: Concurrent Remap Roots Colored                0.000 / 0.000         0.067 / 0.075         0.235 / 0.392         0.235 / 0.392       ms
[1234.467s][info   ][gc,stats]      Old Subphase: Concurrent Remap Roots Uncolored              0.000 / 0.000         0.235 / 0.240         0.229 / 0.315         0.229 / 0.315       ms
[1234.467s][info   ][gc,stats]      Old Subphase: Concurrent Roots ClassLoaderDataGraph         0.000 / 0.000         0.040 / 0.080         0.124 / 0.376         0.124 / 0.376       ms
[1234.467s][info   ][gc,stats]      Old Subphase: Concurrent Roots CodeCache                    0.000 / 0.000         0.233 / 0.238         0.221 / 0.295         0.221 / 0.295       ms
[1234.467s][info   ][gc,stats]      Old Subphase: Concurrent Roots JavaThreads                  0.000 / 0.000         0.015 / 0.065         0.017 / 0.100         0.017 / 0.100       ms
[1234.467s][info   ][gc,stats]      Old Subphase: Concurrent Roots OopStorageSet                0.000 / 0.000         0.005 / 0.014         0.005 / 0.023         0.005 / 0.023       ms
[1234.467s][info   ][gc,stats]      Old Subphase: Concurrent Weak Roots OopStorageSet           0.000 / 0.000         0.045 / 0.078         0.059 / 0.153         0.059 / 0.153       ms
[1234.467s][info   ][gc,stats]            System: Java Threads                                      0 / 0                11 / 11               11 / 11               11 / 11          threads
[1234.467s][info   ][gc,stats]  Young Generation: Young Generation                              0.000 / 0.000      2472.446 / 2472.446  38989.392 / 108539.713 38989.392 / 108539.713   ms
[1234.467s][info   ][gc,stats]  Young Generation: Young Generation                              0.000 / 0.000     167649.614 / 167649.614 186796.359 / 337336.705 186796.359 / 337336.705   ms
[1234.467s][info   ][gc,stats]  Young Generation: Young Generation (Collect Roots)              0.000 / 0.000        48.817 / 48.817       48.817 / 48.817       48.817 / 48.817      ms
[1234.467s][info   ][gc,stats]  Young Generation: Young Generation (Promote All)                0.000 / 0.000     26759.803 / 26759.803 26759.803 / 26759.803 26759.803 / 26759.803   ms
[1234.467s][info   ][gc,stats]       Young Pause: Pause Mark End                                0.000 / 0.000         0.014 / 0.016         0.014 / 0.016         0.014 / 0.016       ms
[1234.467s][info   ][gc,stats]       Young Pause: Pause Mark Start                              0.000 / 0.000         0.033 / 0.033         0.023 / 0.033         0.023 / 0.033       ms
[1234.467s][info   ][gc,stats]       Young Pause: Pause Mark Start (Major)                      0.000 / 0.000         0.016 / 0.016         0.025 / 0.036         0.025 / 0.036       ms
[1234.467s][info   ][gc,stats]       Young Pause: Pause Relocate Start                          0.000 / 0.000         0.007 / 0.014         0.010 / 0.016         0.010 / 0.016       ms
[1234.467s][info   ][gc,stats]       Young Phase: Concurrent Mark                               0.000 / 0.000     46675.671 / 157435.702 83069.966 / 326825.410 83069.966 / 326825.410   ms
[1234.467s][info   ][gc,stats]       Young Phase: Concurrent Mark Continue                      0.000 / 0.000         0.000 / 0.000         0.000 / 0.000         0.000 / 0.000       ms
[1234.467s][info   ][gc,stats]       Young Phase: Concurrent Mark Free                          0.000 / 0.000         0.003 / 0.009         0.005 / 0.009         0.005 / 0.009       ms
[1234.467s][info   ][gc,stats]       Young Phase: Concurrent Relocate                           0.000 / 0.000      1572.149 / 6288.490   3073.145 / 11023.832  3073.145 / 11023.832   ms
[1234.467s][info   ][gc,stats]       Young Phase: Concurrent Reset Relocation Set               0.000 / 0.000         2.903 / 5.970         1.554 / 5.970         1.554 / 5.970       ms
[1234.467s][info   ][gc,stats]       Young Phase: Concurrent Select Relocation Set              0.000 / 0.000       981.654 / 3919.235   1875.728 / 6535.999   1875.728 / 6535.999    ms
[1234.467s][info   ][gc,stats]    Young Subphase: Concurrent Mark Follow                        0.000 / 0.000     46674.900 / 157434.396 83069.092 / 326824.879 83069.092 / 326824.879   ms
[1234.467s][info   ][gc,stats]    Young Subphase: Concurrent Mark Root Colored                  0.000 / 0.000         0.287 / 0.332         0.534 / 1.005         0.534 / 1.005       ms
[1234.467s][info   ][gc,stats]    Young Subphase: Concurrent Mark Root Uncolored                0.000 / 0.000         0.276 / 0.292         0.294 / 0.359         0.294 / 0.359       ms
[1234.467s][info   ][gc,stats]    Young Subphase: Concurrent Mark Roots                         0.000 / 0.000         0.591 / 0.631         0.871 / 1.404         0.871 / 1.404       ms
[1234.467s][info   ][gc,stats]    Young Subphase: Concurrent Relocate Remset FP                 0.000 / 0.000      1572.121 / 6288.451   3072.483 / 11021.011  3072.483 / 11021.011   ms
[1234.467s][info   ][gc,stats]    Young Subphase: Concurrent Roots ClassLoaderDataGraph         0.000 / 0.000         0.235 / 0.264         0.392 / 0.871         0.392 / 0.871       ms
[1234.467s][info   ][gc,stats]    Young Subphase: Concurrent Roots CodeCache                    0.000 / 0.000         0.251 / 0.274         0.266 / 0.330         0.266 / 0.330       ms
[1234.467s][info   ][gc,stats]    Young Subphase: Concurrent Roots JavaThreads                  0.000 / 0.000         0.011 / 0.060         0.014 / 0.102         0.014 / 0.102       ms
[1234.467s][info   ][gc,stats]    Young Subphase: Concurrent Roots OopStorageSet                0.000 / 0.000         0.003 / 0.005         0.035 / 0.221         0.035 / 0.221       ms
[1234.467s][info   ][gc,stats]    Young Subphase: Concurrent Weak Roots OopStorageSet           0.000 / 0.000         0.049 / 0.064         0.114 / 0.408         0.114 / 0.408       ms
[1234.467s][info   ][gc,stats] =========================================================================================================================================================
