
=== Instance 4/4, outer iteration 87/100 (Variant clear_path_sep) ===

Affinity: allowed=36,37,38,39,40,41,42,43,44,45,46,47 jvm=36,37,38,39,40,41,42,43,44,45 aux=46,47
Args: 1000000
Command: /dev/shm/variant-images-5076215/clear_path_sep-linux-x86_64-server-release/jdk/bin/java -Xms100g -Xmx100g -XX:+UseZGC -Xlog:gc+stats,gc+ref -XX:InitialTenuringThreshold=1 -XX:MaxTenuringThreshold=1 -XX:-ZProactive -XX:ZCollectionIntervalMajor=315360000 -XX:+ZCollectionIntervalOnly -XX:NativeMemoryTracking=summary /crex/proj/openjdk_benchmarking2026/SimplifyingWeakRefs/test/weakrefs/WeakRefMultiObjectBenchmark.java 1000000

[0.004s][warning][gc] ***** WARNING! INCORRECT SYSTEM CONFIGURATION DETECTED! *****
[0.004s][warning][gc] The system limit on number of memory mappings per process might be too low for the given
[0.004s][warning][gc] max Java heap size (102400M). Please adjust /proc/sys/vm/max_map_count to allow for at
[0.004s][warning][gc] least 184320 mappings (current limit is 65530). Continuing execution with the current
[0.004s][warning][gc] limit could lead to a premature OutOfMemoryError being thrown, due to failure to map memory.
[0.004s][info   ][gc,ref] Reference Processor created, Config: Separate lists, optimised clear path
WeakRefMultiObjectBenchmark: objects=1000000 minSize=509 maxSize=1097 sleepMillis=3000
Phase 1: Allocating references and objects...
Allocated 1000000 objects in 0.45 seconds
Phase 2: Sleeping for 3000 ms...
Phase 3.1: Clearing strong references...
Cleared 200001 strong references, 799999 remaining
Triggering GC manually...
[30.536s][info   ][gc,ref] GC(0) O:                           Encountered       Discovered Cleared/Enqueued 
[30.536s][info   ][gc,ref] GC(0) O: Soft References:                  238                0                0 
[30.536s][info   ][gc,ref] GC(0) O: Weak References:                 1330              719              330 
[30.536s][info   ][gc,ref] GC(0) O: Weak (No Queue):              1000003           371755           200001 
[30.536s][info   ][gc,ref] GC(0) O: Final References:                   0                0                0 
[30.536s][info   ][gc,ref] GC(0) O: Phantom References:                 1                1                0 
Phase 3.2: Clearing strong references...
Cleared 200001 strong references, 599998 remaining
Triggering GC manually...
[31.290s][info   ][gc,ref] GC(1) O:                           Encountered       Discovered Cleared/Enqueued 
[31.290s][info   ][gc,ref] GC(1) O: Soft References:                  238                0                0 
[31.290s][info   ][gc,ref] GC(1) O: Weak References:                 1000              350                0 
[31.290s][info   ][gc,ref] GC(1) O: Weak (No Queue):               800002           280625           200001 
[31.290s][info   ][gc,ref] GC(1) O: Final References:                   0                0                0 
[31.290s][info   ][gc,ref] GC(1) O: Phantom References:                 1                0                0 
Phase 3.3: Clearing strong references...
Cleared 200001 strong references, 399997 remaining
Triggering GC manually...
[31.764s][info   ][gc,ref] GC(2) O:                           Encountered       Discovered Cleared/Enqueued 
[31.764s][info   ][gc,ref] GC(2) O: Soft References:                  238                0                0 
[31.764s][info   ][gc,ref] GC(2) O: Weak References:                 1000              557                0 
[31.764s][info   ][gc,ref] GC(2) O: Weak (No Queue):               600001           381521           200001 
[31.764s][info   ][gc,ref] GC(2) O: Final References:                   0                0                0 
[31.764s][info   ][gc,ref] GC(2) O: Phantom References:                 1                0                0 
Phase 3.4: Clearing strong references...
Cleared 200001 strong references, 199996 remaining
Triggering GC manually...
[32.431s][info   ][gc,ref] GC(3) O:                           Encountered       Discovered Cleared/Enqueued 
[32.431s][info   ][gc,ref] GC(3) O: Soft References:                  238                0                0 
[32.431s][info   ][gc,ref] GC(3) O: Weak References:                 1000              576                0 
[32.431s][info   ][gc,ref] GC(3) O: Weak (No Queue):               400000           256045           200001 
[32.431s][info   ][gc,ref] GC(3) O: Final References:                   0                0                0 
[32.431s][info   ][gc,ref] GC(3) O: Phantom References:                 1                0                0 
Phase 3.5: Clearing strong references...
Cleared 199996 strong references, 0 remaining
Triggering GC manually...
[32.728s][info   ][gc,ref] GC(4) O:                           Encountered       Discovered Cleared/Enqueued 
[32.728s][info   ][gc,ref] GC(4) O: Soft References:                  238                0                0 
[32.728s][info   ][gc,ref] GC(4) O: Weak References:                 1000              592                0 
[32.728s][info   ][gc,ref] GC(4) O: Weak (No Queue):               199999           199996           199996 
[32.728s][info   ][gc,ref] GC(4) O: Final References:                   0                0                0 
[32.728s][info   ][gc,ref] GC(4) O: Phantom References:                 1                0                0 
Phase 4: Final weak reference checks...
Final count of alive weak references: 0
[34.982s][info   ][gc,stats] === Garbage Collection Statistics =======================================================================================================================
[34.982s][info   ][gc,stats]                                                              Last 10s              Last 10m              Last 10h                Total
[34.982s][info   ][gc,stats]                                                              Avg / Max             Avg / Max             Avg / Max             Avg / Max
[34.982s][info   ][gc,stats]        Contention: Mark Segment Reset Contention                     3 / 28                3 / 28                3 / 28                3 / 28          ops/s
[34.982s][info   ][gc,stats]        Contention: Mark SeqNum Reset Contention                      1 / 13                1 / 13                1 / 13                1 / 13          ops/s
[34.982s][info   ][gc,stats]          Critical: Allocation Stall                                  0 / 0                 0 / 0                 0 / 0                 0 / 0           ops/s
[34.982s][info   ][gc,stats]          Critical: Allocation Stall                              0.000 / 0.000         0.000 / 0.000         0.000 / 0.000         0.000 / 0.000       ms
[34.982s][info   ][gc,stats]          Critical: JNI Critical Stall                                0 / 0                 0 / 0                 0 / 0                 0 / 0           ops/s
[34.982s][info   ][gc,stats]          Critical: JNI Critical Stall                            0.000 / 0.000         0.000 / 0.000         0.000 / 0.000         0.000 / 0.000       ms
[34.982s][info   ][gc,stats]          Critical: Relocation Stall                                  0 / 0                 0 / 0                 0 / 0                 0 / 0           ops/s
[34.982s][info   ][gc,stats]          Critical: Relocation Stall                              0.000 / 0.000         0.000 / 0.000         0.000 / 0.000         0.000 / 0.000       ms
[34.982s][info   ][gc,stats]  Major Collection: Major Collection                            573.205 / 761.336     573.205 / 761.336     573.205 / 761.336     573.205 / 761.336     ms
[34.982s][info   ][gc,stats]            Memory: Allocation Rate                                 113 / 718             113 / 718             113 / 718             113 / 718         MB/s
[34.982s][info   ][gc,stats]            Memory: Defragment                                        0 / 0                 0 / 0                 0 / 0                 0 / 0           ops/s
[34.982s][info   ][gc,stats]            Memory: Mapped Cache Harvest                              0 / 0                 0 / 0                 0 / 0                 0 / 0           MB/s
[34.982s][info   ][gc,stats]            Memory: Out Of Memory                                     0 / 0                 0 / 0                 0 / 0                 0 / 0           ops/s
[34.982s][info   ][gc,stats]            Memory: Uncommit                                          0 / 0                 0 / 0                 0 / 0                 0 / 0           MB/s
[34.982s][info   ][gc,stats]            Memory: Undo Object Allocation Failed                     0 / 0                 0 / 0                 0 / 0                 0 / 0           ops/s
[34.982s][info   ][gc,stats]            Memory: Undo Object Allocation Succeeded                  0 / 0                 0 / 0                 0 / 0                 0 / 0           ops/s
[34.982s][info   ][gc,stats]            Memory: Undo Page Allocation                              0 / 0                 0 / 0                 0 / 0                 0 / 0           ops/s
[34.982s][info   ][gc,stats]  Minor Collection: Minor Collection                              0.000 / 0.000         0.000 / 0.000         0.000 / 0.000         0.000 / 0.000       ms
[34.982s][info   ][gc,stats]    Old Generation: Old Generation                              495.421 / 721.334     495.421 / 721.334     495.421 / 721.334     495.421 / 721.334     ms
[34.982s][info   ][gc,stats]         Old Pause: Pause Mark End                                0.015 / 0.016         0.015 / 0.016         0.015 / 0.016         0.015 / 0.016       ms
[34.982s][info   ][gc,stats]         Old Pause: Pause Relocate Start                          0.007 / 0.009         0.007 / 0.009         0.007 / 0.009         0.007 / 0.009       ms
[34.982s][info   ][gc,stats]         Old Phase: Concurrent Mark                             375.158 / 576.202     375.158 / 576.202     375.158 / 576.202     375.158 / 576.202     ms
[34.982s][info   ][gc,stats]         Old Phase: Concurrent Mark Continue                      0.000 / 0.000         0.000 / 0.000         0.000 / 0.000         0.000 / 0.000       ms
[34.982s][info   ][gc,stats]         Old Phase: Concurrent Mark Free                          0.006 / 0.006         0.006 / 0.006         0.006 / 0.006         0.006 / 0.006       ms
[34.982s][info   ][gc,stats]         Old Phase: Concurrent Process Non-Strong                15.771 / 20.346       15.771 / 20.346       15.771 / 20.346       15.771 / 20.346      ms
[34.982s][info   ][gc,stats]         Old Phase: Concurrent Relocate                          96.555 / 130.883      96.555 / 130.883      96.555 / 130.883      96.555 / 130.883     ms
[34.982s][info   ][gc,stats]         Old Phase: Concurrent Remap Roots                        3.128 / 4.036         3.128 / 4.036         3.128 / 4.036         3.128 / 4.036       ms
[34.982s][info   ][gc,stats]         Old Phase: Concurrent Reset Relocation Set               0.036 / 0.060         0.036 / 0.060         0.036 / 0.060         0.036 / 0.060       ms
[34.982s][info   ][gc,stats]         Old Phase: Concurrent Select Relocation Set              4.687 / 6.159         4.687 / 6.159         4.687 / 6.159         4.687 / 6.159       ms
[34.982s][info   ][gc,stats]      Old Subphase: Concurrent Classes Purge                      0.084 / 0.376         0.084 / 0.376         0.084 / 0.376         0.084 / 0.376       ms
[34.982s][info   ][gc,stats]      Old Subphase: Concurrent Classes Unlink                     0.929 / 1.049         0.929 / 1.049         0.929 / 1.049         0.929 / 1.049       ms
[34.982s][info   ][gc,stats]      Old Subphase: Concurrent Mark Follow                      375.090 / 576.142     375.090 / 576.142     375.090 / 576.142     375.090 / 576.142     ms
[34.982s][info   ][gc,stats]      Old Subphase: Concurrent Mark Root Colored                  0.026 / 0.060         0.026 / 0.060         0.026 / 0.060         0.026 / 0.060       ms
[34.982s][info   ][gc,stats]      Old Subphase: Concurrent Mark Root Uncolored                0.010 / 0.038         0.010 / 0.038         0.010 / 0.038         0.010 / 0.038       ms
[34.982s][info   ][gc,stats]      Old Subphase: Concurrent Mark Roots                         0.066 / 0.101         0.066 / 0.101         0.066 / 0.101         0.066 / 0.101       ms
[34.982s][info   ][gc,stats]      Old Subphase: Concurrent References Enqueue                 0.001 / 0.003         0.001 / 0.003         0.001 / 0.003         0.001 / 0.003       ms
[34.982s][info   ][gc,stats]      Old Subphase: Concurrent References Process                14.606 / 18.752       14.606 / 18.752       14.606 / 18.752       14.606 / 18.752      ms
[34.982s][info   ][gc,stats]      Old Subphase: Concurrent Remap Remembered                   2.736 / 3.628         2.736 / 3.628         2.736 / 3.628         2.736 / 3.628       ms
[34.982s][info   ][gc,stats]      Old Subphase: Concurrent Remap Roots Colored                0.076 / 0.083         0.076 / 0.083         0.076 / 0.083         0.076 / 0.083       ms
[34.982s][info   ][gc,stats]      Old Subphase: Concurrent Remap Roots Uncolored              0.285 / 0.314         0.285 / 0.314         0.285 / 0.314         0.285 / 0.314       ms
[34.982s][info   ][gc,stats]      Old Subphase: Concurrent Roots ClassLoaderDataGraph         0.035 / 0.051         0.035 / 0.051         0.035 / 0.051         0.035 / 0.051       ms
[34.982s][info   ][gc,stats]      Old Subphase: Concurrent Roots CodeCache                    0.284 / 0.312         0.284 / 0.312         0.284 / 0.312         0.284 / 0.312       ms
[34.982s][info   ][gc,stats]      Old Subphase: Concurrent Roots JavaThreads                  0.006 / 0.037         0.006 / 0.037         0.006 / 0.037         0.006 / 0.037       ms
[34.982s][info   ][gc,stats]      Old Subphase: Concurrent Roots OopStorageSet                0.002 / 0.013         0.002 / 0.013         0.002 / 0.013         0.002 / 0.013       ms
[34.982s][info   ][gc,stats]      Old Subphase: Concurrent Weak Roots OopStorageSet           0.043 / 0.061         0.043 / 0.061         0.043 / 0.061         0.043 / 0.061       ms
[34.982s][info   ][gc,stats]            System: Java Threads                                     11 / 11               11 / 11               11 / 11               11 / 11          threads
[34.982s][info   ][gc,stats]  Young Generation: Young Generation                              0.000 / 0.000         0.000 / 0.000         0.000 / 0.000         0.000 / 0.000       ms
[34.982s][info   ][gc,stats]  Young Generation: Young Generation                              0.000 / 0.000         0.000 / 0.000         0.000 / 0.000         0.000 / 0.000       ms
[34.982s][info   ][gc,stats]  Young Generation: Young Generation (Collect Roots)              2.350 / 3.846         2.350 / 3.846         2.350 / 3.846         2.350 / 3.846       ms
[34.982s][info   ][gc,stats]  Young Generation: Young Generation (Promote All)               75.319 / 335.624      75.319 / 335.624      75.319 / 335.624      75.319 / 335.624     ms
[34.982s][info   ][gc,stats]       Young Pause: Pause Mark End                                0.008 / 0.014         0.008 / 0.014         0.008 / 0.014         0.008 / 0.014       ms
[34.982s][info   ][gc,stats]       Young Pause: Pause Mark Start                              0.023 / 0.025         0.023 / 0.025         0.023 / 0.025         0.023 / 0.025       ms
[34.982s][info   ][gc,stats]       Young Pause: Pause Mark Start (Major)                      0.015 / 0.026         0.015 / 0.026         0.015 / 0.026         0.015 / 0.026       ms
[34.982s][info   ][gc,stats]       Young Pause: Pause Relocate Start                          0.004 / 0.014         0.004 / 0.014         0.004 / 0.014         0.004 / 0.014       ms
[34.982s][info   ][gc,stats]       Young Phase: Concurrent Mark                              24.553 / 202.831      24.553 / 202.831      24.553 / 202.831      24.553 / 202.831     ms
[34.982s][info   ][gc,stats]       Young Phase: Concurrent Mark Continue                      0.000 / 0.000         0.000 / 0.000         0.000 / 0.000         0.000 / 0.000       ms
[34.982s][info   ][gc,stats]       Young Phase: Concurrent Mark Free                          0.001 / 0.008         0.001 / 0.008         0.001 / 0.008         0.001 / 0.008       ms
[34.982s][info   ][gc,stats]       Young Phase: Concurrent Relocate                           7.093 / 70.551        7.093 / 70.551        7.093 / 70.551        7.093 / 70.551      ms
[34.982s][info   ][gc,stats]       Young Phase: Concurrent Reset Relocation Set               0.019 / 0.185         0.019 / 0.185         0.019 / 0.185         0.019 / 0.185       ms
[34.982s][info   ][gc,stats]       Young Phase: Concurrent Select Relocation Set              7.037 / 61.999        7.037 / 61.999        7.037 / 61.999        7.037 / 61.999      ms
[34.982s][info   ][gc,stats]    Young Subphase: Concurrent Mark Follow                       23.886 / 201.668      23.886 / 201.668      23.886 / 201.668      23.886 / 201.668     ms
[34.982s][info   ][gc,stats]    Young Subphase: Concurrent Mark Root Colored                  0.346 / 0.722         0.346 / 0.722         0.346 / 0.722         0.346 / 0.722       ms
[34.982s][info   ][gc,stats]    Young Subphase: Concurrent Mark Root Uncolored                0.285 / 0.405         0.285 / 0.405         0.285 / 0.405         0.285 / 0.405       ms
[34.982s][info   ][gc,stats]    Young Subphase: Concurrent Mark Roots                         0.665 / 1.159         0.665 / 1.159         0.665 / 1.159         0.665 / 1.159       ms
[34.982s][info   ][gc,stats]    Young Subphase: Concurrent Relocate Remset FP                 6.708 / 66.977        6.708 / 66.977        6.708 / 66.977        6.708 / 66.977      ms
[34.982s][info   ][gc,stats]    Young Subphase: Concurrent Roots ClassLoaderDataGraph         0.244 / 0.428         0.244 / 0.428         0.244 / 0.428         0.244 / 0.428       ms
[34.982s][info   ][gc,stats]    Young Subphase: Concurrent Roots CodeCache                    0.260 / 0.367         0.260 / 0.367         0.260 / 0.367         0.260 / 0.367       ms
[34.982s][info   ][gc,stats]    Young Subphase: Concurrent Roots JavaThreads                  0.013 / 0.117         0.013 / 0.117         0.013 / 0.117         0.013 / 0.117       ms
[34.982s][info   ][gc,stats]    Young Subphase: Concurrent Roots OopStorageSet                0.010 / 0.148         0.010 / 0.148         0.010 / 0.148         0.010 / 0.148       ms
[34.982s][info   ][gc,stats]    Young Subphase: Concurrent Weak Roots OopStorageSet           0.092 / 0.385         0.092 / 0.385         0.092 / 0.385         0.092 / 0.385       ms
[34.982s][info   ][gc,stats] =========================================================================================================================================================
