
=== Instance 2/4, outer iteration 50/100 (Variant all) ===

Affinity: allowed=12,13,14,15,16,17,18,19,20,21,22,23 jvm=12,13,14,15,16,17,18,19,20,21 aux=22,23
Args: 1000000
Command: /dev/shm/variant-images-5076215/all-linux-x86_64-server-release/jdk/bin/java -Xms100g -Xmx100g -XX:+UseZGC -Xlog:gc+stats,gc+ref -XX:InitialTenuringThreshold=1 -XX:MaxTenuringThreshold=1 -XX:-ZProactive -XX:ZCollectionIntervalMajor=315360000 -XX:+ZCollectionIntervalOnly -XX:NativeMemoryTracking=summary /crex/proj/openjdk_benchmarking2026/SimplifyingWeakRefs/test/weakrefs/WeakRefMultiObjectBenchmark.java 1000000

[0.004s][warning][gc] ***** WARNING! INCORRECT SYSTEM CONFIGURATION DETECTED! *****
[0.004s][warning][gc] The system limit on number of memory mappings per process might be too low for the given
[0.004s][warning][gc] max Java heap size (102400M). Please adjust /proc/sys/vm/max_map_count to allow for at
[0.004s][warning][gc] least 184320 mappings (current limit is 65530). Continuing execution with the current
[0.004s][warning][gc] limit could lead to a premature OutOfMemoryError being thrown, due to failure to map memory.
[0.005s][info   ][gc,ref] Reference Processor created, Config: All optimisations
WeakRefMultiObjectBenchmark: objects=1000000 minSize=509 maxSize=1097 sleepMillis=3000
Phase 1: Allocating references and objects...
Allocated 1000000 objects in 0.44 seconds
Phase 2: Sleeping for 3000 ms...
Phase 3.1: Clearing strong references...
Cleared 200001 strong references, 799999 remaining
Triggering GC manually...
[30.252s][info   ][gc,ref] GC(0) O:                           Encountered       Discovered Cleared/Enqueued 
[30.252s][info   ][gc,ref] GC(0) O: Soft References:                  238                0                0 
[30.252s][info   ][gc,ref] GC(0) O: Weak References:                 1330             1027              330 
[30.252s][info   ][gc,ref] GC(0) O: Weak (No Queue):              1000003           652389           200001 
[30.252s][info   ][gc,ref] GC(0) O: Final References:                   0                0                0 
[30.252s][info   ][gc,ref] GC(0) O: Phantom References:                 1                0                0 
Phase 3.2: Clearing strong references...
Cleared 200001 strong references, 599998 remaining
Triggering GC manually...
[30.893s][info   ][gc,ref] GC(1) O:                           Encountered       Discovered Cleared/Enqueued 
[30.893s][info   ][gc,ref] GC(1) O: Soft References:                  238                0                0 
[30.893s][info   ][gc,ref] GC(1) O: Weak References:                 1000              694                0 
[30.893s][info   ][gc,ref] GC(1) O: Weak (No Queue):               800002           301587           200001 
[30.893s][info   ][gc,ref] GC(1) O: Final References:                   0                0                0 
[30.893s][info   ][gc,ref] GC(1) O: Phantom References:                 1                0                0 
Phase 3.3: Clearing strong references...
Cleared 200001 strong references, 399997 remaining
Triggering GC manually...
[31.293s][info   ][gc,ref] GC(2) O:                           Encountered       Discovered Cleared/Enqueued 
[31.293s][info   ][gc,ref] GC(2) O: Soft References:                  238                0                0 
[31.293s][info   ][gc,ref] GC(2) O: Weak References:                 1000              426                0 
[31.293s][info   ][gc,ref] GC(2) O: Weak (No Queue):               600001           256564           200001 
[31.293s][info   ][gc,ref] GC(2) O: Final References:                   0                0                0 
[31.293s][info   ][gc,ref] GC(2) O: Phantom References:                 1                0                0 
Phase 3.4: Clearing strong references...
Cleared 200001 strong references, 199996 remaining
Triggering GC manually...
[31.646s][info   ][gc,ref] GC(3) O:                           Encountered       Discovered Cleared/Enqueued 
[31.646s][info   ][gc,ref] GC(3) O: Soft References:                  238                0                0 
[31.646s][info   ][gc,ref] GC(3) O: Weak References:                 1000              288                0 
[31.646s][info   ][gc,ref] GC(3) O: Weak (No Queue):               400000           322606           200001 
[31.646s][info   ][gc,ref] GC(3) O: Final References:                   0                0                0 
[31.646s][info   ][gc,ref] GC(3) O: Phantom References:                 1                0                0 
Phase 3.5: Clearing strong references...
Cleared 199996 strong references, 0 remaining
Triggering GC manually...
[31.900s][info   ][gc,ref] GC(4) O:                           Encountered       Discovered Cleared/Enqueued 
[31.900s][info   ][gc,ref] GC(4) O: Soft References:                  238                0                0 
[31.900s][info   ][gc,ref] GC(4) O: Weak References:                 1000              706                0 
[31.900s][info   ][gc,ref] GC(4) O: Weak (No Queue):               199999           199996           199996 
[31.900s][info   ][gc,ref] GC(4) O: Final References:                   0                0                0 
[31.900s][info   ][gc,ref] GC(4) O: Phantom References:                 1                1                0 
Phase 4: Final weak reference checks...
Final count of alive weak references: 0
[34.142s][info   ][gc,stats] === Garbage Collection Statistics =======================================================================================================================
[34.142s][info   ][gc,stats]                                                              Last 10s              Last 10m              Last 10h                Total
[34.142s][info   ][gc,stats]                                                              Avg / Max             Avg / Max             Avg / Max             Avg / Max
[34.142s][info   ][gc,stats]        Contention: Mark Segment Reset Contention                     5 / 39                5 / 39                5 / 39                5 / 39          ops/s
[34.142s][info   ][gc,stats]        Contention: Mark SeqNum Reset Contention                      1 / 5                 1 / 5                 1 / 5                 1 / 5           ops/s
[34.142s][info   ][gc,stats]          Critical: Allocation Stall                                  0 / 0                 0 / 0                 0 / 0                 0 / 0           ops/s
[34.142s][info   ][gc,stats]          Critical: Allocation Stall                              0.000 / 0.000         0.000 / 0.000         0.000 / 0.000         0.000 / 0.000       ms
[34.142s][info   ][gc,stats]          Critical: JNI Critical Stall                                0 / 0                 0 / 0                 0 / 0                 0 / 0           ops/s
[34.142s][info   ][gc,stats]          Critical: JNI Critical Stall                            0.000 / 0.000         0.000 / 0.000         0.000 / 0.000         0.000 / 0.000       ms
[34.142s][info   ][gc,stats]          Critical: Relocation Stall                                  0 / 0                 0 / 0                 0 / 0                 0 / 0           ops/s
[34.142s][info   ][gc,stats]          Critical: Relocation Stall                              0.000 / 0.000         0.000 / 0.000         0.000 / 0.000         0.000 / 0.000       ms
[34.142s][info   ][gc,stats]  Major Collection: Major Collection                            451.955 / 695.520     451.955 / 695.520     451.955 / 695.520     451.955 / 695.520     ms
[34.142s][info   ][gc,stats]            Memory: Allocation Rate                                 127 / 758             127 / 758             127 / 758             127 / 758         MB/s
[34.142s][info   ][gc,stats]            Memory: Defragment                                        0 / 0                 0 / 0                 0 / 0                 0 / 0           ops/s
[34.142s][info   ][gc,stats]            Memory: Mapped Cache Harvest                              0 / 0                 0 / 0                 0 / 0                 0 / 0           MB/s
[34.142s][info   ][gc,stats]            Memory: Out Of Memory                                     0 / 0                 0 / 0                 0 / 0                 0 / 0           ops/s
[34.142s][info   ][gc,stats]            Memory: Uncommit                                          0 / 0                 0 / 0                 0 / 0                 0 / 0           MB/s
[34.142s][info   ][gc,stats]            Memory: Undo Object Allocation Failed                     0 / 0                 0 / 0                 0 / 0                 0 / 0           ops/s
[34.142s][info   ][gc,stats]            Memory: Undo Object Allocation Succeeded                  0 / 0                 0 / 0                 0 / 0                 0 / 0           ops/s
[34.142s][info   ][gc,stats]            Memory: Undo Page Allocation                              0 / 0                 0 / 0                 0 / 0                 0 / 0           ops/s
[34.142s][info   ][gc,stats]  Minor Collection: Minor Collection                              0.000 / 0.000         0.000 / 0.000         0.000 / 0.000         0.000 / 0.000       ms
[34.142s][info   ][gc,stats]    Old Generation: Old Generation                              376.512 / 608.533     376.512 / 608.533     376.512 / 608.533     376.512 / 608.533     ms
[34.142s][info   ][gc,stats]         Old Pause: Pause Mark End                                0.014 / 0.014         0.014 / 0.014         0.014 / 0.014         0.014 / 0.014       ms
[34.142s][info   ][gc,stats]         Old Pause: Pause Relocate Start                          0.006 / 0.008         0.006 / 0.008         0.006 / 0.008         0.006 / 0.008       ms
[34.142s][info   ][gc,stats]         Old Phase: Concurrent Mark                             289.187 / 503.188     289.187 / 503.188     289.187 / 503.188     289.187 / 503.188     ms
[34.142s][info   ][gc,stats]         Old Phase: Concurrent Mark Continue                      0.000 / 0.000         0.000 / 0.000         0.000 / 0.000         0.000 / 0.000       ms
[34.142s][info   ][gc,stats]         Old Phase: Concurrent Mark Free                          0.003 / 0.003         0.003 / 0.003         0.003 / 0.003         0.003 / 0.003       ms
[34.142s][info   ][gc,stats]         Old Phase: Concurrent Process Non-Strong                 7.952 / 14.495        7.952 / 14.495        7.952 / 14.495        7.952 / 14.495      ms
[34.142s][info   ][gc,stats]         Old Phase: Concurrent Relocate                          72.601 / 96.490       72.601 / 96.490       72.601 / 96.490       72.601 / 96.490      ms
[34.142s][info   ][gc,stats]         Old Phase: Concurrent Remap Roots                        3.466 / 6.061         3.466 / 6.061         3.466 / 6.061         3.466 / 6.061       ms
[34.142s][info   ][gc,stats]         Old Phase: Concurrent Reset Relocation Set               0.009 / 0.015         0.009 / 0.015         0.009 / 0.015         0.009 / 0.015       ms
[34.142s][info   ][gc,stats]         Old Phase: Concurrent Select Relocation Set              3.214 / 4.479         3.214 / 4.479         3.214 / 4.479         3.214 / 4.479       ms
[34.142s][info   ][gc,stats]      Old Subphase: Concurrent Classes Purge                      0.069 / 0.297         0.069 / 0.297         0.069 / 0.297         0.069 / 0.297       ms
[34.142s][info   ][gc,stats]      Old Subphase: Concurrent Classes Unlink                     0.775 / 0.877         0.775 / 0.877         0.775 / 0.877         0.775 / 0.877       ms
[34.142s][info   ][gc,stats]      Old Subphase: Concurrent Mark Follow                      289.128 / 503.134     289.128 / 503.134     289.128 / 503.134     289.128 / 503.134     ms
[34.142s][info   ][gc,stats]      Old Subphase: Concurrent Mark Root Colored                  0.019 / 0.055         0.019 / 0.055         0.019 / 0.055         0.019 / 0.055       ms
[34.142s][info   ][gc,stats]      Old Subphase: Concurrent Mark Root Uncolored                0.008 / 0.022         0.008 / 0.022         0.008 / 0.022         0.008 / 0.022       ms
[34.142s][info   ][gc,stats]      Old Subphase: Concurrent Mark Roots                         0.057 / 0.070         0.057 / 0.070         0.057 / 0.070         0.057 / 0.070       ms
[34.142s][info   ][gc,stats]      Old Subphase: Concurrent References Enqueue                 0.001 / 0.003         0.001 / 0.003         0.001 / 0.003         0.001 / 0.003       ms
[34.142s][info   ][gc,stats]      Old Subphase: Concurrent References Process                 6.972 / 13.177        6.972 / 13.177        6.972 / 13.177        6.972 / 13.177      ms
[34.142s][info   ][gc,stats]      Old Subphase: Concurrent Remap Remembered                   3.107 / 5.661         3.107 / 5.661         3.107 / 5.661         3.107 / 5.661       ms
[34.142s][info   ][gc,stats]      Old Subphase: Concurrent Remap Roots Colored                0.072 / 0.080         0.072 / 0.080         0.072 / 0.080         0.072 / 0.080       ms
[34.142s][info   ][gc,stats]      Old Subphase: Concurrent Remap Roots Uncolored              0.254 / 0.284         0.254 / 0.284         0.254 / 0.284         0.254 / 0.284       ms
[34.142s][info   ][gc,stats]      Old Subphase: Concurrent Roots ClassLoaderDataGraph         0.029 / 0.049         0.029 / 0.049         0.029 / 0.049         0.029 / 0.049       ms
[34.142s][info   ][gc,stats]      Old Subphase: Concurrent Roots CodeCache                    0.251 / 0.281         0.251 / 0.281         0.251 / 0.281         0.251 / 0.281       ms
[34.142s][info   ][gc,stats]      Old Subphase: Concurrent Roots JavaThreads                  0.004 / 0.022         0.004 / 0.022         0.004 / 0.022         0.004 / 0.022       ms
[34.142s][info   ][gc,stats]      Old Subphase: Concurrent Roots OopStorageSet                0.003 / 0.010         0.003 / 0.010         0.003 / 0.010         0.003 / 0.010       ms
[34.142s][info   ][gc,stats]      Old Subphase: Concurrent Weak Roots OopStorageSet           0.043 / 0.060         0.043 / 0.060         0.043 / 0.060         0.043 / 0.060       ms
[34.142s][info   ][gc,stats]            System: Java Threads                                     11 / 11               11 / 11               11 / 11               11 / 11          threads
[34.142s][info   ][gc,stats]  Young Generation: Young Generation                              0.000 / 0.000         0.000 / 0.000         0.000 / 0.000         0.000 / 0.000       ms
[34.142s][info   ][gc,stats]  Young Generation: Young Generation                              0.000 / 0.000         0.000 / 0.000         0.000 / 0.000         0.000 / 0.000       ms
[34.142s][info   ][gc,stats]  Young Generation: Young Generation (Collect Roots)              2.250 / 3.723         2.250 / 3.723         2.250 / 3.723         2.250 / 3.723       ms
[34.142s][info   ][gc,stats]  Young Generation: Young Generation (Promote All)               73.043 / 332.969      73.043 / 332.969      73.043 / 332.969      73.043 / 332.969     ms
[34.142s][info   ][gc,stats]       Young Pause: Pause Mark End                                0.007 / 0.021         0.007 / 0.021         0.007 / 0.021         0.007 / 0.021       ms
[34.142s][info   ][gc,stats]       Young Pause: Pause Mark Start                              0.023 / 0.029         0.023 / 0.029         0.023 / 0.029         0.023 / 0.029       ms
[34.142s][info   ][gc,stats]       Young Pause: Pause Mark Start (Major)                      0.013 / 0.023         0.013 / 0.023         0.013 / 0.023         0.013 / 0.023       ms
[34.142s][info   ][gc,stats]       Young Pause: Pause Relocate Start                          0.003 / 0.011         0.003 / 0.011         0.003 / 0.011         0.003 / 0.011       ms
[34.142s][info   ][gc,stats]       Young Phase: Concurrent Mark                              23.268 / 198.877      23.268 / 198.877      23.268 / 198.877      23.268 / 198.877     ms
[34.142s][info   ][gc,stats]       Young Phase: Concurrent Mark Continue                      0.000 / 0.000         0.000 / 0.000         0.000 / 0.000         0.000 / 0.000       ms
[34.142s][info   ][gc,stats]       Young Phase: Concurrent Mark Free                          0.001 / 0.003         0.001 / 0.003         0.001 / 0.003         0.001 / 0.003       ms
[34.142s][info   ][gc,stats]       Young Phase: Concurrent Relocate                           7.181 / 71.482        7.181 / 71.482        7.181 / 71.482        7.181 / 71.482      ms
[34.142s][info   ][gc,stats]       Young Phase: Concurrent Reset Relocation Set               0.014 / 0.139         0.014 / 0.139         0.014 / 0.139         0.014 / 0.139       ms
[34.142s][info   ][gc,stats]       Young Phase: Concurrent Select Relocation Set              7.062 / 62.371        7.062 / 62.371        7.062 / 62.371        7.062 / 62.371      ms
[34.142s][info   ][gc,stats]    Young Subphase: Concurrent Mark Follow                       22.609 / 197.587      22.609 / 197.587      22.609 / 197.587      22.609 / 197.587     ms
[34.142s][info   ][gc,stats]    Young Subphase: Concurrent Mark Root Colored                  0.356 / 0.834         0.356 / 0.834         0.356 / 0.834         0.356 / 0.834       ms
[34.142s][info   ][gc,stats]    Young Subphase: Concurrent Mark Root Uncolored                0.275 / 0.404         0.275 / 0.404         0.275 / 0.404         0.275 / 0.404       ms
[34.142s][info   ][gc,stats]    Young Subphase: Concurrent Mark Roots                         0.658 / 1.288         0.658 / 1.288         0.658 / 1.288         0.658 / 1.288       ms
[34.142s][info   ][gc,stats]    Young Subphase: Concurrent Relocate Remset FP                 6.780 / 67.701        6.780 / 67.701        6.780 / 67.701        6.780 / 67.701      ms
[34.142s][info   ][gc,stats]    Young Subphase: Concurrent Roots ClassLoaderDataGraph         0.249 / 0.421         0.249 / 0.421         0.249 / 0.421         0.249 / 0.421       ms
[34.142s][info   ][gc,stats]    Young Subphase: Concurrent Roots CodeCache                    0.251 / 0.348         0.251 / 0.348         0.251 / 0.348         0.251 / 0.348       ms
[34.142s][info   ][gc,stats]    Young Subphase: Concurrent Roots JavaThreads                  0.013 / 0.121         0.013 / 0.121         0.013 / 0.121         0.013 / 0.121       ms
[34.142s][info   ][gc,stats]    Young Subphase: Concurrent Roots OopStorageSet                0.011 / 0.144         0.011 / 0.144         0.011 / 0.144         0.011 / 0.144       ms
[34.142s][info   ][gc,stats]    Young Subphase: Concurrent Weak Roots OopStorageSet           0.095 / 0.390         0.095 / 0.390         0.095 / 0.390         0.095 / 0.390       ms
[34.142s][info   ][gc,stats] =========================================================================================================================================================
