
=== Instance 2/4, outer iteration 45/100 (Variant dyn_only) ===

Affinity: allowed=12,13,14,15,16,17,18,19,20,21,22,23 jvm=12,13,14,15,16,17,18,19,20,21 aux=22,23
Args: 1000000
Command: /dev/shm/variant-images-5076215/dyn_only-linux-x86_64-server-release/jdk/bin/java -Xms100g -Xmx100g -XX:+UseZGC -Xlog:gc+stats,gc+ref -XX:InitialTenuringThreshold=1 -XX:MaxTenuringThreshold=1 -XX:-ZProactive -XX:ZCollectionIntervalMajor=315360000 -XX:+ZCollectionIntervalOnly -XX:NativeMemoryTracking=summary /crex/proj/openjdk_benchmarking2026/SimplifyingWeakRefs/test/weakrefs/WeakRefMultiObjectBenchmark.java 1000000

[0.004s][warning][gc] ***** WARNING! INCORRECT SYSTEM CONFIGURATION DETECTED! *****
[0.004s][warning][gc] The system limit on number of memory mappings per process might be too low for the given
[0.004s][warning][gc] max Java heap size (102400M). Please adjust /proc/sys/vm/max_map_count to allow for at
[0.004s][warning][gc] least 184320 mappings (current limit is 65530). Continuing execution with the current
[0.004s][warning][gc] limit could lead to a premature OutOfMemoryError being thrown, due to failure to map memory.
[0.004s][info   ][gc,ref] Reference Processor created, Config: Dynamic array
WeakRefMultiObjectBenchmark: objects=1000000 minSize=509 maxSize=1097 sleepMillis=3000
Phase 1: Allocating references and objects...
Allocated 1000000 objects in 0.47 seconds
Phase 2: Sleeping for 3000 ms...
Phase 3.1: Clearing strong references...
Cleared 200001 strong references, 799999 remaining
Triggering GC manually...
[30.474s][info   ][gc,ref] GC(0) O:                       Encountered   Discovered     Enqueued 
[30.474s][info   ][gc,ref] GC(0) O: Soft References:              238            0            0 
[30.474s][info   ][gc,ref] GC(0) O: Weak References:          1001333       529396       200331 
[30.474s][info   ][gc,ref] GC(0) O: Final References:               0            0            0 
[30.474s][info   ][gc,ref] GC(0) O: Phantom References:             1            0            0 
Phase 3.2: Clearing strong references...
Cleared 200001 strong references, 599998 remaining
Triggering GC manually...
[30.947s][info   ][gc,ref] GC(1) O:                       Encountered   Discovered     Enqueued 
[30.947s][info   ][gc,ref] GC(1) O: Soft References:              238            0            0 
[30.947s][info   ][gc,ref] GC(1) O: Weak References:           801002       307793       200001 
[30.947s][info   ][gc,ref] GC(1) O: Final References:               0            0            0 
[30.947s][info   ][gc,ref] GC(1) O: Phantom References:             1            0            0 
Phase 3.3: Clearing strong references...
Cleared 200001 strong references, 399997 remaining
Triggering GC manually...
[31.408s][info   ][gc,ref] GC(2) O:                       Encountered   Discovered     Enqueued 
[31.408s][info   ][gc,ref] GC(2) O: Soft References:              238            0            0 
[31.408s][info   ][gc,ref] GC(2) O: Weak References:           601001       465468       200001 
[31.408s][info   ][gc,ref] GC(2) O: Final References:               0            0            0 
[31.408s][info   ][gc,ref] GC(2) O: Phantom References:             1            0            0 
Phase 3.4: Clearing strong references...
Cleared 200001 strong references, 199996 remaining
Triggering GC manually...
[31.739s][info   ][gc,ref] GC(3) O:                       Encountered   Discovered     Enqueued 
[31.739s][info   ][gc,ref] GC(3) O: Soft References:              238            0            0 
[31.739s][info   ][gc,ref] GC(3) O: Weak References:           401000       394219       200001 
[31.739s][info   ][gc,ref] GC(3) O: Final References:               0            0            0 
[31.739s][info   ][gc,ref] GC(3) O: Phantom References:             1            0            0 
Phase 3.5: Clearing strong references...
Cleared 199996 strong references, 0 remaining
Triggering GC manually...
[31.977s][info   ][gc,ref] GC(4) O:                       Encountered   Discovered     Enqueued 
[31.977s][info   ][gc,ref] GC(4) O: Soft References:              238            0            0 
[31.977s][info   ][gc,ref] GC(4) O: Weak References:           200999       200196       199996 
[31.977s][info   ][gc,ref] GC(4) O: Final References:               0            0            0 
[31.977s][info   ][gc,ref] GC(4) O: Phantom References:             1            0            0 
Phase 4: Final weak reference checks...
Final count of alive weak references: 0
[34.218s][info   ][gc,stats] === Garbage Collection Statistics =======================================================================================================================
[34.218s][info   ][gc,stats]                                                              Last 10s              Last 10m              Last 10h                Total
[34.218s][info   ][gc,stats]                                                              Avg / Max             Avg / Max             Avg / Max             Avg / Max
[34.218s][info   ][gc,stats]        Contention: Mark Segment Reset Contention                     4 / 35                4 / 35                4 / 35                4 / 35          ops/s
[34.218s][info   ][gc,stats]        Contention: Mark SeqNum Reset Contention                      0 / 7                 0 / 7                 0 / 7                 0 / 7           ops/s
[34.218s][info   ][gc,stats]          Critical: Allocation Stall                                  0 / 0                 0 / 0                 0 / 0                 0 / 0           ops/s
[34.218s][info   ][gc,stats]          Critical: Allocation Stall                              0.000 / 0.000         0.000 / 0.000         0.000 / 0.000         0.000 / 0.000       ms
[34.218s][info   ][gc,stats]          Critical: JNI Critical Stall                                0 / 0                 0 / 0                 0 / 0                 0 / 0           ops/s
[34.218s][info   ][gc,stats]          Critical: JNI Critical Stall                            0.000 / 0.000         0.000 / 0.000         0.000 / 0.000         0.000 / 0.000       ms
[34.218s][info   ][gc,stats]          Critical: Relocation Stall                                  0 / 0                 0 / 0                 0 / 0                 0 / 0           ops/s
[34.218s][info   ][gc,stats]          Critical: Relocation Stall                              0.000 / 0.000         0.000 / 0.000         0.000 / 0.000         0.000 / 0.000       ms
[34.218s][info   ][gc,stats]  Major Collection: Major Collection                            415.670 / 662.788     415.670 / 662.788     415.670 / 662.788     415.670 / 662.788     ms
[34.218s][info   ][gc,stats]            Memory: Allocation Rate                                 131 / 702             131 / 702             131 / 702             131 / 702         MB/s
[34.218s][info   ][gc,stats]            Memory: Defragment                                        0 / 0                 0 / 0                 0 / 0                 0 / 0           ops/s
[34.218s][info   ][gc,stats]            Memory: Mapped Cache Harvest                              0 / 0                 0 / 0                 0 / 0                 0 / 0           MB/s
[34.218s][info   ][gc,stats]            Memory: Out Of Memory                                     0 / 0                 0 / 0                 0 / 0                 0 / 0           ops/s
[34.218s][info   ][gc,stats]            Memory: Uncommit                                          0 / 0                 0 / 0                 0 / 0                 0 / 0           MB/s
[34.218s][info   ][gc,stats]            Memory: Undo Object Allocation Failed                     0 / 0                 0 / 0                 0 / 0                 0 / 0           ops/s
[34.218s][info   ][gc,stats]            Memory: Undo Object Allocation Succeeded                  0 / 0                 0 / 0                 0 / 0                 0 / 0           ops/s
[34.218s][info   ][gc,stats]            Memory: Undo Page Allocation                              0 / 0                 0 / 0                 0 / 0                 0 / 0           ops/s
[34.218s][info   ][gc,stats]  Minor Collection: Minor Collection                              0.000 / 0.000         0.000 / 0.000         0.000 / 0.000         0.000 / 0.000       ms
[34.218s][info   ][gc,stats]    Old Generation: Old Generation                              342.424 / 440.799     342.424 / 440.799     342.424 / 440.799     342.424 / 440.799     ms
[34.218s][info   ][gc,stats]         Old Pause: Pause Mark End                                0.014 / 0.015         0.014 / 0.015         0.014 / 0.015         0.014 / 0.015       ms
[34.218s][info   ][gc,stats]         Old Pause: Pause Relocate Start                          0.010 / 0.012         0.010 / 0.012         0.010 / 0.012         0.010 / 0.012       ms
[34.218s][info   ][gc,stats]         Old Phase: Concurrent Mark                             248.227 / 330.493     248.227 / 330.493     248.227 / 330.493     248.227 / 330.493     ms
[34.218s][info   ][gc,stats]         Old Phase: Concurrent Mark Continue                      0.000 / 0.000         0.000 / 0.000         0.000 / 0.000         0.000 / 0.000       ms
[34.218s][info   ][gc,stats]         Old Phase: Concurrent Mark Free                          0.002 / 0.003         0.002 / 0.003         0.002 / 0.003         0.002 / 0.003       ms
[34.218s][info   ][gc,stats]         Old Phase: Concurrent Process Non-Strong                16.403 / 27.094       16.403 / 27.094       16.403 / 27.094       16.403 / 27.094      ms
[34.218s][info   ][gc,stats]         Old Phase: Concurrent Relocate                          70.930 / 101.953      70.930 / 101.953      70.930 / 101.953      70.930 / 101.953     ms
[34.218s][info   ][gc,stats]         Old Phase: Concurrent Remap Roots                        3.593 / 5.095         3.593 / 5.095         3.593 / 5.095         3.593 / 5.095       ms
[34.218s][info   ][gc,stats]         Old Phase: Concurrent Reset Relocation Set               0.009 / 0.016         0.009 / 0.016         0.009 / 0.016         0.009 / 0.016       ms
[34.218s][info   ][gc,stats]         Old Phase: Concurrent Select Relocation Set              3.108 / 4.632         3.108 / 4.632         3.108 / 4.632         3.108 / 4.632       ms
[34.218s][info   ][gc,stats]      Old Subphase: Concurrent Classes Purge                      0.072 / 0.298         0.072 / 0.298         0.072 / 0.298         0.072 / 0.298       ms
[34.218s][info   ][gc,stats]      Old Subphase: Concurrent Classes Unlink                     0.773 / 0.888         0.773 / 0.888         0.773 / 0.888         0.773 / 0.888       ms
[34.218s][info   ][gc,stats]      Old Subphase: Concurrent Mark Follow                      248.167 / 330.438     248.167 / 330.438     248.167 / 330.438     248.167 / 330.438     ms
[34.218s][info   ][gc,stats]      Old Subphase: Concurrent Mark Root Colored                  0.020 / 0.061         0.020 / 0.061         0.020 / 0.061         0.020 / 0.061       ms
[34.218s][info   ][gc,stats]      Old Subphase: Concurrent Mark Root Uncolored                0.008 / 0.028         0.008 / 0.028         0.008 / 0.028         0.008 / 0.028       ms
[34.218s][info   ][gc,stats]      Old Subphase: Concurrent Mark Roots                         0.058 / 0.074         0.058 / 0.074         0.058 / 0.074         0.058 / 0.074       ms
[34.218s][info   ][gc,stats]      Old Subphase: Concurrent References Enqueue                 0.003 / 0.003         0.003 / 0.003         0.003 / 0.003         0.003 / 0.003       ms
[34.218s][info   ][gc,stats]      Old Subphase: Concurrent References Process                15.420 / 25.733       15.420 / 25.733       15.420 / 25.733       15.420 / 25.733      ms
[34.218s][info   ][gc,stats]      Old Subphase: Concurrent Remap Remembered                   3.255 / 4.722         3.255 / 4.722         3.255 / 4.722         3.255 / 4.722       ms
[34.218s][info   ][gc,stats]      Old Subphase: Concurrent Remap Roots Colored                0.073 / 0.078         0.073 / 0.078         0.073 / 0.078         0.073 / 0.078       ms
[34.218s][info   ][gc,stats]      Old Subphase: Concurrent Remap Roots Uncolored              0.241 / 0.275         0.241 / 0.275         0.241 / 0.275         0.241 / 0.275       ms
[34.218s][info   ][gc,stats]      Old Subphase: Concurrent Roots ClassLoaderDataGraph         0.030 / 0.048         0.030 / 0.048         0.030 / 0.048         0.030 / 0.048       ms
[34.218s][info   ][gc,stats]      Old Subphase: Concurrent Roots CodeCache                    0.239 / 0.273         0.239 / 0.273         0.239 / 0.273         0.239 / 0.273       ms
[34.218s][info   ][gc,stats]      Old Subphase: Concurrent Roots JavaThreads                  0.004 / 0.028         0.004 / 0.028         0.004 / 0.028         0.004 / 0.028       ms
[34.218s][info   ][gc,stats]      Old Subphase: Concurrent Roots OopStorageSet                0.003 / 0.017         0.003 / 0.017         0.003 / 0.017         0.003 / 0.017       ms
[34.218s][info   ][gc,stats]      Old Subphase: Concurrent Weak Roots OopStorageSet           0.045 / 0.066         0.045 / 0.066         0.045 / 0.066         0.045 / 0.066       ms
[34.218s][info   ][gc,stats]            System: Java Threads                                     11 / 11               11 / 11               11 / 11               11 / 11          threads
[34.218s][info   ][gc,stats]  Young Generation: Young Generation                              0.000 / 0.000         0.000 / 0.000         0.000 / 0.000         0.000 / 0.000       ms
[34.218s][info   ][gc,stats]  Young Generation: Young Generation                              0.000 / 0.000         0.000 / 0.000         0.000 / 0.000         0.000 / 0.000       ms
[34.218s][info   ][gc,stats]  Young Generation: Young Generation (Collect Roots)              2.229 / 3.817         2.229 / 3.817         2.229 / 3.817         2.229 / 3.817       ms
[34.218s][info   ][gc,stats]  Young Generation: Young Generation (Promote All)               70.888 / 313.459      70.888 / 313.459      70.888 / 313.459      70.888 / 313.459     ms
[34.218s][info   ][gc,stats]       Young Pause: Pause Mark End                                0.006 / 0.013         0.006 / 0.013         0.006 / 0.013         0.006 / 0.013       ms
[34.218s][info   ][gc,stats]       Young Pause: Pause Mark Start                              0.017 / 0.018         0.017 / 0.018         0.017 / 0.018         0.017 / 0.018       ms
[34.218s][info   ][gc,stats]       Young Pause: Pause Mark Start (Major)                      0.013 / 0.022         0.013 / 0.022         0.013 / 0.022         0.013 / 0.022       ms
[34.218s][info   ][gc,stats]       Young Pause: Pause Relocate Start                          0.003 / 0.008         0.003 / 0.008         0.003 / 0.008         0.003 / 0.008       ms
[34.218s][info   ][gc,stats]       Young Phase: Concurrent Mark                              22.352 / 180.655      22.352 / 180.655      22.352 / 180.655      22.352 / 180.655     ms
[34.218s][info   ][gc,stats]       Young Phase: Concurrent Mark Continue                      0.000 / 0.000         0.000 / 0.000         0.000 / 0.000         0.000 / 0.000       ms
[34.218s][info   ][gc,stats]       Young Phase: Concurrent Mark Free                          0.001 / 0.002         0.001 / 0.002         0.001 / 0.002         0.001 / 0.002       ms
[34.218s][info   ][gc,stats]       Young Phase: Concurrent Relocate                           7.109 / 70.845        7.109 / 70.845        7.109 / 70.845        7.109 / 70.845      ms
[34.218s][info   ][gc,stats]       Young Phase: Concurrent Reset Relocation Set               0.015 / 0.144         0.015 / 0.144         0.015 / 0.144         0.015 / 0.144       ms
[34.218s][info   ][gc,stats]       Young Phase: Concurrent Select Relocation Set              6.987 / 61.767        6.987 / 61.767        6.987 / 61.767        6.987 / 61.767      ms
[34.218s][info   ][gc,stats]    Young Subphase: Concurrent Mark Follow                       21.682 / 179.302      21.682 / 179.302      21.682 / 179.302      21.682 / 179.302     ms
[34.218s][info   ][gc,stats]    Young Subphase: Concurrent Mark Root Colored                  0.356 / 0.896         0.356 / 0.896         0.356 / 0.896         0.356 / 0.896       ms
[34.218s][info   ][gc,stats]    Young Subphase: Concurrent Mark Root Uncolored                0.286 / 0.412         0.286 / 0.412         0.286 / 0.412         0.286 / 0.412       ms
[34.218s][info   ][gc,stats]    Young Subphase: Concurrent Mark Roots                         0.669 / 1.350         0.669 / 1.350         0.669 / 1.350         0.669 / 1.350       ms
[34.218s][info   ][gc,stats]    Young Subphase: Concurrent Relocate Remset FP                 6.733 / 67.254        6.733 / 67.254        6.733 / 67.254        6.733 / 67.254      ms
[34.218s][info   ][gc,stats]    Young Subphase: Concurrent Roots ClassLoaderDataGraph         0.256 / 0.458         0.256 / 0.458         0.256 / 0.458         0.256 / 0.458       ms
[34.218s][info   ][gc,stats]    Young Subphase: Concurrent Roots CodeCache                    0.261 / 0.369         0.261 / 0.369         0.261 / 0.369         0.261 / 0.369       ms
[34.218s][info   ][gc,stats]    Young Subphase: Concurrent Roots JavaThreads                  0.013 / 0.119         0.013 / 0.119         0.013 / 0.119         0.013 / 0.119       ms
[34.218s][info   ][gc,stats]    Young Subphase: Concurrent Roots OopStorageSet                0.013 / 0.204         0.013 / 0.204         0.013 / 0.204         0.013 / 0.204       ms
[34.218s][info   ][gc,stats]    Young Subphase: Concurrent Weak Roots OopStorageSet           0.089 / 0.422         0.089 / 0.422         0.089 / 0.422         0.089 / 0.422       ms
[34.218s][info   ][gc,stats] =========================================================================================================================================================
