
=== Instance 2/4, outer iteration 46/100 (Variant dyn_only) ===

Affinity: allowed=12,13,14,15,16,17,18,19,20,21,22,23 jvm=12,13,14,15,16,17,18,19,20,21 aux=22,23
Args: 1000000
Command: /dev/shm/variant-images-5076215/dyn_only-linux-x86_64-server-release/jdk/bin/java -Xms100g -Xmx100g -XX:+UseZGC -Xlog:gc+stats,gc+ref -XX:InitialTenuringThreshold=1 -XX:MaxTenuringThreshold=1 -XX:-ZProactive -XX:ZCollectionIntervalMajor=315360000 -XX:+ZCollectionIntervalOnly -XX:NativeMemoryTracking=summary /crex/proj/openjdk_benchmarking2026/SimplifyingWeakRefs/test/weakrefs/WeakRefMultiObjectBenchmark.java 1000000

[0.004s][warning][gc] ***** WARNING! INCORRECT SYSTEM CONFIGURATION DETECTED! *****
[0.004s][warning][gc] The system limit on number of memory mappings per process might be too low for the given
[0.004s][warning][gc] max Java heap size (102400M). Please adjust /proc/sys/vm/max_map_count to allow for at
[0.004s][warning][gc] least 184320 mappings (current limit is 65530). Continuing execution with the current
[0.004s][warning][gc] limit could lead to a premature OutOfMemoryError being thrown, due to failure to map memory.
[0.004s][info   ][gc,ref] Reference Processor created, Config: Dynamic array
WeakRefMultiObjectBenchmark: objects=1000000 minSize=509 maxSize=1097 sleepMillis=3000
Phase 1: Allocating references and objects...
Allocated 1000000 objects in 0.47 seconds
Phase 2: Sleeping for 3000 ms...
Phase 3.1: Clearing strong references...
Cleared 200001 strong references, 799999 remaining
Triggering GC manually...
[30.658s][info   ][gc,ref] GC(0) O:                       Encountered   Discovered     Enqueued 
[30.658s][info   ][gc,ref] GC(0) O: Soft References:              238            0            0 
[30.658s][info   ][gc,ref] GC(0) O: Weak References:          1001333       554904       200331 
[30.658s][info   ][gc,ref] GC(0) O: Final References:               0            0            0 
[30.658s][info   ][gc,ref] GC(0) O: Phantom References:             1            0            0 
Phase 3.2: Clearing strong references...
Cleared 200001 strong references, 599998 remaining
Triggering GC manually...
[31.116s][info   ][gc,ref] GC(1) O:                       Encountered   Discovered     Enqueued 
[31.116s][info   ][gc,ref] GC(1) O: Soft References:              238            0            0 
[31.116s][info   ][gc,ref] GC(1) O: Weak References:           801002       224809       200001 
[31.116s][info   ][gc,ref] GC(1) O: Final References:               0            0            0 
[31.116s][info   ][gc,ref] GC(1) O: Phantom References:             1            0            0 
Phase 3.3: Clearing strong references...
Cleared 200001 strong references, 399997 remaining
Triggering GC manually...
[31.532s][info   ][gc,ref] GC(2) O:                       Encountered   Discovered     Enqueued 
[31.532s][info   ][gc,ref] GC(2) O: Soft References:              238            0            0 
[31.532s][info   ][gc,ref] GC(2) O: Weak References:           601001       337304       200001 
[31.532s][info   ][gc,ref] GC(2) O: Final References:               0            0            0 
[31.532s][info   ][gc,ref] GC(2) O: Phantom References:             1            0            0 
Phase 3.4: Clearing strong references...
Cleared 200001 strong references, 199996 remaining
Triggering GC manually...
[31.867s][info   ][gc,ref] GC(3) O:                       Encountered   Discovered     Enqueued 
[31.867s][info   ][gc,ref] GC(3) O: Soft References:              238            0            0 
[31.867s][info   ][gc,ref] GC(3) O: Weak References:           401000       393130       200001 
[31.867s][info   ][gc,ref] GC(3) O: Final References:               0            0            0 
[31.867s][info   ][gc,ref] GC(3) O: Phantom References:             1            0            0 
Phase 3.5: Clearing strong references...
Cleared 199996 strong references, 0 remaining
Triggering GC manually...
[32.184s][info   ][gc,ref] GC(4) O:                       Encountered   Discovered     Enqueued 
[32.184s][info   ][gc,ref] GC(4) O: Soft References:              238            0            0 
[32.184s][info   ][gc,ref] GC(4) O: Weak References:           200999       200260       199996 
[32.184s][info   ][gc,ref] GC(4) O: Final References:               0            0            0 
[32.184s][info   ][gc,ref] GC(4) O: Phantom References:             1            0            0 
Phase 4: Final weak reference checks...
Final count of alive weak references: 0
[34.430s][info   ][gc,stats] === Garbage Collection Statistics =======================================================================================================================
[34.430s][info   ][gc,stats]                                                              Last 10s              Last 10m              Last 10h                Total
[34.430s][info   ][gc,stats]                                                              Avg / Max             Avg / Max             Avg / Max             Avg / Max
[34.430s][info   ][gc,stats]        Contention: Mark Segment Reset Contention                     3 / 20                3 / 20                3 / 20                3 / 20          ops/s
[34.430s][info   ][gc,stats]        Contention: Mark SeqNum Reset Contention                      1 / 8                 1 / 8                 1 / 8                 1 / 8           ops/s
[34.430s][info   ][gc,stats]          Critical: Allocation Stall                                  0 / 0                 0 / 0                 0 / 0                 0 / 0           ops/s
[34.430s][info   ][gc,stats]          Critical: Allocation Stall                              0.000 / 0.000         0.000 / 0.000         0.000 / 0.000         0.000 / 0.000       ms
[34.430s][info   ][gc,stats]          Critical: JNI Critical Stall                                0 / 0                 0 / 0                 0 / 0                 0 / 0           ops/s
[34.430s][info   ][gc,stats]          Critical: JNI Critical Stall                            0.000 / 0.000         0.000 / 0.000         0.000 / 0.000         0.000 / 0.000       ms
[34.430s][info   ][gc,stats]          Critical: Relocation Stall                                  0 / 0                 0 / 0                 0 / 0                 0 / 0           ops/s
[34.430s][info   ][gc,stats]          Critical: Relocation Stall                              0.000 / 0.000         0.000 / 0.000         0.000 / 0.000         0.000 / 0.000       ms
[34.430s][info   ][gc,stats]  Major Collection: Major Collection                            424.786 / 685.176     424.786 / 685.176     424.786 / 685.176     424.786 / 685.176     ms
[34.430s][info   ][gc,stats]            Memory: Allocation Rate                                 131 / 706             131 / 706             131 / 706             131 / 706         MB/s
[34.430s][info   ][gc,stats]            Memory: Defragment                                        0 / 0                 0 / 0                 0 / 0                 0 / 0           ops/s
[34.430s][info   ][gc,stats]            Memory: Mapped Cache Harvest                              0 / 0                 0 / 0                 0 / 0                 0 / 0           MB/s
[34.430s][info   ][gc,stats]            Memory: Out Of Memory                                     0 / 0                 0 / 0                 0 / 0                 0 / 0           ops/s
[34.430s][info   ][gc,stats]            Memory: Uncommit                                          0 / 0                 0 / 0                 0 / 0                 0 / 0           MB/s
[34.430s][info   ][gc,stats]            Memory: Undo Object Allocation Failed                     0 / 0                 0 / 0                 0 / 0                 0 / 0           ops/s
[34.430s][info   ][gc,stats]            Memory: Undo Object Allocation Succeeded                  0 / 2                 0 / 2                 0 / 2                 0 / 2           ops/s
[34.430s][info   ][gc,stats]            Memory: Undo Page Allocation                              0 / 0                 0 / 0                 0 / 0                 0 / 0           ops/s
[34.430s][info   ][gc,stats]  Minor Collection: Minor Collection                              0.000 / 0.000         0.000 / 0.000         0.000 / 0.000         0.000 / 0.000       ms
[34.430s][info   ][gc,stats]    Old Generation: Old Generation                              348.137 / 424.671     348.137 / 424.671     348.137 / 424.671     348.137 / 424.671     ms
[34.430s][info   ][gc,stats]         Old Pause: Pause Mark End                                0.015 / 0.015         0.015 / 0.015         0.015 / 0.015         0.015 / 0.015       ms
[34.430s][info   ][gc,stats]         Old Pause: Pause Relocate Start                          0.007 / 0.013         0.007 / 0.013         0.007 / 0.013         0.007 / 0.013       ms
[34.430s][info   ][gc,stats]         Old Phase: Concurrent Mark                             255.549 / 316.060     255.549 / 316.060     255.549 / 316.060     255.549 / 316.060     ms
[34.430s][info   ][gc,stats]         Old Phase: Concurrent Mark Continue                      0.000 / 0.000         0.000 / 0.000         0.000 / 0.000         0.000 / 0.000       ms
[34.430s][info   ][gc,stats]         Old Phase: Concurrent Mark Free                          0.008 / 0.010         0.008 / 0.010         0.008 / 0.010         0.008 / 0.010       ms
[34.430s][info   ][gc,stats]         Old Phase: Concurrent Process Non-Strong                15.173 / 23.903       15.173 / 23.903       15.173 / 23.903       15.173 / 23.903      ms
[34.430s][info   ][gc,stats]         Old Phase: Concurrent Relocate                          70.643 / 100.117      70.643 / 100.117      70.643 / 100.117      70.643 / 100.117     ms
[34.430s][info   ][gc,stats]         Old Phase: Concurrent Remap Roots                        3.372 / 5.310         3.372 / 5.310         3.372 / 5.310         3.372 / 5.310       ms
[34.430s][info   ][gc,stats]         Old Phase: Concurrent Reset Relocation Set               0.033 / 0.069         0.033 / 0.069         0.033 / 0.069         0.033 / 0.069       ms
[34.430s][info   ][gc,stats]         Old Phase: Concurrent Select Relocation Set              3.213 / 4.874         3.213 / 4.874         3.213 / 4.874         3.213 / 4.874       ms
[34.430s][info   ][gc,stats]      Old Subphase: Concurrent Classes Purge                      0.121 / 0.504         0.121 / 0.504         0.121 / 0.504         0.121 / 0.504       ms
[34.430s][info   ][gc,stats]      Old Subphase: Concurrent Classes Unlink                     0.800 / 0.913         0.800 / 0.913         0.800 / 0.913         0.800 / 0.913       ms
[34.430s][info   ][gc,stats]      Old Subphase: Concurrent Mark Follow                      255.484 / 316.002     255.484 / 316.002     255.484 / 316.002     255.484 / 316.002     ms
[34.430s][info   ][gc,stats]      Old Subphase: Concurrent Mark Root Colored                  0.019 / 0.054         0.019 / 0.054         0.019 / 0.054         0.019 / 0.054       ms
[34.430s][info   ][gc,stats]      Old Subphase: Concurrent Mark Root Uncolored                0.008 / 0.018         0.008 / 0.018         0.008 / 0.018         0.008 / 0.018       ms
[34.430s][info   ][gc,stats]      Old Subphase: Concurrent Mark Roots                         0.062 / 0.075         0.062 / 0.075         0.062 / 0.075         0.062 / 0.075       ms
[34.430s][info   ][gc,stats]      Old Subphase: Concurrent References Enqueue                 0.004 / 0.007         0.004 / 0.007         0.004 / 0.007         0.004 / 0.007       ms
[34.430s][info   ][gc,stats]      Old Subphase: Concurrent References Process                14.090 / 22.286       14.090 / 22.286       14.090 / 22.286       14.090 / 22.286      ms
[34.430s][info   ][gc,stats]      Old Subphase: Concurrent Remap Remembered                   3.013 / 4.906         3.013 / 4.906         3.013 / 4.906         3.013 / 4.906       ms
[34.430s][info   ][gc,stats]      Old Subphase: Concurrent Remap Roots Colored                0.078 / 0.082         0.078 / 0.082         0.078 / 0.082         0.078 / 0.082       ms
[34.430s][info   ][gc,stats]      Old Subphase: Concurrent Remap Roots Uncolored              0.250 / 0.291         0.250 / 0.291         0.250 / 0.291         0.250 / 0.291       ms
[34.430s][info   ][gc,stats]      Old Subphase: Concurrent Roots ClassLoaderDataGraph         0.036 / 0.049         0.036 / 0.049         0.036 / 0.049         0.036 / 0.049       ms
[34.430s][info   ][gc,stats]      Old Subphase: Concurrent Roots CodeCache                    0.248 / 0.288         0.248 / 0.288         0.248 / 0.288         0.248 / 0.288       ms
[34.430s][info   ][gc,stats]      Old Subphase: Concurrent Roots JavaThreads                  0.004 / 0.018         0.004 / 0.018         0.004 / 0.018         0.004 / 0.018       ms
[34.430s][info   ][gc,stats]      Old Subphase: Concurrent Roots OopStorageSet                0.003 / 0.013         0.003 / 0.013         0.003 / 0.013         0.003 / 0.013       ms
[34.430s][info   ][gc,stats]      Old Subphase: Concurrent Weak Roots OopStorageSet           0.044 / 0.061         0.044 / 0.061         0.044 / 0.061         0.044 / 0.061       ms
[34.430s][info   ][gc,stats]            System: Java Threads                                     11 / 11               11 / 11               11 / 11               11 / 11          threads
[34.430s][info   ][gc,stats]  Young Generation: Young Generation                              0.000 / 0.000         0.000 / 0.000         0.000 / 0.000         0.000 / 0.000       ms
[34.430s][info   ][gc,stats]  Young Generation: Young Generation                              0.000 / 0.000         0.000 / 0.000         0.000 / 0.000         0.000 / 0.000       ms
[34.430s][info   ][gc,stats]  Young Generation: Young Generation (Collect Roots)              2.323 / 3.914         2.323 / 3.914         2.323 / 3.914         2.323 / 3.914       ms
[34.430s][info   ][gc,stats]  Young Generation: Young Generation (Promote All)               74.216 / 329.012      74.216 / 329.012      74.216 / 329.012      74.216 / 329.012     ms
[34.430s][info   ][gc,stats]       Young Pause: Pause Mark End                                0.007 / 0.012         0.007 / 0.012         0.007 / 0.012         0.007 / 0.012       ms
[34.430s][info   ][gc,stats]       Young Pause: Pause Mark Start                              0.022 / 0.024         0.022 / 0.024         0.022 / 0.024         0.022 / 0.024       ms
[34.430s][info   ][gc,stats]       Young Pause: Pause Mark Start (Major)                      0.014 / 0.025         0.014 / 0.025         0.014 / 0.025         0.014 / 0.025       ms
[34.430s][info   ][gc,stats]       Young Pause: Pause Relocate Start                          0.003 / 0.014         0.003 / 0.014         0.003 / 0.014         0.003 / 0.014       ms
[34.430s][info   ][gc,stats]       Young Phase: Concurrent Mark                              23.951 / 195.766      23.951 / 195.766      23.951 / 195.766      23.951 / 195.766     ms
[34.430s][info   ][gc,stats]       Young Phase: Concurrent Mark Continue                      0.000 / 0.000         0.000 / 0.000         0.000 / 0.000         0.000 / 0.000       ms
[34.430s][info   ][gc,stats]       Young Phase: Concurrent Mark Free                          0.002 / 0.014         0.002 / 0.014         0.002 / 0.014         0.002 / 0.014       ms
[34.430s][info   ][gc,stats]       Young Phase: Concurrent Relocate                           7.103 / 70.643        7.103 / 70.643        7.103 / 70.643        7.103 / 70.643      ms
[34.430s][info   ][gc,stats]       Young Phase: Concurrent Reset Relocation Set               0.018 / 0.175         0.018 / 0.175         0.018 / 0.175         0.018 / 0.175       ms
[34.430s][info   ][gc,stats]       Young Phase: Concurrent Select Relocation Set              7.064 / 62.329        7.064 / 62.329        7.064 / 62.329        7.064 / 62.329      ms
[34.430s][info   ][gc,stats]    Young Subphase: Concurrent Mark Follow                       23.289 / 194.593      23.289 / 194.593      23.289 / 194.593      23.289 / 194.593     ms
[34.430s][info   ][gc,stats]    Young Subphase: Concurrent Mark Root Colored                  0.343 / 0.713         0.343 / 0.713         0.343 / 0.713         0.343 / 0.713       ms
[34.430s][info   ][gc,stats]    Young Subphase: Concurrent Mark Root Uncolored                0.285 / 0.415         0.285 / 0.415         0.285 / 0.415         0.285 / 0.415       ms
[34.430s][info   ][gc,stats]    Young Subphase: Concurrent Mark Roots                         0.660 / 1.170         0.660 / 1.170         0.660 / 1.170         0.660 / 1.170       ms
[34.430s][info   ][gc,stats]    Young Subphase: Concurrent Relocate Remset FP                 6.725 / 67.127        6.725 / 67.127        6.725 / 67.127        6.725 / 67.127      ms
[34.430s][info   ][gc,stats]    Young Subphase: Concurrent Roots ClassLoaderDataGraph         0.242 / 0.435         0.242 / 0.435         0.242 / 0.435         0.242 / 0.435       ms
[34.430s][info   ][gc,stats]    Young Subphase: Concurrent Roots CodeCache                    0.258 / 0.364         0.258 / 0.364         0.258 / 0.364         0.258 / 0.364       ms
[34.430s][info   ][gc,stats]    Young Subphase: Concurrent Roots JavaThreads                  0.014 / 0.135         0.014 / 0.135         0.014 / 0.135         0.014 / 0.135       ms
[34.430s][info   ][gc,stats]    Young Subphase: Concurrent Roots OopStorageSet                0.011 / 0.138         0.011 / 0.138         0.011 / 0.138         0.011 / 0.138       ms
[34.430s][info   ][gc,stats]    Young Subphase: Concurrent Weak Roots OopStorageSet           0.091 / 0.400         0.091 / 0.400         0.091 / 0.400         0.091 / 0.400       ms
[34.430s][info   ][gc,stats] =========================================================================================================================================================
