
=== Instance 3/4, outer iteration 64/100 (Variant dyn_only) ===

Affinity: allowed=24,25,26,27,28,29,30,31,32,33,34,35 jvm=24,25,26,27,28,29,30,31,32,33 aux=34,35
Args: 1000000
Command: /dev/shm/variant-images-5076215/dyn_only-linux-x86_64-server-release/jdk/bin/java -Xms100g -Xmx100g -XX:+UseZGC -Xlog:gc+stats,gc+ref -XX:InitialTenuringThreshold=1 -XX:MaxTenuringThreshold=1 -XX:-ZProactive -XX:ZCollectionIntervalMajor=315360000 -XX:+ZCollectionIntervalOnly -XX:NativeMemoryTracking=summary /crex/proj/openjdk_benchmarking2026/SimplifyingWeakRefs/test/weakrefs/WeakRefMultiObjectBenchmark.java 1000000

[0.004s][warning][gc] ***** WARNING! INCORRECT SYSTEM CONFIGURATION DETECTED! *****
[0.004s][warning][gc] The system limit on number of memory mappings per process might be too low for the given
[0.004s][warning][gc] max Java heap size (102400M). Please adjust /proc/sys/vm/max_map_count to allow for at
[0.004s][warning][gc] least 184320 mappings (current limit is 65530). Continuing execution with the current
[0.004s][warning][gc] limit could lead to a premature OutOfMemoryError being thrown, due to failure to map memory.
[0.004s][info   ][gc,ref] Reference Processor created, Config: Dynamic array
WeakRefMultiObjectBenchmark: objects=1000000 minSize=509 maxSize=1097 sleepMillis=3000
Phase 1: Allocating references and objects...
Allocated 1000000 objects in 0.46 seconds
Phase 2: Sleeping for 3000 ms...
Phase 3.1: Clearing strong references...
Cleared 200001 strong references, 799999 remaining
Triggering GC manually...
[30.860s][info   ][gc,ref] GC(0) O:                       Encountered   Discovered     Enqueued 
[30.860s][info   ][gc,ref] GC(0) O: Soft References:              238            0            0 
[30.860s][info   ][gc,ref] GC(0) O: Weak References:          1001333       845685       200331 
[30.860s][info   ][gc,ref] GC(0) O: Final References:               0            0            0 
[30.860s][info   ][gc,ref] GC(0) O: Phantom References:             1            0            0 
Phase 3.2: Clearing strong references...
Cleared 200001 strong references, 599998 remaining
Triggering GC manually...
[31.378s][info   ][gc,ref] GC(1) O:                       Encountered   Discovered     Enqueued 
[31.378s][info   ][gc,ref] GC(1) O: Soft References:              238            0            0 
[31.378s][info   ][gc,ref] GC(1) O: Weak References:           801002       588704       200001 
[31.378s][info   ][gc,ref] GC(1) O: Final References:               0            0            0 
[31.378s][info   ][gc,ref] GC(1) O: Phantom References:             1            0            0 
Phase 3.3: Clearing strong references...
Cleared 200001 strong references, 399997 remaining
Triggering GC manually...
[31.853s][info   ][gc,ref] GC(2) O:                       Encountered   Discovered     Enqueued 
[31.853s][info   ][gc,ref] GC(2) O: Soft References:              238            0            0 
[31.853s][info   ][gc,ref] GC(2) O: Weak References:           601001       507475       200001 
[31.853s][info   ][gc,ref] GC(2) O: Final References:               0            0            0 
[31.853s][info   ][gc,ref] GC(2) O: Phantom References:             1            1            0 
Phase 3.4: Clearing strong references...
Cleared 200001 strong references, 199996 remaining
Triggering GC manually...
[32.236s][info   ][gc,ref] GC(3) O:                       Encountered   Discovered     Enqueued 
[32.236s][info   ][gc,ref] GC(3) O: Soft References:              238            0            0 
[32.236s][info   ][gc,ref] GC(3) O: Weak References:           401000       363967       200001 
[32.236s][info   ][gc,ref] GC(3) O: Final References:               0            0            0 
[32.236s][info   ][gc,ref] GC(3) O: Phantom References:             1            1            0 
Phase 3.5: Clearing strong references...
Cleared 199996 strong references, 0 remaining
Triggering GC manually...
[32.512s][info   ][gc,ref] GC(4) O:                       Encountered   Discovered     Enqueued 
[32.512s][info   ][gc,ref] GC(4) O: Soft References:              238            0            0 
[32.512s][info   ][gc,ref] GC(4) O: Weak References:           200999       200582       199996 
[32.512s][info   ][gc,ref] GC(4) O: Final References:               0            0            0 
[32.512s][info   ][gc,ref] GC(4) O: Phantom References:             1            1            0 
Phase 4: Final weak reference checks...
Final count of alive weak references: 0
[34.731s][info   ][gc,stats] === Garbage Collection Statistics =======================================================================================================================
[34.731s][info   ][gc,stats]                                                              Last 10s              Last 10m              Last 10h                Total
[34.731s][info   ][gc,stats]                                                              Avg / Max             Avg / Max             Avg / Max             Avg / Max
[34.731s][info   ][gc,stats]        Contention: Mark Segment Reset Contention                     4 / 30                4 / 30                4 / 30                4 / 30          ops/s
[34.731s][info   ][gc,stats]        Contention: Mark SeqNum Reset Contention                      1 / 7                 1 / 7                 1 / 7                 1 / 7           ops/s
[34.731s][info   ][gc,stats]          Critical: Allocation Stall                                  0 / 0                 0 / 0                 0 / 0                 0 / 0           ops/s
[34.731s][info   ][gc,stats]          Critical: Allocation Stall                              0.000 / 0.000         0.000 / 0.000         0.000 / 0.000         0.000 / 0.000       ms
[34.731s][info   ][gc,stats]          Critical: JNI Critical Stall                                0 / 0                 0 / 0                 0 / 0                 0 / 0           ops/s
[34.731s][info   ][gc,stats]          Critical: JNI Critical Stall                            0.000 / 0.000         0.000 / 0.000         0.000 / 0.000         0.000 / 0.000       ms
[34.731s][info   ][gc,stats]          Critical: Relocation Stall                                  0 / 0                 0 / 0                 0 / 0                 0 / 0           ops/s
[34.731s][info   ][gc,stats]          Critical: Relocation Stall                              0.000 / 0.000         0.000 / 0.000         0.000 / 0.000         0.000 / 0.000       ms
[34.731s][info   ][gc,stats]  Major Collection: Major Collection                            449.874 / 681.899     449.874 / 681.899     449.874 / 681.899     449.874 / 681.899     ms
[34.731s][info   ][gc,stats]            Memory: Allocation Rate                                 130 / 706             130 / 706             130 / 706             130 / 706         MB/s
[34.731s][info   ][gc,stats]            Memory: Defragment                                        0 / 0                 0 / 0                 0 / 0                 0 / 0           ops/s
[34.731s][info   ][gc,stats]            Memory: Mapped Cache Harvest                              0 / 0                 0 / 0                 0 / 0                 0 / 0           MB/s
[34.731s][info   ][gc,stats]            Memory: Out Of Memory                                     0 / 0                 0 / 0                 0 / 0                 0 / 0           ops/s
[34.731s][info   ][gc,stats]            Memory: Uncommit                                          0 / 0                 0 / 0                 0 / 0                 0 / 0           MB/s
[34.731s][info   ][gc,stats]            Memory: Undo Object Allocation Failed                     0 / 0                 0 / 0                 0 / 0                 0 / 0           ops/s
[34.731s][info   ][gc,stats]            Memory: Undo Object Allocation Succeeded                  0 / 0                 0 / 0                 0 / 0                 0 / 0           ops/s
[34.731s][info   ][gc,stats]            Memory: Undo Page Allocation                              0 / 0                 0 / 0                 0 / 0                 0 / 0           ops/s
[34.731s][info   ][gc,stats]  Minor Collection: Minor Collection                              0.000 / 0.000         0.000 / 0.000         0.000 / 0.000         0.000 / 0.000       ms
[34.731s][info   ][gc,stats]    Old Generation: Old Generation                              377.486 / 483.616     377.486 / 483.616     377.486 / 483.616     377.486 / 483.616     ms
[34.731s][info   ][gc,stats]         Old Pause: Pause Mark End                                0.014 / 0.014         0.014 / 0.014         0.014 / 0.014         0.014 / 0.014       ms
[34.731s][info   ][gc,stats]         Old Pause: Pause Relocate Start                          0.008 / 0.013         0.008 / 0.013         0.008 / 0.013         0.008 / 0.013       ms
[34.731s][info   ][gc,stats]         Old Phase: Concurrent Mark                             259.288 / 323.414     259.288 / 323.414     259.288 / 323.414     259.288 / 323.414     ms
[34.731s][info   ][gc,stats]         Old Phase: Concurrent Mark Continue                      0.000 / 0.000         0.000 / 0.000         0.000 / 0.000         0.000 / 0.000       ms
[34.731s][info   ][gc,stats]         Old Phase: Concurrent Mark Free                          0.005 / 0.008         0.005 / 0.008         0.005 / 0.008         0.005 / 0.008       ms
[34.731s][info   ][gc,stats]         Old Phase: Concurrent Process Non-Strong                22.516 / 37.342       22.516 / 37.342       22.516 / 37.342       22.516 / 37.342      ms
[34.731s][info   ][gc,stats]         Old Phase: Concurrent Relocate                          86.156 / 126.186      86.156 / 126.186      86.156 / 126.186      86.156 / 126.186     ms
[34.731s][info   ][gc,stats]         Old Phase: Concurrent Remap Roots                        4.505 / 7.231         4.505 / 7.231         4.505 / 7.231         4.505 / 7.231       ms
[34.731s][info   ][gc,stats]         Old Phase: Concurrent Reset Relocation Set               0.027 / 0.049         0.027 / 0.049         0.027 / 0.049         0.027 / 0.049       ms
[34.731s][info   ][gc,stats]         Old Phase: Concurrent Select Relocation Set              4.832 / 6.623         4.832 / 6.623         4.832 / 6.623         4.832 / 6.623       ms
[34.731s][info   ][gc,stats]      Old Subphase: Concurrent Classes Purge                      0.114 / 0.487         0.114 / 0.487         0.114 / 0.487         0.114 / 0.487       ms
[34.731s][info   ][gc,stats]      Old Subphase: Concurrent Classes Unlink                     0.889 / 0.902         0.889 / 0.902         0.889 / 0.902         0.889 / 0.902       ms
[34.731s][info   ][gc,stats]      Old Subphase: Concurrent Mark Follow                      259.178 / 323.283     259.178 / 323.283     259.178 / 323.283     259.178 / 323.283     ms
[34.731s][info   ][gc,stats]      Old Subphase: Concurrent Mark Root Colored                  0.040 / 0.099         0.040 / 0.099         0.040 / 0.099         0.040 / 0.099       ms
[34.731s][info   ][gc,stats]      Old Subphase: Concurrent Mark Root Uncolored                0.020 / 0.037         0.020 / 0.037         0.020 / 0.037         0.020 / 0.037       ms
[34.731s][info   ][gc,stats]      Old Subphase: Concurrent Mark Roots                         0.107 / 0.135         0.107 / 0.135         0.107 / 0.135         0.107 / 0.135       ms
[34.731s][info   ][gc,stats]      Old Subphase: Concurrent References Enqueue                 0.003 / 0.004         0.003 / 0.004         0.003 / 0.004         0.003 / 0.004       ms
[34.731s][info   ][gc,stats]      Old Subphase: Concurrent References Process                21.318 / 35.708       21.318 / 35.708       21.318 / 35.708       21.318 / 35.708      ms
[34.731s][info   ][gc,stats]      Old Subphase: Concurrent Remap Remembered                   4.119 / 6.831         4.119 / 6.831         4.119 / 6.831         4.119 / 6.831       ms
[34.731s][info   ][gc,stats]      Old Subphase: Concurrent Remap Roots Colored                0.076 / 0.083         0.076 / 0.083         0.076 / 0.083         0.076 / 0.083       ms
[34.731s][info   ][gc,stats]      Old Subphase: Concurrent Remap Roots Uncolored              0.273 / 0.291         0.273 / 0.291         0.273 / 0.291         0.273 / 0.291       ms
[34.731s][info   ][gc,stats]      Old Subphase: Concurrent Roots ClassLoaderDataGraph         0.040 / 0.097         0.040 / 0.097         0.040 / 0.097         0.040 / 0.097       ms
[34.731s][info   ][gc,stats]      Old Subphase: Concurrent Roots CodeCache                    0.272 / 0.288         0.272 / 0.288         0.272 / 0.288         0.272 / 0.288       ms
[34.731s][info   ][gc,stats]      Old Subphase: Concurrent Roots JavaThreads                  0.009 / 0.037         0.009 / 0.037         0.009 / 0.037         0.009 / 0.037       ms
[34.731s][info   ][gc,stats]      Old Subphase: Concurrent Roots OopStorageSet                0.003 / 0.012         0.003 / 0.012         0.003 / 0.012         0.003 / 0.012       ms
[34.731s][info   ][gc,stats]      Old Subphase: Concurrent Weak Roots OopStorageSet           0.045 / 0.068         0.045 / 0.068         0.045 / 0.068         0.045 / 0.068       ms
[34.731s][info   ][gc,stats]            System: Java Threads                                     11 / 11               11 / 11               11 / 11               11 / 11          threads
[34.731s][info   ][gc,stats]  Young Generation: Young Generation                              0.000 / 0.000         0.000 / 0.000         0.000 / 0.000         0.000 / 0.000       ms
[34.731s][info   ][gc,stats]  Young Generation: Young Generation                              0.000 / 0.000         0.000 / 0.000         0.000 / 0.000         0.000 / 0.000       ms
[34.731s][info   ][gc,stats]  Young Generation: Young Generation (Collect Roots)              2.369 / 3.790         2.369 / 3.790         2.369 / 3.790         2.369 / 3.790       ms
[34.731s][info   ][gc,stats]  Young Generation: Young Generation (Promote All)               69.876 / 308.015      69.876 / 308.015      69.876 / 308.015      69.876 / 308.015     ms
[34.731s][info   ][gc,stats]       Young Pause: Pause Mark End                                0.007 / 0.013         0.007 / 0.013         0.007 / 0.013         0.007 / 0.013       ms
[34.731s][info   ][gc,stats]       Young Pause: Pause Mark Start                              0.018 / 0.022         0.018 / 0.022         0.018 / 0.022         0.018 / 0.022       ms
[34.731s][info   ][gc,stats]       Young Pause: Pause Mark Start (Major)                      0.014 / 0.023         0.014 / 0.023         0.014 / 0.023         0.014 / 0.023       ms
[34.731s][info   ][gc,stats]       Young Pause: Pause Relocate Start                          0.004 / 0.018         0.004 / 0.018         0.004 / 0.018         0.004 / 0.018       ms
[34.731s][info   ][gc,stats]       Young Phase: Concurrent Mark                              21.941 / 175.614      21.941 / 175.614      21.941 / 175.614      21.941 / 175.614     ms
[34.731s][info   ][gc,stats]       Young Phase: Concurrent Mark Continue                      0.000 / 0.000         0.000 / 0.000         0.000 / 0.000         0.000 / 0.000       ms
[34.731s][info   ][gc,stats]       Young Phase: Concurrent Mark Free                          0.001 / 0.003         0.001 / 0.003         0.001 / 0.003         0.001 / 0.003       ms
[34.731s][info   ][gc,stats]       Young Phase: Concurrent Relocate                           7.081 / 70.575        7.081 / 70.575        7.081 / 70.575        7.081 / 70.575      ms
[34.731s][info   ][gc,stats]       Young Phase: Concurrent Reset Relocation Set               0.014 / 0.139         0.014 / 0.139         0.014 / 0.139         0.014 / 0.139       ms
[34.731s][info   ][gc,stats]       Young Phase: Concurrent Select Relocation Set              6.973 / 61.597        6.973 / 61.597        6.973 / 61.597        6.973 / 61.597      ms
[34.731s][info   ][gc,stats]    Young Subphase: Concurrent Mark Follow                       21.264 / 174.341      21.264 / 174.341      21.264 / 174.341      21.264 / 174.341     ms
[34.731s][info   ][gc,stats]    Young Subphase: Concurrent Mark Root Colored                  0.369 / 0.841         0.369 / 0.841         0.369 / 0.841         0.369 / 0.841       ms
[34.731s][info   ][gc,stats]    Young Subphase: Concurrent Mark Root Uncolored                0.280 / 0.391         0.280 / 0.391         0.280 / 0.391         0.280 / 0.391       ms
[34.731s][info   ][gc,stats]    Young Subphase: Concurrent Mark Roots                         0.677 / 1.270         0.677 / 1.270         0.677 / 1.270         0.677 / 1.270       ms
[34.731s][info   ][gc,stats]    Young Subphase: Concurrent Relocate Remset FP                 6.699 / 66.924        6.699 / 66.924        6.699 / 66.924        6.699 / 66.924      ms
[34.731s][info   ][gc,stats]    Young Subphase: Concurrent Roots ClassLoaderDataGraph         0.263 / 0.448         0.263 / 0.448         0.263 / 0.448         0.263 / 0.448       ms
[34.731s][info   ][gc,stats]    Young Subphase: Concurrent Roots CodeCache                    0.254 / 0.353         0.254 / 0.353         0.254 / 0.353         0.254 / 0.353       ms
[34.731s][info   ][gc,stats]    Young Subphase: Concurrent Roots JavaThreads                  0.013 / 0.114         0.013 / 0.114         0.013 / 0.114         0.013 / 0.114       ms
[34.731s][info   ][gc,stats]    Young Subphase: Concurrent Roots OopStorageSet                0.013 / 0.124         0.013 / 0.124         0.013 / 0.124         0.013 / 0.124       ms
[34.731s][info   ][gc,stats]    Young Subphase: Concurrent Weak Roots OopStorageSet           0.095 / 0.425         0.095 / 0.425         0.095 / 0.425         0.095 / 0.425       ms
[34.731s][info   ][gc,stats] =========================================================================================================================================================
