
=== Instance 1/4, outer iteration 4/100 (Variant none) ===

Affinity: allowed=0,1,2,3,4,5,6,7,8,9,10,11 jvm=0,1,2,3,4,5,6,7,8,9 aux=10,11
Args: 1000000
Command: /dev/shm/variant-images-5076215/none-linux-x86_64-server-release/jdk/bin/java -Xms100g -Xmx100g -XX:+UseZGC -Xlog:gc+stats,gc+ref -XX:InitialTenuringThreshold=1 -XX:MaxTenuringThreshold=1 -XX:-ZProactive -XX:ZCollectionIntervalMajor=315360000 -XX:+ZCollectionIntervalOnly -XX:NativeMemoryTracking=summary /crex/proj/openjdk_benchmarking2026/SimplifyingWeakRefs/test/weakrefs/WeakRefMultiObjectBenchmark.java 1000000

[0.004s][warning][gc] ***** WARNING! INCORRECT SYSTEM CONFIGURATION DETECTED! *****
[0.004s][warning][gc] The system limit on number of memory mappings per process might be too low for the given
[0.004s][warning][gc] max Java heap size (102400M). Please adjust /proc/sys/vm/max_map_count to allow for at
[0.004s][warning][gc] least 184320 mappings (current limit is 65530). Continuing execution with the current
[0.004s][warning][gc] limit could lead to a premature OutOfMemoryError being thrown, due to failure to map memory.
WeakRefMultiObjectBenchmark: objects=1000000 minSize=509 maxSize=1097 sleepMillis=3000
Phase 1: Allocating references and objects...
Allocated 1000000 objects in 0.44 seconds
Phase 2: Sleeping for 3000 ms...
Phase 3.1: Clearing strong references...
Cleared 200001 strong references, 799999 remaining
Triggering GC manually...
[31.022s][info   ][gc,ref] GC(0) O:                       Encountered   Discovered     Enqueued 
[31.022s][info   ][gc,ref] GC(0) O: Soft References:              238            0            0 
[31.022s][info   ][gc,ref] GC(0) O: Weak References:          1001333       454608       200331 
[31.022s][info   ][gc,ref] GC(0) O: Final References:               0            0            0 
[31.022s][info   ][gc,ref] GC(0) O: Phantom References:             1            0            0 
Phase 3.2: Clearing strong references...
Cleared 200001 strong references, 599998 remaining
Triggering GC manually...
[31.641s][info   ][gc,ref] GC(1) O:                       Encountered   Discovered     Enqueued 
[31.641s][info   ][gc,ref] GC(1) O: Soft References:              238            0            0 
[31.641s][info   ][gc,ref] GC(1) O: Weak References:           801002       257360       200001 
[31.641s][info   ][gc,ref] GC(1) O: Final References:               0            0            0 
[31.641s][info   ][gc,ref] GC(1) O: Phantom References:             1            0            0 
Phase 3.3: Clearing strong references...
Cleared 200001 strong references, 399997 remaining
Triggering GC manually...
[32.177s][info   ][gc,ref] GC(2) O:                       Encountered   Discovered     Enqueued 
[32.177s][info   ][gc,ref] GC(2) O: Soft References:              238            0            0 
[32.177s][info   ][gc,ref] GC(2) O: Weak References:           601001       416368       200001 
[32.177s][info   ][gc,ref] GC(2) O: Final References:               0            0            0 
[32.177s][info   ][gc,ref] GC(2) O: Phantom References:             1            0            0 
Phase 3.4: Clearing strong references...
Cleared 200001 strong references, 199996 remaining
Triggering GC manually...
[32.536s][info   ][gc,ref] GC(3) O:                       Encountered   Discovered     Enqueued 
[32.536s][info   ][gc,ref] GC(3) O: Soft References:              238            0            0 
[32.536s][info   ][gc,ref] GC(3) O: Weak References:           401000       210244       200001 
[32.536s][info   ][gc,ref] GC(3) O: Final References:               0            0            0 
[32.536s][info   ][gc,ref] GC(3) O: Phantom References:             1            1            0 
Phase 3.5: Clearing strong references...
Cleared 199996 strong references, 0 remaining
Triggering GC manually...
[32.808s][info   ][gc,ref] GC(4) O:                       Encountered   Discovered     Enqueued 
[32.808s][info   ][gc,ref] GC(4) O: Soft References:              238            0            0 
[32.808s][info   ][gc,ref] GC(4) O: Weak References:           200999       200719       199996 
[32.808s][info   ][gc,ref] GC(4) O: Final References:               0            0            0 
[32.808s][info   ][gc,ref] GC(4) O: Phantom References:             1            0            0 
Phase 4: Final weak reference checks...
Final count of alive weak references: 0
[35.043s][info   ][gc,stats] === Garbage Collection Statistics =======================================================================================================================
[35.043s][info   ][gc,stats]                                                              Last 10s              Last 10m              Last 10h                Total
[35.043s][info   ][gc,stats]                                                              Avg / Max             Avg / Max             Avg / Max             Avg / Max
[35.043s][info   ][gc,stats]        Contention: Mark Segment Reset Contention                     4 / 35                4 / 35                4 / 35                4 / 35          ops/s
[35.043s][info   ][gc,stats]        Contention: Mark SeqNum Reset Contention                      1 / 6                 1 / 6                 1 / 6                 1 / 6           ops/s
[35.043s][info   ][gc,stats]          Critical: Allocation Stall                                  0 / 0                 0 / 0                 0 / 0                 0 / 0           ops/s
[35.043s][info   ][gc,stats]          Critical: Allocation Stall                              0.000 / 0.000         0.000 / 0.000         0.000 / 0.000         0.000 / 0.000       ms
[35.043s][info   ][gc,stats]          Critical: JNI Critical Stall                                0 / 0                 0 / 0                 0 / 0                 0 / 0           ops/s
[35.043s][info   ][gc,stats]          Critical: JNI Critical Stall                            0.000 / 0.000         0.000 / 0.000         0.000 / 0.000         0.000 / 0.000       ms
[35.043s][info   ][gc,stats]          Critical: Relocation Stall                                  0 / 0                 0 / 0                 0 / 0                 0 / 0           ops/s
[35.043s][info   ][gc,stats]          Critical: Relocation Stall                              0.000 / 0.000         0.000 / 0.000         0.000 / 0.000         0.000 / 0.000       ms
[35.043s][info   ][gc,stats]  Major Collection: Major Collection                            555.624 / 1074.826    555.624 / 1074.826    555.624 / 1074.826    555.624 / 1074.826    ms
[35.043s][info   ][gc,stats]            Memory: Allocation Rate                                 116 / 738             116 / 738             116 / 738             116 / 738         MB/s
[35.043s][info   ][gc,stats]            Memory: Defragment                                        0 / 0                 0 / 0                 0 / 0                 0 / 0           ops/s
[35.043s][info   ][gc,stats]            Memory: Mapped Cache Harvest                              0 / 0                 0 / 0                 0 / 0                 0 / 0           MB/s
[35.043s][info   ][gc,stats]            Memory: Out Of Memory                                     0 / 0                 0 / 0                 0 / 0                 0 / 0           ops/s
[35.043s][info   ][gc,stats]            Memory: Uncommit                                          0 / 0                 0 / 0                 0 / 0                 0 / 0           MB/s
[35.043s][info   ][gc,stats]            Memory: Undo Object Allocation Failed                     0 / 0                 0 / 0                 0 / 0                 0 / 0           ops/s
[35.043s][info   ][gc,stats]            Memory: Undo Object Allocation Succeeded                  0 / 2                 0 / 2                 0 / 2                 0 / 2           ops/s
[35.043s][info   ][gc,stats]            Memory: Undo Page Allocation                              0 / 0                 0 / 0                 0 / 0                 0 / 0           ops/s
[35.043s][info   ][gc,stats]  Minor Collection: Minor Collection                              0.000 / 0.000         0.000 / 0.000         0.000 / 0.000         0.000 / 0.000       ms
[35.043s][info   ][gc,stats]    Old Generation: Old Generation                              406.438 / 586.582     406.438 / 586.582     406.438 / 586.582     406.438 / 586.582     ms
[35.044s][info   ][gc,stats]         Old Pause: Pause Mark End                                0.014 / 0.015         0.014 / 0.015         0.014 / 0.015         0.014 / 0.015       ms
[35.044s][info   ][gc,stats]         Old Pause: Pause Relocate Start                          0.007 / 0.009         0.007 / 0.009         0.007 / 0.009         0.007 / 0.009       ms
[35.044s][info   ][gc,stats]         Old Phase: Concurrent Mark                             288.352 / 438.960     288.352 / 438.960     288.352 / 438.960     288.352 / 438.960     ms
[35.044s][info   ][gc,stats]         Old Phase: Concurrent Mark Continue                      0.000 / 0.000         0.000 / 0.000         0.000 / 0.000         0.000 / 0.000       ms
[35.044s][info   ][gc,stats]         Old Phase: Concurrent Mark Free                          0.005 / 0.007         0.005 / 0.007         0.005 / 0.007         0.005 / 0.007       ms
[35.044s][info   ][gc,stats]         Old Phase: Concurrent Process Non-Strong                17.832 / 25.525       17.832 / 25.525       17.832 / 25.525       17.832 / 25.525      ms
[35.044s][info   ][gc,stats]         Old Phase: Concurrent Relocate                          91.749 / 130.646      91.749 / 130.646      91.749 / 130.646      91.749 / 130.646     ms
[35.044s][info   ][gc,stats]         Old Phase: Concurrent Remap Roots                        3.138 / 4.653         3.138 / 4.653         3.138 / 4.653         3.138 / 4.653       ms
[35.044s][info   ][gc,stats]         Old Phase: Concurrent Reset Relocation Set               0.036 / 0.061         0.036 / 0.061         0.036 / 0.061         0.036 / 0.061       ms
[35.044s][info   ][gc,stats]         Old Phase: Concurrent Select Relocation Set              5.172 / 7.528         5.172 / 7.528         5.172 / 7.528         5.172 / 7.528       ms
[35.044s][info   ][gc,stats]      Old Subphase: Concurrent Classes Purge                      0.112 / 0.481         0.112 / 0.481         0.112 / 0.481         0.112 / 0.481       ms
[35.044s][info   ][gc,stats]      Old Subphase: Concurrent Classes Unlink                     0.889 / 0.905         0.889 / 0.905         0.889 / 0.905         0.889 / 0.905       ms
[35.044s][info   ][gc,stats]      Old Subphase: Concurrent Mark Follow                      288.282 / 438.897     288.282 / 438.897     288.282 / 438.897     288.282 / 438.897     ms
[35.044s][info   ][gc,stats]      Old Subphase: Concurrent Mark Root Colored                  0.023 / 0.063         0.023 / 0.063         0.023 / 0.063         0.023 / 0.063       ms
[35.044s][info   ][gc,stats]      Old Subphase: Concurrent Mark Root Uncolored                0.011 / 0.036         0.011 / 0.036         0.011 / 0.036         0.011 / 0.036       ms
[35.044s][info   ][gc,stats]      Old Subphase: Concurrent Mark Roots                         0.068 / 0.083         0.068 / 0.083         0.068 / 0.083         0.068 / 0.083       ms
[35.044s][info   ][gc,stats]      Old Subphase: Concurrent References Enqueue                 0.003 / 0.004         0.003 / 0.004         0.003 / 0.004         0.003 / 0.004       ms
[35.044s][info   ][gc,stats]      Old Subphase: Concurrent References Process                16.663 / 23.946       16.663 / 23.946       16.663 / 23.946       16.663 / 23.946      ms
[35.044s][info   ][gc,stats]      Old Subphase: Concurrent Remap Remembered                   2.747 / 4.223         2.747 / 4.223         2.747 / 4.223         2.747 / 4.223       ms
[35.044s][info   ][gc,stats]      Old Subphase: Concurrent Remap Roots Colored                0.074 / 0.085         0.074 / 0.085         0.074 / 0.085         0.074 / 0.085       ms
[35.044s][info   ][gc,stats]      Old Subphase: Concurrent Remap Roots Uncolored              0.281 / 0.313         0.281 / 0.313         0.281 / 0.313         0.281 / 0.313       ms
[35.044s][info   ][gc,stats]      Old Subphase: Concurrent Roots ClassLoaderDataGraph         0.034 / 0.056         0.034 / 0.056         0.034 / 0.056         0.034 / 0.056       ms
[35.044s][info   ][gc,stats]      Old Subphase: Concurrent Roots CodeCache                    0.279 / 0.310         0.279 / 0.310         0.279 / 0.310         0.279 / 0.310       ms
[35.044s][info   ][gc,stats]      Old Subphase: Concurrent Roots JavaThreads                  0.006 / 0.036         0.006 / 0.036         0.006 / 0.036         0.006 / 0.036       ms
[35.044s][info   ][gc,stats]      Old Subphase: Concurrent Roots OopStorageSet                0.003 / 0.012         0.003 / 0.012         0.003 / 0.012         0.003 / 0.012       ms
[35.044s][info   ][gc,stats]      Old Subphase: Concurrent Weak Roots OopStorageSet           0.045 / 0.063         0.045 / 0.063         0.045 / 0.063         0.045 / 0.063       ms
[35.044s][info   ][gc,stats]            System: Java Threads                                     11 / 11               11 / 11               11 / 11               11 / 11          threads
[35.044s][info   ][gc,stats]  Young Generation: Young Generation                              0.000 / 0.000         0.000 / 0.000         0.000 / 0.000         0.000 / 0.000       ms
[35.044s][info   ][gc,stats]  Young Generation: Young Generation                              0.000 / 0.000         0.000 / 0.000         0.000 / 0.000         0.000 / 0.000       ms
[35.044s][info   ][gc,stats]  Young Generation: Young Generation (Collect Roots)              2.273 / 3.804         2.273 / 3.804         2.273 / 3.804         2.273 / 3.804       ms
[35.044s][info   ][gc,stats]  Young Generation: Young Generation (Promote All)              146.807 / 692.197     146.807 / 692.197     146.807 / 692.197     146.807 / 692.197     ms
[35.044s][info   ][gc,stats]       Young Pause: Pause Mark End                                0.007 / 0.012         0.007 / 0.012         0.007 / 0.012         0.007 / 0.012       ms
[35.044s][info   ][gc,stats]       Young Pause: Pause Mark Start                              0.025 / 0.033         0.025 / 0.033         0.025 / 0.033         0.025 / 0.033       ms
[35.044s][info   ][gc,stats]       Young Pause: Pause Mark Start (Major)                      0.014 / 0.024         0.014 / 0.024         0.014 / 0.024         0.014 / 0.024       ms
[35.044s][info   ][gc,stats]       Young Pause: Pause Relocate Start                          0.004 / 0.012         0.004 / 0.012         0.004 / 0.012         0.004 / 0.012       ms
[35.044s][info   ][gc,stats]       Young Phase: Concurrent Mark                              60.202 / 558.720      60.202 / 558.720      60.202 / 558.720      60.202 / 558.720     ms
[35.044s][info   ][gc,stats]       Young Phase: Concurrent Mark Continue                      0.000 / 0.000         0.000 / 0.000         0.000 / 0.000         0.000 / 0.000       ms
[35.044s][info   ][gc,stats]       Young Phase: Concurrent Mark Free                          0.001 / 0.009         0.001 / 0.009         0.001 / 0.009         0.001 / 0.009       ms
[35.044s][info   ][gc,stats]       Young Phase: Concurrent Relocate                           7.135 / 71.002        7.135 / 71.002        7.135 / 71.002        7.135 / 71.002      ms
[35.044s][info   ][gc,stats]       Young Phase: Concurrent Reset Relocation Set               0.020 / 0.203         0.020 / 0.203         0.020 / 0.203         0.020 / 0.203       ms
[35.044s][info   ][gc,stats]       Young Phase: Concurrent Select Relocation Set              7.057 / 62.251        7.057 / 62.251        7.057 / 62.251        7.057 / 62.251      ms
[35.044s][info   ][gc,stats]    Young Subphase: Concurrent Mark Follow                       59.508 / 557.354      59.508 / 557.354      59.508 / 557.354      59.508 / 557.354     ms
[35.044s][info   ][gc,stats]    Young Subphase: Concurrent Mark Root Colored                  0.375 / 0.904         0.375 / 0.904         0.375 / 0.904         0.375 / 0.904       ms
[35.044s][info   ][gc,stats]    Young Subphase: Concurrent Mark Root Uncolored                0.286 / 0.426         0.286 / 0.426         0.286 / 0.426         0.286 / 0.426       ms
[35.044s][info   ][gc,stats]    Young Subphase: Concurrent Mark Roots                         0.692 / 1.362         0.692 / 1.362         0.692 / 1.362         0.692 / 1.362       ms
[35.044s][info   ][gc,stats]    Young Subphase: Concurrent Relocate Remset FP                 6.773 / 67.639        6.773 / 67.639        6.773 / 67.639        6.773 / 67.639      ms
[35.044s][info   ][gc,stats]    Young Subphase: Concurrent Roots ClassLoaderDataGraph         0.262 / 0.462         0.262 / 0.462         0.262 / 0.462         0.262 / 0.462       ms
[35.044s][info   ][gc,stats]    Young Subphase: Concurrent Roots CodeCache                    0.260 / 0.385         0.260 / 0.385         0.260 / 0.385         0.260 / 0.385       ms
[35.044s][info   ][gc,stats]    Young Subphase: Concurrent Roots JavaThreads                  0.013 / 0.119         0.013 / 0.119         0.013 / 0.119         0.013 / 0.119       ms
[35.044s][info   ][gc,stats]    Young Subphase: Concurrent Roots OopStorageSet                0.016 / 0.178         0.016 / 0.178         0.016 / 0.178         0.016 / 0.178       ms
[35.044s][info   ][gc,stats]    Young Subphase: Concurrent Weak Roots OopStorageSet           0.101 / 0.416         0.101 / 0.416         0.101 / 0.416         0.101 / 0.416       ms
[35.044s][info   ][gc,stats] =========================================================================================================================================================
