
=== Instance 3/4, outer iteration 59/100 (Variant clear_path_only) ===

Affinity: allowed=24,25,26,27,28,29,30,31,32,33,34,35 jvm=24,25,26,27,28,29,30,31,32,33 aux=34,35
Args: 1000000
Command: /dev/shm/variant-images-5076215/clear_path_only-linux-x86_64-server-release/jdk/bin/java -Xms100g -Xmx100g -XX:+UseZGC -Xlog:gc+stats,gc+ref -XX:InitialTenuringThreshold=1 -XX:MaxTenuringThreshold=1 -XX:-ZProactive -XX:ZCollectionIntervalMajor=315360000 -XX:+ZCollectionIntervalOnly -XX:NativeMemoryTracking=summary /crex/proj/openjdk_benchmarking2026/SimplifyingWeakRefs/test/weakrefs/WeakRefMultiObjectBenchmark.java 1000000

[0.004s][warning][gc] ***** WARNING! INCORRECT SYSTEM CONFIGURATION DETECTED! *****
[0.004s][warning][gc] The system limit on number of memory mappings per process might be too low for the given
[0.004s][warning][gc] max Java heap size (102400M). Please adjust /proc/sys/vm/max_map_count to allow for at
[0.004s][warning][gc] least 184320 mappings (current limit is 65530). Continuing execution with the current
[0.004s][warning][gc] limit could lead to a premature OutOfMemoryError being thrown, due to failure to map memory.
[0.004s][info   ][gc,ref] Reference Processor created, Config: Optimised clear path
WeakRefMultiObjectBenchmark: objects=1000000 minSize=509 maxSize=1097 sleepMillis=3000
Phase 1: Allocating references and objects...
Allocated 1000000 objects in 0.43 seconds
Phase 2: Sleeping for 3000 ms...
Phase 3.1: Clearing strong references...
Cleared 200001 strong references, 799999 remaining
Triggering GC manually...
[30.306s][info   ][gc,ref] GC(0) O:                           Encountered       Discovered Cleared/Enqueued 
[30.306s][info   ][gc,ref] GC(0) O: Soft References:                  238                0                0 
[30.306s][info   ][gc,ref] GC(0) O: Weak References:                 1330              356              330 
[30.306s][info   ][gc,ref] GC(0) O: Weak (No Queue):              1000003           363589           200001 
[30.306s][info   ][gc,ref] GC(0) O: Final References:                   0                0                0 
[30.306s][info   ][gc,ref] GC(0) O: Phantom References:                 1                0                0 
Phase 3.2: Clearing strong references...
Cleared 200001 strong references, 599998 remaining
Triggering GC manually...
[30.840s][info   ][gc,ref] GC(1) O:                           Encountered       Discovered Cleared/Enqueued 
[30.840s][info   ][gc,ref] GC(1) O: Soft References:                  238                0                0 
[30.840s][info   ][gc,ref] GC(1) O: Weak References:                 1000              807                0 
[30.840s][info   ][gc,ref] GC(1) O: Weak (No Queue):               800002           489405           200001 
[30.840s][info   ][gc,ref] GC(1) O: Final References:                   0                0                0 
[30.840s][info   ][gc,ref] GC(1) O: Phantom References:                 1                1                0 
Phase 3.3: Clearing strong references...
Cleared 200001 strong references, 399997 remaining
Triggering GC manually...
[31.343s][info   ][gc,ref] GC(2) O:                           Encountered       Discovered Cleared/Enqueued 
[31.343s][info   ][gc,ref] GC(2) O: Soft References:                  238                0                0 
[31.343s][info   ][gc,ref] GC(2) O: Weak References:                 1000              831                0 
[31.343s][info   ][gc,ref] GC(2) O: Weak (No Queue):               600001           280762           200001 
[31.343s][info   ][gc,ref] GC(2) O: Final References:                   0                0                0 
[31.343s][info   ][gc,ref] GC(2) O: Phantom References:                 1                1                0 
Phase 3.4: Clearing strong references...
Cleared 200001 strong references, 199996 remaining
Triggering GC manually...
[31.767s][info   ][gc,ref] GC(3) O:                           Encountered       Discovered Cleared/Enqueued 
[31.767s][info   ][gc,ref] GC(3) O: Soft References:                  238                0                0 
[31.767s][info   ][gc,ref] GC(3) O: Weak References:                 1000              825                0 
[31.767s][info   ][gc,ref] GC(3) O: Weak (No Queue):               400000           304246           200001 
[31.767s][info   ][gc,ref] GC(3) O: Final References:                   0                0                0 
[31.767s][info   ][gc,ref] GC(3) O: Phantom References:                 1                1                0 
Phase 3.5: Clearing strong references...
Cleared 199996 strong references, 0 remaining
Triggering GC manually...
[32.064s][info   ][gc,ref] GC(4) O:                           Encountered       Discovered Cleared/Enqueued 
[32.065s][info   ][gc,ref] GC(4) O: Soft References:                  238                0                0 
[32.065s][info   ][gc,ref] GC(4) O: Weak References:                 1000              739                0 
[32.065s][info   ][gc,ref] GC(4) O: Weak (No Queue):               199999           199999           199996 
[32.065s][info   ][gc,ref] GC(4) O: Final References:                   0                0                0 
[32.065s][info   ][gc,ref] GC(4) O: Phantom References:                 1                1                0 
Phase 4: Final weak reference checks...
Final count of alive weak references: 0
[34.308s][info   ][gc,stats] === Garbage Collection Statistics =======================================================================================================================
[34.308s][info   ][gc,stats]                                                              Last 10s              Last 10m              Last 10h                Total
[34.308s][info   ][gc,stats]                                                              Avg / Max             Avg / Max             Avg / Max             Avg / Max
[34.308s][info   ][gc,stats]        Contention: Mark Segment Reset Contention                     3 / 28                3 / 28                3 / 28                3 / 28          ops/s
[34.308s][info   ][gc,stats]        Contention: Mark SeqNum Reset Contention                      1 / 11                1 / 11                1 / 11                1 / 11          ops/s
[34.308s][info   ][gc,stats]          Critical: Allocation Stall                                  0 / 0                 0 / 0                 0 / 0                 0 / 0           ops/s
[34.308s][info   ][gc,stats]          Critical: Allocation Stall                              0.000 / 0.000         0.000 / 0.000         0.000 / 0.000         0.000 / 0.000       ms
[34.308s][info   ][gc,stats]          Critical: JNI Critical Stall                                0 / 0                 0 / 0                 0 / 0                 0 / 0           ops/s
[34.308s][info   ][gc,stats]          Critical: JNI Critical Stall                            0.000 / 0.000         0.000 / 0.000         0.000 / 0.000         0.000 / 0.000       ms
[34.308s][info   ][gc,stats]          Critical: Relocation Stall                                  0 / 0                 0 / 0                 0 / 0                 0 / 0           ops/s
[34.308s][info   ][gc,stats]          Critical: Relocation Stall                              0.000 / 0.000         0.000 / 0.000         0.000 / 0.000         0.000 / 0.000       ms
[34.308s][info   ][gc,stats]  Major Collection: Major Collection                            497.251 / 811.967     497.251 / 811.967     497.251 / 811.967     497.251 / 811.967     ms
[34.308s][info   ][gc,stats]            Memory: Allocation Rate                                 127 / 750             127 / 750             127 / 750             127 / 750         MB/s
[34.308s][info   ][gc,stats]            Memory: Defragment                                        0 / 0                 0 / 0                 0 / 0                 0 / 0           ops/s
[34.308s][info   ][gc,stats]            Memory: Mapped Cache Harvest                              0 / 0                 0 / 0                 0 / 0                 0 / 0           MB/s
[34.308s][info   ][gc,stats]            Memory: Out Of Memory                                     0 / 0                 0 / 0                 0 / 0                 0 / 0           ops/s
[34.308s][info   ][gc,stats]            Memory: Uncommit                                          0 / 0                 0 / 0                 0 / 0                 0 / 0           MB/s
[34.308s][info   ][gc,stats]            Memory: Undo Object Allocation Failed                     0 / 0                 0 / 0                 0 / 0                 0 / 0           ops/s
[34.308s][info   ][gc,stats]            Memory: Undo Object Allocation Succeeded                  0 / 0                 0 / 0                 0 / 0                 0 / 0           ops/s
[34.308s][info   ][gc,stats]            Memory: Undo Page Allocation                              0 / 0                 0 / 0                 0 / 0                 0 / 0           ops/s
[34.308s][info   ][gc,stats]  Minor Collection: Minor Collection                              0.000 / 0.000         0.000 / 0.000         0.000 / 0.000         0.000 / 0.000       ms
[34.308s][info   ][gc,stats]    Old Generation: Old Generation                              419.619 / 501.775     419.619 / 501.775     419.619 / 501.775     419.619 / 501.775     ms
[34.308s][info   ][gc,stats]         Old Pause: Pause Mark End                                0.013 / 0.014         0.013 / 0.014         0.013 / 0.014         0.013 / 0.014       ms
[34.308s][info   ][gc,stats]         Old Pause: Pause Relocate Start                          0.007 / 0.010         0.007 / 0.010         0.007 / 0.010         0.007 / 0.010       ms
[34.308s][info   ][gc,stats]         Old Phase: Concurrent Mark                             297.090 / 344.994     297.090 / 344.994     297.090 / 344.994     297.090 / 344.994     ms
[34.308s][info   ][gc,stats]         Old Phase: Concurrent Mark Continue                      0.000 / 0.000         0.000 / 0.000         0.000 / 0.000         0.000 / 0.000       ms
[34.308s][info   ][gc,stats]         Old Phase: Concurrent Mark Free                          0.005 / 0.006         0.005 / 0.006         0.005 / 0.006         0.005 / 0.006       ms
[34.308s][info   ][gc,stats]         Old Phase: Concurrent Process Non-Strong                19.125 / 29.117       19.125 / 29.117       19.125 / 29.117       19.125 / 29.117      ms
[34.308s][info   ][gc,stats]         Old Phase: Concurrent Relocate                          94.617 / 130.847      94.617 / 130.847      94.617 / 130.847      94.617 / 130.847     ms
[34.308s][info   ][gc,stats]         Old Phase: Concurrent Remap Roots                        3.338 / 4.640         3.338 / 4.640         3.338 / 4.640         3.338 / 4.640       ms
[34.308s][info   ][gc,stats]         Old Phase: Concurrent Reset Relocation Set               0.035 / 0.052         0.035 / 0.052         0.035 / 0.052         0.035 / 0.052       ms
[34.308s][info   ][gc,stats]         Old Phase: Concurrent Select Relocation Set              5.328 / 7.001         5.328 / 7.001         5.328 / 7.001         5.328 / 7.001       ms
[34.308s][info   ][gc,stats]      Old Subphase: Concurrent Classes Purge                      0.088 / 0.388         0.088 / 0.388         0.088 / 0.388         0.088 / 0.388       ms
[34.308s][info   ][gc,stats]      Old Subphase: Concurrent Classes Unlink                     0.934 / 1.076         0.934 / 1.076         0.934 / 1.076         0.934 / 1.076       ms
[34.308s][info   ][gc,stats]      Old Subphase: Concurrent Mark Follow                      297.017 / 344.914     297.017 / 344.914     297.017 / 344.914     297.017 / 344.914     ms
[34.308s][info   ][gc,stats]      Old Subphase: Concurrent Mark Root Colored                  0.029 / 0.054         0.029 / 0.054         0.029 / 0.054         0.029 / 0.054       ms
[34.308s][info   ][gc,stats]      Old Subphase: Concurrent Mark Root Uncolored                0.015 / 0.024         0.015 / 0.024         0.015 / 0.024         0.015 / 0.024       ms
[34.308s][info   ][gc,stats]      Old Subphase: Concurrent Mark Roots                         0.071 / 0.077         0.071 / 0.077         0.071 / 0.077         0.071 / 0.077       ms
[34.308s][info   ][gc,stats]      Old Subphase: Concurrent References Enqueue                 0.001 / 0.003         0.001 / 0.003         0.001 / 0.003         0.001 / 0.003       ms
[34.308s][info   ][gc,stats]      Old Subphase: Concurrent References Process                17.937 / 27.990       17.937 / 27.990       17.937 / 27.990       17.937 / 27.990      ms
[34.308s][info   ][gc,stats]      Old Subphase: Concurrent Remap Remembered                   2.945 / 4.272         2.945 / 4.272         2.945 / 4.272         2.945 / 4.272       ms
[34.308s][info   ][gc,stats]      Old Subphase: Concurrent Remap Roots Colored                0.071 / 0.084         0.071 / 0.084         0.071 / 0.084         0.071 / 0.084       ms
[34.308s][info   ][gc,stats]      Old Subphase: Concurrent Remap Roots Uncolored              0.284 / 0.303         0.284 / 0.303         0.284 / 0.303         0.284 / 0.303       ms
[34.308s][info   ][gc,stats]      Old Subphase: Concurrent Roots ClassLoaderDataGraph         0.034 / 0.052         0.034 / 0.052         0.034 / 0.052         0.034 / 0.052       ms
[34.308s][info   ][gc,stats]      Old Subphase: Concurrent Roots CodeCache                    0.281 / 0.301         0.281 / 0.301         0.281 / 0.301         0.281 / 0.301       ms
[34.308s][info   ][gc,stats]      Old Subphase: Concurrent Roots JavaThreads                  0.007 / 0.024         0.007 / 0.024         0.007 / 0.024         0.007 / 0.024       ms
[34.308s][info   ][gc,stats]      Old Subphase: Concurrent Roots OopStorageSet                0.003 / 0.008         0.003 / 0.008         0.003 / 0.008         0.003 / 0.008       ms
[34.308s][info   ][gc,stats]      Old Subphase: Concurrent Weak Roots OopStorageSet           0.044 / 0.064         0.044 / 0.064         0.044 / 0.064         0.044 / 0.064       ms
[34.308s][info   ][gc,stats]            System: Java Threads                                     11 / 11               11 / 11               11 / 11               11 / 11          threads
[34.308s][info   ][gc,stats]  Young Generation: Young Generation                              0.000 / 0.000         0.000 / 0.000         0.000 / 0.000         0.000 / 0.000       ms
[34.308s][info   ][gc,stats]  Young Generation: Young Generation                              0.000 / 0.000         0.000 / 0.000         0.000 / 0.000         0.000 / 0.000       ms
[34.308s][info   ][gc,stats]  Young Generation: Young Generation (Collect Roots)              2.328 / 3.896         2.328 / 3.896         2.328 / 3.896         2.328 / 3.896       ms
[34.308s][info   ][gc,stats]  Young Generation: Young Generation (Promote All)               75.159 / 329.665      75.159 / 329.665      75.159 / 329.665      75.159 / 329.665     ms
[34.308s][info   ][gc,stats]       Young Pause: Pause Mark End                                0.008 / 0.017         0.008 / 0.017         0.008 / 0.017         0.008 / 0.017       ms
[34.308s][info   ][gc,stats]       Young Pause: Pause Mark Start                              0.023 / 0.034         0.023 / 0.034         0.023 / 0.034         0.023 / 0.034       ms
[34.308s][info   ][gc,stats]       Young Pause: Pause Mark Start (Major)                      0.015 / 0.025         0.015 / 0.025         0.015 / 0.025         0.015 / 0.025       ms
[34.308s][info   ][gc,stats]       Young Pause: Pause Relocate Start                          0.004 / 0.014         0.004 / 0.014         0.004 / 0.014         0.004 / 0.014       ms
[34.308s][info   ][gc,stats]       Young Phase: Concurrent Mark                              24.355 / 195.649      24.355 / 195.649      24.355 / 195.649      24.355 / 195.649     ms
[34.308s][info   ][gc,stats]       Young Phase: Concurrent Mark Continue                      0.000 / 0.000         0.000 / 0.000         0.000 / 0.000         0.000 / 0.000       ms
[34.308s][info   ][gc,stats]       Young Phase: Concurrent Mark Free                          0.002 / 0.009         0.002 / 0.009         0.002 / 0.009         0.002 / 0.009       ms
[34.308s][info   ][gc,stats]       Young Phase: Concurrent Relocate                           7.182 / 71.473        7.182 / 71.473        7.182 / 71.473        7.182 / 71.473      ms
[34.308s][info   ][gc,stats]       Young Phase: Concurrent Reset Relocation Set               0.018 / 0.174         0.018 / 0.174         0.018 / 0.174         0.018 / 0.174       ms
[34.308s][info   ][gc,stats]       Young Phase: Concurrent Select Relocation Set              7.065 / 62.322        7.065 / 62.322        7.065 / 62.322        7.065 / 62.322      ms
[34.308s][info   ][gc,stats]    Young Subphase: Concurrent Mark Follow                       23.680 / 194.409      23.680 / 194.409      23.680 / 194.409      23.680 / 194.409     ms
[34.308s][info   ][gc,stats]    Young Subphase: Concurrent Mark Root Colored                  0.356 / 0.784         0.356 / 0.784         0.356 / 0.784         0.356 / 0.784       ms
[34.308s][info   ][gc,stats]    Young Subphase: Concurrent Mark Root Uncolored                0.285 / 0.409         0.285 / 0.409         0.285 / 0.409         0.285 / 0.409       ms
[34.308s][info   ][gc,stats]    Young Subphase: Concurrent Mark Roots                         0.673 / 1.237         0.673 / 1.237         0.673 / 1.237         0.673 / 1.237       ms
[34.308s][info   ][gc,stats]    Young Subphase: Concurrent Relocate Remset FP                 6.839 / 68.296        6.839 / 68.296        6.839 / 68.296        6.839 / 68.296      ms
[34.308s][info   ][gc,stats]    Young Subphase: Concurrent Roots ClassLoaderDataGraph         0.251 / 0.428         0.251 / 0.428         0.251 / 0.428         0.251 / 0.428       ms
[34.308s][info   ][gc,stats]    Young Subphase: Concurrent Roots CodeCache                    0.260 / 0.371         0.260 / 0.371         0.260 / 0.371         0.260 / 0.371       ms
[34.308s][info   ][gc,stats]    Young Subphase: Concurrent Roots JavaThreads                  0.013 / 0.116         0.013 / 0.116         0.013 / 0.116         0.013 / 0.116       ms
[34.308s][info   ][gc,stats]    Young Subphase: Concurrent Roots OopStorageSet                0.010 / 0.144         0.010 / 0.144         0.010 / 0.144         0.010 / 0.144       ms
[34.308s][info   ][gc,stats]    Young Subphase: Concurrent Weak Roots OopStorageSet           0.095 / 0.385         0.095 / 0.385         0.095 / 0.385         0.095 / 0.385       ms
[34.308s][info   ][gc,stats] =========================================================================================================================================================
