
=== Instance 3/8, outer iteration 3/8 (Variant weak_fields) ===

Affinity: allowed=24,25,26,27,28,29,30,31,32,33,34,35 jvm=24,25,26,27,28,29,30,31,32,33 aux=34,35
Benchmark args: 1100000000
Command: /gorilla/home/fredrha/SimplifyingWeakRefs/build/variant-images/weak_fields-linux-x86_64-server-release/jdk/bin/java -Xms160g -Xmx160g -XX:+UseZGC -Xlog:gc+stats,gc+ref -XX:InitialTenuringThreshold=1 -XX:MaxTenuringThreshold=1 -XX:ZCollectionIntervalMajor=0.5 -XX:+ZCollectionIntervalOnly -XX:NativeMemoryTracking=summary /gorilla/home/fredrha/SimplifyingWeakRefs/test/weakrefs/WeakFieldSingleObjectBenchmark.java 1100000000

[0.004s][warning][gc] ***** WARNING! INCORRECT SYSTEM CONFIGURATION DETECTED! *****
[0.004s][warning][gc] The system limit on number of memory mappings per process might be too low for the given
[0.004s][warning][gc] max Java heap size (163840M). Please adjust /proc/sys/vm/max_map_count to allow for at
[0.004s][warning][gc] least 294912 mappings (current limit is 65530). Continuing execution with the current
[0.004s][warning][gc] limit could lead to a premature OutOfMemoryError being thrown, due to failure to map memory.
[0.004s][info   ][gc,ref] Reference Processor created, Config: Weak field discovery
[38.404s][info   ][gc,ref] GC(0) O:                       Encountered   Discovered      Cleared 
[38.404s][info   ][gc,ref] GC(0) O: Soft References:                0            0            0 
[38.404s][info   ][gc,ref] GC(0) O: Weak References:                0            0            0 
[38.404s][info   ][gc,ref] GC(0) O: Weak Fields:                    0            0            0 
[38.404s][info   ][gc,ref] GC(0) O: Final References:               0            0            0 
[38.404s][info   ][gc,ref] GC(0) O: Phantom References:             0            0            0 
[38.924s][info   ][gc,ref] GC(1) O:                       Encountered   Discovered      Cleared 
[38.924s][info   ][gc,ref] GC(1) O: Soft References:              148            0            0 
[38.924s][info   ][gc,ref] GC(1) O: Weak References:              608            0            0 
[38.924s][info   ][gc,ref] GC(1) O: Weak Fields:                    0            0            0 
[38.924s][info   ][gc,ref] GC(1) O: Final References:               0            0            0 
[38.924s][info   ][gc,ref] GC(1) O: Phantom References:             1            0            0 
[39.440s][info   ][gc,ref] GC(2) O:                       Encountered   Discovered      Cleared 
[39.440s][info   ][gc,ref] GC(2) O: Soft References:              148            0            0 
[39.440s][info   ][gc,ref] GC(2) O: Weak References:              608            0            0 
[39.440s][info   ][gc,ref] GC(2) O: Weak Fields:                    0            0            0 
[39.440s][info   ][gc,ref] GC(2) O: Final References:               0            0            0 
[39.440s][info   ][gc,ref] GC(2) O: Phantom References:             1            0            0 
[39.963s][info   ][gc,ref] GC(3) O:                       Encountered   Discovered      Cleared 
[39.963s][info   ][gc,ref] GC(3) O: Soft References:              148            0            0 
[39.963s][info   ][gc,ref] GC(3) O: Weak References:              608          296          130 
[39.963s][info   ][gc,ref] GC(3) O: Weak Fields:                    0            0            0 
[39.963s][info   ][gc,ref] GC(3) O: Final References:               0            0            0 
[39.963s][info   ][gc,ref] GC(3) O: Phantom References:             1            1            0 
WeakFieldSingleObjectBenchmark: weakRefCount=1100000000 sleepMillis=500
[40.497s][info   ][gc,ref] GC(4) O:                       Encountered   Discovered      Cleared 
[40.498s][info   ][gc,ref] GC(4) O: Soft References:              238            0            0 
[40.498s][info   ][gc,ref] GC(4) O: Weak References:             1210          348            0 
[40.498s][info   ][gc,ref] GC(4) O: Weak Fields:                    0            0            0 
[40.498s][info   ][gc,ref] GC(4) O: Final References:               0            0            0 
[40.498s][info   ][gc,ref] GC(4) O: Phantom References:             1            1            0 
[41.061s][info   ][gc,ref] GC(5) O:                       Encountered   Discovered      Cleared 
[41.061s][info   ][gc,ref] GC(5) O: Soft References:              238            0            0 
[41.061s][info   ][gc,ref] GC(5) O: Weak References:             1210          255            0 
[41.061s][info   ][gc,ref] GC(5) O: Weak Fields:                    0            0            0 
[41.061s][info   ][gc,ref] GC(5) O: Final References:               0            0            0 
[41.061s][info   ][gc,ref] GC(5) O: Phantom References:             1            1            0 
[41.610s][info   ][gc,ref] GC(6) O:                       Encountered   Discovered      Cleared 
[41.610s][info   ][gc,ref] GC(6) O: Soft References:              237            0            0 
[41.610s][info   ][gc,ref] GC(6) O: Weak References:             1210         1032          203 
[41.610s][info   ][gc,ref] GC(6) O: Weak Fields:                    0            0            0 
[41.610s][info   ][gc,ref] GC(6) O: Final References:               0            0            0 
[41.610s][info   ][gc,ref] GC(6) O: Phantom References:             1            1            0 
[42.153s][info   ][gc,ref] GC(7) O:                       Encountered   Discovered      Cleared 
[42.153s][info   ][gc,ref] GC(7) O: Soft References:              237            0            0 
[42.153s][info   ][gc,ref] GC(7) O: Weak References:             1007          512            0 
[42.153s][info   ][gc,ref] GC(7) O: Weak Fields:                    0            0            0 
[42.153s][info   ][gc,ref] GC(7) O: Final References:               0            0            0 
[42.153s][info   ][gc,ref] GC(7) O: Phantom References:             1            0            0 
[42.694s][info   ][gc,ref] GC(8) O:                       Encountered   Discovered      Cleared 
[42.694s][info   ][gc,ref] GC(8) O: Soft References:              237            0            0 
[42.694s][info   ][gc,ref] GC(8) O: Weak References:             1007          490            0 
[42.694s][info   ][gc,ref] GC(8) O: Weak Fields:                    0            0            0 
[42.694s][info   ][gc,ref] GC(8) O: Final References:               0            0            0 
[42.694s][info   ][gc,ref] GC(8) O: Phantom References:             1            0            0 
[43.239s][info   ][gc,ref] GC(9) O:                       Encountered   Discovered      Cleared 
[43.239s][info   ][gc,ref] GC(9) O: Soft References:              237            0            0 
[43.239s][info   ][gc,ref] GC(9) O: Weak References:             1007          524            0 
[43.239s][info   ][gc,ref] GC(9) O: Weak Fields:                    0            0            0 
[43.239s][info   ][gc,ref] GC(9) O: Final References:               0            0            0 
[43.239s][info   ][gc,ref] GC(9) O: Phantom References:             1            0            0 
Phase 1: Allocating the single target object...
Phase 2: Allocating 1100000000 weak holders in random order...
[46.791s][info   ][gc,ref] GC(10) O:                       Encountered   Discovered      Cleared 
[46.791s][info   ][gc,ref] GC(10) O: Soft References:              238            0            0 
[46.791s][info   ][gc,ref] GC(10) O: Weak References:             1007          665            0 
[46.791s][info   ][gc,ref] GC(10) O: Weak Fields:                    0            0            0 
[46.791s][info   ][gc,ref] GC(10) O: Final References:               0            0            0 
[46.791s][info   ][gc,ref] GC(10) O: Phantom References:             1            1            0 
[50.397s][info   ][gc,ref] GC(11) O:                       Encountered   Discovered      Cleared 
[50.397s][info   ][gc,ref] GC(11) O: Soft References:              238            0            0 
[50.397s][info   ][gc,ref] GC(11) O: Weak References:             1007          196            0 
[50.397s][info   ][gc,ref] GC(11) O: Weak Fields:                    0            0            0 
[50.397s][info   ][gc,ref] GC(11) O: Final References:               0            0            0 
[50.397s][info   ][gc,ref] GC(11) O: Phantom References:             1            1            0 
[53.987s][info   ][gc,ref] GC(12) O:                       Encountered   Discovered      Cleared 
[53.987s][info   ][gc,ref] GC(12) O: Soft References:              238            0            0 
[53.987s][info   ][gc,ref] GC(12) O: Weak References:             1007          197            0 
[53.987s][info   ][gc,ref] GC(12) O: Weak Fields:                    0            0            0 
[53.987s][info   ][gc,ref] GC(12) O: Final References:               0            0            0 
[53.987s][info   ][gc,ref] GC(12) O: Phantom References:             1            1            0 
[57.576s][info   ][gc,ref] GC(13) O:                       Encountered   Discovered      Cleared 
[57.576s][info   ][gc,ref] GC(13) O: Soft References:              238            0            0 
[57.576s][info   ][gc,ref] GC(13) O: Weak References:             1007          856            0 
[57.576s][info   ][gc,ref] GC(13) O: Weak Fields:                    0            0            0 
[57.576s][info   ][gc,ref] GC(13) O: Final References:               0            0            0 
[57.576s][info   ][gc,ref] GC(13) O: Phantom References:             1            1            0 
[61.171s][info   ][gc,ref] GC(14) O:                       Encountered   Discovered      Cleared 
[61.171s][info   ][gc,ref] GC(14) O: Soft References:              238            0            0 
[61.171s][info   ][gc,ref] GC(14) O: Weak References:             1007          501            0 
[61.171s][info   ][gc,ref] GC(14) O: Weak Fields:                    0            0            0 
[61.171s][info   ][gc,ref] GC(14) O: Final References:               0            0            0 
[61.171s][info   ][gc,ref] GC(14) O: Phantom References:             1            0            0 
[64.769s][info   ][gc,ref] GC(15) O:                       Encountered   Discovered      Cleared 
[64.769s][info   ][gc,ref] GC(15) O: Soft References:              238            0            0 
[64.769s][info   ][gc,ref] GC(15) O: Weak References:             1007          493            0 
[64.769s][info   ][gc,ref] GC(15) O: Weak Fields:                    0            0            0 
[64.769s][info   ][gc,ref] GC(15) O: Final References:               0            0            0 
[64.769s][info   ][gc,ref] GC(15) O: Phantom References:             1            0            0 
[68.364s][info   ][gc,ref] GC(16) O:                       Encountered   Discovered      Cleared 
[68.364s][info   ][gc,ref] GC(16) O: Soft References:              238            0            0 
[68.364s][info   ][gc,ref] GC(16) O: Weak References:             1007          846            0 
[68.364s][info   ][gc,ref] GC(16) O: Weak Fields:                    0            0            0 
[68.364s][info   ][gc,ref] GC(16) O: Final References:               0            0            0 
[68.364s][info   ][gc,ref] GC(16) O: Phantom References:             1            1            0 
[71.959s][info   ][gc,ref] GC(17) O:                       Encountered   Discovered      Cleared 
[71.959s][info   ][gc,ref] GC(17) O: Soft References:              238            0            0 
[71.959s][info   ][gc,ref] GC(17) O: Weak References:             1007          512            0 
[71.959s][info   ][gc,ref] GC(17) O: Weak Fields:                    0            0            0 
[71.959s][info   ][gc,ref] GC(17) O: Final References:               0            0            0 
[71.959s][info   ][gc,ref] GC(17) O: Phantom References:             1            1            0 
[74.771s][info   ][gc,ref] GC(18) O:                       Encountered   Discovered      Cleared 
[74.771s][info   ][gc,ref] GC(18) O: Soft References:              238            0            0 
[74.771s][info   ][gc,ref] GC(18) O: Weak References:             1007          469            0 
[74.771s][info   ][gc,ref] GC(18) O: Weak Fields:                    0            0            0 
[74.771s][info   ][gc,ref] GC(18) O: Final References:               0            0            0 
[74.771s][info   ][gc,ref] GC(18) O: Phantom References:             1            1            0 
[82.925s][info   ][gc,ref] GC(19) O:                       Encountered   Discovered      Cleared 
[82.925s][info   ][gc,ref] GC(19) O: Soft References:              238            0            0 
[82.925s][info   ][gc,ref] GC(19) O: Weak References:             1007          480            0 
[82.925s][info   ][gc,ref] GC(19) O: Weak Fields:             16774530            0            0 
[82.925s][info   ][gc,ref] GC(19) O: Final References:               0            0            0 
[82.925s][info   ][gc,ref] GC(19) O: Phantom References:             1            0            0 
[113.636s][info   ][gc,ref] GC(20) O:                       Encountered   Discovered      Cleared 
[113.636s][info   ][gc,ref] GC(20) O: Soft References:              238            0            0 
[113.636s][info   ][gc,ref] GC(20) O: Weak References:             1007          829            0 
[113.636s][info   ][gc,ref] GC(20) O: Weak Fields:            129643040            0            0 
[113.636s][info   ][gc,ref] GC(20) O: Final References:               0            0            0 
[113.636s][info   ][gc,ref] GC(20) O: Phantom References:             1            1            0 
Allocated 1100000000 weak holders in 111.27 seconds
Phase 3: Sleeping for 500 ms (strong ref still held)...
Phase 4: Releasing the strong reference to the target object...
Phase 5: Triggering GC...
[213.352s][info   ][gc,ref] GC(21) O:                       Encountered   Discovered      Cleared 
[213.352s][info   ][gc,ref] GC(21) O: Soft References:              238            0            0 
[213.352s][info   ][gc,ref] GC(21) O: Weak References:             1007          670            0 
[213.352s][info   ][gc,ref] GC(21) O: Weak Fields:            549129571     16774530            0 
[213.352s][info   ][gc,ref] GC(21) O: Final References:               0            0            0 
[213.352s][info   ][gc,ref] GC(21) O: Phantom References:             1            1            0 
[654.800s][info   ][gc,ref] GC(22) O:                       Encountered   Discovered      Cleared 
[654.800s][info   ][gc,ref] GC(22) O: Soft References:              238            0            0 
[654.800s][info   ][gc,ref] GC(22) O: Weak References:             1007          895            0 
[654.800s][info   ][gc,ref] GC(22) O: Weak Fields:           1100000000   1100000000   1100000000 
[654.800s][info   ][gc,ref] GC(22) O: Final References:               0            0            0 
[654.800s][info   ][gc,ref] GC(22) O: Phantom References:             1            0            0 
Phase 6: Checking results...
Alive weak holders after GC: 0 / 1100000000
[764.831s][info   ][gc,stats] === Garbage Collection Statistics =======================================================================================================================
[764.831s][info   ][gc,stats]                                                              Last 10s              Last 10m              Last 10h                Total
[764.831s][info   ][gc,stats]                                                              Avg / Max             Avg / Max             Avg / Max             Avg / Max
[764.831s][info   ][gc,stats]        Contention: Mark Segment Reset Contention                     0 / 0                 0 / 3                 0 / 20                0 / 20          ops/s
[764.831s][info   ][gc,stats]        Contention: Mark SeqNum Reset Contention                      0 / 0                 0 / 1                 0 / 6                 0 / 6           ops/s
[764.831s][info   ][gc,stats]          Critical: Allocation Stall                                  0 / 0                 0 / 0                 0 / 0                 0 / 0           ops/s
[764.831s][info   ][gc,stats]          Critical: Allocation Stall                              0.000 / 0.000         0.000 / 0.000         0.000 / 0.000         0.000 / 0.000       ms
[764.831s][info   ][gc,stats]          Critical: JNI Critical Stall                                0 / 0                 0 / 0                 0 / 0                 0 / 0           ops/s
[764.831s][info   ][gc,stats]          Critical: JNI Critical Stall                            0.000 / 0.000         0.000 / 0.000         0.000 / 0.000         0.000 / 0.000       ms
[764.831s][info   ][gc,stats]          Critical: Relocation Stall                                  0 / 0                 0 / 0                 0 / 0                 0 / 0           ops/s
[764.831s][info   ][gc,stats]          Critical: Relocation Stall                              0.000 / 0.000         0.000 / 0.000         0.000 / 0.000         0.000 / 0.000       ms
[764.831s][info   ][gc,stats]  Major Collection: Major Collection                              0.000 / 0.000     270328.939 / 441448.215 26338.347 / 441448.215 26338.347 / 441448.215   ms
[764.831s][info   ][gc,stats]            Memory: Allocation Rate                                   0 / 0                 0 / 2                52 / 8486             52 / 8486        MB/s
[764.831s][info   ][gc,stats]            Memory: Defragment                                        0 / 0                 0 / 0                 0 / 0                 0 / 0           ops/s
[764.831s][info   ][gc,stats]            Memory: Mapped Cache Harvest                              0 / 0                 0 / 0                 0 / 0                 0 / 0           MB/s
[764.831s][info   ][gc,stats]            Memory: Out Of Memory                                     0 / 0                 0 / 0                 0 / 0                 0 / 0           ops/s
[764.831s][info   ][gc,stats]            Memory: Uncommit                                          0 / 0                 0 / 0                 0 / 0                 0 / 0           MB/s
[764.831s][info   ][gc,stats]            Memory: Undo Object Allocation Failed                     0 / 0                 0 / 0                 0 / 0                 0 / 0           ops/s
[764.831s][info   ][gc,stats]            Memory: Undo Object Allocation Succeeded                  0 / 0                 0 / 0                 0 / 2                 0 / 2           ops/s
[764.831s][info   ][gc,stats]            Memory: Undo Page Allocation                              0 / 0                 0 / 0                 0 / 0                 0 / 0           ops/s
[764.831s][info   ][gc,stats]  Minor Collection: Minor Collection                              0.000 / 0.000         0.000 / 0.000         0.000 / 0.000         0.000 / 0.000       ms
[764.831s][info   ][gc,stats]    Old Generation: Old Generation                                0.000 / 0.000     116064.387 / 218028.303 12049.878 / 218028.303 12049.878 / 218028.303   ms
[764.831s][info   ][gc,stats]         Old Pause: Pause Mark End                                0.000 / 0.000         0.014 / 0.014         0.010 / 0.015         0.010 / 0.015       ms
[764.831s][info   ][gc,stats]         Old Pause: Pause Relocate Start                          0.000 / 0.000         0.012 / 0.013         0.007 / 0.015         0.007 / 0.015       ms
[764.831s][info   ][gc,stats]         Old Phase: Concurrent Mark                               0.000 / 0.000     90101.492 / 172569.142  9476.032 / 172569.142  9476.032 / 172569.142   ms
[764.831s][info   ][gc,stats]         Old Phase: Concurrent Mark Continue                      0.000 / 0.000         0.000 / 0.000         0.000 / 0.000         0.000 / 0.000       ms
[764.831s][info   ][gc,stats]         Old Phase: Concurrent Mark Free                          0.000 / 0.000         0.004 / 0.005         0.002 / 0.005         0.002 / 0.005       ms
[764.831s][info   ][gc,stats]         Old Phase: Concurrent Process Non-Strong                 0.000 / 0.000     23028.631 / 45440.338  2003.538 / 45440.338  2003.538 / 45440.338   ms
[764.831s][info   ][gc,stats]         Old Phase: Concurrent Relocate                           0.000 / 0.000         1.198 / 1.420         1.053 / 2.913         1.053 / 2.913       ms
[764.831s][info   ][gc,stats]         Old Phase: Concurrent Remap Roots                        0.000 / 0.000      2931.091 / 5846.923    567.832 / 5846.923    567.832 / 5846.923    ms
[764.831s][info   ][gc,stats]         Old Phase: Concurrent Reset Relocation Set               0.000 / 0.000         0.001 / 0.001         0.001 / 0.001         0.001 / 0.001       ms
[764.831s][info   ][gc,stats]         Old Phase: Concurrent Select Relocation Set              0.000 / 0.000         1.856 / 2.477         1.230 / 2.477         1.230 / 2.477       ms
[764.831s][info   ][gc,stats]      Old Subphase: Concurrent Classes Purge                      0.000 / 0.000         0.742 / 1.467         0.082 / 1.467         0.082 / 1.467       ms
[764.831s][info   ][gc,stats]      Old Subphase: Concurrent Classes Unlink                     0.000 / 0.000         0.531 / 0.943         0.898 / 1.144         0.898 / 1.144       ms
[764.831s][info   ][gc,stats]      Old Subphase: Concurrent Mark Follow                        0.000 / 0.000     90101.389 / 172569.057  9475.954 / 172569.057  9475.954 / 172569.057   ms
[764.831s][info   ][gc,stats]      Old Subphase: Concurrent Mark Root Colored                  0.000 / 0.000         0.041 / 0.073         0.037 / 0.079         0.037 / 0.079       ms
[764.831s][info   ][gc,stats]      Old Subphase: Concurrent Mark Root Uncolored                0.000 / 0.000         0.027 / 0.063         0.019 / 0.063         0.019 / 0.063       ms
[764.831s][info   ][gc,stats]      Old Subphase: Concurrent Mark Roots                         0.000 / 0.000         0.097 / 0.116         0.077 / 0.116         0.077 / 0.116       ms
[764.831s][info   ][gc,stats]      Old Subphase: Concurrent References Enqueue                 0.000 / 0.000         0.000 / 0.000         0.000 / 0.002         0.000 / 0.002       ms
[764.831s][info   ][gc,stats]      Old Subphase: Concurrent References Process                 0.000 / 0.000     23027.092 / 45439.915  2002.408 / 45439.915  2002.408 / 45439.915   ms
[764.831s][info   ][gc,stats]      Old Subphase: Concurrent Remap Remembered                   0.000 / 0.000       983.508 / 5846.805    190.456 / 5846.805    190.456 / 5846.805    ms
[764.831s][info   ][gc,stats]      Old Subphase: Concurrent Remap Roots Colored                0.000 / 0.000         0.051 / 0.055         0.093 / 0.261         0.093 / 0.261       ms
[764.831s][info   ][gc,stats]      Old Subphase: Concurrent Remap Roots Uncolored              0.000 / 0.000         0.018 / 0.021         0.129 / 0.209         0.129 / 0.209       ms
[764.831s][info   ][gc,stats]      Old Subphase: Concurrent Roots ClassLoaderDataGraph         0.000 / 0.000         0.035 / 0.068         0.058 / 0.251         0.058 / 0.251       ms
[764.831s][info   ][gc,stats]      Old Subphase: Concurrent Roots CodeCache                    0.000 / 0.000         0.017 / 0.019         0.128 / 0.208         0.128 / 0.208       ms
[764.831s][info   ][gc,stats]      Old Subphase: Concurrent Roots JavaThreads                  0.000 / 0.000         0.012 / 0.063         0.007 / 0.063         0.007 / 0.063       ms
[764.831s][info   ][gc,stats]      Old Subphase: Concurrent Roots OopStorageSet                0.000 / 0.000         0.003 / 0.006         0.003 / 0.009         0.003 / 0.009       ms
[764.831s][info   ][gc,stats]      Old Subphase: Concurrent Weak Roots OopStorageSet           0.000 / 0.000         0.040 / 0.090         0.041 / 0.164         0.041 / 0.164       ms
[764.831s][info   ][gc,stats]            System: Java Threads                                      0 / 0                11 / 11               11 / 13               11 / 13          threads
[764.831s][info   ][gc,stats]  Young Generation: Young Generation                              0.000 / 0.000     42564.220 / 85109.063  4575.300 / 85109.063  4575.300 / 85109.063   ms
[764.831s][info   ][gc,stats]  Young Generation: Young Generation                              0.000 / 0.000         0.000 / 0.000         0.000 / 0.000         0.000 / 0.000       ms
[764.831s][info   ][gc,stats]  Young Generation: Young Generation (Collect Roots)              0.000 / 0.000     19824.911 / 19824.911 19824.911 / 19824.911 19824.911 / 19824.911   ms
[764.831s][info   ][gc,stats]  Young Generation: Young Generation (Promote All)                0.000 / 0.000     203594.855 / 203594.855 203594.855 / 203594.855 203594.855 / 203594.855   ms
[764.831s][info   ][gc,stats]       Young Pause: Pause Mark End                                0.000 / 0.000         0.013 / 0.014         0.011 / 0.015         0.011 / 0.015       ms
[764.831s][info   ][gc,stats]       Young Pause: Pause Mark Start                              0.000 / 0.000         0.013 / 0.013         0.013 / 0.013         0.013 / 0.013       ms
[764.831s][info   ][gc,stats]       Young Pause: Pause Mark Start (Major)                      0.000 / 0.000         0.021 / 0.021         0.020 / 0.031         0.020 / 0.031       ms
[764.831s][info   ][gc,stats]       Young Pause: Pause Relocate Start                          0.000 / 0.000         0.008 / 0.015         0.005 / 0.015         0.005 / 0.015       ms
[764.831s][info   ][gc,stats]       Young Phase: Concurrent Mark                               0.000 / 0.000     75282.710 / 196958.659 12841.478 / 196958.659 12841.478 / 196958.659   ms
[764.831s][info   ][gc,stats]       Young Phase: Concurrent Mark Continue                      0.000 / 0.000         0.000 / 0.000         0.000 / 0.000         0.000 / 0.000       ms
[764.831s][info   ][gc,stats]       Young Phase: Concurrent Mark Free                          0.000 / 0.000         0.002 / 0.003         0.002 / 0.004         0.002 / 0.004       ms
[764.831s][info   ][gc,stats]       Young Phase: Concurrent Relocate                           0.000 / 0.000      1167.573 / 4182.558    190.048 / 4182.558    190.048 / 4182.558    ms
[764.831s][info   ][gc,stats]       Young Phase: Concurrent Reset Relocation Set               0.000 / 0.000         0.946 / 3.306         0.152 / 3.306         0.152 / 3.306       ms
[764.831s][info   ][gc,stats]       Young Phase: Concurrent Select Relocation Set              0.000 / 0.000       685.634 / 2453.039    114.058 / 2453.039    114.058 / 2453.039    ms
[764.831s][info   ][gc,stats]    Young Subphase: Concurrent Mark Follow                        0.000 / 0.000     75282.229 / 196958.247 12840.810 / 196958.247 12840.810 / 196958.247   ms
[764.831s][info   ][gc,stats]    Young Subphase: Concurrent Mark Root Colored                  0.000 / 0.000         0.328 / 0.392         0.392 / 0.646         0.392 / 0.646       ms
[764.831s][info   ][gc,stats]    Young Subphase: Concurrent Mark Root Uncolored                0.000 / 0.000         0.057 / 0.063         0.226 / 0.472         0.226 / 0.472       ms
[764.831s][info   ][gc,stats]    Young Subphase: Concurrent Mark Roots                         0.000 / 0.000         0.411 / 0.479         0.666 / 1.074         0.666 / 1.074       ms
[764.831s][info   ][gc,stats]    Young Subphase: Concurrent Relocate Remset FP                 0.000 / 0.000      1167.547 / 4182.528    189.774 / 4182.528    189.774 / 4182.528    ms
[764.831s][info   ][gc,stats]    Young Subphase: Concurrent Roots ClassLoaderDataGraph         0.000 / 0.000         0.262 / 0.289         0.290 / 0.436         0.290 / 0.436       ms
[764.831s][info   ][gc,stats]    Young Subphase: Concurrent Roots CodeCache                    0.000 / 0.000         0.029 / 0.043         0.207 / 0.440         0.207 / 0.440       ms
[764.831s][info   ][gc,stats]    Young Subphase: Concurrent Roots JavaThreads                  0.000 / 0.000         0.013 / 0.063         0.014 / 0.302         0.014 / 0.302       ms
[764.831s][info   ][gc,stats]    Young Subphase: Concurrent Roots OopStorageSet                0.000 / 0.000         0.004 / 0.010         0.011 / 0.104         0.011 / 0.104       ms
[764.831s][info   ][gc,stats]    Young Subphase: Concurrent Weak Roots OopStorageSet           0.000 / 0.000         0.063 / 0.091         0.095 / 0.263         0.095 / 0.263       ms
[764.831s][info   ][gc,stats] =========================================================================================================================================================
